Build started 1/7/2026 2:47:29 PM.
     0>Terminal Logger was not used because the output is being redirected to a file.
       Process = "C:\Program Files\dotnet\dotnet.exe"
       MSBuild executable path = "C:\Program Files\dotnet\sdk\10.0.101\MSBuild.dll"
       Command line arguments = "C:\Program Files\dotnet\sdk\10.0.101\MSBuild.dll -maxcpucount --verbosity:m -tlp:default=auto --property:NuGetInteractive=false --restoreProperty:NuGetInteractive=false --restoreProperty:EnableDefaultCompileItems=false --restoreProperty:EnableDefaultEmbeddedResourceItems=false --restoreProperty:EnableDefaultNoneItems=false --verbosity:detailed FreshProduce.Api/FreshProduce.Api.csproj -consoleloggerparameters:Summary -restore -distributedlogger:Microsoft.DotNet.Cli.Commands.MSBuild.MSBuildLogger,C:\Program Files\dotnet\sdk\10.0.101\dotnet.dll*Microsoft.DotNet.Cli.Commands.MSBuild.MSBuildForwardingLogger,C:\Program Files\dotnet\sdk\10.0.101\dotnet.dll -nologo"
       Current directory = "D:\P.L\Flutter\fresh_produce_app"
       MSBuild version = "18.0.6+fad253f51"
       Based on the Windows registry key LongPathsEnabled, the LongPaths feature is disabled.
       Based on the Windows registry key VerifiedAndReputablePolicyState, SAC state = 0: turned off.
       The SDK "Microsoft.NET.Sdk.Web" was successfully resolved by the "DefaultSdkResolver" resolver to location "C:\Program Files\dotnet\sdk\10.0.101\Sdks\Microsoft.NET.Sdk.Web\Sdk" and version "".
       Assembly loaded during Evaluation: NuGet.Frameworks, Version=7.0.0.0, Culture=neutral, PublicKeyToken=31bf3856ad364e35 (location: C:\Program Files\dotnet\sdk\10.0.101\NuGet.Frameworks.dll, MVID: e913a35d-983d-474c-b844-7b99e57f87c3, AssemblyLoadContext: Assembly.LoadFile(C:\Program Files\dotnet\sdk\10.0.101\NuGet.Frameworks.dll))
       The SDK "Microsoft.NET.Sdk" was successfully resolved by the "DefaultSdkResolver" resolver to location "C:\Program Files\dotnet\sdk\10.0.101\Sdks\Microsoft.NET.Sdk\Sdk" and version "".
       C:\Program Files\dotnet\sdk\10.0.101\Sdks\Microsoft.NET.Sdk\Sdk\Sdk.props(49,11): message : Property 'MSBuildExtensionsPath' with value 'C:\Program Files\dotnet\sdk\10.0.101\' expanded from the environment.
       C:\Program Files\dotnet\sdk\10.0.101\Current\Microsoft.Common.props(60,5): message : Property reassignment: $(MSBuildProjectExtensionsPath)="D:\P.L\Flutter\fresh_produce_app\FreshProduce.Api\obj\" (previous value: "obj\") at C:\Program Files\dotnet\sdk\10.0.101\Current\Microsoft.Common.props (60,5)
       C:\Program Files\dotnet\sdk\10.0.101\Current\Microsoft.Common.props(84,119): message : Property 'MSBuildUserExtensionsPath' with value 'C:\Users\Dell\AppData\Local\Microsoft\MSBuild' expanded from the environment.
       Assembly loaded during Evaluation: System.Threading.Tasks.Parallel, Version=10.0.0.0, Culture=neutral, PublicKeyToken=b03f5f7f11d50a3a (location: C:\Program Files\dotnet\shared\Microsoft.NETCore.App\10.0.1\System.Threading.Tasks.Parallel.dll, MVID: c0c31281-a1da-475c-91e3-f539049c5ef1, AssemblyLoadContext: Default)
       C:\Program Files\dotnet\sdk\10.0.101\Sdks\Microsoft.NET.Sdk\targets\Microsoft.NET.Sdk.props(90,5): message : Property reassignment: $(AssemblySearchPaths)="{CandidateAssemblyFiles};{HintPathFromItem}" (previous value: "{CandidateAssemblyFiles}") at C:\Program Files\dotnet\sdk\10.0.101\Sdks\Microsoft.NET.Sdk\targets\Microsoft.NET.Sdk.props (90,5)
       C:\Program Files\dotnet\sdk\10.0.101\Sdks\Microsoft.NET.Sdk\targets\Microsoft.NET.Sdk.props(91,5): message : Property reassignment: $(AssemblySearchPaths)="{CandidateAssemblyFiles};{HintPathFromItem};{TargetFrameworkDirectory}" (previous value: "{CandidateAssemblyFiles};{HintPathFromItem}") at C:\Program Files\dotnet\sdk\10.0.101\Sdks\Microsoft.NET.Sdk\targets\Microsoft.NET.Sdk.props (91,5)
       C:\Program Files\dotnet\sdk\10.0.101\Sdks\Microsoft.NET.Sdk\targets\Microsoft.NET.Sdk.props(92,5): message : Property reassignment: $(AssemblySearchPaths)="{CandidateAssemblyFiles};{HintPathFromItem};{TargetFrameworkDirectory};{RawFileName}" (previous value: "{CandidateAssemblyFiles};{HintPathFromItem};{TargetFrameworkDirectory}") at C:\Program Files\dotnet\sdk\10.0.101\Sdks\Microsoft.NET.Sdk\targets\Microsoft.NET.Sdk.props (92,5)
       The "DefaultSdkResolver" resolver attempted to resolve the SDK "Microsoft.NET.SDK.WorkloadAutoImportPropsLocator".
       Warnings: null
       Errors: MSB4276: The default SDK resolver failed to resolve SDK "Microsoft.NET.SDK.WorkloadAutoImportPropsLocator" because directory "C:\Program Files\dotnet\sdk\10.0.101\Sdks\Microsoft.NET.SDK.WorkloadAutoImportPropsLocator\Sdk" did not exist.
       Assembly loaded during Evaluation: Microsoft.Build.NuGetSdkResolver, Version=7.0.0.0, Culture=neutral, PublicKeyToken=31bf3856ad364e35 (location: C:\Program Files\dotnet\sdk\10.0.101\Microsoft.Build.NuGetSdkResolver.dll, MVID: 3aed13f2-41a4-4f79-9ae7-f91c942ed8e5, AssemblyLoadContext: MSBuild plugin C:\Program Files\dotnet\sdk\10.0.101\Microsoft.Build.NuGetSdkResolver.dll)
       Assembly loaded during Evaluation: System.Reflection.Metadata, Version=10.0.0.0, Culture=neutral, PublicKeyToken=b03f5f7f11d50a3a (location: C:\Program Files\dotnet\shared\Microsoft.NETCore.App\10.0.1\System.Reflection.Metadata.dll, MVID: 3dffb579-478e-4936-a66f-3cf5f722eefe, AssemblyLoadContext: Default)
       Assembly loaded during Evaluation: NuGet.Common, Version=7.0.0.0, Culture=neutral, PublicKeyToken=31bf3856ad364e35 (location: C:\Program Files\dotnet\sdk\10.0.101\NuGet.Common.dll, MVID: e68f94a8-8ead-49da-8d66-ddbffff51250, AssemblyLoadContext: MSBuild plugin C:\Program Files\dotnet\sdk\10.0.101\Microsoft.Build.NuGetSdkResolver.dll)
       Assembly loaded during Evaluation: Microsoft.NET.Sdk.WorkloadMSBuildSdkResolver, Version=10.0.101.0, Culture=neutral, PublicKeyToken=31bf3856ad364e35 (location: C:\Program Files\dotnet\sdk\10.0.101\Microsoft.NET.Sdk.WorkloadMSBuildSdkResolver.dll, MVID: 5c8a4c6d-b406-4bd0-9e3f-8370848cd2cb, AssemblyLoadContext: MSBuild plugin C:\Program Files\dotnet\sdk\10.0.101\Microsoft.NET.Sdk.WorkloadMSBuildSdkResolver.dll)
       Assembly loaded during Evaluation: Microsoft.DotNet.Cli.Utils, Version=10.0.101.0, Culture=neutral, PublicKeyToken=adb9793829ddae60 (location: C:\Program Files\dotnet\sdk\10.0.101\Microsoft.DotNet.Cli.Utils.dll, MVID: 0a4ee92c-4a3d-4297-a04d-19c4cdd0f8a2, AssemblyLoadContext: MSBuild plugin C:\Program Files\dotnet\sdk\10.0.101\Microsoft.NET.Sdk.WorkloadMSBuildSdkResolver.dll)
       Assembly loaded during Evaluation: Microsoft.NET.Sdk.WorkloadManifestReader, Version=10.0.101.0, Culture=neutral, PublicKeyToken=adb9793829ddae60 (location: C:\Program Files\dotnet\sdk\10.0.101\Microsoft.NET.Sdk.WorkloadManifestReader.dll, MVID: 2c78410a-8ec2-4806-a829-c831cba84d97, AssemblyLoadContext: MSBuild plugin C:\Program Files\dotnet\sdk\10.0.101\Microsoft.NET.Sdk.WorkloadMSBuildSdkResolver.dll)
       Assembly loaded during Evaluation: Microsoft.Deployment.DotNet.Releases, Version=2.0.0.0, Culture=neutral, PublicKeyToken=31bf3856ad364e35 (location: C:\Program Files\dotnet\sdk\10.0.101\Microsoft.Deployment.DotNet.Releases.dll, MVID: aefc5383-75f2-4916-ba9b-f020105d50e8, AssemblyLoadContext: MSBuild plugin C:\Program Files\dotnet\sdk\10.0.101\Microsoft.NET.Sdk.WorkloadMSBuildSdkResolver.dll)
       The SDK "Microsoft.NET.SDK.WorkloadAutoImportPropsLocator" was successfully resolved by the "Microsoft.DotNet.MSBuildWorkloadSdkResolver" resolver to location "null" and version "null".
       The SDK "Microsoft.NET.Sdk.Razor" was successfully resolved by the "DefaultSdkResolver" resolver to location "C:\Program Files\dotnet\sdk\10.0.101\Sdks\Microsoft.NET.Sdk.Razor\Sdk" and version "".
       The SDK "Microsoft.NET.Sdk.StaticWebAssets" was successfully resolved by the "DefaultSdkResolver" resolver to location "C:\Program Files\dotnet\sdk\10.0.101\Sdks\Microsoft.NET.Sdk.StaticWebAssets\Sdk" and version "".
       C:\Program Files\dotnet\sdk\10.0.101\Sdks\Microsoft.NET.Sdk.StaticWebAssets\Sdk\Sdk.StaticWebAssets.StaticAssets.ProjectSystem.props(23,5): message : Property reassignment: $(DefaultItemExcludes)=";**\node_modules\**;node_modules\**;**\jspm_packages\**;jspm_packages\**" (previous value: ";**\node_modules\**;node_modules\**") at C:\Program Files\dotnet\sdk\10.0.101\Sdks\Microsoft.NET.Sdk.StaticWebAssets\Sdk\Sdk.StaticWebAssets.StaticAssets.ProjectSystem.props (23,5)
       C:\Program Files\dotnet\sdk\10.0.101\Sdks\Microsoft.NET.Sdk.StaticWebAssets\Sdk\Sdk.StaticWebAssets.StaticAssets.ProjectSystem.props(24,5): message : Property reassignment: $(DefaultItemExcludes)=";**\node_modules\**;node_modules\**;**\jspm_packages\**;jspm_packages\**;**\bower_components\**;bower_components\**" (previous value: ";**\node_modules\**;node_modules\**;**\jspm_packages\**;jspm_packages\**") at C:\Program Files\dotnet\sdk\10.0.101\Sdks\Microsoft.NET.Sdk.StaticWebAssets\Sdk\Sdk.StaticWebAssets.StaticAssets.ProjectSystem.props (24,5)
       C:\Program Files\dotnet\sdk\10.0.101\Sdks\Microsoft.NET.Sdk.StaticWebAssets\Sdk\Sdk.StaticWebAssets.StaticAssets.ProjectSystem.props(25,5): message : Property reassignment: $(DefaultItemExcludes)=";**\node_modules\**;node_modules\**;**\jspm_packages\**;jspm_packages\**;**\bower_components\**;bower_components\**;**\packages.lock.json" (previous value: ";**\node_modules\**;node_modules\**;**\jspm_packages\**;jspm_packages\**;**\bower_components\**;bower_components\**") at C:\Program Files\dotnet\sdk\10.0.101\Sdks\Microsoft.NET.Sdk.StaticWebAssets\Sdk\Sdk.StaticWebAssets.StaticAssets.ProjectSystem.props (25,5)
       The SDK "Microsoft.NET.Sdk.Web.ProjectSystem" was successfully resolved by the "DefaultSdkResolver" resolver to location "C:\Program Files\dotnet\sdk\10.0.101\Sdks\Microsoft.NET.Sdk.Web.ProjectSystem\Sdk" and version "".
       C:\Program Files\dotnet\sdk\10.0.101\Sdks\Microsoft.NET.Sdk.Web.ProjectSystem\targets\Microsoft.NET.Sdk.Web.ProjectSystem.props(16,5): message : Property reassignment: $(OutputType)="Exe" (previous value: "Library") at C:\Program Files\dotnet\sdk\10.0.101\Sdks\Microsoft.NET.Sdk.Web.ProjectSystem\targets\Microsoft.NET.Sdk.Web.ProjectSystem.props (16,5)
       The SDK "Microsoft.NET.Sdk.Publish" was successfully resolved by the "DefaultSdkResolver" resolver to location "C:\Program Files\dotnet\sdk\10.0.101\Sdks\Microsoft.NET.Sdk.Publish\Sdk" and version "".
       C:\Program Files\dotnet\sdk\10.0.101\Sdks\Microsoft.NET.Sdk\targets\Microsoft.NET.Sdk.ImportPublishProfile.targets(28,5): message : Property reassignment: $(PublishProfileImported)="false" (previous value: "true") at C:\Program Files\dotnet\sdk\10.0.101\Sdks\Microsoft.NET.Sdk\targets\Microsoft.NET.Sdk.ImportPublishProfile.targets (28,5)
       C:\Program Files\dotnet\sdk\10.0.101\Sdks\Microsoft.NET.Sdk\targets\Microsoft.NET.TargetFrameworkInference.targets(81,5): message : Property reassignment: $(TargetPlatformVersion)="" (previous value: "0.0") at C:\Program Files\dotnet\sdk\10.0.101\Sdks\Microsoft.NET.Sdk\targets\Microsoft.NET.TargetFrameworkInference.targets (81,5)
       C:\Program Files\dotnet\sdk\10.0.101\Sdks\Microsoft.NET.Sdk\targets\Microsoft.NET.DefaultOutputPaths.targets(126,5): message : Property reassignment: $(DefaultItemExcludes)=";**\node_modules\**;node_modules\**;**\jspm_packages\**;jspm_packages\**;**\bower_components\**;bower_components\**;**\packages.lock.json;bin\Debug\/**" (previous value: ";**\node_modules\**;node_modules\**;**\jspm_packages\**;jspm_packages\**;**\bower_components\**;bower_components\**;**\packages.lock.json") at C:\Program Files\dotnet\sdk\10.0.101\Sdks\Microsoft.NET.Sdk\targets\Microsoft.NET.DefaultOutputPaths.targets (126,5)
       C:\Program Files\dotnet\sdk\10.0.101\Sdks\Microsoft.NET.Sdk\targets\Microsoft.NET.DefaultOutputPaths.targets(127,5): message : Property reassignment: $(DefaultItemExcludes)=";**\node_modules\**;node_modules\**;**\jspm_packages\**;jspm_packages\**;**\bower_components\**;bower_components\**;**\packages.lock.json;bin\Debug\/**;obj\Debug\/**" (previous value: ";**\node_modules\**;node_modules\**;**\jspm_packages\**;jspm_packages\**;**\bower_components\**;bower_components\**;**\packages.lock.json;bin\Debug\/**") at C:\Program Files\dotnet\sdk\10.0.101\Sdks\Microsoft.NET.Sdk\targets\Microsoft.NET.DefaultOutputPaths.targets (127,5)
       C:\Program Files\dotnet\sdk\10.0.101\Sdks\Microsoft.NET.Sdk\targets\Microsoft.NET.DefaultOutputPaths.targets(142,5): message : Property reassignment: $(OutputPath)="bin\Debug\net9.0\" (previous value: "bin\Debug\") at C:\Program Files\dotnet\sdk\10.0.101\Sdks\Microsoft.NET.Sdk\targets\Microsoft.NET.DefaultOutputPaths.targets (142,5)
       C:\Program Files\dotnet\sdk\10.0.101\Sdks\Microsoft.NET.Sdk\targets\Microsoft.NET.DefaultOutputPaths.targets(147,5): message : Property reassignment: $(IntermediateOutputPath)="obj\Debug\net9.0\" (previous value: "obj\Debug\") at C:\Program Files\dotnet\sdk\10.0.101\Sdks\Microsoft.NET.Sdk\targets\Microsoft.NET.DefaultOutputPaths.targets (147,5)
       The "DefaultSdkResolver" resolver attempted to resolve the SDK "Microsoft.NET.SDK.WorkloadManifestTargetsLocator".
       Warnings: null
       Errors: MSB4276: The default SDK resolver failed to resolve SDK "Microsoft.NET.SDK.WorkloadManifestTargetsLocator" because directory "C:\Program Files\dotnet\sdk\10.0.101\Sdks\Microsoft.NET.SDK.WorkloadManifestTargetsLocator\Sdk" did not exist.
       The SDK "Microsoft.NET.SDK.WorkloadManifestTargetsLocator" was successfully resolved by the "Microsoft.DotNet.MSBuildWorkloadSdkResolver" resolver to location "C:\Program Files\dotnet\sdk-manifests\10.0.100\microsoft.net.sdk.android\36.1.2" and version "null".
       C:\Program Files\dotnet\sdk\10.0.101\Sdks\Microsoft.NET.Sdk\targets\Microsoft.NET.Sdk.BeforeCommon.targets(371,5): message : Property reassignment: $(RoslynTargetsPath)="C:\Program Files\dotnet\sdk\10.0.101\Sdks\Microsoft.NET.Sdk\targets\..\..\..\Roslyn" (previous value: "C:\Program Files\dotnet\sdk\10.0.101\Roslyn") at C:\Program Files\dotnet\sdk\10.0.101\Sdks\Microsoft.NET.Sdk\targets\Microsoft.NET.Sdk.BeforeCommon.targets (371,5)
       C:\Program Files\dotnet\sdk\10.0.101\Roslyn\Microsoft.Managed.Core.targets(6,5): message : Property reassignment: $(_BuildTasksDirectory)="C:\Program Files\dotnet\sdk\10.0.101\Sdks\Microsoft.NET.Sdk\targets\..\..\..\Roslyn\" (previous value: "C:\Program Files\dotnet\sdk\10.0.101\Roslyn\") at C:\Program Files\dotnet\sdk\10.0.101\Roslyn\Microsoft.Managed.Core.targets (6,5)
       C:\Program Files\dotnet\sdk\10.0.101\Roslyn\Microsoft.CSharp.Core.targets(200,5): message : Property reassignment: $(CommandLineArgsForDesignTimeEvaluation)="-langversion:13.0 -define:TRACE" (previous value: "-langversion:13.0") at C:\Program Files\dotnet\sdk\10.0.101\Roslyn\Microsoft.CSharp.Core.targets (200,5)
       Assembly loaded during Evaluation: Microsoft.Build.Utilities.Core, Version=15.1.0.0, Culture=neutral, PublicKeyToken=b03f5f7f11d50a3a (location: C:\Program Files\dotnet\sdk\10.0.101\Microsoft.Build.Utilities.Core.dll, MVID: 0ce0dd4f-98bd-4767-bc61-9eb82d6f94a6, AssemblyLoadContext: Default)
       C:\Program Files\dotnet\sdk\10.0.101\Microsoft.Common.CurrentVersion.targets(175,5): message : Property reassignment: $(_DebugSymbolsProduced)="true" (previous value: "false") at C:\Program Files\dotnet\sdk\10.0.101\Microsoft.Common.CurrentVersion.targets (175,5)
       C:\Program Files\dotnet\sdk\10.0.101\Microsoft.Common.CurrentVersion.targets(185,5): message : Property reassignment: $(_DocumentationFileProduced)="false" (previous value: "true") at C:\Program Files\dotnet\sdk\10.0.101\Microsoft.Common.CurrentVersion.targets (185,5)
       C:\Program Files\dotnet\sdk\10.0.101\Microsoft.Common.CurrentVersion.targets(392,5): message : Property reassignment: $(MSBuildCopyMarkerName)="FreshPro.72E9DB78" (previous value: "FreshProduce.Api.csproj") at C:\Program Files\dotnet\sdk\10.0.101\Microsoft.Common.CurrentVersion.targets (392,5)
       C:\Program Files\dotnet\sdk\10.0.101\Microsoft.Common.CurrentVersion.targets(393,5): message : Property reassignment: $(MSBuildCopyMarkerName)="FreshPro.72E9DB78.Up2Date" (previous value: "FreshPro.72E9DB78") at C:\Program Files\dotnet\sdk\10.0.101\Microsoft.Common.CurrentVersion.targets (393,5)
       C:\Program Files\dotnet\sdk\10.0.101\Microsoft.Common.CurrentVersion.targets(541,5): message : Property reassignment: $(ProcessorArchitecture)="msil" (previous value: "") at C:\Program Files\dotnet\sdk\10.0.101\Microsoft.Common.CurrentVersion.targets (541,5)
       C:\Program Files\dotnet\sdk\10.0.101\Microsoft.Common.CurrentVersion.targets(580,5): message : Property reassignment: $(DelaySign)="" (previous value: "false") at C:\Program Files\dotnet\sdk\10.0.101\Microsoft.Common.CurrentVersion.targets (580,5)
       C:\Program Files\dotnet\sdk\10.0.101\Microsoft.Common.CurrentVersion.targets(2606,5): message : Property 'LOCALAPPDATA' with value 'C:\Users\Dell\AppData\Local' expanded from the environment.
       C:\Program Files\dotnet\sdk\10.0.101\Microsoft.Common.CurrentVersion.targets(3934,5): message : Property reassignment: $(_SGenGenerateSerializationAssembliesConfig)="Auto" (previous value: "") at C:\Program Files\dotnet\sdk\10.0.101\Microsoft.Common.CurrentVersion.targets (3934,5)
       C:\Program Files\dotnet\sdk\10.0.101\Microsoft.Common.CurrentVersion.targets(3935,5): message : Property reassignment: $(_SGenGenerateSerializationAssembliesConfig)="Off" (previous value: "Auto") at C:\Program Files\dotnet\sdk\10.0.101\Microsoft.Common.CurrentVersion.targets (3935,5)
       C:\Program Files\dotnet\sdk\10.0.101\Microsoft.Common.CurrentVersion.targets(5146,5): message : Property reassignment: $(_TargetsThatPrepareProjectReferences)="
       C:\Program Files\dotnet\sdk\10.0.101\Microsoft.Common.CurrentVersion.targets(5146,5): message :       AssignProjectConfiguration;
       C:\Program Files\dotnet\sdk\10.0.101\Microsoft.Common.CurrentVersion.targets(5146,5): message :       _SplitProjectReferencesByFileExistence
       C:\Program Files\dotnet\sdk\10.0.101\Microsoft.Common.CurrentVersion.targets(5146,5): message :     " (previous value: "_SplitProjectReferencesByFileExistence") at C:\Program Files\dotnet\sdk\10.0.101\Microsoft.Common.CurrentVersion.targets (5146,5)
       C:\Program Files\dotnet\sdk\10.0.101\Microsoft.Common.CurrentVersion.targets(6959,5): message : Property 'MSBuildExtensionsPath32' with value 'C:\Program Files\dotnet\sdk\10.0.101' expanded from the environment.
       The "NuGetInteractive" property is a global property, and cannot be modified.
       C:\Program Files\dotnet\sdk\10.0.101\Sdks\Microsoft.NET.Sdk\targets\Microsoft.PackageDependencyResolution.targets(24,5): message : Property reassignment: $(ProjectAssetsFile)="D:\P.L\Flutter\fresh_produce_app\FreshProduce.Api\obj\project.assets.json" (previous value: "D:\P.L\Flutter\fresh_produce_app\FreshProduce.Api\obj\/project.assets.json") at C:\Program Files\dotnet\sdk\10.0.101\Sdks\Microsoft.NET.Sdk\targets\Microsoft.PackageDependencyResolution.targets (24,5)
       C:\Program Files\dotnet\sdk\10.0.101\Sdks\Microsoft.NET.Sdk\targets\Microsoft.PackageDependencyResolution.targets(29,5): message : Property reassignment: $(ProjectAssetsCacheFile)="D:\P.L\Flutter\fresh_produce_app\FreshProduce.Api\obj\Debug\net9.0\FreshProduce.Api.assets.cache" (previous value: "obj\Debug\net9.0\FreshProduce.Api.assets.cache") at C:\Program Files\dotnet\sdk\10.0.101\Sdks\Microsoft.NET.Sdk\targets\Microsoft.PackageDependencyResolution.targets (29,5)
       C:\Program Files\dotnet\sdk\10.0.101\Sdks\Microsoft.NET.Sdk\targets\Microsoft.PackageDependencyResolution.targets(80,5): message : Property reassignment: $(ResolveAssemblyReferencesDependsOn)="
       C:\Program Files\dotnet\sdk\10.0.101\Sdks\Microsoft.NET.Sdk\targets\Microsoft.PackageDependencyResolution.targets(80,5): message :       
       C:\Program Files\dotnet\sdk\10.0.101\Sdks\Microsoft.NET.Sdk\targets\Microsoft.PackageDependencyResolution.targets(80,5): message :       ResolveProjectReferences;
       C:\Program Files\dotnet\sdk\10.0.101\Sdks\Microsoft.NET.Sdk\targets\Microsoft.PackageDependencyResolution.targets(80,5): message :       FindInvalidProjectReferences;
       C:\Program Files\dotnet\sdk\10.0.101\Sdks\Microsoft.NET.Sdk\targets\Microsoft.PackageDependencyResolution.targets(80,5): message :       GetFrameworkPaths;
       C:\Program Files\dotnet\sdk\10.0.101\Sdks\Microsoft.NET.Sdk\targets\Microsoft.PackageDependencyResolution.targets(80,5): message :       GetReferenceAssemblyPaths;
       C:\Program Files\dotnet\sdk\10.0.101\Sdks\Microsoft.NET.Sdk\targets\Microsoft.PackageDependencyResolution.targets(80,5): message :       PrepareForBuild;
       C:\Program Files\dotnet\sdk\10.0.101\Sdks\Microsoft.NET.Sdk\targets\Microsoft.PackageDependencyResolution.targets(80,5): message :       ResolveSDKReferences;
       C:\Program Files\dotnet\sdk\10.0.101\Sdks\Microsoft.NET.Sdk\targets\Microsoft.PackageDependencyResolution.targets(80,5): message :       ExpandSDKReferences;
       C:\Program Files\dotnet\sdk\10.0.101\Sdks\Microsoft.NET.Sdk\targets\Microsoft.PackageDependencyResolution.targets(80,5): message :     ;
       C:\Program Files\dotnet\sdk\10.0.101\Sdks\Microsoft.NET.Sdk\targets\Microsoft.PackageDependencyResolution.targets(80,5): message :       ResolvePackageDependenciesForBuild;
       C:\Program Files\dotnet\sdk\10.0.101\Sdks\Microsoft.NET.Sdk\targets\Microsoft.PackageDependencyResolution.targets(80,5): message :       _HandlePackageFileConflicts;
       C:\Program Files\dotnet\sdk\10.0.101\Sdks\Microsoft.NET.Sdk\targets\Microsoft.PackageDependencyResolution.targets(80,5): message :     " (previous value: "
       C:\Program Files\dotnet\sdk\10.0.101\Sdks\Microsoft.NET.Sdk\targets\Microsoft.PackageDependencyResolution.targets(80,5): message :       ResolveProjectReferences;
       C:\Program Files\dotnet\sdk\10.0.101\Sdks\Microsoft.NET.Sdk\targets\Microsoft.PackageDependencyResolution.targets(80,5): message :       FindInvalidProjectReferences;
       C:\Program Files\dotnet\sdk\10.0.101\Sdks\Microsoft.NET.Sdk\targets\Microsoft.PackageDependencyResolution.targets(80,5): message :       GetFrameworkPaths;
       C:\Program Files\dotnet\sdk\10.0.101\Sdks\Microsoft.NET.Sdk\targets\Microsoft.PackageDependencyResolution.targets(80,5): message :       GetReferenceAssemblyPaths;
       C:\Program Files\dotnet\sdk\10.0.101\Sdks\Microsoft.NET.Sdk\targets\Microsoft.PackageDependencyResolution.targets(80,5): message :       PrepareForBuild;
       C:\Program Files\dotnet\sdk\10.0.101\Sdks\Microsoft.NET.Sdk\targets\Microsoft.PackageDependencyResolution.targets(80,5): message :       ResolveSDKReferences;
       C:\Program Files\dotnet\sdk\10.0.101\Sdks\Microsoft.NET.Sdk\targets\Microsoft.PackageDependencyResolution.targets(80,5): message :       ExpandSDKReferences;
       C:\Program Files\dotnet\sdk\10.0.101\Sdks\Microsoft.NET.Sdk\targets\Microsoft.PackageDependencyResolution.targets(80,5): message :     ") at C:\Program Files\dotnet\sdk\10.0.101\Sdks\Microsoft.NET.Sdk\targets\Microsoft.PackageDependencyResolution.targets (80,5)
       C:\Program Files\dotnet\sdk\10.0.101\Sdks\Microsoft.NET.Sdk\targets\Microsoft.PackageDependencyResolution.targets(86,5): message : Property reassignment: $(PrepareResourcesDependsOn)="
       C:\Program Files\dotnet\sdk\10.0.101\Sdks\Microsoft.NET.Sdk\targets\Microsoft.PackageDependencyResolution.targets(86,5): message :       ResolvePackageDependenciesForBuild;
       C:\Program Files\dotnet\sdk\10.0.101\Sdks\Microsoft.NET.Sdk\targets\Microsoft.PackageDependencyResolution.targets(86,5): message :       _HandlePackageFileConflicts;
       C:\Program Files\dotnet\sdk\10.0.101\Sdks\Microsoft.NET.Sdk\targets\Microsoft.PackageDependencyResolution.targets(86,5): message :       
       C:\Program Files\dotnet\sdk\10.0.101\Sdks\Microsoft.NET.Sdk\targets\Microsoft.PackageDependencyResolution.targets(86,5): message :       ;
       C:\Program Files\dotnet\sdk\10.0.101\Sdks\Microsoft.NET.Sdk\targets\Microsoft.PackageDependencyResolution.targets(86,5): message :       PrepareResourceNames;
       C:\Program Files\dotnet\sdk\10.0.101\Sdks\Microsoft.NET.Sdk\targets\Microsoft.PackageDependencyResolution.targets(86,5): message :       ResGen;
       C:\Program Files\dotnet\sdk\10.0.101\Sdks\Microsoft.NET.Sdk\targets\Microsoft.PackageDependencyResolution.targets(86,5): message :       CompileLicxFiles
       C:\Program Files\dotnet\sdk\10.0.101\Sdks\Microsoft.NET.Sdk\targets\Microsoft.PackageDependencyResolution.targets(86,5): message :     
       C:\Program Files\dotnet\sdk\10.0.101\Sdks\Microsoft.NET.Sdk\targets\Microsoft.PackageDependencyResolution.targets(86,5): message :     " (previous value: "
       C:\Program Files\dotnet\sdk\10.0.101\Sdks\Microsoft.NET.Sdk\targets\Microsoft.PackageDependencyResolution.targets(86,5): message :       ;
       C:\Program Files\dotnet\sdk\10.0.101\Sdks\Microsoft.NET.Sdk\targets\Microsoft.PackageDependencyResolution.targets(86,5): message :       PrepareResourceNames;
       C:\Program Files\dotnet\sdk\10.0.101\Sdks\Microsoft.NET.Sdk\targets\Microsoft.PackageDependencyResolution.targets(86,5): message :       ResGen;
       C:\Program Files\dotnet\sdk\10.0.101\Sdks\Microsoft.NET.Sdk\targets\Microsoft.PackageDependencyResolution.targets(86,5): message :       CompileLicxFiles
       C:\Program Files\dotnet\sdk\10.0.101\Sdks\Microsoft.NET.Sdk\targets\Microsoft.PackageDependencyResolution.targets(86,5): message :     ") at C:\Program Files\dotnet\sdk\10.0.101\Sdks\Microsoft.NET.Sdk\targets\Microsoft.PackageDependencyResolution.targets (86,5)
       The "EnableDefaultCompileItems" property is a global property, and cannot be modified.
       The "EnableDefaultEmbeddedResourceItems" property is a global property, and cannot be modified.
       The "EnableDefaultNoneItems" property is a global property, and cannot be modified.
       C:\Program Files\dotnet\sdk\10.0.101\Sdks\Microsoft.NET.Sdk\targets\Microsoft.NET.Sdk.DefaultItems.targets(35,5): message : Property reassignment: $(DefaultItemExcludes)=";**\node_modules\**;node_modules\**;**\jspm_packages\**;jspm_packages\**;**\bower_components\**;bower_components\**;**\packages.lock.json;bin\Debug\/**;obj\Debug\/**;bin\/**" (previous value: ";**\node_modules\**;node_modules\**;**\jspm_packages\**;jspm_packages\**;**\bower_components\**;bower_components\**;**\packages.lock.json;bin\Debug\/**;obj\Debug\/**") at C:\Program Files\dotnet\sdk\10.0.101\Sdks\Microsoft.NET.Sdk\targets\Microsoft.NET.Sdk.DefaultItems.targets (35,5)
       C:\Program Files\dotnet\sdk\10.0.101\Sdks\Microsoft.NET.Sdk\targets\Microsoft.NET.Sdk.DefaultItems.targets(37,5): message : Property reassignment: $(DefaultItemExcludes)=";**\node_modules\**;node_modules\**;**\jspm_packages\**;jspm_packages\**;**\bower_components\**;bower_components\**;**\packages.lock.json;bin\Debug\/**;obj\Debug\/**;bin\/**;obj\/**" (previous value: ";**\node_modules\**;node_modules\**;**\jspm_packages\**;jspm_packages\**;**\bower_components\**;bower_components\**;**\packages.lock.json;bin\Debug\/**;obj\Debug\/**;bin\/**") at C:\Program Files\dotnet\sdk\10.0.101\Sdks\Microsoft.NET.Sdk\targets\Microsoft.NET.Sdk.DefaultItems.targets (37,5)
       C:\Program Files\dotnet\sdk\10.0.101\Sdks\Microsoft.NET.Sdk\targets\Microsoft.NET.Sdk.DefaultItems.targets(40,5): message : Property reassignment: $(DefaultItemExcludes)=";**\node_modules\**;node_modules\**;**\jspm_packages\**;jspm_packages\**;**\bower_components\**;bower_components\**;**\packages.lock.json;bin\Debug\/**;obj\Debug\/**;bin\/**;obj\/**;**/*.user" (previous value: ";**\node_modules\**;node_modules\**;**\jspm_packages\**;jspm_packages\**;**\bower_components\**;bower_components\**;**\packages.lock.json;bin\Debug\/**;obj\Debug\/**;bin\/**;obj\/**") at C:\Program Files\dotnet\sdk\10.0.101\Sdks\Microsoft.NET.Sdk\targets\Microsoft.NET.Sdk.DefaultItems.targets (40,5)
       C:\Program Files\dotnet\sdk\10.0.101\Sdks\Microsoft.NET.Sdk\targets\Microsoft.NET.Sdk.DefaultItems.targets(41,5): message : Property reassignment: $(DefaultItemExcludes)=";**\node_modules\**;node_modules\**;**\jspm_packages\**;jspm_packages\**;**\bower_components\**;bower_components\**;**\packages.lock.json;bin\Debug\/**;obj\Debug\/**;bin\/**;obj\/**;**/*.user;**/*.*proj" (previous value: ";**\node_modules\**;node_modules\**;**\jspm_packages\**;jspm_packages\**;**\bower_components\**;bower_components\**;**\packages.lock.json;bin\Debug\/**;obj\Debug\/**;bin\/**;obj\/**;**/*.user") at C:\Program Files\dotnet\sdk\10.0.101\Sdks\Microsoft.NET.Sdk\targets\Microsoft.NET.Sdk.DefaultItems.targets (41,5)
       C:\Program Files\dotnet\sdk\10.0.101\Sdks\Microsoft.NET.Sdk\targets\Microsoft.NET.Sdk.DefaultItems.targets(42,5): message : Property reassignment: $(DefaultItemExcludes)=";**\node_modules\**;node_modules\**;**\jspm_packages\**;jspm_packages\**;**\bower_components\**;bower_components\**;**\packages.lock.json;bin\Debug\/**;obj\Debug\/**;bin\/**;obj\/**;**/*.user;**/*.*proj;**/*.sln" (previous value: ";**\node_modules\**;node_modules\**;**\jspm_packages\**;jspm_packages\**;**\bower_components\**;bower_components\**;**\packages.lock.json;bin\Debug\/**;obj\Debug\/**;bin\/**;obj\/**;**/*.user;**/*.*proj") at C:\Program Files\dotnet\sdk\10.0.101\Sdks\Microsoft.NET.Sdk\targets\Microsoft.NET.Sdk.DefaultItems.targets (42,5)
       C:\Program Files\dotnet\sdk\10.0.101\Sdks\Microsoft.NET.Sdk\targets\Microsoft.NET.Sdk.DefaultItems.targets(43,5): message : Property reassignment: $(DefaultItemExcludes)=";**\node_modules\**;node_modules\**;**\jspm_packages\**;jspm_packages\**;**\bower_components\**;bower_components\**;**\packages.lock.json;bin\Debug\/**;obj\Debug\/**;bin\/**;obj\/**;**/*.user;**/*.*proj;**/*.sln;**/*.slnx" (previous value: ";**\node_modules\**;node_modules\**;**\jspm_packages\**;jspm_packages\**;**\bower_components\**;bower_components\**;**\packages.lock.json;bin\Debug\/**;obj\Debug\/**;bin\/**;obj\/**;**/*.user;**/*.*proj;**/*.sln") at C:\Program Files\dotnet\sdk\10.0.101\Sdks\Microsoft.NET.Sdk\targets\Microsoft.NET.Sdk.DefaultItems.targets (43,5)
       C:\Program Files\dotnet\sdk\10.0.101\Sdks\Microsoft.NET.Sdk\targets\Microsoft.NET.Sdk.DefaultItems.targets(44,5): message : Property reassignment: $(DefaultItemExcludes)=";**\node_modules\**;node_modules\**;**\jspm_packages\**;jspm_packages\**;**\bower_components\**;bower_components\**;**\packages.lock.json;bin\Debug\/**;obj\Debug\/**;bin\/**;obj\/**;**/*.user;**/*.*proj;**/*.sln;**/*.slnx;**/*.vssscc" (previous value: ";**\node_modules\**;node_modules\**;**\jspm_packages\**;jspm_packages\**;**\bower_components\**;bower_components\**;**\packages.lock.json;bin\Debug\/**;obj\Debug\/**;bin\/**;obj\/**;**/*.user;**/*.*proj;**/*.sln;**/*.slnx") at C:\Program Files\dotnet\sdk\10.0.101\Sdks\Microsoft.NET.Sdk\targets\Microsoft.NET.Sdk.DefaultItems.targets (44,5)
       C:\Program Files\dotnet\sdk\10.0.101\Sdks\Microsoft.NET.Sdk\targets\Microsoft.NET.Sdk.DefaultItems.targets(45,5): message : Property reassignment: $(DefaultItemExcludes)=";**\node_modules\**;node_modules\**;**\jspm_packages\**;jspm_packages\**;**\bower_components\**;bower_components\**;**\packages.lock.json;bin\Debug\/**;obj\Debug\/**;bin\/**;obj\/**;**/*.user;**/*.*proj;**/*.sln;**/*.slnx;**/*.vssscc;**/.DS_Store" (previous value: ";**\node_modules\**;node_modules\**;**\jspm_packages\**;jspm_packages\**;**\bower_components\**;bower_components\**;**\packages.lock.json;bin\Debug\/**;obj\Debug\/**;bin\/**;obj\/**;**/*.user;**/*.*proj;**/*.sln;**/*.slnx;**/*.vssscc") at C:\Program Files\dotnet\sdk\10.0.101\Sdks\Microsoft.NET.Sdk\targets\Microsoft.NET.Sdk.DefaultItems.targets (45,5)
       C:\Program Files\dotnet\sdk\10.0.101\Sdks\Microsoft.NET.Sdk\targets\Microsoft.NET.Sdk.FrameworkReferenceResolution.targets(14,5): message : Property reassignment: $(ResolveAssemblyReferencesDependsOn)="
       C:\Program Files\dotnet\sdk\10.0.101\Sdks\Microsoft.NET.Sdk\targets\Microsoft.NET.Sdk.FrameworkReferenceResolution.targets(14,5): message :       
       C:\Program Files\dotnet\sdk\10.0.101\Sdks\Microsoft.NET.Sdk\targets\Microsoft.NET.Sdk.FrameworkReferenceResolution.targets(14,5): message :       
       C:\Program Files\dotnet\sdk\10.0.101\Sdks\Microsoft.NET.Sdk\targets\Microsoft.NET.Sdk.FrameworkReferenceResolution.targets(14,5): message :       ResolveProjectReferences;
       C:\Program Files\dotnet\sdk\10.0.101\Sdks\Microsoft.NET.Sdk\targets\Microsoft.NET.Sdk.FrameworkReferenceResolution.targets(14,5): message :       FindInvalidProjectReferences;
       C:\Program Files\dotnet\sdk\10.0.101\Sdks\Microsoft.NET.Sdk\targets\Microsoft.NET.Sdk.FrameworkReferenceResolution.targets(14,5): message :       GetFrameworkPaths;
       C:\Program Files\dotnet\sdk\10.0.101\Sdks\Microsoft.NET.Sdk\targets\Microsoft.NET.Sdk.FrameworkReferenceResolution.targets(14,5): message :       GetReferenceAssemblyPaths;
       C:\Program Files\dotnet\sdk\10.0.101\Sdks\Microsoft.NET.Sdk\targets\Microsoft.NET.Sdk.FrameworkReferenceResolution.targets(14,5): message :       PrepareForBuild;
       C:\Program Files\dotnet\sdk\10.0.101\Sdks\Microsoft.NET.Sdk\targets\Microsoft.NET.Sdk.FrameworkReferenceResolution.targets(14,5): message :       ResolveSDKReferences;
       C:\Program Files\dotnet\sdk\10.0.101\Sdks\Microsoft.NET.Sdk\targets\Microsoft.NET.Sdk.FrameworkReferenceResolution.targets(14,5): message :       ExpandSDKReferences;
       C:\Program Files\dotnet\sdk\10.0.101\Sdks\Microsoft.NET.Sdk\targets\Microsoft.NET.Sdk.FrameworkReferenceResolution.targets(14,5): message :     ;
       C:\Program Files\dotnet\sdk\10.0.101\Sdks\Microsoft.NET.Sdk\targets\Microsoft.NET.Sdk.FrameworkReferenceResolution.targets(14,5): message :       ResolvePackageDependenciesForBuild;
       C:\Program Files\dotnet\sdk\10.0.101\Sdks\Microsoft.NET.Sdk\targets\Microsoft.NET.Sdk.FrameworkReferenceResolution.targets(14,5): message :       _HandlePackageFileConflicts;
       C:\Program Files\dotnet\sdk\10.0.101\Sdks\Microsoft.NET.Sdk\targets\Microsoft.NET.Sdk.FrameworkReferenceResolution.targets(14,5): message :     ;
       C:\Program Files\dotnet\sdk\10.0.101\Sdks\Microsoft.NET.Sdk\targets\Microsoft.NET.Sdk.FrameworkReferenceResolution.targets(14,5): message :       ResolveTargetingPackAssets;
       C:\Program Files\dotnet\sdk\10.0.101\Sdks\Microsoft.NET.Sdk\targets\Microsoft.NET.Sdk.FrameworkReferenceResolution.targets(14,5): message :     " (previous value: "
       C:\Program Files\dotnet\sdk\10.0.101\Sdks\Microsoft.NET.Sdk\targets\Microsoft.NET.Sdk.FrameworkReferenceResolution.targets(14,5): message :       
       C:\Program Files\dotnet\sdk\10.0.101\Sdks\Microsoft.NET.Sdk\targets\Microsoft.NET.Sdk.FrameworkReferenceResolution.targets(14,5): message :       ResolveProjectReferences;
       C:\Program Files\dotnet\sdk\10.0.101\Sdks\Microsoft.NET.Sdk\targets\Microsoft.NET.Sdk.FrameworkReferenceResolution.targets(14,5): message :       FindInvalidProjectReferences;
       C:\Program Files\dotnet\sdk\10.0.101\Sdks\Microsoft.NET.Sdk\targets\Microsoft.NET.Sdk.FrameworkReferenceResolution.targets(14,5): message :       GetFrameworkPaths;
       C:\Program Files\dotnet\sdk\10.0.101\Sdks\Microsoft.NET.Sdk\targets\Microsoft.NET.Sdk.FrameworkReferenceResolution.targets(14,5): message :       GetReferenceAssemblyPaths;
       C:\Program Files\dotnet\sdk\10.0.101\Sdks\Microsoft.NET.Sdk\targets\Microsoft.NET.Sdk.FrameworkReferenceResolution.targets(14,5): message :       PrepareForBuild;
       C:\Program Files\dotnet\sdk\10.0.101\Sdks\Microsoft.NET.Sdk\targets\Microsoft.NET.Sdk.FrameworkReferenceResolution.targets(14,5): message :       ResolveSDKReferences;
       C:\Program Files\dotnet\sdk\10.0.101\Sdks\Microsoft.NET.Sdk\targets\Microsoft.NET.Sdk.FrameworkReferenceResolution.targets(14,5): message :       ExpandSDKReferences;
       C:\Program Files\dotnet\sdk\10.0.101\Sdks\Microsoft.NET.Sdk\targets\Microsoft.NET.Sdk.FrameworkReferenceResolution.targets(14,5): message :     ;
       C:\Program Files\dotnet\sdk\10.0.101\Sdks\Microsoft.NET.Sdk\targets\Microsoft.NET.Sdk.FrameworkReferenceResolution.targets(14,5): message :       ResolvePackageDependenciesForBuild;
       C:\Program Files\dotnet\sdk\10.0.101\Sdks\Microsoft.NET.Sdk\targets\Microsoft.NET.Sdk.FrameworkReferenceResolution.targets(14,5): message :       _HandlePackageFileConflicts;
       C:\Program Files\dotnet\sdk\10.0.101\Sdks\Microsoft.NET.Sdk\targets\Microsoft.NET.Sdk.FrameworkReferenceResolution.targets(14,5): message :     ") at C:\Program Files\dotnet\sdk\10.0.101\Sdks\Microsoft.NET.Sdk\targets\Microsoft.NET.Sdk.FrameworkReferenceResolution.targets (14,5)
       C:\Program Files\dotnet\sdk\10.0.101\Sdks\Microsoft.NET.Sdk\targets\Microsoft.NET.Sdk.targets(44,5): message : Property reassignment: $(_GenerateRuntimeConfigurationPropertyInputsCache)="D:\P.L\Flutter\fresh_produce_app\FreshProduce.Api\obj\Debug\net9.0\FreshProduce.Api.genruntimeconfig.cache" (previous value: "obj\Debug\net9.0\FreshProduce.Api.genruntimeconfig.cache") at C:\Program Files\dotnet\sdk\10.0.101\Sdks\Microsoft.NET.Sdk\targets\Microsoft.NET.Sdk.targets (44,5)
       C:\Program Files\dotnet\sdk\10.0.101\Sdks\Microsoft.NET.Sdk\targets\Microsoft.NET.Sdk.targets(46,5): message : Property reassignment: $(_GeneratePublishDependencyFilePropertyInputsCache)="D:\P.L\Flutter\fresh_produce_app\FreshProduce.Api\obj\Debug\net9.0\FreshProduce.Api.genpublishdeps.cache" (previous value: "obj\Debug\net9.0\FreshProduce.Api.genpublishdeps.cache") at C:\Program Files\dotnet\sdk\10.0.101\Sdks\Microsoft.NET.Sdk\targets\Microsoft.NET.Sdk.targets (46,5)
       C:\Program Files\dotnet\sdk\10.0.101\Sdks\Microsoft.NET.Sdk\targets\Microsoft.NET.Sdk.targets(48,5): message : Property reassignment: $(_GenerateSingleFileBundlePropertyInputsCache)="D:\P.L\Flutter\fresh_produce_app\FreshProduce.Api\obj\Debug\net9.0\FreshProduce.Api.genbundle.cache" (previous value: "obj\Debug\net9.0\FreshProduce.Api.genbundle.cache") at C:\Program Files\dotnet\sdk\10.0.101\Sdks\Microsoft.NET.Sdk\targets\Microsoft.NET.Sdk.targets (48,5)
       C:\Program Files\dotnet\sdk\10.0.101\Sdks\Microsoft.NET.Sdk\targets\Microsoft.NET.Sdk.targets(81,5): message : Property reassignment: $(GenerateRuntimeConfigDevFile)="false" (previous value: "true") at C:\Program Files\dotnet\sdk\10.0.101\Sdks\Microsoft.NET.Sdk\targets\Microsoft.NET.Sdk.targets (81,5)
       C:\Program Files\dotnet\sdk\10.0.101\Sdks\Microsoft.NET.Sdk\targets\Microsoft.NET.Sdk.targets(98,5): message : Property 'USERPROFILE' with value 'C:\Users\Dell' expanded from the environment.
       C:\Program Files\dotnet\sdk\10.0.101\Sdks\Microsoft.NET.Sdk\targets\Microsoft.NET.Sdk.targets(98,5): message : Property reassignment: $(_DefaultUserProfileRuntimeStorePath)="C:\Users\Dell" (previous value: "") at C:\Program Files\dotnet\sdk\10.0.101\Sdks\Microsoft.NET.Sdk\targets\Microsoft.NET.Sdk.targets (98,5)
       C:\Program Files\dotnet\sdk\10.0.101\Sdks\Microsoft.NET.Sdk\targets\Microsoft.NET.Sdk.targets(99,5): message : Property reassignment: $(_DefaultUserProfileRuntimeStorePath)="C:\Users\Dell\.dotnet\store" (previous value: "C:\Users\Dell") at C:\Program Files\dotnet\sdk\10.0.101\Sdks\Microsoft.NET.Sdk\targets\Microsoft.NET.Sdk.targets (99,5)
       C:\Program Files\dotnet\sdk\10.0.101\Sdks\Microsoft.NET.Sdk\targets\Microsoft.NET.Sdk.targets(144,5): message : Property reassignment: $(AvailablePlatforms)="Any CPU,x86,x64,ARM32" (previous value: "Any CPU,x86,x64") at C:\Program Files\dotnet\sdk\10.0.101\Sdks\Microsoft.NET.Sdk\targets\Microsoft.NET.Sdk.targets (144,5)
       C:\Program Files\dotnet\sdk\10.0.101\Sdks\Microsoft.NET.Sdk\targets\Microsoft.NET.Sdk.targets(148,5): message : Property reassignment: $(AvailablePlatforms)="Any CPU,x86,x64,ARM32,ARM64" (previous value: "Any CPU,x86,x64,ARM32") at C:\Program Files\dotnet\sdk\10.0.101\Sdks\Microsoft.NET.Sdk\targets\Microsoft.NET.Sdk.targets (148,5)
       C:\Program Files\dotnet\sdk\10.0.101\Sdks\Microsoft.NET.Sdk\targets\Microsoft.NET.Sdk.targets(204,5): message : Property reassignment: $(CoreBuildDependsOn)="
       C:\Program Files\dotnet\sdk\10.0.101\Sdks\Microsoft.NET.Sdk\targets\Microsoft.NET.Sdk.targets(204,5): message :       _CheckForBuildWithNoBuild;
       C:\Program Files\dotnet\sdk\10.0.101\Sdks\Microsoft.NET.Sdk\targets\Microsoft.NET.Sdk.targets(204,5): message :       
       C:\Program Files\dotnet\sdk\10.0.101\Sdks\Microsoft.NET.Sdk\targets\Microsoft.NET.Sdk.targets(204,5): message :       BuildOnlySettings;
       C:\Program Files\dotnet\sdk\10.0.101\Sdks\Microsoft.NET.Sdk\targets\Microsoft.NET.Sdk.targets(204,5): message :       PrepareForBuild;
       C:\Program Files\dotnet\sdk\10.0.101\Sdks\Microsoft.NET.Sdk\targets\Microsoft.NET.Sdk.targets(204,5): message :       PreBuildEvent;
       C:\Program Files\dotnet\sdk\10.0.101\Sdks\Microsoft.NET.Sdk\targets\Microsoft.NET.Sdk.targets(204,5): message :       ResolveReferences;
       C:\Program Files\dotnet\sdk\10.0.101\Sdks\Microsoft.NET.Sdk\targets\Microsoft.NET.Sdk.targets(204,5): message :       PrepareResources;
       C:\Program Files\dotnet\sdk\10.0.101\Sdks\Microsoft.NET.Sdk\targets\Microsoft.NET.Sdk.targets(204,5): message :       ResolveKeySource;
       C:\Program Files\dotnet\sdk\10.0.101\Sdks\Microsoft.NET.Sdk\targets\Microsoft.NET.Sdk.targets(204,5): message :       Compile;
       C:\Program Files\dotnet\sdk\10.0.101\Sdks\Microsoft.NET.Sdk\targets\Microsoft.NET.Sdk.targets(204,5): message :       ExportWindowsMDFile;
       C:\Program Files\dotnet\sdk\10.0.101\Sdks\Microsoft.NET.Sdk\targets\Microsoft.NET.Sdk.targets(204,5): message :       UnmanagedUnregistration;
       C:\Program Files\dotnet\sdk\10.0.101\Sdks\Microsoft.NET.Sdk\targets\Microsoft.NET.Sdk.targets(204,5): message :       GenerateSerializationAssemblies;
       C:\Program Files\dotnet\sdk\10.0.101\Sdks\Microsoft.NET.Sdk\targets\Microsoft.NET.Sdk.targets(204,5): message :       CreateSatelliteAssemblies;
       C:\Program Files\dotnet\sdk\10.0.101\Sdks\Microsoft.NET.Sdk\targets\Microsoft.NET.Sdk.targets(204,5): message :       GenerateManifests;
       C:\Program Files\dotnet\sdk\10.0.101\Sdks\Microsoft.NET.Sdk\targets\Microsoft.NET.Sdk.targets(204,5): message :       GetTargetPath;
       C:\Program Files\dotnet\sdk\10.0.101\Sdks\Microsoft.NET.Sdk\targets\Microsoft.NET.Sdk.targets(204,5): message :       PrepareForRun;
       C:\Program Files\dotnet\sdk\10.0.101\Sdks\Microsoft.NET.Sdk\targets\Microsoft.NET.Sdk.targets(204,5): message :       UnmanagedRegistration;
       C:\Program Files\dotnet\sdk\10.0.101\Sdks\Microsoft.NET.Sdk\targets\Microsoft.NET.Sdk.targets(204,5): message :       IncrementalClean;
       C:\Program Files\dotnet\sdk\10.0.101\Sdks\Microsoft.NET.Sdk\targets\Microsoft.NET.Sdk.targets(204,5): message :       PostBuildEvent
       C:\Program Files\dotnet\sdk\10.0.101\Sdks\Microsoft.NET.Sdk\targets\Microsoft.NET.Sdk.targets(204,5): message :     ;
       C:\Program Files\dotnet\sdk\10.0.101\Sdks\Microsoft.NET.Sdk\targets\Microsoft.NET.Sdk.targets(204,5): message :       GenerateBuildDependencyFile;
       C:\Program Files\dotnet\sdk\10.0.101\Sdks\Microsoft.NET.Sdk\targets\Microsoft.NET.Sdk.targets(204,5): message :       GenerateBuildRuntimeConfigurationFiles
       C:\Program Files\dotnet\sdk\10.0.101\Sdks\Microsoft.NET.Sdk\targets\Microsoft.NET.Sdk.targets(204,5): message :     " (previous value: "
       C:\Program Files\dotnet\sdk\10.0.101\Sdks\Microsoft.NET.Sdk\targets\Microsoft.NET.Sdk.targets(204,5): message :       BuildOnlySettings;
       C:\Program Files\dotnet\sdk\10.0.101\Sdks\Microsoft.NET.Sdk\targets\Microsoft.NET.Sdk.targets(204,5): message :       PrepareForBuild;
       C:\Program Files\dotnet\sdk\10.0.101\Sdks\Microsoft.NET.Sdk\targets\Microsoft.NET.Sdk.targets(204,5): message :       PreBuildEvent;
       C:\Program Files\dotnet\sdk\10.0.101\Sdks\Microsoft.NET.Sdk\targets\Microsoft.NET.Sdk.targets(204,5): message :       ResolveReferences;
       C:\Program Files\dotnet\sdk\10.0.101\Sdks\Microsoft.NET.Sdk\targets\Microsoft.NET.Sdk.targets(204,5): message :       PrepareResources;
       C:\Program Files\dotnet\sdk\10.0.101\Sdks\Microsoft.NET.Sdk\targets\Microsoft.NET.Sdk.targets(204,5): message :       ResolveKeySource;
       C:\Program Files\dotnet\sdk\10.0.101\Sdks\Microsoft.NET.Sdk\targets\Microsoft.NET.Sdk.targets(204,5): message :       Compile;
       C:\Program Files\dotnet\sdk\10.0.101\Sdks\Microsoft.NET.Sdk\targets\Microsoft.NET.Sdk.targets(204,5): message :       ExportWindowsMDFile;
       C:\Program Files\dotnet\sdk\10.0.101\Sdks\Microsoft.NET.Sdk\targets\Microsoft.NET.Sdk.targets(204,5): message :       UnmanagedUnregistration;
       C:\Program Files\dotnet\sdk\10.0.101\Sdks\Microsoft.NET.Sdk\targets\Microsoft.NET.Sdk.targets(204,5): message :       GenerateSerializationAssemblies;
       C:\Program Files\dotnet\sdk\10.0.101\Sdks\Microsoft.NET.Sdk\targets\Microsoft.NET.Sdk.targets(204,5): message :       CreateSatelliteAssemblies;
       C:\Program Files\dotnet\sdk\10.0.101\Sdks\Microsoft.NET.Sdk\targets\Microsoft.NET.Sdk.targets(204,5): message :       GenerateManifests;
       C:\Program Files\dotnet\sdk\10.0.101\Sdks\Microsoft.NET.Sdk\targets\Microsoft.NET.Sdk.targets(204,5): message :       GetTargetPath;
       C:\Program Files\dotnet\sdk\10.0.101\Sdks\Microsoft.NET.Sdk\targets\Microsoft.NET.Sdk.targets(204,5): message :       PrepareForRun;
       C:\Program Files\dotnet\sdk\10.0.101\Sdks\Microsoft.NET.Sdk\targets\Microsoft.NET.Sdk.targets(204,5): message :       UnmanagedRegistration;
       C:\Program Files\dotnet\sdk\10.0.101\Sdks\Microsoft.NET.Sdk\targets\Microsoft.NET.Sdk.targets(204,5): message :       IncrementalClean;
       C:\Program Files\dotnet\sdk\10.0.101\Sdks\Microsoft.NET.Sdk\targets\Microsoft.NET.Sdk.targets(204,5): message :       PostBuildEvent
       C:\Program Files\dotnet\sdk\10.0.101\Sdks\Microsoft.NET.Sdk\targets\Microsoft.NET.Sdk.targets(204,5): message :     ") at C:\Program Files\dotnet\sdk\10.0.101\Sdks\Microsoft.NET.Sdk\targets\Microsoft.NET.Sdk.targets (204,5)
       C:\Program Files\dotnet\sdk\10.0.101\Sdks\Microsoft.NET.Sdk\targets\Microsoft.NET.Sdk.targets(213,5): message : Property reassignment: $(CoreCleanDependsOn)="
       C:\Program Files\dotnet\sdk\10.0.101\Sdks\Microsoft.NET.Sdk\targets\Microsoft.NET.Sdk.targets(213,5): message :       _SdkBeforeClean;
       C:\Program Files\dotnet\sdk\10.0.101\Sdks\Microsoft.NET.Sdk\targets\Microsoft.NET.Sdk.targets(213,5): message :       
       C:\Program Files\dotnet\sdk\10.0.101\Sdks\Microsoft.NET.Sdk\targets\Microsoft.NET.Sdk.targets(213,5): message :     " (previous value: "") at C:\Program Files\dotnet\sdk\10.0.101\Sdks\Microsoft.NET.Sdk\targets\Microsoft.NET.Sdk.targets (213,5)
       C:\Program Files\dotnet\sdk\10.0.101\Sdks\Microsoft.NET.Sdk\targets\Microsoft.NET.Sdk.targets(220,5): message : Property reassignment: $(RebuildDependsOn)="
       C:\Program Files\dotnet\sdk\10.0.101\Sdks\Microsoft.NET.Sdk\targets\Microsoft.NET.Sdk.targets(220,5): message :       _SdkBeforeRebuild;
       C:\Program Files\dotnet\sdk\10.0.101\Sdks\Microsoft.NET.Sdk\targets\Microsoft.NET.Sdk.targets(220,5): message :       
       C:\Program Files\dotnet\sdk\10.0.101\Sdks\Microsoft.NET.Sdk\targets\Microsoft.NET.Sdk.targets(220,5): message :       BeforeRebuild;
       C:\Program Files\dotnet\sdk\10.0.101\Sdks\Microsoft.NET.Sdk\targets\Microsoft.NET.Sdk.targets(220,5): message :       Clean;
       C:\Program Files\dotnet\sdk\10.0.101\Sdks\Microsoft.NET.Sdk\targets\Microsoft.NET.Sdk.targets(220,5): message :       Build;
       C:\Program Files\dotnet\sdk\10.0.101\Sdks\Microsoft.NET.Sdk\targets\Microsoft.NET.Sdk.targets(220,5): message :       AfterRebuild;
       C:\Program Files\dotnet\sdk\10.0.101\Sdks\Microsoft.NET.Sdk\targets\Microsoft.NET.Sdk.targets(220,5): message :     
       C:\Program Files\dotnet\sdk\10.0.101\Sdks\Microsoft.NET.Sdk\targets\Microsoft.NET.Sdk.targets(220,5): message :     " (previous value: "
       C:\Program Files\dotnet\sdk\10.0.101\Sdks\Microsoft.NET.Sdk\targets\Microsoft.NET.Sdk.targets(220,5): message :       BeforeRebuild;
       C:\Program Files\dotnet\sdk\10.0.101\Sdks\Microsoft.NET.Sdk\targets\Microsoft.NET.Sdk.targets(220,5): message :       Clean;
       C:\Program Files\dotnet\sdk\10.0.101\Sdks\Microsoft.NET.Sdk\targets\Microsoft.NET.Sdk.targets(220,5): message :       Build;
       C:\Program Files\dotnet\sdk\10.0.101\Sdks\Microsoft.NET.Sdk\targets\Microsoft.NET.Sdk.targets(220,5): message :       AfterRebuild;
       C:\Program Files\dotnet\sdk\10.0.101\Sdks\Microsoft.NET.Sdk\targets\Microsoft.NET.Sdk.targets(220,5): message :     ") at C:\Program Files\dotnet\sdk\10.0.101\Sdks\Microsoft.NET.Sdk\targets\Microsoft.NET.Sdk.targets (220,5)
       C:\Program Files\dotnet\sdk\10.0.101\Sdks\Microsoft.NET.Sdk\targets\Microsoft.NET.Sdk.targets(799,5): message : Property reassignment: $(CompileDependsOn)="
       C:\Program Files\dotnet\sdk\10.0.101\Sdks\Microsoft.NET.Sdk\targets\Microsoft.NET.Sdk.targets(799,5): message :       
       C:\Program Files\dotnet\sdk\10.0.101\Sdks\Microsoft.NET.Sdk\targets\Microsoft.NET.Sdk.targets(799,5): message :       ResolveReferences;
       C:\Program Files\dotnet\sdk\10.0.101\Sdks\Microsoft.NET.Sdk\targets\Microsoft.NET.Sdk.targets(799,5): message :       ResolveKeySource;
       C:\Program Files\dotnet\sdk\10.0.101\Sdks\Microsoft.NET.Sdk\targets\Microsoft.NET.Sdk.targets(799,5): message :       SetWin32ManifestProperties;
       C:\Program Files\dotnet\sdk\10.0.101\Sdks\Microsoft.NET.Sdk\targets\Microsoft.NET.Sdk.targets(799,5): message :       _SetPreferNativeArm64Win32ManifestProperties;
       C:\Program Files\dotnet\sdk\10.0.101\Sdks\Microsoft.NET.Sdk\targets\Microsoft.NET.Sdk.targets(799,5): message :       FindReferenceAssembliesForReferences;
       C:\Program Files\dotnet\sdk\10.0.101\Sdks\Microsoft.NET.Sdk\targets\Microsoft.NET.Sdk.targets(799,5): message :       _GenerateCompileInputs;
       C:\Program Files\dotnet\sdk\10.0.101\Sdks\Microsoft.NET.Sdk\targets\Microsoft.NET.Sdk.targets(799,5): message :       BeforeCompile;
       C:\Program Files\dotnet\sdk\10.0.101\Sdks\Microsoft.NET.Sdk\targets\Microsoft.NET.Sdk.targets(799,5): message :       _TimeStampBeforeCompile;
       C:\Program Files\dotnet\sdk\10.0.101\Sdks\Microsoft.NET.Sdk\targets\Microsoft.NET.Sdk.targets(799,5): message :       _GenerateCompileDependencyCache;
       C:\Program Files\dotnet\sdk\10.0.101\Sdks\Microsoft.NET.Sdk\targets\Microsoft.NET.Sdk.targets(799,5): message :       CoreCompile;
       C:\Program Files\dotnet\sdk\10.0.101\Sdks\Microsoft.NET.Sdk\targets\Microsoft.NET.Sdk.targets(799,5): message :       _TimeStampAfterCompile;
       C:\Program Files\dotnet\sdk\10.0.101\Sdks\Microsoft.NET.Sdk\targets\Microsoft.NET.Sdk.targets(799,5): message :       AfterCompile;
       C:\Program Files\dotnet\sdk\10.0.101\Sdks\Microsoft.NET.Sdk\targets\Microsoft.NET.Sdk.targets(799,5): message :     ;
       C:\Program Files\dotnet\sdk\10.0.101\Sdks\Microsoft.NET.Sdk\targets\Microsoft.NET.Sdk.targets(799,5): message :       _CreateAppHost;
       C:\Program Files\dotnet\sdk\10.0.101\Sdks\Microsoft.NET.Sdk\targets\Microsoft.NET.Sdk.targets(799,5): message :       _CreateComHost;
       C:\Program Files\dotnet\sdk\10.0.101\Sdks\Microsoft.NET.Sdk\targets\Microsoft.NET.Sdk.targets(799,5): message :       _GetIjwHostPaths;
       C:\Program Files\dotnet\sdk\10.0.101\Sdks\Microsoft.NET.Sdk\targets\Microsoft.NET.Sdk.targets(799,5): message :     " (previous value: "
       C:\Program Files\dotnet\sdk\10.0.101\Sdks\Microsoft.NET.Sdk\targets\Microsoft.NET.Sdk.targets(799,5): message :       ResolveReferences;
       C:\Program Files\dotnet\sdk\10.0.101\Sdks\Microsoft.NET.Sdk\targets\Microsoft.NET.Sdk.targets(799,5): message :       ResolveKeySource;
       C:\Program Files\dotnet\sdk\10.0.101\Sdks\Microsoft.NET.Sdk\targets\Microsoft.NET.Sdk.targets(799,5): message :       SetWin32ManifestProperties;
       C:\Program Files\dotnet\sdk\10.0.101\Sdks\Microsoft.NET.Sdk\targets\Microsoft.NET.Sdk.targets(799,5): message :       _SetPreferNativeArm64Win32ManifestProperties;
       C:\Program Files\dotnet\sdk\10.0.101\Sdks\Microsoft.NET.Sdk\targets\Microsoft.NET.Sdk.targets(799,5): message :       FindReferenceAssembliesForReferences;
       C:\Program Files\dotnet\sdk\10.0.101\Sdks\Microsoft.NET.Sdk\targets\Microsoft.NET.Sdk.targets(799,5): message :       _GenerateCompileInputs;
       C:\Program Files\dotnet\sdk\10.0.101\Sdks\Microsoft.NET.Sdk\targets\Microsoft.NET.Sdk.targets(799,5): message :       BeforeCompile;
       C:\Program Files\dotnet\sdk\10.0.101\Sdks\Microsoft.NET.Sdk\targets\Microsoft.NET.Sdk.targets(799,5): message :       _TimeStampBeforeCompile;
       C:\Program Files\dotnet\sdk\10.0.101\Sdks\Microsoft.NET.Sdk\targets\Microsoft.NET.Sdk.targets(799,5): message :       _GenerateCompileDependencyCache;
       C:\Program Files\dotnet\sdk\10.0.101\Sdks\Microsoft.NET.Sdk\targets\Microsoft.NET.Sdk.targets(799,5): message :       CoreCompile;
       C:\Program Files\dotnet\sdk\10.0.101\Sdks\Microsoft.NET.Sdk\targets\Microsoft.NET.Sdk.targets(799,5): message :       _TimeStampAfterCompile;
       C:\Program Files\dotnet\sdk\10.0.101\Sdks\Microsoft.NET.Sdk\targets\Microsoft.NET.Sdk.targets(799,5): message :       AfterCompile;
       C:\Program Files\dotnet\sdk\10.0.101\Sdks\Microsoft.NET.Sdk\targets\Microsoft.NET.Sdk.targets(799,5): message :     ") at C:\Program Files\dotnet\sdk\10.0.101\Sdks\Microsoft.NET.Sdk\targets\Microsoft.NET.Sdk.targets (799,5)
       C:\Program Files\dotnet\sdk\10.0.101\Sdks\Microsoft.NET.Sdk\targets\Microsoft.NET.Sdk.targets(1131,5): message : Property reassignment: $(CreateSatelliteAssembliesDependsOn)="
       C:\Program Files\dotnet\sdk\10.0.101\Sdks\Microsoft.NET.Sdk\targets\Microsoft.NET.Sdk.targets(1131,5): message :       
       C:\Program Files\dotnet\sdk\10.0.101\Sdks\Microsoft.NET.Sdk\targets\Microsoft.NET.Sdk.targets(1131,5): message :       ;
       C:\Program Files\dotnet\sdk\10.0.101\Sdks\Microsoft.NET.Sdk\targets\Microsoft.NET.Sdk.targets(1131,5): message :       _GenerateSatelliteAssemblyInputs;
       C:\Program Files\dotnet\sdk\10.0.101\Sdks\Microsoft.NET.Sdk\targets\Microsoft.NET.Sdk.targets(1131,5): message :       ComputeIntermediateSatelliteAssemblies;
       C:\Program Files\dotnet\sdk\10.0.101\Sdks\Microsoft.NET.Sdk\targets\Microsoft.NET.Sdk.targets(1131,5): message :       GenerateSatelliteAssemblies
       C:\Program Files\dotnet\sdk\10.0.101\Sdks\Microsoft.NET.Sdk\targets\Microsoft.NET.Sdk.targets(1131,5): message :     ;
       C:\Program Files\dotnet\sdk\10.0.101\Sdks\Microsoft.NET.Sdk\targets\Microsoft.NET.Sdk.targets(1131,5): message :       CoreGenerateSatelliteAssemblies
       C:\Program Files\dotnet\sdk\10.0.101\Sdks\Microsoft.NET.Sdk\targets\Microsoft.NET.Sdk.targets(1131,5): message :     " (previous value: "
       C:\Program Files\dotnet\sdk\10.0.101\Sdks\Microsoft.NET.Sdk\targets\Microsoft.NET.Sdk.targets(1131,5): message :       ;
       C:\Program Files\dotnet\sdk\10.0.101\Sdks\Microsoft.NET.Sdk\targets\Microsoft.NET.Sdk.targets(1131,5): message :       _GenerateSatelliteAssemblyInputs;
       C:\Program Files\dotnet\sdk\10.0.101\Sdks\Microsoft.NET.Sdk\targets\Microsoft.NET.Sdk.targets(1131,5): message :       ComputeIntermediateSatelliteAssemblies;
       C:\Program Files\dotnet\sdk\10.0.101\Sdks\Microsoft.NET.Sdk\targets\Microsoft.NET.Sdk.targets(1131,5): message :       GenerateSatelliteAssemblies
       C:\Program Files\dotnet\sdk\10.0.101\Sdks\Microsoft.NET.Sdk\targets\Microsoft.NET.Sdk.targets(1131,5): message :     ") at C:\Program Files\dotnet\sdk\10.0.101\Sdks\Microsoft.NET.Sdk\targets\Microsoft.NET.Sdk.targets (1131,5)
       C:\Program Files\dotnet\sdk\10.0.101\Sdks\Microsoft.SourceLink.GitLab\build\Microsoft.SourceLink.GitLab.targets(12,5): message : Property reassignment: $(SourceLinkUrlInitializerTargets)=";_InitializeGitHubSourceLinkUrl;_InitializeGitLabSourceLinkUrl" (previous value: ";_InitializeGitHubSourceLinkUrl") at C:\Program Files\dotnet\sdk\10.0.101\Sdks\Microsoft.SourceLink.GitLab\build\Microsoft.SourceLink.GitLab.targets (12,5)
       C:\Program Files\dotnet\sdk\10.0.101\Sdks\Microsoft.SourceLink.GitLab\build\Microsoft.SourceLink.GitLab.targets(13,5): message : Property reassignment: $(SourceControlManagerUrlTranslationTargets)=";TranslateGitHubUrlsInSourceControlInformation;TranslateGitLabUrlsInSourceControlInformation" (previous value: ";TranslateGitHubUrlsInSourceControlInformation") at C:\Program Files\dotnet\sdk\10.0.101\Sdks\Microsoft.SourceLink.GitLab\build\Microsoft.SourceLink.GitLab.targets (13,5)
       C:\Program Files\dotnet\sdk\10.0.101\Sdks\Microsoft.SourceLink.AzureRepos.Git\build\Microsoft.SourceLink.AzureRepos.Git.targets(12,5): message : Property reassignment: $(SourceLinkUrlInitializerTargets)=";_InitializeGitHubSourceLinkUrl;_InitializeGitLabSourceLinkUrl;_InitializeAzureReposGitSourceLinkUrl" (previous value: ";_InitializeGitHubSourceLinkUrl;_InitializeGitLabSourceLinkUrl") at C:\Program Files\dotnet\sdk\10.0.101\Sdks\Microsoft.SourceLink.AzureRepos.Git\build\Microsoft.SourceLink.AzureRepos.Git.targets (12,5)
       C:\Program Files\dotnet\sdk\10.0.101\Sdks\Microsoft.SourceLink.AzureRepos.Git\build\Microsoft.SourceLink.AzureRepos.Git.targets(13,5): message : Property reassignment: $(SourceControlManagerUrlTranslationTargets)=";TranslateGitHubUrlsInSourceControlInformation;TranslateGitLabUrlsInSourceControlInformation;TranslateAzureReposGitUrlsInSourceControlInformation" (previous value: ";TranslateGitHubUrlsInSourceControlInformation;TranslateGitLabUrlsInSourceControlInformation") at C:\Program Files\dotnet\sdk\10.0.101\Sdks\Microsoft.SourceLink.AzureRepos.Git\build\Microsoft.SourceLink.AzureRepos.Git.targets (13,5)
       C:\Program Files\dotnet\sdk\10.0.101\Sdks\Microsoft.SourceLink.Bitbucket.Git\build\Microsoft.SourceLink.Bitbucket.Git.targets(12,5): message : Property reassignment: $(SourceLinkUrlInitializerTargets)=";_InitializeGitHubSourceLinkUrl;_InitializeGitLabSourceLinkUrl;_InitializeAzureReposGitSourceLinkUrl;_InitializeBitbucketGitSourceLinkUrl" (previous value: ";_InitializeGitHubSourceLinkUrl;_InitializeGitLabSourceLinkUrl;_InitializeAzureReposGitSourceLinkUrl") at C:\Program Files\dotnet\sdk\10.0.101\Sdks\Microsoft.SourceLink.Bitbucket.Git\build\Microsoft.SourceLink.Bitbucket.Git.targets (12,5)
       C:\Program Files\dotnet\sdk\10.0.101\Sdks\Microsoft.SourceLink.Bitbucket.Git\build\Microsoft.SourceLink.Bitbucket.Git.targets(13,5): message : Property reassignment: $(SourceControlManagerUrlTranslationTargets)=";TranslateGitHubUrlsInSourceControlInformation;TranslateGitLabUrlsInSourceControlInformation;TranslateAzureReposGitUrlsInSourceControlInformation;TranslateBitbucketGitUrlsInSourceControlInformation" (previous value: ";TranslateGitHubUrlsInSourceControlInformation;TranslateGitLabUrlsInSourceControlInformation;TranslateAzureReposGitUrlsInSourceControlInformation") at C:\Program Files\dotnet\sdk\10.0.101\Sdks\Microsoft.SourceLink.Bitbucket.Git\build\Microsoft.SourceLink.Bitbucket.Git.targets (13,5)
       C:\Program Files\dotnet\sdk\10.0.101\Sdks\Microsoft.NET.Sdk\targets\Microsoft.NET.DesignerSupport.targets(21,5): message : Property reassignment: $(DesignerRuntimeImplementationProjectOutputGroupDependsOn)="
       C:\Program Files\dotnet\sdk\10.0.101\Sdks\Microsoft.NET.Sdk\targets\Microsoft.NET.DesignerSupport.targets(21,5): message :       
       C:\Program Files\dotnet\sdk\10.0.101\Sdks\Microsoft.NET.Sdk\targets\Microsoft.NET.DesignerSupport.targets(21,5): message :       ;
       C:\Program Files\dotnet\sdk\10.0.101\Sdks\Microsoft.NET.Sdk\targets\Microsoft.NET.DesignerSupport.targets(21,5): message :       
       C:\Program Files\dotnet\sdk\10.0.101\Sdks\Microsoft.NET.Sdk\targets\Microsoft.NET.DesignerSupport.targets(21,5): message :       ;
       C:\Program Files\dotnet\sdk\10.0.101\Sdks\Microsoft.NET.Sdk\targets\Microsoft.NET.DesignerSupport.targets(21,5): message :       BuildOnlySettings;
       C:\Program Files\dotnet\sdk\10.0.101\Sdks\Microsoft.NET.Sdk\targets\Microsoft.NET.DesignerSupport.targets(21,5): message :       PrepareForBuild;
       C:\Program Files\dotnet\sdk\10.0.101\Sdks\Microsoft.NET.Sdk\targets\Microsoft.NET.DesignerSupport.targets(21,5): message :       AssignTargetPaths;
       C:\Program Files\dotnet\sdk\10.0.101\Sdks\Microsoft.NET.Sdk\targets\Microsoft.NET.DesignerSupport.targets(21,5): message :       ResolveReferences
       C:\Program Files\dotnet\sdk\10.0.101\Sdks\Microsoft.NET.Sdk\targets\Microsoft.NET.DesignerSupport.targets(21,5): message :     
       C:\Program Files\dotnet\sdk\10.0.101\Sdks\Microsoft.NET.Sdk\targets\Microsoft.NET.DesignerSupport.targets(21,5): message :     ;
       C:\Program Files\dotnet\sdk\10.0.101\Sdks\Microsoft.NET.Sdk\targets\Microsoft.NET.DesignerSupport.targets(21,5): message :       _GenerateDesignerDepsFile;
       C:\Program Files\dotnet\sdk\10.0.101\Sdks\Microsoft.NET.Sdk\targets\Microsoft.NET.DesignerSupport.targets(21,5): message :       _GenerateDesignerRuntimeConfigFile;
       C:\Program Files\dotnet\sdk\10.0.101\Sdks\Microsoft.NET.Sdk\targets\Microsoft.NET.DesignerSupport.targets(21,5): message :       GetCopyToOutputDirectoryItems;
       C:\Program Files\dotnet\sdk\10.0.101\Sdks\Microsoft.NET.Sdk\targets\Microsoft.NET.DesignerSupport.targets(21,5): message :       _GatherDesignerShadowCopyFiles;
       C:\Program Files\dotnet\sdk\10.0.101\Sdks\Microsoft.NET.Sdk\targets\Microsoft.NET.DesignerSupport.targets(21,5): message :     " (previous value: "
       C:\Program Files\dotnet\sdk\10.0.101\Sdks\Microsoft.NET.Sdk\targets\Microsoft.NET.DesignerSupport.targets(21,5): message :       ;
       C:\Program Files\dotnet\sdk\10.0.101\Sdks\Microsoft.NET.Sdk\targets\Microsoft.NET.DesignerSupport.targets(21,5): message :       
       C:\Program Files\dotnet\sdk\10.0.101\Sdks\Microsoft.NET.Sdk\targets\Microsoft.NET.DesignerSupport.targets(21,5): message :       ;
       C:\Program Files\dotnet\sdk\10.0.101\Sdks\Microsoft.NET.Sdk\targets\Microsoft.NET.DesignerSupport.targets(21,5): message :       BuildOnlySettings;
       C:\Program Files\dotnet\sdk\10.0.101\Sdks\Microsoft.NET.Sdk\targets\Microsoft.NET.DesignerSupport.targets(21,5): message :       PrepareForBuild;
       C:\Program Files\dotnet\sdk\10.0.101\Sdks\Microsoft.NET.Sdk\targets\Microsoft.NET.DesignerSupport.targets(21,5): message :       AssignTargetPaths;
       C:\Program Files\dotnet\sdk\10.0.101\Sdks\Microsoft.NET.Sdk\targets\Microsoft.NET.DesignerSupport.targets(21,5): message :       ResolveReferences
       C:\Program Files\dotnet\sdk\10.0.101\Sdks\Microsoft.NET.Sdk\targets\Microsoft.NET.DesignerSupport.targets(21,5): message :     
       C:\Program Files\dotnet\sdk\10.0.101\Sdks\Microsoft.NET.Sdk\targets\Microsoft.NET.DesignerSupport.targets(21,5): message :     ") at C:\Program Files\dotnet\sdk\10.0.101\Sdks\Microsoft.NET.Sdk\targets\Microsoft.NET.DesignerSupport.targets (21,5)
       C:\Program Files\dotnet\sdk\10.0.101\Sdks\Microsoft.NET.Sdk\targets\Microsoft.NET.Sdk.CSharp.targets(31,5): message : Property reassignment: $(DefineConstants)="TRACE;DEBUG" (previous value: "TRACE") at C:\Program Files\dotnet\sdk\10.0.101\Sdks\Microsoft.NET.Sdk\targets\Microsoft.NET.Sdk.CSharp.targets (31,5)
       C:\Program Files\dotnet\sdk\10.0.101\Sdks\Microsoft.NET.Sdk\targets\Microsoft.NET.Sdk.CSharp.targets(45,5): message : Property reassignment: $(WarningsAsErrors)=";NU1605;SYSLIB0011" (previous value: ";NU1605") at C:\Program Files\dotnet\sdk\10.0.101\Sdks\Microsoft.NET.Sdk\targets\Microsoft.NET.Sdk.CSharp.targets (45,5)
       C:\Program Files\dotnet\sdk\10.0.101\NuGet.Build.Tasks.Pack.targets(34,5): message : Property reassignment: $(PackageDescription)="Package Description" (previous value: "") at C:\Program Files\dotnet\sdk\10.0.101\NuGet.Build.Tasks.Pack.targets (34,5)
       C:\Program Files\dotnet\sdk\10.0.101\NuGet.Build.Tasks.Pack.targets(59,5): message : Property reassignment: $(GenerateNuspecDependsOn)="Build;_LoadPackInputItems; _GetTargetFrameworksOutput; _WalkEachTargetPerFramework; _GetPackageFiles; " (previous value: "_LoadPackInputItems; _GetTargetFrameworksOutput; _WalkEachTargetPerFramework; _GetPackageFiles; ") at C:\Program Files\dotnet\sdk\10.0.101\NuGet.Build.Tasks.Pack.targets (59,5)
       C:\Program Files\dotnet\sdk\10.0.101\Sdks\Microsoft.NET.Sdk\Sdk\Sdk.targets(59,5): message : Property reassignment: $(_IsNotSetContainersTargetsDir)="true" (previous value: "false") at C:\Program Files\dotnet\sdk\10.0.101\Sdks\Microsoft.NET.Sdk\Sdk\Sdk.targets (59,5)
       C:\Program Files\dotnet\sdk\10.0.101\Containers\build\Microsoft.NET.Build.Containers.targets(5,5): message : Property reassignment: $(_IsSDKContainerAllowedVersion)="true" (previous value: "false") at C:\Program Files\dotnet\sdk\10.0.101\Containers\build\Microsoft.NET.Build.Containers.targets (5,5)
       C:\Program Files\dotnet\sdk\10.0.101\Containers\build\Microsoft.NET.Build.Containers.targets(15,5): message : Property reassignment: $(_ContainerIsTargetingNet8TFM)="true" (previous value: "false") at C:\Program Files\dotnet\sdk\10.0.101\Containers\build\Microsoft.NET.Build.Containers.targets (15,5)
       C:\Program Files\dotnet\sdk\10.0.101\Sdks\Microsoft.NET.Sdk.StaticWebAssets\targets\Sdk.StaticWebAssets.CurrentVersion.targets(37,18): message : Property 'DOTNET_HOST_PATH' with value 'C:\Program Files\dotnet\dotnet.exe' expanded from the environment.
       C:\Program Files\dotnet\sdk\10.0.101\Sdks\Microsoft.NET.Sdk.StaticWebAssets\targets\Microsoft.NET.Sdk.StaticWebAssets.targets(286,5): message : Property reassignment: $(PrepareForRunDependsOn)="StaticWebAssetsPrepareForRun;
       C:\Program Files\dotnet\sdk\10.0.101\Sdks\Microsoft.NET.Sdk.StaticWebAssets\targets\Microsoft.NET.Sdk.StaticWebAssets.targets(286,5): message :       CopyFilesToOutputDirectory
       C:\Program Files\dotnet\sdk\10.0.101\Sdks\Microsoft.NET.Sdk.StaticWebAssets\targets\Microsoft.NET.Sdk.StaticWebAssets.targets(286,5): message :     " (previous value: "
       C:\Program Files\dotnet\sdk\10.0.101\Sdks\Microsoft.NET.Sdk.StaticWebAssets\targets\Microsoft.NET.Sdk.StaticWebAssets.targets(286,5): message :       CopyFilesToOutputDirectory
       C:\Program Files\dotnet\sdk\10.0.101\Sdks\Microsoft.NET.Sdk.StaticWebAssets\targets\Microsoft.NET.Sdk.StaticWebAssets.targets(286,5): message :     ") at C:\Program Files\dotnet\sdk\10.0.101\Sdks\Microsoft.NET.Sdk.StaticWebAssets\targets\Microsoft.NET.Sdk.StaticWebAssets.targets (286,5)
       C:\Program Files\dotnet\sdk\10.0.101\Sdks\Microsoft.NET.Sdk.StaticWebAssets\targets\Microsoft.NET.Sdk.StaticWebAssets.targets(323,5): message : Property reassignment: $(GetCopyToOutputDirectoryItemsDependsOn)="
       C:\Program Files\dotnet\sdk\10.0.101\Sdks\Microsoft.NET.Sdk.StaticWebAssets\targets\Microsoft.NET.Sdk.StaticWebAssets.targets(323,5): message :       AssignTargetPaths;
       C:\Program Files\dotnet\sdk\10.0.101\Sdks\Microsoft.NET.Sdk.StaticWebAssets\targets\Microsoft.NET.Sdk.StaticWebAssets.targets(323,5): message :       
       C:\Program Files\dotnet\sdk\10.0.101\Sdks\Microsoft.NET.Sdk.StaticWebAssets\targets\Microsoft.NET.Sdk.StaticWebAssets.targets(323,5): message :       AssignProjectConfiguration;
       C:\Program Files\dotnet\sdk\10.0.101\Sdks\Microsoft.NET.Sdk.StaticWebAssets\targets\Microsoft.NET.Sdk.StaticWebAssets.targets(323,5): message :       _SplitProjectReferencesByFileExistence
       C:\Program Files\dotnet\sdk\10.0.101\Sdks\Microsoft.NET.Sdk.StaticWebAssets\targets\Microsoft.NET.Sdk.StaticWebAssets.targets(323,5): message :     ;
       C:\Program Files\dotnet\sdk\10.0.101\Sdks\Microsoft.NET.Sdk.StaticWebAssets\targets\Microsoft.NET.Sdk.StaticWebAssets.targets(323,5): message :       _GetProjectReferenceTargetFrameworkProperties;
       C:\Program Files\dotnet\sdk\10.0.101\Sdks\Microsoft.NET.Sdk.StaticWebAssets\targets\Microsoft.NET.Sdk.StaticWebAssets.targets(323,5): message :       _PopulateCommonStateForGetCopyToOutputDirectoryItems
       C:\Program Files\dotnet\sdk\10.0.101\Sdks\Microsoft.NET.Sdk.StaticWebAssets\targets\Microsoft.NET.Sdk.StaticWebAssets.targets(323,5): message :     ;AddStaticWebAssetsManifest;AddStaticWebAssetEndpointsBuildManifest" (previous value: "
       C:\Program Files\dotnet\sdk\10.0.101\Sdks\Microsoft.NET.Sdk.StaticWebAssets\targets\Microsoft.NET.Sdk.StaticWebAssets.targets(323,5): message :       AssignTargetPaths;
       C:\Program Files\dotnet\sdk\10.0.101\Sdks\Microsoft.NET.Sdk.StaticWebAssets\targets\Microsoft.NET.Sdk.StaticWebAssets.targets(323,5): message :       
       C:\Program Files\dotnet\sdk\10.0.101\Sdks\Microsoft.NET.Sdk.StaticWebAssets\targets\Microsoft.NET.Sdk.StaticWebAssets.targets(323,5): message :       AssignProjectConfiguration;
       C:\Program Files\dotnet\sdk\10.0.101\Sdks\Microsoft.NET.Sdk.StaticWebAssets\targets\Microsoft.NET.Sdk.StaticWebAssets.targets(323,5): message :       _SplitProjectReferencesByFileExistence
       C:\Program Files\dotnet\sdk\10.0.101\Sdks\Microsoft.NET.Sdk.StaticWebAssets\targets\Microsoft.NET.Sdk.StaticWebAssets.targets(323,5): message :     ;
       C:\Program Files\dotnet\sdk\10.0.101\Sdks\Microsoft.NET.Sdk.StaticWebAssets\targets\Microsoft.NET.Sdk.StaticWebAssets.targets(323,5): message :       _GetProjectReferenceTargetFrameworkProperties;
       C:\Program Files\dotnet\sdk\10.0.101\Sdks\Microsoft.NET.Sdk.StaticWebAssets\targets\Microsoft.NET.Sdk.StaticWebAssets.targets(323,5): message :       _PopulateCommonStateForGetCopyToOutputDirectoryItems
       C:\Program Files\dotnet\sdk\10.0.101\Sdks\Microsoft.NET.Sdk.StaticWebAssets\targets\Microsoft.NET.Sdk.StaticWebAssets.targets(323,5): message :     ") at C:\Program Files\dotnet\sdk\10.0.101\Sdks\Microsoft.NET.Sdk.StaticWebAssets\targets\Microsoft.NET.Sdk.StaticWebAssets.targets (323,5)
       C:\Program Files\dotnet\sdk\10.0.101\Sdks\Microsoft.NET.Sdk.StaticWebAssets\targets\Microsoft.NET.Sdk.StaticWebAssets.Pack.targets(46,5): message : Property reassignment: $(GenerateNuspecDependsOn)="
       C:\Program Files\dotnet\sdk\10.0.101\Sdks\Microsoft.NET.Sdk.StaticWebAssets\targets\Microsoft.NET.Sdk.StaticWebAssets.Pack.targets(46,5): message :       IncludeStaticWebAssetsPackItems;
       C:\Program Files\dotnet\sdk\10.0.101\Sdks\Microsoft.NET.Sdk.StaticWebAssets\targets\Microsoft.NET.Sdk.StaticWebAssets.Pack.targets(46,5): message :       Build;_LoadPackInputItems; _GetTargetFrameworksOutput; _WalkEachTargetPerFramework; _GetPackageFiles; ;
       C:\Program Files\dotnet\sdk\10.0.101\Sdks\Microsoft.NET.Sdk.StaticWebAssets\targets\Microsoft.NET.Sdk.StaticWebAssets.Pack.targets(46,5): message :     " (previous value: "Build;_LoadPackInputItems; _GetTargetFrameworksOutput; _WalkEachTargetPerFramework; _GetPackageFiles; ") at C:\Program Files\dotnet\sdk\10.0.101\Sdks\Microsoft.NET.Sdk.StaticWebAssets\targets\Microsoft.NET.Sdk.StaticWebAssets.Pack.targets (46,5)
       C:\Program Files\dotnet\sdk\10.0.101\Sdks\Microsoft.NET.Sdk.StaticWebAssets\targets\Microsoft.NET.Sdk.StaticWebAssets.Pack.targets(55,5): message : Property reassignment: $(IncludeStaticWebAssetsPackItemsDependsOn)="
       C:\Program Files\dotnet\sdk\10.0.101\Sdks\Microsoft.NET.Sdk.StaticWebAssets\targets\Microsoft.NET.Sdk.StaticWebAssets.Pack.targets(55,5): message :       Build;
       C:\Program Files\dotnet\sdk\10.0.101\Sdks\Microsoft.NET.Sdk.StaticWebAssets\targets\Microsoft.NET.Sdk.StaticWebAssets.Pack.targets(55,5): message :       ResolveStaticWebAssetsConfiguration;LoadStaticWebAssetsBuildManifest
       C:\Program Files\dotnet\sdk\10.0.101\Sdks\Microsoft.NET.Sdk.StaticWebAssets\targets\Microsoft.NET.Sdk.StaticWebAssets.Pack.targets(55,5): message :     ;
       C:\Program Files\dotnet\sdk\10.0.101\Sdks\Microsoft.NET.Sdk.StaticWebAssets\targets\Microsoft.NET.Sdk.StaticWebAssets.Pack.targets(55,5): message :     " (previous value: "
       C:\Program Files\dotnet\sdk\10.0.101\Sdks\Microsoft.NET.Sdk.StaticWebAssets\targets\Microsoft.NET.Sdk.StaticWebAssets.Pack.targets(55,5): message :       ResolveStaticWebAssetsConfiguration;LoadStaticWebAssetsBuildManifest
       C:\Program Files\dotnet\sdk\10.0.101\Sdks\Microsoft.NET.Sdk.StaticWebAssets\targets\Microsoft.NET.Sdk.StaticWebAssets.Pack.targets(55,5): message :     ") at C:\Program Files\dotnet\sdk\10.0.101\Sdks\Microsoft.NET.Sdk.StaticWebAssets\targets\Microsoft.NET.Sdk.StaticWebAssets.Pack.targets (55,5)
       C:\Program Files\dotnet\sdk\10.0.101\Sdks\Microsoft.NET.Sdk.StaticWebAssets\targets\Microsoft.NET.Sdk.StaticWebAssets.ScopedCss.targets(55,3): message : Property reassignment: $(ResolveStaticWebAssetsInputsDependsOn)="
       C:\Program Files\dotnet\sdk\10.0.101\Sdks\Microsoft.NET.Sdk.StaticWebAssets\targets\Microsoft.NET.Sdk.StaticWebAssets.ScopedCss.targets(55,3): message :     
       C:\Program Files\dotnet\sdk\10.0.101\Sdks\Microsoft.NET.Sdk.StaticWebAssets\targets\Microsoft.NET.Sdk.StaticWebAssets.ScopedCss.targets(55,3): message :       ResolveCoreStaticWebAssets;
       C:\Program Files\dotnet\sdk\10.0.101\Sdks\Microsoft.NET.Sdk.StaticWebAssets\targets\Microsoft.NET.Sdk.StaticWebAssets.ScopedCss.targets(55,3): message :       GenerateComputedBuildStaticWebAssets;
       C:\Program Files\dotnet\sdk\10.0.101\Sdks\Microsoft.NET.Sdk.StaticWebAssets\targets\Microsoft.NET.Sdk.StaticWebAssets.ScopedCss.targets(55,3): message :       
       C:\Program Files\dotnet\sdk\10.0.101\Sdks\Microsoft.NET.Sdk.StaticWebAssets\targets\Microsoft.NET.Sdk.StaticWebAssets.ScopedCss.targets(55,3): message :     ;
       C:\Program Files\dotnet\sdk\10.0.101\Sdks\Microsoft.NET.Sdk.StaticWebAssets\targets\Microsoft.NET.Sdk.StaticWebAssets.ScopedCss.targets(55,3): message :     ResolveScopedCssAssets;
       C:\Program Files\dotnet\sdk\10.0.101\Sdks\Microsoft.NET.Sdk.StaticWebAssets\targets\Microsoft.NET.Sdk.StaticWebAssets.ScopedCss.targets(55,3): message :   " (previous value: "
       C:\Program Files\dotnet\sdk\10.0.101\Sdks\Microsoft.NET.Sdk.StaticWebAssets\targets\Microsoft.NET.Sdk.StaticWebAssets.ScopedCss.targets(55,3): message :       ResolveCoreStaticWebAssets;
       C:\Program Files\dotnet\sdk\10.0.101\Sdks\Microsoft.NET.Sdk.StaticWebAssets\targets\Microsoft.NET.Sdk.StaticWebAssets.ScopedCss.targets(55,3): message :       GenerateComputedBuildStaticWebAssets;
       C:\Program Files\dotnet\sdk\10.0.101\Sdks\Microsoft.NET.Sdk.StaticWebAssets\targets\Microsoft.NET.Sdk.StaticWebAssets.ScopedCss.targets(55,3): message :       
       C:\Program Files\dotnet\sdk\10.0.101\Sdks\Microsoft.NET.Sdk.StaticWebAssets\targets\Microsoft.NET.Sdk.StaticWebAssets.ScopedCss.targets(55,3): message :     ") at C:\Program Files\dotnet\sdk\10.0.101\Sdks\Microsoft.NET.Sdk.StaticWebAssets\targets\Microsoft.NET.Sdk.StaticWebAssets.ScopedCss.targets (55,3)
       C:\Program Files\dotnet\sdk\10.0.101\Sdks\Microsoft.NET.Sdk.StaticWebAssets\targets\Microsoft.NET.Sdk.StaticWebAssets.ScopedCss.targets(88,3): message : Property reassignment: $(GenerateComputedBuildStaticWebAssetsDependsOn)="
       C:\Program Files\dotnet\sdk\10.0.101\Sdks\Microsoft.NET.Sdk.StaticWebAssets\targets\Microsoft.NET.Sdk.StaticWebAssets.ScopedCss.targets(88,3): message :     ResolveCoreStaticWebAssets;;
       C:\Program Files\dotnet\sdk\10.0.101\Sdks\Microsoft.NET.Sdk.StaticWebAssets\targets\Microsoft.NET.Sdk.StaticWebAssets.ScopedCss.targets(88,3): message :     BundleScopedCssFiles;
       C:\Program Files\dotnet\sdk\10.0.101\Sdks\Microsoft.NET.Sdk.StaticWebAssets\targets\Microsoft.NET.Sdk.StaticWebAssets.ScopedCss.targets(88,3): message :   " (previous value: "ResolveCoreStaticWebAssets;") at C:\Program Files\dotnet\sdk\10.0.101\Sdks\Microsoft.NET.Sdk.StaticWebAssets\targets\Microsoft.NET.Sdk.StaticWebAssets.ScopedCss.targets (88,3)
       C:\Program Files\dotnet\sdk\10.0.101\Sdks\Microsoft.NET.Sdk.StaticWebAssets\targets\Microsoft.NET.Sdk.StaticWebAssets.JSModules.targets(37,5): message : Property reassignment: $(ResolveCoreStaticWebAssetsDependsOn)="
       C:\Program Files\dotnet\sdk\10.0.101\Sdks\Microsoft.NET.Sdk.StaticWebAssets\targets\Microsoft.NET.Sdk.StaticWebAssets.JSModules.targets(37,5): message :       
       C:\Program Files\dotnet\sdk\10.0.101\Sdks\Microsoft.NET.Sdk.StaticWebAssets\targets\Microsoft.NET.Sdk.StaticWebAssets.JSModules.targets(37,5): message :       UpdateExistingPackageStaticWebAssets;
       C:\Program Files\dotnet\sdk\10.0.101\Sdks\Microsoft.NET.Sdk.StaticWebAssets\targets\Microsoft.NET.Sdk.StaticWebAssets.JSModules.targets(37,5): message :       ResolveProjectStaticWebAssets;
       C:\Program Files\dotnet\sdk\10.0.101\Sdks\Microsoft.NET.Sdk.StaticWebAssets\targets\Microsoft.NET.Sdk.StaticWebAssets.JSModules.targets(37,5): message :       ResolveEmbeddedProjectsStaticWebAssets;
       C:\Program Files\dotnet\sdk\10.0.101\Sdks\Microsoft.NET.Sdk.StaticWebAssets\targets\Microsoft.NET.Sdk.StaticWebAssets.JSModules.targets(37,5): message :       ResolveReferencedProjectsStaticWebAssets;
       C:\Program Files\dotnet\sdk\10.0.101\Sdks\Microsoft.NET.Sdk.StaticWebAssets\targets\Microsoft.NET.Sdk.StaticWebAssets.JSModules.targets(37,5): message :       ;
       C:\Program Files\dotnet\sdk\10.0.101\Sdks\Microsoft.NET.Sdk.StaticWebAssets\targets\Microsoft.NET.Sdk.StaticWebAssets.JSModules.targets(37,5): message :     ;
       C:\Program Files\dotnet\sdk\10.0.101\Sdks\Microsoft.NET.Sdk.StaticWebAssets\targets\Microsoft.NET.Sdk.StaticWebAssets.JSModules.targets(37,5): message :       ResolveJsInitializerModuleStaticWebAssets;
       C:\Program Files\dotnet\sdk\10.0.101\Sdks\Microsoft.NET.Sdk.StaticWebAssets\targets\Microsoft.NET.Sdk.StaticWebAssets.JSModules.targets(37,5): message :     " (previous value: "
       C:\Program Files\dotnet\sdk\10.0.101\Sdks\Microsoft.NET.Sdk.StaticWebAssets\targets\Microsoft.NET.Sdk.StaticWebAssets.JSModules.targets(37,5): message :       UpdateExistingPackageStaticWebAssets;
       C:\Program Files\dotnet\sdk\10.0.101\Sdks\Microsoft.NET.Sdk.StaticWebAssets\targets\Microsoft.NET.Sdk.StaticWebAssets.JSModules.targets(37,5): message :       ResolveProjectStaticWebAssets;
       C:\Program Files\dotnet\sdk\10.0.101\Sdks\Microsoft.NET.Sdk.StaticWebAssets\targets\Microsoft.NET.Sdk.StaticWebAssets.JSModules.targets(37,5): message :       ResolveEmbeddedProjectsStaticWebAssets;
       C:\Program Files\dotnet\sdk\10.0.101\Sdks\Microsoft.NET.Sdk.StaticWebAssets\targets\Microsoft.NET.Sdk.StaticWebAssets.JSModules.targets(37,5): message :       ResolveReferencedProjectsStaticWebAssets;
       C:\Program Files\dotnet\sdk\10.0.101\Sdks\Microsoft.NET.Sdk.StaticWebAssets\targets\Microsoft.NET.Sdk.StaticWebAssets.JSModules.targets(37,5): message :       ;
       C:\Program Files\dotnet\sdk\10.0.101\Sdks\Microsoft.NET.Sdk.StaticWebAssets\targets\Microsoft.NET.Sdk.StaticWebAssets.JSModules.targets(37,5): message :     ") at C:\Program Files\dotnet\sdk\10.0.101\Sdks\Microsoft.NET.Sdk.StaticWebAssets\targets\Microsoft.NET.Sdk.StaticWebAssets.JSModules.targets (37,5)
       C:\Program Files\dotnet\sdk\10.0.101\Sdks\Microsoft.NET.Sdk.StaticWebAssets\targets\Microsoft.NET.Sdk.StaticWebAssets.JSModules.targets(42,5): message : Property reassignment: $(ResolveCoreStaticWebAssetsDependsOn)="
       C:\Program Files\dotnet\sdk\10.0.101\Sdks\Microsoft.NET.Sdk.StaticWebAssets\targets\Microsoft.NET.Sdk.StaticWebAssets.JSModules.targets(42,5): message :       
       C:\Program Files\dotnet\sdk\10.0.101\Sdks\Microsoft.NET.Sdk.StaticWebAssets\targets\Microsoft.NET.Sdk.StaticWebAssets.JSModules.targets(42,5): message :       
       C:\Program Files\dotnet\sdk\10.0.101\Sdks\Microsoft.NET.Sdk.StaticWebAssets\targets\Microsoft.NET.Sdk.StaticWebAssets.JSModules.targets(42,5): message :       UpdateExistingPackageStaticWebAssets;
       C:\Program Files\dotnet\sdk\10.0.101\Sdks\Microsoft.NET.Sdk.StaticWebAssets\targets\Microsoft.NET.Sdk.StaticWebAssets.JSModules.targets(42,5): message :       ResolveProjectStaticWebAssets;
       C:\Program Files\dotnet\sdk\10.0.101\Sdks\Microsoft.NET.Sdk.StaticWebAssets\targets\Microsoft.NET.Sdk.StaticWebAssets.JSModules.targets(42,5): message :       ResolveEmbeddedProjectsStaticWebAssets;
       C:\Program Files\dotnet\sdk\10.0.101\Sdks\Microsoft.NET.Sdk.StaticWebAssets\targets\Microsoft.NET.Sdk.StaticWebAssets.JSModules.targets(42,5): message :       ResolveReferencedProjectsStaticWebAssets;
       C:\Program Files\dotnet\sdk\10.0.101\Sdks\Microsoft.NET.Sdk.StaticWebAssets\targets\Microsoft.NET.Sdk.StaticWebAssets.JSModules.targets(42,5): message :       ;
       C:\Program Files\dotnet\sdk\10.0.101\Sdks\Microsoft.NET.Sdk.StaticWebAssets\targets\Microsoft.NET.Sdk.StaticWebAssets.JSModules.targets(42,5): message :     ;
       C:\Program Files\dotnet\sdk\10.0.101\Sdks\Microsoft.NET.Sdk.StaticWebAssets\targets\Microsoft.NET.Sdk.StaticWebAssets.JSModules.targets(42,5): message :       ResolveJsInitializerModuleStaticWebAssets;
       C:\Program Files\dotnet\sdk\10.0.101\Sdks\Microsoft.NET.Sdk.StaticWebAssets\targets\Microsoft.NET.Sdk.StaticWebAssets.JSModules.targets(42,5): message :     ;
       C:\Program Files\dotnet\sdk\10.0.101\Sdks\Microsoft.NET.Sdk.StaticWebAssets\targets\Microsoft.NET.Sdk.StaticWebAssets.JSModules.targets(42,5): message :       ResolveJSModuleStaticWebAssets;
       C:\Program Files\dotnet\sdk\10.0.101\Sdks\Microsoft.NET.Sdk.StaticWebAssets\targets\Microsoft.NET.Sdk.StaticWebAssets.JSModules.targets(42,5): message :     " (previous value: "
       C:\Program Files\dotnet\sdk\10.0.101\Sdks\Microsoft.NET.Sdk.StaticWebAssets\targets\Microsoft.NET.Sdk.StaticWebAssets.JSModules.targets(42,5): message :       
       C:\Program Files\dotnet\sdk\10.0.101\Sdks\Microsoft.NET.Sdk.StaticWebAssets\targets\Microsoft.NET.Sdk.StaticWebAssets.JSModules.targets(42,5): message :       UpdateExistingPackageStaticWebAssets;
       C:\Program Files\dotnet\sdk\10.0.101\Sdks\Microsoft.NET.Sdk.StaticWebAssets\targets\Microsoft.NET.Sdk.StaticWebAssets.JSModules.targets(42,5): message :       ResolveProjectStaticWebAssets;
       C:\Program Files\dotnet\sdk\10.0.101\Sdks\Microsoft.NET.Sdk.StaticWebAssets\targets\Microsoft.NET.Sdk.StaticWebAssets.JSModules.targets(42,5): message :       ResolveEmbeddedProjectsStaticWebAssets;
       C:\Program Files\dotnet\sdk\10.0.101\Sdks\Microsoft.NET.Sdk.StaticWebAssets\targets\Microsoft.NET.Sdk.StaticWebAssets.JSModules.targets(42,5): message :       ResolveReferencedProjectsStaticWebAssets;
       C:\Program Files\dotnet\sdk\10.0.101\Sdks\Microsoft.NET.Sdk.StaticWebAssets\targets\Microsoft.NET.Sdk.StaticWebAssets.JSModules.targets(42,5): message :       ;
       C:\Program Files\dotnet\sdk\10.0.101\Sdks\Microsoft.NET.Sdk.StaticWebAssets\targets\Microsoft.NET.Sdk.StaticWebAssets.JSModules.targets(42,5): message :     ;
       C:\Program Files\dotnet\sdk\10.0.101\Sdks\Microsoft.NET.Sdk.StaticWebAssets\targets\Microsoft.NET.Sdk.StaticWebAssets.JSModules.targets(42,5): message :       ResolveJsInitializerModuleStaticWebAssets;
       C:\Program Files\dotnet\sdk\10.0.101\Sdks\Microsoft.NET.Sdk.StaticWebAssets\targets\Microsoft.NET.Sdk.StaticWebAssets.JSModules.targets(42,5): message :     ") at C:\Program Files\dotnet\sdk\10.0.101\Sdks\Microsoft.NET.Sdk.StaticWebAssets\targets\Microsoft.NET.Sdk.StaticWebAssets.JSModules.targets (42,5)
       C:\Program Files\dotnet\sdk\10.0.101\Sdks\Microsoft.NET.Sdk.StaticWebAssets\targets\Microsoft.NET.Sdk.StaticWebAssets.JSModules.targets(57,5): message : Property reassignment: $(ResolveStaticWebAssetsInputsDependsOn)="
       C:\Program Files\dotnet\sdk\10.0.101\Sdks\Microsoft.NET.Sdk.StaticWebAssets\targets\Microsoft.NET.Sdk.StaticWebAssets.JSModules.targets(57,5): message :       ResolveJSModuleManifestBuildStaticWebAssets;
       C:\Program Files\dotnet\sdk\10.0.101\Sdks\Microsoft.NET.Sdk.StaticWebAssets\targets\Microsoft.NET.Sdk.StaticWebAssets.JSModules.targets(57,5): message :       
       C:\Program Files\dotnet\sdk\10.0.101\Sdks\Microsoft.NET.Sdk.StaticWebAssets\targets\Microsoft.NET.Sdk.StaticWebAssets.JSModules.targets(57,5): message :     
       C:\Program Files\dotnet\sdk\10.0.101\Sdks\Microsoft.NET.Sdk.StaticWebAssets\targets\Microsoft.NET.Sdk.StaticWebAssets.JSModules.targets(57,5): message :       ResolveCoreStaticWebAssets;
       C:\Program Files\dotnet\sdk\10.0.101\Sdks\Microsoft.NET.Sdk.StaticWebAssets\targets\Microsoft.NET.Sdk.StaticWebAssets.JSModules.targets(57,5): message :       GenerateComputedBuildStaticWebAssets;
       C:\Program Files\dotnet\sdk\10.0.101\Sdks\Microsoft.NET.Sdk.StaticWebAssets\targets\Microsoft.NET.Sdk.StaticWebAssets.JSModules.targets(57,5): message :       
       C:\Program Files\dotnet\sdk\10.0.101\Sdks\Microsoft.NET.Sdk.StaticWebAssets\targets\Microsoft.NET.Sdk.StaticWebAssets.JSModules.targets(57,5): message :     ;
       C:\Program Files\dotnet\sdk\10.0.101\Sdks\Microsoft.NET.Sdk.StaticWebAssets\targets\Microsoft.NET.Sdk.StaticWebAssets.JSModules.targets(57,5): message :     ResolveScopedCssAssets;
       C:\Program Files\dotnet\sdk\10.0.101\Sdks\Microsoft.NET.Sdk.StaticWebAssets\targets\Microsoft.NET.Sdk.StaticWebAssets.JSModules.targets(57,5): message :   
       C:\Program Files\dotnet\sdk\10.0.101\Sdks\Microsoft.NET.Sdk.StaticWebAssets\targets\Microsoft.NET.Sdk.StaticWebAssets.JSModules.targets(57,5): message :     " (previous value: "
       C:\Program Files\dotnet\sdk\10.0.101\Sdks\Microsoft.NET.Sdk.StaticWebAssets\targets\Microsoft.NET.Sdk.StaticWebAssets.JSModules.targets(57,5): message :     
       C:\Program Files\dotnet\sdk\10.0.101\Sdks\Microsoft.NET.Sdk.StaticWebAssets\targets\Microsoft.NET.Sdk.StaticWebAssets.JSModules.targets(57,5): message :       ResolveCoreStaticWebAssets;
       C:\Program Files\dotnet\sdk\10.0.101\Sdks\Microsoft.NET.Sdk.StaticWebAssets\targets\Microsoft.NET.Sdk.StaticWebAssets.JSModules.targets(57,5): message :       GenerateComputedBuildStaticWebAssets;
       C:\Program Files\dotnet\sdk\10.0.101\Sdks\Microsoft.NET.Sdk.StaticWebAssets\targets\Microsoft.NET.Sdk.StaticWebAssets.JSModules.targets(57,5): message :       
       C:\Program Files\dotnet\sdk\10.0.101\Sdks\Microsoft.NET.Sdk.StaticWebAssets\targets\Microsoft.NET.Sdk.StaticWebAssets.JSModules.targets(57,5): message :     ;
       C:\Program Files\dotnet\sdk\10.0.101\Sdks\Microsoft.NET.Sdk.StaticWebAssets\targets\Microsoft.NET.Sdk.StaticWebAssets.JSModules.targets(57,5): message :     ResolveScopedCssAssets;
       C:\Program Files\dotnet\sdk\10.0.101\Sdks\Microsoft.NET.Sdk.StaticWebAssets\targets\Microsoft.NET.Sdk.StaticWebAssets.JSModules.targets(57,5): message :   ") at C:\Program Files\dotnet\sdk\10.0.101\Sdks\Microsoft.NET.Sdk.StaticWebAssets\targets\Microsoft.NET.Sdk.StaticWebAssets.JSModules.targets (57,5)
       C:\Program Files\dotnet\sdk\10.0.101\Sdks\Microsoft.NET.Sdk.StaticWebAssets\targets\Microsoft.NET.Sdk.StaticWebAssets.JSModules.targets(76,5): message : Property reassignment: $(ResolvePublishStaticWebAssetsDependsOn)="
       C:\Program Files\dotnet\sdk\10.0.101\Sdks\Microsoft.NET.Sdk.StaticWebAssets\targets\Microsoft.NET.Sdk.StaticWebAssets.JSModules.targets(76,5): message :       ResolveJSModuleManifestPublishStaticWebAssets;
       C:\Program Files\dotnet\sdk\10.0.101\Sdks\Microsoft.NET.Sdk.StaticWebAssets\targets\Microsoft.NET.Sdk.StaticWebAssets.JSModules.targets(76,5): message :       
       C:\Program Files\dotnet\sdk\10.0.101\Sdks\Microsoft.NET.Sdk.StaticWebAssets\targets\Microsoft.NET.Sdk.StaticWebAssets.JSModules.targets(76,5): message :       ResolveCorePublishStaticWebAssets;
       C:\Program Files\dotnet\sdk\10.0.101\Sdks\Microsoft.NET.Sdk.StaticWebAssets\targets\Microsoft.NET.Sdk.StaticWebAssets.JSModules.targets(76,5): message :       GenerateComputedPublishStaticWebAssets;
       C:\Program Files\dotnet\sdk\10.0.101\Sdks\Microsoft.NET.Sdk.StaticWebAssets\targets\Microsoft.NET.Sdk.StaticWebAssets.JSModules.targets(76,5): message :       ;
       C:\Program Files\dotnet\sdk\10.0.101\Sdks\Microsoft.NET.Sdk.StaticWebAssets\targets\Microsoft.NET.Sdk.StaticWebAssets.JSModules.targets(76,5): message :     
       C:\Program Files\dotnet\sdk\10.0.101\Sdks\Microsoft.NET.Sdk.StaticWebAssets\targets\Microsoft.NET.Sdk.StaticWebAssets.JSModules.targets(76,5): message :     " (previous value: "
       C:\Program Files\dotnet\sdk\10.0.101\Sdks\Microsoft.NET.Sdk.StaticWebAssets\targets\Microsoft.NET.Sdk.StaticWebAssets.JSModules.targets(76,5): message :       ResolveCorePublishStaticWebAssets;
       C:\Program Files\dotnet\sdk\10.0.101\Sdks\Microsoft.NET.Sdk.StaticWebAssets\targets\Microsoft.NET.Sdk.StaticWebAssets.JSModules.targets(76,5): message :       GenerateComputedPublishStaticWebAssets;
       C:\Program Files\dotnet\sdk\10.0.101\Sdks\Microsoft.NET.Sdk.StaticWebAssets\targets\Microsoft.NET.Sdk.StaticWebAssets.JSModules.targets(76,5): message :       ;
       C:\Program Files\dotnet\sdk\10.0.101\Sdks\Microsoft.NET.Sdk.StaticWebAssets\targets\Microsoft.NET.Sdk.StaticWebAssets.JSModules.targets(76,5): message :     ") at C:\Program Files\dotnet\sdk\10.0.101\Sdks\Microsoft.NET.Sdk.StaticWebAssets\targets\Microsoft.NET.Sdk.StaticWebAssets.JSModules.targets (76,5)
       C:\Program Files\dotnet\sdk\10.0.101\Sdks\Microsoft.NET.Sdk.StaticWebAssets\targets\Microsoft.NET.Sdk.StaticWebAssets.Compression.targets(185,5): message : Property reassignment: $(ResolveBuildRelatedStaticWebAssetsDependsOn)="
       C:\Program Files\dotnet\sdk\10.0.101\Sdks\Microsoft.NET.Sdk.StaticWebAssets\targets\Microsoft.NET.Sdk.StaticWebAssets.Compression.targets(185,5): message :       ResolveBuildCompressedStaticWebAssets;
       C:\Program Files\dotnet\sdk\10.0.101\Sdks\Microsoft.NET.Sdk.StaticWebAssets\targets\Microsoft.NET.Sdk.StaticWebAssets.Compression.targets(185,5): message :       
       C:\Program Files\dotnet\sdk\10.0.101\Sdks\Microsoft.NET.Sdk.StaticWebAssets\targets\Microsoft.NET.Sdk.StaticWebAssets.Compression.targets(185,5): message :       ResolveStaticWebAssetsInputs;
       C:\Program Files\dotnet\sdk\10.0.101\Sdks\Microsoft.NET.Sdk.StaticWebAssets\targets\Microsoft.NET.Sdk.StaticWebAssets.Compression.targets(185,5): message :       
       C:\Program Files\dotnet\sdk\10.0.101\Sdks\Microsoft.NET.Sdk.StaticWebAssets\targets\Microsoft.NET.Sdk.StaticWebAssets.Compression.targets(185,5): message :     
       C:\Program Files\dotnet\sdk\10.0.101\Sdks\Microsoft.NET.Sdk.StaticWebAssets\targets\Microsoft.NET.Sdk.StaticWebAssets.Compression.targets(185,5): message :     " (previous value: "
       C:\Program Files\dotnet\sdk\10.0.101\Sdks\Microsoft.NET.Sdk.StaticWebAssets\targets\Microsoft.NET.Sdk.StaticWebAssets.Compression.targets(185,5): message :       ResolveStaticWebAssetsInputs;
       C:\Program Files\dotnet\sdk\10.0.101\Sdks\Microsoft.NET.Sdk.StaticWebAssets\targets\Microsoft.NET.Sdk.StaticWebAssets.Compression.targets(185,5): message :       
       C:\Program Files\dotnet\sdk\10.0.101\Sdks\Microsoft.NET.Sdk.StaticWebAssets\targets\Microsoft.NET.Sdk.StaticWebAssets.Compression.targets(185,5): message :     ") at C:\Program Files\dotnet\sdk\10.0.101\Sdks\Microsoft.NET.Sdk.StaticWebAssets\targets\Microsoft.NET.Sdk.StaticWebAssets.Compression.targets (185,5)
       C:\Program Files\dotnet\sdk\10.0.101\Sdks\Microsoft.NET.Sdk.StaticWebAssets\targets\Microsoft.NET.Sdk.StaticWebAssets.Compression.targets(204,5): message : Property reassignment: $(ResolvePublishRelatedStaticWebAssetsDependsOn)="
       C:\Program Files\dotnet\sdk\10.0.101\Sdks\Microsoft.NET.Sdk.StaticWebAssets\targets\Microsoft.NET.Sdk.StaticWebAssets.Compression.targets(204,5): message :       ResolvePublishCompressedStaticWebAssets;
       C:\Program Files\dotnet\sdk\10.0.101\Sdks\Microsoft.NET.Sdk.StaticWebAssets\targets\Microsoft.NET.Sdk.StaticWebAssets.Compression.targets(204,5): message :       
       C:\Program Files\dotnet\sdk\10.0.101\Sdks\Microsoft.NET.Sdk.StaticWebAssets\targets\Microsoft.NET.Sdk.StaticWebAssets.Compression.targets(204,5): message :     " (previous value: "") at C:\Program Files\dotnet\sdk\10.0.101\Sdks\Microsoft.NET.Sdk.StaticWebAssets\targets\Microsoft.NET.Sdk.StaticWebAssets.Compression.targets (204,5)
       C:\Program Files\dotnet\sdk\10.0.101\Sdks\Microsoft.NET.Sdk.Razor\targets\Sdk.Razor.CurrentVersion.targets(220,5): message : Property reassignment: $(DebugSymbolsProjectOutputGroupDependsOn)="
       C:\Program Files\dotnet\sdk\10.0.101\Sdks\Microsoft.NET.Sdk.Razor\targets\Sdk.Razor.CurrentVersion.targets(220,5): message :       ;
       C:\Program Files\dotnet\sdk\10.0.101\Sdks\Microsoft.NET.Sdk.Razor\targets\Sdk.Razor.CurrentVersion.targets(220,5): message :       _RazorAddDebugSymbolsProjectOutputGroupOutput
       C:\Program Files\dotnet\sdk\10.0.101\Sdks\Microsoft.NET.Sdk.Razor\targets\Sdk.Razor.CurrentVersion.targets(220,5): message :     " (previous value: "") at C:\Program Files\dotnet\sdk\10.0.101\Sdks\Microsoft.NET.Sdk.Razor\targets\Sdk.Razor.CurrentVersion.targets (220,5)
       C:\Program Files\dotnet\sdk\10.0.101\Sdks\Microsoft.NET.Sdk.Razor\targets\Sdk.Razor.CurrentVersion.targets(225,5): message : Property reassignment: $(PrepareForBuildDependsOn)="
       C:\Program Files\dotnet\sdk\10.0.101\Sdks\Microsoft.NET.Sdk.Razor\targets\Sdk.Razor.CurrentVersion.targets(225,5): message :       ;GetFrameworkPaths;GetReferenceAssemblyPaths;AssignLinkMetadata;
       C:\Program Files\dotnet\sdk\10.0.101\Sdks\Microsoft.NET.Sdk.Razor\targets\Sdk.Razor.CurrentVersion.targets(225,5): message :       ResolveRazorGenerateInputs
       C:\Program Files\dotnet\sdk\10.0.101\Sdks\Microsoft.NET.Sdk.Razor\targets\Sdk.Razor.CurrentVersion.targets(225,5): message :     " (previous value: ";GetFrameworkPaths;GetReferenceAssemblyPaths;AssignLinkMetadata") at C:\Program Files\dotnet\sdk\10.0.101\Sdks\Microsoft.NET.Sdk.Razor\targets\Sdk.Razor.CurrentVersion.targets (225,5)
       C:\Program Files\dotnet\sdk\10.0.101\Sdks\Microsoft.NET.Sdk.Razor\targets\Sdk.Razor.CurrentVersion.targets(230,5): message : Property reassignment: $(GenerateNuspecDependsOn)="
       C:\Program Files\dotnet\sdk\10.0.101\Sdks\Microsoft.NET.Sdk.Razor\targets\Sdk.Razor.CurrentVersion.targets(230,5): message :       ResolveRazorGenerateInputs;
       C:\Program Files\dotnet\sdk\10.0.101\Sdks\Microsoft.NET.Sdk.Razor\targets\Sdk.Razor.CurrentVersion.targets(230,5): message :       
       C:\Program Files\dotnet\sdk\10.0.101\Sdks\Microsoft.NET.Sdk.Razor\targets\Sdk.Razor.CurrentVersion.targets(230,5): message :       IncludeStaticWebAssetsPackItems;
       C:\Program Files\dotnet\sdk\10.0.101\Sdks\Microsoft.NET.Sdk.Razor\targets\Sdk.Razor.CurrentVersion.targets(230,5): message :       Build;_LoadPackInputItems; _GetTargetFrameworksOutput; _WalkEachTargetPerFramework; _GetPackageFiles; ;
       C:\Program Files\dotnet\sdk\10.0.101\Sdks\Microsoft.NET.Sdk.Razor\targets\Sdk.Razor.CurrentVersion.targets(230,5): message :     
       C:\Program Files\dotnet\sdk\10.0.101\Sdks\Microsoft.NET.Sdk.Razor\targets\Sdk.Razor.CurrentVersion.targets(230,5): message :     " (previous value: "
       C:\Program Files\dotnet\sdk\10.0.101\Sdks\Microsoft.NET.Sdk.Razor\targets\Sdk.Razor.CurrentVersion.targets(230,5): message :       IncludeStaticWebAssetsPackItems;
       C:\Program Files\dotnet\sdk\10.0.101\Sdks\Microsoft.NET.Sdk.Razor\targets\Sdk.Razor.CurrentVersion.targets(230,5): message :       Build;_LoadPackInputItems; _GetTargetFrameworksOutput; _WalkEachTargetPerFramework; _GetPackageFiles; ;
       C:\Program Files\dotnet\sdk\10.0.101\Sdks\Microsoft.NET.Sdk.Razor\targets\Sdk.Razor.CurrentVersion.targets(230,5): message :     ") at C:\Program Files\dotnet\sdk\10.0.101\Sdks\Microsoft.NET.Sdk.Razor\targets\Sdk.Razor.CurrentVersion.targets (230,5)
       C:\Program Files\dotnet\sdk\10.0.101\Sdks\Microsoft.NET.Sdk.Razor\targets\Sdk.Razor.CurrentVersion.targets(235,5): message : Property reassignment: $(PrepareForRunDependsOn)="
       C:\Program Files\dotnet\sdk\10.0.101\Sdks\Microsoft.NET.Sdk.Razor\targets\Sdk.Razor.CurrentVersion.targets(235,5): message :       _RazorPrepareForRun;
       C:\Program Files\dotnet\sdk\10.0.101\Sdks\Microsoft.NET.Sdk.Razor\targets\Sdk.Razor.CurrentVersion.targets(235,5): message :       StaticWebAssetsPrepareForRun;
       C:\Program Files\dotnet\sdk\10.0.101\Sdks\Microsoft.NET.Sdk.Razor\targets\Sdk.Razor.CurrentVersion.targets(235,5): message :       CopyFilesToOutputDirectory
       C:\Program Files\dotnet\sdk\10.0.101\Sdks\Microsoft.NET.Sdk.Razor\targets\Sdk.Razor.CurrentVersion.targets(235,5): message :     
       C:\Program Files\dotnet\sdk\10.0.101\Sdks\Microsoft.NET.Sdk.Razor\targets\Sdk.Razor.CurrentVersion.targets(235,5): message :     " (previous value: "StaticWebAssetsPrepareForRun;
       C:\Program Files\dotnet\sdk\10.0.101\Sdks\Microsoft.NET.Sdk.Razor\targets\Sdk.Razor.CurrentVersion.targets(235,5): message :       CopyFilesToOutputDirectory
       C:\Program Files\dotnet\sdk\10.0.101\Sdks\Microsoft.NET.Sdk.Razor\targets\Sdk.Razor.CurrentVersion.targets(235,5): message :     ") at C:\Program Files\dotnet\sdk\10.0.101\Sdks\Microsoft.NET.Sdk.Razor\targets\Sdk.Razor.CurrentVersion.targets (235,5)
       C:\Program Files\dotnet\sdk\10.0.101\Sdks\Microsoft.NET.Sdk.Razor\targets\Sdk.Razor.CurrentVersion.targets(326,5): message : Property reassignment: $(UseRazorBuildServer)="true" (previous value: "") at C:\Program Files\dotnet\sdk\10.0.101\Sdks\Microsoft.NET.Sdk.Razor\targets\Sdk.Razor.CurrentVersion.targets (326,5)
       C:\Program Files\dotnet\sdk\10.0.101\Sdks\Microsoft.NET.Sdk.Razor\targets\Sdk.Razor.CurrentVersion.targets(332,5): message : Property reassignment: $(_RazorDebugSymbolsProduced)="true" (previous value: "false") at C:\Program Files\dotnet\sdk\10.0.101\Sdks\Microsoft.NET.Sdk.Razor\targets\Sdk.Razor.CurrentVersion.targets (332,5)
       C:\Program Files\dotnet\sdk\10.0.101\Sdks\Microsoft.NET.Sdk.Razor\targets\Microsoft.NET.Sdk.Razor.GenerateAssemblyInfo.targets(36,5): message : Property reassignment: $(GenerateRazorTargetAssemblyInfoDependsOn)="
       C:\Program Files\dotnet\sdk\10.0.101\Sdks\Microsoft.NET.Sdk.Razor\targets\Microsoft.NET.Sdk.Razor.GenerateAssemblyInfo.targets(36,5): message :       _ResolveMvcAssemblyAttributes;
       C:\Program Files\dotnet\sdk\10.0.101\Sdks\Microsoft.NET.Sdk.Razor\targets\Microsoft.NET.Sdk.Razor.GenerateAssemblyInfo.targets(36,5): message :       
       C:\Program Files\dotnet\sdk\10.0.101\Sdks\Microsoft.NET.Sdk.Razor\targets\Microsoft.NET.Sdk.Razor.GenerateAssemblyInfo.targets(36,5): message :       GetRazorTargetAssemblyAttributes;
       C:\Program Files\dotnet\sdk\10.0.101\Sdks\Microsoft.NET.Sdk.Razor\targets\Microsoft.NET.Sdk.Razor.GenerateAssemblyInfo.targets(36,5): message :       _CreateRazorTargetAssemblyInfoInputsCacheFile;
       C:\Program Files\dotnet\sdk\10.0.101\Sdks\Microsoft.NET.Sdk.Razor\targets\Microsoft.NET.Sdk.Razor.GenerateAssemblyInfo.targets(36,5): message :       CoreGenerateRazorTargetAssemblyInfo
       C:\Program Files\dotnet\sdk\10.0.101\Sdks\Microsoft.NET.Sdk.Razor\targets\Microsoft.NET.Sdk.Razor.GenerateAssemblyInfo.targets(36,5): message :     
       C:\Program Files\dotnet\sdk\10.0.101\Sdks\Microsoft.NET.Sdk.Razor\targets\Microsoft.NET.Sdk.Razor.GenerateAssemblyInfo.targets(36,5): message :     " (previous value: "
       C:\Program Files\dotnet\sdk\10.0.101\Sdks\Microsoft.NET.Sdk.Razor\targets\Microsoft.NET.Sdk.Razor.GenerateAssemblyInfo.targets(36,5): message :       GetRazorTargetAssemblyAttributes;
       C:\Program Files\dotnet\sdk\10.0.101\Sdks\Microsoft.NET.Sdk.Razor\targets\Microsoft.NET.Sdk.Razor.GenerateAssemblyInfo.targets(36,5): message :       _CreateRazorTargetAssemblyInfoInputsCacheFile;
       C:\Program Files\dotnet\sdk\10.0.101\Sdks\Microsoft.NET.Sdk.Razor\targets\Microsoft.NET.Sdk.Razor.GenerateAssemblyInfo.targets(36,5): message :       CoreGenerateRazorTargetAssemblyInfo
       C:\Program Files\dotnet\sdk\10.0.101\Sdks\Microsoft.NET.Sdk.Razor\targets\Microsoft.NET.Sdk.Razor.GenerateAssemblyInfo.targets(36,5): message :     ") at C:\Program Files\dotnet\sdk\10.0.101\Sdks\Microsoft.NET.Sdk.Razor\targets\Microsoft.NET.Sdk.Razor.GenerateAssemblyInfo.targets (36,5)
       C:\Program Files\dotnet\sdk\10.0.101\Sdks\Microsoft.NET.Sdk.Razor\targets\Microsoft.NET.Sdk.Razor.GenerateAssemblyInfo.targets(181,5): message : Property reassignment: $(CoreCompileDependsOn)="
       C:\Program Files\dotnet\sdk\10.0.101\Sdks\Microsoft.NET.Sdk.Razor\targets\Microsoft.NET.Sdk.Razor.GenerateAssemblyInfo.targets(181,5): message :       ;_ComputeNonExistentFileProperty;ResolveCodeAnalysisRuleSet;
       C:\Program Files\dotnet\sdk\10.0.101\Sdks\Microsoft.NET.Sdk.Razor\targets\Microsoft.NET.Sdk.Razor.GenerateAssemblyInfo.targets(181,5): message :       _GenerateRazorAssemblyInfo
       C:\Program Files\dotnet\sdk\10.0.101\Sdks\Microsoft.NET.Sdk.Razor\targets\Microsoft.NET.Sdk.Razor.GenerateAssemblyInfo.targets(181,5): message :     " (previous value: ";_ComputeNonExistentFileProperty;ResolveCodeAnalysisRuleSet") at C:\Program Files\dotnet\sdk\10.0.101\Sdks\Microsoft.NET.Sdk.Razor\targets\Microsoft.NET.Sdk.Razor.GenerateAssemblyInfo.targets (181,5)
       C:\Program Files\dotnet\sdk\10.0.101\Sdks\Microsoft.NET.Sdk.Razor\targets\Microsoft.NET.Sdk.Razor.GenerateAssemblyInfo.targets(189,5): message : Property reassignment: $(_GenerateRazorAssemblyInfoDependsOn)="
       C:\Program Files\dotnet\sdk\10.0.101\Sdks\Microsoft.NET.Sdk.Razor\targets\Microsoft.NET.Sdk.Razor.GenerateAssemblyInfo.targets(189,5): message :       _ResolveMvcAssemblyAttributes;
       C:\Program Files\dotnet\sdk\10.0.101\Sdks\Microsoft.NET.Sdk.Razor\targets\Microsoft.NET.Sdk.Razor.GenerateAssemblyInfo.targets(189,5): message :       RazorGetAssemblyAttributes;PrepareForBuild;_CoreGenerateRazorAssemblyInfo;
       C:\Program Files\dotnet\sdk\10.0.101\Sdks\Microsoft.NET.Sdk.Razor\targets\Microsoft.NET.Sdk.Razor.GenerateAssemblyInfo.targets(189,5): message :     " (previous value: "RazorGetAssemblyAttributes;PrepareForBuild;_CoreGenerateRazorAssemblyInfo") at C:\Program Files\dotnet\sdk\10.0.101\Sdks\Microsoft.NET.Sdk.Razor\targets\Microsoft.NET.Sdk.Razor.GenerateAssemblyInfo.targets (189,5)
       C:\Program Files\dotnet\sdk\10.0.101\Sdks\Microsoft.NET.Sdk.Razor\targets\Microsoft.NET.Sdk.Razor.MvcApplicationPartsDiscovery.targets(22,5): message : Property reassignment: $(CoreCompileDependsOn)="
       C:\Program Files\dotnet\sdk\10.0.101\Sdks\Microsoft.NET.Sdk.Razor\targets\Microsoft.NET.Sdk.Razor.MvcApplicationPartsDiscovery.targets(22,5): message :       _DiscoverMvcApplicationParts;
       C:\Program Files\dotnet\sdk\10.0.101\Sdks\Microsoft.NET.Sdk.Razor\targets\Microsoft.NET.Sdk.Razor.MvcApplicationPartsDiscovery.targets(22,5): message :       
       C:\Program Files\dotnet\sdk\10.0.101\Sdks\Microsoft.NET.Sdk.Razor\targets\Microsoft.NET.Sdk.Razor.MvcApplicationPartsDiscovery.targets(22,5): message :       ;_ComputeNonExistentFileProperty;ResolveCodeAnalysisRuleSet;
       C:\Program Files\dotnet\sdk\10.0.101\Sdks\Microsoft.NET.Sdk.Razor\targets\Microsoft.NET.Sdk.Razor.MvcApplicationPartsDiscovery.targets(22,5): message :       _GenerateRazorAssemblyInfo
       C:\Program Files\dotnet\sdk\10.0.101\Sdks\Microsoft.NET.Sdk.Razor\targets\Microsoft.NET.Sdk.Razor.MvcApplicationPartsDiscovery.targets(22,5): message :     ;
       C:\Program Files\dotnet\sdk\10.0.101\Sdks\Microsoft.NET.Sdk.Razor\targets\Microsoft.NET.Sdk.Razor.MvcApplicationPartsDiscovery.targets(22,5): message :     " (previous value: "
       C:\Program Files\dotnet\sdk\10.0.101\Sdks\Microsoft.NET.Sdk.Razor\targets\Microsoft.NET.Sdk.Razor.MvcApplicationPartsDiscovery.targets(22,5): message :       ;_ComputeNonExistentFileProperty;ResolveCodeAnalysisRuleSet;
       C:\Program Files\dotnet\sdk\10.0.101\Sdks\Microsoft.NET.Sdk.Razor\targets\Microsoft.NET.Sdk.Razor.MvcApplicationPartsDiscovery.targets(22,5): message :       _GenerateRazorAssemblyInfo
       C:\Program Files\dotnet\sdk\10.0.101\Sdks\Microsoft.NET.Sdk.Razor\targets\Microsoft.NET.Sdk.Razor.MvcApplicationPartsDiscovery.targets(22,5): message :     ") at C:\Program Files\dotnet\sdk\10.0.101\Sdks\Microsoft.NET.Sdk.Razor\targets\Microsoft.NET.Sdk.Razor.MvcApplicationPartsDiscovery.targets (22,5)
       C:\Program Files\dotnet\sdk\10.0.101\Sdks\Microsoft.NET.Sdk.Razor\targets\Sdk.Razor.CurrentVersion.targets(884,5): message : Property reassignment: $(RazorDesignTimeTargets)="C:\Program Files\dotnet\sdk\10.0.101\Sdks\Microsoft.NET.Sdk.Razor\targets\Microsoft.NET.Sdk.Razor.DesignTime.targets" (previous value: "C:\Program Files\dotnet\sdk\10.0.101\\Microsoft\VisualStudio\Razor\Microsoft.NET.Sdk.Razor.DesignTime.targets") at C:\Program Files\dotnet\sdk\10.0.101\Sdks\Microsoft.NET.Sdk.Razor\targets\Sdk.Razor.CurrentVersion.targets (884,5)
       C:\Program Files\dotnet\sdk\10.0.101\Sdks\Microsoft.NET.Sdk.Web.ProjectSystem\targets\Microsoft.NET.Sdk.Web.ProjectSystem.targets(21,5): message : Property reassignment: $(RunWorkingDirectory)="D:\P.L\Flutter\fresh_produce_app\FreshProduce.Api" (previous value: "") at C:\Program Files\dotnet\sdk\10.0.101\Sdks\Microsoft.NET.Sdk.Web.ProjectSystem\targets\Microsoft.NET.Sdk.Web.ProjectSystem.targets (21,5)
       C:\Program Files\dotnet\sdk\10.0.101\Sdks\Microsoft.NET.Sdk.Publish\targets\Microsoft.NET.Sdk.Publish.targets(60,5): message : Property reassignment: $(PublishProfileImported)="true" (previous value: "false") at C:\Program Files\dotnet\sdk\10.0.101\Sdks\Microsoft.NET.Sdk.Publish\targets\Microsoft.NET.Sdk.Publish.targets (60,5)
       C:\Program Files\dotnet\sdk\10.0.101\Sdks\Microsoft.NET.Sdk.Publish\targets\Microsoft.NET.Sdk.Publish.targets(81,5): message : Property reassignment: $(PublishConfiguration)="Debug" (previous value: "") at C:\Program Files\dotnet\sdk\10.0.101\Sdks\Microsoft.NET.Sdk.Publish\targets\Microsoft.NET.Sdk.Publish.targets (81,5)
       C:\Program Files\dotnet\sdk\10.0.101\Sdks\Microsoft.NET.Sdk.Publish\targets\Microsoft.NET.Sdk.Publish.targets(87,5): message : Property reassignment: $(BaseIntermediateOutputPath)="D:\P.L\Flutter\fresh_produce_app\FreshProduce.Api\obj\" (previous value: "obj\") at C:\Program Files\dotnet\sdk\10.0.101\Sdks\Microsoft.NET.Sdk.Publish\targets\Microsoft.NET.Sdk.Publish.targets (87,5)
       Overriding target "ResolveFrameworkReferences" in project "C:\Program Files\dotnet\sdk\10.0.101\Microsoft.Common.CurrentVersion.targets" with target "ResolveFrameworkReferences" from project "C:\Program Files\dotnet\sdk\10.0.101\Sdks\Microsoft.NET.Sdk\targets\Microsoft.NET.Sdk.FrameworkReferenceResolution.targets".
       Overriding target "GenerateSupportedTargetFrameworkAlias" in project "C:\Program Files\dotnet\sdk\10.0.101\Microsoft.Common.CurrentVersion.targets" with target "GenerateSupportedTargetFrameworkAlias" from project "C:\Program Files\dotnet\sdk\10.0.101\Sdks\Microsoft.NET.Sdk\targets\Microsoft.NET.Sdk.targets".
       Overriding target "GetReferenceAssemblyPaths" in project "C:\Program Files\dotnet\sdk\10.0.101\Microsoft.Common.CurrentVersion.targets" with target "GetReferenceAssemblyPaths" from project "C:\Program Files\dotnet\sdk\10.0.101\Sdks\Microsoft.NET.Sdk\targets\Microsoft.NET.DisableStandardFrameworkResolution.targets".
       Overriding target "GetFrameworkPaths" in project "C:\Program Files\dotnet\sdk\10.0.101\Microsoft.Common.CurrentVersion.targets" with target "GetFrameworkPaths" from project "C:\Program Files\dotnet\sdk\10.0.101\Sdks\Microsoft.NET.Sdk\targets\Microsoft.NET.DisableStandardFrameworkResolution.targets".
       Overriding target "DesignerRuntimeImplementationProjectOutputGroup" in project "C:\Program Files\dotnet\sdk\10.0.101\Microsoft.Common.CurrentVersion.targets" with target "DesignerRuntimeImplementationProjectOutputGroup" from project "C:\Program Files\dotnet\sdk\10.0.101\Sdks\Microsoft.NET.Sdk\targets\Microsoft.NET.DesignerSupport.targets".
       Overriding target "Publish" in project "C:\Program Files\dotnet\sdk\10.0.101\Microsoft.Common.CurrentVersion.targets" with target "Publish" from project "C:\Program Files\dotnet\sdk\10.0.101\Sdks\Microsoft.NET.Sdk\targets\Microsoft.NET.Publish.targets".
       Overriding target "ResolveReadyToRunCompilers" in project "C:\Program Files\dotnet\sdk\10.0.101\Sdks\Microsoft.NET.Sdk\targets\Microsoft.NET.CrossGen.targets" with target "ResolveReadyToRunCompilers" from project "C:\Program Files\dotnet\sdk\10.0.101\Sdks\Microsoft.NET.Sdk\targets\Microsoft.NET.Publish.targets".
       Overriding target "GetCopyToPublishDirectoryItems" in project "C:\Program Files\dotnet\sdk\10.0.101\Microsoft.Common.CurrentVersion.targets" with target "GetCopyToPublishDirectoryItems" from project "C:\Program Files\dotnet\sdk\10.0.101\Sdks\Microsoft.NET.Sdk\targets\Microsoft.NET.Publish.targets".
       Overriding target "Run" in project "C:\Program Files\dotnet\sdk\10.0.101\Microsoft.Common.CurrentVersion.targets" with target "Run" from project "C:\Program Files\dotnet\sdk\10.0.101\Sdks\Microsoft.NET.Sdk\targets\Microsoft.NET.Sdk.targets".
       Overriding target "BeforePublish" in project "C:\Program Files\dotnet\sdk\10.0.101\Microsoft.Common.CurrentVersion.targets" with target "BeforePublish" from project "C:\Program Files\dotnet\sdk\10.0.101\Sdks\Microsoft.NET.Sdk.Publish\targets\Microsoft.NET.Sdk.Publish.targets".
       Overriding target "AfterPublish" in project "C:\Program Files\dotnet\sdk\10.0.101\Microsoft.Common.CurrentVersion.targets" with target "AfterPublish" from project "C:\Program Files\dotnet\sdk\10.0.101\Sdks\Microsoft.NET.Sdk.Publish\targets\Microsoft.NET.Sdk.Publish.targets".
       The target "CollectUpToDateCheckInputDesignTime" listed in a BeforeTargets attribute at "C:\Program Files\dotnet\sdk\10.0.101\Sdks\Microsoft.NET.Sdk.StaticWebAssets\targets\Microsoft.NET.Sdk.StaticWebAssets.ScopedCss.targets (171,5)" does not exist in the project, and will be ignored.
       The target "CollectUpToDateCheckBuiltDesignTime" listed in a BeforeTargets attribute at "C:\Program Files\dotnet\sdk\10.0.101\Sdks\Microsoft.NET.Sdk.StaticWebAssets\targets\Microsoft.NET.Sdk.StaticWebAssets.ScopedCss.targets (171,5)" does not exist in the project, and will be ignored.
       The target "RazorGenerateComponentDeclaration" listed in an AfterTargets attribute at "C:\Program Files\dotnet\sdk\10.0.101\Sdks\Microsoft.NET.Sdk.Razor\targets\Microsoft.NET.Sdk.Razor.DesignTime.targets (55,53)" does not exist in the project, and will be ignored.
     1>Project "D:\P.L\Flutter\fresh_produce_app\FreshProduce.Api\FreshProduce.Api.csproj" on node 1 (Restore target(s)).
     1>Target "_LoadRestoreGraphEntryPoints" in file "C:\Program Files\dotnet\sdk\10.0.101\NuGet.targets" from project "D:\P.L\Flutter\fresh_produce_app\FreshProduce.Api\FreshProduce.Api.csproj" (target "_FilterRestoreGraphProjectInputItems" depends on it):
     1>Done building target "_LoadRestoreGraphEntryPoints" in project "FreshProduce.Api.csproj".
     1>Target "_FilterRestoreGraphProjectInputItems" in file "C:\Program Files\dotnet\sdk\10.0.101\NuGet.targets" from project "D:\P.L\Flutter\fresh_produce_app\FreshProduce.Api\FreshProduce.Api.csproj" (target "_GenerateRestoreGraph" depends on it):
       Using "RemoveDuplicates" task from assembly "Microsoft.Build.Tasks.Core, Version=15.1.0.0, Culture=neutral, PublicKeyToken=b03f5f7f11d50a3a".
       Task "RemoveDuplicates"
       Done executing task "RemoveDuplicates".
       Using "MSBuild" task from assembly "Microsoft.Build.Tasks.Core, Version=15.1.0.0, Culture=neutral, PublicKeyToken=b03f5f7f11d50a3a".
       Task "MSBuild"
         Global Properties:
           ExcludeRestorePackageImports=true
     0>C:\Program Files\dotnet\sdk\10.0.101\Sdks\Microsoft.NET.Sdk\Sdk\Sdk.props(49,11): message : Property 'MSBuildExtensionsPath' with value 'C:\Program Files\dotnet\sdk\10.0.101\' expanded from the environment.
       C:\Program Files\dotnet\sdk\10.0.101\Current\Microsoft.Common.props(60,5): message : Property reassignment: $(MSBuildProjectExtensionsPath)="D:\P.L\Flutter\fresh_produce_app\FreshProduce.Api\obj\" (previous value: "obj\") at C:\Program Files\dotnet\sdk\10.0.101\Current\Microsoft.Common.props (60,5)
       C:\Program Files\dotnet\sdk\10.0.101\Current\Microsoft.Common.props(84,119): message : Property 'MSBuildUserExtensionsPath' with value 'C:\Users\Dell\AppData\Local\Microsoft\MSBuild' expanded from the environment.
       C:\Program Files\dotnet\sdk\10.0.101\Sdks\Microsoft.NET.Sdk\targets\Microsoft.NET.Sdk.props(90,5): message : Property reassignment: $(AssemblySearchPaths)="{CandidateAssemblyFiles};{HintPathFromItem}" (previous value: "{CandidateAssemblyFiles}") at C:\Program Files\dotnet\sdk\10.0.101\Sdks\Microsoft.NET.Sdk\targets\Microsoft.NET.Sdk.props (90,5)
       C:\Program Files\dotnet\sdk\10.0.101\Sdks\Microsoft.NET.Sdk\targets\Microsoft.NET.Sdk.props(91,5): message : Property reassignment: $(AssemblySearchPaths)="{CandidateAssemblyFiles};{HintPathFromItem};{TargetFrameworkDirectory}" (previous value: "{CandidateAssemblyFiles};{HintPathFromItem}") at C:\Program Files\dotnet\sdk\10.0.101\Sdks\Microsoft.NET.Sdk\targets\Microsoft.NET.Sdk.props (91,5)
       C:\Program Files\dotnet\sdk\10.0.101\Sdks\Microsoft.NET.Sdk\targets\Microsoft.NET.Sdk.props(92,5): message : Property reassignment: $(AssemblySearchPaths)="{CandidateAssemblyFiles};{HintPathFromItem};{TargetFrameworkDirectory};{RawFileName}" (previous value: "{CandidateAssemblyFiles};{HintPathFromItem};{TargetFrameworkDirectory}") at C:\Program Files\dotnet\sdk\10.0.101\Sdks\Microsoft.NET.Sdk\targets\Microsoft.NET.Sdk.props (92,5)
       C:\Program Files\dotnet\sdk\10.0.101\Sdks\Microsoft.NET.Sdk.StaticWebAssets\Sdk\Sdk.StaticWebAssets.StaticAssets.ProjectSystem.props(23,5): message : Property reassignment: $(DefaultItemExcludes)=";**\node_modules\**;node_modules\**;**\jspm_packages\**;jspm_packages\**" (previous value: ";**\node_modules\**;node_modules\**") at C:\Program Files\dotnet\sdk\10.0.101\Sdks\Microsoft.NET.Sdk.StaticWebAssets\Sdk\Sdk.StaticWebAssets.StaticAssets.ProjectSystem.props (23,5)
       C:\Program Files\dotnet\sdk\10.0.101\Sdks\Microsoft.NET.Sdk.StaticWebAssets\Sdk\Sdk.StaticWebAssets.StaticAssets.ProjectSystem.props(24,5): message : Property reassignment: $(DefaultItemExcludes)=";**\node_modules\**;node_modules\**;**\jspm_packages\**;jspm_packages\**;**\bower_components\**;bower_components\**" (previous value: ";**\node_modules\**;node_modules\**;**\jspm_packages\**;jspm_packages\**") at C:\Program Files\dotnet\sdk\10.0.101\Sdks\Microsoft.NET.Sdk.StaticWebAssets\Sdk\Sdk.StaticWebAssets.StaticAssets.ProjectSystem.props (24,5)
       C:\Program Files\dotnet\sdk\10.0.101\Sdks\Microsoft.NET.Sdk.StaticWebAssets\Sdk\Sdk.StaticWebAssets.StaticAssets.ProjectSystem.props(25,5): message : Property reassignment: $(DefaultItemExcludes)=";**\node_modules\**;node_modules\**;**\jspm_packages\**;jspm_packages\**;**\bower_components\**;bower_components\**;**\packages.lock.json" (previous value: ";**\node_modules\**;node_modules\**;**\jspm_packages\**;jspm_packages\**;**\bower_components\**;bower_components\**") at C:\Program Files\dotnet\sdk\10.0.101\Sdks\Microsoft.NET.Sdk.StaticWebAssets\Sdk\Sdk.StaticWebAssets.StaticAssets.ProjectSystem.props (25,5)
       C:\Program Files\dotnet\sdk\10.0.101\Sdks\Microsoft.NET.Sdk.Web.ProjectSystem\targets\Microsoft.NET.Sdk.Web.ProjectSystem.props(16,5): message : Property reassignment: $(OutputType)="Exe" (previous value: "Library") at C:\Program Files\dotnet\sdk\10.0.101\Sdks\Microsoft.NET.Sdk.Web.ProjectSystem\targets\Microsoft.NET.Sdk.Web.ProjectSystem.props (16,5)
       C:\Program Files\dotnet\sdk\10.0.101\Sdks\Microsoft.NET.Sdk\targets\Microsoft.NET.Sdk.ImportPublishProfile.targets(28,5): message : Property reassignment: $(PublishProfileImported)="false" (previous value: "true") at C:\Program Files\dotnet\sdk\10.0.101\Sdks\Microsoft.NET.Sdk\targets\Microsoft.NET.Sdk.ImportPublishProfile.targets (28,5)
       C:\Program Files\dotnet\sdk\10.0.101\Sdks\Microsoft.NET.Sdk\targets\Microsoft.NET.TargetFrameworkInference.targets(81,5): message : Property reassignment: $(TargetPlatformVersion)="" (previous value: "0.0") at C:\Program Files\dotnet\sdk\10.0.101\Sdks\Microsoft.NET.Sdk\targets\Microsoft.NET.TargetFrameworkInference.targets (81,5)
       C:\Program Files\dotnet\sdk\10.0.101\Sdks\Microsoft.NET.Sdk\targets\Microsoft.NET.DefaultOutputPaths.targets(126,5): message : Property reassignment: $(DefaultItemExcludes)=";**\node_modules\**;node_modules\**;**\jspm_packages\**;jspm_packages\**;**\bower_components\**;bower_components\**;**\packages.lock.json;bin\Debug\/**" (previous value: ";**\node_modules\**;node_modules\**;**\jspm_packages\**;jspm_packages\**;**\bower_components\**;bower_components\**;**\packages.lock.json") at C:\Program Files\dotnet\sdk\10.0.101\Sdks\Microsoft.NET.Sdk\targets\Microsoft.NET.DefaultOutputPaths.targets (126,5)
       C:\Program Files\dotnet\sdk\10.0.101\Sdks\Microsoft.NET.Sdk\targets\Microsoft.NET.DefaultOutputPaths.targets(127,5): message : Property reassignment: $(DefaultItemExcludes)=";**\node_modules\**;node_modules\**;**\jspm_packages\**;jspm_packages\**;**\bower_components\**;bower_components\**;**\packages.lock.json;bin\Debug\/**;obj\Debug\/**" (previous value: ";**\node_modules\**;node_modules\**;**\jspm_packages\**;jspm_packages\**;**\bower_components\**;bower_components\**;**\packages.lock.json;bin\Debug\/**") at C:\Program Files\dotnet\sdk\10.0.101\Sdks\Microsoft.NET.Sdk\targets\Microsoft.NET.DefaultOutputPaths.targets (127,5)
       C:\Program Files\dotnet\sdk\10.0.101\Sdks\Microsoft.NET.Sdk\targets\Microsoft.NET.DefaultOutputPaths.targets(142,5): message : Property reassignment: $(OutputPath)="bin\Debug\net9.0\" (previous value: "bin\Debug\") at C:\Program Files\dotnet\sdk\10.0.101\Sdks\Microsoft.NET.Sdk\targets\Microsoft.NET.DefaultOutputPaths.targets (142,5)
       C:\Program Files\dotnet\sdk\10.0.101\Sdks\Microsoft.NET.Sdk\targets\Microsoft.NET.DefaultOutputPaths.targets(147,5): message : Property reassignment: $(IntermediateOutputPath)="obj\Debug\net9.0\" (previous value: "obj\Debug\") at C:\Program Files\dotnet\sdk\10.0.101\Sdks\Microsoft.NET.Sdk\targets\Microsoft.NET.DefaultOutputPaths.targets (147,5)
       C:\Program Files\dotnet\sdk\10.0.101\Sdks\Microsoft.NET.Sdk\targets\Microsoft.NET.Sdk.BeforeCommon.targets(371,5): message : Property reassignment: $(RoslynTargetsPath)="C:\Program Files\dotnet\sdk\10.0.101\Sdks\Microsoft.NET.Sdk\targets\..\..\..\Roslyn" (previous value: "C:\Program Files\dotnet\sdk\10.0.101\Roslyn") at C:\Program Files\dotnet\sdk\10.0.101\Sdks\Microsoft.NET.Sdk\targets\Microsoft.NET.Sdk.BeforeCommon.targets (371,5)
       C:\Program Files\dotnet\sdk\10.0.101\Roslyn\Microsoft.Managed.Core.targets(6,5): message : Property reassignment: $(_BuildTasksDirectory)="C:\Program Files\dotnet\sdk\10.0.101\Sdks\Microsoft.NET.Sdk\targets\..\..\..\Roslyn\" (previous value: "C:\Program Files\dotnet\sdk\10.0.101\Roslyn\") at C:\Program Files\dotnet\sdk\10.0.101\Roslyn\Microsoft.Managed.Core.targets (6,5)
       C:\Program Files\dotnet\sdk\10.0.101\Roslyn\Microsoft.CSharp.Core.targets(200,5): message : Property reassignment: $(CommandLineArgsForDesignTimeEvaluation)="-langversion:13.0 -define:TRACE" (previous value: "-langversion:13.0") at C:\Program Files\dotnet\sdk\10.0.101\Roslyn\Microsoft.CSharp.Core.targets (200,5)
       C:\Program Files\dotnet\sdk\10.0.101\Microsoft.Common.CurrentVersion.targets(175,5): message : Property reassignment: $(_DebugSymbolsProduced)="true" (previous value: "false") at C:\Program Files\dotnet\sdk\10.0.101\Microsoft.Common.CurrentVersion.targets (175,5)
       C:\Program Files\dotnet\sdk\10.0.101\Microsoft.Common.CurrentVersion.targets(185,5): message : Property reassignment: $(_DocumentationFileProduced)="false" (previous value: "true") at C:\Program Files\dotnet\sdk\10.0.101\Microsoft.Common.CurrentVersion.targets (185,5)
       C:\Program Files\dotnet\sdk\10.0.101\Microsoft.Common.CurrentVersion.targets(392,5): message : Property reassignment: $(MSBuildCopyMarkerName)="FreshPro.72E9DB78" (previous value: "FreshProduce.Api.csproj") at C:\Program Files\dotnet\sdk\10.0.101\Microsoft.Common.CurrentVersion.targets (392,5)
       C:\Program Files\dotnet\sdk\10.0.101\Microsoft.Common.CurrentVersion.targets(393,5): message : Property reassignment: $(MSBuildCopyMarkerName)="FreshPro.72E9DB78.Up2Date" (previous value: "FreshPro.72E9DB78") at C:\Program Files\dotnet\sdk\10.0.101\Microsoft.Common.CurrentVersion.targets (393,5)
       C:\Program Files\dotnet\sdk\10.0.101\Microsoft.Common.CurrentVersion.targets(541,5): message : Property reassignment: $(ProcessorArchitecture)="msil" (previous value: "") at C:\Program Files\dotnet\sdk\10.0.101\Microsoft.Common.CurrentVersion.targets (541,5)
       C:\Program Files\dotnet\sdk\10.0.101\Microsoft.Common.CurrentVersion.targets(580,5): message : Property reassignment: $(DelaySign)="" (previous value: "false") at C:\Program Files\dotnet\sdk\10.0.101\Microsoft.Common.CurrentVersion.targets (580,5)
       C:\Program Files\dotnet\sdk\10.0.101\Microsoft.Common.CurrentVersion.targets(2606,5): message : Property 'LOCALAPPDATA' with value 'C:\Users\Dell\AppData\Local' expanded from the environment.
       C:\Program Files\dotnet\sdk\10.0.101\Microsoft.Common.CurrentVersion.targets(3934,5): message : Property reassignment: $(_SGenGenerateSerializationAssembliesConfig)="Auto" (previous value: "") at C:\Program Files\dotnet\sdk\10.0.101\Microsoft.Common.CurrentVersion.targets (3934,5)
       C:\Program Files\dotnet\sdk\10.0.101\Microsoft.Common.CurrentVersion.targets(3935,5): message : Property reassignment: $(_SGenGenerateSerializationAssembliesConfig)="Off" (previous value: "Auto") at C:\Program Files\dotnet\sdk\10.0.101\Microsoft.Common.CurrentVersion.targets (3935,5)
       C:\Program Files\dotnet\sdk\10.0.101\Microsoft.Common.CurrentVersion.targets(5146,5): message : Property reassignment: $(_TargetsThatPrepareProjectReferences)="
       C:\Program Files\dotnet\sdk\10.0.101\Microsoft.Common.CurrentVersion.targets(5146,5): message :       AssignProjectConfiguration;
       C:\Program Files\dotnet\sdk\10.0.101\Microsoft.Common.CurrentVersion.targets(5146,5): message :       _SplitProjectReferencesByFileExistence
       C:\Program Files\dotnet\sdk\10.0.101\Microsoft.Common.CurrentVersion.targets(5146,5): message :     " (previous value: "_SplitProjectReferencesByFileExistence") at C:\Program Files\dotnet\sdk\10.0.101\Microsoft.Common.CurrentVersion.targets (5146,5)
       C:\Program Files\dotnet\sdk\10.0.101\Microsoft.Common.CurrentVersion.targets(6959,5): message : Property 'MSBuildExtensionsPath32' with value 'C:\Program Files\dotnet\sdk\10.0.101' expanded from the environment.
       The "NuGetInteractive" property is a global property, and cannot be modified.
       C:\Program Files\dotnet\sdk\10.0.101\Sdks\Microsoft.NET.Sdk\targets\Microsoft.PackageDependencyResolution.targets(24,5): message : Property reassignment: $(ProjectAssetsFile)="D:\P.L\Flutter\fresh_produce_app\FreshProduce.Api\obj\project.assets.json" (previous value: "D:\P.L\Flutter\fresh_produce_app\FreshProduce.Api\obj\/project.assets.json") at C:\Program Files\dotnet\sdk\10.0.101\Sdks\Microsoft.NET.Sdk\targets\Microsoft.PackageDependencyResolution.targets (24,5)
       C:\Program Files\dotnet\sdk\10.0.101\Sdks\Microsoft.NET.Sdk\targets\Microsoft.PackageDependencyResolution.targets(29,5): message : Property reassignment: $(ProjectAssetsCacheFile)="D:\P.L\Flutter\fresh_produce_app\FreshProduce.Api\obj\Debug\net9.0\FreshProduce.Api.assets.cache" (previous value: "obj\Debug\net9.0\FreshProduce.Api.assets.cache") at C:\Program Files\dotnet\sdk\10.0.101\Sdks\Microsoft.NET.Sdk\targets\Microsoft.PackageDependencyResolution.targets (29,5)
       C:\Program Files\dotnet\sdk\10.0.101\Sdks\Microsoft.NET.Sdk\targets\Microsoft.PackageDependencyResolution.targets(80,5): message : Property reassignment: $(ResolveAssemblyReferencesDependsOn)="
       C:\Program Files\dotnet\sdk\10.0.101\Sdks\Microsoft.NET.Sdk\targets\Microsoft.PackageDependencyResolution.targets(80,5): message :       
       C:\Program Files\dotnet\sdk\10.0.101\Sdks\Microsoft.NET.Sdk\targets\Microsoft.PackageDependencyResolution.targets(80,5): message :       ResolveProjectReferences;
       C:\Program Files\dotnet\sdk\10.0.101\Sdks\Microsoft.NET.Sdk\targets\Microsoft.PackageDependencyResolution.targets(80,5): message :       FindInvalidProjectReferences;
       C:\Program Files\dotnet\sdk\10.0.101\Sdks\Microsoft.NET.Sdk\targets\Microsoft.PackageDependencyResolution.targets(80,5): message :       GetFrameworkPaths;
       C:\Program Files\dotnet\sdk\10.0.101\Sdks\Microsoft.NET.Sdk\targets\Microsoft.PackageDependencyResolution.targets(80,5): message :       GetReferenceAssemblyPaths;
       C:\Program Files\dotnet\sdk\10.0.101\Sdks\Microsoft.NET.Sdk\targets\Microsoft.PackageDependencyResolution.targets(80,5): message :       PrepareForBuild;
       C:\Program Files\dotnet\sdk\10.0.101\Sdks\Microsoft.NET.Sdk\targets\Microsoft.PackageDependencyResolution.targets(80,5): message :       ResolveSDKReferences;
       C:\Program Files\dotnet\sdk\10.0.101\Sdks\Microsoft.NET.Sdk\targets\Microsoft.PackageDependencyResolution.targets(80,5): message :       ExpandSDKReferences;
       C:\Program Files\dotnet\sdk\10.0.101\Sdks\Microsoft.NET.Sdk\targets\Microsoft.PackageDependencyResolution.targets(80,5): message :     ;
       C:\Program Files\dotnet\sdk\10.0.101\Sdks\Microsoft.NET.Sdk\targets\Microsoft.PackageDependencyResolution.targets(80,5): message :       ResolvePackageDependenciesForBuild;
       C:\Program Files\dotnet\sdk\10.0.101\Sdks\Microsoft.NET.Sdk\targets\Microsoft.PackageDependencyResolution.targets(80,5): message :       _HandlePackageFileConflicts;
       C:\Program Files\dotnet\sdk\10.0.101\Sdks\Microsoft.NET.Sdk\targets\Microsoft.PackageDependencyResolution.targets(80,5): message :     " (previous value: "
       C:\Program Files\dotnet\sdk\10.0.101\Sdks\Microsoft.NET.Sdk\targets\Microsoft.PackageDependencyResolution.targets(80,5): message :       ResolveProjectReferences;
       C:\Program Files\dotnet\sdk\10.0.101\Sdks\Microsoft.NET.Sdk\targets\Microsoft.PackageDependencyResolution.targets(80,5): message :       FindInvalidProjectReferences;
       C:\Program Files\dotnet\sdk\10.0.101\Sdks\Microsoft.NET.Sdk\targets\Microsoft.PackageDependencyResolution.targets(80,5): message :       GetFrameworkPaths;
       C:\Program Files\dotnet\sdk\10.0.101\Sdks\Microsoft.NET.Sdk\targets\Microsoft.PackageDependencyResolution.targets(80,5): message :       GetReferenceAssemblyPaths;
       C:\Program Files\dotnet\sdk\10.0.101\Sdks\Microsoft.NET.Sdk\targets\Microsoft.PackageDependencyResolution.targets(80,5): message :       PrepareForBuild;
       C:\Program Files\dotnet\sdk\10.0.101\Sdks\Microsoft.NET.Sdk\targets\Microsoft.PackageDependencyResolution.targets(80,5): message :       ResolveSDKReferences;
       C:\Program Files\dotnet\sdk\10.0.101\Sdks\Microsoft.NET.Sdk\targets\Microsoft.PackageDependencyResolution.targets(80,5): message :       ExpandSDKReferences;
       C:\Program Files\dotnet\sdk\10.0.101\Sdks\Microsoft.NET.Sdk\targets\Microsoft.PackageDependencyResolution.targets(80,5): message :     ") at C:\Program Files\dotnet\sdk\10.0.101\Sdks\Microsoft.NET.Sdk\targets\Microsoft.PackageDependencyResolution.targets (80,5)
       C:\Program Files\dotnet\sdk\10.0.101\Sdks\Microsoft.NET.Sdk\targets\Microsoft.PackageDependencyResolution.targets(86,5): message : Property reassignment: $(PrepareResourcesDependsOn)="
       C:\Program Files\dotnet\sdk\10.0.101\Sdks\Microsoft.NET.Sdk\targets\Microsoft.PackageDependencyResolution.targets(86,5): message :       ResolvePackageDependenciesForBuild;
       C:\Program Files\dotnet\sdk\10.0.101\Sdks\Microsoft.NET.Sdk\targets\Microsoft.PackageDependencyResolution.targets(86,5): message :       _HandlePackageFileConflicts;
       C:\Program Files\dotnet\sdk\10.0.101\Sdks\Microsoft.NET.Sdk\targets\Microsoft.PackageDependencyResolution.targets(86,5): message :       
       C:\Program Files\dotnet\sdk\10.0.101\Sdks\Microsoft.NET.Sdk\targets\Microsoft.PackageDependencyResolution.targets(86,5): message :       ;
       C:\Program Files\dotnet\sdk\10.0.101\Sdks\Microsoft.NET.Sdk\targets\Microsoft.PackageDependencyResolution.targets(86,5): message :       PrepareResourceNames;
       C:\Program Files\dotnet\sdk\10.0.101\Sdks\Microsoft.NET.Sdk\targets\Microsoft.PackageDependencyResolution.targets(86,5): message :       ResGen;
       C:\Program Files\dotnet\sdk\10.0.101\Sdks\Microsoft.NET.Sdk\targets\Microsoft.PackageDependencyResolution.targets(86,5): message :       CompileLicxFiles
       C:\Program Files\dotnet\sdk\10.0.101\Sdks\Microsoft.NET.Sdk\targets\Microsoft.PackageDependencyResolution.targets(86,5): message :     
       C:\Program Files\dotnet\sdk\10.0.101\Sdks\Microsoft.NET.Sdk\targets\Microsoft.PackageDependencyResolution.targets(86,5): message :     " (previous value: "
       C:\Program Files\dotnet\sdk\10.0.101\Sdks\Microsoft.NET.Sdk\targets\Microsoft.PackageDependencyResolution.targets(86,5): message :       ;
       C:\Program Files\dotnet\sdk\10.0.101\Sdks\Microsoft.NET.Sdk\targets\Microsoft.PackageDependencyResolution.targets(86,5): message :       PrepareResourceNames;
       C:\Program Files\dotnet\sdk\10.0.101\Sdks\Microsoft.NET.Sdk\targets\Microsoft.PackageDependencyResolution.targets(86,5): message :       ResGen;
       C:\Program Files\dotnet\sdk\10.0.101\Sdks\Microsoft.NET.Sdk\targets\Microsoft.PackageDependencyResolution.targets(86,5): message :       CompileLicxFiles
       C:\Program Files\dotnet\sdk\10.0.101\Sdks\Microsoft.NET.Sdk\targets\Microsoft.PackageDependencyResolution.targets(86,5): message :     ") at C:\Program Files\dotnet\sdk\10.0.101\Sdks\Microsoft.NET.Sdk\targets\Microsoft.PackageDependencyResolution.targets (86,5)
       The "EnableDefaultCompileItems" property is a global property, and cannot be modified.
       The "EnableDefaultEmbeddedResourceItems" property is a global property, and cannot be modified.
       The "EnableDefaultNoneItems" property is a global property, and cannot be modified.
       C:\Program Files\dotnet\sdk\10.0.101\Sdks\Microsoft.NET.Sdk\targets\Microsoft.NET.Sdk.DefaultItems.targets(35,5): message : Property reassignment: $(DefaultItemExcludes)=";**\node_modules\**;node_modules\**;**\jspm_packages\**;jspm_packages\**;**\bower_components\**;bower_components\**;**\packages.lock.json;bin\Debug\/**;obj\Debug\/**;bin\/**" (previous value: ";**\node_modules\**;node_modules\**;**\jspm_packages\**;jspm_packages\**;**\bower_components\**;bower_components\**;**\packages.lock.json;bin\Debug\/**;obj\Debug\/**") at C:\Program Files\dotnet\sdk\10.0.101\Sdks\Microsoft.NET.Sdk\targets\Microsoft.NET.Sdk.DefaultItems.targets (35,5)
       C:\Program Files\dotnet\sdk\10.0.101\Sdks\Microsoft.NET.Sdk\targets\Microsoft.NET.Sdk.DefaultItems.targets(37,5): message : Property reassignment: $(DefaultItemExcludes)=";**\node_modules\**;node_modules\**;**\jspm_packages\**;jspm_packages\**;**\bower_components\**;bower_components\**;**\packages.lock.json;bin\Debug\/**;obj\Debug\/**;bin\/**;obj\/**" (previous value: ";**\node_modules\**;node_modules\**;**\jspm_packages\**;jspm_packages\**;**\bower_components\**;bower_components\**;**\packages.lock.json;bin\Debug\/**;obj\Debug\/**;bin\/**") at C:\Program Files\dotnet\sdk\10.0.101\Sdks\Microsoft.NET.Sdk\targets\Microsoft.NET.Sdk.DefaultItems.targets (37,5)
       C:\Program Files\dotnet\sdk\10.0.101\Sdks\Microsoft.NET.Sdk\targets\Microsoft.NET.Sdk.DefaultItems.targets(40,5): message : Property reassignment: $(DefaultItemExcludes)=";**\node_modules\**;node_modules\**;**\jspm_packages\**;jspm_packages\**;**\bower_components\**;bower_components\**;**\packages.lock.json;bin\Debug\/**;obj\Debug\/**;bin\/**;obj\/**;**/*.user" (previous value: ";**\node_modules\**;node_modules\**;**\jspm_packages\**;jspm_packages\**;**\bower_components\**;bower_components\**;**\packages.lock.json;bin\Debug\/**;obj\Debug\/**;bin\/**;obj\/**") at C:\Program Files\dotnet\sdk\10.0.101\Sdks\Microsoft.NET.Sdk\targets\Microsoft.NET.Sdk.DefaultItems.targets (40,5)
       C:\Program Files\dotnet\sdk\10.0.101\Sdks\Microsoft.NET.Sdk\targets\Microsoft.NET.Sdk.DefaultItems.targets(41,5): message : Property reassignment: $(DefaultItemExcludes)=";**\node_modules\**;node_modules\**;**\jspm_packages\**;jspm_packages\**;**\bower_components\**;bower_components\**;**\packages.lock.json;bin\Debug\/**;obj\Debug\/**;bin\/**;obj\/**;**/*.user;**/*.*proj" (previous value: ";**\node_modules\**;node_modules\**;**\jspm_packages\**;jspm_packages\**;**\bower_components\**;bower_components\**;**\packages.lock.json;bin\Debug\/**;obj\Debug\/**;bin\/**;obj\/**;**/*.user") at C:\Program Files\dotnet\sdk\10.0.101\Sdks\Microsoft.NET.Sdk\targets\Microsoft.NET.Sdk.DefaultItems.targets (41,5)
       C:\Program Files\dotnet\sdk\10.0.101\Sdks\Microsoft.NET.Sdk\targets\Microsoft.NET.Sdk.DefaultItems.targets(42,5): message : Property reassignment: $(DefaultItemExcludes)=";**\node_modules\**;node_modules\**;**\jspm_packages\**;jspm_packages\**;**\bower_components\**;bower_components\**;**\packages.lock.json;bin\Debug\/**;obj\Debug\/**;bin\/**;obj\/**;**/*.user;**/*.*proj;**/*.sln" (previous value: ";**\node_modules\**;node_modules\**;**\jspm_packages\**;jspm_packages\**;**\bower_components\**;bower_components\**;**\packages.lock.json;bin\Debug\/**;obj\Debug\/**;bin\/**;obj\/**;**/*.user;**/*.*proj") at C:\Program Files\dotnet\sdk\10.0.101\Sdks\Microsoft.NET.Sdk\targets\Microsoft.NET.Sdk.DefaultItems.targets (42,5)
       C:\Program Files\dotnet\sdk\10.0.101\Sdks\Microsoft.NET.Sdk\targets\Microsoft.NET.Sdk.DefaultItems.targets(43,5): message : Property reassignment: $(DefaultItemExcludes)=";**\node_modules\**;node_modules\**;**\jspm_packages\**;jspm_packages\**;**\bower_components\**;bower_components\**;**\packages.lock.json;bin\Debug\/**;obj\Debug\/**;bin\/**;obj\/**;**/*.user;**/*.*proj;**/*.sln;**/*.slnx" (previous value: ";**\node_modules\**;node_modules\**;**\jspm_packages\**;jspm_packages\**;**\bower_components\**;bower_components\**;**\packages.lock.json;bin\Debug\/**;obj\Debug\/**;bin\/**;obj\/**;**/*.user;**/*.*proj;**/*.sln") at C:\Program Files\dotnet\sdk\10.0.101\Sdks\Microsoft.NET.Sdk\targets\Microsoft.NET.Sdk.DefaultItems.targets (43,5)
       C:\Program Files\dotnet\sdk\10.0.101\Sdks\Microsoft.NET.Sdk\targets\Microsoft.NET.Sdk.DefaultItems.targets(44,5): message : Property reassignment: $(DefaultItemExcludes)=";**\node_modules\**;node_modules\**;**\jspm_packages\**;jspm_packages\**;**\bower_components\**;bower_components\**;**\packages.lock.json;bin\Debug\/**;obj\Debug\/**;bin\/**;obj\/**;**/*.user;**/*.*proj;**/*.sln;**/*.slnx;**/*.vssscc" (previous value: ";**\node_modules\**;node_modules\**;**\jspm_packages\**;jspm_packages\**;**\bower_components\**;bower_components\**;**\packages.lock.json;bin\Debug\/**;obj\Debug\/**;bin\/**;obj\/**;**/*.user;**/*.*proj;**/*.sln;**/*.slnx") at C:\Program Files\dotnet\sdk\10.0.101\Sdks\Microsoft.NET.Sdk\targets\Microsoft.NET.Sdk.DefaultItems.targets (44,5)
       C:\Program Files\dotnet\sdk\10.0.101\Sdks\Microsoft.NET.Sdk\targets\Microsoft.NET.Sdk.DefaultItems.targets(45,5): message : Property reassignment: $(DefaultItemExcludes)=";**\node_modules\**;node_modules\**;**\jspm_packages\**;jspm_packages\**;**\bower_components\**;bower_components\**;**\packages.lock.json;bin\Debug\/**;obj\Debug\/**;bin\/**;obj\/**;**/*.user;**/*.*proj;**/*.sln;**/*.slnx;**/*.vssscc;**/.DS_Store" (previous value: ";**\node_modules\**;node_modules\**;**\jspm_packages\**;jspm_packages\**;**\bower_components\**;bower_components\**;**\packages.lock.json;bin\Debug\/**;obj\Debug\/**;bin\/**;obj\/**;**/*.user;**/*.*proj;**/*.sln;**/*.slnx;**/*.vssscc") at C:\Program Files\dotnet\sdk\10.0.101\Sdks\Microsoft.NET.Sdk\targets\Microsoft.NET.Sdk.DefaultItems.targets (45,5)
       C:\Program Files\dotnet\sdk\10.0.101\Sdks\Microsoft.NET.Sdk\targets\Microsoft.NET.Sdk.FrameworkReferenceResolution.targets(14,5): message : Property reassignment: $(ResolveAssemblyReferencesDependsOn)="
       C:\Program Files\dotnet\sdk\10.0.101\Sdks\Microsoft.NET.Sdk\targets\Microsoft.NET.Sdk.FrameworkReferenceResolution.targets(14,5): message :       
       C:\Program Files\dotnet\sdk\10.0.101\Sdks\Microsoft.NET.Sdk\targets\Microsoft.NET.Sdk.FrameworkReferenceResolution.targets(14,5): message :       
       C:\Program Files\dotnet\sdk\10.0.101\Sdks\Microsoft.NET.Sdk\targets\Microsoft.NET.Sdk.FrameworkReferenceResolution.targets(14,5): message :       ResolveProjectReferences;
       C:\Program Files\dotnet\sdk\10.0.101\Sdks\Microsoft.NET.Sdk\targets\Microsoft.NET.Sdk.FrameworkReferenceResolution.targets(14,5): message :       FindInvalidProjectReferences;
       C:\Program Files\dotnet\sdk\10.0.101\Sdks\Microsoft.NET.Sdk\targets\Microsoft.NET.Sdk.FrameworkReferenceResolution.targets(14,5): message :       GetFrameworkPaths;
       C:\Program Files\dotnet\sdk\10.0.101\Sdks\Microsoft.NET.Sdk\targets\Microsoft.NET.Sdk.FrameworkReferenceResolution.targets(14,5): message :       GetReferenceAssemblyPaths;
       C:\Program Files\dotnet\sdk\10.0.101\Sdks\Microsoft.NET.Sdk\targets\Microsoft.NET.Sdk.FrameworkReferenceResolution.targets(14,5): message :       PrepareForBuild;
       C:\Program Files\dotnet\sdk\10.0.101\Sdks\Microsoft.NET.Sdk\targets\Microsoft.NET.Sdk.FrameworkReferenceResolution.targets(14,5): message :       ResolveSDKReferences;
       C:\Program Files\dotnet\sdk\10.0.101\Sdks\Microsoft.NET.Sdk\targets\Microsoft.NET.Sdk.FrameworkReferenceResolution.targets(14,5): message :       ExpandSDKReferences;
       C:\Program Files\dotnet\sdk\10.0.101\Sdks\Microsoft.NET.Sdk\targets\Microsoft.NET.Sdk.FrameworkReferenceResolution.targets(14,5): message :     ;
       C:\Program Files\dotnet\sdk\10.0.101\Sdks\Microsoft.NET.Sdk\targets\Microsoft.NET.Sdk.FrameworkReferenceResolution.targets(14,5): message :       ResolvePackageDependenciesForBuild;
       C:\Program Files\dotnet\sdk\10.0.101\Sdks\Microsoft.NET.Sdk\targets\Microsoft.NET.Sdk.FrameworkReferenceResolution.targets(14,5): message :       _HandlePackageFileConflicts;
       C:\Program Files\dotnet\sdk\10.0.101\Sdks\Microsoft.NET.Sdk\targets\Microsoft.NET.Sdk.FrameworkReferenceResolution.targets(14,5): message :     ;
       C:\Program Files\dotnet\sdk\10.0.101\Sdks\Microsoft.NET.Sdk\targets\Microsoft.NET.Sdk.FrameworkReferenceResolution.targets(14,5): message :       ResolveTargetingPackAssets;
       C:\Program Files\dotnet\sdk\10.0.101\Sdks\Microsoft.NET.Sdk\targets\Microsoft.NET.Sdk.FrameworkReferenceResolution.targets(14,5): message :     " (previous value: "
       C:\Program Files\dotnet\sdk\10.0.101\Sdks\Microsoft.NET.Sdk\targets\Microsoft.NET.Sdk.FrameworkReferenceResolution.targets(14,5): message :       
       C:\Program Files\dotnet\sdk\10.0.101\Sdks\Microsoft.NET.Sdk\targets\Microsoft.NET.Sdk.FrameworkReferenceResolution.targets(14,5): message :       ResolveProjectReferences;
       C:\Program Files\dotnet\sdk\10.0.101\Sdks\Microsoft.NET.Sdk\targets\Microsoft.NET.Sdk.FrameworkReferenceResolution.targets(14,5): message :       FindInvalidProjectReferences;
       C:\Program Files\dotnet\sdk\10.0.101\Sdks\Microsoft.NET.Sdk\targets\Microsoft.NET.Sdk.FrameworkReferenceResolution.targets(14,5): message :       GetFrameworkPaths;
       C:\Program Files\dotnet\sdk\10.0.101\Sdks\Microsoft.NET.Sdk\targets\Microsoft.NET.Sdk.FrameworkReferenceResolution.targets(14,5): message :       GetReferenceAssemblyPaths;
       C:\Program Files\dotnet\sdk\10.0.101\Sdks\Microsoft.NET.Sdk\targets\Microsoft.NET.Sdk.FrameworkReferenceResolution.targets(14,5): message :       PrepareForBuild;
       C:\Program Files\dotnet\sdk\10.0.101\Sdks\Microsoft.NET.Sdk\targets\Microsoft.NET.Sdk.FrameworkReferenceResolution.targets(14,5): message :       ResolveSDKReferences;
       C:\Program Files\dotnet\sdk\10.0.101\Sdks\Microsoft.NET.Sdk\targets\Microsoft.NET.Sdk.FrameworkReferenceResolution.targets(14,5): message :       ExpandSDKReferences;
       C:\Program Files\dotnet\sdk\10.0.101\Sdks\Microsoft.NET.Sdk\targets\Microsoft.NET.Sdk.FrameworkReferenceResolution.targets(14,5): message :     ;
       C:\Program Files\dotnet\sdk\10.0.101\Sdks\Microsoft.NET.Sdk\targets\Microsoft.NET.Sdk.FrameworkReferenceResolution.targets(14,5): message :       ResolvePackageDependenciesForBuild;
       C:\Program Files\dotnet\sdk\10.0.101\Sdks\Microsoft.NET.Sdk\targets\Microsoft.NET.Sdk.FrameworkReferenceResolution.targets(14,5): message :       _HandlePackageFileConflicts;
       C:\Program Files\dotnet\sdk\10.0.101\Sdks\Microsoft.NET.Sdk\targets\Microsoft.NET.Sdk.FrameworkReferenceResolution.targets(14,5): message :     ") at C:\Program Files\dotnet\sdk\10.0.101\Sdks\Microsoft.NET.Sdk\targets\Microsoft.NET.Sdk.FrameworkReferenceResolution.targets (14,5)
       C:\Program Files\dotnet\sdk\10.0.101\Sdks\Microsoft.NET.Sdk\targets\Microsoft.NET.Sdk.targets(44,5): message : Property reassignment: $(_GenerateRuntimeConfigurationPropertyInputsCache)="D:\P.L\Flutter\fresh_produce_app\FreshProduce.Api\obj\Debug\net9.0\FreshProduce.Api.genruntimeconfig.cache" (previous value: "obj\Debug\net9.0\FreshProduce.Api.genruntimeconfig.cache") at C:\Program Files\dotnet\sdk\10.0.101\Sdks\Microsoft.NET.Sdk\targets\Microsoft.NET.Sdk.targets (44,5)
       C:\Program Files\dotnet\sdk\10.0.101\Sdks\Microsoft.NET.Sdk\targets\Microsoft.NET.Sdk.targets(46,5): message : Property reassignment: $(_GeneratePublishDependencyFilePropertyInputsCache)="D:\P.L\Flutter\fresh_produce_app\FreshProduce.Api\obj\Debug\net9.0\FreshProduce.Api.genpublishdeps.cache" (previous value: "obj\Debug\net9.0\FreshProduce.Api.genpublishdeps.cache") at C:\Program Files\dotnet\sdk\10.0.101\Sdks\Microsoft.NET.Sdk\targets\Microsoft.NET.Sdk.targets (46,5)
       C:\Program Files\dotnet\sdk\10.0.101\Sdks\Microsoft.NET.Sdk\targets\Microsoft.NET.Sdk.targets(48,5): message : Property reassignment: $(_GenerateSingleFileBundlePropertyInputsCache)="D:\P.L\Flutter\fresh_produce_app\FreshProduce.Api\obj\Debug\net9.0\FreshProduce.Api.genbundle.cache" (previous value: "obj\Debug\net9.0\FreshProduce.Api.genbundle.cache") at C:\Program Files\dotnet\sdk\10.0.101\Sdks\Microsoft.NET.Sdk\targets\Microsoft.NET.Sdk.targets (48,5)
       C:\Program Files\dotnet\sdk\10.0.101\Sdks\Microsoft.NET.Sdk\targets\Microsoft.NET.Sdk.targets(81,5): message : Property reassignment: $(GenerateRuntimeConfigDevFile)="false" (previous value: "true") at C:\Program Files\dotnet\sdk\10.0.101\Sdks\Microsoft.NET.Sdk\targets\Microsoft.NET.Sdk.targets (81,5)
       C:\Program Files\dotnet\sdk\10.0.101\Sdks\Microsoft.NET.Sdk\targets\Microsoft.NET.Sdk.targets(98,5): message : Property 'USERPROFILE' with value 'C:\Users\Dell' expanded from the environment.
       C:\Program Files\dotnet\sdk\10.0.101\Sdks\Microsoft.NET.Sdk\targets\Microsoft.NET.Sdk.targets(98,5): message : Property reassignment: $(_DefaultUserProfileRuntimeStorePath)="C:\Users\Dell" (previous value: "") at C:\Program Files\dotnet\sdk\10.0.101\Sdks\Microsoft.NET.Sdk\targets\Microsoft.NET.Sdk.targets (98,5)
       C:\Program Files\dotnet\sdk\10.0.101\Sdks\Microsoft.NET.Sdk\targets\Microsoft.NET.Sdk.targets(99,5): message : Property reassignment: $(_DefaultUserProfileRuntimeStorePath)="C:\Users\Dell\.dotnet\store" (previous value: "C:\Users\Dell") at C:\Program Files\dotnet\sdk\10.0.101\Sdks\Microsoft.NET.Sdk\targets\Microsoft.NET.Sdk.targets (99,5)
       C:\Program Files\dotnet\sdk\10.0.101\Sdks\Microsoft.NET.Sdk\targets\Microsoft.NET.Sdk.targets(144,5): message : Property reassignment: $(AvailablePlatforms)="Any CPU,x86,x64,ARM32" (previous value: "Any CPU,x86,x64") at C:\Program Files\dotnet\sdk\10.0.101\Sdks\Microsoft.NET.Sdk\targets\Microsoft.NET.Sdk.targets (144,5)
       C:\Program Files\dotnet\sdk\10.0.101\Sdks\Microsoft.NET.Sdk\targets\Microsoft.NET.Sdk.targets(148,5): message : Property reassignment: $(AvailablePlatforms)="Any CPU,x86,x64,ARM32,ARM64" (previous value: "Any CPU,x86,x64,ARM32") at C:\Program Files\dotnet\sdk\10.0.101\Sdks\Microsoft.NET.Sdk\targets\Microsoft.NET.Sdk.targets (148,5)
       C:\Program Files\dotnet\sdk\10.0.101\Sdks\Microsoft.NET.Sdk\targets\Microsoft.NET.Sdk.targets(204,5): message : Property reassignment: $(CoreBuildDependsOn)="
       C:\Program Files\dotnet\sdk\10.0.101\Sdks\Microsoft.NET.Sdk\targets\Microsoft.NET.Sdk.targets(204,5): message :       _CheckForBuildWithNoBuild;
       C:\Program Files\dotnet\sdk\10.0.101\Sdks\Microsoft.NET.Sdk\targets\Microsoft.NET.Sdk.targets(204,5): message :       
       C:\Program Files\dotnet\sdk\10.0.101\Sdks\Microsoft.NET.Sdk\targets\Microsoft.NET.Sdk.targets(204,5): message :       BuildOnlySettings;
       C:\Program Files\dotnet\sdk\10.0.101\Sdks\Microsoft.NET.Sdk\targets\Microsoft.NET.Sdk.targets(204,5): message :       PrepareForBuild;
       C:\Program Files\dotnet\sdk\10.0.101\Sdks\Microsoft.NET.Sdk\targets\Microsoft.NET.Sdk.targets(204,5): message :       PreBuildEvent;
       C:\Program Files\dotnet\sdk\10.0.101\Sdks\Microsoft.NET.Sdk\targets\Microsoft.NET.Sdk.targets(204,5): message :       ResolveReferences;
       C:\Program Files\dotnet\sdk\10.0.101\Sdks\Microsoft.NET.Sdk\targets\Microsoft.NET.Sdk.targets(204,5): message :       PrepareResources;
       C:\Program Files\dotnet\sdk\10.0.101\Sdks\Microsoft.NET.Sdk\targets\Microsoft.NET.Sdk.targets(204,5): message :       ResolveKeySource;
       C:\Program Files\dotnet\sdk\10.0.101\Sdks\Microsoft.NET.Sdk\targets\Microsoft.NET.Sdk.targets(204,5): message :       Compile;
       C:\Program Files\dotnet\sdk\10.0.101\Sdks\Microsoft.NET.Sdk\targets\Microsoft.NET.Sdk.targets(204,5): message :       ExportWindowsMDFile;
       C:\Program Files\dotnet\sdk\10.0.101\Sdks\Microsoft.NET.Sdk\targets\Microsoft.NET.Sdk.targets(204,5): message :       UnmanagedUnregistration;
       C:\Program Files\dotnet\sdk\10.0.101\Sdks\Microsoft.NET.Sdk\targets\Microsoft.NET.Sdk.targets(204,5): message :       GenerateSerializationAssemblies;
       C:\Program Files\dotnet\sdk\10.0.101\Sdks\Microsoft.NET.Sdk\targets\Microsoft.NET.Sdk.targets(204,5): message :       CreateSatelliteAssemblies;
       C:\Program Files\dotnet\sdk\10.0.101\Sdks\Microsoft.NET.Sdk\targets\Microsoft.NET.Sdk.targets(204,5): message :       GenerateManifests;
       C:\Program Files\dotnet\sdk\10.0.101\Sdks\Microsoft.NET.Sdk\targets\Microsoft.NET.Sdk.targets(204,5): message :       GetTargetPath;
       C:\Program Files\dotnet\sdk\10.0.101\Sdks\Microsoft.NET.Sdk\targets\Microsoft.NET.Sdk.targets(204,5): message :       PrepareForRun;
       C:\Program Files\dotnet\sdk\10.0.101\Sdks\Microsoft.NET.Sdk\targets\Microsoft.NET.Sdk.targets(204,5): message :       UnmanagedRegistration;
       C:\Program Files\dotnet\sdk\10.0.101\Sdks\Microsoft.NET.Sdk\targets\Microsoft.NET.Sdk.targets(204,5): message :       IncrementalClean;
       C:\Program Files\dotnet\sdk\10.0.101\Sdks\Microsoft.NET.Sdk\targets\Microsoft.NET.Sdk.targets(204,5): message :       PostBuildEvent
       C:\Program Files\dotnet\sdk\10.0.101\Sdks\Microsoft.NET.Sdk\targets\Microsoft.NET.Sdk.targets(204,5): message :     ;
       C:\Program Files\dotnet\sdk\10.0.101\Sdks\Microsoft.NET.Sdk\targets\Microsoft.NET.Sdk.targets(204,5): message :       GenerateBuildDependencyFile;
       C:\Program Files\dotnet\sdk\10.0.101\Sdks\Microsoft.NET.Sdk\targets\Microsoft.NET.Sdk.targets(204,5): message :       GenerateBuildRuntimeConfigurationFiles
       C:\Program Files\dotnet\sdk\10.0.101\Sdks\Microsoft.NET.Sdk\targets\Microsoft.NET.Sdk.targets(204,5): message :     " (previous value: "
       C:\Program Files\dotnet\sdk\10.0.101\Sdks\Microsoft.NET.Sdk\targets\Microsoft.NET.Sdk.targets(204,5): message :       BuildOnlySettings;
       C:\Program Files\dotnet\sdk\10.0.101\Sdks\Microsoft.NET.Sdk\targets\Microsoft.NET.Sdk.targets(204,5): message :       PrepareForBuild;
       C:\Program Files\dotnet\sdk\10.0.101\Sdks\Microsoft.NET.Sdk\targets\Microsoft.NET.Sdk.targets(204,5): message :       PreBuildEvent;
       C:\Program Files\dotnet\sdk\10.0.101\Sdks\Microsoft.NET.Sdk\targets\Microsoft.NET.Sdk.targets(204,5): message :       ResolveReferences;
       C:\Program Files\dotnet\sdk\10.0.101\Sdks\Microsoft.NET.Sdk\targets\Microsoft.NET.Sdk.targets(204,5): message :       PrepareResources;
       C:\Program Files\dotnet\sdk\10.0.101\Sdks\Microsoft.NET.Sdk\targets\Microsoft.NET.Sdk.targets(204,5): message :       ResolveKeySource;
       C:\Program Files\dotnet\sdk\10.0.101\Sdks\Microsoft.NET.Sdk\targets\Microsoft.NET.Sdk.targets(204,5): message :       Compile;
       C:\Program Files\dotnet\sdk\10.0.101\Sdks\Microsoft.NET.Sdk\targets\Microsoft.NET.Sdk.targets(204,5): message :       ExportWindowsMDFile;
       C:\Program Files\dotnet\sdk\10.0.101\Sdks\Microsoft.NET.Sdk\targets\Microsoft.NET.Sdk.targets(204,5): message :       UnmanagedUnregistration;
       C:\Program Files\dotnet\sdk\10.0.101\Sdks\Microsoft.NET.Sdk\targets\Microsoft.NET.Sdk.targets(204,5): message :       GenerateSerializationAssemblies;
       C:\Program Files\dotnet\sdk\10.0.101\Sdks\Microsoft.NET.Sdk\targets\Microsoft.NET.Sdk.targets(204,5): message :       CreateSatelliteAssemblies;
       C:\Program Files\dotnet\sdk\10.0.101\Sdks\Microsoft.NET.Sdk\targets\Microsoft.NET.Sdk.targets(204,5): message :       GenerateManifests;
       C:\Program Files\dotnet\sdk\10.0.101\Sdks\Microsoft.NET.Sdk\targets\Microsoft.NET.Sdk.targets(204,5): message :       GetTargetPath;
       C:\Program Files\dotnet\sdk\10.0.101\Sdks\Microsoft.NET.Sdk\targets\Microsoft.NET.Sdk.targets(204,5): message :       PrepareForRun;
       C:\Program Files\dotnet\sdk\10.0.101\Sdks\Microsoft.NET.Sdk\targets\Microsoft.NET.Sdk.targets(204,5): message :       UnmanagedRegistration;
       C:\Program Files\dotnet\sdk\10.0.101\Sdks\Microsoft.NET.Sdk\targets\Microsoft.NET.Sdk.targets(204,5): message :       IncrementalClean;
       C:\Program Files\dotnet\sdk\10.0.101\Sdks\Microsoft.NET.Sdk\targets\Microsoft.NET.Sdk.targets(204,5): message :       PostBuildEvent
       C:\Program Files\dotnet\sdk\10.0.101\Sdks\Microsoft.NET.Sdk\targets\Microsoft.NET.Sdk.targets(204,5): message :     ") at C:\Program Files\dotnet\sdk\10.0.101\Sdks\Microsoft.NET.Sdk\targets\Microsoft.NET.Sdk.targets (204,5)
       C:\Program Files\dotnet\sdk\10.0.101\Sdks\Microsoft.NET.Sdk\targets\Microsoft.NET.Sdk.targets(213,5): message : Property reassignment: $(CoreCleanDependsOn)="
       C:\Program Files\dotnet\sdk\10.0.101\Sdks\Microsoft.NET.Sdk\targets\Microsoft.NET.Sdk.targets(213,5): message :       _SdkBeforeClean;
       C:\Program Files\dotnet\sdk\10.0.101\Sdks\Microsoft.NET.Sdk\targets\Microsoft.NET.Sdk.targets(213,5): message :       
       C:\Program Files\dotnet\sdk\10.0.101\Sdks\Microsoft.NET.Sdk\targets\Microsoft.NET.Sdk.targets(213,5): message :     " (previous value: "") at C:\Program Files\dotnet\sdk\10.0.101\Sdks\Microsoft.NET.Sdk\targets\Microsoft.NET.Sdk.targets (213,5)
       C:\Program Files\dotnet\sdk\10.0.101\Sdks\Microsoft.NET.Sdk\targets\Microsoft.NET.Sdk.targets(220,5): message : Property reassignment: $(RebuildDependsOn)="
       C:\Program Files\dotnet\sdk\10.0.101\Sdks\Microsoft.NET.Sdk\targets\Microsoft.NET.Sdk.targets(220,5): message :       _SdkBeforeRebuild;
       C:\Program Files\dotnet\sdk\10.0.101\Sdks\Microsoft.NET.Sdk\targets\Microsoft.NET.Sdk.targets(220,5): message :       
       C:\Program Files\dotnet\sdk\10.0.101\Sdks\Microsoft.NET.Sdk\targets\Microsoft.NET.Sdk.targets(220,5): message :       BeforeRebuild;
       C:\Program Files\dotnet\sdk\10.0.101\Sdks\Microsoft.NET.Sdk\targets\Microsoft.NET.Sdk.targets(220,5): message :       Clean;
       C:\Program Files\dotnet\sdk\10.0.101\Sdks\Microsoft.NET.Sdk\targets\Microsoft.NET.Sdk.targets(220,5): message :       Build;
       C:\Program Files\dotnet\sdk\10.0.101\Sdks\Microsoft.NET.Sdk\targets\Microsoft.NET.Sdk.targets(220,5): message :       AfterRebuild;
       C:\Program Files\dotnet\sdk\10.0.101\Sdks\Microsoft.NET.Sdk\targets\Microsoft.NET.Sdk.targets(220,5): message :     
       C:\Program Files\dotnet\sdk\10.0.101\Sdks\Microsoft.NET.Sdk\targets\Microsoft.NET.Sdk.targets(220,5): message :     " (previous value: "
       C:\Program Files\dotnet\sdk\10.0.101\Sdks\Microsoft.NET.Sdk\targets\Microsoft.NET.Sdk.targets(220,5): message :       BeforeRebuild;
       C:\Program Files\dotnet\sdk\10.0.101\Sdks\Microsoft.NET.Sdk\targets\Microsoft.NET.Sdk.targets(220,5): message :       Clean;
       C:\Program Files\dotnet\sdk\10.0.101\Sdks\Microsoft.NET.Sdk\targets\Microsoft.NET.Sdk.targets(220,5): message :       Build;
       C:\Program Files\dotnet\sdk\10.0.101\Sdks\Microsoft.NET.Sdk\targets\Microsoft.NET.Sdk.targets(220,5): message :       AfterRebuild;
       C:\Program Files\dotnet\sdk\10.0.101\Sdks\Microsoft.NET.Sdk\targets\Microsoft.NET.Sdk.targets(220,5): message :     ") at C:\Program Files\dotnet\sdk\10.0.101\Sdks\Microsoft.NET.Sdk\targets\Microsoft.NET.Sdk.targets (220,5)
       C:\Program Files\dotnet\sdk\10.0.101\Sdks\Microsoft.NET.Sdk\targets\Microsoft.NET.Sdk.targets(799,5): message : Property reassignment: $(CompileDependsOn)="
       C:\Program Files\dotnet\sdk\10.0.101\Sdks\Microsoft.NET.Sdk\targets\Microsoft.NET.Sdk.targets(799,5): message :       
       C:\Program Files\dotnet\sdk\10.0.101\Sdks\Microsoft.NET.Sdk\targets\Microsoft.NET.Sdk.targets(799,5): message :       ResolveReferences;
       C:\Program Files\dotnet\sdk\10.0.101\Sdks\Microsoft.NET.Sdk\targets\Microsoft.NET.Sdk.targets(799,5): message :       ResolveKeySource;
       C:\Program Files\dotnet\sdk\10.0.101\Sdks\Microsoft.NET.Sdk\targets\Microsoft.NET.Sdk.targets(799,5): message :       SetWin32ManifestProperties;
       C:\Program Files\dotnet\sdk\10.0.101\Sdks\Microsoft.NET.Sdk\targets\Microsoft.NET.Sdk.targets(799,5): message :       _SetPreferNativeArm64Win32ManifestProperties;
       C:\Program Files\dotnet\sdk\10.0.101\Sdks\Microsoft.NET.Sdk\targets\Microsoft.NET.Sdk.targets(799,5): message :       FindReferenceAssembliesForReferences;
       C:\Program Files\dotnet\sdk\10.0.101\Sdks\Microsoft.NET.Sdk\targets\Microsoft.NET.Sdk.targets(799,5): message :       _GenerateCompileInputs;
       C:\Program Files\dotnet\sdk\10.0.101\Sdks\Microsoft.NET.Sdk\targets\Microsoft.NET.Sdk.targets(799,5): message :       BeforeCompile;
       C:\Program Files\dotnet\sdk\10.0.101\Sdks\Microsoft.NET.Sdk\targets\Microsoft.NET.Sdk.targets(799,5): message :       _TimeStampBeforeCompile;
       C:\Program Files\dotnet\sdk\10.0.101\Sdks\Microsoft.NET.Sdk\targets\Microsoft.NET.Sdk.targets(799,5): message :       _GenerateCompileDependencyCache;
       C:\Program Files\dotnet\sdk\10.0.101\Sdks\Microsoft.NET.Sdk\targets\Microsoft.NET.Sdk.targets(799,5): message :       CoreCompile;
       C:\Program Files\dotnet\sdk\10.0.101\Sdks\Microsoft.NET.Sdk\targets\Microsoft.NET.Sdk.targets(799,5): message :       _TimeStampAfterCompile;
       C:\Program Files\dotnet\sdk\10.0.101\Sdks\Microsoft.NET.Sdk\targets\Microsoft.NET.Sdk.targets(799,5): message :       AfterCompile;
       C:\Program Files\dotnet\sdk\10.0.101\Sdks\Microsoft.NET.Sdk\targets\Microsoft.NET.Sdk.targets(799,5): message :     ;
       C:\Program Files\dotnet\sdk\10.0.101\Sdks\Microsoft.NET.Sdk\targets\Microsoft.NET.Sdk.targets(799,5): message :       _CreateAppHost;
       C:\Program Files\dotnet\sdk\10.0.101\Sdks\Microsoft.NET.Sdk\targets\Microsoft.NET.Sdk.targets(799,5): message :       _CreateComHost;
       C:\Program Files\dotnet\sdk\10.0.101\Sdks\Microsoft.NET.Sdk\targets\Microsoft.NET.Sdk.targets(799,5): message :       _GetIjwHostPaths;
       C:\Program Files\dotnet\sdk\10.0.101\Sdks\Microsoft.NET.Sdk\targets\Microsoft.NET.Sdk.targets(799,5): message :     " (previous value: "
       C:\Program Files\dotnet\sdk\10.0.101\Sdks\Microsoft.NET.Sdk\targets\Microsoft.NET.Sdk.targets(799,5): message :       ResolveReferences;
       C:\Program Files\dotnet\sdk\10.0.101\Sdks\Microsoft.NET.Sdk\targets\Microsoft.NET.Sdk.targets(799,5): message :       ResolveKeySource;
       C:\Program Files\dotnet\sdk\10.0.101\Sdks\Microsoft.NET.Sdk\targets\Microsoft.NET.Sdk.targets(799,5): message :       SetWin32ManifestProperties;
       C:\Program Files\dotnet\sdk\10.0.101\Sdks\Microsoft.NET.Sdk\targets\Microsoft.NET.Sdk.targets(799,5): message :       _SetPreferNativeArm64Win32ManifestProperties;
       C:\Program Files\dotnet\sdk\10.0.101\Sdks\Microsoft.NET.Sdk\targets\Microsoft.NET.Sdk.targets(799,5): message :       FindReferenceAssembliesForReferences;
       C:\Program Files\dotnet\sdk\10.0.101\Sdks\Microsoft.NET.Sdk\targets\Microsoft.NET.Sdk.targets(799,5): message :       _GenerateCompileInputs;
       C:\Program Files\dotnet\sdk\10.0.101\Sdks\Microsoft.NET.Sdk\targets\Microsoft.NET.Sdk.targets(799,5): message :       BeforeCompile;
       C:\Program Files\dotnet\sdk\10.0.101\Sdks\Microsoft.NET.Sdk\targets\Microsoft.NET.Sdk.targets(799,5): message :       _TimeStampBeforeCompile;
       C:\Program Files\dotnet\sdk\10.0.101\Sdks\Microsoft.NET.Sdk\targets\Microsoft.NET.Sdk.targets(799,5): message :       _GenerateCompileDependencyCache;
       C:\Program Files\dotnet\sdk\10.0.101\Sdks\Microsoft.NET.Sdk\targets\Microsoft.NET.Sdk.targets(799,5): message :       CoreCompile;
       C:\Program Files\dotnet\sdk\10.0.101\Sdks\Microsoft.NET.Sdk\targets\Microsoft.NET.Sdk.targets(799,5): message :       _TimeStampAfterCompile;
       C:\Program Files\dotnet\sdk\10.0.101\Sdks\Microsoft.NET.Sdk\targets\Microsoft.NET.Sdk.targets(799,5): message :       AfterCompile;
       C:\Program Files\dotnet\sdk\10.0.101\Sdks\Microsoft.NET.Sdk\targets\Microsoft.NET.Sdk.targets(799,5): message :     ") at C:\Program Files\dotnet\sdk\10.0.101\Sdks\Microsoft.NET.Sdk\targets\Microsoft.NET.Sdk.targets (799,5)
       C:\Program Files\dotnet\sdk\10.0.101\Sdks\Microsoft.NET.Sdk\targets\Microsoft.NET.Sdk.targets(1131,5): message : Property reassignment: $(CreateSatelliteAssembliesDependsOn)="
       C:\Program Files\dotnet\sdk\10.0.101\Sdks\Microsoft.NET.Sdk\targets\Microsoft.NET.Sdk.targets(1131,5): message :       
       C:\Program Files\dotnet\sdk\10.0.101\Sdks\Microsoft.NET.Sdk\targets\Microsoft.NET.Sdk.targets(1131,5): message :       ;
       C:\Program Files\dotnet\sdk\10.0.101\Sdks\Microsoft.NET.Sdk\targets\Microsoft.NET.Sdk.targets(1131,5): message :       _GenerateSatelliteAssemblyInputs;
       C:\Program Files\dotnet\sdk\10.0.101\Sdks\Microsoft.NET.Sdk\targets\Microsoft.NET.Sdk.targets(1131,5): message :       ComputeIntermediateSatelliteAssemblies;
       C:\Program Files\dotnet\sdk\10.0.101\Sdks\Microsoft.NET.Sdk\targets\Microsoft.NET.Sdk.targets(1131,5): message :       GenerateSatelliteAssemblies
       C:\Program Files\dotnet\sdk\10.0.101\Sdks\Microsoft.NET.Sdk\targets\Microsoft.NET.Sdk.targets(1131,5): message :     ;
       C:\Program Files\dotnet\sdk\10.0.101\Sdks\Microsoft.NET.Sdk\targets\Microsoft.NET.Sdk.targets(1131,5): message :       CoreGenerateSatelliteAssemblies
       C:\Program Files\dotnet\sdk\10.0.101\Sdks\Microsoft.NET.Sdk\targets\Microsoft.NET.Sdk.targets(1131,5): message :     " (previous value: "
       C:\Program Files\dotnet\sdk\10.0.101\Sdks\Microsoft.NET.Sdk\targets\Microsoft.NET.Sdk.targets(1131,5): message :       ;
       C:\Program Files\dotnet\sdk\10.0.101\Sdks\Microsoft.NET.Sdk\targets\Microsoft.NET.Sdk.targets(1131,5): message :       _GenerateSatelliteAssemblyInputs;
       C:\Program Files\dotnet\sdk\10.0.101\Sdks\Microsoft.NET.Sdk\targets\Microsoft.NET.Sdk.targets(1131,5): message :       ComputeIntermediateSatelliteAssemblies;
       C:\Program Files\dotnet\sdk\10.0.101\Sdks\Microsoft.NET.Sdk\targets\Microsoft.NET.Sdk.targets(1131,5): message :       GenerateSatelliteAssemblies
       C:\Program Files\dotnet\sdk\10.0.101\Sdks\Microsoft.NET.Sdk\targets\Microsoft.NET.Sdk.targets(1131,5): message :     ") at C:\Program Files\dotnet\sdk\10.0.101\Sdks\Microsoft.NET.Sdk\targets\Microsoft.NET.Sdk.targets (1131,5)
       C:\Program Files\dotnet\sdk\10.0.101\Sdks\Microsoft.SourceLink.GitLab\build\Microsoft.SourceLink.GitLab.targets(12,5): message : Property reassignment: $(SourceLinkUrlInitializerTargets)=";_InitializeGitHubSourceLinkUrl;_InitializeGitLabSourceLinkUrl" (previous value: ";_InitializeGitHubSourceLinkUrl") at C:\Program Files\dotnet\sdk\10.0.101\Sdks\Microsoft.SourceLink.GitLab\build\Microsoft.SourceLink.GitLab.targets (12,5)
       C:\Program Files\dotnet\sdk\10.0.101\Sdks\Microsoft.SourceLink.GitLab\build\Microsoft.SourceLink.GitLab.targets(13,5): message : Property reassignment: $(SourceControlManagerUrlTranslationTargets)=";TranslateGitHubUrlsInSourceControlInformation;TranslateGitLabUrlsInSourceControlInformation" (previous value: ";TranslateGitHubUrlsInSourceControlInformation") at C:\Program Files\dotnet\sdk\10.0.101\Sdks\Microsoft.SourceLink.GitLab\build\Microsoft.SourceLink.GitLab.targets (13,5)
       C:\Program Files\dotnet\sdk\10.0.101\Sdks\Microsoft.SourceLink.AzureRepos.Git\build\Microsoft.SourceLink.AzureRepos.Git.targets(12,5): message : Property reassignment: $(SourceLinkUrlInitializerTargets)=";_InitializeGitHubSourceLinkUrl;_InitializeGitLabSourceLinkUrl;_InitializeAzureReposGitSourceLinkUrl" (previous value: ";_InitializeGitHubSourceLinkUrl;_InitializeGitLabSourceLinkUrl") at C:\Program Files\dotnet\sdk\10.0.101\Sdks\Microsoft.SourceLink.AzureRepos.Git\build\Microsoft.SourceLink.AzureRepos.Git.targets (12,5)
       C:\Program Files\dotnet\sdk\10.0.101\Sdks\Microsoft.SourceLink.AzureRepos.Git\build\Microsoft.SourceLink.AzureRepos.Git.targets(13,5): message : Property reassignment: $(SourceControlManagerUrlTranslationTargets)=";TranslateGitHubUrlsInSourceControlInformation;TranslateGitLabUrlsInSourceControlInformation;TranslateAzureReposGitUrlsInSourceControlInformation" (previous value: ";TranslateGitHubUrlsInSourceControlInformation;TranslateGitLabUrlsInSourceControlInformation") at C:\Program Files\dotnet\sdk\10.0.101\Sdks\Microsoft.SourceLink.AzureRepos.Git\build\Microsoft.SourceLink.AzureRepos.Git.targets (13,5)
       C:\Program Files\dotnet\sdk\10.0.101\Sdks\Microsoft.SourceLink.Bitbucket.Git\build\Microsoft.SourceLink.Bitbucket.Git.targets(12,5): message : Property reassignment: $(SourceLinkUrlInitializerTargets)=";_InitializeGitHubSourceLinkUrl;_InitializeGitLabSourceLinkUrl;_InitializeAzureReposGitSourceLinkUrl;_InitializeBitbucketGitSourceLinkUrl" (previous value: ";_InitializeGitHubSourceLinkUrl;_InitializeGitLabSourceLinkUrl;_InitializeAzureReposGitSourceLinkUrl") at C:\Program Files\dotnet\sdk\10.0.101\Sdks\Microsoft.SourceLink.Bitbucket.Git\build\Microsoft.SourceLink.Bitbucket.Git.targets (12,5)
       C:\Program Files\dotnet\sdk\10.0.101\Sdks\Microsoft.SourceLink.Bitbucket.Git\build\Microsoft.SourceLink.Bitbucket.Git.targets(13,5): message : Property reassignment: $(SourceControlManagerUrlTranslationTargets)=";TranslateGitHubUrlsInSourceControlInformation;TranslateGitLabUrlsInSourceControlInformation;TranslateAzureReposGitUrlsInSourceControlInformation;TranslateBitbucketGitUrlsInSourceControlInformation" (previous value: ";TranslateGitHubUrlsInSourceControlInformation;TranslateGitLabUrlsInSourceControlInformation;TranslateAzureReposGitUrlsInSourceControlInformation") at C:\Program Files\dotnet\sdk\10.0.101\Sdks\Microsoft.SourceLink.Bitbucket.Git\build\Microsoft.SourceLink.Bitbucket.Git.targets (13,5)
       C:\Program Files\dotnet\sdk\10.0.101\Sdks\Microsoft.NET.Sdk\targets\Microsoft.NET.DesignerSupport.targets(21,5): message : Property reassignment: $(DesignerRuntimeImplementationProjectOutputGroupDependsOn)="
       C:\Program Files\dotnet\sdk\10.0.101\Sdks\Microsoft.NET.Sdk\targets\Microsoft.NET.DesignerSupport.targets(21,5): message :       
       C:\Program Files\dotnet\sdk\10.0.101\Sdks\Microsoft.NET.Sdk\targets\Microsoft.NET.DesignerSupport.targets(21,5): message :       ;
       C:\Program Files\dotnet\sdk\10.0.101\Sdks\Microsoft.NET.Sdk\targets\Microsoft.NET.DesignerSupport.targets(21,5): message :       
       C:\Program Files\dotnet\sdk\10.0.101\Sdks\Microsoft.NET.Sdk\targets\Microsoft.NET.DesignerSupport.targets(21,5): message :       ;
       C:\Program Files\dotnet\sdk\10.0.101\Sdks\Microsoft.NET.Sdk\targets\Microsoft.NET.DesignerSupport.targets(21,5): message :       BuildOnlySettings;
       C:\Program Files\dotnet\sdk\10.0.101\Sdks\Microsoft.NET.Sdk\targets\Microsoft.NET.DesignerSupport.targets(21,5): message :       PrepareForBuild;
       C:\Program Files\dotnet\sdk\10.0.101\Sdks\Microsoft.NET.Sdk\targets\Microsoft.NET.DesignerSupport.targets(21,5): message :       AssignTargetPaths;
       C:\Program Files\dotnet\sdk\10.0.101\Sdks\Microsoft.NET.Sdk\targets\Microsoft.NET.DesignerSupport.targets(21,5): message :       ResolveReferences
       C:\Program Files\dotnet\sdk\10.0.101\Sdks\Microsoft.NET.Sdk\targets\Microsoft.NET.DesignerSupport.targets(21,5): message :     
       C:\Program Files\dotnet\sdk\10.0.101\Sdks\Microsoft.NET.Sdk\targets\Microsoft.NET.DesignerSupport.targets(21,5): message :     ;
       C:\Program Files\dotnet\sdk\10.0.101\Sdks\Microsoft.NET.Sdk\targets\Microsoft.NET.DesignerSupport.targets(21,5): message :       _GenerateDesignerDepsFile;
       C:\Program Files\dotnet\sdk\10.0.101\Sdks\Microsoft.NET.Sdk\targets\Microsoft.NET.DesignerSupport.targets(21,5): message :       _GenerateDesignerRuntimeConfigFile;
       C:\Program Files\dotnet\sdk\10.0.101\Sdks\Microsoft.NET.Sdk\targets\Microsoft.NET.DesignerSupport.targets(21,5): message :       GetCopyToOutputDirectoryItems;
       C:\Program Files\dotnet\sdk\10.0.101\Sdks\Microsoft.NET.Sdk\targets\Microsoft.NET.DesignerSupport.targets(21,5): message :       _GatherDesignerShadowCopyFiles;
       C:\Program Files\dotnet\sdk\10.0.101\Sdks\Microsoft.NET.Sdk\targets\Microsoft.NET.DesignerSupport.targets(21,5): message :     " (previous value: "
       C:\Program Files\dotnet\sdk\10.0.101\Sdks\Microsoft.NET.Sdk\targets\Microsoft.NET.DesignerSupport.targets(21,5): message :       ;
       C:\Program Files\dotnet\sdk\10.0.101\Sdks\Microsoft.NET.Sdk\targets\Microsoft.NET.DesignerSupport.targets(21,5): message :       
       C:\Program Files\dotnet\sdk\10.0.101\Sdks\Microsoft.NET.Sdk\targets\Microsoft.NET.DesignerSupport.targets(21,5): message :       ;
       C:\Program Files\dotnet\sdk\10.0.101\Sdks\Microsoft.NET.Sdk\targets\Microsoft.NET.DesignerSupport.targets(21,5): message :       BuildOnlySettings;
       C:\Program Files\dotnet\sdk\10.0.101\Sdks\Microsoft.NET.Sdk\targets\Microsoft.NET.DesignerSupport.targets(21,5): message :       PrepareForBuild;
       C:\Program Files\dotnet\sdk\10.0.101\Sdks\Microsoft.NET.Sdk\targets\Microsoft.NET.DesignerSupport.targets(21,5): message :       AssignTargetPaths;
       C:\Program Files\dotnet\sdk\10.0.101\Sdks\Microsoft.NET.Sdk\targets\Microsoft.NET.DesignerSupport.targets(21,5): message :       ResolveReferences
       C:\Program Files\dotnet\sdk\10.0.101\Sdks\Microsoft.NET.Sdk\targets\Microsoft.NET.DesignerSupport.targets(21,5): message :     
       C:\Program Files\dotnet\sdk\10.0.101\Sdks\Microsoft.NET.Sdk\targets\Microsoft.NET.DesignerSupport.targets(21,5): message :     ") at C:\Program Files\dotnet\sdk\10.0.101\Sdks\Microsoft.NET.Sdk\targets\Microsoft.NET.DesignerSupport.targets (21,5)
       C:\Program Files\dotnet\sdk\10.0.101\Sdks\Microsoft.NET.Sdk\targets\Microsoft.NET.Sdk.CSharp.targets(31,5): message : Property reassignment: $(DefineConstants)="TRACE;DEBUG" (previous value: "TRACE") at C:\Program Files\dotnet\sdk\10.0.101\Sdks\Microsoft.NET.Sdk\targets\Microsoft.NET.Sdk.CSharp.targets (31,5)
       C:\Program Files\dotnet\sdk\10.0.101\Sdks\Microsoft.NET.Sdk\targets\Microsoft.NET.Sdk.CSharp.targets(45,5): message : Property reassignment: $(WarningsAsErrors)=";NU1605;SYSLIB0011" (previous value: ";NU1605") at C:\Program Files\dotnet\sdk\10.0.101\Sdks\Microsoft.NET.Sdk\targets\Microsoft.NET.Sdk.CSharp.targets (45,5)
       C:\Program Files\dotnet\sdk\10.0.101\NuGet.Build.Tasks.Pack.targets(34,5): message : Property reassignment: $(PackageDescription)="Package Description" (previous value: "") at C:\Program Files\dotnet\sdk\10.0.101\NuGet.Build.Tasks.Pack.targets (34,5)
       C:\Program Files\dotnet\sdk\10.0.101\NuGet.Build.Tasks.Pack.targets(59,5): message : Property reassignment: $(GenerateNuspecDependsOn)="Build;_LoadPackInputItems; _GetTargetFrameworksOutput; _WalkEachTargetPerFramework; _GetPackageFiles; " (previous value: "_LoadPackInputItems; _GetTargetFrameworksOutput; _WalkEachTargetPerFramework; _GetPackageFiles; ") at C:\Program Files\dotnet\sdk\10.0.101\NuGet.Build.Tasks.Pack.targets (59,5)
       C:\Program Files\dotnet\sdk\10.0.101\Sdks\Microsoft.NET.Sdk\Sdk\Sdk.targets(59,5): message : Property reassignment: $(_IsNotSetContainersTargetsDir)="true" (previous value: "false") at C:\Program Files\dotnet\sdk\10.0.101\Sdks\Microsoft.NET.Sdk\Sdk\Sdk.targets (59,5)
       C:\Program Files\dotnet\sdk\10.0.101\Containers\build\Microsoft.NET.Build.Containers.targets(5,5): message : Property reassignment: $(_IsSDKContainerAllowedVersion)="true" (previous value: "false") at C:\Program Files\dotnet\sdk\10.0.101\Containers\build\Microsoft.NET.Build.Containers.targets (5,5)
       C:\Program Files\dotnet\sdk\10.0.101\Containers\build\Microsoft.NET.Build.Containers.targets(15,5): message : Property reassignment: $(_ContainerIsTargetingNet8TFM)="true" (previous value: "false") at C:\Program Files\dotnet\sdk\10.0.101\Containers\build\Microsoft.NET.Build.Containers.targets (15,5)
       C:\Program Files\dotnet\sdk\10.0.101\Sdks\Microsoft.NET.Sdk.StaticWebAssets\targets\Sdk.StaticWebAssets.CurrentVersion.targets(37,18): message : Property 'DOTNET_HOST_PATH' with value 'C:\Program Files\dotnet\dotnet.exe' expanded from the environment.
       C:\Program Files\dotnet\sdk\10.0.101\Sdks\Microsoft.NET.Sdk.StaticWebAssets\targets\Microsoft.NET.Sdk.StaticWebAssets.targets(286,5): message : Property reassignment: $(PrepareForRunDependsOn)="StaticWebAssetsPrepareForRun;
       C:\Program Files\dotnet\sdk\10.0.101\Sdks\Microsoft.NET.Sdk.StaticWebAssets\targets\Microsoft.NET.Sdk.StaticWebAssets.targets(286,5): message :       CopyFilesToOutputDirectory
       C:\Program Files\dotnet\sdk\10.0.101\Sdks\Microsoft.NET.Sdk.StaticWebAssets\targets\Microsoft.NET.Sdk.StaticWebAssets.targets(286,5): message :     " (previous value: "
       C:\Program Files\dotnet\sdk\10.0.101\Sdks\Microsoft.NET.Sdk.StaticWebAssets\targets\Microsoft.NET.Sdk.StaticWebAssets.targets(286,5): message :       CopyFilesToOutputDirectory
       C:\Program Files\dotnet\sdk\10.0.101\Sdks\Microsoft.NET.Sdk.StaticWebAssets\targets\Microsoft.NET.Sdk.StaticWebAssets.targets(286,5): message :     ") at C:\Program Files\dotnet\sdk\10.0.101\Sdks\Microsoft.NET.Sdk.StaticWebAssets\targets\Microsoft.NET.Sdk.StaticWebAssets.targets (286,5)
       C:\Program Files\dotnet\sdk\10.0.101\Sdks\Microsoft.NET.Sdk.StaticWebAssets\targets\Microsoft.NET.Sdk.StaticWebAssets.targets(323,5): message : Property reassignment: $(GetCopyToOutputDirectoryItemsDependsOn)="
       C:\Program Files\dotnet\sdk\10.0.101\Sdks\Microsoft.NET.Sdk.StaticWebAssets\targets\Microsoft.NET.Sdk.StaticWebAssets.targets(323,5): message :       AssignTargetPaths;
       C:\Program Files\dotnet\sdk\10.0.101\Sdks\Microsoft.NET.Sdk.StaticWebAssets\targets\Microsoft.NET.Sdk.StaticWebAssets.targets(323,5): message :       
       C:\Program Files\dotnet\sdk\10.0.101\Sdks\Microsoft.NET.Sdk.StaticWebAssets\targets\Microsoft.NET.Sdk.StaticWebAssets.targets(323,5): message :       AssignProjectConfiguration;
       C:\Program Files\dotnet\sdk\10.0.101\Sdks\Microsoft.NET.Sdk.StaticWebAssets\targets\Microsoft.NET.Sdk.StaticWebAssets.targets(323,5): message :       _SplitProjectReferencesByFileExistence
       C:\Program Files\dotnet\sdk\10.0.101\Sdks\Microsoft.NET.Sdk.StaticWebAssets\targets\Microsoft.NET.Sdk.StaticWebAssets.targets(323,5): message :     ;
       C:\Program Files\dotnet\sdk\10.0.101\Sdks\Microsoft.NET.Sdk.StaticWebAssets\targets\Microsoft.NET.Sdk.StaticWebAssets.targets(323,5): message :       _GetProjectReferenceTargetFrameworkProperties;
       C:\Program Files\dotnet\sdk\10.0.101\Sdks\Microsoft.NET.Sdk.StaticWebAssets\targets\Microsoft.NET.Sdk.StaticWebAssets.targets(323,5): message :       _PopulateCommonStateForGetCopyToOutputDirectoryItems
       C:\Program Files\dotnet\sdk\10.0.101\Sdks\Microsoft.NET.Sdk.StaticWebAssets\targets\Microsoft.NET.Sdk.StaticWebAssets.targets(323,5): message :     ;AddStaticWebAssetsManifest;AddStaticWebAssetEndpointsBuildManifest" (previous value: "
       C:\Program Files\dotnet\sdk\10.0.101\Sdks\Microsoft.NET.Sdk.StaticWebAssets\targets\Microsoft.NET.Sdk.StaticWebAssets.targets(323,5): message :       AssignTargetPaths;
       C:\Program Files\dotnet\sdk\10.0.101\Sdks\Microsoft.NET.Sdk.StaticWebAssets\targets\Microsoft.NET.Sdk.StaticWebAssets.targets(323,5): message :       
       C:\Program Files\dotnet\sdk\10.0.101\Sdks\Microsoft.NET.Sdk.StaticWebAssets\targets\Microsoft.NET.Sdk.StaticWebAssets.targets(323,5): message :       AssignProjectConfiguration;
       C:\Program Files\dotnet\sdk\10.0.101\Sdks\Microsoft.NET.Sdk.StaticWebAssets\targets\Microsoft.NET.Sdk.StaticWebAssets.targets(323,5): message :       _SplitProjectReferencesByFileExistence
       C:\Program Files\dotnet\sdk\10.0.101\Sdks\Microsoft.NET.Sdk.StaticWebAssets\targets\Microsoft.NET.Sdk.StaticWebAssets.targets(323,5): message :     ;
       C:\Program Files\dotnet\sdk\10.0.101\Sdks\Microsoft.NET.Sdk.StaticWebAssets\targets\Microsoft.NET.Sdk.StaticWebAssets.targets(323,5): message :       _GetProjectReferenceTargetFrameworkProperties;
       C:\Program Files\dotnet\sdk\10.0.101\Sdks\Microsoft.NET.Sdk.StaticWebAssets\targets\Microsoft.NET.Sdk.StaticWebAssets.targets(323,5): message :       _PopulateCommonStateForGetCopyToOutputDirectoryItems
       C:\Program Files\dotnet\sdk\10.0.101\Sdks\Microsoft.NET.Sdk.StaticWebAssets\targets\Microsoft.NET.Sdk.StaticWebAssets.targets(323,5): message :     ") at C:\Program Files\dotnet\sdk\10.0.101\Sdks\Microsoft.NET.Sdk.StaticWebAssets\targets\Microsoft.NET.Sdk.StaticWebAssets.targets (323,5)
       C:\Program Files\dotnet\sdk\10.0.101\Sdks\Microsoft.NET.Sdk.StaticWebAssets\targets\Microsoft.NET.Sdk.StaticWebAssets.Pack.targets(46,5): message : Property reassignment: $(GenerateNuspecDependsOn)="
       C:\Program Files\dotnet\sdk\10.0.101\Sdks\Microsoft.NET.Sdk.StaticWebAssets\targets\Microsoft.NET.Sdk.StaticWebAssets.Pack.targets(46,5): message :       IncludeStaticWebAssetsPackItems;
       C:\Program Files\dotnet\sdk\10.0.101\Sdks\Microsoft.NET.Sdk.StaticWebAssets\targets\Microsoft.NET.Sdk.StaticWebAssets.Pack.targets(46,5): message :       Build;_LoadPackInputItems; _GetTargetFrameworksOutput; _WalkEachTargetPerFramework; _GetPackageFiles; ;
       C:\Program Files\dotnet\sdk\10.0.101\Sdks\Microsoft.NET.Sdk.StaticWebAssets\targets\Microsoft.NET.Sdk.StaticWebAssets.Pack.targets(46,5): message :     " (previous value: "Build;_LoadPackInputItems; _GetTargetFrameworksOutput; _WalkEachTargetPerFramework; _GetPackageFiles; ") at C:\Program Files\dotnet\sdk\10.0.101\Sdks\Microsoft.NET.Sdk.StaticWebAssets\targets\Microsoft.NET.Sdk.StaticWebAssets.Pack.targets (46,5)
       C:\Program Files\dotnet\sdk\10.0.101\Sdks\Microsoft.NET.Sdk.StaticWebAssets\targets\Microsoft.NET.Sdk.StaticWebAssets.Pack.targets(55,5): message : Property reassignment: $(IncludeStaticWebAssetsPackItemsDependsOn)="
       C:\Program Files\dotnet\sdk\10.0.101\Sdks\Microsoft.NET.Sdk.StaticWebAssets\targets\Microsoft.NET.Sdk.StaticWebAssets.Pack.targets(55,5): message :       Build;
       C:\Program Files\dotnet\sdk\10.0.101\Sdks\Microsoft.NET.Sdk.StaticWebAssets\targets\Microsoft.NET.Sdk.StaticWebAssets.Pack.targets(55,5): message :       ResolveStaticWebAssetsConfiguration;LoadStaticWebAssetsBuildManifest
       C:\Program Files\dotnet\sdk\10.0.101\Sdks\Microsoft.NET.Sdk.StaticWebAssets\targets\Microsoft.NET.Sdk.StaticWebAssets.Pack.targets(55,5): message :     ;
       C:\Program Files\dotnet\sdk\10.0.101\Sdks\Microsoft.NET.Sdk.StaticWebAssets\targets\Microsoft.NET.Sdk.StaticWebAssets.Pack.targets(55,5): message :     " (previous value: "
       C:\Program Files\dotnet\sdk\10.0.101\Sdks\Microsoft.NET.Sdk.StaticWebAssets\targets\Microsoft.NET.Sdk.StaticWebAssets.Pack.targets(55,5): message :       ResolveStaticWebAssetsConfiguration;LoadStaticWebAssetsBuildManifest
       C:\Program Files\dotnet\sdk\10.0.101\Sdks\Microsoft.NET.Sdk.StaticWebAssets\targets\Microsoft.NET.Sdk.StaticWebAssets.Pack.targets(55,5): message :     ") at C:\Program Files\dotnet\sdk\10.0.101\Sdks\Microsoft.NET.Sdk.StaticWebAssets\targets\Microsoft.NET.Sdk.StaticWebAssets.Pack.targets (55,5)
       C:\Program Files\dotnet\sdk\10.0.101\Sdks\Microsoft.NET.Sdk.StaticWebAssets\targets\Microsoft.NET.Sdk.StaticWebAssets.ScopedCss.targets(55,3): message : Property reassignment: $(ResolveStaticWebAssetsInputsDependsOn)="
       C:\Program Files\dotnet\sdk\10.0.101\Sdks\Microsoft.NET.Sdk.StaticWebAssets\targets\Microsoft.NET.Sdk.StaticWebAssets.ScopedCss.targets(55,3): message :     
       C:\Program Files\dotnet\sdk\10.0.101\Sdks\Microsoft.NET.Sdk.StaticWebAssets\targets\Microsoft.NET.Sdk.StaticWebAssets.ScopedCss.targets(55,3): message :       ResolveCoreStaticWebAssets;
       C:\Program Files\dotnet\sdk\10.0.101\Sdks\Microsoft.NET.Sdk.StaticWebAssets\targets\Microsoft.NET.Sdk.StaticWebAssets.ScopedCss.targets(55,3): message :       GenerateComputedBuildStaticWebAssets;
       C:\Program Files\dotnet\sdk\10.0.101\Sdks\Microsoft.NET.Sdk.StaticWebAssets\targets\Microsoft.NET.Sdk.StaticWebAssets.ScopedCss.targets(55,3): message :       
       C:\Program Files\dotnet\sdk\10.0.101\Sdks\Microsoft.NET.Sdk.StaticWebAssets\targets\Microsoft.NET.Sdk.StaticWebAssets.ScopedCss.targets(55,3): message :     ;
       C:\Program Files\dotnet\sdk\10.0.101\Sdks\Microsoft.NET.Sdk.StaticWebAssets\targets\Microsoft.NET.Sdk.StaticWebAssets.ScopedCss.targets(55,3): message :     ResolveScopedCssAssets;
       C:\Program Files\dotnet\sdk\10.0.101\Sdks\Microsoft.NET.Sdk.StaticWebAssets\targets\Microsoft.NET.Sdk.StaticWebAssets.ScopedCss.targets(55,3): message :   " (previous value: "
       C:\Program Files\dotnet\sdk\10.0.101\Sdks\Microsoft.NET.Sdk.StaticWebAssets\targets\Microsoft.NET.Sdk.StaticWebAssets.ScopedCss.targets(55,3): message :       ResolveCoreStaticWebAssets;
       C:\Program Files\dotnet\sdk\10.0.101\Sdks\Microsoft.NET.Sdk.StaticWebAssets\targets\Microsoft.NET.Sdk.StaticWebAssets.ScopedCss.targets(55,3): message :       GenerateComputedBuildStaticWebAssets;
       C:\Program Files\dotnet\sdk\10.0.101\Sdks\Microsoft.NET.Sdk.StaticWebAssets\targets\Microsoft.NET.Sdk.StaticWebAssets.ScopedCss.targets(55,3): message :       
       C:\Program Files\dotnet\sdk\10.0.101\Sdks\Microsoft.NET.Sdk.StaticWebAssets\targets\Microsoft.NET.Sdk.StaticWebAssets.ScopedCss.targets(55,3): message :     ") at C:\Program Files\dotnet\sdk\10.0.101\Sdks\Microsoft.NET.Sdk.StaticWebAssets\targets\Microsoft.NET.Sdk.StaticWebAssets.ScopedCss.targets (55,3)
       C:\Program Files\dotnet\sdk\10.0.101\Sdks\Microsoft.NET.Sdk.StaticWebAssets\targets\Microsoft.NET.Sdk.StaticWebAssets.ScopedCss.targets(88,3): message : Property reassignment: $(GenerateComputedBuildStaticWebAssetsDependsOn)="
       C:\Program Files\dotnet\sdk\10.0.101\Sdks\Microsoft.NET.Sdk.StaticWebAssets\targets\Microsoft.NET.Sdk.StaticWebAssets.ScopedCss.targets(88,3): message :     ResolveCoreStaticWebAssets;;
       C:\Program Files\dotnet\sdk\10.0.101\Sdks\Microsoft.NET.Sdk.StaticWebAssets\targets\Microsoft.NET.Sdk.StaticWebAssets.ScopedCss.targets(88,3): message :     BundleScopedCssFiles;
       C:\Program Files\dotnet\sdk\10.0.101\Sdks\Microsoft.NET.Sdk.StaticWebAssets\targets\Microsoft.NET.Sdk.StaticWebAssets.ScopedCss.targets(88,3): message :   " (previous value: "ResolveCoreStaticWebAssets;") at C:\Program Files\dotnet\sdk\10.0.101\Sdks\Microsoft.NET.Sdk.StaticWebAssets\targets\Microsoft.NET.Sdk.StaticWebAssets.ScopedCss.targets (88,3)
       C:\Program Files\dotnet\sdk\10.0.101\Sdks\Microsoft.NET.Sdk.StaticWebAssets\targets\Microsoft.NET.Sdk.StaticWebAssets.JSModules.targets(37,5): message : Property reassignment: $(ResolveCoreStaticWebAssetsDependsOn)="
       C:\Program Files\dotnet\sdk\10.0.101\Sdks\Microsoft.NET.Sdk.StaticWebAssets\targets\Microsoft.NET.Sdk.StaticWebAssets.JSModules.targets(37,5): message :       
       C:\Program Files\dotnet\sdk\10.0.101\Sdks\Microsoft.NET.Sdk.StaticWebAssets\targets\Microsoft.NET.Sdk.StaticWebAssets.JSModules.targets(37,5): message :       UpdateExistingPackageStaticWebAssets;
       C:\Program Files\dotnet\sdk\10.0.101\Sdks\Microsoft.NET.Sdk.StaticWebAssets\targets\Microsoft.NET.Sdk.StaticWebAssets.JSModules.targets(37,5): message :       ResolveProjectStaticWebAssets;
       C:\Program Files\dotnet\sdk\10.0.101\Sdks\Microsoft.NET.Sdk.StaticWebAssets\targets\Microsoft.NET.Sdk.StaticWebAssets.JSModules.targets(37,5): message :       ResolveEmbeddedProjectsStaticWebAssets;
       C:\Program Files\dotnet\sdk\10.0.101\Sdks\Microsoft.NET.Sdk.StaticWebAssets\targets\Microsoft.NET.Sdk.StaticWebAssets.JSModules.targets(37,5): message :       ResolveReferencedProjectsStaticWebAssets;
       C:\Program Files\dotnet\sdk\10.0.101\Sdks\Microsoft.NET.Sdk.StaticWebAssets\targets\Microsoft.NET.Sdk.StaticWebAssets.JSModules.targets(37,5): message :       ;
       C:\Program Files\dotnet\sdk\10.0.101\Sdks\Microsoft.NET.Sdk.StaticWebAssets\targets\Microsoft.NET.Sdk.StaticWebAssets.JSModules.targets(37,5): message :     ;
       C:\Program Files\dotnet\sdk\10.0.101\Sdks\Microsoft.NET.Sdk.StaticWebAssets\targets\Microsoft.NET.Sdk.StaticWebAssets.JSModules.targets(37,5): message :       ResolveJsInitializerModuleStaticWebAssets;
       C:\Program Files\dotnet\sdk\10.0.101\Sdks\Microsoft.NET.Sdk.StaticWebAssets\targets\Microsoft.NET.Sdk.StaticWebAssets.JSModules.targets(37,5): message :     " (previous value: "
       C:\Program Files\dotnet\sdk\10.0.101\Sdks\Microsoft.NET.Sdk.StaticWebAssets\targets\Microsoft.NET.Sdk.StaticWebAssets.JSModules.targets(37,5): message :       UpdateExistingPackageStaticWebAssets;
       C:\Program Files\dotnet\sdk\10.0.101\Sdks\Microsoft.NET.Sdk.StaticWebAssets\targets\Microsoft.NET.Sdk.StaticWebAssets.JSModules.targets(37,5): message :       ResolveProjectStaticWebAssets;
       C:\Program Files\dotnet\sdk\10.0.101\Sdks\Microsoft.NET.Sdk.StaticWebAssets\targets\Microsoft.NET.Sdk.StaticWebAssets.JSModules.targets(37,5): message :       ResolveEmbeddedProjectsStaticWebAssets;
       C:\Program Files\dotnet\sdk\10.0.101\Sdks\Microsoft.NET.Sdk.StaticWebAssets\targets\Microsoft.NET.Sdk.StaticWebAssets.JSModules.targets(37,5): message :       ResolveReferencedProjectsStaticWebAssets;
       C:\Program Files\dotnet\sdk\10.0.101\Sdks\Microsoft.NET.Sdk.StaticWebAssets\targets\Microsoft.NET.Sdk.StaticWebAssets.JSModules.targets(37,5): message :       ;
       C:\Program Files\dotnet\sdk\10.0.101\Sdks\Microsoft.NET.Sdk.StaticWebAssets\targets\Microsoft.NET.Sdk.StaticWebAssets.JSModules.targets(37,5): message :     ") at C:\Program Files\dotnet\sdk\10.0.101\Sdks\Microsoft.NET.Sdk.StaticWebAssets\targets\Microsoft.NET.Sdk.StaticWebAssets.JSModules.targets (37,5)
       C:\Program Files\dotnet\sdk\10.0.101\Sdks\Microsoft.NET.Sdk.StaticWebAssets\targets\Microsoft.NET.Sdk.StaticWebAssets.JSModules.targets(42,5): message : Property reassignment: $(ResolveCoreStaticWebAssetsDependsOn)="
       C:\Program Files\dotnet\sdk\10.0.101\Sdks\Microsoft.NET.Sdk.StaticWebAssets\targets\Microsoft.NET.Sdk.StaticWebAssets.JSModules.targets(42,5): message :       
       C:\Program Files\dotnet\sdk\10.0.101\Sdks\Microsoft.NET.Sdk.StaticWebAssets\targets\Microsoft.NET.Sdk.StaticWebAssets.JSModules.targets(42,5): message :       
       C:\Program Files\dotnet\sdk\10.0.101\Sdks\Microsoft.NET.Sdk.StaticWebAssets\targets\Microsoft.NET.Sdk.StaticWebAssets.JSModules.targets(42,5): message :       UpdateExistingPackageStaticWebAssets;
       C:\Program Files\dotnet\sdk\10.0.101\Sdks\Microsoft.NET.Sdk.StaticWebAssets\targets\Microsoft.NET.Sdk.StaticWebAssets.JSModules.targets(42,5): message :       ResolveProjectStaticWebAssets;
       C:\Program Files\dotnet\sdk\10.0.101\Sdks\Microsoft.NET.Sdk.StaticWebAssets\targets\Microsoft.NET.Sdk.StaticWebAssets.JSModules.targets(42,5): message :       ResolveEmbeddedProjectsStaticWebAssets;
       C:\Program Files\dotnet\sdk\10.0.101\Sdks\Microsoft.NET.Sdk.StaticWebAssets\targets\Microsoft.NET.Sdk.StaticWebAssets.JSModules.targets(42,5): message :       ResolveReferencedProjectsStaticWebAssets;
       C:\Program Files\dotnet\sdk\10.0.101\Sdks\Microsoft.NET.Sdk.StaticWebAssets\targets\Microsoft.NET.Sdk.StaticWebAssets.JSModules.targets(42,5): message :       ;
       C:\Program Files\dotnet\sdk\10.0.101\Sdks\Microsoft.NET.Sdk.StaticWebAssets\targets\Microsoft.NET.Sdk.StaticWebAssets.JSModules.targets(42,5): message :     ;
       C:\Program Files\dotnet\sdk\10.0.101\Sdks\Microsoft.NET.Sdk.StaticWebAssets\targets\Microsoft.NET.Sdk.StaticWebAssets.JSModules.targets(42,5): message :       ResolveJsInitializerModuleStaticWebAssets;
       C:\Program Files\dotnet\sdk\10.0.101\Sdks\Microsoft.NET.Sdk.StaticWebAssets\targets\Microsoft.NET.Sdk.StaticWebAssets.JSModules.targets(42,5): message :     ;
       C:\Program Files\dotnet\sdk\10.0.101\Sdks\Microsoft.NET.Sdk.StaticWebAssets\targets\Microsoft.NET.Sdk.StaticWebAssets.JSModules.targets(42,5): message :       ResolveJSModuleStaticWebAssets;
       C:\Program Files\dotnet\sdk\10.0.101\Sdks\Microsoft.NET.Sdk.StaticWebAssets\targets\Microsoft.NET.Sdk.StaticWebAssets.JSModules.targets(42,5): message :     " (previous value: "
       C:\Program Files\dotnet\sdk\10.0.101\Sdks\Microsoft.NET.Sdk.StaticWebAssets\targets\Microsoft.NET.Sdk.StaticWebAssets.JSModules.targets(42,5): message :       
       C:\Program Files\dotnet\sdk\10.0.101\Sdks\Microsoft.NET.Sdk.StaticWebAssets\targets\Microsoft.NET.Sdk.StaticWebAssets.JSModules.targets(42,5): message :       UpdateExistingPackageStaticWebAssets;
       C:\Program Files\dotnet\sdk\10.0.101\Sdks\Microsoft.NET.Sdk.StaticWebAssets\targets\Microsoft.NET.Sdk.StaticWebAssets.JSModules.targets(42,5): message :       ResolveProjectStaticWebAssets;
       C:\Program Files\dotnet\sdk\10.0.101\Sdks\Microsoft.NET.Sdk.StaticWebAssets\targets\Microsoft.NET.Sdk.StaticWebAssets.JSModules.targets(42,5): message :       ResolveEmbeddedProjectsStaticWebAssets;
       C:\Program Files\dotnet\sdk\10.0.101\Sdks\Microsoft.NET.Sdk.StaticWebAssets\targets\Microsoft.NET.Sdk.StaticWebAssets.JSModules.targets(42,5): message :       ResolveReferencedProjectsStaticWebAssets;
       C:\Program Files\dotnet\sdk\10.0.101\Sdks\Microsoft.NET.Sdk.StaticWebAssets\targets\Microsoft.NET.Sdk.StaticWebAssets.JSModules.targets(42,5): message :       ;
       C:\Program Files\dotnet\sdk\10.0.101\Sdks\Microsoft.NET.Sdk.StaticWebAssets\targets\Microsoft.NET.Sdk.StaticWebAssets.JSModules.targets(42,5): message :     ;
       C:\Program Files\dotnet\sdk\10.0.101\Sdks\Microsoft.NET.Sdk.StaticWebAssets\targets\Microsoft.NET.Sdk.StaticWebAssets.JSModules.targets(42,5): message :       ResolveJsInitializerModuleStaticWebAssets;
       C:\Program Files\dotnet\sdk\10.0.101\Sdks\Microsoft.NET.Sdk.StaticWebAssets\targets\Microsoft.NET.Sdk.StaticWebAssets.JSModules.targets(42,5): message :     ") at C:\Program Files\dotnet\sdk\10.0.101\Sdks\Microsoft.NET.Sdk.StaticWebAssets\targets\Microsoft.NET.Sdk.StaticWebAssets.JSModules.targets (42,5)
       C:\Program Files\dotnet\sdk\10.0.101\Sdks\Microsoft.NET.Sdk.StaticWebAssets\targets\Microsoft.NET.Sdk.StaticWebAssets.JSModules.targets(57,5): message : Property reassignment: $(ResolveStaticWebAssetsInputsDependsOn)="
       C:\Program Files\dotnet\sdk\10.0.101\Sdks\Microsoft.NET.Sdk.StaticWebAssets\targets\Microsoft.NET.Sdk.StaticWebAssets.JSModules.targets(57,5): message :       ResolveJSModuleManifestBuildStaticWebAssets;
       C:\Program Files\dotnet\sdk\10.0.101\Sdks\Microsoft.NET.Sdk.StaticWebAssets\targets\Microsoft.NET.Sdk.StaticWebAssets.JSModules.targets(57,5): message :       
       C:\Program Files\dotnet\sdk\10.0.101\Sdks\Microsoft.NET.Sdk.StaticWebAssets\targets\Microsoft.NET.Sdk.StaticWebAssets.JSModules.targets(57,5): message :     
       C:\Program Files\dotnet\sdk\10.0.101\Sdks\Microsoft.NET.Sdk.StaticWebAssets\targets\Microsoft.NET.Sdk.StaticWebAssets.JSModules.targets(57,5): message :       ResolveCoreStaticWebAssets;
       C:\Program Files\dotnet\sdk\10.0.101\Sdks\Microsoft.NET.Sdk.StaticWebAssets\targets\Microsoft.NET.Sdk.StaticWebAssets.JSModules.targets(57,5): message :       GenerateComputedBuildStaticWebAssets;
       C:\Program Files\dotnet\sdk\10.0.101\Sdks\Microsoft.NET.Sdk.StaticWebAssets\targets\Microsoft.NET.Sdk.StaticWebAssets.JSModules.targets(57,5): message :       
       C:\Program Files\dotnet\sdk\10.0.101\Sdks\Microsoft.NET.Sdk.StaticWebAssets\targets\Microsoft.NET.Sdk.StaticWebAssets.JSModules.targets(57,5): message :     ;
       C:\Program Files\dotnet\sdk\10.0.101\Sdks\Microsoft.NET.Sdk.StaticWebAssets\targets\Microsoft.NET.Sdk.StaticWebAssets.JSModules.targets(57,5): message :     ResolveScopedCssAssets;
       C:\Program Files\dotnet\sdk\10.0.101\Sdks\Microsoft.NET.Sdk.StaticWebAssets\targets\Microsoft.NET.Sdk.StaticWebAssets.JSModules.targets(57,5): message :   
       C:\Program Files\dotnet\sdk\10.0.101\Sdks\Microsoft.NET.Sdk.StaticWebAssets\targets\Microsoft.NET.Sdk.StaticWebAssets.JSModules.targets(57,5): message :     " (previous value: "
       C:\Program Files\dotnet\sdk\10.0.101\Sdks\Microsoft.NET.Sdk.StaticWebAssets\targets\Microsoft.NET.Sdk.StaticWebAssets.JSModules.targets(57,5): message :     
       C:\Program Files\dotnet\sdk\10.0.101\Sdks\Microsoft.NET.Sdk.StaticWebAssets\targets\Microsoft.NET.Sdk.StaticWebAssets.JSModules.targets(57,5): message :       ResolveCoreStaticWebAssets;
       C:\Program Files\dotnet\sdk\10.0.101\Sdks\Microsoft.NET.Sdk.StaticWebAssets\targets\Microsoft.NET.Sdk.StaticWebAssets.JSModules.targets(57,5): message :       GenerateComputedBuildStaticWebAssets;
       C:\Program Files\dotnet\sdk\10.0.101\Sdks\Microsoft.NET.Sdk.StaticWebAssets\targets\Microsoft.NET.Sdk.StaticWebAssets.JSModules.targets(57,5): message :       
       C:\Program Files\dotnet\sdk\10.0.101\Sdks\Microsoft.NET.Sdk.StaticWebAssets\targets\Microsoft.NET.Sdk.StaticWebAssets.JSModules.targets(57,5): message :     ;
       C:\Program Files\dotnet\sdk\10.0.101\Sdks\Microsoft.NET.Sdk.StaticWebAssets\targets\Microsoft.NET.Sdk.StaticWebAssets.JSModules.targets(57,5): message :     ResolveScopedCssAssets;
       C:\Program Files\dotnet\sdk\10.0.101\Sdks\Microsoft.NET.Sdk.StaticWebAssets\targets\Microsoft.NET.Sdk.StaticWebAssets.JSModules.targets(57,5): message :   ") at C:\Program Files\dotnet\sdk\10.0.101\Sdks\Microsoft.NET.Sdk.StaticWebAssets\targets\Microsoft.NET.Sdk.StaticWebAssets.JSModules.targets (57,5)
       C:\Program Files\dotnet\sdk\10.0.101\Sdks\Microsoft.NET.Sdk.StaticWebAssets\targets\Microsoft.NET.Sdk.StaticWebAssets.JSModules.targets(76,5): message : Property reassignment: $(ResolvePublishStaticWebAssetsDependsOn)="
       C:\Program Files\dotnet\sdk\10.0.101\Sdks\Microsoft.NET.Sdk.StaticWebAssets\targets\Microsoft.NET.Sdk.StaticWebAssets.JSModules.targets(76,5): message :       ResolveJSModuleManifestPublishStaticWebAssets;
       C:\Program Files\dotnet\sdk\10.0.101\Sdks\Microsoft.NET.Sdk.StaticWebAssets\targets\Microsoft.NET.Sdk.StaticWebAssets.JSModules.targets(76,5): message :       
       C:\Program Files\dotnet\sdk\10.0.101\Sdks\Microsoft.NET.Sdk.StaticWebAssets\targets\Microsoft.NET.Sdk.StaticWebAssets.JSModules.targets(76,5): message :       ResolveCorePublishStaticWebAssets;
       C:\Program Files\dotnet\sdk\10.0.101\Sdks\Microsoft.NET.Sdk.StaticWebAssets\targets\Microsoft.NET.Sdk.StaticWebAssets.JSModules.targets(76,5): message :       GenerateComputedPublishStaticWebAssets;
       C:\Program Files\dotnet\sdk\10.0.101\Sdks\Microsoft.NET.Sdk.StaticWebAssets\targets\Microsoft.NET.Sdk.StaticWebAssets.JSModules.targets(76,5): message :       ;
       C:\Program Files\dotnet\sdk\10.0.101\Sdks\Microsoft.NET.Sdk.StaticWebAssets\targets\Microsoft.NET.Sdk.StaticWebAssets.JSModules.targets(76,5): message :     
       C:\Program Files\dotnet\sdk\10.0.101\Sdks\Microsoft.NET.Sdk.StaticWebAssets\targets\Microsoft.NET.Sdk.StaticWebAssets.JSModules.targets(76,5): message :     " (previous value: "
       C:\Program Files\dotnet\sdk\10.0.101\Sdks\Microsoft.NET.Sdk.StaticWebAssets\targets\Microsoft.NET.Sdk.StaticWebAssets.JSModules.targets(76,5): message :       ResolveCorePublishStaticWebAssets;
       C:\Program Files\dotnet\sdk\10.0.101\Sdks\Microsoft.NET.Sdk.StaticWebAssets\targets\Microsoft.NET.Sdk.StaticWebAssets.JSModules.targets(76,5): message :       GenerateComputedPublishStaticWebAssets;
       C:\Program Files\dotnet\sdk\10.0.101\Sdks\Microsoft.NET.Sdk.StaticWebAssets\targets\Microsoft.NET.Sdk.StaticWebAssets.JSModules.targets(76,5): message :       ;
       C:\Program Files\dotnet\sdk\10.0.101\Sdks\Microsoft.NET.Sdk.StaticWebAssets\targets\Microsoft.NET.Sdk.StaticWebAssets.JSModules.targets(76,5): message :     ") at C:\Program Files\dotnet\sdk\10.0.101\Sdks\Microsoft.NET.Sdk.StaticWebAssets\targets\Microsoft.NET.Sdk.StaticWebAssets.JSModules.targets (76,5)
       C:\Program Files\dotnet\sdk\10.0.101\Sdks\Microsoft.NET.Sdk.StaticWebAssets\targets\Microsoft.NET.Sdk.StaticWebAssets.Compression.targets(185,5): message : Property reassignment: $(ResolveBuildRelatedStaticWebAssetsDependsOn)="
       C:\Program Files\dotnet\sdk\10.0.101\Sdks\Microsoft.NET.Sdk.StaticWebAssets\targets\Microsoft.NET.Sdk.StaticWebAssets.Compression.targets(185,5): message :       ResolveBuildCompressedStaticWebAssets;
       C:\Program Files\dotnet\sdk\10.0.101\Sdks\Microsoft.NET.Sdk.StaticWebAssets\targets\Microsoft.NET.Sdk.StaticWebAssets.Compression.targets(185,5): message :       
       C:\Program Files\dotnet\sdk\10.0.101\Sdks\Microsoft.NET.Sdk.StaticWebAssets\targets\Microsoft.NET.Sdk.StaticWebAssets.Compression.targets(185,5): message :       ResolveStaticWebAssetsInputs;
       C:\Program Files\dotnet\sdk\10.0.101\Sdks\Microsoft.NET.Sdk.StaticWebAssets\targets\Microsoft.NET.Sdk.StaticWebAssets.Compression.targets(185,5): message :       
       C:\Program Files\dotnet\sdk\10.0.101\Sdks\Microsoft.NET.Sdk.StaticWebAssets\targets\Microsoft.NET.Sdk.StaticWebAssets.Compression.targets(185,5): message :     
       C:\Program Files\dotnet\sdk\10.0.101\Sdks\Microsoft.NET.Sdk.StaticWebAssets\targets\Microsoft.NET.Sdk.StaticWebAssets.Compression.targets(185,5): message :     " (previous value: "
       C:\Program Files\dotnet\sdk\10.0.101\Sdks\Microsoft.NET.Sdk.StaticWebAssets\targets\Microsoft.NET.Sdk.StaticWebAssets.Compression.targets(185,5): message :       ResolveStaticWebAssetsInputs;
       C:\Program Files\dotnet\sdk\10.0.101\Sdks\Microsoft.NET.Sdk.StaticWebAssets\targets\Microsoft.NET.Sdk.StaticWebAssets.Compression.targets(185,5): message :       
       C:\Program Files\dotnet\sdk\10.0.101\Sdks\Microsoft.NET.Sdk.StaticWebAssets\targets\Microsoft.NET.Sdk.StaticWebAssets.Compression.targets(185,5): message :     ") at C:\Program Files\dotnet\sdk\10.0.101\Sdks\Microsoft.NET.Sdk.StaticWebAssets\targets\Microsoft.NET.Sdk.StaticWebAssets.Compression.targets (185,5)
       C:\Program Files\dotnet\sdk\10.0.101\Sdks\Microsoft.NET.Sdk.StaticWebAssets\targets\Microsoft.NET.Sdk.StaticWebAssets.Compression.targets(204,5): message : Property reassignment: $(ResolvePublishRelatedStaticWebAssetsDependsOn)="
       C:\Program Files\dotnet\sdk\10.0.101\Sdks\Microsoft.NET.Sdk.StaticWebAssets\targets\Microsoft.NET.Sdk.StaticWebAssets.Compression.targets(204,5): message :       ResolvePublishCompressedStaticWebAssets;
       C:\Program Files\dotnet\sdk\10.0.101\Sdks\Microsoft.NET.Sdk.StaticWebAssets\targets\Microsoft.NET.Sdk.StaticWebAssets.Compression.targets(204,5): message :       
       C:\Program Files\dotnet\sdk\10.0.101\Sdks\Microsoft.NET.Sdk.StaticWebAssets\targets\Microsoft.NET.Sdk.StaticWebAssets.Compression.targets(204,5): message :     " (previous value: "") at C:\Program Files\dotnet\sdk\10.0.101\Sdks\Microsoft.NET.Sdk.StaticWebAssets\targets\Microsoft.NET.Sdk.StaticWebAssets.Compression.targets (204,5)
       C:\Program Files\dotnet\sdk\10.0.101\Sdks\Microsoft.NET.Sdk.Razor\targets\Sdk.Razor.CurrentVersion.targets(220,5): message : Property reassignment: $(DebugSymbolsProjectOutputGroupDependsOn)="
       C:\Program Files\dotnet\sdk\10.0.101\Sdks\Microsoft.NET.Sdk.Razor\targets\Sdk.Razor.CurrentVersion.targets(220,5): message :       ;
       C:\Program Files\dotnet\sdk\10.0.101\Sdks\Microsoft.NET.Sdk.Razor\targets\Sdk.Razor.CurrentVersion.targets(220,5): message :       _RazorAddDebugSymbolsProjectOutputGroupOutput
       C:\Program Files\dotnet\sdk\10.0.101\Sdks\Microsoft.NET.Sdk.Razor\targets\Sdk.Razor.CurrentVersion.targets(220,5): message :     " (previous value: "") at C:\Program Files\dotnet\sdk\10.0.101\Sdks\Microsoft.NET.Sdk.Razor\targets\Sdk.Razor.CurrentVersion.targets (220,5)
       C:\Program Files\dotnet\sdk\10.0.101\Sdks\Microsoft.NET.Sdk.Razor\targets\Sdk.Razor.CurrentVersion.targets(225,5): message : Property reassignment: $(PrepareForBuildDependsOn)="
       C:\Program Files\dotnet\sdk\10.0.101\Sdks\Microsoft.NET.Sdk.Razor\targets\Sdk.Razor.CurrentVersion.targets(225,5): message :       ;GetFrameworkPaths;GetReferenceAssemblyPaths;AssignLinkMetadata;
       C:\Program Files\dotnet\sdk\10.0.101\Sdks\Microsoft.NET.Sdk.Razor\targets\Sdk.Razor.CurrentVersion.targets(225,5): message :       ResolveRazorGenerateInputs
       C:\Program Files\dotnet\sdk\10.0.101\Sdks\Microsoft.NET.Sdk.Razor\targets\Sdk.Razor.CurrentVersion.targets(225,5): message :     " (previous value: ";GetFrameworkPaths;GetReferenceAssemblyPaths;AssignLinkMetadata") at C:\Program Files\dotnet\sdk\10.0.101\Sdks\Microsoft.NET.Sdk.Razor\targets\Sdk.Razor.CurrentVersion.targets (225,5)
       C:\Program Files\dotnet\sdk\10.0.101\Sdks\Microsoft.NET.Sdk.Razor\targets\Sdk.Razor.CurrentVersion.targets(230,5): message : Property reassignment: $(GenerateNuspecDependsOn)="
       C:\Program Files\dotnet\sdk\10.0.101\Sdks\Microsoft.NET.Sdk.Razor\targets\Sdk.Razor.CurrentVersion.targets(230,5): message :       ResolveRazorGenerateInputs;
       C:\Program Files\dotnet\sdk\10.0.101\Sdks\Microsoft.NET.Sdk.Razor\targets\Sdk.Razor.CurrentVersion.targets(230,5): message :       
       C:\Program Files\dotnet\sdk\10.0.101\Sdks\Microsoft.NET.Sdk.Razor\targets\Sdk.Razor.CurrentVersion.targets(230,5): message :       IncludeStaticWebAssetsPackItems;
       C:\Program Files\dotnet\sdk\10.0.101\Sdks\Microsoft.NET.Sdk.Razor\targets\Sdk.Razor.CurrentVersion.targets(230,5): message :       Build;_LoadPackInputItems; _GetTargetFrameworksOutput; _WalkEachTargetPerFramework; _GetPackageFiles; ;
       C:\Program Files\dotnet\sdk\10.0.101\Sdks\Microsoft.NET.Sdk.Razor\targets\Sdk.Razor.CurrentVersion.targets(230,5): message :     
       C:\Program Files\dotnet\sdk\10.0.101\Sdks\Microsoft.NET.Sdk.Razor\targets\Sdk.Razor.CurrentVersion.targets(230,5): message :     " (previous value: "
       C:\Program Files\dotnet\sdk\10.0.101\Sdks\Microsoft.NET.Sdk.Razor\targets\Sdk.Razor.CurrentVersion.targets(230,5): message :       IncludeStaticWebAssetsPackItems;
       C:\Program Files\dotnet\sdk\10.0.101\Sdks\Microsoft.NET.Sdk.Razor\targets\Sdk.Razor.CurrentVersion.targets(230,5): message :       Build;_LoadPackInputItems; _GetTargetFrameworksOutput; _WalkEachTargetPerFramework; _GetPackageFiles; ;
       C:\Program Files\dotnet\sdk\10.0.101\Sdks\Microsoft.NET.Sdk.Razor\targets\Sdk.Razor.CurrentVersion.targets(230,5): message :     ") at C:\Program Files\dotnet\sdk\10.0.101\Sdks\Microsoft.NET.Sdk.Razor\targets\Sdk.Razor.CurrentVersion.targets (230,5)
       C:\Program Files\dotnet\sdk\10.0.101\Sdks\Microsoft.NET.Sdk.Razor\targets\Sdk.Razor.CurrentVersion.targets(235,5): message : Property reassignment: $(PrepareForRunDependsOn)="
       C:\Program Files\dotnet\sdk\10.0.101\Sdks\Microsoft.NET.Sdk.Razor\targets\Sdk.Razor.CurrentVersion.targets(235,5): message :       _RazorPrepareForRun;
       C:\Program Files\dotnet\sdk\10.0.101\Sdks\Microsoft.NET.Sdk.Razor\targets\Sdk.Razor.CurrentVersion.targets(235,5): message :       StaticWebAssetsPrepareForRun;
       C:\Program Files\dotnet\sdk\10.0.101\Sdks\Microsoft.NET.Sdk.Razor\targets\Sdk.Razor.CurrentVersion.targets(235,5): message :       CopyFilesToOutputDirectory
       C:\Program Files\dotnet\sdk\10.0.101\Sdks\Microsoft.NET.Sdk.Razor\targets\Sdk.Razor.CurrentVersion.targets(235,5): message :     
       C:\Program Files\dotnet\sdk\10.0.101\Sdks\Microsoft.NET.Sdk.Razor\targets\Sdk.Razor.CurrentVersion.targets(235,5): message :     " (previous value: "StaticWebAssetsPrepareForRun;
       C:\Program Files\dotnet\sdk\10.0.101\Sdks\Microsoft.NET.Sdk.Razor\targets\Sdk.Razor.CurrentVersion.targets(235,5): message :       CopyFilesToOutputDirectory
       C:\Program Files\dotnet\sdk\10.0.101\Sdks\Microsoft.NET.Sdk.Razor\targets\Sdk.Razor.CurrentVersion.targets(235,5): message :     ") at C:\Program Files\dotnet\sdk\10.0.101\Sdks\Microsoft.NET.Sdk.Razor\targets\Sdk.Razor.CurrentVersion.targets (235,5)
       C:\Program Files\dotnet\sdk\10.0.101\Sdks\Microsoft.NET.Sdk.Razor\targets\Sdk.Razor.CurrentVersion.targets(326,5): message : Property reassignment: $(UseRazorBuildServer)="true" (previous value: "") at C:\Program Files\dotnet\sdk\10.0.101\Sdks\Microsoft.NET.Sdk.Razor\targets\Sdk.Razor.CurrentVersion.targets (326,5)
       C:\Program Files\dotnet\sdk\10.0.101\Sdks\Microsoft.NET.Sdk.Razor\targets\Sdk.Razor.CurrentVersion.targets(332,5): message : Property reassignment: $(_RazorDebugSymbolsProduced)="true" (previous value: "false") at C:\Program Files\dotnet\sdk\10.0.101\Sdks\Microsoft.NET.Sdk.Razor\targets\Sdk.Razor.CurrentVersion.targets (332,5)
       C:\Program Files\dotnet\sdk\10.0.101\Sdks\Microsoft.NET.Sdk.Razor\targets\Microsoft.NET.Sdk.Razor.GenerateAssemblyInfo.targets(36,5): message : Property reassignment: $(GenerateRazorTargetAssemblyInfoDependsOn)="
       C:\Program Files\dotnet\sdk\10.0.101\Sdks\Microsoft.NET.Sdk.Razor\targets\Microsoft.NET.Sdk.Razor.GenerateAssemblyInfo.targets(36,5): message :       _ResolveMvcAssemblyAttributes;
       C:\Program Files\dotnet\sdk\10.0.101\Sdks\Microsoft.NET.Sdk.Razor\targets\Microsoft.NET.Sdk.Razor.GenerateAssemblyInfo.targets(36,5): message :       
       C:\Program Files\dotnet\sdk\10.0.101\Sdks\Microsoft.NET.Sdk.Razor\targets\Microsoft.NET.Sdk.Razor.GenerateAssemblyInfo.targets(36,5): message :       GetRazorTargetAssemblyAttributes;
       C:\Program Files\dotnet\sdk\10.0.101\Sdks\Microsoft.NET.Sdk.Razor\targets\Microsoft.NET.Sdk.Razor.GenerateAssemblyInfo.targets(36,5): message :       _CreateRazorTargetAssemblyInfoInputsCacheFile;
       C:\Program Files\dotnet\sdk\10.0.101\Sdks\Microsoft.NET.Sdk.Razor\targets\Microsoft.NET.Sdk.Razor.GenerateAssemblyInfo.targets(36,5): message :       CoreGenerateRazorTargetAssemblyInfo
       C:\Program Files\dotnet\sdk\10.0.101\Sdks\Microsoft.NET.Sdk.Razor\targets\Microsoft.NET.Sdk.Razor.GenerateAssemblyInfo.targets(36,5): message :     
       C:\Program Files\dotnet\sdk\10.0.101\Sdks\Microsoft.NET.Sdk.Razor\targets\Microsoft.NET.Sdk.Razor.GenerateAssemblyInfo.targets(36,5): message :     " (previous value: "
       C:\Program Files\dotnet\sdk\10.0.101\Sdks\Microsoft.NET.Sdk.Razor\targets\Microsoft.NET.Sdk.Razor.GenerateAssemblyInfo.targets(36,5): message :       GetRazorTargetAssemblyAttributes;
       C:\Program Files\dotnet\sdk\10.0.101\Sdks\Microsoft.NET.Sdk.Razor\targets\Microsoft.NET.Sdk.Razor.GenerateAssemblyInfo.targets(36,5): message :       _CreateRazorTargetAssemblyInfoInputsCacheFile;
       C:\Program Files\dotnet\sdk\10.0.101\Sdks\Microsoft.NET.Sdk.Razor\targets\Microsoft.NET.Sdk.Razor.GenerateAssemblyInfo.targets(36,5): message :       CoreGenerateRazorTargetAssemblyInfo
       C:\Program Files\dotnet\sdk\10.0.101\Sdks\Microsoft.NET.Sdk.Razor\targets\Microsoft.NET.Sdk.Razor.GenerateAssemblyInfo.targets(36,5): message :     ") at C:\Program Files\dotnet\sdk\10.0.101\Sdks\Microsoft.NET.Sdk.Razor\targets\Microsoft.NET.Sdk.Razor.GenerateAssemblyInfo.targets (36,5)
       C:\Program Files\dotnet\sdk\10.0.101\Sdks\Microsoft.NET.Sdk.Razor\targets\Microsoft.NET.Sdk.Razor.GenerateAssemblyInfo.targets(181,5): message : Property reassignment: $(CoreCompileDependsOn)="
       C:\Program Files\dotnet\sdk\10.0.101\Sdks\Microsoft.NET.Sdk.Razor\targets\Microsoft.NET.Sdk.Razor.GenerateAssemblyInfo.targets(181,5): message :       ;_ComputeNonExistentFileProperty;ResolveCodeAnalysisRuleSet;
       C:\Program Files\dotnet\sdk\10.0.101\Sdks\Microsoft.NET.Sdk.Razor\targets\Microsoft.NET.Sdk.Razor.GenerateAssemblyInfo.targets(181,5): message :       _GenerateRazorAssemblyInfo
       C:\Program Files\dotnet\sdk\10.0.101\Sdks\Microsoft.NET.Sdk.Razor\targets\Microsoft.NET.Sdk.Razor.GenerateAssemblyInfo.targets(181,5): message :     " (previous value: ";_ComputeNonExistentFileProperty;ResolveCodeAnalysisRuleSet") at C:\Program Files\dotnet\sdk\10.0.101\Sdks\Microsoft.NET.Sdk.Razor\targets\Microsoft.NET.Sdk.Razor.GenerateAssemblyInfo.targets (181,5)
       C:\Program Files\dotnet\sdk\10.0.101\Sdks\Microsoft.NET.Sdk.Razor\targets\Microsoft.NET.Sdk.Razor.GenerateAssemblyInfo.targets(189,5): message : Property reassignment: $(_GenerateRazorAssemblyInfoDependsOn)="
       C:\Program Files\dotnet\sdk\10.0.101\Sdks\Microsoft.NET.Sdk.Razor\targets\Microsoft.NET.Sdk.Razor.GenerateAssemblyInfo.targets(189,5): message :       _ResolveMvcAssemblyAttributes;
       C:\Program Files\dotnet\sdk\10.0.101\Sdks\Microsoft.NET.Sdk.Razor\targets\Microsoft.NET.Sdk.Razor.GenerateAssemblyInfo.targets(189,5): message :       RazorGetAssemblyAttributes;PrepareForBuild;_CoreGenerateRazorAssemblyInfo;
       C:\Program Files\dotnet\sdk\10.0.101\Sdks\Microsoft.NET.Sdk.Razor\targets\Microsoft.NET.Sdk.Razor.GenerateAssemblyInfo.targets(189,5): message :     " (previous value: "RazorGetAssemblyAttributes;PrepareForBuild;_CoreGenerateRazorAssemblyInfo") at C:\Program Files\dotnet\sdk\10.0.101\Sdks\Microsoft.NET.Sdk.Razor\targets\Microsoft.NET.Sdk.Razor.GenerateAssemblyInfo.targets (189,5)
       C:\Program Files\dotnet\sdk\10.0.101\Sdks\Microsoft.NET.Sdk.Razor\targets\Microsoft.NET.Sdk.Razor.MvcApplicationPartsDiscovery.targets(22,5): message : Property reassignment: $(CoreCompileDependsOn)="
       C:\Program Files\dotnet\sdk\10.0.101\Sdks\Microsoft.NET.Sdk.Razor\targets\Microsoft.NET.Sdk.Razor.MvcApplicationPartsDiscovery.targets(22,5): message :       _DiscoverMvcApplicationParts;
       C:\Program Files\dotnet\sdk\10.0.101\Sdks\Microsoft.NET.Sdk.Razor\targets\Microsoft.NET.Sdk.Razor.MvcApplicationPartsDiscovery.targets(22,5): message :       
       C:\Program Files\dotnet\sdk\10.0.101\Sdks\Microsoft.NET.Sdk.Razor\targets\Microsoft.NET.Sdk.Razor.MvcApplicationPartsDiscovery.targets(22,5): message :       ;_ComputeNonExistentFileProperty;ResolveCodeAnalysisRuleSet;
       C:\Program Files\dotnet\sdk\10.0.101\Sdks\Microsoft.NET.Sdk.Razor\targets\Microsoft.NET.Sdk.Razor.MvcApplicationPartsDiscovery.targets(22,5): message :       _GenerateRazorAssemblyInfo
       C:\Program Files\dotnet\sdk\10.0.101\Sdks\Microsoft.NET.Sdk.Razor\targets\Microsoft.NET.Sdk.Razor.MvcApplicationPartsDiscovery.targets(22,5): message :     ;
       C:\Program Files\dotnet\sdk\10.0.101\Sdks\Microsoft.NET.Sdk.Razor\targets\Microsoft.NET.Sdk.Razor.MvcApplicationPartsDiscovery.targets(22,5): message :     " (previous value: "
       C:\Program Files\dotnet\sdk\10.0.101\Sdks\Microsoft.NET.Sdk.Razor\targets\Microsoft.NET.Sdk.Razor.MvcApplicationPartsDiscovery.targets(22,5): message :       ;_ComputeNonExistentFileProperty;ResolveCodeAnalysisRuleSet;
       C:\Program Files\dotnet\sdk\10.0.101\Sdks\Microsoft.NET.Sdk.Razor\targets\Microsoft.NET.Sdk.Razor.MvcApplicationPartsDiscovery.targets(22,5): message :       _GenerateRazorAssemblyInfo
       C:\Program Files\dotnet\sdk\10.0.101\Sdks\Microsoft.NET.Sdk.Razor\targets\Microsoft.NET.Sdk.Razor.MvcApplicationPartsDiscovery.targets(22,5): message :     ") at C:\Program Files\dotnet\sdk\10.0.101\Sdks\Microsoft.NET.Sdk.Razor\targets\Microsoft.NET.Sdk.Razor.MvcApplicationPartsDiscovery.targets (22,5)
       C:\Program Files\dotnet\sdk\10.0.101\Sdks\Microsoft.NET.Sdk.Razor\targets\Sdk.Razor.CurrentVersion.targets(884,5): message : Property reassignment: $(RazorDesignTimeTargets)="C:\Program Files\dotnet\sdk\10.0.101\Sdks\Microsoft.NET.Sdk.Razor\targets\Microsoft.NET.Sdk.Razor.DesignTime.targets" (previous value: "C:\Program Files\dotnet\sdk\10.0.101\\Microsoft\VisualStudio\Razor\Microsoft.NET.Sdk.Razor.DesignTime.targets") at C:\Program Files\dotnet\sdk\10.0.101\Sdks\Microsoft.NET.Sdk.Razor\targets\Sdk.Razor.CurrentVersion.targets (884,5)
       C:\Program Files\dotnet\sdk\10.0.101\Sdks\Microsoft.NET.Sdk.Web.ProjectSystem\targets\Microsoft.NET.Sdk.Web.ProjectSystem.targets(21,5): message : Property reassignment: $(RunWorkingDirectory)="D:\P.L\Flutter\fresh_produce_app\FreshProduce.Api" (previous value: "") at C:\Program Files\dotnet\sdk\10.0.101\Sdks\Microsoft.NET.Sdk.Web.ProjectSystem\targets\Microsoft.NET.Sdk.Web.ProjectSystem.targets (21,5)
       C:\Program Files\dotnet\sdk\10.0.101\Sdks\Microsoft.NET.Sdk.Publish\targets\Microsoft.NET.Sdk.Publish.targets(60,5): message : Property reassignment: $(PublishProfileImported)="true" (previous value: "false") at C:\Program Files\dotnet\sdk\10.0.101\Sdks\Microsoft.NET.Sdk.Publish\targets\Microsoft.NET.Sdk.Publish.targets (60,5)
       C:\Program Files\dotnet\sdk\10.0.101\Sdks\Microsoft.NET.Sdk.Publish\targets\Microsoft.NET.Sdk.Publish.targets(81,5): message : Property reassignment: $(PublishConfiguration)="Debug" (previous value: "") at C:\Program Files\dotnet\sdk\10.0.101\Sdks\Microsoft.NET.Sdk.Publish\targets\Microsoft.NET.Sdk.Publish.targets (81,5)
       C:\Program Files\dotnet\sdk\10.0.101\Sdks\Microsoft.NET.Sdk.Publish\targets\Microsoft.NET.Sdk.Publish.targets(87,5): message : Property reassignment: $(BaseIntermediateOutputPath)="D:\P.L\Flutter\fresh_produce_app\FreshProduce.Api\obj\" (previous value: "obj\") at C:\Program Files\dotnet\sdk\10.0.101\Sdks\Microsoft.NET.Sdk.Publish\targets\Microsoft.NET.Sdk.Publish.targets (87,5)
       Overriding target "ResolveFrameworkReferences" in project "C:\Program Files\dotnet\sdk\10.0.101\Microsoft.Common.CurrentVersion.targets" with target "ResolveFrameworkReferences" from project "C:\Program Files\dotnet\sdk\10.0.101\Sdks\Microsoft.NET.Sdk\targets\Microsoft.NET.Sdk.FrameworkReferenceResolution.targets".
       Overriding target "GenerateSupportedTargetFrameworkAlias" in project "C:\Program Files\dotnet\sdk\10.0.101\Microsoft.Common.CurrentVersion.targets" with target "GenerateSupportedTargetFrameworkAlias" from project "C:\Program Files\dotnet\sdk\10.0.101\Sdks\Microsoft.NET.Sdk\targets\Microsoft.NET.Sdk.targets".
       Overriding target "GetReferenceAssemblyPaths" in project "C:\Program Files\dotnet\sdk\10.0.101\Microsoft.Common.CurrentVersion.targets" with target "GetReferenceAssemblyPaths" from project "C:\Program Files\dotnet\sdk\10.0.101\Sdks\Microsoft.NET.Sdk\targets\Microsoft.NET.DisableStandardFrameworkResolution.targets".
       Overriding target "GetFrameworkPaths" in project "C:\Program Files\dotnet\sdk\10.0.101\Microsoft.Common.CurrentVersion.targets" with target "GetFrameworkPaths" from project "C:\Program Files\dotnet\sdk\10.0.101\Sdks\Microsoft.NET.Sdk\targets\Microsoft.NET.DisableStandardFrameworkResolution.targets".
       Overriding target "DesignerRuntimeImplementationProjectOutputGroup" in project "C:\Program Files\dotnet\sdk\10.0.101\Microsoft.Common.CurrentVersion.targets" with target "DesignerRuntimeImplementationProjectOutputGroup" from project "C:\Program Files\dotnet\sdk\10.0.101\Sdks\Microsoft.NET.Sdk\targets\Microsoft.NET.DesignerSupport.targets".
       Overriding target "Publish" in project "C:\Program Files\dotnet\sdk\10.0.101\Microsoft.Common.CurrentVersion.targets" with target "Publish" from project "C:\Program Files\dotnet\sdk\10.0.101\Sdks\Microsoft.NET.Sdk\targets\Microsoft.NET.Publish.targets".
       Overriding target "ResolveReadyToRunCompilers" in project "C:\Program Files\dotnet\sdk\10.0.101\Sdks\Microsoft.NET.Sdk\targets\Microsoft.NET.CrossGen.targets" with target "ResolveReadyToRunCompilers" from project "C:\Program Files\dotnet\sdk\10.0.101\Sdks\Microsoft.NET.Sdk\targets\Microsoft.NET.Publish.targets".
       Overriding target "GetCopyToPublishDirectoryItems" in project "C:\Program Files\dotnet\sdk\10.0.101\Microsoft.Common.CurrentVersion.targets" with target "GetCopyToPublishDirectoryItems" from project "C:\Program Files\dotnet\sdk\10.0.101\Sdks\Microsoft.NET.Sdk\targets\Microsoft.NET.Publish.targets".
       Overriding target "Run" in project "C:\Program Files\dotnet\sdk\10.0.101\Microsoft.Common.CurrentVersion.targets" with target "Run" from project "C:\Program Files\dotnet\sdk\10.0.101\Sdks\Microsoft.NET.Sdk\targets\Microsoft.NET.Sdk.targets".
       Overriding target "BeforePublish" in project "C:\Program Files\dotnet\sdk\10.0.101\Microsoft.Common.CurrentVersion.targets" with target "BeforePublish" from project "C:\Program Files\dotnet\sdk\10.0.101\Sdks\Microsoft.NET.Sdk.Publish\targets\Microsoft.NET.Sdk.Publish.targets".
       Overriding target "AfterPublish" in project "C:\Program Files\dotnet\sdk\10.0.101\Microsoft.Common.CurrentVersion.targets" with target "AfterPublish" from project "C:\Program Files\dotnet\sdk\10.0.101\Sdks\Microsoft.NET.Sdk.Publish\targets\Microsoft.NET.Sdk.Publish.targets".
       The target "CollectUpToDateCheckInputDesignTime" listed in a BeforeTargets attribute at "C:\Program Files\dotnet\sdk\10.0.101\Sdks\Microsoft.NET.Sdk.StaticWebAssets\targets\Microsoft.NET.Sdk.StaticWebAssets.ScopedCss.targets (171,5)" does not exist in the project, and will be ignored.
       The target "CollectUpToDateCheckBuiltDesignTime" listed in a BeforeTargets attribute at "C:\Program Files\dotnet\sdk\10.0.101\Sdks\Microsoft.NET.Sdk.StaticWebAssets\targets\Microsoft.NET.Sdk.StaticWebAssets.ScopedCss.targets (171,5)" does not exist in the project, and will be ignored.
       The target "RazorGenerateComponentDeclaration" listed in an AfterTargets attribute at "C:\Program Files\dotnet\sdk\10.0.101\Sdks\Microsoft.NET.Sdk.Razor\targets\Microsoft.NET.Sdk.Razor.DesignTime.targets (55,53)" does not exist in the project, and will be ignored.
     1>Project "D:\P.L\Flutter\fresh_produce_app\FreshProduce.Api\FreshProduce.Api.csproj" (1) is building "D:\P.L\Flutter\fresh_produce_app\FreshProduce.Api\FreshProduce.Api.csproj" (1:2) on node 1 (_IsProjectRestoreSupported target(s)).
   1:2>Target "_IsProjectRestoreSupported" in file "C:\Program Files\dotnet\sdk\10.0.101\NuGet.targets" from project "D:\P.L\Flutter\fresh_produce_app\FreshProduce.Api\FreshProduce.Api.csproj" (entry point):
   1:2>Done building target "_IsProjectRestoreSupported" in project "FreshProduce.Api.csproj".
   1:2>Done Building Project "D:\P.L\Flutter\fresh_produce_app\FreshProduce.Api\FreshProduce.Api.csproj" (_IsProjectRestoreSupported target(s)).
     1>Done executing task "MSBuild".
       Assembly loaded during TaskRun: NuGet.Build.Tasks, Version=7.0.0.0, Culture=neutral, PublicKeyToken=31bf3856ad364e35 (location: C:\Program Files\dotnet\sdk\10.0.101\NuGet.Build.Tasks.dll, MVID: 1d7b2a50-0801-4407-864a-c0611e7b6f2d, AssemblyLoadContext: MSBuild plugin C:\Program Files\dotnet\sdk\10.0.101\NuGet.Build.Tasks.dll)
       Assembly loaded during TaskRun: NuGet.Common, Version=7.0.0.0, Culture=neutral, PublicKeyToken=31bf3856ad364e35 (location: C:\Program Files\dotnet\sdk\10.0.101\NuGet.Common.dll, MVID: e68f94a8-8ead-49da-8d66-ddbffff51250, AssemblyLoadContext: MSBuild plugin C:\Program Files\dotnet\sdk\10.0.101\NuGet.Build.Tasks.dll)
       Assembly loaded during TaskRun: NuGet.Commands, Version=7.0.0.0, Culture=neutral, PublicKeyToken=31bf3856ad364e35 (location: C:\Program Files\dotnet\sdk\10.0.101\NuGet.Commands.dll, MVID: cf5dfc68-8202-4a78-a2e1-4e04847fc3ac, AssemblyLoadContext: MSBuild plugin C:\Program Files\dotnet\sdk\10.0.101\NuGet.Build.Tasks.dll)
       Assembly loaded during TaskRun: NuGet.ProjectModel, Version=7.0.0.0, Culture=neutral, PublicKeyToken=31bf3856ad364e35 (location: C:\Program Files\dotnet\sdk\10.0.101\NuGet.ProjectModel.dll, MVID: 74e299f3-0a8a-48ce-b793-3c6caaf0a1df, AssemblyLoadContext: MSBuild plugin C:\Program Files\dotnet\sdk\10.0.101\NuGet.Build.Tasks.dll)
       Using "WarnForInvalidProjectsTask" task from assembly "C:\Program Files\dotnet\sdk\10.0.101\NuGet.Build.Tasks.dll".
       Task "WarnForInvalidProjectsTask"
       Done executing task "WarnForInvalidProjectsTask".
     1>Done building target "_FilterRestoreGraphProjectInputItems" in project "FreshProduce.Api.csproj".
       Target "_FilterRestoreGraphProjectInputItems" skipped. Previously built successfully.
     1>Target "_GetAllRestoreProjectPathItems" in file "C:\Program Files\dotnet\sdk\10.0.101\NuGet.targets" from project "D:\P.L\Flutter\fresh_produce_app\FreshProduce.Api\FreshProduce.Api.csproj" (target "_GenerateRestoreGraph" depends on it):
       Using "NuGetMessageTask" task from assembly "C:\Program Files\dotnet\sdk\10.0.101\NuGet.Build.Tasks.dll".
       Task "NuGetMessageTask"
         Determining projects to restore...
       Done executing task "NuGetMessageTask".
       Task "MSBuild"
         Global Properties:
           ExcludeRestorePackageImports=true
     1>Project "D:\P.L\Flutter\fresh_produce_app\FreshProduce.Api\FreshProduce.Api.csproj" (1) is building "D:\P.L\Flutter\fresh_produce_app\FreshProduce.Api\FreshProduce.Api.csproj" (1:3) on node 1 (_GenerateRestoreProjectPathWalk target(s)).
   1:3>Target "_GenerateRestoreProjectPathItemsPerFramework" in file "C:\Program Files\dotnet\sdk\10.0.101\NuGet.targets" from project "D:\P.L\Flutter\fresh_produce_app\FreshProduce.Api\FreshProduce.Api.csproj" (target "_GenerateRestoreProjectPathItemsCurrentProject" depends on it):
   1:3>Using "ConvertToAbsolutePath" task from assembly "Microsoft.Build.Tasks.Core, Version=15.1.0.0, Culture=neutral, PublicKeyToken=b03f5f7f11d50a3a".
       Task "ConvertToAbsolutePath"
       Done executing task "ConvertToAbsolutePath".
   1:3>Done building target "_GenerateRestoreProjectPathItemsPerFramework" in project "FreshProduce.Api.csproj".
   1:3>Target "_GenerateRestoreProjectPathItemsCurrentProject" in file "C:\Program Files\dotnet\sdk\10.0.101\NuGet.targets" from project "D:\P.L\Flutter\fresh_produce_app\FreshProduce.Api\FreshProduce.Api.csproj" (target "_GenerateRestoreProjectPathItems" depends on it):
   1:3>Done building target "_GenerateRestoreProjectPathItemsCurrentProject" in project "FreshProduce.Api.csproj".
   1:3>Target "_GenerateRestoreProjectPathItems" in file "C:\Program Files\dotnet\sdk\10.0.101\NuGet.targets" from project "D:\P.L\Flutter\fresh_produce_app\FreshProduce.Api\FreshProduce.Api.csproj" (target "_GenerateRestoreProjectPathWalk" depends on it):
       Task "RemoveDuplicates"
       Done executing task "RemoveDuplicates".
   1:3>Done building target "_GenerateRestoreProjectPathItems" in project "FreshProduce.Api.csproj".
   1:3>Target "_GenerateRestoreProjectPathWalk" in file "C:\Program Files\dotnet\sdk\10.0.101\NuGet.targets" from project "D:\P.L\Flutter\fresh_produce_app\FreshProduce.Api\FreshProduce.Api.csproj" (entry point):
       Task "MSBuild"
         Global Properties:
           ExcludeRestorePackageImports=true
     0>C:\Program Files\dotnet\sdk\10.0.101\Sdks\Microsoft.NET.Sdk\Sdk\Sdk.props(49,11): message : Property 'MSBuildExtensionsPath' with value 'C:\Program Files\dotnet\sdk\10.0.101\' expanded from the environment.
       C:\Program Files\dotnet\sdk\10.0.101\Current\Microsoft.Common.props(60,5): message : Property reassignment: $(MSBuildProjectExtensionsPath)="D:\P.L\Flutter\fresh_produce_app\FreshProduce.Application\obj\" (previous value: "obj\") at C:\Program Files\dotnet\sdk\10.0.101\Current\Microsoft.Common.props (60,5)
       C:\Program Files\dotnet\sdk\10.0.101\Current\Microsoft.Common.props(84,119): message : Property 'MSBuildUserExtensionsPath' with value 'C:\Users\Dell\AppData\Local\Microsoft\MSBuild' expanded from the environment.
       C:\Program Files\dotnet\sdk\10.0.101\Sdks\Microsoft.NET.Sdk\targets\Microsoft.NET.Sdk.props(90,5): message : Property reassignment: $(AssemblySearchPaths)="{CandidateAssemblyFiles};{HintPathFromItem}" (previous value: "{CandidateAssemblyFiles}") at C:\Program Files\dotnet\sdk\10.0.101\Sdks\Microsoft.NET.Sdk\targets\Microsoft.NET.Sdk.props (90,5)
       C:\Program Files\dotnet\sdk\10.0.101\Sdks\Microsoft.NET.Sdk\targets\Microsoft.NET.Sdk.props(91,5): message : Property reassignment: $(AssemblySearchPaths)="{CandidateAssemblyFiles};{HintPathFromItem};{TargetFrameworkDirectory}" (previous value: "{CandidateAssemblyFiles};{HintPathFromItem}") at C:\Program Files\dotnet\sdk\10.0.101\Sdks\Microsoft.NET.Sdk\targets\Microsoft.NET.Sdk.props (91,5)
       C:\Program Files\dotnet\sdk\10.0.101\Sdks\Microsoft.NET.Sdk\targets\Microsoft.NET.Sdk.props(92,5): message : Property reassignment: $(AssemblySearchPaths)="{CandidateAssemblyFiles};{HintPathFromItem};{TargetFrameworkDirectory};{RawFileName}" (previous value: "{CandidateAssemblyFiles};{HintPathFromItem};{TargetFrameworkDirectory}") at C:\Program Files\dotnet\sdk\10.0.101\Sdks\Microsoft.NET.Sdk\targets\Microsoft.NET.Sdk.props (92,5)
       C:\Program Files\dotnet\sdk\10.0.101\Sdks\Microsoft.NET.Sdk\targets\Microsoft.NET.Sdk.ImportPublishProfile.targets(28,5): message : Property reassignment: $(PublishProfileImported)="false" (previous value: "true") at C:\Program Files\dotnet\sdk\10.0.101\Sdks\Microsoft.NET.Sdk\targets\Microsoft.NET.Sdk.ImportPublishProfile.targets (28,5)
       C:\Program Files\dotnet\sdk\10.0.101\Sdks\Microsoft.NET.Sdk\targets\Microsoft.NET.TargetFrameworkInference.targets(81,5): message : Property reassignment: $(TargetPlatformVersion)="" (previous value: "0.0") at C:\Program Files\dotnet\sdk\10.0.101\Sdks\Microsoft.NET.Sdk\targets\Microsoft.NET.TargetFrameworkInference.targets (81,5)
       C:\Program Files\dotnet\sdk\10.0.101\Sdks\Microsoft.NET.Sdk\targets\Microsoft.NET.DefaultOutputPaths.targets(127,5): message : Property reassignment: $(DefaultItemExcludes)=";bin\Debug\/**;obj\Debug\/**" (previous value: ";bin\Debug\/**") at C:\Program Files\dotnet\sdk\10.0.101\Sdks\Microsoft.NET.Sdk\targets\Microsoft.NET.DefaultOutputPaths.targets (127,5)
       C:\Program Files\dotnet\sdk\10.0.101\Sdks\Microsoft.NET.Sdk\targets\Microsoft.NET.DefaultOutputPaths.targets(142,5): message : Property reassignment: $(OutputPath)="bin\Debug\net9.0\" (previous value: "bin\Debug\") at C:\Program Files\dotnet\sdk\10.0.101\Sdks\Microsoft.NET.Sdk\targets\Microsoft.NET.DefaultOutputPaths.targets (142,5)
       C:\Program Files\dotnet\sdk\10.0.101\Sdks\Microsoft.NET.Sdk\targets\Microsoft.NET.DefaultOutputPaths.targets(147,5): message : Property reassignment: $(IntermediateOutputPath)="obj\Debug\net9.0\" (previous value: "obj\Debug\") at C:\Program Files\dotnet\sdk\10.0.101\Sdks\Microsoft.NET.Sdk\targets\Microsoft.NET.DefaultOutputPaths.targets (147,5)
       C:\Program Files\dotnet\sdk\10.0.101\Sdks\Microsoft.NET.Sdk\targets\Microsoft.NET.Sdk.BeforeCommon.targets(371,5): message : Property reassignment: $(RoslynTargetsPath)="C:\Program Files\dotnet\sdk\10.0.101\Sdks\Microsoft.NET.Sdk\targets\..\..\..\Roslyn" (previous value: "C:\Program Files\dotnet\sdk\10.0.101\Roslyn") at C:\Program Files\dotnet\sdk\10.0.101\Sdks\Microsoft.NET.Sdk\targets\Microsoft.NET.Sdk.BeforeCommon.targets (371,5)
       C:\Program Files\dotnet\sdk\10.0.101\Roslyn\Microsoft.Managed.Core.targets(6,5): message : Property reassignment: $(_BuildTasksDirectory)="C:\Program Files\dotnet\sdk\10.0.101\Sdks\Microsoft.NET.Sdk\targets\..\..\..\Roslyn\" (previous value: "C:\Program Files\dotnet\sdk\10.0.101\Roslyn\") at C:\Program Files\dotnet\sdk\10.0.101\Roslyn\Microsoft.Managed.Core.targets (6,5)
       C:\Program Files\dotnet\sdk\10.0.101\Roslyn\Microsoft.CSharp.Core.targets(200,5): message : Property reassignment: $(CommandLineArgsForDesignTimeEvaluation)="-langversion:13.0 -define:TRACE" (previous value: "-langversion:13.0") at C:\Program Files\dotnet\sdk\10.0.101\Roslyn\Microsoft.CSharp.Core.targets (200,5)
       C:\Program Files\dotnet\sdk\10.0.101\Microsoft.Common.CurrentVersion.targets(175,5): message : Property reassignment: $(_DebugSymbolsProduced)="true" (previous value: "false") at C:\Program Files\dotnet\sdk\10.0.101\Microsoft.Common.CurrentVersion.targets (175,5)
       C:\Program Files\dotnet\sdk\10.0.101\Microsoft.Common.CurrentVersion.targets(185,5): message : Property reassignment: $(_DocumentationFileProduced)="false" (previous value: "true") at C:\Program Files\dotnet\sdk\10.0.101\Microsoft.Common.CurrentVersion.targets (185,5)
       C:\Program Files\dotnet\sdk\10.0.101\Microsoft.Common.CurrentVersion.targets(392,5): message : Property reassignment: $(MSBuildCopyMarkerName)="FreshPro.87BF4971" (previous value: "FreshProduce.Application.csproj") at C:\Program Files\dotnet\sdk\10.0.101\Microsoft.Common.CurrentVersion.targets (392,5)
       C:\Program Files\dotnet\sdk\10.0.101\Microsoft.Common.CurrentVersion.targets(393,5): message : Property reassignment: $(MSBuildCopyMarkerName)="FreshPro.87BF4971.Up2Date" (previous value: "FreshPro.87BF4971") at C:\Program Files\dotnet\sdk\10.0.101\Microsoft.Common.CurrentVersion.targets (393,5)
       C:\Program Files\dotnet\sdk\10.0.101\Microsoft.Common.CurrentVersion.targets(541,5): message : Property reassignment: $(ProcessorArchitecture)="msil" (previous value: "") at C:\Program Files\dotnet\sdk\10.0.101\Microsoft.Common.CurrentVersion.targets (541,5)
       C:\Program Files\dotnet\sdk\10.0.101\Microsoft.Common.CurrentVersion.targets(580,5): message : Property reassignment: $(DelaySign)="" (previous value: "false") at C:\Program Files\dotnet\sdk\10.0.101\Microsoft.Common.CurrentVersion.targets (580,5)
       C:\Program Files\dotnet\sdk\10.0.101\Microsoft.Common.CurrentVersion.targets(2606,5): message : Property 'LOCALAPPDATA' with value 'C:\Users\Dell\AppData\Local' expanded from the environment.
       C:\Program Files\dotnet\sdk\10.0.101\Microsoft.Common.CurrentVersion.targets(3934,5): message : Property reassignment: $(_SGenGenerateSerializationAssembliesConfig)="Auto" (previous value: "") at C:\Program Files\dotnet\sdk\10.0.101\Microsoft.Common.CurrentVersion.targets (3934,5)
       C:\Program Files\dotnet\sdk\10.0.101\Microsoft.Common.CurrentVersion.targets(3935,5): message : Property reassignment: $(_SGenGenerateSerializationAssembliesConfig)="Off" (previous value: "Auto") at C:\Program Files\dotnet\sdk\10.0.101\Microsoft.Common.CurrentVersion.targets (3935,5)
       C:\Program Files\dotnet\sdk\10.0.101\Microsoft.Common.CurrentVersion.targets(5146,5): message : Property reassignment: $(_TargetsThatPrepareProjectReferences)="
       C:\Program Files\dotnet\sdk\10.0.101\Microsoft.Common.CurrentVersion.targets(5146,5): message :       AssignProjectConfiguration;
       C:\Program Files\dotnet\sdk\10.0.101\Microsoft.Common.CurrentVersion.targets(5146,5): message :       _SplitProjectReferencesByFileExistence
       C:\Program Files\dotnet\sdk\10.0.101\Microsoft.Common.CurrentVersion.targets(5146,5): message :     " (previous value: "_SplitProjectReferencesByFileExistence") at C:\Program Files\dotnet\sdk\10.0.101\Microsoft.Common.CurrentVersion.targets (5146,5)
       C:\Program Files\dotnet\sdk\10.0.101\Microsoft.Common.CurrentVersion.targets(6959,5): message : Property 'MSBuildExtensionsPath32' with value 'C:\Program Files\dotnet\sdk\10.0.101' expanded from the environment.
       The "NuGetInteractive" property is a global property, and cannot be modified.
       C:\Program Files\dotnet\sdk\10.0.101\Sdks\Microsoft.NET.Sdk\targets\Microsoft.PackageDependencyResolution.targets(24,5): message : Property reassignment: $(ProjectAssetsFile)="D:\P.L\Flutter\fresh_produce_app\FreshProduce.Application\obj\project.assets.json" (previous value: "D:\P.L\Flutter\fresh_produce_app\FreshProduce.Application\obj\/project.assets.json") at C:\Program Files\dotnet\sdk\10.0.101\Sdks\Microsoft.NET.Sdk\targets\Microsoft.PackageDependencyResolution.targets (24,5)
       C:\Program Files\dotnet\sdk\10.0.101\Sdks\Microsoft.NET.Sdk\targets\Microsoft.PackageDependencyResolution.targets(29,5): message : Property reassignment: $(ProjectAssetsCacheFile)="D:\P.L\Flutter\fresh_produce_app\FreshProduce.Application\obj\Debug\net9.0\FreshProduce.Application.assets.cache" (previous value: "obj\Debug\net9.0\FreshProduce.Application.assets.cache") at C:\Program Files\dotnet\sdk\10.0.101\Sdks\Microsoft.NET.Sdk\targets\Microsoft.PackageDependencyResolution.targets (29,5)
       C:\Program Files\dotnet\sdk\10.0.101\Sdks\Microsoft.NET.Sdk\targets\Microsoft.PackageDependencyResolution.targets(80,5): message : Property reassignment: $(ResolveAssemblyReferencesDependsOn)="
       C:\Program Files\dotnet\sdk\10.0.101\Sdks\Microsoft.NET.Sdk\targets\Microsoft.PackageDependencyResolution.targets(80,5): message :       
       C:\Program Files\dotnet\sdk\10.0.101\Sdks\Microsoft.NET.Sdk\targets\Microsoft.PackageDependencyResolution.targets(80,5): message :       ResolveProjectReferences;
       C:\Program Files\dotnet\sdk\10.0.101\Sdks\Microsoft.NET.Sdk\targets\Microsoft.PackageDependencyResolution.targets(80,5): message :       FindInvalidProjectReferences;
       C:\Program Files\dotnet\sdk\10.0.101\Sdks\Microsoft.NET.Sdk\targets\Microsoft.PackageDependencyResolution.targets(80,5): message :       GetFrameworkPaths;
       C:\Program Files\dotnet\sdk\10.0.101\Sdks\Microsoft.NET.Sdk\targets\Microsoft.PackageDependencyResolution.targets(80,5): message :       GetReferenceAssemblyPaths;
       C:\Program Files\dotnet\sdk\10.0.101\Sdks\Microsoft.NET.Sdk\targets\Microsoft.PackageDependencyResolution.targets(80,5): message :       PrepareForBuild;
       C:\Program Files\dotnet\sdk\10.0.101\Sdks\Microsoft.NET.Sdk\targets\Microsoft.PackageDependencyResolution.targets(80,5): message :       ResolveSDKReferences;
       C:\Program Files\dotnet\sdk\10.0.101\Sdks\Microsoft.NET.Sdk\targets\Microsoft.PackageDependencyResolution.targets(80,5): message :       ExpandSDKReferences;
       C:\Program Files\dotnet\sdk\10.0.101\Sdks\Microsoft.NET.Sdk\targets\Microsoft.PackageDependencyResolution.targets(80,5): message :     ;
       C:\Program Files\dotnet\sdk\10.0.101\Sdks\Microsoft.NET.Sdk\targets\Microsoft.PackageDependencyResolution.targets(80,5): message :       ResolvePackageDependenciesForBuild;
       C:\Program Files\dotnet\sdk\10.0.101\Sdks\Microsoft.NET.Sdk\targets\Microsoft.PackageDependencyResolution.targets(80,5): message :       _HandlePackageFileConflicts;
       C:\Program Files\dotnet\sdk\10.0.101\Sdks\Microsoft.NET.Sdk\targets\Microsoft.PackageDependencyResolution.targets(80,5): message :     " (previous value: "
       C:\Program Files\dotnet\sdk\10.0.101\Sdks\Microsoft.NET.Sdk\targets\Microsoft.PackageDependencyResolution.targets(80,5): message :       ResolveProjectReferences;
       C:\Program Files\dotnet\sdk\10.0.101\Sdks\Microsoft.NET.Sdk\targets\Microsoft.PackageDependencyResolution.targets(80,5): message :       FindInvalidProjectReferences;
       C:\Program Files\dotnet\sdk\10.0.101\Sdks\Microsoft.NET.Sdk\targets\Microsoft.PackageDependencyResolution.targets(80,5): message :       GetFrameworkPaths;
       C:\Program Files\dotnet\sdk\10.0.101\Sdks\Microsoft.NET.Sdk\targets\Microsoft.PackageDependencyResolution.targets(80,5): message :       GetReferenceAssemblyPaths;
       C:\Program Files\dotnet\sdk\10.0.101\Sdks\Microsoft.NET.Sdk\targets\Microsoft.PackageDependencyResolution.targets(80,5): message :       PrepareForBuild;
       C:\Program Files\dotnet\sdk\10.0.101\Sdks\Microsoft.NET.Sdk\targets\Microsoft.PackageDependencyResolution.targets(80,5): message :       ResolveSDKReferences;
       C:\Program Files\dotnet\sdk\10.0.101\Sdks\Microsoft.NET.Sdk\targets\Microsoft.PackageDependencyResolution.targets(80,5): message :       ExpandSDKReferences;
       C:\Program Files\dotnet\sdk\10.0.101\Sdks\Microsoft.NET.Sdk\targets\Microsoft.PackageDependencyResolution.targets(80,5): message :     ") at C:\Program Files\dotnet\sdk\10.0.101\Sdks\Microsoft.NET.Sdk\targets\Microsoft.PackageDependencyResolution.targets (80,5)
       C:\Program Files\dotnet\sdk\10.0.101\Sdks\Microsoft.NET.Sdk\targets\Microsoft.PackageDependencyResolution.targets(86,5): message : Property reassignment: $(PrepareResourcesDependsOn)="
       C:\Program Files\dotnet\sdk\10.0.101\Sdks\Microsoft.NET.Sdk\targets\Microsoft.PackageDependencyResolution.targets(86,5): message :       ResolvePackageDependenciesForBuild;
       C:\Program Files\dotnet\sdk\10.0.101\Sdks\Microsoft.NET.Sdk\targets\Microsoft.PackageDependencyResolution.targets(86,5): message :       _HandlePackageFileConflicts;
       C:\Program Files\dotnet\sdk\10.0.101\Sdks\Microsoft.NET.Sdk\targets\Microsoft.PackageDependencyResolution.targets(86,5): message :       
       C:\Program Files\dotnet\sdk\10.0.101\Sdks\Microsoft.NET.Sdk\targets\Microsoft.PackageDependencyResolution.targets(86,5): message :       ;
       C:\Program Files\dotnet\sdk\10.0.101\Sdks\Microsoft.NET.Sdk\targets\Microsoft.PackageDependencyResolution.targets(86,5): message :       PrepareResourceNames;
       C:\Program Files\dotnet\sdk\10.0.101\Sdks\Microsoft.NET.Sdk\targets\Microsoft.PackageDependencyResolution.targets(86,5): message :       ResGen;
       C:\Program Files\dotnet\sdk\10.0.101\Sdks\Microsoft.NET.Sdk\targets\Microsoft.PackageDependencyResolution.targets(86,5): message :       CompileLicxFiles
       C:\Program Files\dotnet\sdk\10.0.101\Sdks\Microsoft.NET.Sdk\targets\Microsoft.PackageDependencyResolution.targets(86,5): message :     
       C:\Program Files\dotnet\sdk\10.0.101\Sdks\Microsoft.NET.Sdk\targets\Microsoft.PackageDependencyResolution.targets(86,5): message :     " (previous value: "
       C:\Program Files\dotnet\sdk\10.0.101\Sdks\Microsoft.NET.Sdk\targets\Microsoft.PackageDependencyResolution.targets(86,5): message :       ;
       C:\Program Files\dotnet\sdk\10.0.101\Sdks\Microsoft.NET.Sdk\targets\Microsoft.PackageDependencyResolution.targets(86,5): message :       PrepareResourceNames;
       C:\Program Files\dotnet\sdk\10.0.101\Sdks\Microsoft.NET.Sdk\targets\Microsoft.PackageDependencyResolution.targets(86,5): message :       ResGen;
       C:\Program Files\dotnet\sdk\10.0.101\Sdks\Microsoft.NET.Sdk\targets\Microsoft.PackageDependencyResolution.targets(86,5): message :       CompileLicxFiles
       C:\Program Files\dotnet\sdk\10.0.101\Sdks\Microsoft.NET.Sdk\targets\Microsoft.PackageDependencyResolution.targets(86,5): message :     ") at C:\Program Files\dotnet\sdk\10.0.101\Sdks\Microsoft.NET.Sdk\targets\Microsoft.PackageDependencyResolution.targets (86,5)
       The "EnableDefaultCompileItems" property is a global property, and cannot be modified.
       The "EnableDefaultEmbeddedResourceItems" property is a global property, and cannot be modified.
       The "EnableDefaultNoneItems" property is a global property, and cannot be modified.
       C:\Program Files\dotnet\sdk\10.0.101\Sdks\Microsoft.NET.Sdk\targets\Microsoft.NET.Sdk.DefaultItems.targets(35,5): message : Property reassignment: $(DefaultItemExcludes)=";bin\Debug\/**;obj\Debug\/**;bin\/**" (previous value: ";bin\Debug\/**;obj\Debug\/**") at C:\Program Files\dotnet\sdk\10.0.101\Sdks\Microsoft.NET.Sdk\targets\Microsoft.NET.Sdk.DefaultItems.targets (35,5)
       C:\Program Files\dotnet\sdk\10.0.101\Sdks\Microsoft.NET.Sdk\targets\Microsoft.NET.Sdk.DefaultItems.targets(37,5): message : Property reassignment: $(DefaultItemExcludes)=";bin\Debug\/**;obj\Debug\/**;bin\/**;obj\/**" (previous value: ";bin\Debug\/**;obj\Debug\/**;bin\/**") at C:\Program Files\dotnet\sdk\10.0.101\Sdks\Microsoft.NET.Sdk\targets\Microsoft.NET.Sdk.DefaultItems.targets (37,5)
       C:\Program Files\dotnet\sdk\10.0.101\Sdks\Microsoft.NET.Sdk\targets\Microsoft.NET.Sdk.DefaultItems.targets(40,5): message : Property reassignment: $(DefaultItemExcludes)=";bin\Debug\/**;obj\Debug\/**;bin\/**;obj\/**;**/*.user" (previous value: ";bin\Debug\/**;obj\Debug\/**;bin\/**;obj\/**") at C:\Program Files\dotnet\sdk\10.0.101\Sdks\Microsoft.NET.Sdk\targets\Microsoft.NET.Sdk.DefaultItems.targets (40,5)
       C:\Program Files\dotnet\sdk\10.0.101\Sdks\Microsoft.NET.Sdk\targets\Microsoft.NET.Sdk.DefaultItems.targets(41,5): message : Property reassignment: $(DefaultItemExcludes)=";bin\Debug\/**;obj\Debug\/**;bin\/**;obj\/**;**/*.user;**/*.*proj" (previous value: ";bin\Debug\/**;obj\Debug\/**;bin\/**;obj\/**;**/*.user") at C:\Program Files\dotnet\sdk\10.0.101\Sdks\Microsoft.NET.Sdk\targets\Microsoft.NET.Sdk.DefaultItems.targets (41,5)
       C:\Program Files\dotnet\sdk\10.0.101\Sdks\Microsoft.NET.Sdk\targets\Microsoft.NET.Sdk.DefaultItems.targets(42,5): message : Property reassignment: $(DefaultItemExcludes)=";bin\Debug\/**;obj\Debug\/**;bin\/**;obj\/**;**/*.user;**/*.*proj;**/*.sln" (previous value: ";bin\Debug\/**;obj\Debug\/**;bin\/**;obj\/**;**/*.user;**/*.*proj") at C:\Program Files\dotnet\sdk\10.0.101\Sdks\Microsoft.NET.Sdk\targets\Microsoft.NET.Sdk.DefaultItems.targets (42,5)
       C:\Program Files\dotnet\sdk\10.0.101\Sdks\Microsoft.NET.Sdk\targets\Microsoft.NET.Sdk.DefaultItems.targets(43,5): message : Property reassignment: $(DefaultItemExcludes)=";bin\Debug\/**;obj\Debug\/**;bin\/**;obj\/**;**/*.user;**/*.*proj;**/*.sln;**/*.slnx" (previous value: ";bin\Debug\/**;obj\Debug\/**;bin\/**;obj\/**;**/*.user;**/*.*proj;**/*.sln") at C:\Program Files\dotnet\sdk\10.0.101\Sdks\Microsoft.NET.Sdk\targets\Microsoft.NET.Sdk.DefaultItems.targets (43,5)
       C:\Program Files\dotnet\sdk\10.0.101\Sdks\Microsoft.NET.Sdk\targets\Microsoft.NET.Sdk.DefaultItems.targets(44,5): message : Property reassignment: $(DefaultItemExcludes)=";bin\Debug\/**;obj\Debug\/**;bin\/**;obj\/**;**/*.user;**/*.*proj;**/*.sln;**/*.slnx;**/*.vssscc" (previous value: ";bin\Debug\/**;obj\Debug\/**;bin\/**;obj\/**;**/*.user;**/*.*proj;**/*.sln;**/*.slnx") at C:\Program Files\dotnet\sdk\10.0.101\Sdks\Microsoft.NET.Sdk\targets\Microsoft.NET.Sdk.DefaultItems.targets (44,5)
       C:\Program Files\dotnet\sdk\10.0.101\Sdks\Microsoft.NET.Sdk\targets\Microsoft.NET.Sdk.DefaultItems.targets(45,5): message : Property reassignment: $(DefaultItemExcludes)=";bin\Debug\/**;obj\Debug\/**;bin\/**;obj\/**;**/*.user;**/*.*proj;**/*.sln;**/*.slnx;**/*.vssscc;**/.DS_Store" (previous value: ";bin\Debug\/**;obj\Debug\/**;bin\/**;obj\/**;**/*.user;**/*.*proj;**/*.sln;**/*.slnx;**/*.vssscc") at C:\Program Files\dotnet\sdk\10.0.101\Sdks\Microsoft.NET.Sdk\targets\Microsoft.NET.Sdk.DefaultItems.targets (45,5)
       C:\Program Files\dotnet\sdk\10.0.101\Sdks\Microsoft.NET.Sdk\targets\Microsoft.NET.Sdk.FrameworkReferenceResolution.targets(14,5): message : Property reassignment: $(ResolveAssemblyReferencesDependsOn)="
       C:\Program Files\dotnet\sdk\10.0.101\Sdks\Microsoft.NET.Sdk\targets\Microsoft.NET.Sdk.FrameworkReferenceResolution.targets(14,5): message :       
       C:\Program Files\dotnet\sdk\10.0.101\Sdks\Microsoft.NET.Sdk\targets\Microsoft.NET.Sdk.FrameworkReferenceResolution.targets(14,5): message :       
       C:\Program Files\dotnet\sdk\10.0.101\Sdks\Microsoft.NET.Sdk\targets\Microsoft.NET.Sdk.FrameworkReferenceResolution.targets(14,5): message :       ResolveProjectReferences;
       C:\Program Files\dotnet\sdk\10.0.101\Sdks\Microsoft.NET.Sdk\targets\Microsoft.NET.Sdk.FrameworkReferenceResolution.targets(14,5): message :       FindInvalidProjectReferences;
       C:\Program Files\dotnet\sdk\10.0.101\Sdks\Microsoft.NET.Sdk\targets\Microsoft.NET.Sdk.FrameworkReferenceResolution.targets(14,5): message :       GetFrameworkPaths;
       C:\Program Files\dotnet\sdk\10.0.101\Sdks\Microsoft.NET.Sdk\targets\Microsoft.NET.Sdk.FrameworkReferenceResolution.targets(14,5): message :       GetReferenceAssemblyPaths;
       C:\Program Files\dotnet\sdk\10.0.101\Sdks\Microsoft.NET.Sdk\targets\Microsoft.NET.Sdk.FrameworkReferenceResolution.targets(14,5): message :       PrepareForBuild;
       C:\Program Files\dotnet\sdk\10.0.101\Sdks\Microsoft.NET.Sdk\targets\Microsoft.NET.Sdk.FrameworkReferenceResolution.targets(14,5): message :       ResolveSDKReferences;
       C:\Program Files\dotnet\sdk\10.0.101\Sdks\Microsoft.NET.Sdk\targets\Microsoft.NET.Sdk.FrameworkReferenceResolution.targets(14,5): message :       ExpandSDKReferences;
       C:\Program Files\dotnet\sdk\10.0.101\Sdks\Microsoft.NET.Sdk\targets\Microsoft.NET.Sdk.FrameworkReferenceResolution.targets(14,5): message :     ;
       C:\Program Files\dotnet\sdk\10.0.101\Sdks\Microsoft.NET.Sdk\targets\Microsoft.NET.Sdk.FrameworkReferenceResolution.targets(14,5): message :       ResolvePackageDependenciesForBuild;
       C:\Program Files\dotnet\sdk\10.0.101\Sdks\Microsoft.NET.Sdk\targets\Microsoft.NET.Sdk.FrameworkReferenceResolution.targets(14,5): message :       _HandlePackageFileConflicts;
       C:\Program Files\dotnet\sdk\10.0.101\Sdks\Microsoft.NET.Sdk\targets\Microsoft.NET.Sdk.FrameworkReferenceResolution.targets(14,5): message :     ;
       C:\Program Files\dotnet\sdk\10.0.101\Sdks\Microsoft.NET.Sdk\targets\Microsoft.NET.Sdk.FrameworkReferenceResolution.targets(14,5): message :       ResolveTargetingPackAssets;
       C:\Program Files\dotnet\sdk\10.0.101\Sdks\Microsoft.NET.Sdk\targets\Microsoft.NET.Sdk.FrameworkReferenceResolution.targets(14,5): message :     " (previous value: "
       C:\Program Files\dotnet\sdk\10.0.101\Sdks\Microsoft.NET.Sdk\targets\Microsoft.NET.Sdk.FrameworkReferenceResolution.targets(14,5): message :       
       C:\Program Files\dotnet\sdk\10.0.101\Sdks\Microsoft.NET.Sdk\targets\Microsoft.NET.Sdk.FrameworkReferenceResolution.targets(14,5): message :       ResolveProjectReferences;
       C:\Program Files\dotnet\sdk\10.0.101\Sdks\Microsoft.NET.Sdk\targets\Microsoft.NET.Sdk.FrameworkReferenceResolution.targets(14,5): message :       FindInvalidProjectReferences;
       C:\Program Files\dotnet\sdk\10.0.101\Sdks\Microsoft.NET.Sdk\targets\Microsoft.NET.Sdk.FrameworkReferenceResolution.targets(14,5): message :       GetFrameworkPaths;
       C:\Program Files\dotnet\sdk\10.0.101\Sdks\Microsoft.NET.Sdk\targets\Microsoft.NET.Sdk.FrameworkReferenceResolution.targets(14,5): message :       GetReferenceAssemblyPaths;
       C:\Program Files\dotnet\sdk\10.0.101\Sdks\Microsoft.NET.Sdk\targets\Microsoft.NET.Sdk.FrameworkReferenceResolution.targets(14,5): message :       PrepareForBuild;
       C:\Program Files\dotnet\sdk\10.0.101\Sdks\Microsoft.NET.Sdk\targets\Microsoft.NET.Sdk.FrameworkReferenceResolution.targets(14,5): message :       ResolveSDKReferences;
       C:\Program Files\dotnet\sdk\10.0.101\Sdks\Microsoft.NET.Sdk\targets\Microsoft.NET.Sdk.FrameworkReferenceResolution.targets(14,5): message :       ExpandSDKReferences;
       C:\Program Files\dotnet\sdk\10.0.101\Sdks\Microsoft.NET.Sdk\targets\Microsoft.NET.Sdk.FrameworkReferenceResolution.targets(14,5): message :     ;
       C:\Program Files\dotnet\sdk\10.0.101\Sdks\Microsoft.NET.Sdk\targets\Microsoft.NET.Sdk.FrameworkReferenceResolution.targets(14,5): message :       ResolvePackageDependenciesForBuild;
       C:\Program Files\dotnet\sdk\10.0.101\Sdks\Microsoft.NET.Sdk\targets\Microsoft.NET.Sdk.FrameworkReferenceResolution.targets(14,5): message :       _HandlePackageFileConflicts;
       C:\Program Files\dotnet\sdk\10.0.101\Sdks\Microsoft.NET.Sdk\targets\Microsoft.NET.Sdk.FrameworkReferenceResolution.targets(14,5): message :     ") at C:\Program Files\dotnet\sdk\10.0.101\Sdks\Microsoft.NET.Sdk\targets\Microsoft.NET.Sdk.FrameworkReferenceResolution.targets (14,5)
       C:\Program Files\dotnet\sdk\10.0.101\Sdks\Microsoft.NET.Sdk\targets\Microsoft.NET.Sdk.targets(44,5): message : Property reassignment: $(_GenerateRuntimeConfigurationPropertyInputsCache)="D:\P.L\Flutter\fresh_produce_app\FreshProduce.Application\obj\Debug\net9.0\FreshProduce.Application.genruntimeconfig.cache" (previous value: "obj\Debug\net9.0\FreshProduce.Application.genruntimeconfig.cache") at C:\Program Files\dotnet\sdk\10.0.101\Sdks\Microsoft.NET.Sdk\targets\Microsoft.NET.Sdk.targets (44,5)
       C:\Program Files\dotnet\sdk\10.0.101\Sdks\Microsoft.NET.Sdk\targets\Microsoft.NET.Sdk.targets(46,5): message : Property reassignment: $(_GeneratePublishDependencyFilePropertyInputsCache)="D:\P.L\Flutter\fresh_produce_app\FreshProduce.Application\obj\Debug\net9.0\FreshProduce.Application.genpublishdeps.cache" (previous value: "obj\Debug\net9.0\FreshProduce.Application.genpublishdeps.cache") at C:\Program Files\dotnet\sdk\10.0.101\Sdks\Microsoft.NET.Sdk\targets\Microsoft.NET.Sdk.targets (46,5)
       C:\Program Files\dotnet\sdk\10.0.101\Sdks\Microsoft.NET.Sdk\targets\Microsoft.NET.Sdk.targets(48,5): message : Property reassignment: $(_GenerateSingleFileBundlePropertyInputsCache)="D:\P.L\Flutter\fresh_produce_app\FreshProduce.Application\obj\Debug\net9.0\FreshProduce.Application.genbundle.cache" (previous value: "obj\Debug\net9.0\FreshProduce.Application.genbundle.cache") at C:\Program Files\dotnet\sdk\10.0.101\Sdks\Microsoft.NET.Sdk\targets\Microsoft.NET.Sdk.targets (48,5)
       C:\Program Files\dotnet\sdk\10.0.101\Sdks\Microsoft.NET.Sdk\targets\Microsoft.NET.Sdk.targets(81,5): message : Property reassignment: $(GenerateRuntimeConfigDevFile)="false" (previous value: "true") at C:\Program Files\dotnet\sdk\10.0.101\Sdks\Microsoft.NET.Sdk\targets\Microsoft.NET.Sdk.targets (81,5)
       C:\Program Files\dotnet\sdk\10.0.101\Sdks\Microsoft.NET.Sdk\targets\Microsoft.NET.Sdk.targets(98,5): message : Property 'USERPROFILE' with value 'C:\Users\Dell' expanded from the environment.
       C:\Program Files\dotnet\sdk\10.0.101\Sdks\Microsoft.NET.Sdk\targets\Microsoft.NET.Sdk.targets(98,5): message : Property reassignment: $(_DefaultUserProfileRuntimeStorePath)="C:\Users\Dell" (previous value: "") at C:\Program Files\dotnet\sdk\10.0.101\Sdks\Microsoft.NET.Sdk\targets\Microsoft.NET.Sdk.targets (98,5)
       C:\Program Files\dotnet\sdk\10.0.101\Sdks\Microsoft.NET.Sdk\targets\Microsoft.NET.Sdk.targets(99,5): message : Property reassignment: $(_DefaultUserProfileRuntimeStorePath)="C:\Users\Dell\.dotnet\store" (previous value: "C:\Users\Dell") at C:\Program Files\dotnet\sdk\10.0.101\Sdks\Microsoft.NET.Sdk\targets\Microsoft.NET.Sdk.targets (99,5)
       C:\Program Files\dotnet\sdk\10.0.101\Sdks\Microsoft.NET.Sdk\targets\Microsoft.NET.Sdk.targets(144,5): message : Property reassignment: $(AvailablePlatforms)="Any CPU,x86,x64,ARM32" (previous value: "Any CPU,x86,x64") at C:\Program Files\dotnet\sdk\10.0.101\Sdks\Microsoft.NET.Sdk\targets\Microsoft.NET.Sdk.targets (144,5)
       C:\Program Files\dotnet\sdk\10.0.101\Sdks\Microsoft.NET.Sdk\targets\Microsoft.NET.Sdk.targets(148,5): message : Property reassignment: $(AvailablePlatforms)="Any CPU,x86,x64,ARM32,ARM64" (previous value: "Any CPU,x86,x64,ARM32") at C:\Program Files\dotnet\sdk\10.0.101\Sdks\Microsoft.NET.Sdk\targets\Microsoft.NET.Sdk.targets (148,5)
       C:\Program Files\dotnet\sdk\10.0.101\Sdks\Microsoft.NET.Sdk\targets\Microsoft.NET.Sdk.targets(204,5): message : Property reassignment: $(CoreBuildDependsOn)="
       C:\Program Files\dotnet\sdk\10.0.101\Sdks\Microsoft.NET.Sdk\targets\Microsoft.NET.Sdk.targets(204,5): message :       _CheckForBuildWithNoBuild;
       C:\Program Files\dotnet\sdk\10.0.101\Sdks\Microsoft.NET.Sdk\targets\Microsoft.NET.Sdk.targets(204,5): message :       
       C:\Program Files\dotnet\sdk\10.0.101\Sdks\Microsoft.NET.Sdk\targets\Microsoft.NET.Sdk.targets(204,5): message :       BuildOnlySettings;
       C:\Program Files\dotnet\sdk\10.0.101\Sdks\Microsoft.NET.Sdk\targets\Microsoft.NET.Sdk.targets(204,5): message :       PrepareForBuild;
       C:\Program Files\dotnet\sdk\10.0.101\Sdks\Microsoft.NET.Sdk\targets\Microsoft.NET.Sdk.targets(204,5): message :       PreBuildEvent;
       C:\Program Files\dotnet\sdk\10.0.101\Sdks\Microsoft.NET.Sdk\targets\Microsoft.NET.Sdk.targets(204,5): message :       ResolveReferences;
       C:\Program Files\dotnet\sdk\10.0.101\Sdks\Microsoft.NET.Sdk\targets\Microsoft.NET.Sdk.targets(204,5): message :       PrepareResources;
       C:\Program Files\dotnet\sdk\10.0.101\Sdks\Microsoft.NET.Sdk\targets\Microsoft.NET.Sdk.targets(204,5): message :       ResolveKeySource;
       C:\Program Files\dotnet\sdk\10.0.101\Sdks\Microsoft.NET.Sdk\targets\Microsoft.NET.Sdk.targets(204,5): message :       Compile;
       C:\Program Files\dotnet\sdk\10.0.101\Sdks\Microsoft.NET.Sdk\targets\Microsoft.NET.Sdk.targets(204,5): message :       ExportWindowsMDFile;
       C:\Program Files\dotnet\sdk\10.0.101\Sdks\Microsoft.NET.Sdk\targets\Microsoft.NET.Sdk.targets(204,5): message :       UnmanagedUnregistration;
       C:\Program Files\dotnet\sdk\10.0.101\Sdks\Microsoft.NET.Sdk\targets\Microsoft.NET.Sdk.targets(204,5): message :       GenerateSerializationAssemblies;
       C:\Program Files\dotnet\sdk\10.0.101\Sdks\Microsoft.NET.Sdk\targets\Microsoft.NET.Sdk.targets(204,5): message :       CreateSatelliteAssemblies;
       C:\Program Files\dotnet\sdk\10.0.101\Sdks\Microsoft.NET.Sdk\targets\Microsoft.NET.Sdk.targets(204,5): message :       GenerateManifests;
       C:\Program Files\dotnet\sdk\10.0.101\Sdks\Microsoft.NET.Sdk\targets\Microsoft.NET.Sdk.targets(204,5): message :       GetTargetPath;
       C:\Program Files\dotnet\sdk\10.0.101\Sdks\Microsoft.NET.Sdk\targets\Microsoft.NET.Sdk.targets(204,5): message :       PrepareForRun;
       C:\Program Files\dotnet\sdk\10.0.101\Sdks\Microsoft.NET.Sdk\targets\Microsoft.NET.Sdk.targets(204,5): message :       UnmanagedRegistration;
       C:\Program Files\dotnet\sdk\10.0.101\Sdks\Microsoft.NET.Sdk\targets\Microsoft.NET.Sdk.targets(204,5): message :       IncrementalClean;
       C:\Program Files\dotnet\sdk\10.0.101\Sdks\Microsoft.NET.Sdk\targets\Microsoft.NET.Sdk.targets(204,5): message :       PostBuildEvent
       C:\Program Files\dotnet\sdk\10.0.101\Sdks\Microsoft.NET.Sdk\targets\Microsoft.NET.Sdk.targets(204,5): message :     ;
       C:\Program Files\dotnet\sdk\10.0.101\Sdks\Microsoft.NET.Sdk\targets\Microsoft.NET.Sdk.targets(204,5): message :       GenerateBuildDependencyFile;
       C:\Program Files\dotnet\sdk\10.0.101\Sdks\Microsoft.NET.Sdk\targets\Microsoft.NET.Sdk.targets(204,5): message :       GenerateBuildRuntimeConfigurationFiles
       C:\Program Files\dotnet\sdk\10.0.101\Sdks\Microsoft.NET.Sdk\targets\Microsoft.NET.Sdk.targets(204,5): message :     " (previous value: "
       C:\Program Files\dotnet\sdk\10.0.101\Sdks\Microsoft.NET.Sdk\targets\Microsoft.NET.Sdk.targets(204,5): message :       BuildOnlySettings;
       C:\Program Files\dotnet\sdk\10.0.101\Sdks\Microsoft.NET.Sdk\targets\Microsoft.NET.Sdk.targets(204,5): message :       PrepareForBuild;
       C:\Program Files\dotnet\sdk\10.0.101\Sdks\Microsoft.NET.Sdk\targets\Microsoft.NET.Sdk.targets(204,5): message :       PreBuildEvent;
       C:\Program Files\dotnet\sdk\10.0.101\Sdks\Microsoft.NET.Sdk\targets\Microsoft.NET.Sdk.targets(204,5): message :       ResolveReferences;
       C:\Program Files\dotnet\sdk\10.0.101\Sdks\Microsoft.NET.Sdk\targets\Microsoft.NET.Sdk.targets(204,5): message :       PrepareResources;
       C:\Program Files\dotnet\sdk\10.0.101\Sdks\Microsoft.NET.Sdk\targets\Microsoft.NET.Sdk.targets(204,5): message :       ResolveKeySource;
       C:\Program Files\dotnet\sdk\10.0.101\Sdks\Microsoft.NET.Sdk\targets\Microsoft.NET.Sdk.targets(204,5): message :       Compile;
       C:\Program Files\dotnet\sdk\10.0.101\Sdks\Microsoft.NET.Sdk\targets\Microsoft.NET.Sdk.targets(204,5): message :       ExportWindowsMDFile;
       C:\Program Files\dotnet\sdk\10.0.101\Sdks\Microsoft.NET.Sdk\targets\Microsoft.NET.Sdk.targets(204,5): message :       UnmanagedUnregistration;
       C:\Program Files\dotnet\sdk\10.0.101\Sdks\Microsoft.NET.Sdk\targets\Microsoft.NET.Sdk.targets(204,5): message :       GenerateSerializationAssemblies;
       C:\Program Files\dotnet\sdk\10.0.101\Sdks\Microsoft.NET.Sdk\targets\Microsoft.NET.Sdk.targets(204,5): message :       CreateSatelliteAssemblies;
       C:\Program Files\dotnet\sdk\10.0.101\Sdks\Microsoft.NET.Sdk\targets\Microsoft.NET.Sdk.targets(204,5): message :       GenerateManifests;
       C:\Program Files\dotnet\sdk\10.0.101\Sdks\Microsoft.NET.Sdk\targets\Microsoft.NET.Sdk.targets(204,5): message :       GetTargetPath;
       C:\Program Files\dotnet\sdk\10.0.101\Sdks\Microsoft.NET.Sdk\targets\Microsoft.NET.Sdk.targets(204,5): message :       PrepareForRun;
       C:\Program Files\dotnet\sdk\10.0.101\Sdks\Microsoft.NET.Sdk\targets\Microsoft.NET.Sdk.targets(204,5): message :       UnmanagedRegistration;
       C:\Program Files\dotnet\sdk\10.0.101\Sdks\Microsoft.NET.Sdk\targets\Microsoft.NET.Sdk.targets(204,5): message :       IncrementalClean;
       C:\Program Files\dotnet\sdk\10.0.101\Sdks\Microsoft.NET.Sdk\targets\Microsoft.NET.Sdk.targets(204,5): message :       PostBuildEvent
       C:\Program Files\dotnet\sdk\10.0.101\Sdks\Microsoft.NET.Sdk\targets\Microsoft.NET.Sdk.targets(204,5): message :     ") at C:\Program Files\dotnet\sdk\10.0.101\Sdks\Microsoft.NET.Sdk\targets\Microsoft.NET.Sdk.targets (204,5)
       C:\Program Files\dotnet\sdk\10.0.101\Sdks\Microsoft.NET.Sdk\targets\Microsoft.NET.Sdk.targets(213,5): message : Property reassignment: $(CoreCleanDependsOn)="
       C:\Program Files\dotnet\sdk\10.0.101\Sdks\Microsoft.NET.Sdk\targets\Microsoft.NET.Sdk.targets(213,5): message :       _SdkBeforeClean;
       C:\Program Files\dotnet\sdk\10.0.101\Sdks\Microsoft.NET.Sdk\targets\Microsoft.NET.Sdk.targets(213,5): message :       
       C:\Program Files\dotnet\sdk\10.0.101\Sdks\Microsoft.NET.Sdk\targets\Microsoft.NET.Sdk.targets(213,5): message :     " (previous value: "") at C:\Program Files\dotnet\sdk\10.0.101\Sdks\Microsoft.NET.Sdk\targets\Microsoft.NET.Sdk.targets (213,5)
       C:\Program Files\dotnet\sdk\10.0.101\Sdks\Microsoft.NET.Sdk\targets\Microsoft.NET.Sdk.targets(220,5): message : Property reassignment: $(RebuildDependsOn)="
       C:\Program Files\dotnet\sdk\10.0.101\Sdks\Microsoft.NET.Sdk\targets\Microsoft.NET.Sdk.targets(220,5): message :       _SdkBeforeRebuild;
       C:\Program Files\dotnet\sdk\10.0.101\Sdks\Microsoft.NET.Sdk\targets\Microsoft.NET.Sdk.targets(220,5): message :       
       C:\Program Files\dotnet\sdk\10.0.101\Sdks\Microsoft.NET.Sdk\targets\Microsoft.NET.Sdk.targets(220,5): message :       BeforeRebuild;
       C:\Program Files\dotnet\sdk\10.0.101\Sdks\Microsoft.NET.Sdk\targets\Microsoft.NET.Sdk.targets(220,5): message :       Clean;
       C:\Program Files\dotnet\sdk\10.0.101\Sdks\Microsoft.NET.Sdk\targets\Microsoft.NET.Sdk.targets(220,5): message :       Build;
       C:\Program Files\dotnet\sdk\10.0.101\Sdks\Microsoft.NET.Sdk\targets\Microsoft.NET.Sdk.targets(220,5): message :       AfterRebuild;
       C:\Program Files\dotnet\sdk\10.0.101\Sdks\Microsoft.NET.Sdk\targets\Microsoft.NET.Sdk.targets(220,5): message :     
       C:\Program Files\dotnet\sdk\10.0.101\Sdks\Microsoft.NET.Sdk\targets\Microsoft.NET.Sdk.targets(220,5): message :     " (previous value: "
       C:\Program Files\dotnet\sdk\10.0.101\Sdks\Microsoft.NET.Sdk\targets\Microsoft.NET.Sdk.targets(220,5): message :       BeforeRebuild;
       C:\Program Files\dotnet\sdk\10.0.101\Sdks\Microsoft.NET.Sdk\targets\Microsoft.NET.Sdk.targets(220,5): message :       Clean;
       C:\Program Files\dotnet\sdk\10.0.101\Sdks\Microsoft.NET.Sdk\targets\Microsoft.NET.Sdk.targets(220,5): message :       Build;
       C:\Program Files\dotnet\sdk\10.0.101\Sdks\Microsoft.NET.Sdk\targets\Microsoft.NET.Sdk.targets(220,5): message :       AfterRebuild;
       C:\Program Files\dotnet\sdk\10.0.101\Sdks\Microsoft.NET.Sdk\targets\Microsoft.NET.Sdk.targets(220,5): message :     ") at C:\Program Files\dotnet\sdk\10.0.101\Sdks\Microsoft.NET.Sdk\targets\Microsoft.NET.Sdk.targets (220,5)
       C:\Program Files\dotnet\sdk\10.0.101\Sdks\Microsoft.NET.Sdk\targets\Microsoft.NET.Sdk.targets(799,5): message : Property reassignment: $(CompileDependsOn)="
       C:\Program Files\dotnet\sdk\10.0.101\Sdks\Microsoft.NET.Sdk\targets\Microsoft.NET.Sdk.targets(799,5): message :       
       C:\Program Files\dotnet\sdk\10.0.101\Sdks\Microsoft.NET.Sdk\targets\Microsoft.NET.Sdk.targets(799,5): message :       ResolveReferences;
       C:\Program Files\dotnet\sdk\10.0.101\Sdks\Microsoft.NET.Sdk\targets\Microsoft.NET.Sdk.targets(799,5): message :       ResolveKeySource;
       C:\Program Files\dotnet\sdk\10.0.101\Sdks\Microsoft.NET.Sdk\targets\Microsoft.NET.Sdk.targets(799,5): message :       SetWin32ManifestProperties;
       C:\Program Files\dotnet\sdk\10.0.101\Sdks\Microsoft.NET.Sdk\targets\Microsoft.NET.Sdk.targets(799,5): message :       _SetPreferNativeArm64Win32ManifestProperties;
       C:\Program Files\dotnet\sdk\10.0.101\Sdks\Microsoft.NET.Sdk\targets\Microsoft.NET.Sdk.targets(799,5): message :       FindReferenceAssembliesForReferences;
       C:\Program Files\dotnet\sdk\10.0.101\Sdks\Microsoft.NET.Sdk\targets\Microsoft.NET.Sdk.targets(799,5): message :       _GenerateCompileInputs;
       C:\Program Files\dotnet\sdk\10.0.101\Sdks\Microsoft.NET.Sdk\targets\Microsoft.NET.Sdk.targets(799,5): message :       BeforeCompile;
       C:\Program Files\dotnet\sdk\10.0.101\Sdks\Microsoft.NET.Sdk\targets\Microsoft.NET.Sdk.targets(799,5): message :       _TimeStampBeforeCompile;
       C:\Program Files\dotnet\sdk\10.0.101\Sdks\Microsoft.NET.Sdk\targets\Microsoft.NET.Sdk.targets(799,5): message :       _GenerateCompileDependencyCache;
       C:\Program Files\dotnet\sdk\10.0.101\Sdks\Microsoft.NET.Sdk\targets\Microsoft.NET.Sdk.targets(799,5): message :       CoreCompile;
       C:\Program Files\dotnet\sdk\10.0.101\Sdks\Microsoft.NET.Sdk\targets\Microsoft.NET.Sdk.targets(799,5): message :       _TimeStampAfterCompile;
       C:\Program Files\dotnet\sdk\10.0.101\Sdks\Microsoft.NET.Sdk\targets\Microsoft.NET.Sdk.targets(799,5): message :       AfterCompile;
       C:\Program Files\dotnet\sdk\10.0.101\Sdks\Microsoft.NET.Sdk\targets\Microsoft.NET.Sdk.targets(799,5): message :     ;
       C:\Program Files\dotnet\sdk\10.0.101\Sdks\Microsoft.NET.Sdk\targets\Microsoft.NET.Sdk.targets(799,5): message :       _CreateAppHost;
       C:\Program Files\dotnet\sdk\10.0.101\Sdks\Microsoft.NET.Sdk\targets\Microsoft.NET.Sdk.targets(799,5): message :       _CreateComHost;
       C:\Program Files\dotnet\sdk\10.0.101\Sdks\Microsoft.NET.Sdk\targets\Microsoft.NET.Sdk.targets(799,5): message :       _GetIjwHostPaths;
       C:\Program Files\dotnet\sdk\10.0.101\Sdks\Microsoft.NET.Sdk\targets\Microsoft.NET.Sdk.targets(799,5): message :     " (previous value: "
       C:\Program Files\dotnet\sdk\10.0.101\Sdks\Microsoft.NET.Sdk\targets\Microsoft.NET.Sdk.targets(799,5): message :       ResolveReferences;
       C:\Program Files\dotnet\sdk\10.0.101\Sdks\Microsoft.NET.Sdk\targets\Microsoft.NET.Sdk.targets(799,5): message :       ResolveKeySource;
       C:\Program Files\dotnet\sdk\10.0.101\Sdks\Microsoft.NET.Sdk\targets\Microsoft.NET.Sdk.targets(799,5): message :       SetWin32ManifestProperties;
       C:\Program Files\dotnet\sdk\10.0.101\Sdks\Microsoft.NET.Sdk\targets\Microsoft.NET.Sdk.targets(799,5): message :       _SetPreferNativeArm64Win32ManifestProperties;
       C:\Program Files\dotnet\sdk\10.0.101\Sdks\Microsoft.NET.Sdk\targets\Microsoft.NET.Sdk.targets(799,5): message :       FindReferenceAssembliesForReferences;
       C:\Program Files\dotnet\sdk\10.0.101\Sdks\Microsoft.NET.Sdk\targets\Microsoft.NET.Sdk.targets(799,5): message :       _GenerateCompileInputs;
       C:\Program Files\dotnet\sdk\10.0.101\Sdks\Microsoft.NET.Sdk\targets\Microsoft.NET.Sdk.targets(799,5): message :       BeforeCompile;
       C:\Program Files\dotnet\sdk\10.0.101\Sdks\Microsoft.NET.Sdk\targets\Microsoft.NET.Sdk.targets(799,5): message :       _TimeStampBeforeCompile;
       C:\Program Files\dotnet\sdk\10.0.101\Sdks\Microsoft.NET.Sdk\targets\Microsoft.NET.Sdk.targets(799,5): message :       _GenerateCompileDependencyCache;
       C:\Program Files\dotnet\sdk\10.0.101\Sdks\Microsoft.NET.Sdk\targets\Microsoft.NET.Sdk.targets(799,5): message :       CoreCompile;
       C:\Program Files\dotnet\sdk\10.0.101\Sdks\Microsoft.NET.Sdk\targets\Microsoft.NET.Sdk.targets(799,5): message :       _TimeStampAfterCompile;
       C:\Program Files\dotnet\sdk\10.0.101\Sdks\Microsoft.NET.Sdk\targets\Microsoft.NET.Sdk.targets(799,5): message :       AfterCompile;
       C:\Program Files\dotnet\sdk\10.0.101\Sdks\Microsoft.NET.Sdk\targets\Microsoft.NET.Sdk.targets(799,5): message :     ") at C:\Program Files\dotnet\sdk\10.0.101\Sdks\Microsoft.NET.Sdk\targets\Microsoft.NET.Sdk.targets (799,5)
       C:\Program Files\dotnet\sdk\10.0.101\Sdks\Microsoft.NET.Sdk\targets\Microsoft.NET.Sdk.targets(1131,5): message : Property reassignment: $(CreateSatelliteAssembliesDependsOn)="
       C:\Program Files\dotnet\sdk\10.0.101\Sdks\Microsoft.NET.Sdk\targets\Microsoft.NET.Sdk.targets(1131,5): message :       
       C:\Program Files\dotnet\sdk\10.0.101\Sdks\Microsoft.NET.Sdk\targets\Microsoft.NET.Sdk.targets(1131,5): message :       ;
       C:\Program Files\dotnet\sdk\10.0.101\Sdks\Microsoft.NET.Sdk\targets\Microsoft.NET.Sdk.targets(1131,5): message :       _GenerateSatelliteAssemblyInputs;
       C:\Program Files\dotnet\sdk\10.0.101\Sdks\Microsoft.NET.Sdk\targets\Microsoft.NET.Sdk.targets(1131,5): message :       ComputeIntermediateSatelliteAssemblies;
       C:\Program Files\dotnet\sdk\10.0.101\Sdks\Microsoft.NET.Sdk\targets\Microsoft.NET.Sdk.targets(1131,5): message :       GenerateSatelliteAssemblies
       C:\Program Files\dotnet\sdk\10.0.101\Sdks\Microsoft.NET.Sdk\targets\Microsoft.NET.Sdk.targets(1131,5): message :     ;
       C:\Program Files\dotnet\sdk\10.0.101\Sdks\Microsoft.NET.Sdk\targets\Microsoft.NET.Sdk.targets(1131,5): message :       CoreGenerateSatelliteAssemblies
       C:\Program Files\dotnet\sdk\10.0.101\Sdks\Microsoft.NET.Sdk\targets\Microsoft.NET.Sdk.targets(1131,5): message :     " (previous value: "
       C:\Program Files\dotnet\sdk\10.0.101\Sdks\Microsoft.NET.Sdk\targets\Microsoft.NET.Sdk.targets(1131,5): message :       ;
       C:\Program Files\dotnet\sdk\10.0.101\Sdks\Microsoft.NET.Sdk\targets\Microsoft.NET.Sdk.targets(1131,5): message :       _GenerateSatelliteAssemblyInputs;
       C:\Program Files\dotnet\sdk\10.0.101\Sdks\Microsoft.NET.Sdk\targets\Microsoft.NET.Sdk.targets(1131,5): message :       ComputeIntermediateSatelliteAssemblies;
       C:\Program Files\dotnet\sdk\10.0.101\Sdks\Microsoft.NET.Sdk\targets\Microsoft.NET.Sdk.targets(1131,5): message :       GenerateSatelliteAssemblies
       C:\Program Files\dotnet\sdk\10.0.101\Sdks\Microsoft.NET.Sdk\targets\Microsoft.NET.Sdk.targets(1131,5): message :     ") at C:\Program Files\dotnet\sdk\10.0.101\Sdks\Microsoft.NET.Sdk\targets\Microsoft.NET.Sdk.targets (1131,5)
       C:\Program Files\dotnet\sdk\10.0.101\Sdks\Microsoft.SourceLink.GitLab\build\Microsoft.SourceLink.GitLab.targets(12,5): message : Property reassignment: $(SourceLinkUrlInitializerTargets)=";_InitializeGitHubSourceLinkUrl;_InitializeGitLabSourceLinkUrl" (previous value: ";_InitializeGitHubSourceLinkUrl") at C:\Program Files\dotnet\sdk\10.0.101\Sdks\Microsoft.SourceLink.GitLab\build\Microsoft.SourceLink.GitLab.targets (12,5)
       C:\Program Files\dotnet\sdk\10.0.101\Sdks\Microsoft.SourceLink.GitLab\build\Microsoft.SourceLink.GitLab.targets(13,5): message : Property reassignment: $(SourceControlManagerUrlTranslationTargets)=";TranslateGitHubUrlsInSourceControlInformation;TranslateGitLabUrlsInSourceControlInformation" (previous value: ";TranslateGitHubUrlsInSourceControlInformation") at C:\Program Files\dotnet\sdk\10.0.101\Sdks\Microsoft.SourceLink.GitLab\build\Microsoft.SourceLink.GitLab.targets (13,5)
       C:\Program Files\dotnet\sdk\10.0.101\Sdks\Microsoft.SourceLink.AzureRepos.Git\build\Microsoft.SourceLink.AzureRepos.Git.targets(12,5): message : Property reassignment: $(SourceLinkUrlInitializerTargets)=";_InitializeGitHubSourceLinkUrl;_InitializeGitLabSourceLinkUrl;_InitializeAzureReposGitSourceLinkUrl" (previous value: ";_InitializeGitHubSourceLinkUrl;_InitializeGitLabSourceLinkUrl") at C:\Program Files\dotnet\sdk\10.0.101\Sdks\Microsoft.SourceLink.AzureRepos.Git\build\Microsoft.SourceLink.AzureRepos.Git.targets (12,5)
       C:\Program Files\dotnet\sdk\10.0.101\Sdks\Microsoft.SourceLink.AzureRepos.Git\build\Microsoft.SourceLink.AzureRepos.Git.targets(13,5): message : Property reassignment: $(SourceControlManagerUrlTranslationTargets)=";TranslateGitHubUrlsInSourceControlInformation;TranslateGitLabUrlsInSourceControlInformation;TranslateAzureReposGitUrlsInSourceControlInformation" (previous value: ";TranslateGitHubUrlsInSourceControlInformation;TranslateGitLabUrlsInSourceControlInformation") at C:\Program Files\dotnet\sdk\10.0.101\Sdks\Microsoft.SourceLink.AzureRepos.Git\build\Microsoft.SourceLink.AzureRepos.Git.targets (13,5)
       C:\Program Files\dotnet\sdk\10.0.101\Sdks\Microsoft.SourceLink.Bitbucket.Git\build\Microsoft.SourceLink.Bitbucket.Git.targets(12,5): message : Property reassignment: $(SourceLinkUrlInitializerTargets)=";_InitializeGitHubSourceLinkUrl;_InitializeGitLabSourceLinkUrl;_InitializeAzureReposGitSourceLinkUrl;_InitializeBitbucketGitSourceLinkUrl" (previous value: ";_InitializeGitHubSourceLinkUrl;_InitializeGitLabSourceLinkUrl;_InitializeAzureReposGitSourceLinkUrl") at C:\Program Files\dotnet\sdk\10.0.101\Sdks\Microsoft.SourceLink.Bitbucket.Git\build\Microsoft.SourceLink.Bitbucket.Git.targets (12,5)
       C:\Program Files\dotnet\sdk\10.0.101\Sdks\Microsoft.SourceLink.Bitbucket.Git\build\Microsoft.SourceLink.Bitbucket.Git.targets(13,5): message : Property reassignment: $(SourceControlManagerUrlTranslationTargets)=";TranslateGitHubUrlsInSourceControlInformation;TranslateGitLabUrlsInSourceControlInformation;TranslateAzureReposGitUrlsInSourceControlInformation;TranslateBitbucketGitUrlsInSourceControlInformation" (previous value: ";TranslateGitHubUrlsInSourceControlInformation;TranslateGitLabUrlsInSourceControlInformation;TranslateAzureReposGitUrlsInSourceControlInformation") at C:\Program Files\dotnet\sdk\10.0.101\Sdks\Microsoft.SourceLink.Bitbucket.Git\build\Microsoft.SourceLink.Bitbucket.Git.targets (13,5)
       C:\Program Files\dotnet\sdk\10.0.101\Sdks\Microsoft.NET.Sdk\targets\Microsoft.NET.DesignerSupport.targets(21,5): message : Property reassignment: $(DesignerRuntimeImplementationProjectOutputGroupDependsOn)="
       C:\Program Files\dotnet\sdk\10.0.101\Sdks\Microsoft.NET.Sdk\targets\Microsoft.NET.DesignerSupport.targets(21,5): message :       
       C:\Program Files\dotnet\sdk\10.0.101\Sdks\Microsoft.NET.Sdk\targets\Microsoft.NET.DesignerSupport.targets(21,5): message :       ;
       C:\Program Files\dotnet\sdk\10.0.101\Sdks\Microsoft.NET.Sdk\targets\Microsoft.NET.DesignerSupport.targets(21,5): message :       
       C:\Program Files\dotnet\sdk\10.0.101\Sdks\Microsoft.NET.Sdk\targets\Microsoft.NET.DesignerSupport.targets(21,5): message :       ;
       C:\Program Files\dotnet\sdk\10.0.101\Sdks\Microsoft.NET.Sdk\targets\Microsoft.NET.DesignerSupport.targets(21,5): message :       BuildOnlySettings;
       C:\Program Files\dotnet\sdk\10.0.101\Sdks\Microsoft.NET.Sdk\targets\Microsoft.NET.DesignerSupport.targets(21,5): message :       PrepareForBuild;
       C:\Program Files\dotnet\sdk\10.0.101\Sdks\Microsoft.NET.Sdk\targets\Microsoft.NET.DesignerSupport.targets(21,5): message :       AssignTargetPaths;
       C:\Program Files\dotnet\sdk\10.0.101\Sdks\Microsoft.NET.Sdk\targets\Microsoft.NET.DesignerSupport.targets(21,5): message :       ResolveReferences
       C:\Program Files\dotnet\sdk\10.0.101\Sdks\Microsoft.NET.Sdk\targets\Microsoft.NET.DesignerSupport.targets(21,5): message :     
       C:\Program Files\dotnet\sdk\10.0.101\Sdks\Microsoft.NET.Sdk\targets\Microsoft.NET.DesignerSupport.targets(21,5): message :     ;
       C:\Program Files\dotnet\sdk\10.0.101\Sdks\Microsoft.NET.Sdk\targets\Microsoft.NET.DesignerSupport.targets(21,5): message :       _GenerateDesignerDepsFile;
       C:\Program Files\dotnet\sdk\10.0.101\Sdks\Microsoft.NET.Sdk\targets\Microsoft.NET.DesignerSupport.targets(21,5): message :       _GenerateDesignerRuntimeConfigFile;
       C:\Program Files\dotnet\sdk\10.0.101\Sdks\Microsoft.NET.Sdk\targets\Microsoft.NET.DesignerSupport.targets(21,5): message :       GetCopyToOutputDirectoryItems;
       C:\Program Files\dotnet\sdk\10.0.101\Sdks\Microsoft.NET.Sdk\targets\Microsoft.NET.DesignerSupport.targets(21,5): message :       _GatherDesignerShadowCopyFiles;
       C:\Program Files\dotnet\sdk\10.0.101\Sdks\Microsoft.NET.Sdk\targets\Microsoft.NET.DesignerSupport.targets(21,5): message :     " (previous value: "
       C:\Program Files\dotnet\sdk\10.0.101\Sdks\Microsoft.NET.Sdk\targets\Microsoft.NET.DesignerSupport.targets(21,5): message :       ;
       C:\Program Files\dotnet\sdk\10.0.101\Sdks\Microsoft.NET.Sdk\targets\Microsoft.NET.DesignerSupport.targets(21,5): message :       
       C:\Program Files\dotnet\sdk\10.0.101\Sdks\Microsoft.NET.Sdk\targets\Microsoft.NET.DesignerSupport.targets(21,5): message :       ;
       C:\Program Files\dotnet\sdk\10.0.101\Sdks\Microsoft.NET.Sdk\targets\Microsoft.NET.DesignerSupport.targets(21,5): message :       BuildOnlySettings;
       C:\Program Files\dotnet\sdk\10.0.101\Sdks\Microsoft.NET.Sdk\targets\Microsoft.NET.DesignerSupport.targets(21,5): message :       PrepareForBuild;
       C:\Program Files\dotnet\sdk\10.0.101\Sdks\Microsoft.NET.Sdk\targets\Microsoft.NET.DesignerSupport.targets(21,5): message :       AssignTargetPaths;
       C:\Program Files\dotnet\sdk\10.0.101\Sdks\Microsoft.NET.Sdk\targets\Microsoft.NET.DesignerSupport.targets(21,5): message :       ResolveReferences
       C:\Program Files\dotnet\sdk\10.0.101\Sdks\Microsoft.NET.Sdk\targets\Microsoft.NET.DesignerSupport.targets(21,5): message :     
       C:\Program Files\dotnet\sdk\10.0.101\Sdks\Microsoft.NET.Sdk\targets\Microsoft.NET.DesignerSupport.targets(21,5): message :     ") at C:\Program Files\dotnet\sdk\10.0.101\Sdks\Microsoft.NET.Sdk\targets\Microsoft.NET.DesignerSupport.targets (21,5)
       C:\Program Files\dotnet\sdk\10.0.101\Sdks\Microsoft.NET.Sdk\targets\Microsoft.NET.Sdk.CSharp.targets(31,5): message : Property reassignment: $(DefineConstants)="TRACE;DEBUG" (previous value: "TRACE") at C:\Program Files\dotnet\sdk\10.0.101\Sdks\Microsoft.NET.Sdk\targets\Microsoft.NET.Sdk.CSharp.targets (31,5)
       C:\Program Files\dotnet\sdk\10.0.101\Sdks\Microsoft.NET.Sdk\targets\Microsoft.NET.Sdk.CSharp.targets(45,5): message : Property reassignment: $(WarningsAsErrors)=";NU1605;SYSLIB0011" (previous value: ";NU1605") at C:\Program Files\dotnet\sdk\10.0.101\Sdks\Microsoft.NET.Sdk\targets\Microsoft.NET.Sdk.CSharp.targets (45,5)
       C:\Program Files\dotnet\sdk\10.0.101\NuGet.Build.Tasks.Pack.targets(34,5): message : Property reassignment: $(PackageDescription)="Package Description" (previous value: "") at C:\Program Files\dotnet\sdk\10.0.101\NuGet.Build.Tasks.Pack.targets (34,5)
       C:\Program Files\dotnet\sdk\10.0.101\NuGet.Build.Tasks.Pack.targets(59,5): message : Property reassignment: $(GenerateNuspecDependsOn)="Build;_LoadPackInputItems; _GetTargetFrameworksOutput; _WalkEachTargetPerFramework; _GetPackageFiles; " (previous value: "_LoadPackInputItems; _GetTargetFrameworksOutput; _WalkEachTargetPerFramework; _GetPackageFiles; ") at C:\Program Files\dotnet\sdk\10.0.101\NuGet.Build.Tasks.Pack.targets (59,5)
       C:\Program Files\dotnet\sdk\10.0.101\Sdks\Microsoft.NET.Sdk\Sdk\Sdk.targets(59,5): message : Property reassignment: $(_IsNotSetContainersTargetsDir)="true" (previous value: "false") at C:\Program Files\dotnet\sdk\10.0.101\Sdks\Microsoft.NET.Sdk\Sdk\Sdk.targets (59,5)
       C:\Program Files\dotnet\sdk\10.0.101\Containers\build\Microsoft.NET.Build.Containers.targets(5,5): message : Property reassignment: $(_IsSDKContainerAllowedVersion)="true" (previous value: "false") at C:\Program Files\dotnet\sdk\10.0.101\Containers\build\Microsoft.NET.Build.Containers.targets (5,5)
       C:\Program Files\dotnet\sdk\10.0.101\Containers\build\Microsoft.NET.Build.Containers.targets(15,5): message : Property reassignment: $(_ContainerIsTargetingNet8TFM)="true" (previous value: "false") at C:\Program Files\dotnet\sdk\10.0.101\Containers\build\Microsoft.NET.Build.Containers.targets (15,5)
       Overriding target "ResolveFrameworkReferences" in project "C:\Program Files\dotnet\sdk\10.0.101\Microsoft.Common.CurrentVersion.targets" with target "ResolveFrameworkReferences" from project "C:\Program Files\dotnet\sdk\10.0.101\Sdks\Microsoft.NET.Sdk\targets\Microsoft.NET.Sdk.FrameworkReferenceResolution.targets".
       Overriding target "GenerateSupportedTargetFrameworkAlias" in project "C:\Program Files\dotnet\sdk\10.0.101\Microsoft.Common.CurrentVersion.targets" with target "GenerateSupportedTargetFrameworkAlias" from project "C:\Program Files\dotnet\sdk\10.0.101\Sdks\Microsoft.NET.Sdk\targets\Microsoft.NET.Sdk.targets".
       Overriding target "GetReferenceAssemblyPaths" in project "C:\Program Files\dotnet\sdk\10.0.101\Microsoft.Common.CurrentVersion.targets" with target "GetReferenceAssemblyPaths" from project "C:\Program Files\dotnet\sdk\10.0.101\Sdks\Microsoft.NET.Sdk\targets\Microsoft.NET.DisableStandardFrameworkResolution.targets".
       Overriding target "GetFrameworkPaths" in project "C:\Program Files\dotnet\sdk\10.0.101\Microsoft.Common.CurrentVersion.targets" with target "GetFrameworkPaths" from project "C:\Program Files\dotnet\sdk\10.0.101\Sdks\Microsoft.NET.Sdk\targets\Microsoft.NET.DisableStandardFrameworkResolution.targets".
       Overriding target "DesignerRuntimeImplementationProjectOutputGroup" in project "C:\Program Files\dotnet\sdk\10.0.101\Microsoft.Common.CurrentVersion.targets" with target "DesignerRuntimeImplementationProjectOutputGroup" from project "C:\Program Files\dotnet\sdk\10.0.101\Sdks\Microsoft.NET.Sdk\targets\Microsoft.NET.DesignerSupport.targets".
       Overriding target "Publish" in project "C:\Program Files\dotnet\sdk\10.0.101\Microsoft.Common.CurrentVersion.targets" with target "Publish" from project "C:\Program Files\dotnet\sdk\10.0.101\Sdks\Microsoft.NET.Sdk\targets\Microsoft.NET.Publish.targets".
       Overriding target "ResolveReadyToRunCompilers" in project "C:\Program Files\dotnet\sdk\10.0.101\Sdks\Microsoft.NET.Sdk\targets\Microsoft.NET.CrossGen.targets" with target "ResolveReadyToRunCompilers" from project "C:\Program Files\dotnet\sdk\10.0.101\Sdks\Microsoft.NET.Sdk\targets\Microsoft.NET.Publish.targets".
       Overriding target "GetCopyToPublishDirectoryItems" in project "C:\Program Files\dotnet\sdk\10.0.101\Microsoft.Common.CurrentVersion.targets" with target "GetCopyToPublishDirectoryItems" from project "C:\Program Files\dotnet\sdk\10.0.101\Sdks\Microsoft.NET.Sdk\targets\Microsoft.NET.Publish.targets".
       Overriding target "Run" in project "C:\Program Files\dotnet\sdk\10.0.101\Microsoft.Common.CurrentVersion.targets" with target "Run" from project "C:\Program Files\dotnet\sdk\10.0.101\Sdks\Microsoft.NET.Sdk\targets\Microsoft.NET.Sdk.targets".
   1:3>Project "D:\P.L\Flutter\fresh_produce_app\FreshProduce.Api\FreshProduce.Api.csproj" (1:3) is building "D:\P.L\Flutter\fresh_produce_app\FreshProduce.Application\FreshProduce.Application.csproj" (2) on node 1 (_GenerateRestoreProjectPathWalk target(s)).
     2>Target "_GenerateRestoreProjectPathItemsPerFramework" in file "C:\Program Files\dotnet\sdk\10.0.101\NuGet.targets" from project "D:\P.L\Flutter\fresh_produce_app\FreshProduce.Application\FreshProduce.Application.csproj" (target "_GenerateRestoreProjectPathItemsCurrentProject" depends on it):
     2>Task "ConvertToAbsolutePath"
       Done executing task "ConvertToAbsolutePath".
     2>Done building target "_GenerateRestoreProjectPathItemsPerFramework" in project "FreshProduce.Application.csproj".
     2>Target "_GenerateRestoreProjectPathItemsCurrentProject" in file "C:\Program Files\dotnet\sdk\10.0.101\NuGet.targets" from project "D:\P.L\Flutter\fresh_produce_app\FreshProduce.Application\FreshProduce.Application.csproj" (target "_GenerateRestoreProjectPathItems" depends on it):
     2>Done building target "_GenerateRestoreProjectPathItemsCurrentProject" in project "FreshProduce.Application.csproj".
     2>Target "_GenerateRestoreProjectPathItems" in file "C:\Program Files\dotnet\sdk\10.0.101\NuGet.targets" from project "D:\P.L\Flutter\fresh_produce_app\FreshProduce.Application\FreshProduce.Application.csproj" (target "_GenerateRestoreProjectPathWalk" depends on it):
       Task "RemoveDuplicates"
       Done executing task "RemoveDuplicates".
     2>Done building target "_GenerateRestoreProjectPathItems" in project "FreshProduce.Application.csproj".
     2>Target "_GenerateRestoreProjectPathWalk" in file "C:\Program Files\dotnet\sdk\10.0.101\NuGet.targets" from project "D:\P.L\Flutter\fresh_produce_app\FreshProduce.Application\FreshProduce.Application.csproj" (entry point):
       Task "MSBuild"
         Global Properties:
           ExcludeRestorePackageImports=true
     0>Reusing node 2 (PID: 26060).
       C:\Program Files\dotnet\sdk\10.0.101\Sdks\Microsoft.NET.Sdk\Sdk\Sdk.props(49,11): message : Property 'MSBuildExtensionsPath' with value 'C:\Program Files\dotnet\sdk\10.0.101\' expanded from the environment.
       C:\Program Files\dotnet\sdk\10.0.101\Current\Microsoft.Common.props(60,5): message : Property reassignment: $(MSBuildProjectExtensionsPath)="D:\P.L\Flutter\fresh_produce_app\FreshProduce.Domain\obj\" (previous value: "obj\") at C:\Program Files\dotnet\sdk\10.0.101\Current\Microsoft.Common.props (60,5)
       C:\Program Files\dotnet\sdk\10.0.101\Current\Microsoft.Common.props(84,119): message : Property 'MSBuildUserExtensionsPath' with value 'C:\Users\Dell\AppData\Local\Microsoft\MSBuild' expanded from the environment.
       C:\Program Files\dotnet\sdk\10.0.101\Sdks\Microsoft.NET.Sdk\targets\Microsoft.NET.Sdk.props(90,5): message : Property reassignment: $(AssemblySearchPaths)="{CandidateAssemblyFiles};{HintPathFromItem}" (previous value: "{CandidateAssemblyFiles}") at C:\Program Files\dotnet\sdk\10.0.101\Sdks\Microsoft.NET.Sdk\targets\Microsoft.NET.Sdk.props (90,5)
       C:\Program Files\dotnet\sdk\10.0.101\Sdks\Microsoft.NET.Sdk\targets\Microsoft.NET.Sdk.props(91,5): message : Property reassignment: $(AssemblySearchPaths)="{CandidateAssemblyFiles};{HintPathFromItem};{TargetFrameworkDirectory}" (previous value: "{CandidateAssemblyFiles};{HintPathFromItem}") at C:\Program Files\dotnet\sdk\10.0.101\Sdks\Microsoft.NET.Sdk\targets\Microsoft.NET.Sdk.props (91,5)
       C:\Program Files\dotnet\sdk\10.0.101\Sdks\Microsoft.NET.Sdk\targets\Microsoft.NET.Sdk.props(92,5): message : Property reassignment: $(AssemblySearchPaths)="{CandidateAssemblyFiles};{HintPathFromItem};{TargetFrameworkDirectory};{RawFileName}" (previous value: "{CandidateAssemblyFiles};{HintPathFromItem};{TargetFrameworkDirectory}") at C:\Program Files\dotnet\sdk\10.0.101\Sdks\Microsoft.NET.Sdk\targets\Microsoft.NET.Sdk.props (92,5)
       C:\Program Files\dotnet\sdk\10.0.101\Sdks\Microsoft.NET.Sdk\targets\Microsoft.NET.Sdk.ImportPublishProfile.targets(28,5): message : Property reassignment: $(PublishProfileImported)="false" (previous value: "true") at C:\Program Files\dotnet\sdk\10.0.101\Sdks\Microsoft.NET.Sdk\targets\Microsoft.NET.Sdk.ImportPublishProfile.targets (28,5)
       C:\Program Files\dotnet\sdk\10.0.101\Sdks\Microsoft.NET.Sdk\targets\Microsoft.NET.TargetFrameworkInference.targets(81,5): message : Property reassignment: $(TargetPlatformVersion)="" (previous value: "0.0") at C:\Program Files\dotnet\sdk\10.0.101\Sdks\Microsoft.NET.Sdk\targets\Microsoft.NET.TargetFrameworkInference.targets (81,5)
       C:\Program Files\dotnet\sdk\10.0.101\Sdks\Microsoft.NET.Sdk\targets\Microsoft.NET.DefaultOutputPaths.targets(127,5): message : Property reassignment: $(DefaultItemExcludes)=";bin\Debug\/**;obj\Debug\/**" (previous value: ";bin\Debug\/**") at C:\Program Files\dotnet\sdk\10.0.101\Sdks\Microsoft.NET.Sdk\targets\Microsoft.NET.DefaultOutputPaths.targets (127,5)
       C:\Program Files\dotnet\sdk\10.0.101\Sdks\Microsoft.NET.Sdk\targets\Microsoft.NET.DefaultOutputPaths.targets(142,5): message : Property reassignment: $(OutputPath)="bin\Debug\net9.0\" (previous value: "bin\Debug\") at C:\Program Files\dotnet\sdk\10.0.101\Sdks\Microsoft.NET.Sdk\targets\Microsoft.NET.DefaultOutputPaths.targets (142,5)
       C:\Program Files\dotnet\sdk\10.0.101\Sdks\Microsoft.NET.Sdk\targets\Microsoft.NET.DefaultOutputPaths.targets(147,5): message : Property reassignment: $(IntermediateOutputPath)="obj\Debug\net9.0\" (previous value: "obj\Debug\") at C:\Program Files\dotnet\sdk\10.0.101\Sdks\Microsoft.NET.Sdk\targets\Microsoft.NET.DefaultOutputPaths.targets (147,5)
       C:\Program Files\dotnet\sdk\10.0.101\Sdks\Microsoft.NET.Sdk\targets\Microsoft.NET.Sdk.BeforeCommon.targets(371,5): message : Property reassignment: $(RoslynTargetsPath)="C:\Program Files\dotnet\sdk\10.0.101\Sdks\Microsoft.NET.Sdk\targets\..\..\..\Roslyn" (previous value: "C:\Program Files\dotnet\sdk\10.0.101\Roslyn") at C:\Program Files\dotnet\sdk\10.0.101\Sdks\Microsoft.NET.Sdk\targets\Microsoft.NET.Sdk.BeforeCommon.targets (371,5)
       C:\Program Files\dotnet\sdk\10.0.101\Roslyn\Microsoft.Managed.Core.targets(6,5): message : Property reassignment: $(_BuildTasksDirectory)="C:\Program Files\dotnet\sdk\10.0.101\Sdks\Microsoft.NET.Sdk\targets\..\..\..\Roslyn\" (previous value: "C:\Program Files\dotnet\sdk\10.0.101\Roslyn\") at C:\Program Files\dotnet\sdk\10.0.101\Roslyn\Microsoft.Managed.Core.targets (6,5)
       C:\Program Files\dotnet\sdk\10.0.101\Roslyn\Microsoft.CSharp.Core.targets(200,5): message : Property reassignment: $(CommandLineArgsForDesignTimeEvaluation)="-langversion:13.0 -define:TRACE" (previous value: "-langversion:13.0") at C:\Program Files\dotnet\sdk\10.0.101\Roslyn\Microsoft.CSharp.Core.targets (200,5)
       C:\Program Files\dotnet\sdk\10.0.101\Microsoft.Common.CurrentVersion.targets(175,5): message : Property reassignment: $(_DebugSymbolsProduced)="true" (previous value: "false") at C:\Program Files\dotnet\sdk\10.0.101\Microsoft.Common.CurrentVersion.targets (175,5)
       C:\Program Files\dotnet\sdk\10.0.101\Microsoft.Common.CurrentVersion.targets(185,5): message : Property reassignment: $(_DocumentationFileProduced)="false" (previous value: "true") at C:\Program Files\dotnet\sdk\10.0.101\Microsoft.Common.CurrentVersion.targets (185,5)
       C:\Program Files\dotnet\sdk\10.0.101\Microsoft.Common.CurrentVersion.targets(392,5): message : Property reassignment: $(MSBuildCopyMarkerName)="FreshPro.7A8D5167" (previous value: "FreshProduce.Domain.csproj") at C:\Program Files\dotnet\sdk\10.0.101\Microsoft.Common.CurrentVersion.targets (392,5)
       C:\Program Files\dotnet\sdk\10.0.101\Microsoft.Common.CurrentVersion.targets(393,5): message : Property reassignment: $(MSBuildCopyMarkerName)="FreshPro.7A8D5167.Up2Date" (previous value: "FreshPro.7A8D5167") at C:\Program Files\dotnet\sdk\10.0.101\Microsoft.Common.CurrentVersion.targets (393,5)
       C:\Program Files\dotnet\sdk\10.0.101\Microsoft.Common.CurrentVersion.targets(541,5): message : Property reassignment: $(ProcessorArchitecture)="msil" (previous value: "") at C:\Program Files\dotnet\sdk\10.0.101\Microsoft.Common.CurrentVersion.targets (541,5)
       C:\Program Files\dotnet\sdk\10.0.101\Microsoft.Common.CurrentVersion.targets(580,5): message : Property reassignment: $(DelaySign)="" (previous value: "false") at C:\Program Files\dotnet\sdk\10.0.101\Microsoft.Common.CurrentVersion.targets (580,5)
       C:\Program Files\dotnet\sdk\10.0.101\Microsoft.Common.CurrentVersion.targets(2606,5): message : Property 'LOCALAPPDATA' with value 'C:\Users\Dell\AppData\Local' expanded from the environment.
       C:\Program Files\dotnet\sdk\10.0.101\Microsoft.Common.CurrentVersion.targets(3934,5): message : Property reassignment: $(_SGenGenerateSerializationAssembliesConfig)="Auto" (previous value: "") at C:\Program Files\dotnet\sdk\10.0.101\Microsoft.Common.CurrentVersion.targets (3934,5)
       C:\Program Files\dotnet\sdk\10.0.101\Microsoft.Common.CurrentVersion.targets(3935,5): message : Property reassignment: $(_SGenGenerateSerializationAssembliesConfig)="Off" (previous value: "Auto") at C:\Program Files\dotnet\sdk\10.0.101\Microsoft.Common.CurrentVersion.targets (3935,5)
       C:\Program Files\dotnet\sdk\10.0.101\Microsoft.Common.CurrentVersion.targets(5146,5): message : Property reassignment: $(_TargetsThatPrepareProjectReferences)="
       C:\Program Files\dotnet\sdk\10.0.101\Microsoft.Common.CurrentVersion.targets(5146,5): message :       AssignProjectConfiguration;
       C:\Program Files\dotnet\sdk\10.0.101\Microsoft.Common.CurrentVersion.targets(5146,5): message :       _SplitProjectReferencesByFileExistence
       C:\Program Files\dotnet\sdk\10.0.101\Microsoft.Common.CurrentVersion.targets(5146,5): message :     " (previous value: "_SplitProjectReferencesByFileExistence") at C:\Program Files\dotnet\sdk\10.0.101\Microsoft.Common.CurrentVersion.targets (5146,5)
       C:\Program Files\dotnet\sdk\10.0.101\Microsoft.Common.CurrentVersion.targets(6959,5): message : Property 'MSBuildExtensionsPath32' with value 'C:\Program Files\dotnet\sdk\10.0.101' expanded from the environment.
       The "NuGetInteractive" property is a global property, and cannot be modified.
       C:\Program Files\dotnet\sdk\10.0.101\Sdks\Microsoft.NET.Sdk\targets\Microsoft.PackageDependencyResolution.targets(24,5): message : Property reassignment: $(ProjectAssetsFile)="D:\P.L\Flutter\fresh_produce_app\FreshProduce.Domain\obj\project.assets.json" (previous value: "D:\P.L\Flutter\fresh_produce_app\FreshProduce.Domain\obj\/project.assets.json") at C:\Program Files\dotnet\sdk\10.0.101\Sdks\Microsoft.NET.Sdk\targets\Microsoft.PackageDependencyResolution.targets (24,5)
       C:\Program Files\dotnet\sdk\10.0.101\Sdks\Microsoft.NET.Sdk\targets\Microsoft.PackageDependencyResolution.targets(29,5): message : Property reassignment: $(ProjectAssetsCacheFile)="D:\P.L\Flutter\fresh_produce_app\FreshProduce.Domain\obj\Debug\net9.0\FreshProduce.Domain.assets.cache" (previous value: "obj\Debug\net9.0\FreshProduce.Domain.assets.cache") at C:\Program Files\dotnet\sdk\10.0.101\Sdks\Microsoft.NET.Sdk\targets\Microsoft.PackageDependencyResolution.targets (29,5)
       C:\Program Files\dotnet\sdk\10.0.101\Sdks\Microsoft.NET.Sdk\targets\Microsoft.PackageDependencyResolution.targets(80,5): message : Property reassignment: $(ResolveAssemblyReferencesDependsOn)="
       C:\Program Files\dotnet\sdk\10.0.101\Sdks\Microsoft.NET.Sdk\targets\Microsoft.PackageDependencyResolution.targets(80,5): message :       
       C:\Program Files\dotnet\sdk\10.0.101\Sdks\Microsoft.NET.Sdk\targets\Microsoft.PackageDependencyResolution.targets(80,5): message :       ResolveProjectReferences;
       C:\Program Files\dotnet\sdk\10.0.101\Sdks\Microsoft.NET.Sdk\targets\Microsoft.PackageDependencyResolution.targets(80,5): message :       FindInvalidProjectReferences;
       C:\Program Files\dotnet\sdk\10.0.101\Sdks\Microsoft.NET.Sdk\targets\Microsoft.PackageDependencyResolution.targets(80,5): message :       GetFrameworkPaths;
       C:\Program Files\dotnet\sdk\10.0.101\Sdks\Microsoft.NET.Sdk\targets\Microsoft.PackageDependencyResolution.targets(80,5): message :       GetReferenceAssemblyPaths;
       C:\Program Files\dotnet\sdk\10.0.101\Sdks\Microsoft.NET.Sdk\targets\Microsoft.PackageDependencyResolution.targets(80,5): message :       PrepareForBuild;
       C:\Program Files\dotnet\sdk\10.0.101\Sdks\Microsoft.NET.Sdk\targets\Microsoft.PackageDependencyResolution.targets(80,5): message :       ResolveSDKReferences;
       C:\Program Files\dotnet\sdk\10.0.101\Sdks\Microsoft.NET.Sdk\targets\Microsoft.PackageDependencyResolution.targets(80,5): message :       ExpandSDKReferences;
       C:\Program Files\dotnet\sdk\10.0.101\Sdks\Microsoft.NET.Sdk\targets\Microsoft.PackageDependencyResolution.targets(80,5): message :     ;
       C:\Program Files\dotnet\sdk\10.0.101\Sdks\Microsoft.NET.Sdk\targets\Microsoft.PackageDependencyResolution.targets(80,5): message :       ResolvePackageDependenciesForBuild;
       C:\Program Files\dotnet\sdk\10.0.101\Sdks\Microsoft.NET.Sdk\targets\Microsoft.PackageDependencyResolution.targets(80,5): message :       _HandlePackageFileConflicts;
       C:\Program Files\dotnet\sdk\10.0.101\Sdks\Microsoft.NET.Sdk\targets\Microsoft.PackageDependencyResolution.targets(80,5): message :     " (previous value: "
       C:\Program Files\dotnet\sdk\10.0.101\Sdks\Microsoft.NET.Sdk\targets\Microsoft.PackageDependencyResolution.targets(80,5): message :       ResolveProjectReferences;
       C:\Program Files\dotnet\sdk\10.0.101\Sdks\Microsoft.NET.Sdk\targets\Microsoft.PackageDependencyResolution.targets(80,5): message :       FindInvalidProjectReferences;
       C:\Program Files\dotnet\sdk\10.0.101\Sdks\Microsoft.NET.Sdk\targets\Microsoft.PackageDependencyResolution.targets(80,5): message :       GetFrameworkPaths;
       C:\Program Files\dotnet\sdk\10.0.101\Sdks\Microsoft.NET.Sdk\targets\Microsoft.PackageDependencyResolution.targets(80,5): message :       GetReferenceAssemblyPaths;
       C:\Program Files\dotnet\sdk\10.0.101\Sdks\Microsoft.NET.Sdk\targets\Microsoft.PackageDependencyResolution.targets(80,5): message :       PrepareForBuild;
       C:\Program Files\dotnet\sdk\10.0.101\Sdks\Microsoft.NET.Sdk\targets\Microsoft.PackageDependencyResolution.targets(80,5): message :       ResolveSDKReferences;
       C:\Program Files\dotnet\sdk\10.0.101\Sdks\Microsoft.NET.Sdk\targets\Microsoft.PackageDependencyResolution.targets(80,5): message :       ExpandSDKReferences;
       C:\Program Files\dotnet\sdk\10.0.101\Sdks\Microsoft.NET.Sdk\targets\Microsoft.PackageDependencyResolution.targets(80,5): message :     ") at C:\Program Files\dotnet\sdk\10.0.101\Sdks\Microsoft.NET.Sdk\targets\Microsoft.PackageDependencyResolution.targets (80,5)
       C:\Program Files\dotnet\sdk\10.0.101\Sdks\Microsoft.NET.Sdk\targets\Microsoft.PackageDependencyResolution.targets(86,5): message : Property reassignment: $(PrepareResourcesDependsOn)="
       C:\Program Files\dotnet\sdk\10.0.101\Sdks\Microsoft.NET.Sdk\targets\Microsoft.PackageDependencyResolution.targets(86,5): message :       ResolvePackageDependenciesForBuild;
       C:\Program Files\dotnet\sdk\10.0.101\Sdks\Microsoft.NET.Sdk\targets\Microsoft.PackageDependencyResolution.targets(86,5): message :       _HandlePackageFileConflicts;
       C:\Program Files\dotnet\sdk\10.0.101\Sdks\Microsoft.NET.Sdk\targets\Microsoft.PackageDependencyResolution.targets(86,5): message :       
       C:\Program Files\dotnet\sdk\10.0.101\Sdks\Microsoft.NET.Sdk\targets\Microsoft.PackageDependencyResolution.targets(86,5): message :       ;
       C:\Program Files\dotnet\sdk\10.0.101\Sdks\Microsoft.NET.Sdk\targets\Microsoft.PackageDependencyResolution.targets(86,5): message :       PrepareResourceNames;
       C:\Program Files\dotnet\sdk\10.0.101\Sdks\Microsoft.NET.Sdk\targets\Microsoft.PackageDependencyResolution.targets(86,5): message :       ResGen;
       C:\Program Files\dotnet\sdk\10.0.101\Sdks\Microsoft.NET.Sdk\targets\Microsoft.PackageDependencyResolution.targets(86,5): message :       CompileLicxFiles
       C:\Program Files\dotnet\sdk\10.0.101\Sdks\Microsoft.NET.Sdk\targets\Microsoft.PackageDependencyResolution.targets(86,5): message :     
       C:\Program Files\dotnet\sdk\10.0.101\Sdks\Microsoft.NET.Sdk\targets\Microsoft.PackageDependencyResolution.targets(86,5): message :     " (previous value: "
       C:\Program Files\dotnet\sdk\10.0.101\Sdks\Microsoft.NET.Sdk\targets\Microsoft.PackageDependencyResolution.targets(86,5): message :       ;
       C:\Program Files\dotnet\sdk\10.0.101\Sdks\Microsoft.NET.Sdk\targets\Microsoft.PackageDependencyResolution.targets(86,5): message :       PrepareResourceNames;
       C:\Program Files\dotnet\sdk\10.0.101\Sdks\Microsoft.NET.Sdk\targets\Microsoft.PackageDependencyResolution.targets(86,5): message :       ResGen;
       C:\Program Files\dotnet\sdk\10.0.101\Sdks\Microsoft.NET.Sdk\targets\Microsoft.PackageDependencyResolution.targets(86,5): message :       CompileLicxFiles
       C:\Program Files\dotnet\sdk\10.0.101\Sdks\Microsoft.NET.Sdk\targets\Microsoft.PackageDependencyResolution.targets(86,5): message :     ") at C:\Program Files\dotnet\sdk\10.0.101\Sdks\Microsoft.NET.Sdk\targets\Microsoft.PackageDependencyResolution.targets (86,5)
       The "EnableDefaultCompileItems" property is a global property, and cannot be modified.
       The "EnableDefaultEmbeddedResourceItems" property is a global property, and cannot be modified.
       The "EnableDefaultNoneItems" property is a global property, and cannot be modified.
       C:\Program Files\dotnet\sdk\10.0.101\Sdks\Microsoft.NET.Sdk\targets\Microsoft.NET.Sdk.DefaultItems.targets(35,5): message : Property reassignment: $(DefaultItemExcludes)=";bin\Debug\/**;obj\Debug\/**;bin\/**" (previous value: ";bin\Debug\/**;obj\Debug\/**") at C:\Program Files\dotnet\sdk\10.0.101\Sdks\Microsoft.NET.Sdk\targets\Microsoft.NET.Sdk.DefaultItems.targets (35,5)
       C:\Program Files\dotnet\sdk\10.0.101\Sdks\Microsoft.NET.Sdk\targets\Microsoft.NET.Sdk.DefaultItems.targets(37,5): message : Property reassignment: $(DefaultItemExcludes)=";bin\Debug\/**;obj\Debug\/**;bin\/**;obj\/**" (previous value: ";bin\Debug\/**;obj\Debug\/**;bin\/**") at C:\Program Files\dotnet\sdk\10.0.101\Sdks\Microsoft.NET.Sdk\targets\Microsoft.NET.Sdk.DefaultItems.targets (37,5)
       C:\Program Files\dotnet\sdk\10.0.101\Sdks\Microsoft.NET.Sdk\targets\Microsoft.NET.Sdk.DefaultItems.targets(40,5): message : Property reassignment: $(DefaultItemExcludes)=";bin\Debug\/**;obj\Debug\/**;bin\/**;obj\/**;**/*.user" (previous value: ";bin\Debug\/**;obj\Debug\/**;bin\/**;obj\/**") at C:\Program Files\dotnet\sdk\10.0.101\Sdks\Microsoft.NET.Sdk\targets\Microsoft.NET.Sdk.DefaultItems.targets (40,5)
       C:\Program Files\dotnet\sdk\10.0.101\Sdks\Microsoft.NET.Sdk\targets\Microsoft.NET.Sdk.DefaultItems.targets(41,5): message : Property reassignment: $(DefaultItemExcludes)=";bin\Debug\/**;obj\Debug\/**;bin\/**;obj\/**;**/*.user;**/*.*proj" (previous value: ";bin\Debug\/**;obj\Debug\/**;bin\/**;obj\/**;**/*.user") at C:\Program Files\dotnet\sdk\10.0.101\Sdks\Microsoft.NET.Sdk\targets\Microsoft.NET.Sdk.DefaultItems.targets (41,5)
       C:\Program Files\dotnet\sdk\10.0.101\Sdks\Microsoft.NET.Sdk\targets\Microsoft.NET.Sdk.DefaultItems.targets(42,5): message : Property reassignment: $(DefaultItemExcludes)=";bin\Debug\/**;obj\Debug\/**;bin\/**;obj\/**;**/*.user;**/*.*proj;**/*.sln" (previous value: ";bin\Debug\/**;obj\Debug\/**;bin\/**;obj\/**;**/*.user;**/*.*proj") at C:\Program Files\dotnet\sdk\10.0.101\Sdks\Microsoft.NET.Sdk\targets\Microsoft.NET.Sdk.DefaultItems.targets (42,5)
       C:\Program Files\dotnet\sdk\10.0.101\Sdks\Microsoft.NET.Sdk\targets\Microsoft.NET.Sdk.DefaultItems.targets(43,5): message : Property reassignment: $(DefaultItemExcludes)=";bin\Debug\/**;obj\Debug\/**;bin\/**;obj\/**;**/*.user;**/*.*proj;**/*.sln;**/*.slnx" (previous value: ";bin\Debug\/**;obj\Debug\/**;bin\/**;obj\/**;**/*.user;**/*.*proj;**/*.sln") at C:\Program Files\dotnet\sdk\10.0.101\Sdks\Microsoft.NET.Sdk\targets\Microsoft.NET.Sdk.DefaultItems.targets (43,5)
       C:\Program Files\dotnet\sdk\10.0.101\Sdks\Microsoft.NET.Sdk\targets\Microsoft.NET.Sdk.DefaultItems.targets(44,5): message : Property reassignment: $(DefaultItemExcludes)=";bin\Debug\/**;obj\Debug\/**;bin\/**;obj\/**;**/*.user;**/*.*proj;**/*.sln;**/*.slnx;**/*.vssscc" (previous value: ";bin\Debug\/**;obj\Debug\/**;bin\/**;obj\/**;**/*.user;**/*.*proj;**/*.sln;**/*.slnx") at C:\Program Files\dotnet\sdk\10.0.101\Sdks\Microsoft.NET.Sdk\targets\Microsoft.NET.Sdk.DefaultItems.targets (44,5)
       C:\Program Files\dotnet\sdk\10.0.101\Sdks\Microsoft.NET.Sdk\targets\Microsoft.NET.Sdk.DefaultItems.targets(45,5): message : Property reassignment: $(DefaultItemExcludes)=";bin\Debug\/**;obj\Debug\/**;bin\/**;obj\/**;**/*.user;**/*.*proj;**/*.sln;**/*.slnx;**/*.vssscc;**/.DS_Store" (previous value: ";bin\Debug\/**;obj\Debug\/**;bin\/**;obj\/**;**/*.user;**/*.*proj;**/*.sln;**/*.slnx;**/*.vssscc") at C:\Program Files\dotnet\sdk\10.0.101\Sdks\Microsoft.NET.Sdk\targets\Microsoft.NET.Sdk.DefaultItems.targets (45,5)
       C:\Program Files\dotnet\sdk\10.0.101\Sdks\Microsoft.NET.Sdk\targets\Microsoft.NET.Sdk.FrameworkReferenceResolution.targets(14,5): message : Property reassignment: $(ResolveAssemblyReferencesDependsOn)="
       C:\Program Files\dotnet\sdk\10.0.101\Sdks\Microsoft.NET.Sdk\targets\Microsoft.NET.Sdk.FrameworkReferenceResolution.targets(14,5): message :       
       C:\Program Files\dotnet\sdk\10.0.101\Sdks\Microsoft.NET.Sdk\targets\Microsoft.NET.Sdk.FrameworkReferenceResolution.targets(14,5): message :       
       C:\Program Files\dotnet\sdk\10.0.101\Sdks\Microsoft.NET.Sdk\targets\Microsoft.NET.Sdk.FrameworkReferenceResolution.targets(14,5): message :       ResolveProjectReferences;
       C:\Program Files\dotnet\sdk\10.0.101\Sdks\Microsoft.NET.Sdk\targets\Microsoft.NET.Sdk.FrameworkReferenceResolution.targets(14,5): message :       FindInvalidProjectReferences;
       C:\Program Files\dotnet\sdk\10.0.101\Sdks\Microsoft.NET.Sdk\targets\Microsoft.NET.Sdk.FrameworkReferenceResolution.targets(14,5): message :       GetFrameworkPaths;
       C:\Program Files\dotnet\sdk\10.0.101\Sdks\Microsoft.NET.Sdk\targets\Microsoft.NET.Sdk.FrameworkReferenceResolution.targets(14,5): message :       GetReferenceAssemblyPaths;
       C:\Program Files\dotnet\sdk\10.0.101\Sdks\Microsoft.NET.Sdk\targets\Microsoft.NET.Sdk.FrameworkReferenceResolution.targets(14,5): message :       PrepareForBuild;
       C:\Program Files\dotnet\sdk\10.0.101\Sdks\Microsoft.NET.Sdk\targets\Microsoft.NET.Sdk.FrameworkReferenceResolution.targets(14,5): message :       ResolveSDKReferences;
       C:\Program Files\dotnet\sdk\10.0.101\Sdks\Microsoft.NET.Sdk\targets\Microsoft.NET.Sdk.FrameworkReferenceResolution.targets(14,5): message :       ExpandSDKReferences;
       C:\Program Files\dotnet\sdk\10.0.101\Sdks\Microsoft.NET.Sdk\targets\Microsoft.NET.Sdk.FrameworkReferenceResolution.targets(14,5): message :     ;
       C:\Program Files\dotnet\sdk\10.0.101\Sdks\Microsoft.NET.Sdk\targets\Microsoft.NET.Sdk.FrameworkReferenceResolution.targets(14,5): message :       ResolvePackageDependenciesForBuild;
       C:\Program Files\dotnet\sdk\10.0.101\Sdks\Microsoft.NET.Sdk\targets\Microsoft.NET.Sdk.FrameworkReferenceResolution.targets(14,5): message :       _HandlePackageFileConflicts;
       C:\Program Files\dotnet\sdk\10.0.101\Sdks\Microsoft.NET.Sdk\targets\Microsoft.NET.Sdk.FrameworkReferenceResolution.targets(14,5): message :     ;
       C:\Program Files\dotnet\sdk\10.0.101\Sdks\Microsoft.NET.Sdk\targets\Microsoft.NET.Sdk.FrameworkReferenceResolution.targets(14,5): message :       ResolveTargetingPackAssets;
       C:\Program Files\dotnet\sdk\10.0.101\Sdks\Microsoft.NET.Sdk\targets\Microsoft.NET.Sdk.FrameworkReferenceResolution.targets(14,5): message :     " (previous value: "
       C:\Program Files\dotnet\sdk\10.0.101\Sdks\Microsoft.NET.Sdk\targets\Microsoft.NET.Sdk.FrameworkReferenceResolution.targets(14,5): message :       
       C:\Program Files\dotnet\sdk\10.0.101\Sdks\Microsoft.NET.Sdk\targets\Microsoft.NET.Sdk.FrameworkReferenceResolution.targets(14,5): message :       ResolveProjectReferences;
       C:\Program Files\dotnet\sdk\10.0.101\Sdks\Microsoft.NET.Sdk\targets\Microsoft.NET.Sdk.FrameworkReferenceResolution.targets(14,5): message :       FindInvalidProjectReferences;
       C:\Program Files\dotnet\sdk\10.0.101\Sdks\Microsoft.NET.Sdk\targets\Microsoft.NET.Sdk.FrameworkReferenceResolution.targets(14,5): message :       GetFrameworkPaths;
       C:\Program Files\dotnet\sdk\10.0.101\Sdks\Microsoft.NET.Sdk\targets\Microsoft.NET.Sdk.FrameworkReferenceResolution.targets(14,5): message :       GetReferenceAssemblyPaths;
       C:\Program Files\dotnet\sdk\10.0.101\Sdks\Microsoft.NET.Sdk\targets\Microsoft.NET.Sdk.FrameworkReferenceResolution.targets(14,5): message :       PrepareForBuild;
       C:\Program Files\dotnet\sdk\10.0.101\Sdks\Microsoft.NET.Sdk\targets\Microsoft.NET.Sdk.FrameworkReferenceResolution.targets(14,5): message :       ResolveSDKReferences;
       C:\Program Files\dotnet\sdk\10.0.101\Sdks\Microsoft.NET.Sdk\targets\Microsoft.NET.Sdk.FrameworkReferenceResolution.targets(14,5): message :       ExpandSDKReferences;
       C:\Program Files\dotnet\sdk\10.0.101\Sdks\Microsoft.NET.Sdk\targets\Microsoft.NET.Sdk.FrameworkReferenceResolution.targets(14,5): message :     ;
       C:\Program Files\dotnet\sdk\10.0.101\Sdks\Microsoft.NET.Sdk\targets\Microsoft.NET.Sdk.FrameworkReferenceResolution.targets(14,5): message :       ResolvePackageDependenciesForBuild;
       C:\Program Files\dotnet\sdk\10.0.101\Sdks\Microsoft.NET.Sdk\targets\Microsoft.NET.Sdk.FrameworkReferenceResolution.targets(14,5): message :       _HandlePackageFileConflicts;
       C:\Program Files\dotnet\sdk\10.0.101\Sdks\Microsoft.NET.Sdk\targets\Microsoft.NET.Sdk.FrameworkReferenceResolution.targets(14,5): message :     ") at C:\Program Files\dotnet\sdk\10.0.101\Sdks\Microsoft.NET.Sdk\targets\Microsoft.NET.Sdk.FrameworkReferenceResolution.targets (14,5)
       C:\Program Files\dotnet\sdk\10.0.101\Sdks\Microsoft.NET.Sdk\targets\Microsoft.NET.Sdk.targets(44,5): message : Property reassignment: $(_GenerateRuntimeConfigurationPropertyInputsCache)="D:\P.L\Flutter\fresh_produce_app\FreshProduce.Domain\obj\Debug\net9.0\FreshProduce.Domain.genruntimeconfig.cache" (previous value: "obj\Debug\net9.0\FreshProduce.Domain.genruntimeconfig.cache") at C:\Program Files\dotnet\sdk\10.0.101\Sdks\Microsoft.NET.Sdk\targets\Microsoft.NET.Sdk.targets (44,5)
       C:\Program Files\dotnet\sdk\10.0.101\Sdks\Microsoft.NET.Sdk\targets\Microsoft.NET.Sdk.targets(46,5): message : Property reassignment: $(_GeneratePublishDependencyFilePropertyInputsCache)="D:\P.L\Flutter\fresh_produce_app\FreshProduce.Domain\obj\Debug\net9.0\FreshProduce.Domain.genpublishdeps.cache" (previous value: "obj\Debug\net9.0\FreshProduce.Domain.genpublishdeps.cache") at C:\Program Files\dotnet\sdk\10.0.101\Sdks\Microsoft.NET.Sdk\targets\Microsoft.NET.Sdk.targets (46,5)
       C:\Program Files\dotnet\sdk\10.0.101\Sdks\Microsoft.NET.Sdk\targets\Microsoft.NET.Sdk.targets(48,5): message : Property reassignment: $(_GenerateSingleFileBundlePropertyInputsCache)="D:\P.L\Flutter\fresh_produce_app\FreshProduce.Domain\obj\Debug\net9.0\FreshProduce.Domain.genbundle.cache" (previous value: "obj\Debug\net9.0\FreshProduce.Domain.genbundle.cache") at C:\Program Files\dotnet\sdk\10.0.101\Sdks\Microsoft.NET.Sdk\targets\Microsoft.NET.Sdk.targets (48,5)
       C:\Program Files\dotnet\sdk\10.0.101\Sdks\Microsoft.NET.Sdk\targets\Microsoft.NET.Sdk.targets(81,5): message : Property reassignment: $(GenerateRuntimeConfigDevFile)="false" (previous value: "true") at C:\Program Files\dotnet\sdk\10.0.101\Sdks\Microsoft.NET.Sdk\targets\Microsoft.NET.Sdk.targets (81,5)
       C:\Program Files\dotnet\sdk\10.0.101\Sdks\Microsoft.NET.Sdk\targets\Microsoft.NET.Sdk.targets(98,5): message : Property 'USERPROFILE' with value 'C:\Users\Dell' expanded from the environment.
       C:\Program Files\dotnet\sdk\10.0.101\Sdks\Microsoft.NET.Sdk\targets\Microsoft.NET.Sdk.targets(98,5): message : Property reassignment: $(_DefaultUserProfileRuntimeStorePath)="C:\Users\Dell" (previous value: "") at C:\Program Files\dotnet\sdk\10.0.101\Sdks\Microsoft.NET.Sdk\targets\Microsoft.NET.Sdk.targets (98,5)
       C:\Program Files\dotnet\sdk\10.0.101\Sdks\Microsoft.NET.Sdk\targets\Microsoft.NET.Sdk.targets(99,5): message : Property reassignment: $(_DefaultUserProfileRuntimeStorePath)="C:\Users\Dell\.dotnet\store" (previous value: "C:\Users\Dell") at C:\Program Files\dotnet\sdk\10.0.101\Sdks\Microsoft.NET.Sdk\targets\Microsoft.NET.Sdk.targets (99,5)
       C:\Program Files\dotnet\sdk\10.0.101\Sdks\Microsoft.NET.Sdk\targets\Microsoft.NET.Sdk.targets(144,5): message : Property reassignment: $(AvailablePlatforms)="Any CPU,x86,x64,ARM32" (previous value: "Any CPU,x86,x64") at C:\Program Files\dotnet\sdk\10.0.101\Sdks\Microsoft.NET.Sdk\targets\Microsoft.NET.Sdk.targets (144,5)
       C:\Program Files\dotnet\sdk\10.0.101\Sdks\Microsoft.NET.Sdk\targets\Microsoft.NET.Sdk.targets(148,5): message : Property reassignment: $(AvailablePlatforms)="Any CPU,x86,x64,ARM32,ARM64" (previous value: "Any CPU,x86,x64,ARM32") at C:\Program Files\dotnet\sdk\10.0.101\Sdks\Microsoft.NET.Sdk\targets\Microsoft.NET.Sdk.targets (148,5)
       C:\Program Files\dotnet\sdk\10.0.101\Sdks\Microsoft.NET.Sdk\targets\Microsoft.NET.Sdk.targets(204,5): message : Property reassignment: $(CoreBuildDependsOn)="
       C:\Program Files\dotnet\sdk\10.0.101\Sdks\Microsoft.NET.Sdk\targets\Microsoft.NET.Sdk.targets(204,5): message :       _CheckForBuildWithNoBuild;
       C:\Program Files\dotnet\sdk\10.0.101\Sdks\Microsoft.NET.Sdk\targets\Microsoft.NET.Sdk.targets(204,5): message :       
       C:\Program Files\dotnet\sdk\10.0.101\Sdks\Microsoft.NET.Sdk\targets\Microsoft.NET.Sdk.targets(204,5): message :       BuildOnlySettings;
       C:\Program Files\dotnet\sdk\10.0.101\Sdks\Microsoft.NET.Sdk\targets\Microsoft.NET.Sdk.targets(204,5): message :       PrepareForBuild;
       C:\Program Files\dotnet\sdk\10.0.101\Sdks\Microsoft.NET.Sdk\targets\Microsoft.NET.Sdk.targets(204,5): message :       PreBuildEvent;
       C:\Program Files\dotnet\sdk\10.0.101\Sdks\Microsoft.NET.Sdk\targets\Microsoft.NET.Sdk.targets(204,5): message :       ResolveReferences;
       C:\Program Files\dotnet\sdk\10.0.101\Sdks\Microsoft.NET.Sdk\targets\Microsoft.NET.Sdk.targets(204,5): message :       PrepareResources;
       C:\Program Files\dotnet\sdk\10.0.101\Sdks\Microsoft.NET.Sdk\targets\Microsoft.NET.Sdk.targets(204,5): message :       ResolveKeySource;
       C:\Program Files\dotnet\sdk\10.0.101\Sdks\Microsoft.NET.Sdk\targets\Microsoft.NET.Sdk.targets(204,5): message :       Compile;
       C:\Program Files\dotnet\sdk\10.0.101\Sdks\Microsoft.NET.Sdk\targets\Microsoft.NET.Sdk.targets(204,5): message :       ExportWindowsMDFile;
       C:\Program Files\dotnet\sdk\10.0.101\Sdks\Microsoft.NET.Sdk\targets\Microsoft.NET.Sdk.targets(204,5): message :       UnmanagedUnregistration;
       C:\Program Files\dotnet\sdk\10.0.101\Sdks\Microsoft.NET.Sdk\targets\Microsoft.NET.Sdk.targets(204,5): message :       GenerateSerializationAssemblies;
       C:\Program Files\dotnet\sdk\10.0.101\Sdks\Microsoft.NET.Sdk\targets\Microsoft.NET.Sdk.targets(204,5): message :       CreateSatelliteAssemblies;
       C:\Program Files\dotnet\sdk\10.0.101\Sdks\Microsoft.NET.Sdk\targets\Microsoft.NET.Sdk.targets(204,5): message :       GenerateManifests;
       C:\Program Files\dotnet\sdk\10.0.101\Sdks\Microsoft.NET.Sdk\targets\Microsoft.NET.Sdk.targets(204,5): message :       GetTargetPath;
       C:\Program Files\dotnet\sdk\10.0.101\Sdks\Microsoft.NET.Sdk\targets\Microsoft.NET.Sdk.targets(204,5): message :       PrepareForRun;
       C:\Program Files\dotnet\sdk\10.0.101\Sdks\Microsoft.NET.Sdk\targets\Microsoft.NET.Sdk.targets(204,5): message :       UnmanagedRegistration;
       C:\Program Files\dotnet\sdk\10.0.101\Sdks\Microsoft.NET.Sdk\targets\Microsoft.NET.Sdk.targets(204,5): message :       IncrementalClean;
       C:\Program Files\dotnet\sdk\10.0.101\Sdks\Microsoft.NET.Sdk\targets\Microsoft.NET.Sdk.targets(204,5): message :       PostBuildEvent
       C:\Program Files\dotnet\sdk\10.0.101\Sdks\Microsoft.NET.Sdk\targets\Microsoft.NET.Sdk.targets(204,5): message :     ;
       C:\Program Files\dotnet\sdk\10.0.101\Sdks\Microsoft.NET.Sdk\targets\Microsoft.NET.Sdk.targets(204,5): message :       GenerateBuildDependencyFile;
       C:\Program Files\dotnet\sdk\10.0.101\Sdks\Microsoft.NET.Sdk\targets\Microsoft.NET.Sdk.targets(204,5): message :       GenerateBuildRuntimeConfigurationFiles
       C:\Program Files\dotnet\sdk\10.0.101\Sdks\Microsoft.NET.Sdk\targets\Microsoft.NET.Sdk.targets(204,5): message :     " (previous value: "
       C:\Program Files\dotnet\sdk\10.0.101\Sdks\Microsoft.NET.Sdk\targets\Microsoft.NET.Sdk.targets(204,5): message :       BuildOnlySettings;
       C:\Program Files\dotnet\sdk\10.0.101\Sdks\Microsoft.NET.Sdk\targets\Microsoft.NET.Sdk.targets(204,5): message :       PrepareForBuild;
       C:\Program Files\dotnet\sdk\10.0.101\Sdks\Microsoft.NET.Sdk\targets\Microsoft.NET.Sdk.targets(204,5): message :       PreBuildEvent;
       C:\Program Files\dotnet\sdk\10.0.101\Sdks\Microsoft.NET.Sdk\targets\Microsoft.NET.Sdk.targets(204,5): message :       ResolveReferences;
       C:\Program Files\dotnet\sdk\10.0.101\Sdks\Microsoft.NET.Sdk\targets\Microsoft.NET.Sdk.targets(204,5): message :       PrepareResources;
       C:\Program Files\dotnet\sdk\10.0.101\Sdks\Microsoft.NET.Sdk\targets\Microsoft.NET.Sdk.targets(204,5): message :       ResolveKeySource;
       C:\Program Files\dotnet\sdk\10.0.101\Sdks\Microsoft.NET.Sdk\targets\Microsoft.NET.Sdk.targets(204,5): message :       Compile;
       C:\Program Files\dotnet\sdk\10.0.101\Sdks\Microsoft.NET.Sdk\targets\Microsoft.NET.Sdk.targets(204,5): message :       ExportWindowsMDFile;
       C:\Program Files\dotnet\sdk\10.0.101\Sdks\Microsoft.NET.Sdk\targets\Microsoft.NET.Sdk.targets(204,5): message :       UnmanagedUnregistration;
       C:\Program Files\dotnet\sdk\10.0.101\Sdks\Microsoft.NET.Sdk\targets\Microsoft.NET.Sdk.targets(204,5): message :       GenerateSerializationAssemblies;
       C:\Program Files\dotnet\sdk\10.0.101\Sdks\Microsoft.NET.Sdk\targets\Microsoft.NET.Sdk.targets(204,5): message :       CreateSatelliteAssemblies;
       C:\Program Files\dotnet\sdk\10.0.101\Sdks\Microsoft.NET.Sdk\targets\Microsoft.NET.Sdk.targets(204,5): message :       GenerateManifests;
       C:\Program Files\dotnet\sdk\10.0.101\Sdks\Microsoft.NET.Sdk\targets\Microsoft.NET.Sdk.targets(204,5): message :       GetTargetPath;
       C:\Program Files\dotnet\sdk\10.0.101\Sdks\Microsoft.NET.Sdk\targets\Microsoft.NET.Sdk.targets(204,5): message :       PrepareForRun;
       C:\Program Files\dotnet\sdk\10.0.101\Sdks\Microsoft.NET.Sdk\targets\Microsoft.NET.Sdk.targets(204,5): message :       UnmanagedRegistration;
       C:\Program Files\dotnet\sdk\10.0.101\Sdks\Microsoft.NET.Sdk\targets\Microsoft.NET.Sdk.targets(204,5): message :       IncrementalClean;
       C:\Program Files\dotnet\sdk\10.0.101\Sdks\Microsoft.NET.Sdk\targets\Microsoft.NET.Sdk.targets(204,5): message :       PostBuildEvent
       C:\Program Files\dotnet\sdk\10.0.101\Sdks\Microsoft.NET.Sdk\targets\Microsoft.NET.Sdk.targets(204,5): message :     ") at C:\Program Files\dotnet\sdk\10.0.101\Sdks\Microsoft.NET.Sdk\targets\Microsoft.NET.Sdk.targets (204,5)
       C:\Program Files\dotnet\sdk\10.0.101\Sdks\Microsoft.NET.Sdk\targets\Microsoft.NET.Sdk.targets(213,5): message : Property reassignment: $(CoreCleanDependsOn)="
       C:\Program Files\dotnet\sdk\10.0.101\Sdks\Microsoft.NET.Sdk\targets\Microsoft.NET.Sdk.targets(213,5): message :       _SdkBeforeClean;
       C:\Program Files\dotnet\sdk\10.0.101\Sdks\Microsoft.NET.Sdk\targets\Microsoft.NET.Sdk.targets(213,5): message :       
       C:\Program Files\dotnet\sdk\10.0.101\Sdks\Microsoft.NET.Sdk\targets\Microsoft.NET.Sdk.targets(213,5): message :     " (previous value: "") at C:\Program Files\dotnet\sdk\10.0.101\Sdks\Microsoft.NET.Sdk\targets\Microsoft.NET.Sdk.targets (213,5)
       C:\Program Files\dotnet\sdk\10.0.101\Sdks\Microsoft.NET.Sdk\targets\Microsoft.NET.Sdk.targets(220,5): message : Property reassignment: $(RebuildDependsOn)="
       C:\Program Files\dotnet\sdk\10.0.101\Sdks\Microsoft.NET.Sdk\targets\Microsoft.NET.Sdk.targets(220,5): message :       _SdkBeforeRebuild;
       C:\Program Files\dotnet\sdk\10.0.101\Sdks\Microsoft.NET.Sdk\targets\Microsoft.NET.Sdk.targets(220,5): message :       
       C:\Program Files\dotnet\sdk\10.0.101\Sdks\Microsoft.NET.Sdk\targets\Microsoft.NET.Sdk.targets(220,5): message :       BeforeRebuild;
       C:\Program Files\dotnet\sdk\10.0.101\Sdks\Microsoft.NET.Sdk\targets\Microsoft.NET.Sdk.targets(220,5): message :       Clean;
       C:\Program Files\dotnet\sdk\10.0.101\Sdks\Microsoft.NET.Sdk\targets\Microsoft.NET.Sdk.targets(220,5): message :       Build;
       C:\Program Files\dotnet\sdk\10.0.101\Sdks\Microsoft.NET.Sdk\targets\Microsoft.NET.Sdk.targets(220,5): message :       AfterRebuild;
       C:\Program Files\dotnet\sdk\10.0.101\Sdks\Microsoft.NET.Sdk\targets\Microsoft.NET.Sdk.targets(220,5): message :     
       C:\Program Files\dotnet\sdk\10.0.101\Sdks\Microsoft.NET.Sdk\targets\Microsoft.NET.Sdk.targets(220,5): message :     " (previous value: "
       C:\Program Files\dotnet\sdk\10.0.101\Sdks\Microsoft.NET.Sdk\targets\Microsoft.NET.Sdk.targets(220,5): message :       BeforeRebuild;
       C:\Program Files\dotnet\sdk\10.0.101\Sdks\Microsoft.NET.Sdk\targets\Microsoft.NET.Sdk.targets(220,5): message :       Clean;
       C:\Program Files\dotnet\sdk\10.0.101\Sdks\Microsoft.NET.Sdk\targets\Microsoft.NET.Sdk.targets(220,5): message :       Build;
       C:\Program Files\dotnet\sdk\10.0.101\Sdks\Microsoft.NET.Sdk\targets\Microsoft.NET.Sdk.targets(220,5): message :       AfterRebuild;
       C:\Program Files\dotnet\sdk\10.0.101\Sdks\Microsoft.NET.Sdk\targets\Microsoft.NET.Sdk.targets(220,5): message :     ") at C:\Program Files\dotnet\sdk\10.0.101\Sdks\Microsoft.NET.Sdk\targets\Microsoft.NET.Sdk.targets (220,5)
       C:\Program Files\dotnet\sdk\10.0.101\Sdks\Microsoft.NET.Sdk\targets\Microsoft.NET.Sdk.targets(799,5): message : Property reassignment: $(CompileDependsOn)="
       C:\Program Files\dotnet\sdk\10.0.101\Sdks\Microsoft.NET.Sdk\targets\Microsoft.NET.Sdk.targets(799,5): message :       
       C:\Program Files\dotnet\sdk\10.0.101\Sdks\Microsoft.NET.Sdk\targets\Microsoft.NET.Sdk.targets(799,5): message :       ResolveReferences;
       C:\Program Files\dotnet\sdk\10.0.101\Sdks\Microsoft.NET.Sdk\targets\Microsoft.NET.Sdk.targets(799,5): message :       ResolveKeySource;
       C:\Program Files\dotnet\sdk\10.0.101\Sdks\Microsoft.NET.Sdk\targets\Microsoft.NET.Sdk.targets(799,5): message :       SetWin32ManifestProperties;
       C:\Program Files\dotnet\sdk\10.0.101\Sdks\Microsoft.NET.Sdk\targets\Microsoft.NET.Sdk.targets(799,5): message :       _SetPreferNativeArm64Win32ManifestProperties;
       C:\Program Files\dotnet\sdk\10.0.101\Sdks\Microsoft.NET.Sdk\targets\Microsoft.NET.Sdk.targets(799,5): message :       FindReferenceAssembliesForReferences;
       C:\Program Files\dotnet\sdk\10.0.101\Sdks\Microsoft.NET.Sdk\targets\Microsoft.NET.Sdk.targets(799,5): message :       _GenerateCompileInputs;
       C:\Program Files\dotnet\sdk\10.0.101\Sdks\Microsoft.NET.Sdk\targets\Microsoft.NET.Sdk.targets(799,5): message :       BeforeCompile;
       C:\Program Files\dotnet\sdk\10.0.101\Sdks\Microsoft.NET.Sdk\targets\Microsoft.NET.Sdk.targets(799,5): message :       _TimeStampBeforeCompile;
       C:\Program Files\dotnet\sdk\10.0.101\Sdks\Microsoft.NET.Sdk\targets\Microsoft.NET.Sdk.targets(799,5): message :       _GenerateCompileDependencyCache;
       C:\Program Files\dotnet\sdk\10.0.101\Sdks\Microsoft.NET.Sdk\targets\Microsoft.NET.Sdk.targets(799,5): message :       CoreCompile;
       C:\Program Files\dotnet\sdk\10.0.101\Sdks\Microsoft.NET.Sdk\targets\Microsoft.NET.Sdk.targets(799,5): message :       _TimeStampAfterCompile;
       C:\Program Files\dotnet\sdk\10.0.101\Sdks\Microsoft.NET.Sdk\targets\Microsoft.NET.Sdk.targets(799,5): message :       AfterCompile;
       C:\Program Files\dotnet\sdk\10.0.101\Sdks\Microsoft.NET.Sdk\targets\Microsoft.NET.Sdk.targets(799,5): message :     ;
       C:\Program Files\dotnet\sdk\10.0.101\Sdks\Microsoft.NET.Sdk\targets\Microsoft.NET.Sdk.targets(799,5): message :       _CreateAppHost;
       C:\Program Files\dotnet\sdk\10.0.101\Sdks\Microsoft.NET.Sdk\targets\Microsoft.NET.Sdk.targets(799,5): message :       _CreateComHost;
       C:\Program Files\dotnet\sdk\10.0.101\Sdks\Microsoft.NET.Sdk\targets\Microsoft.NET.Sdk.targets(799,5): message :       _GetIjwHostPaths;
       C:\Program Files\dotnet\sdk\10.0.101\Sdks\Microsoft.NET.Sdk\targets\Microsoft.NET.Sdk.targets(799,5): message :     " (previous value: "
       C:\Program Files\dotnet\sdk\10.0.101\Sdks\Microsoft.NET.Sdk\targets\Microsoft.NET.Sdk.targets(799,5): message :       ResolveReferences;
       C:\Program Files\dotnet\sdk\10.0.101\Sdks\Microsoft.NET.Sdk\targets\Microsoft.NET.Sdk.targets(799,5): message :       ResolveKeySource;
       C:\Program Files\dotnet\sdk\10.0.101\Sdks\Microsoft.NET.Sdk\targets\Microsoft.NET.Sdk.targets(799,5): message :       SetWin32ManifestProperties;
       C:\Program Files\dotnet\sdk\10.0.101\Sdks\Microsoft.NET.Sdk\targets\Microsoft.NET.Sdk.targets(799,5): message :       _SetPreferNativeArm64Win32ManifestProperties;
       C:\Program Files\dotnet\sdk\10.0.101\Sdks\Microsoft.NET.Sdk\targets\Microsoft.NET.Sdk.targets(799,5): message :       FindReferenceAssembliesForReferences;
       C:\Program Files\dotnet\sdk\10.0.101\Sdks\Microsoft.NET.Sdk\targets\Microsoft.NET.Sdk.targets(799,5): message :       _GenerateCompileInputs;
       C:\Program Files\dotnet\sdk\10.0.101\Sdks\Microsoft.NET.Sdk\targets\Microsoft.NET.Sdk.targets(799,5): message :       BeforeCompile;
       C:\Program Files\dotnet\sdk\10.0.101\Sdks\Microsoft.NET.Sdk\targets\Microsoft.NET.Sdk.targets(799,5): message :       _TimeStampBeforeCompile;
       C:\Program Files\dotnet\sdk\10.0.101\Sdks\Microsoft.NET.Sdk\targets\Microsoft.NET.Sdk.targets(799,5): message :       _GenerateCompileDependencyCache;
       C:\Program Files\dotnet\sdk\10.0.101\Sdks\Microsoft.NET.Sdk\targets\Microsoft.NET.Sdk.targets(799,5): message :       CoreCompile;
       C:\Program Files\dotnet\sdk\10.0.101\Sdks\Microsoft.NET.Sdk\targets\Microsoft.NET.Sdk.targets(799,5): message :       _TimeStampAfterCompile;
       C:\Program Files\dotnet\sdk\10.0.101\Sdks\Microsoft.NET.Sdk\targets\Microsoft.NET.Sdk.targets(799,5): message :       AfterCompile;
       C:\Program Files\dotnet\sdk\10.0.101\Sdks\Microsoft.NET.Sdk\targets\Microsoft.NET.Sdk.targets(799,5): message :     ") at C:\Program Files\dotnet\sdk\10.0.101\Sdks\Microsoft.NET.Sdk\targets\Microsoft.NET.Sdk.targets (799,5)
       C:\Program Files\dotnet\sdk\10.0.101\Sdks\Microsoft.NET.Sdk\targets\Microsoft.NET.Sdk.targets(1131,5): message : Property reassignment: $(CreateSatelliteAssembliesDependsOn)="
       C:\Program Files\dotnet\sdk\10.0.101\Sdks\Microsoft.NET.Sdk\targets\Microsoft.NET.Sdk.targets(1131,5): message :       
       C:\Program Files\dotnet\sdk\10.0.101\Sdks\Microsoft.NET.Sdk\targets\Microsoft.NET.Sdk.targets(1131,5): message :       ;
       C:\Program Files\dotnet\sdk\10.0.101\Sdks\Microsoft.NET.Sdk\targets\Microsoft.NET.Sdk.targets(1131,5): message :       _GenerateSatelliteAssemblyInputs;
       C:\Program Files\dotnet\sdk\10.0.101\Sdks\Microsoft.NET.Sdk\targets\Microsoft.NET.Sdk.targets(1131,5): message :       ComputeIntermediateSatelliteAssemblies;
       C:\Program Files\dotnet\sdk\10.0.101\Sdks\Microsoft.NET.Sdk\targets\Microsoft.NET.Sdk.targets(1131,5): message :       GenerateSatelliteAssemblies
       C:\Program Files\dotnet\sdk\10.0.101\Sdks\Microsoft.NET.Sdk\targets\Microsoft.NET.Sdk.targets(1131,5): message :     ;
       C:\Program Files\dotnet\sdk\10.0.101\Sdks\Microsoft.NET.Sdk\targets\Microsoft.NET.Sdk.targets(1131,5): message :       CoreGenerateSatelliteAssemblies
       C:\Program Files\dotnet\sdk\10.0.101\Sdks\Microsoft.NET.Sdk\targets\Microsoft.NET.Sdk.targets(1131,5): message :     " (previous value: "
       C:\Program Files\dotnet\sdk\10.0.101\Sdks\Microsoft.NET.Sdk\targets\Microsoft.NET.Sdk.targets(1131,5): message :       ;
       C:\Program Files\dotnet\sdk\10.0.101\Sdks\Microsoft.NET.Sdk\targets\Microsoft.NET.Sdk.targets(1131,5): message :       _GenerateSatelliteAssemblyInputs;
       C:\Program Files\dotnet\sdk\10.0.101\Sdks\Microsoft.NET.Sdk\targets\Microsoft.NET.Sdk.targets(1131,5): message :       ComputeIntermediateSatelliteAssemblies;
       C:\Program Files\dotnet\sdk\10.0.101\Sdks\Microsoft.NET.Sdk\targets\Microsoft.NET.Sdk.targets(1131,5): message :       GenerateSatelliteAssemblies
       C:\Program Files\dotnet\sdk\10.0.101\Sdks\Microsoft.NET.Sdk\targets\Microsoft.NET.Sdk.targets(1131,5): message :     ") at C:\Program Files\dotnet\sdk\10.0.101\Sdks\Microsoft.NET.Sdk\targets\Microsoft.NET.Sdk.targets (1131,5)
       C:\Program Files\dotnet\sdk\10.0.101\Sdks\Microsoft.SourceLink.GitLab\build\Microsoft.SourceLink.GitLab.targets(12,5): message : Property reassignment: $(SourceLinkUrlInitializerTargets)=";_InitializeGitHubSourceLinkUrl;_InitializeGitLabSourceLinkUrl" (previous value: ";_InitializeGitHubSourceLinkUrl") at C:\Program Files\dotnet\sdk\10.0.101\Sdks\Microsoft.SourceLink.GitLab\build\Microsoft.SourceLink.GitLab.targets (12,5)
       C:\Program Files\dotnet\sdk\10.0.101\Sdks\Microsoft.SourceLink.GitLab\build\Microsoft.SourceLink.GitLab.targets(13,5): message : Property reassignment: $(SourceControlManagerUrlTranslationTargets)=";TranslateGitHubUrlsInSourceControlInformation;TranslateGitLabUrlsInSourceControlInformation" (previous value: ";TranslateGitHubUrlsInSourceControlInformation") at C:\Program Files\dotnet\sdk\10.0.101\Sdks\Microsoft.SourceLink.GitLab\build\Microsoft.SourceLink.GitLab.targets (13,5)
       C:\Program Files\dotnet\sdk\10.0.101\Sdks\Microsoft.SourceLink.AzureRepos.Git\build\Microsoft.SourceLink.AzureRepos.Git.targets(12,5): message : Property reassignment: $(SourceLinkUrlInitializerTargets)=";_InitializeGitHubSourceLinkUrl;_InitializeGitLabSourceLinkUrl;_InitializeAzureReposGitSourceLinkUrl" (previous value: ";_InitializeGitHubSourceLinkUrl;_InitializeGitLabSourceLinkUrl") at C:\Program Files\dotnet\sdk\10.0.101\Sdks\Microsoft.SourceLink.AzureRepos.Git\build\Microsoft.SourceLink.AzureRepos.Git.targets (12,5)
       C:\Program Files\dotnet\sdk\10.0.101\Sdks\Microsoft.SourceLink.AzureRepos.Git\build\Microsoft.SourceLink.AzureRepos.Git.targets(13,5): message : Property reassignment: $(SourceControlManagerUrlTranslationTargets)=";TranslateGitHubUrlsInSourceControlInformation;TranslateGitLabUrlsInSourceControlInformation;TranslateAzureReposGitUrlsInSourceControlInformation" (previous value: ";TranslateGitHubUrlsInSourceControlInformation;TranslateGitLabUrlsInSourceControlInformation") at C:\Program Files\dotnet\sdk\10.0.101\Sdks\Microsoft.SourceLink.AzureRepos.Git\build\Microsoft.SourceLink.AzureRepos.Git.targets (13,5)
       C:\Program Files\dotnet\sdk\10.0.101\Sdks\Microsoft.SourceLink.Bitbucket.Git\build\Microsoft.SourceLink.Bitbucket.Git.targets(12,5): message : Property reassignment: $(SourceLinkUrlInitializerTargets)=";_InitializeGitHubSourceLinkUrl;_InitializeGitLabSourceLinkUrl;_InitializeAzureReposGitSourceLinkUrl;_InitializeBitbucketGitSourceLinkUrl" (previous value: ";_InitializeGitHubSourceLinkUrl;_InitializeGitLabSourceLinkUrl;_InitializeAzureReposGitSourceLinkUrl") at C:\Program Files\dotnet\sdk\10.0.101\Sdks\Microsoft.SourceLink.Bitbucket.Git\build\Microsoft.SourceLink.Bitbucket.Git.targets (12,5)
       C:\Program Files\dotnet\sdk\10.0.101\Sdks\Microsoft.SourceLink.Bitbucket.Git\build\Microsoft.SourceLink.Bitbucket.Git.targets(13,5): message : Property reassignment: $(SourceControlManagerUrlTranslationTargets)=";TranslateGitHubUrlsInSourceControlInformation;TranslateGitLabUrlsInSourceControlInformation;TranslateAzureReposGitUrlsInSourceControlInformation;TranslateBitbucketGitUrlsInSourceControlInformation" (previous value: ";TranslateGitHubUrlsInSourceControlInformation;TranslateGitLabUrlsInSourceControlInformation;TranslateAzureReposGitUrlsInSourceControlInformation") at C:\Program Files\dotnet\sdk\10.0.101\Sdks\Microsoft.SourceLink.Bitbucket.Git\build\Microsoft.SourceLink.Bitbucket.Git.targets (13,5)
       C:\Program Files\dotnet\sdk\10.0.101\Sdks\Microsoft.NET.Sdk\targets\Microsoft.NET.DesignerSupport.targets(21,5): message : Property reassignment: $(DesignerRuntimeImplementationProjectOutputGroupDependsOn)="
       C:\Program Files\dotnet\sdk\10.0.101\Sdks\Microsoft.NET.Sdk\targets\Microsoft.NET.DesignerSupport.targets(21,5): message :       
       C:\Program Files\dotnet\sdk\10.0.101\Sdks\Microsoft.NET.Sdk\targets\Microsoft.NET.DesignerSupport.targets(21,5): message :       ;
       C:\Program Files\dotnet\sdk\10.0.101\Sdks\Microsoft.NET.Sdk\targets\Microsoft.NET.DesignerSupport.targets(21,5): message :       
       C:\Program Files\dotnet\sdk\10.0.101\Sdks\Microsoft.NET.Sdk\targets\Microsoft.NET.DesignerSupport.targets(21,5): message :       ;
       C:\Program Files\dotnet\sdk\10.0.101\Sdks\Microsoft.NET.Sdk\targets\Microsoft.NET.DesignerSupport.targets(21,5): message :       BuildOnlySettings;
       C:\Program Files\dotnet\sdk\10.0.101\Sdks\Microsoft.NET.Sdk\targets\Microsoft.NET.DesignerSupport.targets(21,5): message :       PrepareForBuild;
       C:\Program Files\dotnet\sdk\10.0.101\Sdks\Microsoft.NET.Sdk\targets\Microsoft.NET.DesignerSupport.targets(21,5): message :       AssignTargetPaths;
       C:\Program Files\dotnet\sdk\10.0.101\Sdks\Microsoft.NET.Sdk\targets\Microsoft.NET.DesignerSupport.targets(21,5): message :       ResolveReferences
       C:\Program Files\dotnet\sdk\10.0.101\Sdks\Microsoft.NET.Sdk\targets\Microsoft.NET.DesignerSupport.targets(21,5): message :     
       C:\Program Files\dotnet\sdk\10.0.101\Sdks\Microsoft.NET.Sdk\targets\Microsoft.NET.DesignerSupport.targets(21,5): message :     ;
       C:\Program Files\dotnet\sdk\10.0.101\Sdks\Microsoft.NET.Sdk\targets\Microsoft.NET.DesignerSupport.targets(21,5): message :       _GenerateDesignerDepsFile;
       C:\Program Files\dotnet\sdk\10.0.101\Sdks\Microsoft.NET.Sdk\targets\Microsoft.NET.DesignerSupport.targets(21,5): message :       _GenerateDesignerRuntimeConfigFile;
       C:\Program Files\dotnet\sdk\10.0.101\Sdks\Microsoft.NET.Sdk\targets\Microsoft.NET.DesignerSupport.targets(21,5): message :       GetCopyToOutputDirectoryItems;
       C:\Program Files\dotnet\sdk\10.0.101\Sdks\Microsoft.NET.Sdk\targets\Microsoft.NET.DesignerSupport.targets(21,5): message :       _GatherDesignerShadowCopyFiles;
       C:\Program Files\dotnet\sdk\10.0.101\Sdks\Microsoft.NET.Sdk\targets\Microsoft.NET.DesignerSupport.targets(21,5): message :     " (previous value: "
       C:\Program Files\dotnet\sdk\10.0.101\Sdks\Microsoft.NET.Sdk\targets\Microsoft.NET.DesignerSupport.targets(21,5): message :       ;
       C:\Program Files\dotnet\sdk\10.0.101\Sdks\Microsoft.NET.Sdk\targets\Microsoft.NET.DesignerSupport.targets(21,5): message :       
       C:\Program Files\dotnet\sdk\10.0.101\Sdks\Microsoft.NET.Sdk\targets\Microsoft.NET.DesignerSupport.targets(21,5): message :       ;
       C:\Program Files\dotnet\sdk\10.0.101\Sdks\Microsoft.NET.Sdk\targets\Microsoft.NET.DesignerSupport.targets(21,5): message :       BuildOnlySettings;
       C:\Program Files\dotnet\sdk\10.0.101\Sdks\Microsoft.NET.Sdk\targets\Microsoft.NET.DesignerSupport.targets(21,5): message :       PrepareForBuild;
       C:\Program Files\dotnet\sdk\10.0.101\Sdks\Microsoft.NET.Sdk\targets\Microsoft.NET.DesignerSupport.targets(21,5): message :       AssignTargetPaths;
       C:\Program Files\dotnet\sdk\10.0.101\Sdks\Microsoft.NET.Sdk\targets\Microsoft.NET.DesignerSupport.targets(21,5): message :       ResolveReferences
       C:\Program Files\dotnet\sdk\10.0.101\Sdks\Microsoft.NET.Sdk\targets\Microsoft.NET.DesignerSupport.targets(21,5): message :     
       C:\Program Files\dotnet\sdk\10.0.101\Sdks\Microsoft.NET.Sdk\targets\Microsoft.NET.DesignerSupport.targets(21,5): message :     ") at C:\Program Files\dotnet\sdk\10.0.101\Sdks\Microsoft.NET.Sdk\targets\Microsoft.NET.DesignerSupport.targets (21,5)
       C:\Program Files\dotnet\sdk\10.0.101\Sdks\Microsoft.NET.Sdk\targets\Microsoft.NET.Sdk.CSharp.targets(31,5): message : Property reassignment: $(DefineConstants)="TRACE;DEBUG" (previous value: "TRACE") at C:\Program Files\dotnet\sdk\10.0.101\Sdks\Microsoft.NET.Sdk\targets\Microsoft.NET.Sdk.CSharp.targets (31,5)
       C:\Program Files\dotnet\sdk\10.0.101\Sdks\Microsoft.NET.Sdk\targets\Microsoft.NET.Sdk.CSharp.targets(45,5): message : Property reassignment: $(WarningsAsErrors)=";NU1605;SYSLIB0011" (previous value: ";NU1605") at C:\Program Files\dotnet\sdk\10.0.101\Sdks\Microsoft.NET.Sdk\targets\Microsoft.NET.Sdk.CSharp.targets (45,5)
       C:\Program Files\dotnet\sdk\10.0.101\Sdks\Microsoft.NET.Sdk\Sdk\Sdk.props(49,11): message : Property 'MSBuildExtensionsPath' with value 'C:\Program Files\dotnet\sdk\10.0.101\' expanded from the environment.
       C:\Program Files\dotnet\sdk\10.0.101\NuGet.Build.Tasks.Pack.targets(34,5): message : Property reassignment: $(PackageDescription)="Package Description" (previous value: "") at C:\Program Files\dotnet\sdk\10.0.101\NuGet.Build.Tasks.Pack.targets (34,5)
       C:\Program Files\dotnet\sdk\10.0.101\Current\Microsoft.Common.props(60,5): message : Property reassignment: $(MSBuildProjectExtensionsPath)="D:\P.L\Flutter\fresh_produce_app\FreshProduce.Infrastructure\obj\" (previous value: "obj\") at C:\Program Files\dotnet\sdk\10.0.101\Current\Microsoft.Common.props (60,5)
       C:\Program Files\dotnet\sdk\10.0.101\NuGet.Build.Tasks.Pack.targets(59,5): message : Property reassignment: $(GenerateNuspecDependsOn)="Build;_LoadPackInputItems; _GetTargetFrameworksOutput; _WalkEachTargetPerFramework; _GetPackageFiles; " (previous value: "_LoadPackInputItems; _GetTargetFrameworksOutput; _WalkEachTargetPerFramework; _GetPackageFiles; ") at C:\Program Files\dotnet\sdk\10.0.101\NuGet.Build.Tasks.Pack.targets (59,5)
       C:\Program Files\dotnet\sdk\10.0.101\Sdks\Microsoft.NET.Sdk\Sdk\Sdk.targets(59,5): message : Property reassignment: $(_IsNotSetContainersTargetsDir)="true" (previous value: "false") at C:\Program Files\dotnet\sdk\10.0.101\Sdks\Microsoft.NET.Sdk\Sdk\Sdk.targets (59,5)
       C:\Program Files\dotnet\sdk\10.0.101\Current\Microsoft.Common.props(84,119): message : Property 'MSBuildUserExtensionsPath' with value 'C:\Users\Dell\AppData\Local\Microsoft\MSBuild' expanded from the environment.
       C:\Program Files\dotnet\sdk\10.0.101\Containers\build\Microsoft.NET.Build.Containers.targets(5,5): message : Property reassignment: $(_IsSDKContainerAllowedVersion)="true" (previous value: "false") at C:\Program Files\dotnet\sdk\10.0.101\Containers\build\Microsoft.NET.Build.Containers.targets (5,5)
       C:\Program Files\dotnet\sdk\10.0.101\Containers\build\Microsoft.NET.Build.Containers.targets(15,5): message : Property reassignment: $(_ContainerIsTargetingNet8TFM)="true" (previous value: "false") at C:\Program Files\dotnet\sdk\10.0.101\Containers\build\Microsoft.NET.Build.Containers.targets (15,5)
       C:\Program Files\dotnet\sdk\10.0.101\Sdks\Microsoft.NET.Sdk\targets\Microsoft.NET.Sdk.props(90,5): message : Property reassignment: $(AssemblySearchPaths)="{CandidateAssemblyFiles};{HintPathFromItem}" (previous value: "{CandidateAssemblyFiles}") at C:\Program Files\dotnet\sdk\10.0.101\Sdks\Microsoft.NET.Sdk\targets\Microsoft.NET.Sdk.props (90,5)
       C:\Program Files\dotnet\sdk\10.0.101\Sdks\Microsoft.NET.Sdk\targets\Microsoft.NET.Sdk.props(91,5): message : Property reassignment: $(AssemblySearchPaths)="{CandidateAssemblyFiles};{HintPathFromItem};{TargetFrameworkDirectory}" (previous value: "{CandidateAssemblyFiles};{HintPathFromItem}") at C:\Program Files\dotnet\sdk\10.0.101\Sdks\Microsoft.NET.Sdk\targets\Microsoft.NET.Sdk.props (91,5)
       C:\Program Files\dotnet\sdk\10.0.101\Sdks\Microsoft.NET.Sdk\targets\Microsoft.NET.Sdk.props(92,5): message : Property reassignment: $(AssemblySearchPaths)="{CandidateAssemblyFiles};{HintPathFromItem};{TargetFrameworkDirectory};{RawFileName}" (previous value: "{CandidateAssemblyFiles};{HintPathFromItem};{TargetFrameworkDirectory}") at C:\Program Files\dotnet\sdk\10.0.101\Sdks\Microsoft.NET.Sdk\targets\Microsoft.NET.Sdk.props (92,5)
       C:\Program Files\dotnet\sdk\10.0.101\Sdks\Microsoft.NET.Sdk\targets\Microsoft.NET.Sdk.ImportPublishProfile.targets(28,5): message : Property reassignment: $(PublishProfileImported)="false" (previous value: "true") at C:\Program Files\dotnet\sdk\10.0.101\Sdks\Microsoft.NET.Sdk\targets\Microsoft.NET.Sdk.ImportPublishProfile.targets (28,5)
       C:\Program Files\dotnet\sdk\10.0.101\Sdks\Microsoft.NET.Sdk\targets\Microsoft.NET.TargetFrameworkInference.targets(81,5): message : Property reassignment: $(TargetPlatformVersion)="" (previous value: "0.0") at C:\Program Files\dotnet\sdk\10.0.101\Sdks\Microsoft.NET.Sdk\targets\Microsoft.NET.TargetFrameworkInference.targets (81,5)
       C:\Program Files\dotnet\sdk\10.0.101\Sdks\Microsoft.NET.Sdk\targets\Microsoft.NET.DefaultOutputPaths.targets(127,5): message : Property reassignment: $(DefaultItemExcludes)=";bin\Debug\/**;obj\Debug\/**" (previous value: ";bin\Debug\/**") at C:\Program Files\dotnet\sdk\10.0.101\Sdks\Microsoft.NET.Sdk\targets\Microsoft.NET.DefaultOutputPaths.targets (127,5)
       C:\Program Files\dotnet\sdk\10.0.101\Sdks\Microsoft.NET.Sdk\targets\Microsoft.NET.DefaultOutputPaths.targets(142,5): message : Property reassignment: $(OutputPath)="bin\Debug\net9.0\" (previous value: "bin\Debug\") at C:\Program Files\dotnet\sdk\10.0.101\Sdks\Microsoft.NET.Sdk\targets\Microsoft.NET.DefaultOutputPaths.targets (142,5)
       C:\Program Files\dotnet\sdk\10.0.101\Sdks\Microsoft.NET.Sdk\targets\Microsoft.NET.DefaultOutputPaths.targets(147,5): message : Property reassignment: $(IntermediateOutputPath)="obj\Debug\net9.0\" (previous value: "obj\Debug\") at C:\Program Files\dotnet\sdk\10.0.101\Sdks\Microsoft.NET.Sdk\targets\Microsoft.NET.DefaultOutputPaths.targets (147,5)
       Overriding target "ResolveFrameworkReferences" in project "C:\Program Files\dotnet\sdk\10.0.101\Microsoft.Common.CurrentVersion.targets" with target "ResolveFrameworkReferences" from project "C:\Program Files\dotnet\sdk\10.0.101\Sdks\Microsoft.NET.Sdk\targets\Microsoft.NET.Sdk.FrameworkReferenceResolution.targets".
       Overriding target "GenerateSupportedTargetFrameworkAlias" in project "C:\Program Files\dotnet\sdk\10.0.101\Microsoft.Common.CurrentVersion.targets" with target "GenerateSupportedTargetFrameworkAlias" from project "C:\Program Files\dotnet\sdk\10.0.101\Sdks\Microsoft.NET.Sdk\targets\Microsoft.NET.Sdk.targets".
       Overriding target "GetReferenceAssemblyPaths" in project "C:\Program Files\dotnet\sdk\10.0.101\Microsoft.Common.CurrentVersion.targets" with target "GetReferenceAssemblyPaths" from project "C:\Program Files\dotnet\sdk\10.0.101\Sdks\Microsoft.NET.Sdk\targets\Microsoft.NET.DisableStandardFrameworkResolution.targets".
       Overriding target "GetFrameworkPaths" in project "C:\Program Files\dotnet\sdk\10.0.101\Microsoft.Common.CurrentVersion.targets" with target "GetFrameworkPaths" from project "C:\Program Files\dotnet\sdk\10.0.101\Sdks\Microsoft.NET.Sdk\targets\Microsoft.NET.DisableStandardFrameworkResolution.targets".
       Overriding target "DesignerRuntimeImplementationProjectOutputGroup" in project "C:\Program Files\dotnet\sdk\10.0.101\Microsoft.Common.CurrentVersion.targets" with target "DesignerRuntimeImplementationProjectOutputGroup" from project "C:\Program Files\dotnet\sdk\10.0.101\Sdks\Microsoft.NET.Sdk\targets\Microsoft.NET.DesignerSupport.targets".
       Overriding target "Publish" in project "C:\Program Files\dotnet\sdk\10.0.101\Microsoft.Common.CurrentVersion.targets" with target "Publish" from project "C:\Program Files\dotnet\sdk\10.0.101\Sdks\Microsoft.NET.Sdk\targets\Microsoft.NET.Publish.targets".
       Overriding target "ResolveReadyToRunCompilers" in project "C:\Program Files\dotnet\sdk\10.0.101\Sdks\Microsoft.NET.Sdk\targets\Microsoft.NET.CrossGen.targets" with target "ResolveReadyToRunCompilers" from project "C:\Program Files\dotnet\sdk\10.0.101\Sdks\Microsoft.NET.Sdk\targets\Microsoft.NET.Publish.targets".
       Overriding target "GetCopyToPublishDirectoryItems" in project "C:\Program Files\dotnet\sdk\10.0.101\Microsoft.Common.CurrentVersion.targets" with target "GetCopyToPublishDirectoryItems" from project "C:\Program Files\dotnet\sdk\10.0.101\Sdks\Microsoft.NET.Sdk\targets\Microsoft.NET.Publish.targets".
       Overriding target "Run" in project "C:\Program Files\dotnet\sdk\10.0.101\Microsoft.Common.CurrentVersion.targets" with target "Run" from project "C:\Program Files\dotnet\sdk\10.0.101\Sdks\Microsoft.NET.Sdk\targets\Microsoft.NET.Sdk.targets".
       C:\Program Files\dotnet\sdk\10.0.101\Sdks\Microsoft.NET.Sdk\targets\Microsoft.NET.Sdk.BeforeCommon.targets(371,5): message : Property reassignment: $(RoslynTargetsPath)="C:\Program Files\dotnet\sdk\10.0.101\Sdks\Microsoft.NET.Sdk\targets\..\..\..\Roslyn" (previous value: "C:\Program Files\dotnet\sdk\10.0.101\Roslyn") at C:\Program Files\dotnet\sdk\10.0.101\Sdks\Microsoft.NET.Sdk\targets\Microsoft.NET.Sdk.BeforeCommon.targets (371,5)
     2>Project "D:\P.L\Flutter\fresh_produce_app\FreshProduce.Application\FreshProduce.Application.csproj" (2) is building "D:\P.L\Flutter\fresh_produce_app\FreshProduce.Domain\FreshProduce.Domain.csproj" (3) on node 1 (_GenerateRestoreProjectPathWalk target(s)).
     3>Target "_GenerateRestoreProjectPathItemsPerFramework" in file "C:\Program Files\dotnet\sdk\10.0.101\NuGet.targets" from project "D:\P.L\Flutter\fresh_produce_app\FreshProduce.Domain\FreshProduce.Domain.csproj" (target "_GenerateRestoreProjectPathItemsCurrentProject" depends on it):
     3>Task "ConvertToAbsolutePath"
     0>C:\Program Files\dotnet\sdk\10.0.101\Roslyn\Microsoft.Managed.Core.targets(6,5): message : Property reassignment: $(_BuildTasksDirectory)="C:\Program Files\dotnet\sdk\10.0.101\Sdks\Microsoft.NET.Sdk\targets\..\..\..\Roslyn\" (previous value: "C:\Program Files\dotnet\sdk\10.0.101\Roslyn\") at C:\Program Files\dotnet\sdk\10.0.101\Roslyn\Microsoft.Managed.Core.targets (6,5)
     3>Done executing task "ConvertToAbsolutePath".
     3>Done building target "_GenerateRestoreProjectPathItemsPerFramework" in project "FreshProduce.Domain.csproj".
     3>Target "_GenerateRestoreProjectPathItemsCurrentProject" in file "C:\Program Files\dotnet\sdk\10.0.101\NuGet.targets" from project "D:\P.L\Flutter\fresh_produce_app\FreshProduce.Domain\FreshProduce.Domain.csproj" (target "_GenerateRestoreProjectPathItems" depends on it):
     3>Done building target "_GenerateRestoreProjectPathItemsCurrentProject" in project "FreshProduce.Domain.csproj".
     3>Target "_GenerateRestoreProjectPathItems" in file "C:\Program Files\dotnet\sdk\10.0.101\NuGet.targets" from project "D:\P.L\Flutter\fresh_produce_app\FreshProduce.Domain\FreshProduce.Domain.csproj" (target "_GenerateRestoreProjectPathWalk" depends on it):
       Task "RemoveDuplicates"
       Done executing task "RemoveDuplicates".
     3>Done building target "_GenerateRestoreProjectPathItems" in project "FreshProduce.Domain.csproj".
     0>C:\Program Files\dotnet\sdk\10.0.101\Roslyn\Microsoft.CSharp.Core.targets(200,5): message : Property reassignment: $(CommandLineArgsForDesignTimeEvaluation)="-langversion:13.0 -define:TRACE" (previous value: "-langversion:13.0") at C:\Program Files\dotnet\sdk\10.0.101\Roslyn\Microsoft.CSharp.Core.targets (200,5)
     3>Target "_GenerateRestoreProjectPathWalk" in file "C:\Program Files\dotnet\sdk\10.0.101\NuGet.targets" from project "D:\P.L\Flutter\fresh_produce_app\FreshProduce.Domain\FreshProduce.Domain.csproj" (entry point):
     3>Task "MSBuild"
       Done executing task "MSBuild".
       Task "RemoveDuplicates"
       Done executing task "RemoveDuplicates".
     3>Done building target "_GenerateRestoreProjectPathWalk" in project "FreshProduce.Domain.csproj".
     3>Done Building Project "D:\P.L\Flutter\fresh_produce_app\FreshProduce.Domain\FreshProduce.Domain.csproj" (_GenerateRestoreProjectPathWalk target(s)).
     0>C:\Program Files\dotnet\sdk\10.0.101\Microsoft.Common.CurrentVersion.targets(175,5): message : Property reassignment: $(_DebugSymbolsProduced)="true" (previous value: "false") at C:\Program Files\dotnet\sdk\10.0.101\Microsoft.Common.CurrentVersion.targets (175,5)
       C:\Program Files\dotnet\sdk\10.0.101\Microsoft.Common.CurrentVersion.targets(185,5): message : Property reassignment: $(_DocumentationFileProduced)="false" (previous value: "true") at C:\Program Files\dotnet\sdk\10.0.101\Microsoft.Common.CurrentVersion.targets (185,5)
       C:\Program Files\dotnet\sdk\10.0.101\Microsoft.Common.CurrentVersion.targets(392,5): message : Property reassignment: $(MSBuildCopyMarkerName)="FreshPro.C7628B8A" (previous value: "FreshProduce.Infrastructure.csproj") at C:\Program Files\dotnet\sdk\10.0.101\Microsoft.Common.CurrentVersion.targets (392,5)
       C:\Program Files\dotnet\sdk\10.0.101\Microsoft.Common.CurrentVersion.targets(393,5): message : Property reassignment: $(MSBuildCopyMarkerName)="FreshPro.C7628B8A.Up2Date" (previous value: "FreshPro.C7628B8A") at C:\Program Files\dotnet\sdk\10.0.101\Microsoft.Common.CurrentVersion.targets (393,5)
       C:\Program Files\dotnet\sdk\10.0.101\Microsoft.Common.CurrentVersion.targets(541,5): message : Property reassignment: $(ProcessorArchitecture)="msil" (previous value: "") at C:\Program Files\dotnet\sdk\10.0.101\Microsoft.Common.CurrentVersion.targets (541,5)
       C:\Program Files\dotnet\sdk\10.0.101\Microsoft.Common.CurrentVersion.targets(580,5): message : Property reassignment: $(DelaySign)="" (previous value: "false") at C:\Program Files\dotnet\sdk\10.0.101\Microsoft.Common.CurrentVersion.targets (580,5)
     2>Done executing task "MSBuild".
       Task "RemoveDuplicates"
       Done executing task "RemoveDuplicates".
     2>Done building target "_GenerateRestoreProjectPathWalk" in project "FreshProduce.Application.csproj".
     0>C:\Program Files\dotnet\sdk\10.0.101\Microsoft.Common.CurrentVersion.targets(2606,5): message : Property 'LOCALAPPDATA' with value 'C:\Users\Dell\AppData\Local' expanded from the environment.
       C:\Program Files\dotnet\sdk\10.0.101\Microsoft.Common.CurrentVersion.targets(3934,5): message : Property reassignment: $(_SGenGenerateSerializationAssembliesConfig)="Auto" (previous value: "") at C:\Program Files\dotnet\sdk\10.0.101\Microsoft.Common.CurrentVersion.targets (3934,5)
       C:\Program Files\dotnet\sdk\10.0.101\Microsoft.Common.CurrentVersion.targets(3935,5): message : Property reassignment: $(_SGenGenerateSerializationAssembliesConfig)="Off" (previous value: "Auto") at C:\Program Files\dotnet\sdk\10.0.101\Microsoft.Common.CurrentVersion.targets (3935,5)
       C:\Program Files\dotnet\sdk\10.0.101\Microsoft.Common.CurrentVersion.targets(5146,5): message : Property reassignment: $(_TargetsThatPrepareProjectReferences)="
       C:\Program Files\dotnet\sdk\10.0.101\Microsoft.Common.CurrentVersion.targets(5146,5): message :       AssignProjectConfiguration;
       C:\Program Files\dotnet\sdk\10.0.101\Microsoft.Common.CurrentVersion.targets(5146,5): message :       _SplitProjectReferencesByFileExistence
       C:\Program Files\dotnet\sdk\10.0.101\Microsoft.Common.CurrentVersion.targets(5146,5): message :     " (previous value: "_SplitProjectReferencesByFileExistence") at C:\Program Files\dotnet\sdk\10.0.101\Microsoft.Common.CurrentVersion.targets (5146,5)
       C:\Program Files\dotnet\sdk\10.0.101\Microsoft.Common.CurrentVersion.targets(6959,5): message : Property 'MSBuildExtensionsPath32' with value 'C:\Program Files\dotnet\sdk\10.0.101' expanded from the environment.
       The "NuGetInteractive" property is a global property, and cannot be modified.
     2>Done Building Project "D:\P.L\Flutter\fresh_produce_app\FreshProduce.Application\FreshProduce.Application.csproj" (_GenerateRestoreProjectPathWalk target(s)).
     0>C:\Program Files\dotnet\sdk\10.0.101\Sdks\Microsoft.NET.Sdk\targets\Microsoft.PackageDependencyResolution.targets(24,5): message : Property reassignment: $(ProjectAssetsFile)="D:\P.L\Flutter\fresh_produce_app\FreshProduce.Infrastructure\obj\project.assets.json" (previous value: "D:\P.L\Flutter\fresh_produce_app\FreshProduce.Infrastructure\obj\/project.assets.json") at C:\Program Files\dotnet\sdk\10.0.101\Sdks\Microsoft.NET.Sdk\targets\Microsoft.PackageDependencyResolution.targets (24,5)
       C:\Program Files\dotnet\sdk\10.0.101\Sdks\Microsoft.NET.Sdk\targets\Microsoft.PackageDependencyResolution.targets(29,5): message : Property reassignment: $(ProjectAssetsCacheFile)="D:\P.L\Flutter\fresh_produce_app\FreshProduce.Infrastructure\obj\Debug\net9.0\FreshProduce.Infrastructure.assets.cache" (previous value: "obj\Debug\net9.0\FreshProduce.Infrastructure.assets.cache") at C:\Program Files\dotnet\sdk\10.0.101\Sdks\Microsoft.NET.Sdk\targets\Microsoft.PackageDependencyResolution.targets (29,5)
       C:\Program Files\dotnet\sdk\10.0.101\Sdks\Microsoft.NET.Sdk\targets\Microsoft.PackageDependencyResolution.targets(80,5): message : Property reassignment: $(ResolveAssemblyReferencesDependsOn)="
       C:\Program Files\dotnet\sdk\10.0.101\Sdks\Microsoft.NET.Sdk\targets\Microsoft.PackageDependencyResolution.targets(80,5): message :       
       C:\Program Files\dotnet\sdk\10.0.101\Sdks\Microsoft.NET.Sdk\targets\Microsoft.PackageDependencyResolution.targets(80,5): message :       ResolveProjectReferences;
       C:\Program Files\dotnet\sdk\10.0.101\Sdks\Microsoft.NET.Sdk\targets\Microsoft.PackageDependencyResolution.targets(80,5): message :       FindInvalidProjectReferences;
       C:\Program Files\dotnet\sdk\10.0.101\Sdks\Microsoft.NET.Sdk\targets\Microsoft.PackageDependencyResolution.targets(80,5): message :       GetFrameworkPaths;
       C:\Program Files\dotnet\sdk\10.0.101\Sdks\Microsoft.NET.Sdk\targets\Microsoft.PackageDependencyResolution.targets(80,5): message :       GetReferenceAssemblyPaths;
       C:\Program Files\dotnet\sdk\10.0.101\Sdks\Microsoft.NET.Sdk\targets\Microsoft.PackageDependencyResolution.targets(80,5): message :       PrepareForBuild;
       C:\Program Files\dotnet\sdk\10.0.101\Sdks\Microsoft.NET.Sdk\targets\Microsoft.PackageDependencyResolution.targets(80,5): message :       ResolveSDKReferences;
       C:\Program Files\dotnet\sdk\10.0.101\Sdks\Microsoft.NET.Sdk\targets\Microsoft.PackageDependencyResolution.targets(80,5): message :       ExpandSDKReferences;
       C:\Program Files\dotnet\sdk\10.0.101\Sdks\Microsoft.NET.Sdk\targets\Microsoft.PackageDependencyResolution.targets(80,5): message :     ;
       C:\Program Files\dotnet\sdk\10.0.101\Sdks\Microsoft.NET.Sdk\targets\Microsoft.PackageDependencyResolution.targets(80,5): message :       ResolvePackageDependenciesForBuild;
       C:\Program Files\dotnet\sdk\10.0.101\Sdks\Microsoft.NET.Sdk\targets\Microsoft.PackageDependencyResolution.targets(80,5): message :       _HandlePackageFileConflicts;
       C:\Program Files\dotnet\sdk\10.0.101\Sdks\Microsoft.NET.Sdk\targets\Microsoft.PackageDependencyResolution.targets(80,5): message :     " (previous value: "
       C:\Program Files\dotnet\sdk\10.0.101\Sdks\Microsoft.NET.Sdk\targets\Microsoft.PackageDependencyResolution.targets(80,5): message :       ResolveProjectReferences;
       C:\Program Files\dotnet\sdk\10.0.101\Sdks\Microsoft.NET.Sdk\targets\Microsoft.PackageDependencyResolution.targets(80,5): message :       FindInvalidProjectReferences;
       C:\Program Files\dotnet\sdk\10.0.101\Sdks\Microsoft.NET.Sdk\targets\Microsoft.PackageDependencyResolution.targets(80,5): message :       GetFrameworkPaths;
       C:\Program Files\dotnet\sdk\10.0.101\Sdks\Microsoft.NET.Sdk\targets\Microsoft.PackageDependencyResolution.targets(80,5): message :       GetReferenceAssemblyPaths;
       C:\Program Files\dotnet\sdk\10.0.101\Sdks\Microsoft.NET.Sdk\targets\Microsoft.PackageDependencyResolution.targets(80,5): message :       PrepareForBuild;
       C:\Program Files\dotnet\sdk\10.0.101\Sdks\Microsoft.NET.Sdk\targets\Microsoft.PackageDependencyResolution.targets(80,5): message :       ResolveSDKReferences;
       C:\Program Files\dotnet\sdk\10.0.101\Sdks\Microsoft.NET.Sdk\targets\Microsoft.PackageDependencyResolution.targets(80,5): message :       ExpandSDKReferences;
       C:\Program Files\dotnet\sdk\10.0.101\Sdks\Microsoft.NET.Sdk\targets\Microsoft.PackageDependencyResolution.targets(80,5): message :     ") at C:\Program Files\dotnet\sdk\10.0.101\Sdks\Microsoft.NET.Sdk\targets\Microsoft.PackageDependencyResolution.targets (80,5)
       C:\Program Files\dotnet\sdk\10.0.101\Sdks\Microsoft.NET.Sdk\targets\Microsoft.PackageDependencyResolution.targets(86,5): message : Property reassignment: $(PrepareResourcesDependsOn)="
       C:\Program Files\dotnet\sdk\10.0.101\Sdks\Microsoft.NET.Sdk\targets\Microsoft.PackageDependencyResolution.targets(86,5): message :       ResolvePackageDependenciesForBuild;
       C:\Program Files\dotnet\sdk\10.0.101\Sdks\Microsoft.NET.Sdk\targets\Microsoft.PackageDependencyResolution.targets(86,5): message :       _HandlePackageFileConflicts;
       C:\Program Files\dotnet\sdk\10.0.101\Sdks\Microsoft.NET.Sdk\targets\Microsoft.PackageDependencyResolution.targets(86,5): message :       
       C:\Program Files\dotnet\sdk\10.0.101\Sdks\Microsoft.NET.Sdk\targets\Microsoft.PackageDependencyResolution.targets(86,5): message :       ;
       C:\Program Files\dotnet\sdk\10.0.101\Sdks\Microsoft.NET.Sdk\targets\Microsoft.PackageDependencyResolution.targets(86,5): message :       PrepareResourceNames;
       C:\Program Files\dotnet\sdk\10.0.101\Sdks\Microsoft.NET.Sdk\targets\Microsoft.PackageDependencyResolution.targets(86,5): message :       ResGen;
       C:\Program Files\dotnet\sdk\10.0.101\Sdks\Microsoft.NET.Sdk\targets\Microsoft.PackageDependencyResolution.targets(86,5): message :       CompileLicxFiles
       C:\Program Files\dotnet\sdk\10.0.101\Sdks\Microsoft.NET.Sdk\targets\Microsoft.PackageDependencyResolution.targets(86,5): message :     
       C:\Program Files\dotnet\sdk\10.0.101\Sdks\Microsoft.NET.Sdk\targets\Microsoft.PackageDependencyResolution.targets(86,5): message :     " (previous value: "
       C:\Program Files\dotnet\sdk\10.0.101\Sdks\Microsoft.NET.Sdk\targets\Microsoft.PackageDependencyResolution.targets(86,5): message :       ;
       C:\Program Files\dotnet\sdk\10.0.101\Sdks\Microsoft.NET.Sdk\targets\Microsoft.PackageDependencyResolution.targets(86,5): message :       PrepareResourceNames;
       C:\Program Files\dotnet\sdk\10.0.101\Sdks\Microsoft.NET.Sdk\targets\Microsoft.PackageDependencyResolution.targets(86,5): message :       ResGen;
       C:\Program Files\dotnet\sdk\10.0.101\Sdks\Microsoft.NET.Sdk\targets\Microsoft.PackageDependencyResolution.targets(86,5): message :       CompileLicxFiles
       C:\Program Files\dotnet\sdk\10.0.101\Sdks\Microsoft.NET.Sdk\targets\Microsoft.PackageDependencyResolution.targets(86,5): message :     ") at C:\Program Files\dotnet\sdk\10.0.101\Sdks\Microsoft.NET.Sdk\targets\Microsoft.PackageDependencyResolution.targets (86,5)
       The "EnableDefaultCompileItems" property is a global property, and cannot be modified.
       The "EnableDefaultEmbeddedResourceItems" property is a global property, and cannot be modified.
       The "EnableDefaultNoneItems" property is a global property, and cannot be modified.
       C:\Program Files\dotnet\sdk\10.0.101\Sdks\Microsoft.NET.Sdk\targets\Microsoft.NET.Sdk.DefaultItems.targets(35,5): message : Property reassignment: $(DefaultItemExcludes)=";bin\Debug\/**;obj\Debug\/**;bin\/**" (previous value: ";bin\Debug\/**;obj\Debug\/**") at C:\Program Files\dotnet\sdk\10.0.101\Sdks\Microsoft.NET.Sdk\targets\Microsoft.NET.Sdk.DefaultItems.targets (35,5)
       C:\Program Files\dotnet\sdk\10.0.101\Sdks\Microsoft.NET.Sdk\targets\Microsoft.NET.Sdk.DefaultItems.targets(37,5): message : Property reassignment: $(DefaultItemExcludes)=";bin\Debug\/**;obj\Debug\/**;bin\/**;obj\/**" (previous value: ";bin\Debug\/**;obj\Debug\/**;bin\/**") at C:\Program Files\dotnet\sdk\10.0.101\Sdks\Microsoft.NET.Sdk\targets\Microsoft.NET.Sdk.DefaultItems.targets (37,5)
       C:\Program Files\dotnet\sdk\10.0.101\Sdks\Microsoft.NET.Sdk\targets\Microsoft.NET.Sdk.DefaultItems.targets(40,5): message : Property reassignment: $(DefaultItemExcludes)=";bin\Debug\/**;obj\Debug\/**;bin\/**;obj\/**;**/*.user" (previous value: ";bin\Debug\/**;obj\Debug\/**;bin\/**;obj\/**") at C:\Program Files\dotnet\sdk\10.0.101\Sdks\Microsoft.NET.Sdk\targets\Microsoft.NET.Sdk.DefaultItems.targets (40,5)
       C:\Program Files\dotnet\sdk\10.0.101\Sdks\Microsoft.NET.Sdk\targets\Microsoft.NET.Sdk.DefaultItems.targets(41,5): message : Property reassignment: $(DefaultItemExcludes)=";bin\Debug\/**;obj\Debug\/**;bin\/**;obj\/**;**/*.user;**/*.*proj" (previous value: ";bin\Debug\/**;obj\Debug\/**;bin\/**;obj\/**;**/*.user") at C:\Program Files\dotnet\sdk\10.0.101\Sdks\Microsoft.NET.Sdk\targets\Microsoft.NET.Sdk.DefaultItems.targets (41,5)
       C:\Program Files\dotnet\sdk\10.0.101\Sdks\Microsoft.NET.Sdk\targets\Microsoft.NET.Sdk.DefaultItems.targets(42,5): message : Property reassignment: $(DefaultItemExcludes)=";bin\Debug\/**;obj\Debug\/**;bin\/**;obj\/**;**/*.user;**/*.*proj;**/*.sln" (previous value: ";bin\Debug\/**;obj\Debug\/**;bin\/**;obj\/**;**/*.user;**/*.*proj") at C:\Program Files\dotnet\sdk\10.0.101\Sdks\Microsoft.NET.Sdk\targets\Microsoft.NET.Sdk.DefaultItems.targets (42,5)
       C:\Program Files\dotnet\sdk\10.0.101\Sdks\Microsoft.NET.Sdk\targets\Microsoft.NET.Sdk.DefaultItems.targets(43,5): message : Property reassignment: $(DefaultItemExcludes)=";bin\Debug\/**;obj\Debug\/**;bin\/**;obj\/**;**/*.user;**/*.*proj;**/*.sln;**/*.slnx" (previous value: ";bin\Debug\/**;obj\Debug\/**;bin\/**;obj\/**;**/*.user;**/*.*proj;**/*.sln") at C:\Program Files\dotnet\sdk\10.0.101\Sdks\Microsoft.NET.Sdk\targets\Microsoft.NET.Sdk.DefaultItems.targets (43,5)
       C:\Program Files\dotnet\sdk\10.0.101\Sdks\Microsoft.NET.Sdk\targets\Microsoft.NET.Sdk.DefaultItems.targets(44,5): message : Property reassignment: $(DefaultItemExcludes)=";bin\Debug\/**;obj\Debug\/**;bin\/**;obj\/**;**/*.user;**/*.*proj;**/*.sln;**/*.slnx;**/*.vssscc" (previous value: ";bin\Debug\/**;obj\Debug\/**;bin\/**;obj\/**;**/*.user;**/*.*proj;**/*.sln;**/*.slnx") at C:\Program Files\dotnet\sdk\10.0.101\Sdks\Microsoft.NET.Sdk\targets\Microsoft.NET.Sdk.DefaultItems.targets (44,5)
       C:\Program Files\dotnet\sdk\10.0.101\Sdks\Microsoft.NET.Sdk\targets\Microsoft.NET.Sdk.DefaultItems.targets(45,5): message : Property reassignment: $(DefaultItemExcludes)=";bin\Debug\/**;obj\Debug\/**;bin\/**;obj\/**;**/*.user;**/*.*proj;**/*.sln;**/*.slnx;**/*.vssscc;**/.DS_Store" (previous value: ";bin\Debug\/**;obj\Debug\/**;bin\/**;obj\/**;**/*.user;**/*.*proj;**/*.sln;**/*.slnx;**/*.vssscc") at C:\Program Files\dotnet\sdk\10.0.101\Sdks\Microsoft.NET.Sdk\targets\Microsoft.NET.Sdk.DefaultItems.targets (45,5)
       C:\Program Files\dotnet\sdk\10.0.101\Sdks\Microsoft.NET.Sdk\targets\Microsoft.NET.Sdk.FrameworkReferenceResolution.targets(14,5): message : Property reassignment: $(ResolveAssemblyReferencesDependsOn)="
       C:\Program Files\dotnet\sdk\10.0.101\Sdks\Microsoft.NET.Sdk\targets\Microsoft.NET.Sdk.FrameworkReferenceResolution.targets(14,5): message :       
       C:\Program Files\dotnet\sdk\10.0.101\Sdks\Microsoft.NET.Sdk\targets\Microsoft.NET.Sdk.FrameworkReferenceResolution.targets(14,5): message :       
       C:\Program Files\dotnet\sdk\10.0.101\Sdks\Microsoft.NET.Sdk\targets\Microsoft.NET.Sdk.FrameworkReferenceResolution.targets(14,5): message :       ResolveProjectReferences;
       C:\Program Files\dotnet\sdk\10.0.101\Sdks\Microsoft.NET.Sdk\targets\Microsoft.NET.Sdk.FrameworkReferenceResolution.targets(14,5): message :       FindInvalidProjectReferences;
       C:\Program Files\dotnet\sdk\10.0.101\Sdks\Microsoft.NET.Sdk\targets\Microsoft.NET.Sdk.FrameworkReferenceResolution.targets(14,5): message :       GetFrameworkPaths;
       C:\Program Files\dotnet\sdk\10.0.101\Sdks\Microsoft.NET.Sdk\targets\Microsoft.NET.Sdk.FrameworkReferenceResolution.targets(14,5): message :       GetReferenceAssemblyPaths;
       C:\Program Files\dotnet\sdk\10.0.101\Sdks\Microsoft.NET.Sdk\targets\Microsoft.NET.Sdk.FrameworkReferenceResolution.targets(14,5): message :       PrepareForBuild;
       C:\Program Files\dotnet\sdk\10.0.101\Sdks\Microsoft.NET.Sdk\targets\Microsoft.NET.Sdk.FrameworkReferenceResolution.targets(14,5): message :       ResolveSDKReferences;
       C:\Program Files\dotnet\sdk\10.0.101\Sdks\Microsoft.NET.Sdk\targets\Microsoft.NET.Sdk.FrameworkReferenceResolution.targets(14,5): message :       ExpandSDKReferences;
       C:\Program Files\dotnet\sdk\10.0.101\Sdks\Microsoft.NET.Sdk\targets\Microsoft.NET.Sdk.FrameworkReferenceResolution.targets(14,5): message :     ;
       C:\Program Files\dotnet\sdk\10.0.101\Sdks\Microsoft.NET.Sdk\targets\Microsoft.NET.Sdk.FrameworkReferenceResolution.targets(14,5): message :       ResolvePackageDependenciesForBuild;
       C:\Program Files\dotnet\sdk\10.0.101\Sdks\Microsoft.NET.Sdk\targets\Microsoft.NET.Sdk.FrameworkReferenceResolution.targets(14,5): message :       _HandlePackageFileConflicts;
       C:\Program Files\dotnet\sdk\10.0.101\Sdks\Microsoft.NET.Sdk\targets\Microsoft.NET.Sdk.FrameworkReferenceResolution.targets(14,5): message :     ;
       C:\Program Files\dotnet\sdk\10.0.101\Sdks\Microsoft.NET.Sdk\targets\Microsoft.NET.Sdk.FrameworkReferenceResolution.targets(14,5): message :       ResolveTargetingPackAssets;
       C:\Program Files\dotnet\sdk\10.0.101\Sdks\Microsoft.NET.Sdk\targets\Microsoft.NET.Sdk.FrameworkReferenceResolution.targets(14,5): message :     " (previous value: "
       C:\Program Files\dotnet\sdk\10.0.101\Sdks\Microsoft.NET.Sdk\targets\Microsoft.NET.Sdk.FrameworkReferenceResolution.targets(14,5): message :       
       C:\Program Files\dotnet\sdk\10.0.101\Sdks\Microsoft.NET.Sdk\targets\Microsoft.NET.Sdk.FrameworkReferenceResolution.targets(14,5): message :       ResolveProjectReferences;
       C:\Program Files\dotnet\sdk\10.0.101\Sdks\Microsoft.NET.Sdk\targets\Microsoft.NET.Sdk.FrameworkReferenceResolution.targets(14,5): message :       FindInvalidProjectReferences;
       C:\Program Files\dotnet\sdk\10.0.101\Sdks\Microsoft.NET.Sdk\targets\Microsoft.NET.Sdk.FrameworkReferenceResolution.targets(14,5): message :       GetFrameworkPaths;
       C:\Program Files\dotnet\sdk\10.0.101\Sdks\Microsoft.NET.Sdk\targets\Microsoft.NET.Sdk.FrameworkReferenceResolution.targets(14,5): message :       GetReferenceAssemblyPaths;
       C:\Program Files\dotnet\sdk\10.0.101\Sdks\Microsoft.NET.Sdk\targets\Microsoft.NET.Sdk.FrameworkReferenceResolution.targets(14,5): message :       PrepareForBuild;
       C:\Program Files\dotnet\sdk\10.0.101\Sdks\Microsoft.NET.Sdk\targets\Microsoft.NET.Sdk.FrameworkReferenceResolution.targets(14,5): message :       ResolveSDKReferences;
       C:\Program Files\dotnet\sdk\10.0.101\Sdks\Microsoft.NET.Sdk\targets\Microsoft.NET.Sdk.FrameworkReferenceResolution.targets(14,5): message :       ExpandSDKReferences;
       C:\Program Files\dotnet\sdk\10.0.101\Sdks\Microsoft.NET.Sdk\targets\Microsoft.NET.Sdk.FrameworkReferenceResolution.targets(14,5): message :     ;
       C:\Program Files\dotnet\sdk\10.0.101\Sdks\Microsoft.NET.Sdk\targets\Microsoft.NET.Sdk.FrameworkReferenceResolution.targets(14,5): message :       ResolvePackageDependenciesForBuild;
       C:\Program Files\dotnet\sdk\10.0.101\Sdks\Microsoft.NET.Sdk\targets\Microsoft.NET.Sdk.FrameworkReferenceResolution.targets(14,5): message :       _HandlePackageFileConflicts;
       C:\Program Files\dotnet\sdk\10.0.101\Sdks\Microsoft.NET.Sdk\targets\Microsoft.NET.Sdk.FrameworkReferenceResolution.targets(14,5): message :     ") at C:\Program Files\dotnet\sdk\10.0.101\Sdks\Microsoft.NET.Sdk\targets\Microsoft.NET.Sdk.FrameworkReferenceResolution.targets (14,5)
       C:\Program Files\dotnet\sdk\10.0.101\Sdks\Microsoft.NET.Sdk\targets\Microsoft.NET.Sdk.targets(44,5): message : Property reassignment: $(_GenerateRuntimeConfigurationPropertyInputsCache)="D:\P.L\Flutter\fresh_produce_app\FreshProduce.Infrastructure\obj\Debug\net9.0\FreshProduce.Infrastructure.genruntimeconfig.cache" (previous value: "obj\Debug\net9.0\FreshProduce.Infrastructure.genruntimeconfig.cache") at C:\Program Files\dotnet\sdk\10.0.101\Sdks\Microsoft.NET.Sdk\targets\Microsoft.NET.Sdk.targets (44,5)
       C:\Program Files\dotnet\sdk\10.0.101\Sdks\Microsoft.NET.Sdk\targets\Microsoft.NET.Sdk.targets(46,5): message : Property reassignment: $(_GeneratePublishDependencyFilePropertyInputsCache)="D:\P.L\Flutter\fresh_produce_app\FreshProduce.Infrastructure\obj\Debug\net9.0\FreshProduce.Infrastructure.genpublishdeps.cache" (previous value: "obj\Debug\net9.0\FreshProduce.Infrastructure.genpublishdeps.cache") at C:\Program Files\dotnet\sdk\10.0.101\Sdks\Microsoft.NET.Sdk\targets\Microsoft.NET.Sdk.targets (46,5)
       C:\Program Files\dotnet\sdk\10.0.101\Sdks\Microsoft.NET.Sdk\targets\Microsoft.NET.Sdk.targets(48,5): message : Property reassignment: $(_GenerateSingleFileBundlePropertyInputsCache)="D:\P.L\Flutter\fresh_produce_app\FreshProduce.Infrastructure\obj\Debug\net9.0\FreshProduce.Infrastructure.genbundle.cache" (previous value: "obj\Debug\net9.0\FreshProduce.Infrastructure.genbundle.cache") at C:\Program Files\dotnet\sdk\10.0.101\Sdks\Microsoft.NET.Sdk\targets\Microsoft.NET.Sdk.targets (48,5)
       C:\Program Files\dotnet\sdk\10.0.101\Sdks\Microsoft.NET.Sdk\targets\Microsoft.NET.Sdk.targets(81,5): message : Property reassignment: $(GenerateRuntimeConfigDevFile)="false" (previous value: "true") at C:\Program Files\dotnet\sdk\10.0.101\Sdks\Microsoft.NET.Sdk\targets\Microsoft.NET.Sdk.targets (81,5)
       C:\Program Files\dotnet\sdk\10.0.101\Sdks\Microsoft.NET.Sdk\targets\Microsoft.NET.Sdk.targets(98,5): message : Property 'USERPROFILE' with value 'C:\Users\Dell' expanded from the environment.
       C:\Program Files\dotnet\sdk\10.0.101\Sdks\Microsoft.NET.Sdk\targets\Microsoft.NET.Sdk.targets(98,5): message : Property reassignment: $(_DefaultUserProfileRuntimeStorePath)="C:\Users\Dell" (previous value: "") at C:\Program Files\dotnet\sdk\10.0.101\Sdks\Microsoft.NET.Sdk\targets\Microsoft.NET.Sdk.targets (98,5)
       C:\Program Files\dotnet\sdk\10.0.101\Sdks\Microsoft.NET.Sdk\targets\Microsoft.NET.Sdk.targets(99,5): message : Property reassignment: $(_DefaultUserProfileRuntimeStorePath)="C:\Users\Dell\.dotnet\store" (previous value: "C:\Users\Dell") at C:\Program Files\dotnet\sdk\10.0.101\Sdks\Microsoft.NET.Sdk\targets\Microsoft.NET.Sdk.targets (99,5)
       C:\Program Files\dotnet\sdk\10.0.101\Sdks\Microsoft.NET.Sdk\targets\Microsoft.NET.Sdk.targets(144,5): message : Property reassignment: $(AvailablePlatforms)="Any CPU,x86,x64,ARM32" (previous value: "Any CPU,x86,x64") at C:\Program Files\dotnet\sdk\10.0.101\Sdks\Microsoft.NET.Sdk\targets\Microsoft.NET.Sdk.targets (144,5)
       C:\Program Files\dotnet\sdk\10.0.101\Sdks\Microsoft.NET.Sdk\targets\Microsoft.NET.Sdk.targets(148,5): message : Property reassignment: $(AvailablePlatforms)="Any CPU,x86,x64,ARM32,ARM64" (previous value: "Any CPU,x86,x64,ARM32") at C:\Program Files\dotnet\sdk\10.0.101\Sdks\Microsoft.NET.Sdk\targets\Microsoft.NET.Sdk.targets (148,5)
       C:\Program Files\dotnet\sdk\10.0.101\Sdks\Microsoft.NET.Sdk\targets\Microsoft.NET.Sdk.targets(204,5): message : Property reassignment: $(CoreBuildDependsOn)="
       C:\Program Files\dotnet\sdk\10.0.101\Sdks\Microsoft.NET.Sdk\targets\Microsoft.NET.Sdk.targets(204,5): message :       _CheckForBuildWithNoBuild;
       C:\Program Files\dotnet\sdk\10.0.101\Sdks\Microsoft.NET.Sdk\targets\Microsoft.NET.Sdk.targets(204,5): message :       
       C:\Program Files\dotnet\sdk\10.0.101\Sdks\Microsoft.NET.Sdk\targets\Microsoft.NET.Sdk.targets(204,5): message :       BuildOnlySettings;
       C:\Program Files\dotnet\sdk\10.0.101\Sdks\Microsoft.NET.Sdk\targets\Microsoft.NET.Sdk.targets(204,5): message :       PrepareForBuild;
       C:\Program Files\dotnet\sdk\10.0.101\Sdks\Microsoft.NET.Sdk\targets\Microsoft.NET.Sdk.targets(204,5): message :       PreBuildEvent;
       C:\Program Files\dotnet\sdk\10.0.101\Sdks\Microsoft.NET.Sdk\targets\Microsoft.NET.Sdk.targets(204,5): message :       ResolveReferences;
       C:\Program Files\dotnet\sdk\10.0.101\Sdks\Microsoft.NET.Sdk\targets\Microsoft.NET.Sdk.targets(204,5): message :       PrepareResources;
       C:\Program Files\dotnet\sdk\10.0.101\Sdks\Microsoft.NET.Sdk\targets\Microsoft.NET.Sdk.targets(204,5): message :       ResolveKeySource;
       C:\Program Files\dotnet\sdk\10.0.101\Sdks\Microsoft.NET.Sdk\targets\Microsoft.NET.Sdk.targets(204,5): message :       Compile;
       C:\Program Files\dotnet\sdk\10.0.101\Sdks\Microsoft.NET.Sdk\targets\Microsoft.NET.Sdk.targets(204,5): message :       ExportWindowsMDFile;
       C:\Program Files\dotnet\sdk\10.0.101\Sdks\Microsoft.NET.Sdk\targets\Microsoft.NET.Sdk.targets(204,5): message :       UnmanagedUnregistration;
       C:\Program Files\dotnet\sdk\10.0.101\Sdks\Microsoft.NET.Sdk\targets\Microsoft.NET.Sdk.targets(204,5): message :       GenerateSerializationAssemblies;
       C:\Program Files\dotnet\sdk\10.0.101\Sdks\Microsoft.NET.Sdk\targets\Microsoft.NET.Sdk.targets(204,5): message :       CreateSatelliteAssemblies;
       C:\Program Files\dotnet\sdk\10.0.101\Sdks\Microsoft.NET.Sdk\targets\Microsoft.NET.Sdk.targets(204,5): message :       GenerateManifests;
       C:\Program Files\dotnet\sdk\10.0.101\Sdks\Microsoft.NET.Sdk\targets\Microsoft.NET.Sdk.targets(204,5): message :       GetTargetPath;
       C:\Program Files\dotnet\sdk\10.0.101\Sdks\Microsoft.NET.Sdk\targets\Microsoft.NET.Sdk.targets(204,5): message :       PrepareForRun;
       C:\Program Files\dotnet\sdk\10.0.101\Sdks\Microsoft.NET.Sdk\targets\Microsoft.NET.Sdk.targets(204,5): message :       UnmanagedRegistration;
       C:\Program Files\dotnet\sdk\10.0.101\Sdks\Microsoft.NET.Sdk\targets\Microsoft.NET.Sdk.targets(204,5): message :       IncrementalClean;
       C:\Program Files\dotnet\sdk\10.0.101\Sdks\Microsoft.NET.Sdk\targets\Microsoft.NET.Sdk.targets(204,5): message :       PostBuildEvent
       C:\Program Files\dotnet\sdk\10.0.101\Sdks\Microsoft.NET.Sdk\targets\Microsoft.NET.Sdk.targets(204,5): message :     ;
       C:\Program Files\dotnet\sdk\10.0.101\Sdks\Microsoft.NET.Sdk\targets\Microsoft.NET.Sdk.targets(204,5): message :       GenerateBuildDependencyFile;
       C:\Program Files\dotnet\sdk\10.0.101\Sdks\Microsoft.NET.Sdk\targets\Microsoft.NET.Sdk.targets(204,5): message :       GenerateBuildRuntimeConfigurationFiles
       C:\Program Files\dotnet\sdk\10.0.101\Sdks\Microsoft.NET.Sdk\targets\Microsoft.NET.Sdk.targets(204,5): message :     " (previous value: "
       C:\Program Files\dotnet\sdk\10.0.101\Sdks\Microsoft.NET.Sdk\targets\Microsoft.NET.Sdk.targets(204,5): message :       BuildOnlySettings;
       C:\Program Files\dotnet\sdk\10.0.101\Sdks\Microsoft.NET.Sdk\targets\Microsoft.NET.Sdk.targets(204,5): message :       PrepareForBuild;
       C:\Program Files\dotnet\sdk\10.0.101\Sdks\Microsoft.NET.Sdk\targets\Microsoft.NET.Sdk.targets(204,5): message :       PreBuildEvent;
       C:\Program Files\dotnet\sdk\10.0.101\Sdks\Microsoft.NET.Sdk\targets\Microsoft.NET.Sdk.targets(204,5): message :       ResolveReferences;
       C:\Program Files\dotnet\sdk\10.0.101\Sdks\Microsoft.NET.Sdk\targets\Microsoft.NET.Sdk.targets(204,5): message :       PrepareResources;
       C:\Program Files\dotnet\sdk\10.0.101\Sdks\Microsoft.NET.Sdk\targets\Microsoft.NET.Sdk.targets(204,5): message :       ResolveKeySource;
       C:\Program Files\dotnet\sdk\10.0.101\Sdks\Microsoft.NET.Sdk\targets\Microsoft.NET.Sdk.targets(204,5): message :       Compile;
       C:\Program Files\dotnet\sdk\10.0.101\Sdks\Microsoft.NET.Sdk\targets\Microsoft.NET.Sdk.targets(204,5): message :       ExportWindowsMDFile;
       C:\Program Files\dotnet\sdk\10.0.101\Sdks\Microsoft.NET.Sdk\targets\Microsoft.NET.Sdk.targets(204,5): message :       UnmanagedUnregistration;
       C:\Program Files\dotnet\sdk\10.0.101\Sdks\Microsoft.NET.Sdk\targets\Microsoft.NET.Sdk.targets(204,5): message :       GenerateSerializationAssemblies;
       C:\Program Files\dotnet\sdk\10.0.101\Sdks\Microsoft.NET.Sdk\targets\Microsoft.NET.Sdk.targets(204,5): message :       CreateSatelliteAssemblies;
       C:\Program Files\dotnet\sdk\10.0.101\Sdks\Microsoft.NET.Sdk\targets\Microsoft.NET.Sdk.targets(204,5): message :       GenerateManifests;
       C:\Program Files\dotnet\sdk\10.0.101\Sdks\Microsoft.NET.Sdk\targets\Microsoft.NET.Sdk.targets(204,5): message :       GetTargetPath;
       C:\Program Files\dotnet\sdk\10.0.101\Sdks\Microsoft.NET.Sdk\targets\Microsoft.NET.Sdk.targets(204,5): message :       PrepareForRun;
       C:\Program Files\dotnet\sdk\10.0.101\Sdks\Microsoft.NET.Sdk\targets\Microsoft.NET.Sdk.targets(204,5): message :       UnmanagedRegistration;
       C:\Program Files\dotnet\sdk\10.0.101\Sdks\Microsoft.NET.Sdk\targets\Microsoft.NET.Sdk.targets(204,5): message :       IncrementalClean;
       C:\Program Files\dotnet\sdk\10.0.101\Sdks\Microsoft.NET.Sdk\targets\Microsoft.NET.Sdk.targets(204,5): message :       PostBuildEvent
       C:\Program Files\dotnet\sdk\10.0.101\Sdks\Microsoft.NET.Sdk\targets\Microsoft.NET.Sdk.targets(204,5): message :     ") at C:\Program Files\dotnet\sdk\10.0.101\Sdks\Microsoft.NET.Sdk\targets\Microsoft.NET.Sdk.targets (204,5)
       C:\Program Files\dotnet\sdk\10.0.101\Sdks\Microsoft.NET.Sdk\targets\Microsoft.NET.Sdk.targets(213,5): message : Property reassignment: $(CoreCleanDependsOn)="
       C:\Program Files\dotnet\sdk\10.0.101\Sdks\Microsoft.NET.Sdk\targets\Microsoft.NET.Sdk.targets(213,5): message :       _SdkBeforeClean;
       C:\Program Files\dotnet\sdk\10.0.101\Sdks\Microsoft.NET.Sdk\targets\Microsoft.NET.Sdk.targets(213,5): message :       
       C:\Program Files\dotnet\sdk\10.0.101\Sdks\Microsoft.NET.Sdk\targets\Microsoft.NET.Sdk.targets(213,5): message :     " (previous value: "") at C:\Program Files\dotnet\sdk\10.0.101\Sdks\Microsoft.NET.Sdk\targets\Microsoft.NET.Sdk.targets (213,5)
       C:\Program Files\dotnet\sdk\10.0.101\Sdks\Microsoft.NET.Sdk\targets\Microsoft.NET.Sdk.targets(220,5): message : Property reassignment: $(RebuildDependsOn)="
       C:\Program Files\dotnet\sdk\10.0.101\Sdks\Microsoft.NET.Sdk\targets\Microsoft.NET.Sdk.targets(220,5): message :       _SdkBeforeRebuild;
       C:\Program Files\dotnet\sdk\10.0.101\Sdks\Microsoft.NET.Sdk\targets\Microsoft.NET.Sdk.targets(220,5): message :       
       C:\Program Files\dotnet\sdk\10.0.101\Sdks\Microsoft.NET.Sdk\targets\Microsoft.NET.Sdk.targets(220,5): message :       BeforeRebuild;
       C:\Program Files\dotnet\sdk\10.0.101\Sdks\Microsoft.NET.Sdk\targets\Microsoft.NET.Sdk.targets(220,5): message :       Clean;
       C:\Program Files\dotnet\sdk\10.0.101\Sdks\Microsoft.NET.Sdk\targets\Microsoft.NET.Sdk.targets(220,5): message :       Build;
       C:\Program Files\dotnet\sdk\10.0.101\Sdks\Microsoft.NET.Sdk\targets\Microsoft.NET.Sdk.targets(220,5): message :       AfterRebuild;
       C:\Program Files\dotnet\sdk\10.0.101\Sdks\Microsoft.NET.Sdk\targets\Microsoft.NET.Sdk.targets(220,5): message :     
       C:\Program Files\dotnet\sdk\10.0.101\Sdks\Microsoft.NET.Sdk\targets\Microsoft.NET.Sdk.targets(220,5): message :     " (previous value: "
       C:\Program Files\dotnet\sdk\10.0.101\Sdks\Microsoft.NET.Sdk\targets\Microsoft.NET.Sdk.targets(220,5): message :       BeforeRebuild;
       C:\Program Files\dotnet\sdk\10.0.101\Sdks\Microsoft.NET.Sdk\targets\Microsoft.NET.Sdk.targets(220,5): message :       Clean;
       C:\Program Files\dotnet\sdk\10.0.101\Sdks\Microsoft.NET.Sdk\targets\Microsoft.NET.Sdk.targets(220,5): message :       Build;
       C:\Program Files\dotnet\sdk\10.0.101\Sdks\Microsoft.NET.Sdk\targets\Microsoft.NET.Sdk.targets(220,5): message :       AfterRebuild;
       C:\Program Files\dotnet\sdk\10.0.101\Sdks\Microsoft.NET.Sdk\targets\Microsoft.NET.Sdk.targets(220,5): message :     ") at C:\Program Files\dotnet\sdk\10.0.101\Sdks\Microsoft.NET.Sdk\targets\Microsoft.NET.Sdk.targets (220,5)
       C:\Program Files\dotnet\sdk\10.0.101\Sdks\Microsoft.NET.Sdk\targets\Microsoft.NET.Sdk.targets(799,5): message : Property reassignment: $(CompileDependsOn)="
       C:\Program Files\dotnet\sdk\10.0.101\Sdks\Microsoft.NET.Sdk\targets\Microsoft.NET.Sdk.targets(799,5): message :       
       C:\Program Files\dotnet\sdk\10.0.101\Sdks\Microsoft.NET.Sdk\targets\Microsoft.NET.Sdk.targets(799,5): message :       ResolveReferences;
       C:\Program Files\dotnet\sdk\10.0.101\Sdks\Microsoft.NET.Sdk\targets\Microsoft.NET.Sdk.targets(799,5): message :       ResolveKeySource;
       C:\Program Files\dotnet\sdk\10.0.101\Sdks\Microsoft.NET.Sdk\targets\Microsoft.NET.Sdk.targets(799,5): message :       SetWin32ManifestProperties;
       C:\Program Files\dotnet\sdk\10.0.101\Sdks\Microsoft.NET.Sdk\targets\Microsoft.NET.Sdk.targets(799,5): message :       _SetPreferNativeArm64Win32ManifestProperties;
       C:\Program Files\dotnet\sdk\10.0.101\Sdks\Microsoft.NET.Sdk\targets\Microsoft.NET.Sdk.targets(799,5): message :       FindReferenceAssembliesForReferences;
       C:\Program Files\dotnet\sdk\10.0.101\Sdks\Microsoft.NET.Sdk\targets\Microsoft.NET.Sdk.targets(799,5): message :       _GenerateCompileInputs;
       C:\Program Files\dotnet\sdk\10.0.101\Sdks\Microsoft.NET.Sdk\targets\Microsoft.NET.Sdk.targets(799,5): message :       BeforeCompile;
       C:\Program Files\dotnet\sdk\10.0.101\Sdks\Microsoft.NET.Sdk\targets\Microsoft.NET.Sdk.targets(799,5): message :       _TimeStampBeforeCompile;
       C:\Program Files\dotnet\sdk\10.0.101\Sdks\Microsoft.NET.Sdk\targets\Microsoft.NET.Sdk.targets(799,5): message :       _GenerateCompileDependencyCache;
       C:\Program Files\dotnet\sdk\10.0.101\Sdks\Microsoft.NET.Sdk\targets\Microsoft.NET.Sdk.targets(799,5): message :       CoreCompile;
       C:\Program Files\dotnet\sdk\10.0.101\Sdks\Microsoft.NET.Sdk\targets\Microsoft.NET.Sdk.targets(799,5): message :       _TimeStampAfterCompile;
       C:\Program Files\dotnet\sdk\10.0.101\Sdks\Microsoft.NET.Sdk\targets\Microsoft.NET.Sdk.targets(799,5): message :       AfterCompile;
       C:\Program Files\dotnet\sdk\10.0.101\Sdks\Microsoft.NET.Sdk\targets\Microsoft.NET.Sdk.targets(799,5): message :     ;
       C:\Program Files\dotnet\sdk\10.0.101\Sdks\Microsoft.NET.Sdk\targets\Microsoft.NET.Sdk.targets(799,5): message :       _CreateAppHost;
       C:\Program Files\dotnet\sdk\10.0.101\Sdks\Microsoft.NET.Sdk\targets\Microsoft.NET.Sdk.targets(799,5): message :       _CreateComHost;
       C:\Program Files\dotnet\sdk\10.0.101\Sdks\Microsoft.NET.Sdk\targets\Microsoft.NET.Sdk.targets(799,5): message :       _GetIjwHostPaths;
       C:\Program Files\dotnet\sdk\10.0.101\Sdks\Microsoft.NET.Sdk\targets\Microsoft.NET.Sdk.targets(799,5): message :     " (previous value: "
       C:\Program Files\dotnet\sdk\10.0.101\Sdks\Microsoft.NET.Sdk\targets\Microsoft.NET.Sdk.targets(799,5): message :       ResolveReferences;
       C:\Program Files\dotnet\sdk\10.0.101\Sdks\Microsoft.NET.Sdk\targets\Microsoft.NET.Sdk.targets(799,5): message :       ResolveKeySource;
       C:\Program Files\dotnet\sdk\10.0.101\Sdks\Microsoft.NET.Sdk\targets\Microsoft.NET.Sdk.targets(799,5): message :       SetWin32ManifestProperties;
       C:\Program Files\dotnet\sdk\10.0.101\Sdks\Microsoft.NET.Sdk\targets\Microsoft.NET.Sdk.targets(799,5): message :       _SetPreferNativeArm64Win32ManifestProperties;
       C:\Program Files\dotnet\sdk\10.0.101\Sdks\Microsoft.NET.Sdk\targets\Microsoft.NET.Sdk.targets(799,5): message :       FindReferenceAssembliesForReferences;
       C:\Program Files\dotnet\sdk\10.0.101\Sdks\Microsoft.NET.Sdk\targets\Microsoft.NET.Sdk.targets(799,5): message :       _GenerateCompileInputs;
       C:\Program Files\dotnet\sdk\10.0.101\Sdks\Microsoft.NET.Sdk\targets\Microsoft.NET.Sdk.targets(799,5): message :       BeforeCompile;
       C:\Program Files\dotnet\sdk\10.0.101\Sdks\Microsoft.NET.Sdk\targets\Microsoft.NET.Sdk.targets(799,5): message :       _TimeStampBeforeCompile;
       C:\Program Files\dotnet\sdk\10.0.101\Sdks\Microsoft.NET.Sdk\targets\Microsoft.NET.Sdk.targets(799,5): message :       _GenerateCompileDependencyCache;
       C:\Program Files\dotnet\sdk\10.0.101\Sdks\Microsoft.NET.Sdk\targets\Microsoft.NET.Sdk.targets(799,5): message :       CoreCompile;
       C:\Program Files\dotnet\sdk\10.0.101\Sdks\Microsoft.NET.Sdk\targets\Microsoft.NET.Sdk.targets(799,5): message :       _TimeStampAfterCompile;
       C:\Program Files\dotnet\sdk\10.0.101\Sdks\Microsoft.NET.Sdk\targets\Microsoft.NET.Sdk.targets(799,5): message :       AfterCompile;
       C:\Program Files\dotnet\sdk\10.0.101\Sdks\Microsoft.NET.Sdk\targets\Microsoft.NET.Sdk.targets(799,5): message :     ") at C:\Program Files\dotnet\sdk\10.0.101\Sdks\Microsoft.NET.Sdk\targets\Microsoft.NET.Sdk.targets (799,5)
       C:\Program Files\dotnet\sdk\10.0.101\Sdks\Microsoft.NET.Sdk\targets\Microsoft.NET.Sdk.targets(1131,5): message : Property reassignment: $(CreateSatelliteAssembliesDependsOn)="
       C:\Program Files\dotnet\sdk\10.0.101\Sdks\Microsoft.NET.Sdk\targets\Microsoft.NET.Sdk.targets(1131,5): message :       
       C:\Program Files\dotnet\sdk\10.0.101\Sdks\Microsoft.NET.Sdk\targets\Microsoft.NET.Sdk.targets(1131,5): message :       ;
       C:\Program Files\dotnet\sdk\10.0.101\Sdks\Microsoft.NET.Sdk\targets\Microsoft.NET.Sdk.targets(1131,5): message :       _GenerateSatelliteAssemblyInputs;
       C:\Program Files\dotnet\sdk\10.0.101\Sdks\Microsoft.NET.Sdk\targets\Microsoft.NET.Sdk.targets(1131,5): message :       ComputeIntermediateSatelliteAssemblies;
       C:\Program Files\dotnet\sdk\10.0.101\Sdks\Microsoft.NET.Sdk\targets\Microsoft.NET.Sdk.targets(1131,5): message :       GenerateSatelliteAssemblies
       C:\Program Files\dotnet\sdk\10.0.101\Sdks\Microsoft.NET.Sdk\targets\Microsoft.NET.Sdk.targets(1131,5): message :     ;
       C:\Program Files\dotnet\sdk\10.0.101\Sdks\Microsoft.NET.Sdk\targets\Microsoft.NET.Sdk.targets(1131,5): message :       CoreGenerateSatelliteAssemblies
       C:\Program Files\dotnet\sdk\10.0.101\Sdks\Microsoft.NET.Sdk\targets\Microsoft.NET.Sdk.targets(1131,5): message :     " (previous value: "
       C:\Program Files\dotnet\sdk\10.0.101\Sdks\Microsoft.NET.Sdk\targets\Microsoft.NET.Sdk.targets(1131,5): message :       ;
       C:\Program Files\dotnet\sdk\10.0.101\Sdks\Microsoft.NET.Sdk\targets\Microsoft.NET.Sdk.targets(1131,5): message :       _GenerateSatelliteAssemblyInputs;
       C:\Program Files\dotnet\sdk\10.0.101\Sdks\Microsoft.NET.Sdk\targets\Microsoft.NET.Sdk.targets(1131,5): message :       ComputeIntermediateSatelliteAssemblies;
       C:\Program Files\dotnet\sdk\10.0.101\Sdks\Microsoft.NET.Sdk\targets\Microsoft.NET.Sdk.targets(1131,5): message :       GenerateSatelliteAssemblies
       C:\Program Files\dotnet\sdk\10.0.101\Sdks\Microsoft.NET.Sdk\targets\Microsoft.NET.Sdk.targets(1131,5): message :     ") at C:\Program Files\dotnet\sdk\10.0.101\Sdks\Microsoft.NET.Sdk\targets\Microsoft.NET.Sdk.targets (1131,5)
       C:\Program Files\dotnet\sdk\10.0.101\Sdks\Microsoft.SourceLink.GitLab\build\Microsoft.SourceLink.GitLab.targets(12,5): message : Property reassignment: $(SourceLinkUrlInitializerTargets)=";_InitializeGitHubSourceLinkUrl;_InitializeGitLabSourceLinkUrl" (previous value: ";_InitializeGitHubSourceLinkUrl") at C:\Program Files\dotnet\sdk\10.0.101\Sdks\Microsoft.SourceLink.GitLab\build\Microsoft.SourceLink.GitLab.targets (12,5)
       C:\Program Files\dotnet\sdk\10.0.101\Sdks\Microsoft.SourceLink.GitLab\build\Microsoft.SourceLink.GitLab.targets(13,5): message : Property reassignment: $(SourceControlManagerUrlTranslationTargets)=";TranslateGitHubUrlsInSourceControlInformation;TranslateGitLabUrlsInSourceControlInformation" (previous value: ";TranslateGitHubUrlsInSourceControlInformation") at C:\Program Files\dotnet\sdk\10.0.101\Sdks\Microsoft.SourceLink.GitLab\build\Microsoft.SourceLink.GitLab.targets (13,5)
       C:\Program Files\dotnet\sdk\10.0.101\Sdks\Microsoft.SourceLink.AzureRepos.Git\build\Microsoft.SourceLink.AzureRepos.Git.targets(12,5): message : Property reassignment: $(SourceLinkUrlInitializerTargets)=";_InitializeGitHubSourceLinkUrl;_InitializeGitLabSourceLinkUrl;_InitializeAzureReposGitSourceLinkUrl" (previous value: ";_InitializeGitHubSourceLinkUrl;_InitializeGitLabSourceLinkUrl") at C:\Program Files\dotnet\sdk\10.0.101\Sdks\Microsoft.SourceLink.AzureRepos.Git\build\Microsoft.SourceLink.AzureRepos.Git.targets (12,5)
       C:\Program Files\dotnet\sdk\10.0.101\Sdks\Microsoft.SourceLink.AzureRepos.Git\build\Microsoft.SourceLink.AzureRepos.Git.targets(13,5): message : Property reassignment: $(SourceControlManagerUrlTranslationTargets)=";TranslateGitHubUrlsInSourceControlInformation;TranslateGitLabUrlsInSourceControlInformation;TranslateAzureReposGitUrlsInSourceControlInformation" (previous value: ";TranslateGitHubUrlsInSourceControlInformation;TranslateGitLabUrlsInSourceControlInformation") at C:\Program Files\dotnet\sdk\10.0.101\Sdks\Microsoft.SourceLink.AzureRepos.Git\build\Microsoft.SourceLink.AzureRepos.Git.targets (13,5)
       C:\Program Files\dotnet\sdk\10.0.101\Sdks\Microsoft.SourceLink.Bitbucket.Git\build\Microsoft.SourceLink.Bitbucket.Git.targets(12,5): message : Property reassignment: $(SourceLinkUrlInitializerTargets)=";_InitializeGitHubSourceLinkUrl;_InitializeGitLabSourceLinkUrl;_InitializeAzureReposGitSourceLinkUrl;_InitializeBitbucketGitSourceLinkUrl" (previous value: ";_InitializeGitHubSourceLinkUrl;_InitializeGitLabSourceLinkUrl;_InitializeAzureReposGitSourceLinkUrl") at C:\Program Files\dotnet\sdk\10.0.101\Sdks\Microsoft.SourceLink.Bitbucket.Git\build\Microsoft.SourceLink.Bitbucket.Git.targets (12,5)
       C:\Program Files\dotnet\sdk\10.0.101\Sdks\Microsoft.SourceLink.Bitbucket.Git\build\Microsoft.SourceLink.Bitbucket.Git.targets(13,5): message : Property reassignment: $(SourceControlManagerUrlTranslationTargets)=";TranslateGitHubUrlsInSourceControlInformation;TranslateGitLabUrlsInSourceControlInformation;TranslateAzureReposGitUrlsInSourceControlInformation;TranslateBitbucketGitUrlsInSourceControlInformation" (previous value: ";TranslateGitHubUrlsInSourceControlInformation;TranslateGitLabUrlsInSourceControlInformation;TranslateAzureReposGitUrlsInSourceControlInformation") at C:\Program Files\dotnet\sdk\10.0.101\Sdks\Microsoft.SourceLink.Bitbucket.Git\build\Microsoft.SourceLink.Bitbucket.Git.targets (13,5)
       C:\Program Files\dotnet\sdk\10.0.101\Sdks\Microsoft.NET.Sdk\targets\Microsoft.NET.DesignerSupport.targets(21,5): message : Property reassignment: $(DesignerRuntimeImplementationProjectOutputGroupDependsOn)="
       C:\Program Files\dotnet\sdk\10.0.101\Sdks\Microsoft.NET.Sdk\targets\Microsoft.NET.DesignerSupport.targets(21,5): message :       
       C:\Program Files\dotnet\sdk\10.0.101\Sdks\Microsoft.NET.Sdk\targets\Microsoft.NET.DesignerSupport.targets(21,5): message :       ;
       C:\Program Files\dotnet\sdk\10.0.101\Sdks\Microsoft.NET.Sdk\targets\Microsoft.NET.DesignerSupport.targets(21,5): message :       
       C:\Program Files\dotnet\sdk\10.0.101\Sdks\Microsoft.NET.Sdk\targets\Microsoft.NET.DesignerSupport.targets(21,5): message :       ;
       C:\Program Files\dotnet\sdk\10.0.101\Sdks\Microsoft.NET.Sdk\targets\Microsoft.NET.DesignerSupport.targets(21,5): message :       BuildOnlySettings;
       C:\Program Files\dotnet\sdk\10.0.101\Sdks\Microsoft.NET.Sdk\targets\Microsoft.NET.DesignerSupport.targets(21,5): message :       PrepareForBuild;
       C:\Program Files\dotnet\sdk\10.0.101\Sdks\Microsoft.NET.Sdk\targets\Microsoft.NET.DesignerSupport.targets(21,5): message :       AssignTargetPaths;
       C:\Program Files\dotnet\sdk\10.0.101\Sdks\Microsoft.NET.Sdk\targets\Microsoft.NET.DesignerSupport.targets(21,5): message :       ResolveReferences
       C:\Program Files\dotnet\sdk\10.0.101\Sdks\Microsoft.NET.Sdk\targets\Microsoft.NET.DesignerSupport.targets(21,5): message :     
       C:\Program Files\dotnet\sdk\10.0.101\Sdks\Microsoft.NET.Sdk\targets\Microsoft.NET.DesignerSupport.targets(21,5): message :     ;
       C:\Program Files\dotnet\sdk\10.0.101\Sdks\Microsoft.NET.Sdk\targets\Microsoft.NET.DesignerSupport.targets(21,5): message :       _GenerateDesignerDepsFile;
       C:\Program Files\dotnet\sdk\10.0.101\Sdks\Microsoft.NET.Sdk\targets\Microsoft.NET.DesignerSupport.targets(21,5): message :       _GenerateDesignerRuntimeConfigFile;
       C:\Program Files\dotnet\sdk\10.0.101\Sdks\Microsoft.NET.Sdk\targets\Microsoft.NET.DesignerSupport.targets(21,5): message :       GetCopyToOutputDirectoryItems;
       C:\Program Files\dotnet\sdk\10.0.101\Sdks\Microsoft.NET.Sdk\targets\Microsoft.NET.DesignerSupport.targets(21,5): message :       _GatherDesignerShadowCopyFiles;
       C:\Program Files\dotnet\sdk\10.0.101\Sdks\Microsoft.NET.Sdk\targets\Microsoft.NET.DesignerSupport.targets(21,5): message :     " (previous value: "
       C:\Program Files\dotnet\sdk\10.0.101\Sdks\Microsoft.NET.Sdk\targets\Microsoft.NET.DesignerSupport.targets(21,5): message :       ;
       C:\Program Files\dotnet\sdk\10.0.101\Sdks\Microsoft.NET.Sdk\targets\Microsoft.NET.DesignerSupport.targets(21,5): message :       
       C:\Program Files\dotnet\sdk\10.0.101\Sdks\Microsoft.NET.Sdk\targets\Microsoft.NET.DesignerSupport.targets(21,5): message :       ;
       C:\Program Files\dotnet\sdk\10.0.101\Sdks\Microsoft.NET.Sdk\targets\Microsoft.NET.DesignerSupport.targets(21,5): message :       BuildOnlySettings;
       C:\Program Files\dotnet\sdk\10.0.101\Sdks\Microsoft.NET.Sdk\targets\Microsoft.NET.DesignerSupport.targets(21,5): message :       PrepareForBuild;
       C:\Program Files\dotnet\sdk\10.0.101\Sdks\Microsoft.NET.Sdk\targets\Microsoft.NET.DesignerSupport.targets(21,5): message :       AssignTargetPaths;
       C:\Program Files\dotnet\sdk\10.0.101\Sdks\Microsoft.NET.Sdk\targets\Microsoft.NET.DesignerSupport.targets(21,5): message :       ResolveReferences
       C:\Program Files\dotnet\sdk\10.0.101\Sdks\Microsoft.NET.Sdk\targets\Microsoft.NET.DesignerSupport.targets(21,5): message :     
       C:\Program Files\dotnet\sdk\10.0.101\Sdks\Microsoft.NET.Sdk\targets\Microsoft.NET.DesignerSupport.targets(21,5): message :     ") at C:\Program Files\dotnet\sdk\10.0.101\Sdks\Microsoft.NET.Sdk\targets\Microsoft.NET.DesignerSupport.targets (21,5)
       C:\Program Files\dotnet\sdk\10.0.101\Sdks\Microsoft.NET.Sdk\targets\Microsoft.NET.Sdk.CSharp.targets(31,5): message : Property reassignment: $(DefineConstants)="TRACE;DEBUG" (previous value: "TRACE") at C:\Program Files\dotnet\sdk\10.0.101\Sdks\Microsoft.NET.Sdk\targets\Microsoft.NET.Sdk.CSharp.targets (31,5)
       C:\Program Files\dotnet\sdk\10.0.101\Sdks\Microsoft.NET.Sdk\targets\Microsoft.NET.Sdk.CSharp.targets(45,5): message : Property reassignment: $(WarningsAsErrors)=";NU1605;SYSLIB0011" (previous value: ";NU1605") at C:\Program Files\dotnet\sdk\10.0.101\Sdks\Microsoft.NET.Sdk\targets\Microsoft.NET.Sdk.CSharp.targets (45,5)
       C:\Program Files\dotnet\sdk\10.0.101\NuGet.Build.Tasks.Pack.targets(34,5): message : Property reassignment: $(PackageDescription)="Package Description" (previous value: "") at C:\Program Files\dotnet\sdk\10.0.101\NuGet.Build.Tasks.Pack.targets (34,5)
       C:\Program Files\dotnet\sdk\10.0.101\NuGet.Build.Tasks.Pack.targets(59,5): message : Property reassignment: $(GenerateNuspecDependsOn)="Build;_LoadPackInputItems; _GetTargetFrameworksOutput; _WalkEachTargetPerFramework; _GetPackageFiles; " (previous value: "_LoadPackInputItems; _GetTargetFrameworksOutput; _WalkEachTargetPerFramework; _GetPackageFiles; ") at C:\Program Files\dotnet\sdk\10.0.101\NuGet.Build.Tasks.Pack.targets (59,5)
       C:\Program Files\dotnet\sdk\10.0.101\Sdks\Microsoft.NET.Sdk\Sdk\Sdk.targets(59,5): message : Property reassignment: $(_IsNotSetContainersTargetsDir)="true" (previous value: "false") at C:\Program Files\dotnet\sdk\10.0.101\Sdks\Microsoft.NET.Sdk\Sdk\Sdk.targets (59,5)
       C:\Program Files\dotnet\sdk\10.0.101\Containers\build\Microsoft.NET.Build.Containers.targets(5,5): message : Property reassignment: $(_IsSDKContainerAllowedVersion)="true" (previous value: "false") at C:\Program Files\dotnet\sdk\10.0.101\Containers\build\Microsoft.NET.Build.Containers.targets (5,5)
       C:\Program Files\dotnet\sdk\10.0.101\Containers\build\Microsoft.NET.Build.Containers.targets(15,5): message : Property reassignment: $(_ContainerIsTargetingNet8TFM)="true" (previous value: "false") at C:\Program Files\dotnet\sdk\10.0.101\Containers\build\Microsoft.NET.Build.Containers.targets (15,5)
       Overriding target "ResolveFrameworkReferences" in project "C:\Program Files\dotnet\sdk\10.0.101\Microsoft.Common.CurrentVersion.targets" with target "ResolveFrameworkReferences" from project "C:\Program Files\dotnet\sdk\10.0.101\Sdks\Microsoft.NET.Sdk\targets\Microsoft.NET.Sdk.FrameworkReferenceResolution.targets".
       Overriding target "GenerateSupportedTargetFrameworkAlias" in project "C:\Program Files\dotnet\sdk\10.0.101\Microsoft.Common.CurrentVersion.targets" with target "GenerateSupportedTargetFrameworkAlias" from project "C:\Program Files\dotnet\sdk\10.0.101\Sdks\Microsoft.NET.Sdk\targets\Microsoft.NET.Sdk.targets".
       Overriding target "GetReferenceAssemblyPaths" in project "C:\Program Files\dotnet\sdk\10.0.101\Microsoft.Common.CurrentVersion.targets" with target "GetReferenceAssemblyPaths" from project "C:\Program Files\dotnet\sdk\10.0.101\Sdks\Microsoft.NET.Sdk\targets\Microsoft.NET.DisableStandardFrameworkResolution.targets".
       Overriding target "GetFrameworkPaths" in project "C:\Program Files\dotnet\sdk\10.0.101\Microsoft.Common.CurrentVersion.targets" with target "GetFrameworkPaths" from project "C:\Program Files\dotnet\sdk\10.0.101\Sdks\Microsoft.NET.Sdk\targets\Microsoft.NET.DisableStandardFrameworkResolution.targets".
       Overriding target "DesignerRuntimeImplementationProjectOutputGroup" in project "C:\Program Files\dotnet\sdk\10.0.101\Microsoft.Common.CurrentVersion.targets" with target "DesignerRuntimeImplementationProjectOutputGroup" from project "C:\Program Files\dotnet\sdk\10.0.101\Sdks\Microsoft.NET.Sdk\targets\Microsoft.NET.DesignerSupport.targets".
       Overriding target "Publish" in project "C:\Program Files\dotnet\sdk\10.0.101\Microsoft.Common.CurrentVersion.targets" with target "Publish" from project "C:\Program Files\dotnet\sdk\10.0.101\Sdks\Microsoft.NET.Sdk\targets\Microsoft.NET.Publish.targets".
       Overriding target "ResolveReadyToRunCompilers" in project "C:\Program Files\dotnet\sdk\10.0.101\Sdks\Microsoft.NET.Sdk\targets\Microsoft.NET.CrossGen.targets" with target "ResolveReadyToRunCompilers" from project "C:\Program Files\dotnet\sdk\10.0.101\Sdks\Microsoft.NET.Sdk\targets\Microsoft.NET.Publish.targets".
       Overriding target "GetCopyToPublishDirectoryItems" in project "C:\Program Files\dotnet\sdk\10.0.101\Microsoft.Common.CurrentVersion.targets" with target "GetCopyToPublishDirectoryItems" from project "C:\Program Files\dotnet\sdk\10.0.101\Sdks\Microsoft.NET.Sdk\targets\Microsoft.NET.Publish.targets".
       Overriding target "Run" in project "C:\Program Files\dotnet\sdk\10.0.101\Microsoft.Common.CurrentVersion.targets" with target "Run" from project "C:\Program Files\dotnet\sdk\10.0.101\Sdks\Microsoft.NET.Sdk\targets\Microsoft.NET.Sdk.targets".
   1:3>Project "D:\P.L\Flutter\fresh_produce_app\FreshProduce.Api\FreshProduce.Api.csproj" (1:3) is building "D:\P.L\Flutter\fresh_produce_app\FreshProduce.Infrastructure\FreshProduce.Infrastructure.csproj" (4) on node 2 (_GenerateRestoreProjectPathWalk target(s)).
     4>Target "_GenerateRestoreProjectPathItemsPerFramework" in file "C:\Program Files\dotnet\sdk\10.0.101\NuGet.targets" from project "D:\P.L\Flutter\fresh_produce_app\FreshProduce.Infrastructure\FreshProduce.Infrastructure.csproj" (target "_GenerateRestoreProjectPathItemsCurrentProject" depends on it):
     4>Using "ConvertToAbsolutePath" task from assembly "Microsoft.Build.Tasks.Core, Version=15.1.0.0, Culture=neutral, PublicKeyToken=b03f5f7f11d50a3a".
       Task "ConvertToAbsolutePath"
       Done executing task "ConvertToAbsolutePath".
     4>Done building target "_GenerateRestoreProjectPathItemsPerFramework" in project "FreshProduce.Infrastructure.csproj".
     4>Target "_GenerateRestoreProjectPathItemsCurrentProject" in file "C:\Program Files\dotnet\sdk\10.0.101\NuGet.targets" from project "D:\P.L\Flutter\fresh_produce_app\FreshProduce.Infrastructure\FreshProduce.Infrastructure.csproj" (target "_GenerateRestoreProjectPathItems" depends on it):
     4>Done building target "_GenerateRestoreProjectPathItemsCurrentProject" in project "FreshProduce.Infrastructure.csproj".
     4>Target "_GenerateRestoreProjectPathItems" in file "C:\Program Files\dotnet\sdk\10.0.101\NuGet.targets" from project "D:\P.L\Flutter\fresh_produce_app\FreshProduce.Infrastructure\FreshProduce.Infrastructure.csproj" (target "_GenerateRestoreProjectPathWalk" depends on it):
       Using "RemoveDuplicates" task from assembly "Microsoft.Build.Tasks.Core, Version=15.1.0.0, Culture=neutral, PublicKeyToken=b03f5f7f11d50a3a".
       Task "RemoveDuplicates"
       Done executing task "RemoveDuplicates".
     4>Done building target "_GenerateRestoreProjectPathItems" in project "FreshProduce.Infrastructure.csproj".
     4>Target "_GenerateRestoreProjectPathWalk" in file "C:\Program Files\dotnet\sdk\10.0.101\NuGet.targets" from project "D:\P.L\Flutter\fresh_produce_app\FreshProduce.Infrastructure\FreshProduce.Infrastructure.csproj" (entry point):
       Using "MSBuild" task from assembly "Microsoft.Build.Tasks.Core, Version=15.1.0.0, Culture=neutral, PublicKeyToken=b03f5f7f11d50a3a".
       Task "MSBuild"
         Global Properties:
           ExcludeRestorePackageImports=true
     4>Project "D:\P.L\Flutter\fresh_produce_app\FreshProduce.Infrastructure\FreshProduce.Infrastructure.csproj" (4) is building "D:\P.L\Flutter\fresh_produce_app\FreshProduce.Application\FreshProduce.Application.csproj" (2:2) on node 1 (_GenerateRestoreProjectPathWalk target(s)).
   2:2>Target "_GenerateRestoreProjectPathWalk" skipped. Previously built successfully.
   2:2>Done Building Project "D:\P.L\Flutter\fresh_produce_app\FreshProduce.Application\FreshProduce.Application.csproj" (_GenerateRestoreProjectPathWalk target(s)).
     4>Project "D:\P.L\Flutter\fresh_produce_app\FreshProduce.Infrastructure\FreshProduce.Infrastructure.csproj" (4) is building "D:\P.L\Flutter\fresh_produce_app\FreshProduce.Domain\FreshProduce.Domain.csproj" (3:2) on node 1 (_GenerateRestoreProjectPathWalk target(s)).
   3:2>Target "_GenerateRestoreProjectPathWalk" skipped. Previously built successfully.
   3:2>Done Building Project "D:\P.L\Flutter\fresh_produce_app\FreshProduce.Domain\FreshProduce.Domain.csproj" (_GenerateRestoreProjectPathWalk target(s)).
     4>Done executing task "MSBuild".
       Task "RemoveDuplicates"
       Done executing task "RemoveDuplicates".
     4>Done building target "_GenerateRestoreProjectPathWalk" in project "FreshProduce.Infrastructure.csproj".
     4>Done Building Project "D:\P.L\Flutter\fresh_produce_app\FreshProduce.Infrastructure\FreshProduce.Infrastructure.csproj" (_GenerateRestoreProjectPathWalk target(s)).
   1:3>Done executing task "MSBuild".
       Task "RemoveDuplicates"
       Done executing task "RemoveDuplicates".
   1:3>Done building target "_GenerateRestoreProjectPathWalk" in project "FreshProduce.Api.csproj".
   1:3>Done Building Project "D:\P.L\Flutter\fresh_produce_app\FreshProduce.Api\FreshProduce.Api.csproj" (_GenerateRestoreProjectPathWalk target(s)).
     1>Done executing task "MSBuild".
       Task "RemoveDuplicates"
       Done executing task "RemoveDuplicates".
       Task "MSBuild"
         Global Properties:
           ExcludeRestorePackageImports=true
     1>Project "D:\P.L\Flutter\fresh_produce_app\FreshProduce.Api\FreshProduce.Api.csproj" (1) is building "D:\P.L\Flutter\fresh_produce_app\FreshProduce.Api\FreshProduce.Api.csproj" (1:4) on node 1 (_IsProjectRestoreSupported target(s)).
   1:4>Target "_IsProjectRestoreSupported" skipped. Previously built successfully.
   1:4>Done Building Project "D:\P.L\Flutter\fresh_produce_app\FreshProduce.Api\FreshProduce.Api.csproj" (_IsProjectRestoreSupported target(s)).
     1>Project "D:\P.L\Flutter\fresh_produce_app\FreshProduce.Api\FreshProduce.Api.csproj" (1) is building "D:\P.L\Flutter\fresh_produce_app\FreshProduce.Application\FreshProduce.Application.csproj" (2:3) on node 1 (_IsProjectRestoreSupported target(s)).
   2:3>Target "_IsProjectRestoreSupported" in file "C:\Program Files\dotnet\sdk\10.0.101\NuGet.targets" from project "D:\P.L\Flutter\fresh_produce_app\FreshProduce.Application\FreshProduce.Application.csproj" (entry point):
   2:3>Done building target "_IsProjectRestoreSupported" in project "FreshProduce.Application.csproj".
   2:3>Done Building Project "D:\P.L\Flutter\fresh_produce_app\FreshProduce.Application\FreshProduce.Application.csproj" (_IsProjectRestoreSupported target(s)).
     1>Project "D:\P.L\Flutter\fresh_produce_app\FreshProduce.Api\FreshProduce.Api.csproj" (1) is building "D:\P.L\Flutter\fresh_produce_app\FreshProduce.Infrastructure\FreshProduce.Infrastructure.csproj" (4:2) on node 2 (_IsProjectRestoreSupported target(s)).
   4:2>Target "_IsProjectRestoreSupported" in file "C:\Program Files\dotnet\sdk\10.0.101\NuGet.targets" from project "D:\P.L\Flutter\fresh_produce_app\FreshProduce.Infrastructure\FreshProduce.Infrastructure.csproj" (entry point):
   4:2>Done building target "_IsProjectRestoreSupported" in project "FreshProduce.Infrastructure.csproj".
   4:2>Done Building Project "D:\P.L\Flutter\fresh_produce_app\FreshProduce.Infrastructure\FreshProduce.Infrastructure.csproj" (_IsProjectRestoreSupported target(s)).
     1>Project "D:\P.L\Flutter\fresh_produce_app\FreshProduce.Api\FreshProduce.Api.csproj" (1) is building "D:\P.L\Flutter\fresh_produce_app\FreshProduce.Domain\FreshProduce.Domain.csproj" (3:3) on node 1 (_IsProjectRestoreSupported target(s)).
   3:3>Target "_IsProjectRestoreSupported" in file "C:\Program Files\dotnet\sdk\10.0.101\NuGet.targets" from project "D:\P.L\Flutter\fresh_produce_app\FreshProduce.Domain\FreshProduce.Domain.csproj" (entry point):
   3:3>Done building target "_IsProjectRestoreSupported" in project "FreshProduce.Domain.csproj".
   3:3>Done Building Project "D:\P.L\Flutter\fresh_produce_app\FreshProduce.Domain\FreshProduce.Domain.csproj" (_IsProjectRestoreSupported target(s)).
     1>Done executing task "MSBuild".
     1>Done building target "_GetAllRestoreProjectPathItems" in project "FreshProduce.Api.csproj".
     1>Target "_GenerateRestoreGraph" in file "C:\Program Files\dotnet\sdk\10.0.101\NuGet.targets" from project "D:\P.L\Flutter\fresh_produce_app\FreshProduce.Api\FreshProduce.Api.csproj" (target "Restore" depends on it):
       Using "Message" task from assembly "Microsoft.Build.Tasks.Core, Version=15.1.0.0, Culture=neutral, PublicKeyToken=b03f5f7f11d50a3a".
       Task "Message"
         Generating dg file
       Done executing task "Message".
       Task "Message"
         D:\P.L\Flutter\fresh_produce_app\FreshProduce.Application\FreshProduce.Application.csproj
       Done executing task "Message".
       Task "Message"
         D:\P.L\Flutter\fresh_produce_app\FreshProduce.Infrastructure\FreshProduce.Infrastructure.csproj
       Done executing task "Message".
       Task "Message"
         D:\P.L\Flutter\fresh_produce_app\FreshProduce.Domain\FreshProduce.Domain.csproj
       Done executing task "Message".
       Task "Message"
         D:\P.L\Flutter\fresh_produce_app\FreshProduce.Api\FreshProduce.Api.csproj
       Done executing task "Message".
       Task "MSBuild"
         Global Properties:
           ExcludeRestorePackageImports=true
     1>Project "D:\P.L\Flutter\fresh_produce_app\FreshProduce.Api\FreshProduce.Api.csproj" (1) is building "D:\P.L\Flutter\fresh_produce_app\FreshProduce.Application\FreshProduce.Application.csproj" (2:4) on node 1 (_GenerateRestoreGraphProjectEntry target(s)).
   2:4>Target "_CheckForUnsupportedNETCoreVersion" in file "C:\Program Files\dotnet\sdk\10.0.101\Sdks\Microsoft.NET.Sdk\targets\Microsoft.NET.TargetFrameworkInference.targets" from project "D:\P.L\Flutter\fresh_produce_app\FreshProduce.Application\FreshProduce.Application.csproj" (target "CollectPackageReferences" depends on it):
   2:4>Done building target "_CheckForUnsupportedNETCoreVersion" in project "FreshProduce.Application.csproj".
   2:4>Target "_CheckForUnsupportedCppNETCoreVersion" in file "C:\Program Files\dotnet\sdk\10.0.101\Sdks\Microsoft.NET.Sdk\targets\Microsoft.NET.TargetFrameworkInference.targets" from project "D:\P.L\Flutter\fresh_produce_app\FreshProduce.Application\FreshProduce.Application.csproj" (target "CollectPackageReferences" depends on it):
   2:4>Done building target "_CheckForUnsupportedCppNETCoreVersion" in project "FreshProduce.Application.csproj".
     1>Project "D:\P.L\Flutter\fresh_produce_app\FreshProduce.Api\FreshProduce.Api.csproj" (1) is building "D:\P.L\Flutter\fresh_produce_app\FreshProduce.Infrastructure\FreshProduce.Infrastructure.csproj" (4:3) on node 2 (_GenerateRestoreGraphProjectEntry target(s)).
   4:3>Target "_CheckForUnsupportedNETCoreVersion" in file "C:\Program Files\dotnet\sdk\10.0.101\Sdks\Microsoft.NET.Sdk\targets\Microsoft.NET.TargetFrameworkInference.targets" from project "D:\P.L\Flutter\fresh_produce_app\FreshProduce.Infrastructure\FreshProduce.Infrastructure.csproj" (target "CollectPackageReferences" depends on it):
   4:3>Done building target "_CheckForUnsupportedNETCoreVersion" in project "FreshProduce.Infrastructure.csproj".
   4:3>Target "_CheckForUnsupportedCppNETCoreVersion" in file "C:\Program Files\dotnet\sdk\10.0.101\Sdks\Microsoft.NET.Sdk\targets\Microsoft.NET.TargetFrameworkInference.targets" from project "D:\P.L\Flutter\fresh_produce_app\FreshProduce.Infrastructure\FreshProduce.Infrastructure.csproj" (target "CollectPackageReferences" depends on it):
   4:3>Done building target "_CheckForUnsupportedCppNETCoreVersion" in project "FreshProduce.Infrastructure.csproj".
   4:3>Target "UpdateAspNetToFrameworkReference" in file "C:\Program Files\dotnet\sdk\10.0.101\Sdks\Microsoft.NET.Sdk\targets\Microsoft.NET.Sdk.DefaultItems.Shared.targets" from project "D:\P.L\Flutter\fresh_produce_app\FreshProduce.Infrastructure\FreshProduce.Infrastructure.csproj" (target "ApplyImplicitVersions" depends on it):
       Using "CheckIfPackageReferenceShouldBeFrameworkReference" task from assembly "C:\Program Files\dotnet\sdk\10.0.101\Sdks\Microsoft.NET.Sdk\targets\..\tools\net10.0\Microsoft.NET.Build.Tasks.dll".
       Task "CheckIfPackageReferenceShouldBeFrameworkReference"
       Done executing task "CheckIfPackageReferenceShouldBeFrameworkReference".
       Task "CheckIfPackageReferenceShouldBeFrameworkReference"
       Done executing task "CheckIfPackageReferenceShouldBeFrameworkReference".
   4:3>Done building target "UpdateAspNetToFrameworkReference" in project "FreshProduce.Infrastructure.csproj".
   4:3>Target "CheckForImplicitPackageReferenceOverrides" in file "C:\Program Files\dotnet\sdk\10.0.101\Sdks\Microsoft.NET.Sdk\targets\Microsoft.NET.Sdk.DefaultItems.Shared.targets" from project "D:\P.L\Flutter\fresh_produce_app\FreshProduce.Infrastructure\FreshProduce.Infrastructure.csproj" (target "ApplyImplicitVersions" depends on it):
       Using "CheckForImplicitPackageReferenceOverrides" task from assembly "C:\Program Files\dotnet\sdk\10.0.101\Sdks\Microsoft.NET.Sdk\targets\..\tools\net10.0\Microsoft.NET.Build.Tasks.dll".
       Task "CheckForImplicitPackageReferenceOverrides"
       Done executing task "CheckForImplicitPackageReferenceOverrides".
   4:3>Done building target "CheckForImplicitPackageReferenceOverrides" in project "FreshProduce.Infrastructure.csproj".
   2:4>Target "CheckForImplicitPackageReferenceOverrides" in file "C:\Program Files\dotnet\sdk\10.0.101\Sdks\Microsoft.NET.Sdk\targets\Microsoft.NET.Sdk.DefaultItems.Shared.targets" from project "D:\P.L\Flutter\fresh_produce_app\FreshProduce.Application\FreshProduce.Application.csproj" (target "CollectPackageReferences" depends on it):
   2:4>Using "CheckForImplicitPackageReferenceOverrides" task from assembly "C:\Program Files\dotnet\sdk\10.0.101\Sdks\Microsoft.NET.Sdk\targets\..\tools\net10.0\Microsoft.NET.Build.Tasks.dll".
       Task "CheckForImplicitPackageReferenceOverrides"
   4:3>Target "ApplyImplicitVersions" in file "C:\Program Files\dotnet\sdk\10.0.101\Sdks\Microsoft.NET.Sdk\targets\Microsoft.NET.Sdk.DefaultItems.Shared.targets" from project "D:\P.L\Flutter\fresh_produce_app\FreshProduce.Infrastructure\FreshProduce.Infrastructure.csproj" (target "CollectPackageReferences" depends on it):
   4:3>Using "ApplyImplicitVersions" task from assembly "C:\Program Files\dotnet\sdk\10.0.101\Sdks\Microsoft.NET.Sdk\targets\..\tools\net10.0\Microsoft.NET.Build.Tasks.dll".
       Task "ApplyImplicitVersions"
       Done executing task "ApplyImplicitVersions".
   4:3>Done building target "ApplyImplicitVersions" in project "FreshProduce.Infrastructure.csproj".
       Target "CheckForImplicitPackageReferenceOverrides" skipped. Previously built successfully.
   2:4>Done executing task "CheckForImplicitPackageReferenceOverrides".
   2:4>Done building target "CheckForImplicitPackageReferenceOverrides" in project "FreshProduce.Application.csproj".
   4:3>Target "_CheckForLanguageAndFeatureCombinationSupport" in file "C:\Program Files\dotnet\sdk\10.0.101\Sdks\Microsoft.NET.Sdk\targets\Microsoft.NET.RuntimeIdentifierInference.targets" from project "D:\P.L\Flutter\fresh_produce_app\FreshProduce.Infrastructure\FreshProduce.Infrastructure.csproj" (target "ProcessFrameworkReferences" depends on it):
   4:3>Done building target "_CheckForLanguageAndFeatureCombinationSupport" in project "FreshProduce.Infrastructure.csproj".
   2:4>Target "_CheckForLanguageAndFeatureCombinationSupport" in file "C:\Program Files\dotnet\sdk\10.0.101\Sdks\Microsoft.NET.Sdk\targets\Microsoft.NET.RuntimeIdentifierInference.targets" from project "D:\P.L\Flutter\fresh_produce_app\FreshProduce.Application\FreshProduce.Application.csproj" (target "ProcessFrameworkReferences" depends on it):
   2:4>Done building target "_CheckForLanguageAndFeatureCombinationSupport" in project "FreshProduce.Application.csproj".
   4:3>Target "_ComputeToolPackInputsToProcessFrameworkReferences" in file "C:\Program Files\dotnet\sdk\10.0.101\Sdks\Microsoft.NET.Sdk\targets\Microsoft.NET.Publish.targets" from project "D:\P.L\Flutter\fresh_produce_app\FreshProduce.Infrastructure\FreshProduce.Infrastructure.csproj" (target "ProcessFrameworkReferences" depends on it):
   4:3>Done building target "_ComputeToolPackInputsToProcessFrameworkReferences" in project "FreshProduce.Infrastructure.csproj".
   4:3>Target "ProcessFrameworkReferences" in file "C:\Program Files\dotnet\sdk\10.0.101\Sdks\Microsoft.NET.Sdk\targets\Microsoft.NET.Sdk.FrameworkReferenceResolution.targets" from project "D:\P.L\Flutter\fresh_produce_app\FreshProduce.Infrastructure\FreshProduce.Infrastructure.csproj" (target "CollectPackageReferences" depends on it):
       Using "CheckForDuplicateFrameworkReferences" task from assembly "C:\Program Files\dotnet\sdk\10.0.101\Sdks\Microsoft.NET.Sdk\targets\..\tools\net10.0\Microsoft.NET.Build.Tasks.dll".
       Task "CheckForDuplicateFrameworkReferences"
       Done executing task "CheckForDuplicateFrameworkReferences".
       Using "ProcessFrameworkReferences" task from assembly "C:\Program Files\dotnet\sdk\10.0.101\Sdks\Microsoft.NET.Sdk\targets\..\tools\net10.0\Microsoft.NET.Build.Tasks.dll".
       Task "ProcessFrameworkReferences"
         Found 1 known framework references for target framework .NETCoreApp
         Found 5 known runtime packs for target framework .NETCoreApp
         Selected Microsoft.NETCore.App with RIDs 'linux-arm;linux-arm64;linux-musl-arm64;linux-musl-x64;linux-x64;osx-x64;tizen.4.0.0-armel;tizen.5.0.0-armel;win-arm64;win-x64;win-x86;linux-musl-arm;osx-arm64;linux-s390x;linux-loongarch64;linux-bionic-arm;linux-bionic-arm64;linux-bionic-x64;linux-bionic-x86;linux-ppc64le;freebsd-x64;freebsd-arm64;linux-riscv64;linux-musl-riscv64;linux-musl-loongarch64'
         Selected targeting pack 'Microsoft.NETCore.App@9.0.11'
         Added runtime framework 'Microsoft.NETCore.App@9.0.0'
         Selected Microsoft.WindowsDesktop.App with RIDs 'win-x64;win-x86;win-arm64'
         Selected targeting pack 'Microsoft.WindowsDesktop.App@9.0.11'
         Added runtime framework 'Microsoft.WindowsDesktop.App@9.0.0'
         Selected Microsoft.WindowsDesktop.App with RIDs 'win-x64;win-x86;win-arm64'
         Selected targeting pack 'Microsoft.WindowsDesktop.App.WPF@9.0.11'
         Added runtime framework 'Microsoft.WindowsDesktop.App@9.0.0'
         Selected Microsoft.WindowsDesktop.App with RIDs 'win-x64;win-x86;win-arm64'
         Selected targeting pack 'Microsoft.WindowsDesktop.App.WindowsForms@9.0.11'
         Added runtime framework 'Microsoft.WindowsDesktop.App@9.0.0'
         Selected Microsoft.AspNetCore.App with RIDs 'win-x64;win-x86;osx-x64;linux-musl-x64;linux-musl-arm64;linux-x64;linux-arm;linux-arm64;linux-musl-arm;win-arm64;osx-arm64;linux-s390x;linux-loongarch64;linux-ppc64le;freebsd-x64;freebsd-arm64;linux-riscv64;linux-musl-riscv64;linux-loongarch64;linux-musl-loongarch64'
         Selected targeting pack 'Microsoft.AspNetCore.App@9.0.11'
   2:4>Target "_ComputeToolPackInputsToProcessFrameworkReferences" in file "C:\Program Files\dotnet\sdk\10.0.101\Sdks\Microsoft.NET.Sdk\targets\Microsoft.NET.Publish.targets" from project "D:\P.L\Flutter\fresh_produce_app\FreshProduce.Application\FreshProduce.Application.csproj" (target "ProcessFrameworkReferences" depends on it):
   2:4>Done building target "_ComputeToolPackInputsToProcessFrameworkReferences" in project "FreshProduce.Application.csproj".
   4:3>ProcessFrameworkReferences:
         Added runtime framework 'Microsoft.AspNetCore.App@9.0.0'
   2:4>Target "ProcessFrameworkReferences" in file "C:\Program Files\dotnet\sdk\10.0.101\Sdks\Microsoft.NET.Sdk\targets\Microsoft.NET.Sdk.FrameworkReferenceResolution.targets" from project "D:\P.L\Flutter\fresh_produce_app\FreshProduce.Application\FreshProduce.Application.csproj" (target "CollectPackageReferences" depends on it):
   2:4>Using "CheckForDuplicateFrameworkReferences" task from assembly "C:\Program Files\dotnet\sdk\10.0.101\Sdks\Microsoft.NET.Sdk\targets\..\tools\net10.0\Microsoft.NET.Build.Tasks.dll".
       Task "CheckForDuplicateFrameworkReferences"
   4:3>Done executing task "ProcessFrameworkReferences".
       Using "ResolveAppHosts" task from assembly "C:\Program Files\dotnet\sdk\10.0.101\Sdks\Microsoft.NET.Sdk\targets\..\tools\net10.0\Microsoft.NET.Build.Tasks.dll".
       Task "ResolveAppHosts"
   2:4>Done executing task "CheckForDuplicateFrameworkReferences".
   4:3>Done executing task "ResolveAppHosts".
   4:3>Done building target "ProcessFrameworkReferences" in project "FreshProduce.Infrastructure.csproj".
   4:3>Target "_CheckForObsoleteDotNetCliToolReferences" in file "C:\Program Files\dotnet\sdk\10.0.101\Sdks\Microsoft.NET.Sdk\targets\Microsoft.NET.ObsoleteReferences.targets" from project "D:\P.L\Flutter\fresh_produce_app\FreshProduce.Infrastructure\FreshProduce.Infrastructure.csproj" (target "CollectPackageReferences" depends on it):
   4:3>Done building target "_CheckForObsoleteDotNetCliToolReferences" in project "FreshProduce.Infrastructure.csproj".
   2:4>ProcessFrameworkReferences:
       Using "ProcessFrameworkReferences" task from assembly "C:\Program Files\dotnet\sdk\10.0.101\Sdks\Microsoft.NET.Sdk\targets\..\tools\net10.0\Microsoft.NET.Build.Tasks.dll".
       Task "ProcessFrameworkReferences"
   4:3>Target "CollectPackageReferences" in file "C:\Program Files\dotnet\sdk\10.0.101\NuGet.targets" from project "D:\P.L\Flutter\fresh_produce_app\FreshProduce.Infrastructure\FreshProduce.Infrastructure.csproj" (target "_GetRestoreProjectStyle" depends on it):
   4:3>Using "CheckForDuplicateNuGetItemsTask" task from assembly "C:\Program Files\dotnet\sdk\10.0.101\NuGet.Build.Tasks.dll".
       Task "CheckForDuplicateNuGetItemsTask"
       Done executing task "CheckForDuplicateNuGetItemsTask".
   4:3>Done building target "CollectPackageReferences" in project "FreshProduce.Infrastructure.csproj".
   4:3>Target "_GetRestoreProjectStyle" in file "C:\Program Files\dotnet\sdk\10.0.101\NuGet.targets" from project "D:\P.L\Flutter\fresh_produce_app\FreshProduce.Infrastructure\FreshProduce.Infrastructure.csproj" (target "_GenerateRestoreSpecs" depends on it):
       Using "GetRestoreProjectStyleTask" task from assembly "C:\Program Files\dotnet\sdk\10.0.101\NuGet.Build.Tasks.dll".
       Task "GetRestoreProjectStyleTask"
       Done executing task "GetRestoreProjectStyleTask".
   4:3>Done building target "_GetRestoreProjectStyle" in project "FreshProduce.Infrastructure.csproj".
   4:3>Target "_GenerateRestoreSpecs" in file "C:\Program Files\dotnet\sdk\10.0.101\NuGet.targets" from project "D:\P.L\Flutter\fresh_produce_app\FreshProduce.Infrastructure\FreshProduce.Infrastructure.csproj" (target "_GenerateRestoreGraphProjectEntry" depends on it):
       Using "Message" task from assembly "Microsoft.Build.Tasks.Core, Version=15.1.0.0, Culture=neutral, PublicKeyToken=b03f5f7f11d50a3a".
       Task "Message"
         Restore entry point D:\P.L\Flutter\fresh_produce_app\FreshProduce.Infrastructure\FreshProduce.Infrastructure.csproj
       Done executing task "Message".
   4:3>Done building target "_GenerateRestoreSpecs" in project "FreshProduce.Infrastructure.csproj".
   4:3>Target "_GetRestoreSettingsOverrides" in file "C:\Program Files\dotnet\sdk\10.0.101\NuGet.targets" from project "D:\P.L\Flutter\fresh_produce_app\FreshProduce.Infrastructure\FreshProduce.Infrastructure.csproj" (target "_GetRestoreSettings" depends on it):
   4:3>Done building target "_GetRestoreSettingsOverrides" in project "FreshProduce.Infrastructure.csproj".
   4:3>Target "_GetRestoreSettingsPerFramework" in file "C:\Program Files\dotnet\sdk\10.0.101\NuGet.targets" from project "D:\P.L\Flutter\fresh_produce_app\FreshProduce.Infrastructure\FreshProduce.Infrastructure.csproj" (target "_GetRestoreSettingsCurrentProject" depends on it):
   4:3>Done building target "_GetRestoreSettingsPerFramework" in project "FreshProduce.Infrastructure.csproj".
   4:3>Target "_GetRestoreSettingsCurrentProject" in file "C:\Program Files\dotnet\sdk\10.0.101\NuGet.targets" from project "D:\P.L\Flutter\fresh_produce_app\FreshProduce.Infrastructure\FreshProduce.Infrastructure.csproj" (target "_GetRestoreSettings" depends on it):
   4:3>Done building target "_GetRestoreSettingsCurrentProject" in project "FreshProduce.Infrastructure.csproj".
   4:3>Target "_GetRestoreSettings" in file "C:\Program Files\dotnet\sdk\10.0.101\NuGet.targets" from project "D:\P.L\Flutter\fresh_produce_app\FreshProduce.Infrastructure\FreshProduce.Infrastructure.csproj" (target "_GenerateDotnetCliToolReferenceSpecs" depends on it):
       Using "GetRestoreSettingsTask" task from assembly "C:\Program Files\dotnet\sdk\10.0.101\NuGet.Build.Tasks.dll".
       Task "GetRestoreSettingsTask"
       Done executing task "GetRestoreSettingsTask".
   4:3>Done building target "_GetRestoreSettings" in project "FreshProduce.Infrastructure.csproj".
   4:3>Target "_GenerateDotnetCliToolReferenceSpecs" in file "C:\Program Files\dotnet\sdk\10.0.101\NuGet.targets" from project "D:\P.L\Flutter\fresh_produce_app\FreshProduce.Infrastructure\FreshProduce.Infrastructure.csproj" (target "_GenerateRestoreGraphProjectEntry" depends on it):
       Using "GetRestoreDotnetCliToolsTask" task from assembly "C:\Program Files\dotnet\sdk\10.0.101\NuGet.Build.Tasks.dll".
       Task "GetRestoreDotnetCliToolsTask"
       Done executing task "GetRestoreDotnetCliToolsTask".
   4:3>Done building target "_GenerateDotnetCliToolReferenceSpecs" in project "FreshProduce.Infrastructure.csproj".
   4:3>Target "_GenerateRestoreGraphProjectEntry" in file "C:\Program Files\dotnet\sdk\10.0.101\NuGet.targets" from project "D:\P.L\Flutter\fresh_produce_app\FreshProduce.Infrastructure\FreshProduce.Infrastructure.csproj" (entry point):
   4:3>Done building target "_GenerateRestoreGraphProjectEntry" in project "FreshProduce.Infrastructure.csproj".
   4:3>Done Building Project "D:\P.L\Flutter\fresh_produce_app\FreshProduce.Infrastructure\FreshProduce.Infrastructure.csproj" (_GenerateRestoreGraphProjectEntry target(s)).
   2:4>ProcessFrameworkReferences:
         Found 1 known framework references for target framework .NETCoreApp
         Found 5 known runtime packs for target framework .NETCoreApp
         Selected Microsoft.NETCore.App with RIDs 'linux-arm;linux-arm64;linux-musl-arm64;linux-musl-x64;linux-x64;osx-x64;tizen.4.0.0-armel;tizen.5.0.0-armel;win-arm64;win-x64;win-x86;linux-musl-arm;osx-arm64;linux-s390x;linux-loongarch64;linux-bionic-arm;linux-bionic-arm64;linux-bionic-x64;linux-bionic-x86;linux-ppc64le;freebsd-x64;freebsd-arm64;linux-riscv64;linux-musl-riscv64;linux-musl-loongarch64'
         Selected targeting pack 'Microsoft.NETCore.App@9.0.11'
         Added runtime framework 'Microsoft.NETCore.App@9.0.0'
         Selected Microsoft.WindowsDesktop.App with RIDs 'win-x64;win-x86;win-arm64'
         Selected targeting pack 'Microsoft.WindowsDesktop.App@9.0.11'
         Added runtime framework 'Microsoft.WindowsDesktop.App@9.0.0'
         Selected Microsoft.WindowsDesktop.App with RIDs 'win-x64;win-x86;win-arm64'
         Selected targeting pack 'Microsoft.WindowsDesktop.App.WPF@9.0.11'
         Added runtime framework 'Microsoft.WindowsDesktop.App@9.0.0'
         Selected Microsoft.WindowsDesktop.App with RIDs 'win-x64;win-x86;win-arm64'
         Selected targeting pack 'Microsoft.WindowsDesktop.App.WindowsForms@9.0.11'
         Added runtime framework 'Microsoft.WindowsDesktop.App@9.0.0'
         Selected Microsoft.AspNetCore.App with RIDs 'win-x64;win-x86;osx-x64;linux-musl-x64;linux-musl-arm64;linux-x64;linux-arm;linux-arm64;linux-musl-arm;win-arm64;osx-arm64;linux-s390x;linux-loongarch64;linux-ppc64le;freebsd-x64;freebsd-arm64;linux-riscv64;linux-musl-riscv64;linux-loongarch64;linux-musl-loongarch64'
         Selected targeting pack 'Microsoft.AspNetCore.App@9.0.11'
         Added runtime framework 'Microsoft.AspNetCore.App@9.0.0'
       Done executing task "ProcessFrameworkReferences".
       Using "ResolveAppHosts" task from assembly "C:\Program Files\dotnet\sdk\10.0.101\Sdks\Microsoft.NET.Sdk\targets\..\tools\net10.0\Microsoft.NET.Build.Tasks.dll".
       Task "ResolveAppHosts"
       Done executing task "ResolveAppHosts".
   2:4>Done building target "ProcessFrameworkReferences" in project "FreshProduce.Application.csproj".
   2:4>Target "_CheckForObsoleteDotNetCliToolReferences" in file "C:\Program Files\dotnet\sdk\10.0.101\Sdks\Microsoft.NET.Sdk\targets\Microsoft.NET.ObsoleteReferences.targets" from project "D:\P.L\Flutter\fresh_produce_app\FreshProduce.Application\FreshProduce.Application.csproj" (target "CollectPackageReferences" depends on it):
   2:4>Done building target "_CheckForObsoleteDotNetCliToolReferences" in project "FreshProduce.Application.csproj".
   2:4>Target "CollectPackageReferences" in file "C:\Program Files\dotnet\sdk\10.0.101\NuGet.targets" from project "D:\P.L\Flutter\fresh_produce_app\FreshProduce.Application\FreshProduce.Application.csproj" (target "_GetRestoreProjectStyle" depends on it):
       Using "CheckForDuplicateNuGetItemsTask" task from assembly "C:\Program Files\dotnet\sdk\10.0.101\NuGet.Build.Tasks.dll".
       Task "CheckForDuplicateNuGetItemsTask"
       Done executing task "CheckForDuplicateNuGetItemsTask".
   2:4>Done building target "CollectPackageReferences" in project "FreshProduce.Application.csproj".
   2:4>Target "_GetRestoreProjectStyle" in file "C:\Program Files\dotnet\sdk\10.0.101\NuGet.targets" from project "D:\P.L\Flutter\fresh_produce_app\FreshProduce.Application\FreshProduce.Application.csproj" (target "_GenerateRestoreSpecs" depends on it):
       Using "GetRestoreProjectStyleTask" task from assembly "C:\Program Files\dotnet\sdk\10.0.101\NuGet.Build.Tasks.dll".
       Task "GetRestoreProjectStyleTask"
       Done executing task "GetRestoreProjectStyleTask".
   2:4>Done building target "_GetRestoreProjectStyle" in project "FreshProduce.Application.csproj".
   2:4>Target "_GenerateRestoreSpecs" in file "C:\Program Files\dotnet\sdk\10.0.101\NuGet.targets" from project "D:\P.L\Flutter\fresh_produce_app\FreshProduce.Application\FreshProduce.Application.csproj" (target "_GenerateRestoreGraphProjectEntry" depends on it):
       Task "Message"
         Restore entry point D:\P.L\Flutter\fresh_produce_app\FreshProduce.Application\FreshProduce.Application.csproj
       Done executing task "Message".
   2:4>Done building target "_GenerateRestoreSpecs" in project "FreshProduce.Application.csproj".
   2:4>Target "_GetRestoreSettingsOverrides" in file "C:\Program Files\dotnet\sdk\10.0.101\NuGet.targets" from project "D:\P.L\Flutter\fresh_produce_app\FreshProduce.Application\FreshProduce.Application.csproj" (target "_GetRestoreSettings" depends on it):
   2:4>Done building target "_GetRestoreSettingsOverrides" in project "FreshProduce.Application.csproj".
   2:4>Target "_GetRestoreSettingsPerFramework" in file "C:\Program Files\dotnet\sdk\10.0.101\NuGet.targets" from project "D:\P.L\Flutter\fresh_produce_app\FreshProduce.Application\FreshProduce.Application.csproj" (target "_GetRestoreSettingsCurrentProject" depends on it):
   2:4>Done building target "_GetRestoreSettingsPerFramework" in project "FreshProduce.Application.csproj".
   2:4>Target "_GetRestoreSettingsCurrentProject" in file "C:\Program Files\dotnet\sdk\10.0.101\NuGet.targets" from project "D:\P.L\Flutter\fresh_produce_app\FreshProduce.Application\FreshProduce.Application.csproj" (target "_GetRestoreSettings" depends on it):
   2:4>Done building target "_GetRestoreSettingsCurrentProject" in project "FreshProduce.Application.csproj".
   2:4>Target "_GetRestoreSettings" in file "C:\Program Files\dotnet\sdk\10.0.101\NuGet.targets" from project "D:\P.L\Flutter\fresh_produce_app\FreshProduce.Application\FreshProduce.Application.csproj" (target "_GenerateDotnetCliToolReferenceSpecs" depends on it):
       Using "GetRestoreSettingsTask" task from assembly "C:\Program Files\dotnet\sdk\10.0.101\NuGet.Build.Tasks.dll".
       Task "GetRestoreSettingsTask"
         Assembly loaded during TaskRun (NuGet.Build.Tasks.GetRestoreSettingsTask): NuGet.Configuration, Version=7.0.0.0, Culture=neutral, PublicKeyToken=31bf3856ad364e35 (location: C:\Program Files\dotnet\sdk\10.0.101\NuGet.Configuration.dll, MVID: 48b0ca1c-220b-4c21-8fab-d2d14e375158, AssemblyLoadContext: MSBuild plugin C:\Program Files\dotnet\sdk\10.0.101\NuGet.Build.Tasks.dll)
       Done executing task "GetRestoreSettingsTask".
   2:4>Done building target "_GetRestoreSettings" in project "FreshProduce.Application.csproj".
   2:4>Target "_GenerateDotnetCliToolReferenceSpecs" in file "C:\Program Files\dotnet\sdk\10.0.101\NuGet.targets" from project "D:\P.L\Flutter\fresh_produce_app\FreshProduce.Application\FreshProduce.Application.csproj" (target "_GenerateRestoreGraphProjectEntry" depends on it):
       Using "GetRestoreDotnetCliToolsTask" task from assembly "C:\Program Files\dotnet\sdk\10.0.101\NuGet.Build.Tasks.dll".
       Task "GetRestoreDotnetCliToolsTask"
       Done executing task "GetRestoreDotnetCliToolsTask".
   2:4>Done building target "_GenerateDotnetCliToolReferenceSpecs" in project "FreshProduce.Application.csproj".
   2:4>Target "_GenerateRestoreGraphProjectEntry" in file "C:\Program Files\dotnet\sdk\10.0.101\NuGet.targets" from project "D:\P.L\Flutter\fresh_produce_app\FreshProduce.Application\FreshProduce.Application.csproj" (entry point):
   2:4>Done building target "_GenerateRestoreGraphProjectEntry" in project "FreshProduce.Application.csproj".
   2:4>Done Building Project "D:\P.L\Flutter\fresh_produce_app\FreshProduce.Application\FreshProduce.Application.csproj" (_GenerateRestoreGraphProjectEntry target(s)).
     1>Project "D:\P.L\Flutter\fresh_produce_app\FreshProduce.Api\FreshProduce.Api.csproj" (1) is building "D:\P.L\Flutter\fresh_produce_app\FreshProduce.Domain\FreshProduce.Domain.csproj" (3:4) on node 1 (_GenerateRestoreGraphProjectEntry target(s)).
   3:4>Target "_CheckForUnsupportedNETCoreVersion" in file "C:\Program Files\dotnet\sdk\10.0.101\Sdks\Microsoft.NET.Sdk\targets\Microsoft.NET.TargetFrameworkInference.targets" from project "D:\P.L\Flutter\fresh_produce_app\FreshProduce.Domain\FreshProduce.Domain.csproj" (target "CollectPackageReferences" depends on it):
   3:4>Done building target "_CheckForUnsupportedNETCoreVersion" in project "FreshProduce.Domain.csproj".
   3:4>Target "_CheckForUnsupportedCppNETCoreVersion" in file "C:\Program Files\dotnet\sdk\10.0.101\Sdks\Microsoft.NET.Sdk\targets\Microsoft.NET.TargetFrameworkInference.targets" from project "D:\P.L\Flutter\fresh_produce_app\FreshProduce.Domain\FreshProduce.Domain.csproj" (target "CollectPackageReferences" depends on it):
   3:4>Done building target "_CheckForUnsupportedCppNETCoreVersion" in project "FreshProduce.Domain.csproj".
   3:4>Target "CheckForImplicitPackageReferenceOverrides" in file "C:\Program Files\dotnet\sdk\10.0.101\Sdks\Microsoft.NET.Sdk\targets\Microsoft.NET.Sdk.DefaultItems.Shared.targets" from project "D:\P.L\Flutter\fresh_produce_app\FreshProduce.Domain\FreshProduce.Domain.csproj" (target "CollectPackageReferences" depends on it):
       Using "CheckForImplicitPackageReferenceOverrides" task from assembly "C:\Program Files\dotnet\sdk\10.0.101\Sdks\Microsoft.NET.Sdk\targets\..\tools\net10.0\Microsoft.NET.Build.Tasks.dll".
       Task "CheckForImplicitPackageReferenceOverrides"
       Done executing task "CheckForImplicitPackageReferenceOverrides".
   3:4>Done building target "CheckForImplicitPackageReferenceOverrides" in project "FreshProduce.Domain.csproj".
   3:4>Target "_CheckForLanguageAndFeatureCombinationSupport" in file "C:\Program Files\dotnet\sdk\10.0.101\Sdks\Microsoft.NET.Sdk\targets\Microsoft.NET.RuntimeIdentifierInference.targets" from project "D:\P.L\Flutter\fresh_produce_app\FreshProduce.Domain\FreshProduce.Domain.csproj" (target "ProcessFrameworkReferences" depends on it):
   3:4>Done building target "_CheckForLanguageAndFeatureCombinationSupport" in project "FreshProduce.Domain.csproj".
   3:4>Target "_ComputeToolPackInputsToProcessFrameworkReferences" in file "C:\Program Files\dotnet\sdk\10.0.101\Sdks\Microsoft.NET.Sdk\targets\Microsoft.NET.Publish.targets" from project "D:\P.L\Flutter\fresh_produce_app\FreshProduce.Domain\FreshProduce.Domain.csproj" (target "ProcessFrameworkReferences" depends on it):
   3:4>Done building target "_ComputeToolPackInputsToProcessFrameworkReferences" in project "FreshProduce.Domain.csproj".
   3:4>Target "ProcessFrameworkReferences" in file "C:\Program Files\dotnet\sdk\10.0.101\Sdks\Microsoft.NET.Sdk\targets\Microsoft.NET.Sdk.FrameworkReferenceResolution.targets" from project "D:\P.L\Flutter\fresh_produce_app\FreshProduce.Domain\FreshProduce.Domain.csproj" (target "CollectPackageReferences" depends on it):
       Using "CheckForDuplicateFrameworkReferences" task from assembly "C:\Program Files\dotnet\sdk\10.0.101\Sdks\Microsoft.NET.Sdk\targets\..\tools\net10.0\Microsoft.NET.Build.Tasks.dll".
       Task "CheckForDuplicateFrameworkReferences"
       Done executing task "CheckForDuplicateFrameworkReferences".
       Using "ProcessFrameworkReferences" task from assembly "C:\Program Files\dotnet\sdk\10.0.101\Sdks\Microsoft.NET.Sdk\targets\..\tools\net10.0\Microsoft.NET.Build.Tasks.dll".
       Task "ProcessFrameworkReferences"
         Found 1 known framework references for target framework .NETCoreApp
         Found 5 known runtime packs for target framework .NETCoreApp
         Selected Microsoft.NETCore.App with RIDs 'linux-arm;linux-arm64;linux-musl-arm64;linux-musl-x64;linux-x64;osx-x64;tizen.4.0.0-armel;tizen.5.0.0-armel;win-arm64;win-x64;win-x86;linux-musl-arm;osx-arm64;linux-s390x;linux-loongarch64;linux-bionic-arm;linux-bionic-arm64;linux-bionic-x64;linux-bionic-x86;linux-ppc64le;freebsd-x64;freebsd-arm64;linux-riscv64;linux-musl-riscv64;linux-musl-loongarch64'
         Selected targeting pack 'Microsoft.NETCore.App@9.0.11'
         Added runtime framework 'Microsoft.NETCore.App@9.0.0'
         Selected Microsoft.WindowsDesktop.App with RIDs 'win-x64;win-x86;win-arm64'
         Selected targeting pack 'Microsoft.WindowsDesktop.App@9.0.11'
         Added runtime framework 'Microsoft.WindowsDesktop.App@9.0.0'
         Selected Microsoft.WindowsDesktop.App with RIDs 'win-x64;win-x86;win-arm64'
         Selected targeting pack 'Microsoft.WindowsDesktop.App.WPF@9.0.11'
         Added runtime framework 'Microsoft.WindowsDesktop.App@9.0.0'
         Selected Microsoft.WindowsDesktop.App with RIDs 'win-x64;win-x86;win-arm64'
         Selected targeting pack 'Microsoft.WindowsDesktop.App.WindowsForms@9.0.11'
         Added runtime framework 'Microsoft.WindowsDesktop.App@9.0.0'
         Selected Microsoft.AspNetCore.App with RIDs 'win-x64;win-x86;osx-x64;linux-musl-x64;linux-musl-arm64;linux-x64;linux-arm;linux-arm64;linux-musl-arm;win-arm64;osx-arm64;linux-s390x;linux-loongarch64;linux-ppc64le;freebsd-x64;freebsd-arm64;linux-riscv64;linux-musl-riscv64;linux-loongarch64;linux-musl-loongarch64'
         Selected targeting pack 'Microsoft.AspNetCore.App@9.0.11'
         Added runtime framework 'Microsoft.AspNetCore.App@9.0.0'
       Done executing task "ProcessFrameworkReferences".
       Using "ResolveAppHosts" task from assembly "C:\Program Files\dotnet\sdk\10.0.101\Sdks\Microsoft.NET.Sdk\targets\..\tools\net10.0\Microsoft.NET.Build.Tasks.dll".
       Task "ResolveAppHosts"
       Done executing task "ResolveAppHosts".
   3:4>Done building target "ProcessFrameworkReferences" in project "FreshProduce.Domain.csproj".
   3:4>Target "_CheckForObsoleteDotNetCliToolReferences" in file "C:\Program Files\dotnet\sdk\10.0.101\Sdks\Microsoft.NET.Sdk\targets\Microsoft.NET.ObsoleteReferences.targets" from project "D:\P.L\Flutter\fresh_produce_app\FreshProduce.Domain\FreshProduce.Domain.csproj" (target "CollectPackageReferences" depends on it):
   3:4>Done building target "_CheckForObsoleteDotNetCliToolReferences" in project "FreshProduce.Domain.csproj".
   3:4>Target "CollectPackageReferences" in file "C:\Program Files\dotnet\sdk\10.0.101\NuGet.targets" from project "D:\P.L\Flutter\fresh_produce_app\FreshProduce.Domain\FreshProduce.Domain.csproj" (target "_GetRestoreProjectStyle" depends on it):
       Using "CheckForDuplicateNuGetItemsTask" task from assembly "C:\Program Files\dotnet\sdk\10.0.101\NuGet.Build.Tasks.dll".
       Task "CheckForDuplicateNuGetItemsTask"
       Done executing task "CheckForDuplicateNuGetItemsTask".
   3:4>Done building target "CollectPackageReferences" in project "FreshProduce.Domain.csproj".
   3:4>Target "_GetRestoreProjectStyle" in file "C:\Program Files\dotnet\sdk\10.0.101\NuGet.targets" from project "D:\P.L\Flutter\fresh_produce_app\FreshProduce.Domain\FreshProduce.Domain.csproj" (target "_GenerateRestoreSpecs" depends on it):
       Using "GetRestoreProjectStyleTask" task from assembly "C:\Program Files\dotnet\sdk\10.0.101\NuGet.Build.Tasks.dll".
       Task "GetRestoreProjectStyleTask"
       Done executing task "GetRestoreProjectStyleTask".
   3:4>Done building target "_GetRestoreProjectStyle" in project "FreshProduce.Domain.csproj".
   3:4>Target "_GenerateRestoreSpecs" in file "C:\Program Files\dotnet\sdk\10.0.101\NuGet.targets" from project "D:\P.L\Flutter\fresh_produce_app\FreshProduce.Domain\FreshProduce.Domain.csproj" (target "_GenerateRestoreGraphProjectEntry" depends on it):
       Task "Message"
         Restore entry point D:\P.L\Flutter\fresh_produce_app\FreshProduce.Domain\FreshProduce.Domain.csproj
       Done executing task "Message".
   3:4>Done building target "_GenerateRestoreSpecs" in project "FreshProduce.Domain.csproj".
   3:4>Target "_GetRestoreSettingsOverrides" in file "C:\Program Files\dotnet\sdk\10.0.101\NuGet.targets" from project "D:\P.L\Flutter\fresh_produce_app\FreshProduce.Domain\FreshProduce.Domain.csproj" (target "_GetRestoreSettings" depends on it):
   3:4>Done building target "_GetRestoreSettingsOverrides" in project "FreshProduce.Domain.csproj".
   3:4>Target "_GetRestoreSettingsPerFramework" in file "C:\Program Files\dotnet\sdk\10.0.101\NuGet.targets" from project "D:\P.L\Flutter\fresh_produce_app\FreshProduce.Domain\FreshProduce.Domain.csproj" (target "_GetRestoreSettingsCurrentProject" depends on it):
   3:4>Done building target "_GetRestoreSettingsPerFramework" in project "FreshProduce.Domain.csproj".
   3:4>Target "_GetRestoreSettingsCurrentProject" in file "C:\Program Files\dotnet\sdk\10.0.101\NuGet.targets" from project "D:\P.L\Flutter\fresh_produce_app\FreshProduce.Domain\FreshProduce.Domain.csproj" (target "_GetRestoreSettings" depends on it):
   3:4>Done building target "_GetRestoreSettingsCurrentProject" in project "FreshProduce.Domain.csproj".
   3:4>Target "_GetRestoreSettings" in file "C:\Program Files\dotnet\sdk\10.0.101\NuGet.targets" from project "D:\P.L\Flutter\fresh_produce_app\FreshProduce.Domain\FreshProduce.Domain.csproj" (target "_GenerateDotnetCliToolReferenceSpecs" depends on it):
       Using "GetRestoreSettingsTask" task from assembly "C:\Program Files\dotnet\sdk\10.0.101\NuGet.Build.Tasks.dll".
       Task "GetRestoreSettingsTask"
       Done executing task "GetRestoreSettingsTask".
   3:4>Done building target "_GetRestoreSettings" in project "FreshProduce.Domain.csproj".
   3:4>Target "_GenerateDotnetCliToolReferenceSpecs" in file "C:\Program Files\dotnet\sdk\10.0.101\NuGet.targets" from project "D:\P.L\Flutter\fresh_produce_app\FreshProduce.Domain\FreshProduce.Domain.csproj" (target "_GenerateRestoreGraphProjectEntry" depends on it):
       Using "GetRestoreDotnetCliToolsTask" task from assembly "C:\Program Files\dotnet\sdk\10.0.101\NuGet.Build.Tasks.dll".
       Task "GetRestoreDotnetCliToolsTask"
       Done executing task "GetRestoreDotnetCliToolsTask".
   3:4>Done building target "_GenerateDotnetCliToolReferenceSpecs" in project "FreshProduce.Domain.csproj".
   3:4>Target "_GenerateRestoreGraphProjectEntry" in file "C:\Program Files\dotnet\sdk\10.0.101\NuGet.targets" from project "D:\P.L\Flutter\fresh_produce_app\FreshProduce.Domain\FreshProduce.Domain.csproj" (entry point):
   3:4>Done building target "_GenerateRestoreGraphProjectEntry" in project "FreshProduce.Domain.csproj".
   3:4>Done Building Project "D:\P.L\Flutter\fresh_produce_app\FreshProduce.Domain\FreshProduce.Domain.csproj" (_GenerateRestoreGraphProjectEntry target(s)).
     1>Project "D:\P.L\Flutter\fresh_produce_app\FreshProduce.Api\FreshProduce.Api.csproj" (1) is building "D:\P.L\Flutter\fresh_produce_app\FreshProduce.Api\FreshProduce.Api.csproj" (1:5) on node 1 (_GenerateRestoreGraphProjectEntry target(s)).
   1:5>Target "_CheckForUnsupportedNETCoreVersion" in file "C:\Program Files\dotnet\sdk\10.0.101\Sdks\Microsoft.NET.Sdk\targets\Microsoft.NET.TargetFrameworkInference.targets" from project "D:\P.L\Flutter\fresh_produce_app\FreshProduce.Api\FreshProduce.Api.csproj" (target "CollectPackageReferences" depends on it):
   1:5>Done building target "_CheckForUnsupportedNETCoreVersion" in project "FreshProduce.Api.csproj".
   1:5>Target "_CheckForUnsupportedCppNETCoreVersion" in file "C:\Program Files\dotnet\sdk\10.0.101\Sdks\Microsoft.NET.Sdk\targets\Microsoft.NET.TargetFrameworkInference.targets" from project "D:\P.L\Flutter\fresh_produce_app\FreshProduce.Api\FreshProduce.Api.csproj" (target "CollectPackageReferences" depends on it):
   1:5>Done building target "_CheckForUnsupportedCppNETCoreVersion" in project "FreshProduce.Api.csproj".
   1:5>Target "UpdateAspNetToFrameworkReference" in file "C:\Program Files\dotnet\sdk\10.0.101\Sdks\Microsoft.NET.Sdk\targets\Microsoft.NET.Sdk.DefaultItems.Shared.targets" from project "D:\P.L\Flutter\fresh_produce_app\FreshProduce.Api\FreshProduce.Api.csproj" (target "ApplyImplicitVersions" depends on it):
       Using "CheckIfPackageReferenceShouldBeFrameworkReference" task from assembly "C:\Program Files\dotnet\sdk\10.0.101\Sdks\Microsoft.NET.Sdk\targets\..\tools\net10.0\Microsoft.NET.Build.Tasks.dll".
       Task "CheckIfPackageReferenceShouldBeFrameworkReference"
       Done executing task "CheckIfPackageReferenceShouldBeFrameworkReference".
       Task "CheckIfPackageReferenceShouldBeFrameworkReference"
       Done executing task "CheckIfPackageReferenceShouldBeFrameworkReference".
   1:5>Done building target "UpdateAspNetToFrameworkReference" in project "FreshProduce.Api.csproj".
   1:5>Target "CheckForImplicitPackageReferenceOverrides" in file "C:\Program Files\dotnet\sdk\10.0.101\Sdks\Microsoft.NET.Sdk\targets\Microsoft.NET.Sdk.DefaultItems.Shared.targets" from project "D:\P.L\Flutter\fresh_produce_app\FreshProduce.Api\FreshProduce.Api.csproj" (target "ApplyImplicitVersions" depends on it):
       Using "CheckForImplicitPackageReferenceOverrides" task from assembly "C:\Program Files\dotnet\sdk\10.0.101\Sdks\Microsoft.NET.Sdk\targets\..\tools\net10.0\Microsoft.NET.Build.Tasks.dll".
       Task "CheckForImplicitPackageReferenceOverrides"
       Done executing task "CheckForImplicitPackageReferenceOverrides".
   1:5>Done building target "CheckForImplicitPackageReferenceOverrides" in project "FreshProduce.Api.csproj".
   1:5>Target "ApplyImplicitVersions" in file "C:\Program Files\dotnet\sdk\10.0.101\Sdks\Microsoft.NET.Sdk\targets\Microsoft.NET.Sdk.DefaultItems.Shared.targets" from project "D:\P.L\Flutter\fresh_produce_app\FreshProduce.Api\FreshProduce.Api.csproj" (target "CollectPackageReferences" depends on it):
       Using "ApplyImplicitVersions" task from assembly "C:\Program Files\dotnet\sdk\10.0.101\Sdks\Microsoft.NET.Sdk\targets\..\tools\net10.0\Microsoft.NET.Build.Tasks.dll".
       Task "ApplyImplicitVersions"
       Done executing task "ApplyImplicitVersions".
   1:5>Done building target "ApplyImplicitVersions" in project "FreshProduce.Api.csproj".
       Target "CheckForImplicitPackageReferenceOverrides" skipped. Previously built successfully.
   1:5>Target "_CheckForLanguageAndFeatureCombinationSupport" in file "C:\Program Files\dotnet\sdk\10.0.101\Sdks\Microsoft.NET.Sdk\targets\Microsoft.NET.RuntimeIdentifierInference.targets" from project "D:\P.L\Flutter\fresh_produce_app\FreshProduce.Api\FreshProduce.Api.csproj" (target "ProcessFrameworkReferences" depends on it):
   1:5>Done building target "_CheckForLanguageAndFeatureCombinationSupport" in project "FreshProduce.Api.csproj".
   1:5>Target "_ComputeToolPackInputsToProcessFrameworkReferences" in file "C:\Program Files\dotnet\sdk\10.0.101\Sdks\Microsoft.NET.Sdk\targets\Microsoft.NET.Publish.targets" from project "D:\P.L\Flutter\fresh_produce_app\FreshProduce.Api\FreshProduce.Api.csproj" (target "ProcessFrameworkReferences" depends on it):
   1:5>Done building target "_ComputeToolPackInputsToProcessFrameworkReferences" in project "FreshProduce.Api.csproj".
   1:5>Target "ResolveRequiredWebAssets" in file "C:\Program Files\dotnet\sdk\10.0.101\Sdks\Microsoft.NET.Sdk.Web.ProjectSystem\targets\Microsoft.NET.Sdk.Web.ProjectSystem.targets" from project "D:\P.L\Flutter\fresh_produce_app\FreshProduce.Api\FreshProduce.Api.csproj" (target "ProcessFrameworkReferences" depends on it):
   1:5>Done building target "ResolveRequiredWebAssets" in project "FreshProduce.Api.csproj".
   1:5>Target "ProcessFrameworkReferences" in file "C:\Program Files\dotnet\sdk\10.0.101\Sdks\Microsoft.NET.Sdk\targets\Microsoft.NET.Sdk.FrameworkReferenceResolution.targets" from project "D:\P.L\Flutter\fresh_produce_app\FreshProduce.Api\FreshProduce.Api.csproj" (target "CollectPackageReferences" depends on it):
       Using "CheckForDuplicateFrameworkReferences" task from assembly "C:\Program Files\dotnet\sdk\10.0.101\Sdks\Microsoft.NET.Sdk\targets\..\tools\net10.0\Microsoft.NET.Build.Tasks.dll".
       Task "CheckForDuplicateFrameworkReferences"
       Done executing task "CheckForDuplicateFrameworkReferences".
       Using "ProcessFrameworkReferences" task from assembly "C:\Program Files\dotnet\sdk\10.0.101\Sdks\Microsoft.NET.Sdk\targets\..\tools\net10.0\Microsoft.NET.Build.Tasks.dll".
       Task "ProcessFrameworkReferences"
         Found 2 known framework references for target framework .NETCoreApp
         Found 5 known runtime packs for target framework .NETCoreApp
         Selected Microsoft.NETCore.App with RIDs 'linux-arm;linux-arm64;linux-musl-arm64;linux-musl-x64;linux-x64;osx-x64;tizen.4.0.0-armel;tizen.5.0.0-armel;win-arm64;win-x64;win-x86;linux-musl-arm;osx-arm64;linux-s390x;linux-loongarch64;linux-bionic-arm;linux-bionic-arm64;linux-bionic-x64;linux-bionic-x86;linux-ppc64le;freebsd-x64;freebsd-arm64;linux-riscv64;linux-musl-riscv64;linux-musl-loongarch64'
         Selected targeting pack 'Microsoft.NETCore.App@9.0.11'
         Added runtime framework 'Microsoft.NETCore.App@9.0.0'
         Selected Microsoft.WindowsDesktop.App with RIDs 'win-x64;win-x86;win-arm64'
         Selected targeting pack 'Microsoft.WindowsDesktop.App@9.0.11'
         Added runtime framework 'Microsoft.WindowsDesktop.App@9.0.0'
         Selected Microsoft.WindowsDesktop.App with RIDs 'win-x64;win-x86;win-arm64'
         Selected targeting pack 'Microsoft.WindowsDesktop.App.WPF@9.0.11'
         Added runtime framework 'Microsoft.WindowsDesktop.App@9.0.0'
         Selected Microsoft.WindowsDesktop.App with RIDs 'win-x64;win-x86;win-arm64'
         Selected targeting pack 'Microsoft.WindowsDesktop.App.WindowsForms@9.0.11'
         Added runtime framework 'Microsoft.WindowsDesktop.App@9.0.0'
         Selected Microsoft.AspNetCore.App with RIDs 'win-x64;win-x86;osx-x64;linux-musl-x64;linux-musl-arm64;linux-x64;linux-arm;linux-arm64;linux-musl-arm;win-arm64;osx-arm64;linux-s390x;linux-loongarch64;linux-ppc64le;freebsd-x64;freebsd-arm64;linux-riscv64;linux-musl-riscv64;linux-loongarch64;linux-musl-loongarch64'
         Selected targeting pack 'Microsoft.AspNetCore.App@9.0.11'
         Added runtime framework 'Microsoft.AspNetCore.App@9.0.0'
       Done executing task "ProcessFrameworkReferences".
       Using "ResolveAppHosts" task from assembly "C:\Program Files\dotnet\sdk\10.0.101\Sdks\Microsoft.NET.Sdk\targets\..\tools\net10.0\Microsoft.NET.Build.Tasks.dll".
       Task "ResolveAppHosts"
       Done executing task "ResolveAppHosts".
   1:5>Done building target "ProcessFrameworkReferences" in project "FreshProduce.Api.csproj".
   1:5>Target "_CheckForObsoleteDotNetCliToolReferences" in file "C:\Program Files\dotnet\sdk\10.0.101\Sdks\Microsoft.NET.Sdk\targets\Microsoft.NET.ObsoleteReferences.targets" from project "D:\P.L\Flutter\fresh_produce_app\FreshProduce.Api\FreshProduce.Api.csproj" (target "CollectPackageReferences" depends on it):
   1:5>Done building target "_CheckForObsoleteDotNetCliToolReferences" in project "FreshProduce.Api.csproj".
   1:5>Target "CollectPackageReferences" in file "C:\Program Files\dotnet\sdk\10.0.101\NuGet.targets" from project "D:\P.L\Flutter\fresh_produce_app\FreshProduce.Api\FreshProduce.Api.csproj" (target "_GetRestoreProjectStyle" depends on it):
       Using "CheckForDuplicateNuGetItemsTask" task from assembly "C:\Program Files\dotnet\sdk\10.0.101\NuGet.Build.Tasks.dll".
       Task "CheckForDuplicateNuGetItemsTask"
       Done executing task "CheckForDuplicateNuGetItemsTask".
   1:5>Done building target "CollectPackageReferences" in project "FreshProduce.Api.csproj".
   1:5>Target "_GetRestoreProjectStyle" in file "C:\Program Files\dotnet\sdk\10.0.101\NuGet.targets" from project "D:\P.L\Flutter\fresh_produce_app\FreshProduce.Api\FreshProduce.Api.csproj" (target "_GenerateRestoreSpecs" depends on it):
       Using "GetRestoreProjectStyleTask" task from assembly "C:\Program Files\dotnet\sdk\10.0.101\NuGet.Build.Tasks.dll".
       Task "GetRestoreProjectStyleTask"
       Done executing task "GetRestoreProjectStyleTask".
   1:5>Done building target "_GetRestoreProjectStyle" in project "FreshProduce.Api.csproj".
   1:5>Target "_GenerateRestoreSpecs" in file "C:\Program Files\dotnet\sdk\10.0.101\NuGet.targets" from project "D:\P.L\Flutter\fresh_produce_app\FreshProduce.Api\FreshProduce.Api.csproj" (target "_GenerateRestoreGraphProjectEntry" depends on it):
       Task "Message"
         Restore entry point D:\P.L\Flutter\fresh_produce_app\FreshProduce.Api\FreshProduce.Api.csproj
       Done executing task "Message".
   1:5>Done building target "_GenerateRestoreSpecs" in project "FreshProduce.Api.csproj".
   1:5>Target "_GetRestoreSettingsOverrides" in file "C:\Program Files\dotnet\sdk\10.0.101\NuGet.targets" from project "D:\P.L\Flutter\fresh_produce_app\FreshProduce.Api\FreshProduce.Api.csproj" (target "_GetRestoreSettings" depends on it):
   1:5>Done building target "_GetRestoreSettingsOverrides" in project "FreshProduce.Api.csproj".
   1:5>Target "_GetRestoreSettingsPerFramework" in file "C:\Program Files\dotnet\sdk\10.0.101\NuGet.targets" from project "D:\P.L\Flutter\fresh_produce_app\FreshProduce.Api\FreshProduce.Api.csproj" (target "_GetRestoreSettingsCurrentProject" depends on it):
   1:5>Done building target "_GetRestoreSettingsPerFramework" in project "FreshProduce.Api.csproj".
   1:5>Target "_GetRestoreSettingsCurrentProject" in file "C:\Program Files\dotnet\sdk\10.0.101\NuGet.targets" from project "D:\P.L\Flutter\fresh_produce_app\FreshProduce.Api\FreshProduce.Api.csproj" (target "_GetRestoreSettings" depends on it):
   1:5>Done building target "_GetRestoreSettingsCurrentProject" in project "FreshProduce.Api.csproj".
   1:5>Target "_GetRestoreSettings" in file "C:\Program Files\dotnet\sdk\10.0.101\NuGet.targets" from project "D:\P.L\Flutter\fresh_produce_app\FreshProduce.Api\FreshProduce.Api.csproj" (target "_GenerateDotnetCliToolReferenceSpecs" depends on it):
       Using "GetRestoreSettingsTask" task from assembly "C:\Program Files\dotnet\sdk\10.0.101\NuGet.Build.Tasks.dll".
       Task "GetRestoreSettingsTask"
       Done executing task "GetRestoreSettingsTask".
   1:5>Done building target "_GetRestoreSettings" in project "FreshProduce.Api.csproj".
   1:5>Target "_GenerateDotnetCliToolReferenceSpecs" in file "C:\Program Files\dotnet\sdk\10.0.101\NuGet.targets" from project "D:\P.L\Flutter\fresh_produce_app\FreshProduce.Api\FreshProduce.Api.csproj" (target "_GenerateRestoreGraphProjectEntry" depends on it):
       Using "GetRestoreDotnetCliToolsTask" task from assembly "C:\Program Files\dotnet\sdk\10.0.101\NuGet.Build.Tasks.dll".
       Task "GetRestoreDotnetCliToolsTask"
       Done executing task "GetRestoreDotnetCliToolsTask".
   1:5>Done building target "_GenerateDotnetCliToolReferenceSpecs" in project "FreshProduce.Api.csproj".
   1:5>Target "_GenerateRestoreGraphProjectEntry" in file "C:\Program Files\dotnet\sdk\10.0.101\NuGet.targets" from project "D:\P.L\Flutter\fresh_produce_app\FreshProduce.Api\FreshProduce.Api.csproj" (entry point):
   1:5>Done building target "_GenerateRestoreGraphProjectEntry" in project "FreshProduce.Api.csproj".
   1:5>Done Building Project "D:\P.L\Flutter\fresh_produce_app\FreshProduce.Api\FreshProduce.Api.csproj" (_GenerateRestoreGraphProjectEntry target(s)).
     1>Done executing task "MSBuild".
       Task "MSBuild"
         Global Properties:
           ExcludeRestorePackageImports=true
     1>Project "D:\P.L\Flutter\fresh_produce_app\FreshProduce.Api\FreshProduce.Api.csproj" (1) is building "D:\P.L\Flutter\fresh_produce_app\FreshProduce.Application\FreshProduce.Application.csproj" (2:5) on node 1 (_GenerateProjectRestoreGraph target(s)).
   2:5>Target "_GetRestoreProjectStyle" skipped. Previously built successfully.
       Target "_GetRestoreProjectStyle" skipped. Previously built successfully.
       Target "_GetRestoreProjectStyle" skipped. Previously built successfully.
   2:5>Target "_GetRestoreTargetFrameworkOverride" in file "C:\Program Files\dotnet\sdk\10.0.101\NuGet.targets" from project "D:\P.L\Flutter\fresh_produce_app\FreshProduce.Application\FreshProduce.Application.csproj" (target "_GetRestoreTargetFrameworksOutput" depends on it):
   2:5>Done building target "_GetRestoreTargetFrameworkOverride" in project "FreshProduce.Application.csproj".
   2:5>Target "_GetRestoreTargetFrameworksOutput" in file "C:\Program Files\dotnet\sdk\10.0.101\NuGet.targets" from project "D:\P.L\Flutter\fresh_produce_app\FreshProduce.Application\FreshProduce.Application.csproj" (target "_GenerateRestoreProjectSpec" depends on it):
       Using "GetProjectTargetFrameworksTask" task from assembly "C:\Program Files\dotnet\sdk\10.0.101\NuGet.Build.Tasks.dll".
       Task "GetProjectTargetFrameworksTask"
     1>Project "D:\P.L\Flutter\fresh_produce_app\FreshProduce.Api\FreshProduce.Api.csproj" (1) is building "D:\P.L\Flutter\fresh_produce_app\FreshProduce.Infrastructure\FreshProduce.Infrastructure.csproj" (4:4) on node 2 (_GenerateProjectRestoreGraph target(s)).
   4:4>Target "_GetRestoreProjectStyle" skipped. Previously built successfully.
       Target "_GetRestoreProjectStyle" skipped. Previously built successfully.
       Target "_GetRestoreProjectStyle" skipped. Previously built successfully.
   2:5>Done executing task "GetProjectTargetFrameworksTask".
   2:5>Done building target "_GetRestoreTargetFrameworksOutput" in project "FreshProduce.Application.csproj".
       Target "_GetRestoreSettings" skipped. Previously built successfully.
   2:5>Target "_GenerateRestoreProjectSpec" in file "C:\Program Files\dotnet\sdk\10.0.101\NuGet.targets" from project "D:\P.L\Flutter\fresh_produce_app\FreshProduce.Application\FreshProduce.Application.csproj" (target "_GenerateProjectRestoreGraph" depends on it):
       Task "ConvertToAbsolutePath"
       Done executing task "ConvertToAbsolutePath".
   4:4>Target "_GetRestoreTargetFrameworkOverride" in file "C:\Program Files\dotnet\sdk\10.0.101\NuGet.targets" from project "D:\P.L\Flutter\fresh_produce_app\FreshProduce.Infrastructure\FreshProduce.Infrastructure.csproj" (target "_GetRestoreTargetFrameworksOutput" depends on it):
   4:4>Done building target "_GetRestoreTargetFrameworkOverride" in project "FreshProduce.Infrastructure.csproj".
   2:5>Done building target "_GenerateRestoreProjectSpec" in project "FreshProduce.Application.csproj".
   4:4>Target "_GetRestoreTargetFrameworksOutput" in file "C:\Program Files\dotnet\sdk\10.0.101\NuGet.targets" from project "D:\P.L\Flutter\fresh_produce_app\FreshProduce.Infrastructure\FreshProduce.Infrastructure.csproj" (target "_GenerateRestoreProjectSpec" depends on it):
   4:4>Using "GetProjectTargetFrameworksTask" task from assembly "C:\Program Files\dotnet\sdk\10.0.101\NuGet.Build.Tasks.dll".
   2:5>Target "_GetRestoreProjectStyle" skipped. Previously built successfully.
       Target "CollectPackageReferences" skipped. Previously built successfully.
   2:5>Target "CollectPackageDownloads" in file "C:\Program Files\dotnet\sdk\10.0.101\NuGet.targets" from project "D:\P.L\Flutter\fresh_produce_app\FreshProduce.Application\FreshProduce.Application.csproj" (target "_CollectRestoreInputs" depends on it):
       Task "CheckForDuplicateNuGetItemsTask"
   4:4>Task "GetProjectTargetFrameworksTask"
       Done executing task "GetProjectTargetFrameworksTask".
   2:5>Done executing task "CheckForDuplicateNuGetItemsTask".
   2:5>Done building target "CollectPackageDownloads" in project "FreshProduce.Application.csproj".
   2:5>Target "CollectFrameworkReferences" in file "C:\Program Files\dotnet\sdk\10.0.101\NuGet.targets" from project "D:\P.L\Flutter\fresh_produce_app\FreshProduce.Application\FreshProduce.Application.csproj" (target "_CollectRestoreInputs" depends on it):
   2:5>Done building target "CollectFrameworkReferences" in project "FreshProduce.Application.csproj".
   2:5>Target "CollectCentralPackageVersions" in file "C:\Program Files\dotnet\sdk\10.0.101\NuGet.targets" from project "D:\P.L\Flutter\fresh_produce_app\FreshProduce.Application\FreshProduce.Application.csproj" (target "_CollectRestoreInputs" depends on it):
       Task "CheckForDuplicateNuGetItemsTask"
       Done executing task "CheckForDuplicateNuGetItemsTask".
   2:5>Done building target "CollectCentralPackageVersions" in project "FreshProduce.Application.csproj".
   2:5>Target "CollectNuGetAuditSuppressions" in file "C:\Program Files\dotnet\sdk\10.0.101\NuGet.targets" from project "D:\P.L\Flutter\fresh_produce_app\FreshProduce.Application\FreshProduce.Application.csproj" (target "_CollectRestoreInputs" depends on it):
       Task "CheckForDuplicateNuGetItemsTask"
   4:4>Done building target "_GetRestoreTargetFrameworksOutput" in project "FreshProduce.Infrastructure.csproj".
   2:5>Done executing task "CheckForDuplicateNuGetItemsTask".
   2:5>Done building target "CollectNuGetAuditSuppressions" in project "FreshProduce.Application.csproj".
   2:5>Target "CollectPrunePackageReferences" in file "C:\Program Files\dotnet\sdk\10.0.101\NuGet.targets" from project "D:\P.L\Flutter\fresh_produce_app\FreshProduce.Application\FreshProduce.Application.csproj" (target "_CollectRestoreInputs" depends on it):
       Task "CheckForDuplicateNuGetItemsTask"
   4:4>Target "_GetRestoreSettings" skipped. Previously built successfully.
   4:4>Target "_GenerateRestoreProjectSpec" in file "C:\Program Files\dotnet\sdk\10.0.101\NuGet.targets" from project "D:\P.L\Flutter\fresh_produce_app\FreshProduce.Infrastructure\FreshProduce.Infrastructure.csproj" (target "_GenerateProjectRestoreGraph" depends on it):
       Task "ConvertToAbsolutePath"
   2:5>Done executing task "CheckForDuplicateNuGetItemsTask".
   2:5>Done building target "CollectPrunePackageReferences" in project "FreshProduce.Application.csproj".
   2:5>Target "_CollectRestoreInputs" in file "C:\Program Files\dotnet\sdk\10.0.101\NuGet.targets" from project "D:\P.L\Flutter\fresh_produce_app\FreshProduce.Application\FreshProduce.Application.csproj" (target "_GenerateProjectRestoreGraphPerFramework" depends on it):
   2:5>Done building target "_CollectRestoreInputs" in project "FreshProduce.Application.csproj".
   2:5>Target "_GenerateProjectRestoreGraphPerFramework" in file "C:\Program Files\dotnet\sdk\10.0.101\NuGet.targets" from project "D:\P.L\Flutter\fresh_produce_app\FreshProduce.Application\FreshProduce.Application.csproj" (target "_GenerateProjectRestoreGraphCurrentProject" depends on it):
       Using "GetRestoreProjectReferencesTask" task from assembly "C:\Program Files\dotnet\sdk\10.0.101\NuGet.Build.Tasks.dll".
       Task "GetRestoreProjectReferencesTask"
   4:4>Done executing task "ConvertToAbsolutePath".
   4:4>Done building target "_GenerateRestoreProjectSpec" in project "FreshProduce.Infrastructure.csproj".
       Target "_GetRestoreProjectStyle" skipped. Previously built successfully.
       Target "CollectPackageReferences" skipped. Previously built successfully.
   2:5>Done executing task "GetRestoreProjectReferencesTask".
       Using "GetRestorePackageReferencesTask" task from assembly "C:\Program Files\dotnet\sdk\10.0.101\NuGet.Build.Tasks.dll".
       Task "GetRestorePackageReferencesTask"
       Done executing task "GetRestorePackageReferencesTask".
   4:4>Target "CollectPackageDownloads" in file "C:\Program Files\dotnet\sdk\10.0.101\NuGet.targets" from project "D:\P.L\Flutter\fresh_produce_app\FreshProduce.Infrastructure\FreshProduce.Infrastructure.csproj" (target "_CollectRestoreInputs" depends on it):
   4:4>Task "CheckForDuplicateNuGetItemsTask"
       Done executing task "CheckForDuplicateNuGetItemsTask".
   2:5>_GenerateProjectRestoreGraphPerFramework:
       Using "GetRestorePackageDownloadsTask" task from assembly "C:\Program Files\dotnet\sdk\10.0.101\NuGet.Build.Tasks.dll".
       Task "GetRestorePackageDownloadsTask"
       Done executing task "GetRestorePackageDownloadsTask".
   4:4>Done building target "CollectPackageDownloads" in project "FreshProduce.Infrastructure.csproj".
   2:5>_GenerateProjectRestoreGraphPerFramework:
       Using "GetRestoreFrameworkReferencesTask" task from assembly "C:\Program Files\dotnet\sdk\10.0.101\NuGet.Build.Tasks.dll".
       Task "GetRestoreFrameworkReferencesTask"
       Done executing task "GetRestoreFrameworkReferencesTask".
   4:4>Target "CollectFrameworkReferences" in file "C:\Program Files\dotnet\sdk\10.0.101\NuGet.targets" from project "D:\P.L\Flutter\fresh_produce_app\FreshProduce.Infrastructure\FreshProduce.Infrastructure.csproj" (target "_CollectRestoreInputs" depends on it):
   4:4>Done building target "CollectFrameworkReferences" in project "FreshProduce.Infrastructure.csproj".
   2:5>_GenerateProjectRestoreGraphPerFramework:
       Using "GetRestoreNuGetAuditSuppressionsTask" task from assembly "C:\Program Files\dotnet\sdk\10.0.101\NuGet.Build.Tasks.dll".
       Task "GetRestoreNuGetAuditSuppressionsTask"
   4:4>Target "CollectCentralPackageVersions" in file "C:\Program Files\dotnet\sdk\10.0.101\NuGet.targets" from project "D:\P.L\Flutter\fresh_produce_app\FreshProduce.Infrastructure\FreshProduce.Infrastructure.csproj" (target "_CollectRestoreInputs" depends on it):
   4:4>Task "CheckForDuplicateNuGetItemsTask"
       Done executing task "CheckForDuplicateNuGetItemsTask".
   2:5>Done executing task "GetRestoreNuGetAuditSuppressionsTask".
   4:4>Done building target "CollectCentralPackageVersions" in project "FreshProduce.Infrastructure.csproj".
   2:5>_GenerateProjectRestoreGraphPerFramework:
       Using "GetRestorePrunePackageReferencesTask" task from assembly "C:\Program Files\dotnet\sdk\10.0.101\NuGet.Build.Tasks.dll".
       Task "GetRestorePrunePackageReferencesTask"
       Done executing task "GetRestorePrunePackageReferencesTask".
   4:4>Target "CollectNuGetAuditSuppressions" in file "C:\Program Files\dotnet\sdk\10.0.101\NuGet.targets" from project "D:\P.L\Flutter\fresh_produce_app\FreshProduce.Infrastructure\FreshProduce.Infrastructure.csproj" (target "_CollectRestoreInputs" depends on it):
   4:4>Task "CheckForDuplicateNuGetItemsTask"
       Done executing task "CheckForDuplicateNuGetItemsTask".
   2:5>Done building target "_GenerateProjectRestoreGraphPerFramework" in project "FreshProduce.Application.csproj".
   2:5>Target "_GenerateProjectRestoreGraphCurrentProject" in file "C:\Program Files\dotnet\sdk\10.0.101\NuGet.targets" from project "D:\P.L\Flutter\fresh_produce_app\FreshProduce.Application\FreshProduce.Application.csproj" (target "_GenerateRestoreDependencies" depends on it):
   2:5>Done building target "_GenerateProjectRestoreGraphCurrentProject" in project "FreshProduce.Application.csproj".
   4:4>Done building target "CollectNuGetAuditSuppressions" in project "FreshProduce.Infrastructure.csproj".
   2:5>Target "_GenerateRestoreDependencies" in file "C:\Program Files\dotnet\sdk\10.0.101\NuGet.targets" from project "D:\P.L\Flutter\fresh_produce_app\FreshProduce.Application\FreshProduce.Application.csproj" (target "_GenerateProjectRestoreGraph" depends on it):
   2:5>Done building target "_GenerateRestoreDependencies" in project "FreshProduce.Application.csproj".
   2:5>Target "_GenerateProjectRestoreGraph" in file "C:\Program Files\dotnet\sdk\10.0.101\NuGet.targets" from project "D:\P.L\Flutter\fresh_produce_app\FreshProduce.Application\FreshProduce.Application.csproj" (entry point):
   2:5>Done building target "_GenerateProjectRestoreGraph" in project "FreshProduce.Application.csproj".
   2:5>Done Building Project "D:\P.L\Flutter\fresh_produce_app\FreshProduce.Application\FreshProduce.Application.csproj" (_GenerateProjectRestoreGraph target(s)).
   4:4>Target "CollectPrunePackageReferences" in file "C:\Program Files\dotnet\sdk\10.0.101\NuGet.targets" from project "D:\P.L\Flutter\fresh_produce_app\FreshProduce.Infrastructure\FreshProduce.Infrastructure.csproj" (target "_CollectRestoreInputs" depends on it):
   4:4>Task "CheckForDuplicateNuGetItemsTask"
       Done executing task "CheckForDuplicateNuGetItemsTask".
   4:4>Done building target "CollectPrunePackageReferences" in project "FreshProduce.Infrastructure.csproj".
   4:4>Target "_CollectRestoreInputs" in file "C:\Program Files\dotnet\sdk\10.0.101\NuGet.targets" from project "D:\P.L\Flutter\fresh_produce_app\FreshProduce.Infrastructure\FreshProduce.Infrastructure.csproj" (target "_GenerateProjectRestoreGraphPerFramework" depends on it):
   4:4>Done building target "_CollectRestoreInputs" in project "FreshProduce.Infrastructure.csproj".
   4:4>Target "_GenerateProjectRestoreGraphPerFramework" in file "C:\Program Files\dotnet\sdk\10.0.101\NuGet.targets" from project "D:\P.L\Flutter\fresh_produce_app\FreshProduce.Infrastructure\FreshProduce.Infrastructure.csproj" (target "_GenerateProjectRestoreGraphCurrentProject" depends on it):
       Using "GetRestoreProjectReferencesTask" task from assembly "C:\Program Files\dotnet\sdk\10.0.101\NuGet.Build.Tasks.dll".
       Task "GetRestoreProjectReferencesTask"
     1>Project "D:\P.L\Flutter\fresh_produce_app\FreshProduce.Api\FreshProduce.Api.csproj" (1) is building "D:\P.L\Flutter\fresh_produce_app\FreshProduce.Domain\FreshProduce.Domain.csproj" (3:5) on node 1 (_GenerateProjectRestoreGraph target(s)).
   3:5>Target "_GetRestoreProjectStyle" skipped. Previously built successfully.
       Target "_GetRestoreProjectStyle" skipped. Previously built successfully.
       Target "_GetRestoreProjectStyle" skipped. Previously built successfully.
   4:4>Done executing task "GetRestoreProjectReferencesTask".
   3:5>Target "_GetRestoreTargetFrameworkOverride" in file "C:\Program Files\dotnet\sdk\10.0.101\NuGet.targets" from project "D:\P.L\Flutter\fresh_produce_app\FreshProduce.Domain\FreshProduce.Domain.csproj" (target "_GetRestoreTargetFrameworksOutput" depends on it):
   3:5>Done building target "_GetRestoreTargetFrameworkOverride" in project "FreshProduce.Domain.csproj".
   4:4>_GenerateProjectRestoreGraphPerFramework:
       Using "GetRestorePackageReferencesTask" task from assembly "C:\Program Files\dotnet\sdk\10.0.101\NuGet.Build.Tasks.dll".
       Task "GetRestorePackageReferencesTask"
       Done executing task "GetRestorePackageReferencesTask".
   3:5>Target "_GetRestoreTargetFrameworksOutput" in file "C:\Program Files\dotnet\sdk\10.0.101\NuGet.targets" from project "D:\P.L\Flutter\fresh_produce_app\FreshProduce.Domain\FreshProduce.Domain.csproj" (target "_GenerateRestoreProjectSpec" depends on it):
   3:5>Using "GetProjectTargetFrameworksTask" task from assembly "C:\Program Files\dotnet\sdk\10.0.101\NuGet.Build.Tasks.dll".
       Task "GetProjectTargetFrameworksTask"
   4:4>_GenerateProjectRestoreGraphPerFramework:
       Using "GetRestorePackageDownloadsTask" task from assembly "C:\Program Files\dotnet\sdk\10.0.101\NuGet.Build.Tasks.dll".
       Task "GetRestorePackageDownloadsTask"
       Done executing task "GetRestorePackageDownloadsTask".
   3:5>Done executing task "GetProjectTargetFrameworksTask".
   3:5>Done building target "_GetRestoreTargetFrameworksOutput" in project "FreshProduce.Domain.csproj".
       Target "_GetRestoreSettings" skipped. Previously built successfully.
   3:5>Target "_GenerateRestoreProjectSpec" in file "C:\Program Files\dotnet\sdk\10.0.101\NuGet.targets" from project "D:\P.L\Flutter\fresh_produce_app\FreshProduce.Domain\FreshProduce.Domain.csproj" (target "_GenerateProjectRestoreGraph" depends on it):
       Task "ConvertToAbsolutePath"
       Done executing task "ConvertToAbsolutePath".
   4:4>_GenerateProjectRestoreGraphPerFramework:
       Using "GetRestoreFrameworkReferencesTask" task from assembly "C:\Program Files\dotnet\sdk\10.0.101\NuGet.Build.Tasks.dll".
   3:5>Done building target "_GenerateRestoreProjectSpec" in project "FreshProduce.Domain.csproj".
   4:4>Task "GetRestoreFrameworkReferencesTask"
   3:5>Target "_GetRestoreProjectStyle" skipped. Previously built successfully.
       Target "CollectPackageReferences" skipped. Previously built successfully.
   3:5>Target "CollectPackageDownloads" in file "C:\Program Files\dotnet\sdk\10.0.101\NuGet.targets" from project "D:\P.L\Flutter\fresh_produce_app\FreshProduce.Domain\FreshProduce.Domain.csproj" (target "_CollectRestoreInputs" depends on it):
       Task "CheckForDuplicateNuGetItemsTask"
   4:4>Done executing task "GetRestoreFrameworkReferencesTask".
   3:5>Done executing task "CheckForDuplicateNuGetItemsTask".
   3:5>Done building target "CollectPackageDownloads" in project "FreshProduce.Domain.csproj".
   3:5>Target "CollectFrameworkReferences" in file "C:\Program Files\dotnet\sdk\10.0.101\NuGet.targets" from project "D:\P.L\Flutter\fresh_produce_app\FreshProduce.Domain\FreshProduce.Domain.csproj" (target "_CollectRestoreInputs" depends on it):
   3:5>Done building target "CollectFrameworkReferences" in project "FreshProduce.Domain.csproj".
   3:5>Target "CollectCentralPackageVersions" in file "C:\Program Files\dotnet\sdk\10.0.101\NuGet.targets" from project "D:\P.L\Flutter\fresh_produce_app\FreshProduce.Domain\FreshProduce.Domain.csproj" (target "_CollectRestoreInputs" depends on it):
       Task "CheckForDuplicateNuGetItemsTask"
       Done executing task "CheckForDuplicateNuGetItemsTask".
   3:5>Done building target "CollectCentralPackageVersions" in project "FreshProduce.Domain.csproj".
   3:5>Target "CollectNuGetAuditSuppressions" in file "C:\Program Files\dotnet\sdk\10.0.101\NuGet.targets" from project "D:\P.L\Flutter\fresh_produce_app\FreshProduce.Domain\FreshProduce.Domain.csproj" (target "_CollectRestoreInputs" depends on it):
       Task "CheckForDuplicateNuGetItemsTask"
   4:4>_GenerateProjectRestoreGraphPerFramework:
       Using "GetRestoreNuGetAuditSuppressionsTask" task from assembly "C:\Program Files\dotnet\sdk\10.0.101\NuGet.Build.Tasks.dll".
   3:5>Done executing task "CheckForDuplicateNuGetItemsTask".
   3:5>Done building target "CollectNuGetAuditSuppressions" in project "FreshProduce.Domain.csproj".
   3:5>Target "CollectPrunePackageReferences" in file "C:\Program Files\dotnet\sdk\10.0.101\NuGet.targets" from project "D:\P.L\Flutter\fresh_produce_app\FreshProduce.Domain\FreshProduce.Domain.csproj" (target "_CollectRestoreInputs" depends on it):
       Task "CheckForDuplicateNuGetItemsTask"
   4:4>Task "GetRestoreNuGetAuditSuppressionsTask"
   3:5>Done executing task "CheckForDuplicateNuGetItemsTask".
   3:5>Done building target "CollectPrunePackageReferences" in project "FreshProduce.Domain.csproj".
   3:5>Target "_CollectRestoreInputs" in file "C:\Program Files\dotnet\sdk\10.0.101\NuGet.targets" from project "D:\P.L\Flutter\fresh_produce_app\FreshProduce.Domain\FreshProduce.Domain.csproj" (target "_GenerateProjectRestoreGraphPerFramework" depends on it):
   3:5>Done building target "_CollectRestoreInputs" in project "FreshProduce.Domain.csproj".
   3:5>Target "_GenerateProjectRestoreGraphPerFramework" in file "C:\Program Files\dotnet\sdk\10.0.101\NuGet.targets" from project "D:\P.L\Flutter\fresh_produce_app\FreshProduce.Domain\FreshProduce.Domain.csproj" (target "_GenerateProjectRestoreGraphCurrentProject" depends on it):
       Using "GetRestoreProjectReferencesTask" task from assembly "C:\Program Files\dotnet\sdk\10.0.101\NuGet.Build.Tasks.dll".
       Task "GetRestoreProjectReferencesTask"
   4:4>Done executing task "GetRestoreNuGetAuditSuppressionsTask".
       Using "GetRestorePrunePackageReferencesTask" task from assembly "C:\Program Files\dotnet\sdk\10.0.101\NuGet.Build.Tasks.dll".
       Task "GetRestorePrunePackageReferencesTask"
   3:5>Done executing task "GetRestoreProjectReferencesTask".
   4:4>Done executing task "GetRestorePrunePackageReferencesTask".
   3:5>_GenerateProjectRestoreGraphPerFramework:
       Using "GetRestorePackageReferencesTask" task from assembly "C:\Program Files\dotnet\sdk\10.0.101\NuGet.Build.Tasks.dll".
       Task "GetRestorePackageReferencesTask"
   4:4>Done building target "_GenerateProjectRestoreGraphPerFramework" in project "FreshProduce.Infrastructure.csproj".
   4:4>Target "_GenerateProjectRestoreGraphCurrentProject" in file "C:\Program Files\dotnet\sdk\10.0.101\NuGet.targets" from project "D:\P.L\Flutter\fresh_produce_app\FreshProduce.Infrastructure\FreshProduce.Infrastructure.csproj" (target "_GenerateRestoreDependencies" depends on it):
   4:4>Done building target "_GenerateProjectRestoreGraphCurrentProject" in project "FreshProduce.Infrastructure.csproj".
   3:5>Done executing task "GetRestorePackageReferencesTask".
       Using "GetRestorePackageDownloadsTask" task from assembly "C:\Program Files\dotnet\sdk\10.0.101\NuGet.Build.Tasks.dll".
   4:4>Target "_GenerateRestoreDependencies" in file "C:\Program Files\dotnet\sdk\10.0.101\NuGet.targets" from project "D:\P.L\Flutter\fresh_produce_app\FreshProduce.Infrastructure\FreshProduce.Infrastructure.csproj" (target "_GenerateProjectRestoreGraph" depends on it):
   4:4>Done building target "_GenerateRestoreDependencies" in project "FreshProduce.Infrastructure.csproj".
   3:5>Task "GetRestorePackageDownloadsTask"
   4:4>Target "_GenerateProjectRestoreGraph" in file "C:\Program Files\dotnet\sdk\10.0.101\NuGet.targets" from project "D:\P.L\Flutter\fresh_produce_app\FreshProduce.Infrastructure\FreshProduce.Infrastructure.csproj" (entry point):
   4:4>Done building target "_GenerateProjectRestoreGraph" in project "FreshProduce.Infrastructure.csproj".
   3:5>Done executing task "GetRestorePackageDownloadsTask".
       Using "GetRestoreFrameworkReferencesTask" task from assembly "C:\Program Files\dotnet\sdk\10.0.101\NuGet.Build.Tasks.dll".
       Task "GetRestoreFrameworkReferencesTask"
   4:4>Done Building Project "D:\P.L\Flutter\fresh_produce_app\FreshProduce.Infrastructure\FreshProduce.Infrastructure.csproj" (_GenerateProjectRestoreGraph target(s)).
   3:5>Done executing task "GetRestoreFrameworkReferencesTask".
       Using "GetRestoreNuGetAuditSuppressionsTask" task from assembly "C:\Program Files\dotnet\sdk\10.0.101\NuGet.Build.Tasks.dll".
       Task "GetRestoreNuGetAuditSuppressionsTask"
       Done executing task "GetRestoreNuGetAuditSuppressionsTask".
       Using "GetRestorePrunePackageReferencesTask" task from assembly "C:\Program Files\dotnet\sdk\10.0.101\NuGet.Build.Tasks.dll".
       Task "GetRestorePrunePackageReferencesTask"
       Done executing task "GetRestorePrunePackageReferencesTask".
   3:5>Done building target "_GenerateProjectRestoreGraphPerFramework" in project "FreshProduce.Domain.csproj".
   3:5>Target "_GenerateProjectRestoreGraphCurrentProject" in file "C:\Program Files\dotnet\sdk\10.0.101\NuGet.targets" from project "D:\P.L\Flutter\fresh_produce_app\FreshProduce.Domain\FreshProduce.Domain.csproj" (target "_GenerateRestoreDependencies" depends on it):
   3:5>Done building target "_GenerateProjectRestoreGraphCurrentProject" in project "FreshProduce.Domain.csproj".
   3:5>Target "_GenerateRestoreDependencies" in file "C:\Program Files\dotnet\sdk\10.0.101\NuGet.targets" from project "D:\P.L\Flutter\fresh_produce_app\FreshProduce.Domain\FreshProduce.Domain.csproj" (target "_GenerateProjectRestoreGraph" depends on it):
   3:5>Done building target "_GenerateRestoreDependencies" in project "FreshProduce.Domain.csproj".
   3:5>Target "_GenerateProjectRestoreGraph" in file "C:\Program Files\dotnet\sdk\10.0.101\NuGet.targets" from project "D:\P.L\Flutter\fresh_produce_app\FreshProduce.Domain\FreshProduce.Domain.csproj" (entry point):
   3:5>Done building target "_GenerateProjectRestoreGraph" in project "FreshProduce.Domain.csproj".
   3:5>Done Building Project "D:\P.L\Flutter\fresh_produce_app\FreshProduce.Domain\FreshProduce.Domain.csproj" (_GenerateProjectRestoreGraph target(s)).
     1>Project "D:\P.L\Flutter\fresh_produce_app\FreshProduce.Api\FreshProduce.Api.csproj" (1) is building "D:\P.L\Flutter\fresh_produce_app\FreshProduce.Api\FreshProduce.Api.csproj" (1:6) on node 1 (_GenerateProjectRestoreGraph target(s)).
   1:6>Target "_GetRestoreProjectStyle" skipped. Previously built successfully.
       Target "_GetRestoreProjectStyle" skipped. Previously built successfully.
       Target "_GetRestoreProjectStyle" skipped. Previously built successfully.
   1:6>Target "_GetRestoreTargetFrameworkOverride" in file "C:\Program Files\dotnet\sdk\10.0.101\NuGet.targets" from project "D:\P.L\Flutter\fresh_produce_app\FreshProduce.Api\FreshProduce.Api.csproj" (target "_GetRestoreTargetFrameworksOutput" depends on it):
   1:6>Done building target "_GetRestoreTargetFrameworkOverride" in project "FreshProduce.Api.csproj".
   1:6>Target "_GetRestoreTargetFrameworksOutput" in file "C:\Program Files\dotnet\sdk\10.0.101\NuGet.targets" from project "D:\P.L\Flutter\fresh_produce_app\FreshProduce.Api\FreshProduce.Api.csproj" (target "_GenerateRestoreProjectSpec" depends on it):
       Using "GetProjectTargetFrameworksTask" task from assembly "C:\Program Files\dotnet\sdk\10.0.101\NuGet.Build.Tasks.dll".
       Task "GetProjectTargetFrameworksTask"
       Done executing task "GetProjectTargetFrameworksTask".
   1:6>Done building target "_GetRestoreTargetFrameworksOutput" in project "FreshProduce.Api.csproj".
       Target "_GetRestoreSettings" skipped. Previously built successfully.
   1:6>Target "_GenerateRestoreProjectSpec" in file "C:\Program Files\dotnet\sdk\10.0.101\NuGet.targets" from project "D:\P.L\Flutter\fresh_produce_app\FreshProduce.Api\FreshProduce.Api.csproj" (target "_GenerateProjectRestoreGraph" depends on it):
       Task "ConvertToAbsolutePath"
       Done executing task "ConvertToAbsolutePath".
   1:6>Done building target "_GenerateRestoreProjectSpec" in project "FreshProduce.Api.csproj".
       Target "_GetRestoreProjectStyle" skipped. Previously built successfully.
       Target "CollectPackageReferences" skipped. Previously built successfully.
   1:6>Target "CollectPackageDownloads" in file "C:\Program Files\dotnet\sdk\10.0.101\NuGet.targets" from project "D:\P.L\Flutter\fresh_produce_app\FreshProduce.Api\FreshProduce.Api.csproj" (target "_CollectRestoreInputs" depends on it):
       Task "CheckForDuplicateNuGetItemsTask"
       Done executing task "CheckForDuplicateNuGetItemsTask".
   1:6>Done building target "CollectPackageDownloads" in project "FreshProduce.Api.csproj".
   1:6>Target "CollectFrameworkReferences" in file "C:\Program Files\dotnet\sdk\10.0.101\NuGet.targets" from project "D:\P.L\Flutter\fresh_produce_app\FreshProduce.Api\FreshProduce.Api.csproj" (target "_CollectRestoreInputs" depends on it):
   1:6>Done building target "CollectFrameworkReferences" in project "FreshProduce.Api.csproj".
   1:6>Target "CollectCentralPackageVersions" in file "C:\Program Files\dotnet\sdk\10.0.101\NuGet.targets" from project "D:\P.L\Flutter\fresh_produce_app\FreshProduce.Api\FreshProduce.Api.csproj" (target "_CollectRestoreInputs" depends on it):
       Task "CheckForDuplicateNuGetItemsTask"
       Done executing task "CheckForDuplicateNuGetItemsTask".
   1:6>Done building target "CollectCentralPackageVersions" in project "FreshProduce.Api.csproj".
   1:6>Target "CollectNuGetAuditSuppressions" in file "C:\Program Files\dotnet\sdk\10.0.101\NuGet.targets" from project "D:\P.L\Flutter\fresh_produce_app\FreshProduce.Api\FreshProduce.Api.csproj" (target "_CollectRestoreInputs" depends on it):
       Task "CheckForDuplicateNuGetItemsTask"
       Done executing task "CheckForDuplicateNuGetItemsTask".
   1:6>Done building target "CollectNuGetAuditSuppressions" in project "FreshProduce.Api.csproj".
   1:6>Target "CollectPrunePackageReferences" in file "C:\Program Files\dotnet\sdk\10.0.101\NuGet.targets" from project "D:\P.L\Flutter\fresh_produce_app\FreshProduce.Api\FreshProduce.Api.csproj" (target "_CollectRestoreInputs" depends on it):
       Task "CheckForDuplicateNuGetItemsTask"
       Done executing task "CheckForDuplicateNuGetItemsTask".
   1:6>Done building target "CollectPrunePackageReferences" in project "FreshProduce.Api.csproj".
   1:6>Target "_CollectRestoreInputs" in file "C:\Program Files\dotnet\sdk\10.0.101\NuGet.targets" from project "D:\P.L\Flutter\fresh_produce_app\FreshProduce.Api\FreshProduce.Api.csproj" (target "_GenerateProjectRestoreGraphPerFramework" depends on it):
   1:6>Done building target "_CollectRestoreInputs" in project "FreshProduce.Api.csproj".
   1:6>Target "_GenerateProjectRestoreGraphPerFramework" in file "C:\Program Files\dotnet\sdk\10.0.101\NuGet.targets" from project "D:\P.L\Flutter\fresh_produce_app\FreshProduce.Api\FreshProduce.Api.csproj" (target "_GenerateProjectRestoreGraphCurrentProject" depends on it):
       Using "GetRestoreProjectReferencesTask" task from assembly "C:\Program Files\dotnet\sdk\10.0.101\NuGet.Build.Tasks.dll".
       Task "GetRestoreProjectReferencesTask"
       Done executing task "GetRestoreProjectReferencesTask".
       Using "GetRestorePackageReferencesTask" task from assembly "C:\Program Files\dotnet\sdk\10.0.101\NuGet.Build.Tasks.dll".
       Task "GetRestorePackageReferencesTask"
       Done executing task "GetRestorePackageReferencesTask".
       Using "GetRestorePackageDownloadsTask" task from assembly "C:\Program Files\dotnet\sdk\10.0.101\NuGet.Build.Tasks.dll".
       Task "GetRestorePackageDownloadsTask"
       Done executing task "GetRestorePackageDownloadsTask".
       Using "GetRestoreFrameworkReferencesTask" task from assembly "C:\Program Files\dotnet\sdk\10.0.101\NuGet.Build.Tasks.dll".
       Task "GetRestoreFrameworkReferencesTask"
       Done executing task "GetRestoreFrameworkReferencesTask".
       Using "GetRestoreNuGetAuditSuppressionsTask" task from assembly "C:\Program Files\dotnet\sdk\10.0.101\NuGet.Build.Tasks.dll".
       Task "GetRestoreNuGetAuditSuppressionsTask"
       Done executing task "GetRestoreNuGetAuditSuppressionsTask".
       Using "GetRestorePrunePackageReferencesTask" task from assembly "C:\Program Files\dotnet\sdk\10.0.101\NuGet.Build.Tasks.dll".
       Task "GetRestorePrunePackageReferencesTask"
       Done executing task "GetRestorePrunePackageReferencesTask".
   1:6>Done building target "_GenerateProjectRestoreGraphPerFramework" in project "FreshProduce.Api.csproj".
   1:6>Target "_GenerateProjectRestoreGraphCurrentProject" in file "C:\Program Files\dotnet\sdk\10.0.101\NuGet.targets" from project "D:\P.L\Flutter\fresh_produce_app\FreshProduce.Api\FreshProduce.Api.csproj" (target "_GenerateRestoreDependencies" depends on it):
   1:6>Done building target "_GenerateProjectRestoreGraphCurrentProject" in project "FreshProduce.Api.csproj".
   1:6>Target "_GenerateRestoreDependencies" in file "C:\Program Files\dotnet\sdk\10.0.101\NuGet.targets" from project "D:\P.L\Flutter\fresh_produce_app\FreshProduce.Api\FreshProduce.Api.csproj" (target "_GenerateProjectRestoreGraph" depends on it):
   1:6>Done building target "_GenerateRestoreDependencies" in project "FreshProduce.Api.csproj".
   1:6>Target "_GenerateProjectRestoreGraph" in file "C:\Program Files\dotnet\sdk\10.0.101\NuGet.targets" from project "D:\P.L\Flutter\fresh_produce_app\FreshProduce.Api\FreshProduce.Api.csproj" (entry point):
   1:6>Done building target "_GenerateProjectRestoreGraph" in project "FreshProduce.Api.csproj".
   1:6>Done Building Project "D:\P.L\Flutter\fresh_produce_app\FreshProduce.Api\FreshProduce.Api.csproj" (_GenerateProjectRestoreGraph target(s)).
     1>Done executing task "MSBuild".
     1>Done building target "_GenerateRestoreGraph" in project "FreshProduce.Api.csproj".
     1>Target "_CollectTargetFrameworkForTelemetry" in file "C:\Program Files\dotnet\sdk\10.0.101\Sdks\Microsoft.NET.Sdk\targets\Microsoft.NET.TargetFrameworkInference.targets" from project "D:\P.L\Flutter\fresh_produce_app\FreshProduce.Api\FreshProduce.Api.csproj" (target "Restore" depends on it):
       Using "AllowEmptyTelemetry" task from assembly "C:\Program Files\dotnet\sdk\10.0.101\Sdks\Microsoft.NET.Sdk\targets\..\tools\net10.0\Microsoft.NET.Build.Tasks.dll".
       Task "AllowEmptyTelemetry"
       Done executing task "AllowEmptyTelemetry".
     1>Done building target "_CollectTargetFrameworkForTelemetry" in project "FreshProduce.Api.csproj".
     1>Target "_CheckForUnsupportedNETCoreVersion" in file "C:\Program Files\dotnet\sdk\10.0.101\Sdks\Microsoft.NET.Sdk\targets\Microsoft.NET.TargetFrameworkInference.targets" from project "D:\P.L\Flutter\fresh_produce_app\FreshProduce.Api\FreshProduce.Api.csproj" (target "Restore" depends on it):
     1>Done building target "_CheckForUnsupportedNETCoreVersion" in project "FreshProduce.Api.csproj".
     1>Target "_CheckForUnsupportedCppNETCoreVersion" in file "C:\Program Files\dotnet\sdk\10.0.101\Sdks\Microsoft.NET.Sdk\targets\Microsoft.NET.TargetFrameworkInference.targets" from project "D:\P.L\Flutter\fresh_produce_app\FreshProduce.Api\FreshProduce.Api.csproj" (target "Restore" depends on it):
     1>Done building target "_CheckForUnsupportedCppNETCoreVersion" in project "FreshProduce.Api.csproj".
     1>Target "Restore" in file "C:\Program Files\dotnet\sdk\10.0.101\NuGet.targets" from project "D:\P.L\Flutter\fresh_produce_app\FreshProduce.Api\FreshProduce.Api.csproj" (entry point):
       Task "RemoveDuplicates"
       Done executing task "RemoveDuplicates".
       Using "RestoreTask" task from assembly "C:\Program Files\dotnet\sdk\10.0.101\NuGet.Build.Tasks.dll".
       Task "RestoreTask"
         Assembly loaded during TaskRun (NuGet.Build.Tasks.RestoreTask): NuGet.Packaging, Version=7.0.0.0, Culture=neutral, PublicKeyToken=31bf3856ad364e35 (location: C:\Program Files\dotnet\sdk\10.0.101\NuGet.Packaging.dll, MVID: cbfc9ed0-7866-469b-9c1f-f25d50faee97, AssemblyLoadContext: MSBuild plugin C:\Program Files\dotnet\sdk\10.0.101\NuGet.Build.Tasks.dll)
         Assembly loaded during TaskRun (NuGet.Build.Tasks.RestoreTask): NuGet.LibraryModel, Version=7.0.0.0, Culture=neutral, PublicKeyToken=31bf3856ad364e35 (location: C:\Program Files\dotnet\sdk\10.0.101\NuGet.LibraryModel.dll, MVID: 68a4d051-6665-4b74-809a-7f38ce15fd8b, AssemblyLoadContext: MSBuild plugin C:\Program Files\dotnet\sdk\10.0.101\NuGet.Build.Tasks.dll)
         Assembly loaded during TaskRun (NuGet.Build.Tasks.RestoreTask): NuGet.Versioning, Version=7.0.0.0, Culture=neutral, PublicKeyToken=31bf3856ad364e35 (location: C:\Program Files\dotnet\sdk\10.0.101\NuGet.Versioning.dll, MVID: db6fa9f4-313d-4c04-8b3b-dcde2ca3467c, AssemblyLoadContext: MSBuild plugin C:\Program Files\dotnet\sdk\10.0.101\NuGet.Build.Tasks.dll)
         Assembly loaded during TaskRun (NuGet.Build.Tasks.RestoreTask): NuGet.Frameworks, Version=7.0.0.0, Culture=neutral, PublicKeyToken=31bf3856ad364e35 (location: C:\Program Files\dotnet\sdk\10.0.101\NuGet.Frameworks.dll, MVID: e913a35d-983d-474c-b844-7b99e57f87c3, AssemblyLoadContext: MSBuild plugin C:\Program Files\dotnet\sdk\10.0.101\NuGet.Build.Tasks.dll)
         Assembly loaded during TaskRun (NuGet.Build.Tasks.RestoreTask): NuGet.Protocol, Version=7.0.0.0, Culture=neutral, PublicKeyToken=31bf3856ad364e35 (location: C:\Program Files\dotnet\sdk\10.0.101\NuGet.Protocol.dll, MVID: b29fe50d-16a8-4275-9f03-4c61a549b3e9, AssemblyLoadContext: MSBuild plugin C:\Program Files\dotnet\sdk\10.0.101\NuGet.Build.Tasks.dll)
         Assembly loaded during TaskRun (NuGet.Build.Tasks.RestoreTask): NuGet.Credentials, Version=7.0.0.0, Culture=neutral, PublicKeyToken=31bf3856ad364e35 (location: C:\Program Files\dotnet\sdk\10.0.101\NuGet.Credentials.dll, MVID: a9f47e63-9cf1-4e3d-a1ac-19ffa2efaf93, AssemblyLoadContext: MSBuild plugin C:\Program Files\dotnet\sdk\10.0.101\NuGet.Build.Tasks.dll)
         Assembly loaded during TaskRun (NuGet.Build.Tasks.RestoreTask): System.Collections.NonGeneric, Version=10.0.0.0, Culture=neutral, PublicKeyToken=b03f5f7f11d50a3a (location: C:\Program Files\dotnet\shared\Microsoft.NETCore.App\10.0.1\System.Collections.NonGeneric.dll, MVID: 5048f4ab-dbd8-4b4b-9e0f-fa8f211354cf, AssemblyLoadContext: Default)
         X.509 certificate chain validation will use the default trust store selected by .NET for code signing.
         X.509 certificate chain validation will use the default trust store selected by .NET for timestamping.
         Assembly loaded during TaskRun (NuGet.Build.Tasks.RestoreTask): NuGet.DependencyResolver.Core, Version=7.0.0.0, Culture=neutral, PublicKeyToken=31bf3856ad364e35 (location: C:\Program Files\dotnet\sdk\10.0.101\NuGet.DependencyResolver.Core.dll, MVID: 56b6dee4-cc63-4485-beb0-97d06d74b4ea, AssemblyLoadContext: MSBuild plugin C:\Program Files\dotnet\sdk\10.0.101\NuGet.Build.Tasks.dll)
         Running restore with 20 concurrent jobs.
         Reading project file D:\P.L\Flutter\fresh_produce_app\FreshProduce.Infrastructure\FreshProduce.Infrastructure.csproj.
         Reading project file D:\P.L\Flutter\fresh_produce_app\FreshProduce.Api\FreshProduce.Api.csproj.
         Reading project file D:\P.L\Flutter\fresh_produce_app\FreshProduce.Domain\FreshProduce.Domain.csproj.
         Reading project file D:\P.L\Flutter\fresh_produce_app\FreshProduce.Application\FreshProduce.Application.csproj.
         Assembly loaded during TaskRun (NuGet.Build.Tasks.RestoreTask): Newtonsoft.Json, Version=13.0.0.0, Culture=neutral, PublicKeyToken=30ad4fe6b2a6aeed (location: C:\Program Files\dotnet\sdk\10.0.101\Newtonsoft.Json.dll, MVID: 7e62198b-eab2-4380-bbac-29171862d1d8, AssemblyLoadContext: MSBuild plugin C:\Program Files\dotnet\sdk\10.0.101\NuGet.Build.Tasks.dll)
         Assembly loaded during TaskRun (NuGet.Build.Tasks.RestoreTask): System.Runtime.Serialization.Primitives, Version=10.0.0.0, Culture=neutral, PublicKeyToken=b03f5f7f11d50a3a (location: C:\Program Files\dotnet\shared\Microsoft.NETCore.App\10.0.1\System.Runtime.Serialization.Primitives.dll, MVID: ecfab76f-cf3b-4dfa-bd5a-f89982539174, AssemblyLoadContext: Default)
         Assembly loaded during TaskRun (NuGet.Build.Tasks.RestoreTask): System.Runtime.Numerics, Version=10.0.0.0, Culture=neutral, PublicKeyToken=b03f5f7f11d50a3a (location: C:\Program Files\dotnet\shared\Microsoft.NETCore.App\10.0.1\System.Runtime.Numerics.dll, MVID: 2efebce6-89c0-4a73-8fdb-4ca4d03b91e8, AssemblyLoadContext: Default)
         Assembly loaded during TaskRun (NuGet.Build.Tasks.RestoreTask): System.Text.Encodings.Web, Version=10.0.0.0, Culture=neutral, PublicKeyToken=cc7b13ffcd2ddd51 (location: C:\Program Files\dotnet\shared\Microsoft.NETCore.App\10.0.1\System.Text.Encodings.Web.dll, MVID: 989cf696-308d-45ef-a7d8-f629ee2e0d57, AssemblyLoadContext: Default)
         Assembly loaded during TaskRun (NuGet.Build.Tasks.RestoreTask): System.Reflection.Emit.Lightweight, Version=10.0.0.0, Culture=neutral, PublicKeyToken=b03f5f7f11d50a3a (location: C:\Program Files\dotnet\shared\Microsoft.NETCore.App\10.0.1\System.Reflection.Emit.Lightweight.dll, MVID: 54ccc9db-0db2-483c-9249-13f28812d0da, AssemblyLoadContext: Default)
         Assembly loaded during TaskRun (NuGet.Build.Tasks.RestoreTask): System.Reflection.Primitives, Version=10.0.0.0, Culture=neutral, PublicKeyToken=b03f5f7f11d50a3a (location: C:\Program Files\dotnet\shared\Microsoft.NETCore.App\10.0.1\System.Reflection.Primitives.dll, MVID: eabd85f7-9632-491e-a34a-adfb84d9810e, AssemblyLoadContext: Default)
         Assembly loaded during TaskRun (NuGet.Build.Tasks.RestoreTask): System.Reflection.Emit.ILGeneration, Version=10.0.0.0, Culture=neutral, PublicKeyToken=b03f5f7f11d50a3a (location: C:\Program Files\dotnet\shared\Microsoft.NETCore.App\10.0.1\System.Reflection.Emit.ILGeneration.dll, MVID: 89cc0fb1-7534-4cbe-bb6f-05a7e2856a66, AssemblyLoadContext: Default)
         The restore inputs for 'FreshProduce.Application' have not changed. No further actions are required to complete the restore.
         The restore inputs for 'FreshProduce.Domain' have not changed. No further actions are required to complete the restore.
         Committing restore...
         Committing restore...
         Assets file has not changed. Skipping assets file writing. Path: D:\P.L\Flutter\fresh_produce_app\FreshProduce.Application\obj\project.assets.json
         Assets file has not changed. Skipping assets file writing. Path: D:\P.L\Flutter\fresh_produce_app\FreshProduce.Domain\obj\project.assets.json
         No-Op restore. The cache will not be updated. Path: D:\P.L\Flutter\fresh_produce_app\FreshProduce.Application\obj\project.nuget.cache
         No-Op restore. The cache will not be updated. Path: D:\P.L\Flutter\fresh_produce_app\FreshProduce.Domain\obj\project.nuget.cache
         Restored D:\P.L\Flutter\fresh_produce_app\FreshProduce.Application\FreshProduce.Application.csproj (in 43 ms).
         Restored D:\P.L\Flutter\fresh_produce_app\FreshProduce.Domain\FreshProduce.Domain.csproj (in 43 ms).
         The restore inputs for 'FreshProduce.Api' have not changed. No further actions are required to complete the restore.
         Committing restore...
         Assets file has not changed. Skipping assets file writing. Path: D:\P.L\Flutter\fresh_produce_app\FreshProduce.Api\obj\project.assets.json
         No-Op restore. The cache will not be updated. Path: D:\P.L\Flutter\fresh_produce_app\FreshProduce.Api\obj\project.nuget.cache
         Restored D:\P.L\Flutter\fresh_produce_app\FreshProduce.Api\FreshProduce.Api.csproj (in 46 ms).
         The restore inputs for 'FreshProduce.Infrastructure' have not changed. No further actions are required to complete the restore.
         Committing restore...
         Assets file has not changed. Skipping assets file writing. Path: D:\P.L\Flutter\fresh_produce_app\FreshProduce.Infrastructure\obj\project.assets.json
         No-Op restore. The cache will not be updated. Path: D:\P.L\Flutter\fresh_produce_app\FreshProduce.Infrastructure\obj\project.nuget.cache
         Restored D:\P.L\Flutter\fresh_produce_app\FreshProduce.Infrastructure\FreshProduce.Infrastructure.csproj (in 47 ms).
         
         NuGet Config files used:
             C:\Users\Dell\AppData\Roaming\NuGet\NuGet.Config
             C:\Program Files (x86)\NuGet\Config\Microsoft.VisualStudio.FallbackLocation.config
             C:\Program Files (x86)\NuGet\Config\Microsoft.VisualStudio.Offline.config
         
         Feeds used:
             https://api.nuget.org/v3/index.json
             C:\Program Files (x86)\Microsoft SDKs\NuGetPackages\
         All projects are up-to-date for restore.
       Done executing task "RestoreTask".
     1>Done building target "Restore" in project "FreshProduce.Api.csproj".
     1>Done Building Project "D:\P.L\Flutter\fresh_produce_app\FreshProduce.Api\FreshProduce.Api.csproj" (Restore target(s)).
     0>The SDK "Microsoft.NET.Sdk.Web" was successfully resolved by the "DefaultSdkResolver" resolver to location "C:\Program Files\dotnet\sdk\10.0.101\Sdks\Microsoft.NET.Sdk.Web\Sdk" and version "".
       C:\Program Files\dotnet\sdk\10.0.101\Sdks\Microsoft.NET.Sdk\Sdk\Sdk.props(49,11): message : Property 'MSBuildExtensionsPath' with value 'C:\Program Files\dotnet\sdk\10.0.101\' expanded from the environment.
       C:\Program Files\dotnet\sdk\10.0.101\Current\Microsoft.Common.props(60,5): message : Property reassignment: $(MSBuildProjectExtensionsPath)="D:\P.L\Flutter\fresh_produce_app\FreshProduce.Api\obj\" (previous value: "obj\") at C:\Program Files\dotnet\sdk\10.0.101\Current\Microsoft.Common.props (60,5)
       D:\P.L\Flutter\fresh_produce_app\FreshProduce.Api\obj\FreshProduce.Api.csproj.nuget.g.props(7,5): message : Property 'USERPROFILE' with value 'C:\Users\Dell' expanded from the environment.
       C:\Users\Dell\.nuget\packages\swashbuckle.aspnetcore\6.5.0\build\Swashbuckle.AspNetCore.props(3,5): message : Property reassignment: $(OpenApiGenerateDocumentsOnBuild)="false" (previous value: "") at C:\Users\Dell\.nuget\packages\swashbuckle.aspnetcore\6.5.0\build\Swashbuckle.AspNetCore.props (3,5)
       C:\Program Files\dotnet\sdk\10.0.101\Current\Microsoft.Common.props(84,119): message : Property 'MSBuildUserExtensionsPath' with value 'C:\Users\Dell\AppData\Local\Microsoft\MSBuild' expanded from the environment.
       C:\Program Files\dotnet\sdk\10.0.101\Sdks\Microsoft.NET.Sdk\targets\Microsoft.NET.Sdk.props(90,5): message : Property reassignment: $(AssemblySearchPaths)="{CandidateAssemblyFiles};{HintPathFromItem}" (previous value: "{CandidateAssemblyFiles}") at C:\Program Files\dotnet\sdk\10.0.101\Sdks\Microsoft.NET.Sdk\targets\Microsoft.NET.Sdk.props (90,5)
       C:\Program Files\dotnet\sdk\10.0.101\Sdks\Microsoft.NET.Sdk\targets\Microsoft.NET.Sdk.props(91,5): message : Property reassignment: $(AssemblySearchPaths)="{CandidateAssemblyFiles};{HintPathFromItem};{TargetFrameworkDirectory}" (previous value: "{CandidateAssemblyFiles};{HintPathFromItem}") at C:\Program Files\dotnet\sdk\10.0.101\Sdks\Microsoft.NET.Sdk\targets\Microsoft.NET.Sdk.props (91,5)
       C:\Program Files\dotnet\sdk\10.0.101\Sdks\Microsoft.NET.Sdk\targets\Microsoft.NET.Sdk.props(92,5): message : Property reassignment: $(AssemblySearchPaths)="{CandidateAssemblyFiles};{HintPathFromItem};{TargetFrameworkDirectory};{RawFileName}" (previous value: "{CandidateAssemblyFiles};{HintPathFromItem};{TargetFrameworkDirectory}") at C:\Program Files\dotnet\sdk\10.0.101\Sdks\Microsoft.NET.Sdk\targets\Microsoft.NET.Sdk.props (92,5)
       The SDK "Microsoft.NET.Sdk.Razor" was successfully resolved by the "DefaultSdkResolver" resolver to location "C:\Program Files\dotnet\sdk\10.0.101\Sdks\Microsoft.NET.Sdk.Razor\Sdk" and version "".
       The SDK "Microsoft.NET.Sdk.StaticWebAssets" was successfully resolved by the "DefaultSdkResolver" resolver to location "C:\Program Files\dotnet\sdk\10.0.101\Sdks\Microsoft.NET.Sdk.StaticWebAssets\Sdk" and version "".
       C:\Program Files\dotnet\sdk\10.0.101\Sdks\Microsoft.NET.Sdk.StaticWebAssets\Sdk\Sdk.StaticWebAssets.StaticAssets.ProjectSystem.props(23,5): message : Property reassignment: $(DefaultItemExcludes)=";**\node_modules\**;node_modules\**;**\jspm_packages\**;jspm_packages\**" (previous value: ";**\node_modules\**;node_modules\**") at C:\Program Files\dotnet\sdk\10.0.101\Sdks\Microsoft.NET.Sdk.StaticWebAssets\Sdk\Sdk.StaticWebAssets.StaticAssets.ProjectSystem.props (23,5)
       C:\Program Files\dotnet\sdk\10.0.101\Sdks\Microsoft.NET.Sdk.StaticWebAssets\Sdk\Sdk.StaticWebAssets.StaticAssets.ProjectSystem.props(24,5): message : Property reassignment: $(DefaultItemExcludes)=";**\node_modules\**;node_modules\**;**\jspm_packages\**;jspm_packages\**;**\bower_components\**;bower_components\**" (previous value: ";**\node_modules\**;node_modules\**;**\jspm_packages\**;jspm_packages\**") at C:\Program Files\dotnet\sdk\10.0.101\Sdks\Microsoft.NET.Sdk.StaticWebAssets\Sdk\Sdk.StaticWebAssets.StaticAssets.ProjectSystem.props (24,5)
       C:\Program Files\dotnet\sdk\10.0.101\Sdks\Microsoft.NET.Sdk.StaticWebAssets\Sdk\Sdk.StaticWebAssets.StaticAssets.ProjectSystem.props(25,5): message : Property reassignment: $(DefaultItemExcludes)=";**\node_modules\**;node_modules\**;**\jspm_packages\**;jspm_packages\**;**\bower_components\**;bower_components\**;**\packages.lock.json" (previous value: ";**\node_modules\**;node_modules\**;**\jspm_packages\**;jspm_packages\**;**\bower_components\**;bower_components\**") at C:\Program Files\dotnet\sdk\10.0.101\Sdks\Microsoft.NET.Sdk.StaticWebAssets\Sdk\Sdk.StaticWebAssets.StaticAssets.ProjectSystem.props (25,5)
       The SDK "Microsoft.NET.Sdk.Web.ProjectSystem" was successfully resolved by the "DefaultSdkResolver" resolver to location "C:\Program Files\dotnet\sdk\10.0.101\Sdks\Microsoft.NET.Sdk.Web.ProjectSystem\Sdk" and version "".
       C:\Program Files\dotnet\sdk\10.0.101\Sdks\Microsoft.NET.Sdk.Web.ProjectSystem\targets\Microsoft.NET.Sdk.Web.ProjectSystem.props(16,5): message : Property reassignment: $(OutputType)="Exe" (previous value: "Library") at C:\Program Files\dotnet\sdk\10.0.101\Sdks\Microsoft.NET.Sdk.Web.ProjectSystem\targets\Microsoft.NET.Sdk.Web.ProjectSystem.props (16,5)
       The SDK "Microsoft.NET.Sdk.Publish" was successfully resolved by the "DefaultSdkResolver" resolver to location "C:\Program Files\dotnet\sdk\10.0.101\Sdks\Microsoft.NET.Sdk.Publish\Sdk" and version "".
       C:\Program Files\dotnet\sdk\10.0.101\Sdks\Microsoft.NET.Sdk\targets\Microsoft.NET.Sdk.ImportPublishProfile.targets(28,5): message : Property reassignment: $(PublishProfileImported)="false" (previous value: "true") at C:\Program Files\dotnet\sdk\10.0.101\Sdks\Microsoft.NET.Sdk\targets\Microsoft.NET.Sdk.ImportPublishProfile.targets (28,5)
       C:\Program Files\dotnet\sdk\10.0.101\Sdks\Microsoft.NET.Sdk\targets\Microsoft.NET.TargetFrameworkInference.targets(81,5): message : Property reassignment: $(TargetPlatformVersion)="" (previous value: "0.0") at C:\Program Files\dotnet\sdk\10.0.101\Sdks\Microsoft.NET.Sdk\targets\Microsoft.NET.TargetFrameworkInference.targets (81,5)
       C:\Program Files\dotnet\sdk\10.0.101\Sdks\Microsoft.NET.Sdk\targets\Microsoft.NET.DefaultOutputPaths.targets(126,5): message : Property reassignment: $(DefaultItemExcludes)=";**\node_modules\**;node_modules\**;**\jspm_packages\**;jspm_packages\**;**\bower_components\**;bower_components\**;**\packages.lock.json;bin\Debug\/**" (previous value: ";**\node_modules\**;node_modules\**;**\jspm_packages\**;jspm_packages\**;**\bower_components\**;bower_components\**;**\packages.lock.json") at C:\Program Files\dotnet\sdk\10.0.101\Sdks\Microsoft.NET.Sdk\targets\Microsoft.NET.DefaultOutputPaths.targets (126,5)
       C:\Program Files\dotnet\sdk\10.0.101\Sdks\Microsoft.NET.Sdk\targets\Microsoft.NET.DefaultOutputPaths.targets(127,5): message : Property reassignment: $(DefaultItemExcludes)=";**\node_modules\**;node_modules\**;**\jspm_packages\**;jspm_packages\**;**\bower_components\**;bower_components\**;**\packages.lock.json;bin\Debug\/**;obj\Debug\/**" (previous value: ";**\node_modules\**;node_modules\**;**\jspm_packages\**;jspm_packages\**;**\bower_components\**;bower_components\**;**\packages.lock.json;bin\Debug\/**") at C:\Program Files\dotnet\sdk\10.0.101\Sdks\Microsoft.NET.Sdk\targets\Microsoft.NET.DefaultOutputPaths.targets (127,5)
       C:\Program Files\dotnet\sdk\10.0.101\Sdks\Microsoft.NET.Sdk\targets\Microsoft.NET.DefaultOutputPaths.targets(142,5): message : Property reassignment: $(OutputPath)="bin\Debug\net9.0\" (previous value: "bin\Debug\") at C:\Program Files\dotnet\sdk\10.0.101\Sdks\Microsoft.NET.Sdk\targets\Microsoft.NET.DefaultOutputPaths.targets (142,5)
       C:\Program Files\dotnet\sdk\10.0.101\Sdks\Microsoft.NET.Sdk\targets\Microsoft.NET.DefaultOutputPaths.targets(147,5): message : Property reassignment: $(IntermediateOutputPath)="obj\Debug\net9.0\" (previous value: "obj\Debug\") at C:\Program Files\dotnet\sdk\10.0.101\Sdks\Microsoft.NET.Sdk\targets\Microsoft.NET.DefaultOutputPaths.targets (147,5)
       C:\Program Files\dotnet\sdk\10.0.101\Sdks\Microsoft.NET.Sdk\targets\Microsoft.NET.Sdk.BeforeCommon.targets(371,5): message : Property reassignment: $(RoslynTargetsPath)="C:\Program Files\dotnet\sdk\10.0.101\Sdks\Microsoft.NET.Sdk\targets\..\..\..\Roslyn" (previous value: "C:\Program Files\dotnet\sdk\10.0.101\Roslyn") at C:\Program Files\dotnet\sdk\10.0.101\Sdks\Microsoft.NET.Sdk\targets\Microsoft.NET.Sdk.BeforeCommon.targets (371,5)
       C:\Program Files\dotnet\sdk\10.0.101\Roslyn\Microsoft.Managed.Core.targets(6,5): message : Property reassignment: $(_BuildTasksDirectory)="C:\Program Files\dotnet\sdk\10.0.101\Sdks\Microsoft.NET.Sdk\targets\..\..\..\Roslyn\" (previous value: "C:\Program Files\dotnet\sdk\10.0.101\Roslyn\") at C:\Program Files\dotnet\sdk\10.0.101\Roslyn\Microsoft.Managed.Core.targets (6,5)
       C:\Program Files\dotnet\sdk\10.0.101\Roslyn\Microsoft.CSharp.Core.targets(200,5): message : Property reassignment: $(CommandLineArgsForDesignTimeEvaluation)="-langversion:13.0 -define:TRACE" (previous value: "-langversion:13.0") at C:\Program Files\dotnet\sdk\10.0.101\Roslyn\Microsoft.CSharp.Core.targets (200,5)
       C:\Program Files\dotnet\sdk\10.0.101\Microsoft.Common.CurrentVersion.targets(175,5): message : Property reassignment: $(_DebugSymbolsProduced)="true" (previous value: "false") at C:\Program Files\dotnet\sdk\10.0.101\Microsoft.Common.CurrentVersion.targets (175,5)
       C:\Program Files\dotnet\sdk\10.0.101\Microsoft.Common.CurrentVersion.targets(185,5): message : Property reassignment: $(_DocumentationFileProduced)="false" (previous value: "true") at C:\Program Files\dotnet\sdk\10.0.101\Microsoft.Common.CurrentVersion.targets (185,5)
       C:\Program Files\dotnet\sdk\10.0.101\Microsoft.Common.CurrentVersion.targets(392,5): message : Property reassignment: $(MSBuildCopyMarkerName)="FreshPro.72E9DB78" (previous value: "FreshProduce.Api.csproj") at C:\Program Files\dotnet\sdk\10.0.101\Microsoft.Common.CurrentVersion.targets (392,5)
       C:\Program Files\dotnet\sdk\10.0.101\Microsoft.Common.CurrentVersion.targets(393,5): message : Property reassignment: $(MSBuildCopyMarkerName)="FreshPro.72E9DB78.Up2Date" (previous value: "FreshPro.72E9DB78") at C:\Program Files\dotnet\sdk\10.0.101\Microsoft.Common.CurrentVersion.targets (393,5)
       C:\Program Files\dotnet\sdk\10.0.101\Microsoft.Common.CurrentVersion.targets(541,5): message : Property reassignment: $(ProcessorArchitecture)="msil" (previous value: "") at C:\Program Files\dotnet\sdk\10.0.101\Microsoft.Common.CurrentVersion.targets (541,5)
       C:\Program Files\dotnet\sdk\10.0.101\Microsoft.Common.CurrentVersion.targets(580,5): message : Property reassignment: $(DelaySign)="" (previous value: "false") at C:\Program Files\dotnet\sdk\10.0.101\Microsoft.Common.CurrentVersion.targets (580,5)
       C:\Program Files\dotnet\sdk\10.0.101\Microsoft.Common.CurrentVersion.targets(2606,5): message : Property 'LOCALAPPDATA' with value 'C:\Users\Dell\AppData\Local' expanded from the environment.
       C:\Program Files\dotnet\sdk\10.0.101\Microsoft.Common.CurrentVersion.targets(3934,5): message : Property reassignment: $(_SGenGenerateSerializationAssembliesConfig)="Auto" (previous value: "") at C:\Program Files\dotnet\sdk\10.0.101\Microsoft.Common.CurrentVersion.targets (3934,5)
       C:\Program Files\dotnet\sdk\10.0.101\Microsoft.Common.CurrentVersion.targets(3935,5): message : Property reassignment: $(_SGenGenerateSerializationAssembliesConfig)="Off" (previous value: "Auto") at C:\Program Files\dotnet\sdk\10.0.101\Microsoft.Common.CurrentVersion.targets (3935,5)
       C:\Program Files\dotnet\sdk\10.0.101\Microsoft.Common.CurrentVersion.targets(5146,5): message : Property reassignment: $(_TargetsThatPrepareProjectReferences)="
       C:\Program Files\dotnet\sdk\10.0.101\Microsoft.Common.CurrentVersion.targets(5146,5): message :       AssignProjectConfiguration;
       C:\Program Files\dotnet\sdk\10.0.101\Microsoft.Common.CurrentVersion.targets(5146,5): message :       _SplitProjectReferencesByFileExistence
       C:\Program Files\dotnet\sdk\10.0.101\Microsoft.Common.CurrentVersion.targets(5146,5): message :     " (previous value: "_SplitProjectReferencesByFileExistence") at C:\Program Files\dotnet\sdk\10.0.101\Microsoft.Common.CurrentVersion.targets (5146,5)
       C:\Program Files\dotnet\sdk\10.0.101\Microsoft.Common.CurrentVersion.targets(6959,5): message : Property 'MSBuildExtensionsPath32' with value 'C:\Program Files\dotnet\sdk\10.0.101' expanded from the environment.
       The "NuGetInteractive" property is a global property, and cannot be modified.
       C:\Users\Dell\.nuget\packages\microsoft.extensions.apidescription.server\6.0.5\build\Microsoft.Extensions.ApiDescription.Server.targets(9,5): message : Property reassignment: $(OpenApiGenerateDocuments)="true" (previous value: "") at C:\Users\Dell\.nuget\packages\microsoft.extensions.apidescription.server\6.0.5\build\Microsoft.Extensions.ApiDescription.Server.targets (9,5)
       C:\Program Files\dotnet\sdk\10.0.101\Sdks\Microsoft.NET.Sdk\targets\Microsoft.PackageDependencyResolution.targets(29,5): message : Property reassignment: $(ProjectAssetsCacheFile)="D:\P.L\Flutter\fresh_produce_app\FreshProduce.Api\obj\Debug\net9.0\FreshProduce.Api.assets.cache" (previous value: "obj\Debug\net9.0\FreshProduce.Api.assets.cache") at C:\Program Files\dotnet\sdk\10.0.101\Sdks\Microsoft.NET.Sdk\targets\Microsoft.PackageDependencyResolution.targets (29,5)
       C:\Program Files\dotnet\sdk\10.0.101\Sdks\Microsoft.NET.Sdk\targets\Microsoft.PackageDependencyResolution.targets(80,5): message : Property reassignment: $(ResolveAssemblyReferencesDependsOn)="
       C:\Program Files\dotnet\sdk\10.0.101\Sdks\Microsoft.NET.Sdk\targets\Microsoft.PackageDependencyResolution.targets(80,5): message :       
       C:\Program Files\dotnet\sdk\10.0.101\Sdks\Microsoft.NET.Sdk\targets\Microsoft.PackageDependencyResolution.targets(80,5): message :       ResolveProjectReferences;
       C:\Program Files\dotnet\sdk\10.0.101\Sdks\Microsoft.NET.Sdk\targets\Microsoft.PackageDependencyResolution.targets(80,5): message :       FindInvalidProjectReferences;
       C:\Program Files\dotnet\sdk\10.0.101\Sdks\Microsoft.NET.Sdk\targets\Microsoft.PackageDependencyResolution.targets(80,5): message :       GetFrameworkPaths;
       C:\Program Files\dotnet\sdk\10.0.101\Sdks\Microsoft.NET.Sdk\targets\Microsoft.PackageDependencyResolution.targets(80,5): message :       GetReferenceAssemblyPaths;
       C:\Program Files\dotnet\sdk\10.0.101\Sdks\Microsoft.NET.Sdk\targets\Microsoft.PackageDependencyResolution.targets(80,5): message :       PrepareForBuild;
       C:\Program Files\dotnet\sdk\10.0.101\Sdks\Microsoft.NET.Sdk\targets\Microsoft.PackageDependencyResolution.targets(80,5): message :       ResolveSDKReferences;
       C:\Program Files\dotnet\sdk\10.0.101\Sdks\Microsoft.NET.Sdk\targets\Microsoft.PackageDependencyResolution.targets(80,5): message :       ExpandSDKReferences;
       C:\Program Files\dotnet\sdk\10.0.101\Sdks\Microsoft.NET.Sdk\targets\Microsoft.PackageDependencyResolution.targets(80,5): message :     ;
       C:\Program Files\dotnet\sdk\10.0.101\Sdks\Microsoft.NET.Sdk\targets\Microsoft.PackageDependencyResolution.targets(80,5): message :       ResolvePackageDependenciesForBuild;
       C:\Program Files\dotnet\sdk\10.0.101\Sdks\Microsoft.NET.Sdk\targets\Microsoft.PackageDependencyResolution.targets(80,5): message :       _HandlePackageFileConflicts;
       C:\Program Files\dotnet\sdk\10.0.101\Sdks\Microsoft.NET.Sdk\targets\Microsoft.PackageDependencyResolution.targets(80,5): message :     " (previous value: "
       C:\Program Files\dotnet\sdk\10.0.101\Sdks\Microsoft.NET.Sdk\targets\Microsoft.PackageDependencyResolution.targets(80,5): message :       ResolveProjectReferences;
       C:\Program Files\dotnet\sdk\10.0.101\Sdks\Microsoft.NET.Sdk\targets\Microsoft.PackageDependencyResolution.targets(80,5): message :       FindInvalidProjectReferences;
       C:\Program Files\dotnet\sdk\10.0.101\Sdks\Microsoft.NET.Sdk\targets\Microsoft.PackageDependencyResolution.targets(80,5): message :       GetFrameworkPaths;
       C:\Program Files\dotnet\sdk\10.0.101\Sdks\Microsoft.NET.Sdk\targets\Microsoft.PackageDependencyResolution.targets(80,5): message :       GetReferenceAssemblyPaths;
       C:\Program Files\dotnet\sdk\10.0.101\Sdks\Microsoft.NET.Sdk\targets\Microsoft.PackageDependencyResolution.targets(80,5): message :       PrepareForBuild;
       C:\Program Files\dotnet\sdk\10.0.101\Sdks\Microsoft.NET.Sdk\targets\Microsoft.PackageDependencyResolution.targets(80,5): message :       ResolveSDKReferences;
       C:\Program Files\dotnet\sdk\10.0.101\Sdks\Microsoft.NET.Sdk\targets\Microsoft.PackageDependencyResolution.targets(80,5): message :       ExpandSDKReferences;
       C:\Program Files\dotnet\sdk\10.0.101\Sdks\Microsoft.NET.Sdk\targets\Microsoft.PackageDependencyResolution.targets(80,5): message :     ") at C:\Program Files\dotnet\sdk\10.0.101\Sdks\Microsoft.NET.Sdk\targets\Microsoft.PackageDependencyResolution.targets (80,5)
       C:\Program Files\dotnet\sdk\10.0.101\Sdks\Microsoft.NET.Sdk\targets\Microsoft.PackageDependencyResolution.targets(86,5): message : Property reassignment: $(PrepareResourcesDependsOn)="
       C:\Program Files\dotnet\sdk\10.0.101\Sdks\Microsoft.NET.Sdk\targets\Microsoft.PackageDependencyResolution.targets(86,5): message :       ResolvePackageDependenciesForBuild;
       C:\Program Files\dotnet\sdk\10.0.101\Sdks\Microsoft.NET.Sdk\targets\Microsoft.PackageDependencyResolution.targets(86,5): message :       _HandlePackageFileConflicts;
       C:\Program Files\dotnet\sdk\10.0.101\Sdks\Microsoft.NET.Sdk\targets\Microsoft.PackageDependencyResolution.targets(86,5): message :       
       C:\Program Files\dotnet\sdk\10.0.101\Sdks\Microsoft.NET.Sdk\targets\Microsoft.PackageDependencyResolution.targets(86,5): message :       ;
       C:\Program Files\dotnet\sdk\10.0.101\Sdks\Microsoft.NET.Sdk\targets\Microsoft.PackageDependencyResolution.targets(86,5): message :       PrepareResourceNames;
       C:\Program Files\dotnet\sdk\10.0.101\Sdks\Microsoft.NET.Sdk\targets\Microsoft.PackageDependencyResolution.targets(86,5): message :       ResGen;
       C:\Program Files\dotnet\sdk\10.0.101\Sdks\Microsoft.NET.Sdk\targets\Microsoft.PackageDependencyResolution.targets(86,5): message :       CompileLicxFiles
       C:\Program Files\dotnet\sdk\10.0.101\Sdks\Microsoft.NET.Sdk\targets\Microsoft.PackageDependencyResolution.targets(86,5): message :     
       C:\Program Files\dotnet\sdk\10.0.101\Sdks\Microsoft.NET.Sdk\targets\Microsoft.PackageDependencyResolution.targets(86,5): message :     " (previous value: "
       C:\Program Files\dotnet\sdk\10.0.101\Sdks\Microsoft.NET.Sdk\targets\Microsoft.PackageDependencyResolution.targets(86,5): message :       ;
       C:\Program Files\dotnet\sdk\10.0.101\Sdks\Microsoft.NET.Sdk\targets\Microsoft.PackageDependencyResolution.targets(86,5): message :       PrepareResourceNames;
       C:\Program Files\dotnet\sdk\10.0.101\Sdks\Microsoft.NET.Sdk\targets\Microsoft.PackageDependencyResolution.targets(86,5): message :       ResGen;
       C:\Program Files\dotnet\sdk\10.0.101\Sdks\Microsoft.NET.Sdk\targets\Microsoft.PackageDependencyResolution.targets(86,5): message :       CompileLicxFiles
       C:\Program Files\dotnet\sdk\10.0.101\Sdks\Microsoft.NET.Sdk\targets\Microsoft.PackageDependencyResolution.targets(86,5): message :     ") at C:\Program Files\dotnet\sdk\10.0.101\Sdks\Microsoft.NET.Sdk\targets\Microsoft.PackageDependencyResolution.targets (86,5)
       C:\Program Files\dotnet\sdk\10.0.101\Sdks\Microsoft.NET.Sdk\targets\Microsoft.NET.Sdk.DefaultItems.targets(35,5): message : Property reassignment: $(DefaultItemExcludes)=";**\node_modules\**;node_modules\**;**\jspm_packages\**;jspm_packages\**;**\bower_components\**;bower_components\**;**\packages.lock.json;bin\Debug\/**;obj\Debug\/**;bin\/**" (previous value: ";**\node_modules\**;node_modules\**;**\jspm_packages\**;jspm_packages\**;**\bower_components\**;bower_components\**;**\packages.lock.json;bin\Debug\/**;obj\Debug\/**") at C:\Program Files\dotnet\sdk\10.0.101\Sdks\Microsoft.NET.Sdk\targets\Microsoft.NET.Sdk.DefaultItems.targets (35,5)
       C:\Program Files\dotnet\sdk\10.0.101\Sdks\Microsoft.NET.Sdk\targets\Microsoft.NET.Sdk.DefaultItems.targets(37,5): message : Property reassignment: $(DefaultItemExcludes)=";**\node_modules\**;node_modules\**;**\jspm_packages\**;jspm_packages\**;**\bower_components\**;bower_components\**;**\packages.lock.json;bin\Debug\/**;obj\Debug\/**;bin\/**;obj\/**" (previous value: ";**\node_modules\**;node_modules\**;**\jspm_packages\**;jspm_packages\**;**\bower_components\**;bower_components\**;**\packages.lock.json;bin\Debug\/**;obj\Debug\/**;bin\/**") at C:\Program Files\dotnet\sdk\10.0.101\Sdks\Microsoft.NET.Sdk\targets\Microsoft.NET.Sdk.DefaultItems.targets (37,5)
       C:\Program Files\dotnet\sdk\10.0.101\Sdks\Microsoft.NET.Sdk\targets\Microsoft.NET.Sdk.DefaultItems.targets(40,5): message : Property reassignment: $(DefaultItemExcludes)=";**\node_modules\**;node_modules\**;**\jspm_packages\**;jspm_packages\**;**\bower_components\**;bower_components\**;**\packages.lock.json;bin\Debug\/**;obj\Debug\/**;bin\/**;obj\/**;**/*.user" (previous value: ";**\node_modules\**;node_modules\**;**\jspm_packages\**;jspm_packages\**;**\bower_components\**;bower_components\**;**\packages.lock.json;bin\Debug\/**;obj\Debug\/**;bin\/**;obj\/**") at C:\Program Files\dotnet\sdk\10.0.101\Sdks\Microsoft.NET.Sdk\targets\Microsoft.NET.Sdk.DefaultItems.targets (40,5)
       C:\Program Files\dotnet\sdk\10.0.101\Sdks\Microsoft.NET.Sdk\targets\Microsoft.NET.Sdk.DefaultItems.targets(41,5): message : Property reassignment: $(DefaultItemExcludes)=";**\node_modules\**;node_modules\**;**\jspm_packages\**;jspm_packages\**;**\bower_components\**;bower_components\**;**\packages.lock.json;bin\Debug\/**;obj\Debug\/**;bin\/**;obj\/**;**/*.user;**/*.*proj" (previous value: ";**\node_modules\**;node_modules\**;**\jspm_packages\**;jspm_packages\**;**\bower_components\**;bower_components\**;**\packages.lock.json;bin\Debug\/**;obj\Debug\/**;bin\/**;obj\/**;**/*.user") at C:\Program Files\dotnet\sdk\10.0.101\Sdks\Microsoft.NET.Sdk\targets\Microsoft.NET.Sdk.DefaultItems.targets (41,5)
       C:\Program Files\dotnet\sdk\10.0.101\Sdks\Microsoft.NET.Sdk\targets\Microsoft.NET.Sdk.DefaultItems.targets(42,5): message : Property reassignment: $(DefaultItemExcludes)=";**\node_modules\**;node_modules\**;**\jspm_packages\**;jspm_packages\**;**\bower_components\**;bower_components\**;**\packages.lock.json;bin\Debug\/**;obj\Debug\/**;bin\/**;obj\/**;**/*.user;**/*.*proj;**/*.sln" (previous value: ";**\node_modules\**;node_modules\**;**\jspm_packages\**;jspm_packages\**;**\bower_components\**;bower_components\**;**\packages.lock.json;bin\Debug\/**;obj\Debug\/**;bin\/**;obj\/**;**/*.user;**/*.*proj") at C:\Program Files\dotnet\sdk\10.0.101\Sdks\Microsoft.NET.Sdk\targets\Microsoft.NET.Sdk.DefaultItems.targets (42,5)
       C:\Program Files\dotnet\sdk\10.0.101\Sdks\Microsoft.NET.Sdk\targets\Microsoft.NET.Sdk.DefaultItems.targets(43,5): message : Property reassignment: $(DefaultItemExcludes)=";**\node_modules\**;node_modules\**;**\jspm_packages\**;jspm_packages\**;**\bower_components\**;bower_components\**;**\packages.lock.json;bin\Debug\/**;obj\Debug\/**;bin\/**;obj\/**;**/*.user;**/*.*proj;**/*.sln;**/*.slnx" (previous value: ";**\node_modules\**;node_modules\**;**\jspm_packages\**;jspm_packages\**;**\bower_components\**;bower_components\**;**\packages.lock.json;bin\Debug\/**;obj\Debug\/**;bin\/**;obj\/**;**/*.user;**/*.*proj;**/*.sln") at C:\Program Files\dotnet\sdk\10.0.101\Sdks\Microsoft.NET.Sdk\targets\Microsoft.NET.Sdk.DefaultItems.targets (43,5)
       C:\Program Files\dotnet\sdk\10.0.101\Sdks\Microsoft.NET.Sdk\targets\Microsoft.NET.Sdk.DefaultItems.targets(44,5): message : Property reassignment: $(DefaultItemExcludes)=";**\node_modules\**;node_modules\**;**\jspm_packages\**;jspm_packages\**;**\bower_components\**;bower_components\**;**\packages.lock.json;bin\Debug\/**;obj\Debug\/**;bin\/**;obj\/**;**/*.user;**/*.*proj;**/*.sln;**/*.slnx;**/*.vssscc" (previous value: ";**\node_modules\**;node_modules\**;**\jspm_packages\**;jspm_packages\**;**\bower_components\**;bower_components\**;**\packages.lock.json;bin\Debug\/**;obj\Debug\/**;bin\/**;obj\/**;**/*.user;**/*.*proj;**/*.sln;**/*.slnx") at C:\Program Files\dotnet\sdk\10.0.101\Sdks\Microsoft.NET.Sdk\targets\Microsoft.NET.Sdk.DefaultItems.targets (44,5)
       C:\Program Files\dotnet\sdk\10.0.101\Sdks\Microsoft.NET.Sdk\targets\Microsoft.NET.Sdk.DefaultItems.targets(45,5): message : Property reassignment: $(DefaultItemExcludes)=";**\node_modules\**;node_modules\**;**\jspm_packages\**;jspm_packages\**;**\bower_components\**;bower_components\**;**\packages.lock.json;bin\Debug\/**;obj\Debug\/**;bin\/**;obj\/**;**/*.user;**/*.*proj;**/*.sln;**/*.slnx;**/*.vssscc;**/.DS_Store" (previous value: ";**\node_modules\**;node_modules\**;**\jspm_packages\**;jspm_packages\**;**\bower_components\**;bower_components\**;**\packages.lock.json;bin\Debug\/**;obj\Debug\/**;bin\/**;obj\/**;**/*.user;**/*.*proj;**/*.sln;**/*.slnx;**/*.vssscc") at C:\Program Files\dotnet\sdk\10.0.101\Sdks\Microsoft.NET.Sdk\targets\Microsoft.NET.Sdk.DefaultItems.targets (45,5)
       C:\Program Files\dotnet\sdk\10.0.101\Sdks\Microsoft.NET.Sdk\targets\Microsoft.NET.Sdk.FrameworkReferenceResolution.targets(14,5): message : Property reassignment: $(ResolveAssemblyReferencesDependsOn)="
       C:\Program Files\dotnet\sdk\10.0.101\Sdks\Microsoft.NET.Sdk\targets\Microsoft.NET.Sdk.FrameworkReferenceResolution.targets(14,5): message :       
       C:\Program Files\dotnet\sdk\10.0.101\Sdks\Microsoft.NET.Sdk\targets\Microsoft.NET.Sdk.FrameworkReferenceResolution.targets(14,5): message :       
       C:\Program Files\dotnet\sdk\10.0.101\Sdks\Microsoft.NET.Sdk\targets\Microsoft.NET.Sdk.FrameworkReferenceResolution.targets(14,5): message :       ResolveProjectReferences;
       C:\Program Files\dotnet\sdk\10.0.101\Sdks\Microsoft.NET.Sdk\targets\Microsoft.NET.Sdk.FrameworkReferenceResolution.targets(14,5): message :       FindInvalidProjectReferences;
       C:\Program Files\dotnet\sdk\10.0.101\Sdks\Microsoft.NET.Sdk\targets\Microsoft.NET.Sdk.FrameworkReferenceResolution.targets(14,5): message :       GetFrameworkPaths;
       C:\Program Files\dotnet\sdk\10.0.101\Sdks\Microsoft.NET.Sdk\targets\Microsoft.NET.Sdk.FrameworkReferenceResolution.targets(14,5): message :       GetReferenceAssemblyPaths;
       C:\Program Files\dotnet\sdk\10.0.101\Sdks\Microsoft.NET.Sdk\targets\Microsoft.NET.Sdk.FrameworkReferenceResolution.targets(14,5): message :       PrepareForBuild;
       C:\Program Files\dotnet\sdk\10.0.101\Sdks\Microsoft.NET.Sdk\targets\Microsoft.NET.Sdk.FrameworkReferenceResolution.targets(14,5): message :       ResolveSDKReferences;
       C:\Program Files\dotnet\sdk\10.0.101\Sdks\Microsoft.NET.Sdk\targets\Microsoft.NET.Sdk.FrameworkReferenceResolution.targets(14,5): message :       ExpandSDKReferences;
       C:\Program Files\dotnet\sdk\10.0.101\Sdks\Microsoft.NET.Sdk\targets\Microsoft.NET.Sdk.FrameworkReferenceResolution.targets(14,5): message :     ;
       C:\Program Files\dotnet\sdk\10.0.101\Sdks\Microsoft.NET.Sdk\targets\Microsoft.NET.Sdk.FrameworkReferenceResolution.targets(14,5): message :       ResolvePackageDependenciesForBuild;
       C:\Program Files\dotnet\sdk\10.0.101\Sdks\Microsoft.NET.Sdk\targets\Microsoft.NET.Sdk.FrameworkReferenceResolution.targets(14,5): message :       _HandlePackageFileConflicts;
       C:\Program Files\dotnet\sdk\10.0.101\Sdks\Microsoft.NET.Sdk\targets\Microsoft.NET.Sdk.FrameworkReferenceResolution.targets(14,5): message :     ;
       C:\Program Files\dotnet\sdk\10.0.101\Sdks\Microsoft.NET.Sdk\targets\Microsoft.NET.Sdk.FrameworkReferenceResolution.targets(14,5): message :       ResolveTargetingPackAssets;
       C:\Program Files\dotnet\sdk\10.0.101\Sdks\Microsoft.NET.Sdk\targets\Microsoft.NET.Sdk.FrameworkReferenceResolution.targets(14,5): message :     " (previous value: "
       C:\Program Files\dotnet\sdk\10.0.101\Sdks\Microsoft.NET.Sdk\targets\Microsoft.NET.Sdk.FrameworkReferenceResolution.targets(14,5): message :       
       C:\Program Files\dotnet\sdk\10.0.101\Sdks\Microsoft.NET.Sdk\targets\Microsoft.NET.Sdk.FrameworkReferenceResolution.targets(14,5): message :       ResolveProjectReferences;
       C:\Program Files\dotnet\sdk\10.0.101\Sdks\Microsoft.NET.Sdk\targets\Microsoft.NET.Sdk.FrameworkReferenceResolution.targets(14,5): message :       FindInvalidProjectReferences;
       C:\Program Files\dotnet\sdk\10.0.101\Sdks\Microsoft.NET.Sdk\targets\Microsoft.NET.Sdk.FrameworkReferenceResolution.targets(14,5): message :       GetFrameworkPaths;
       C:\Program Files\dotnet\sdk\10.0.101\Sdks\Microsoft.NET.Sdk\targets\Microsoft.NET.Sdk.FrameworkReferenceResolution.targets(14,5): message :       GetReferenceAssemblyPaths;
       C:\Program Files\dotnet\sdk\10.0.101\Sdks\Microsoft.NET.Sdk\targets\Microsoft.NET.Sdk.FrameworkReferenceResolution.targets(14,5): message :       PrepareForBuild;
       C:\Program Files\dotnet\sdk\10.0.101\Sdks\Microsoft.NET.Sdk\targets\Microsoft.NET.Sdk.FrameworkReferenceResolution.targets(14,5): message :       ResolveSDKReferences;
       C:\Program Files\dotnet\sdk\10.0.101\Sdks\Microsoft.NET.Sdk\targets\Microsoft.NET.Sdk.FrameworkReferenceResolution.targets(14,5): message :       ExpandSDKReferences;
       C:\Program Files\dotnet\sdk\10.0.101\Sdks\Microsoft.NET.Sdk\targets\Microsoft.NET.Sdk.FrameworkReferenceResolution.targets(14,5): message :     ;
       C:\Program Files\dotnet\sdk\10.0.101\Sdks\Microsoft.NET.Sdk\targets\Microsoft.NET.Sdk.FrameworkReferenceResolution.targets(14,5): message :       ResolvePackageDependenciesForBuild;
       C:\Program Files\dotnet\sdk\10.0.101\Sdks\Microsoft.NET.Sdk\targets\Microsoft.NET.Sdk.FrameworkReferenceResolution.targets(14,5): message :       _HandlePackageFileConflicts;
       C:\Program Files\dotnet\sdk\10.0.101\Sdks\Microsoft.NET.Sdk\targets\Microsoft.NET.Sdk.FrameworkReferenceResolution.targets(14,5): message :     ") at C:\Program Files\dotnet\sdk\10.0.101\Sdks\Microsoft.NET.Sdk\targets\Microsoft.NET.Sdk.FrameworkReferenceResolution.targets (14,5)
       C:\Program Files\dotnet\sdk\10.0.101\Sdks\Microsoft.NET.Sdk\targets\Microsoft.NET.Sdk.targets(44,5): message : Property reassignment: $(_GenerateRuntimeConfigurationPropertyInputsCache)="D:\P.L\Flutter\fresh_produce_app\FreshProduce.Api\obj\Debug\net9.0\FreshProduce.Api.genruntimeconfig.cache" (previous value: "obj\Debug\net9.0\FreshProduce.Api.genruntimeconfig.cache") at C:\Program Files\dotnet\sdk\10.0.101\Sdks\Microsoft.NET.Sdk\targets\Microsoft.NET.Sdk.targets (44,5)
       C:\Program Files\dotnet\sdk\10.0.101\Sdks\Microsoft.NET.Sdk\targets\Microsoft.NET.Sdk.targets(46,5): message : Property reassignment: $(_GeneratePublishDependencyFilePropertyInputsCache)="D:\P.L\Flutter\fresh_produce_app\FreshProduce.Api\obj\Debug\net9.0\FreshProduce.Api.genpublishdeps.cache" (previous value: "obj\Debug\net9.0\FreshProduce.Api.genpublishdeps.cache") at C:\Program Files\dotnet\sdk\10.0.101\Sdks\Microsoft.NET.Sdk\targets\Microsoft.NET.Sdk.targets (46,5)
       C:\Program Files\dotnet\sdk\10.0.101\Sdks\Microsoft.NET.Sdk\targets\Microsoft.NET.Sdk.targets(48,5): message : Property reassignment: $(_GenerateSingleFileBundlePropertyInputsCache)="D:\P.L\Flutter\fresh_produce_app\FreshProduce.Api\obj\Debug\net9.0\FreshProduce.Api.genbundle.cache" (previous value: "obj\Debug\net9.0\FreshProduce.Api.genbundle.cache") at C:\Program Files\dotnet\sdk\10.0.101\Sdks\Microsoft.NET.Sdk\targets\Microsoft.NET.Sdk.targets (48,5)
       C:\Program Files\dotnet\sdk\10.0.101\Sdks\Microsoft.NET.Sdk\targets\Microsoft.NET.Sdk.targets(81,5): message : Property reassignment: $(GenerateRuntimeConfigDevFile)="false" (previous value: "true") at C:\Program Files\dotnet\sdk\10.0.101\Sdks\Microsoft.NET.Sdk\targets\Microsoft.NET.Sdk.targets (81,5)
       C:\Program Files\dotnet\sdk\10.0.101\Sdks\Microsoft.NET.Sdk\targets\Microsoft.NET.Sdk.targets(98,5): message : Property reassignment: $(_DefaultUserProfileRuntimeStorePath)="C:\Users\Dell" (previous value: "") at C:\Program Files\dotnet\sdk\10.0.101\Sdks\Microsoft.NET.Sdk\targets\Microsoft.NET.Sdk.targets (98,5)
       C:\Program Files\dotnet\sdk\10.0.101\Sdks\Microsoft.NET.Sdk\targets\Microsoft.NET.Sdk.targets(99,5): message : Property reassignment: $(_DefaultUserProfileRuntimeStorePath)="C:\Users\Dell\.dotnet\store" (previous value: "C:\Users\Dell") at C:\Program Files\dotnet\sdk\10.0.101\Sdks\Microsoft.NET.Sdk\targets\Microsoft.NET.Sdk.targets (99,5)
       C:\Program Files\dotnet\sdk\10.0.101\Sdks\Microsoft.NET.Sdk\targets\Microsoft.NET.Sdk.targets(144,5): message : Property reassignment: $(AvailablePlatforms)="Any CPU,x86,x64,ARM32" (previous value: "Any CPU,x86,x64") at C:\Program Files\dotnet\sdk\10.0.101\Sdks\Microsoft.NET.Sdk\targets\Microsoft.NET.Sdk.targets (144,5)
       C:\Program Files\dotnet\sdk\10.0.101\Sdks\Microsoft.NET.Sdk\targets\Microsoft.NET.Sdk.targets(148,5): message : Property reassignment: $(AvailablePlatforms)="Any CPU,x86,x64,ARM32,ARM64" (previous value: "Any CPU,x86,x64,ARM32") at C:\Program Files\dotnet\sdk\10.0.101\Sdks\Microsoft.NET.Sdk\targets\Microsoft.NET.Sdk.targets (148,5)
       C:\Program Files\dotnet\sdk\10.0.101\Sdks\Microsoft.NET.Sdk\targets\Microsoft.NET.Sdk.targets(204,5): message : Property reassignment: $(CoreBuildDependsOn)="
       C:\Program Files\dotnet\sdk\10.0.101\Sdks\Microsoft.NET.Sdk\targets\Microsoft.NET.Sdk.targets(204,5): message :       _CheckForBuildWithNoBuild;
       C:\Program Files\dotnet\sdk\10.0.101\Sdks\Microsoft.NET.Sdk\targets\Microsoft.NET.Sdk.targets(204,5): message :       
       C:\Program Files\dotnet\sdk\10.0.101\Sdks\Microsoft.NET.Sdk\targets\Microsoft.NET.Sdk.targets(204,5): message :       BuildOnlySettings;
       C:\Program Files\dotnet\sdk\10.0.101\Sdks\Microsoft.NET.Sdk\targets\Microsoft.NET.Sdk.targets(204,5): message :       PrepareForBuild;
       C:\Program Files\dotnet\sdk\10.0.101\Sdks\Microsoft.NET.Sdk\targets\Microsoft.NET.Sdk.targets(204,5): message :       PreBuildEvent;
       C:\Program Files\dotnet\sdk\10.0.101\Sdks\Microsoft.NET.Sdk\targets\Microsoft.NET.Sdk.targets(204,5): message :       ResolveReferences;
       C:\Program Files\dotnet\sdk\10.0.101\Sdks\Microsoft.NET.Sdk\targets\Microsoft.NET.Sdk.targets(204,5): message :       PrepareResources;
       C:\Program Files\dotnet\sdk\10.0.101\Sdks\Microsoft.NET.Sdk\targets\Microsoft.NET.Sdk.targets(204,5): message :       ResolveKeySource;
       C:\Program Files\dotnet\sdk\10.0.101\Sdks\Microsoft.NET.Sdk\targets\Microsoft.NET.Sdk.targets(204,5): message :       Compile;
       C:\Program Files\dotnet\sdk\10.0.101\Sdks\Microsoft.NET.Sdk\targets\Microsoft.NET.Sdk.targets(204,5): message :       ExportWindowsMDFile;
       C:\Program Files\dotnet\sdk\10.0.101\Sdks\Microsoft.NET.Sdk\targets\Microsoft.NET.Sdk.targets(204,5): message :       UnmanagedUnregistration;
       C:\Program Files\dotnet\sdk\10.0.101\Sdks\Microsoft.NET.Sdk\targets\Microsoft.NET.Sdk.targets(204,5): message :       GenerateSerializationAssemblies;
       C:\Program Files\dotnet\sdk\10.0.101\Sdks\Microsoft.NET.Sdk\targets\Microsoft.NET.Sdk.targets(204,5): message :       CreateSatelliteAssemblies;
       C:\Program Files\dotnet\sdk\10.0.101\Sdks\Microsoft.NET.Sdk\targets\Microsoft.NET.Sdk.targets(204,5): message :       GenerateManifests;
       C:\Program Files\dotnet\sdk\10.0.101\Sdks\Microsoft.NET.Sdk\targets\Microsoft.NET.Sdk.targets(204,5): message :       GetTargetPath;
       C:\Program Files\dotnet\sdk\10.0.101\Sdks\Microsoft.NET.Sdk\targets\Microsoft.NET.Sdk.targets(204,5): message :       PrepareForRun;
       C:\Program Files\dotnet\sdk\10.0.101\Sdks\Microsoft.NET.Sdk\targets\Microsoft.NET.Sdk.targets(204,5): message :       UnmanagedRegistration;
       C:\Program Files\dotnet\sdk\10.0.101\Sdks\Microsoft.NET.Sdk\targets\Microsoft.NET.Sdk.targets(204,5): message :       IncrementalClean;
       C:\Program Files\dotnet\sdk\10.0.101\Sdks\Microsoft.NET.Sdk\targets\Microsoft.NET.Sdk.targets(204,5): message :       PostBuildEvent
       C:\Program Files\dotnet\sdk\10.0.101\Sdks\Microsoft.NET.Sdk\targets\Microsoft.NET.Sdk.targets(204,5): message :     ;
       C:\Program Files\dotnet\sdk\10.0.101\Sdks\Microsoft.NET.Sdk\targets\Microsoft.NET.Sdk.targets(204,5): message :       GenerateBuildDependencyFile;
       C:\Program Files\dotnet\sdk\10.0.101\Sdks\Microsoft.NET.Sdk\targets\Microsoft.NET.Sdk.targets(204,5): message :       GenerateBuildRuntimeConfigurationFiles
       C:\Program Files\dotnet\sdk\10.0.101\Sdks\Microsoft.NET.Sdk\targets\Microsoft.NET.Sdk.targets(204,5): message :     " (previous value: "
       C:\Program Files\dotnet\sdk\10.0.101\Sdks\Microsoft.NET.Sdk\targets\Microsoft.NET.Sdk.targets(204,5): message :       BuildOnlySettings;
       C:\Program Files\dotnet\sdk\10.0.101\Sdks\Microsoft.NET.Sdk\targets\Microsoft.NET.Sdk.targets(204,5): message :       PrepareForBuild;
       C:\Program Files\dotnet\sdk\10.0.101\Sdks\Microsoft.NET.Sdk\targets\Microsoft.NET.Sdk.targets(204,5): message :       PreBuildEvent;
       C:\Program Files\dotnet\sdk\10.0.101\Sdks\Microsoft.NET.Sdk\targets\Microsoft.NET.Sdk.targets(204,5): message :       ResolveReferences;
       C:\Program Files\dotnet\sdk\10.0.101\Sdks\Microsoft.NET.Sdk\targets\Microsoft.NET.Sdk.targets(204,5): message :       PrepareResources;
       C:\Program Files\dotnet\sdk\10.0.101\Sdks\Microsoft.NET.Sdk\targets\Microsoft.NET.Sdk.targets(204,5): message :       ResolveKeySource;
       C:\Program Files\dotnet\sdk\10.0.101\Sdks\Microsoft.NET.Sdk\targets\Microsoft.NET.Sdk.targets(204,5): message :       Compile;
       C:\Program Files\dotnet\sdk\10.0.101\Sdks\Microsoft.NET.Sdk\targets\Microsoft.NET.Sdk.targets(204,5): message :       ExportWindowsMDFile;
       C:\Program Files\dotnet\sdk\10.0.101\Sdks\Microsoft.NET.Sdk\targets\Microsoft.NET.Sdk.targets(204,5): message :       UnmanagedUnregistration;
       C:\Program Files\dotnet\sdk\10.0.101\Sdks\Microsoft.NET.Sdk\targets\Microsoft.NET.Sdk.targets(204,5): message :       GenerateSerializationAssemblies;
       C:\Program Files\dotnet\sdk\10.0.101\Sdks\Microsoft.NET.Sdk\targets\Microsoft.NET.Sdk.targets(204,5): message :       CreateSatelliteAssemblies;
       C:\Program Files\dotnet\sdk\10.0.101\Sdks\Microsoft.NET.Sdk\targets\Microsoft.NET.Sdk.targets(204,5): message :       GenerateManifests;
       C:\Program Files\dotnet\sdk\10.0.101\Sdks\Microsoft.NET.Sdk\targets\Microsoft.NET.Sdk.targets(204,5): message :       GetTargetPath;
       C:\Program Files\dotnet\sdk\10.0.101\Sdks\Microsoft.NET.Sdk\targets\Microsoft.NET.Sdk.targets(204,5): message :       PrepareForRun;
       C:\Program Files\dotnet\sdk\10.0.101\Sdks\Microsoft.NET.Sdk\targets\Microsoft.NET.Sdk.targets(204,5): message :       UnmanagedRegistration;
       C:\Program Files\dotnet\sdk\10.0.101\Sdks\Microsoft.NET.Sdk\targets\Microsoft.NET.Sdk.targets(204,5): message :       IncrementalClean;
       C:\Program Files\dotnet\sdk\10.0.101\Sdks\Microsoft.NET.Sdk\targets\Microsoft.NET.Sdk.targets(204,5): message :       PostBuildEvent
       C:\Program Files\dotnet\sdk\10.0.101\Sdks\Microsoft.NET.Sdk\targets\Microsoft.NET.Sdk.targets(204,5): message :     ") at C:\Program Files\dotnet\sdk\10.0.101\Sdks\Microsoft.NET.Sdk\targets\Microsoft.NET.Sdk.targets (204,5)
       C:\Program Files\dotnet\sdk\10.0.101\Sdks\Microsoft.NET.Sdk\targets\Microsoft.NET.Sdk.targets(213,5): message : Property reassignment: $(CoreCleanDependsOn)="
       C:\Program Files\dotnet\sdk\10.0.101\Sdks\Microsoft.NET.Sdk\targets\Microsoft.NET.Sdk.targets(213,5): message :       _SdkBeforeClean;
       C:\Program Files\dotnet\sdk\10.0.101\Sdks\Microsoft.NET.Sdk\targets\Microsoft.NET.Sdk.targets(213,5): message :       
       C:\Program Files\dotnet\sdk\10.0.101\Sdks\Microsoft.NET.Sdk\targets\Microsoft.NET.Sdk.targets(213,5): message :     " (previous value: "") at C:\Program Files\dotnet\sdk\10.0.101\Sdks\Microsoft.NET.Sdk\targets\Microsoft.NET.Sdk.targets (213,5)
       C:\Program Files\dotnet\sdk\10.0.101\Sdks\Microsoft.NET.Sdk\targets\Microsoft.NET.Sdk.targets(220,5): message : Property reassignment: $(RebuildDependsOn)="
       C:\Program Files\dotnet\sdk\10.0.101\Sdks\Microsoft.NET.Sdk\targets\Microsoft.NET.Sdk.targets(220,5): message :       _SdkBeforeRebuild;
       C:\Program Files\dotnet\sdk\10.0.101\Sdks\Microsoft.NET.Sdk\targets\Microsoft.NET.Sdk.targets(220,5): message :       
       C:\Program Files\dotnet\sdk\10.0.101\Sdks\Microsoft.NET.Sdk\targets\Microsoft.NET.Sdk.targets(220,5): message :       BeforeRebuild;
       C:\Program Files\dotnet\sdk\10.0.101\Sdks\Microsoft.NET.Sdk\targets\Microsoft.NET.Sdk.targets(220,5): message :       Clean;
       C:\Program Files\dotnet\sdk\10.0.101\Sdks\Microsoft.NET.Sdk\targets\Microsoft.NET.Sdk.targets(220,5): message :       Build;
       C:\Program Files\dotnet\sdk\10.0.101\Sdks\Microsoft.NET.Sdk\targets\Microsoft.NET.Sdk.targets(220,5): message :       AfterRebuild;
       C:\Program Files\dotnet\sdk\10.0.101\Sdks\Microsoft.NET.Sdk\targets\Microsoft.NET.Sdk.targets(220,5): message :     
       C:\Program Files\dotnet\sdk\10.0.101\Sdks\Microsoft.NET.Sdk\targets\Microsoft.NET.Sdk.targets(220,5): message :     " (previous value: "
       C:\Program Files\dotnet\sdk\10.0.101\Sdks\Microsoft.NET.Sdk\targets\Microsoft.NET.Sdk.targets(220,5): message :       BeforeRebuild;
       C:\Program Files\dotnet\sdk\10.0.101\Sdks\Microsoft.NET.Sdk\targets\Microsoft.NET.Sdk.targets(220,5): message :       Clean;
       C:\Program Files\dotnet\sdk\10.0.101\Sdks\Microsoft.NET.Sdk\targets\Microsoft.NET.Sdk.targets(220,5): message :       Build;
       C:\Program Files\dotnet\sdk\10.0.101\Sdks\Microsoft.NET.Sdk\targets\Microsoft.NET.Sdk.targets(220,5): message :       AfterRebuild;
       C:\Program Files\dotnet\sdk\10.0.101\Sdks\Microsoft.NET.Sdk\targets\Microsoft.NET.Sdk.targets(220,5): message :     ") at C:\Program Files\dotnet\sdk\10.0.101\Sdks\Microsoft.NET.Sdk\targets\Microsoft.NET.Sdk.targets (220,5)
       C:\Program Files\dotnet\sdk\10.0.101\Sdks\Microsoft.NET.Sdk\targets\Microsoft.NET.Sdk.targets(799,5): message : Property reassignment: $(CompileDependsOn)="
       C:\Program Files\dotnet\sdk\10.0.101\Sdks\Microsoft.NET.Sdk\targets\Microsoft.NET.Sdk.targets(799,5): message :       
       C:\Program Files\dotnet\sdk\10.0.101\Sdks\Microsoft.NET.Sdk\targets\Microsoft.NET.Sdk.targets(799,5): message :       ResolveReferences;
       C:\Program Files\dotnet\sdk\10.0.101\Sdks\Microsoft.NET.Sdk\targets\Microsoft.NET.Sdk.targets(799,5): message :       ResolveKeySource;
       C:\Program Files\dotnet\sdk\10.0.101\Sdks\Microsoft.NET.Sdk\targets\Microsoft.NET.Sdk.targets(799,5): message :       SetWin32ManifestProperties;
       C:\Program Files\dotnet\sdk\10.0.101\Sdks\Microsoft.NET.Sdk\targets\Microsoft.NET.Sdk.targets(799,5): message :       _SetPreferNativeArm64Win32ManifestProperties;
       C:\Program Files\dotnet\sdk\10.0.101\Sdks\Microsoft.NET.Sdk\targets\Microsoft.NET.Sdk.targets(799,5): message :       FindReferenceAssembliesForReferences;
       C:\Program Files\dotnet\sdk\10.0.101\Sdks\Microsoft.NET.Sdk\targets\Microsoft.NET.Sdk.targets(799,5): message :       _GenerateCompileInputs;
       C:\Program Files\dotnet\sdk\10.0.101\Sdks\Microsoft.NET.Sdk\targets\Microsoft.NET.Sdk.targets(799,5): message :       BeforeCompile;
       C:\Program Files\dotnet\sdk\10.0.101\Sdks\Microsoft.NET.Sdk\targets\Microsoft.NET.Sdk.targets(799,5): message :       _TimeStampBeforeCompile;
       C:\Program Files\dotnet\sdk\10.0.101\Sdks\Microsoft.NET.Sdk\targets\Microsoft.NET.Sdk.targets(799,5): message :       _GenerateCompileDependencyCache;
       C:\Program Files\dotnet\sdk\10.0.101\Sdks\Microsoft.NET.Sdk\targets\Microsoft.NET.Sdk.targets(799,5): message :       CoreCompile;
       C:\Program Files\dotnet\sdk\10.0.101\Sdks\Microsoft.NET.Sdk\targets\Microsoft.NET.Sdk.targets(799,5): message :       _TimeStampAfterCompile;
       C:\Program Files\dotnet\sdk\10.0.101\Sdks\Microsoft.NET.Sdk\targets\Microsoft.NET.Sdk.targets(799,5): message :       AfterCompile;
       C:\Program Files\dotnet\sdk\10.0.101\Sdks\Microsoft.NET.Sdk\targets\Microsoft.NET.Sdk.targets(799,5): message :     ;
       C:\Program Files\dotnet\sdk\10.0.101\Sdks\Microsoft.NET.Sdk\targets\Microsoft.NET.Sdk.targets(799,5): message :       _CreateAppHost;
       C:\Program Files\dotnet\sdk\10.0.101\Sdks\Microsoft.NET.Sdk\targets\Microsoft.NET.Sdk.targets(799,5): message :       _CreateComHost;
       C:\Program Files\dotnet\sdk\10.0.101\Sdks\Microsoft.NET.Sdk\targets\Microsoft.NET.Sdk.targets(799,5): message :       _GetIjwHostPaths;
       C:\Program Files\dotnet\sdk\10.0.101\Sdks\Microsoft.NET.Sdk\targets\Microsoft.NET.Sdk.targets(799,5): message :     " (previous value: "
       C:\Program Files\dotnet\sdk\10.0.101\Sdks\Microsoft.NET.Sdk\targets\Microsoft.NET.Sdk.targets(799,5): message :       ResolveReferences;
       C:\Program Files\dotnet\sdk\10.0.101\Sdks\Microsoft.NET.Sdk\targets\Microsoft.NET.Sdk.targets(799,5): message :       ResolveKeySource;
       C:\Program Files\dotnet\sdk\10.0.101\Sdks\Microsoft.NET.Sdk\targets\Microsoft.NET.Sdk.targets(799,5): message :       SetWin32ManifestProperties;
       C:\Program Files\dotnet\sdk\10.0.101\Sdks\Microsoft.NET.Sdk\targets\Microsoft.NET.Sdk.targets(799,5): message :       _SetPreferNativeArm64Win32ManifestProperties;
       C:\Program Files\dotnet\sdk\10.0.101\Sdks\Microsoft.NET.Sdk\targets\Microsoft.NET.Sdk.targets(799,5): message :       FindReferenceAssembliesForReferences;
       C:\Program Files\dotnet\sdk\10.0.101\Sdks\Microsoft.NET.Sdk\targets\Microsoft.NET.Sdk.targets(799,5): message :       _GenerateCompileInputs;
       C:\Program Files\dotnet\sdk\10.0.101\Sdks\Microsoft.NET.Sdk\targets\Microsoft.NET.Sdk.targets(799,5): message :       BeforeCompile;
       C:\Program Files\dotnet\sdk\10.0.101\Sdks\Microsoft.NET.Sdk\targets\Microsoft.NET.Sdk.targets(799,5): message :       _TimeStampBeforeCompile;
       C:\Program Files\dotnet\sdk\10.0.101\Sdks\Microsoft.NET.Sdk\targets\Microsoft.NET.Sdk.targets(799,5): message :       _GenerateCompileDependencyCache;
       C:\Program Files\dotnet\sdk\10.0.101\Sdks\Microsoft.NET.Sdk\targets\Microsoft.NET.Sdk.targets(799,5): message :       CoreCompile;
       C:\Program Files\dotnet\sdk\10.0.101\Sdks\Microsoft.NET.Sdk\targets\Microsoft.NET.Sdk.targets(799,5): message :       _TimeStampAfterCompile;
       C:\Program Files\dotnet\sdk\10.0.101\Sdks\Microsoft.NET.Sdk\targets\Microsoft.NET.Sdk.targets(799,5): message :       AfterCompile;
       C:\Program Files\dotnet\sdk\10.0.101\Sdks\Microsoft.NET.Sdk\targets\Microsoft.NET.Sdk.targets(799,5): message :     ") at C:\Program Files\dotnet\sdk\10.0.101\Sdks\Microsoft.NET.Sdk\targets\Microsoft.NET.Sdk.targets (799,5)
       C:\Program Files\dotnet\sdk\10.0.101\Sdks\Microsoft.NET.Sdk\targets\Microsoft.NET.Sdk.targets(1131,5): message : Property reassignment: $(CreateSatelliteAssembliesDependsOn)="
       C:\Program Files\dotnet\sdk\10.0.101\Sdks\Microsoft.NET.Sdk\targets\Microsoft.NET.Sdk.targets(1131,5): message :       
       C:\Program Files\dotnet\sdk\10.0.101\Sdks\Microsoft.NET.Sdk\targets\Microsoft.NET.Sdk.targets(1131,5): message :       ;
       C:\Program Files\dotnet\sdk\10.0.101\Sdks\Microsoft.NET.Sdk\targets\Microsoft.NET.Sdk.targets(1131,5): message :       _GenerateSatelliteAssemblyInputs;
       C:\Program Files\dotnet\sdk\10.0.101\Sdks\Microsoft.NET.Sdk\targets\Microsoft.NET.Sdk.targets(1131,5): message :       ComputeIntermediateSatelliteAssemblies;
       C:\Program Files\dotnet\sdk\10.0.101\Sdks\Microsoft.NET.Sdk\targets\Microsoft.NET.Sdk.targets(1131,5): message :       GenerateSatelliteAssemblies
       C:\Program Files\dotnet\sdk\10.0.101\Sdks\Microsoft.NET.Sdk\targets\Microsoft.NET.Sdk.targets(1131,5): message :     ;
       C:\Program Files\dotnet\sdk\10.0.101\Sdks\Microsoft.NET.Sdk\targets\Microsoft.NET.Sdk.targets(1131,5): message :       CoreGenerateSatelliteAssemblies
       C:\Program Files\dotnet\sdk\10.0.101\Sdks\Microsoft.NET.Sdk\targets\Microsoft.NET.Sdk.targets(1131,5): message :     " (previous value: "
       C:\Program Files\dotnet\sdk\10.0.101\Sdks\Microsoft.NET.Sdk\targets\Microsoft.NET.Sdk.targets(1131,5): message :       ;
       C:\Program Files\dotnet\sdk\10.0.101\Sdks\Microsoft.NET.Sdk\targets\Microsoft.NET.Sdk.targets(1131,5): message :       _GenerateSatelliteAssemblyInputs;
       C:\Program Files\dotnet\sdk\10.0.101\Sdks\Microsoft.NET.Sdk\targets\Microsoft.NET.Sdk.targets(1131,5): message :       ComputeIntermediateSatelliteAssemblies;
       C:\Program Files\dotnet\sdk\10.0.101\Sdks\Microsoft.NET.Sdk\targets\Microsoft.NET.Sdk.targets(1131,5): message :       GenerateSatelliteAssemblies
       C:\Program Files\dotnet\sdk\10.0.101\Sdks\Microsoft.NET.Sdk\targets\Microsoft.NET.Sdk.targets(1131,5): message :     ") at C:\Program Files\dotnet\sdk\10.0.101\Sdks\Microsoft.NET.Sdk\targets\Microsoft.NET.Sdk.targets (1131,5)
       C:\Program Files\dotnet\sdk\10.0.101\Sdks\Microsoft.SourceLink.GitLab\build\Microsoft.SourceLink.GitLab.targets(12,5): message : Property reassignment: $(SourceLinkUrlInitializerTargets)=";_InitializeGitHubSourceLinkUrl;_InitializeGitLabSourceLinkUrl" (previous value: ";_InitializeGitHubSourceLinkUrl") at C:\Program Files\dotnet\sdk\10.0.101\Sdks\Microsoft.SourceLink.GitLab\build\Microsoft.SourceLink.GitLab.targets (12,5)
       C:\Program Files\dotnet\sdk\10.0.101\Sdks\Microsoft.SourceLink.GitLab\build\Microsoft.SourceLink.GitLab.targets(13,5): message : Property reassignment: $(SourceControlManagerUrlTranslationTargets)=";TranslateGitHubUrlsInSourceControlInformation;TranslateGitLabUrlsInSourceControlInformation" (previous value: ";TranslateGitHubUrlsInSourceControlInformation") at C:\Program Files\dotnet\sdk\10.0.101\Sdks\Microsoft.SourceLink.GitLab\build\Microsoft.SourceLink.GitLab.targets (13,5)
       C:\Program Files\dotnet\sdk\10.0.101\Sdks\Microsoft.SourceLink.AzureRepos.Git\build\Microsoft.SourceLink.AzureRepos.Git.targets(12,5): message : Property reassignment: $(SourceLinkUrlInitializerTargets)=";_InitializeGitHubSourceLinkUrl;_InitializeGitLabSourceLinkUrl;_InitializeAzureReposGitSourceLinkUrl" (previous value: ";_InitializeGitHubSourceLinkUrl;_InitializeGitLabSourceLinkUrl") at C:\Program Files\dotnet\sdk\10.0.101\Sdks\Microsoft.SourceLink.AzureRepos.Git\build\Microsoft.SourceLink.AzureRepos.Git.targets (12,5)
       C:\Program Files\dotnet\sdk\10.0.101\Sdks\Microsoft.SourceLink.AzureRepos.Git\build\Microsoft.SourceLink.AzureRepos.Git.targets(13,5): message : Property reassignment: $(SourceControlManagerUrlTranslationTargets)=";TranslateGitHubUrlsInSourceControlInformation;TranslateGitLabUrlsInSourceControlInformation;TranslateAzureReposGitUrlsInSourceControlInformation" (previous value: ";TranslateGitHubUrlsInSourceControlInformation;TranslateGitLabUrlsInSourceControlInformation") at C:\Program Files\dotnet\sdk\10.0.101\Sdks\Microsoft.SourceLink.AzureRepos.Git\build\Microsoft.SourceLink.AzureRepos.Git.targets (13,5)
       C:\Program Files\dotnet\sdk\10.0.101\Sdks\Microsoft.SourceLink.Bitbucket.Git\build\Microsoft.SourceLink.Bitbucket.Git.targets(12,5): message : Property reassignment: $(SourceLinkUrlInitializerTargets)=";_InitializeGitHubSourceLinkUrl;_InitializeGitLabSourceLinkUrl;_InitializeAzureReposGitSourceLinkUrl;_InitializeBitbucketGitSourceLinkUrl" (previous value: ";_InitializeGitHubSourceLinkUrl;_InitializeGitLabSourceLinkUrl;_InitializeAzureReposGitSourceLinkUrl") at C:\Program Files\dotnet\sdk\10.0.101\Sdks\Microsoft.SourceLink.Bitbucket.Git\build\Microsoft.SourceLink.Bitbucket.Git.targets (12,5)
       C:\Program Files\dotnet\sdk\10.0.101\Sdks\Microsoft.SourceLink.Bitbucket.Git\build\Microsoft.SourceLink.Bitbucket.Git.targets(13,5): message : Property reassignment: $(SourceControlManagerUrlTranslationTargets)=";TranslateGitHubUrlsInSourceControlInformation;TranslateGitLabUrlsInSourceControlInformation;TranslateAzureReposGitUrlsInSourceControlInformation;TranslateBitbucketGitUrlsInSourceControlInformation" (previous value: ";TranslateGitHubUrlsInSourceControlInformation;TranslateGitLabUrlsInSourceControlInformation;TranslateAzureReposGitUrlsInSourceControlInformation") at C:\Program Files\dotnet\sdk\10.0.101\Sdks\Microsoft.SourceLink.Bitbucket.Git\build\Microsoft.SourceLink.Bitbucket.Git.targets (13,5)
       C:\Program Files\dotnet\sdk\10.0.101\Sdks\Microsoft.NET.Sdk\targets\Microsoft.NET.DesignerSupport.targets(21,5): message : Property reassignment: $(DesignerRuntimeImplementationProjectOutputGroupDependsOn)="
       C:\Program Files\dotnet\sdk\10.0.101\Sdks\Microsoft.NET.Sdk\targets\Microsoft.NET.DesignerSupport.targets(21,5): message :       
       C:\Program Files\dotnet\sdk\10.0.101\Sdks\Microsoft.NET.Sdk\targets\Microsoft.NET.DesignerSupport.targets(21,5): message :       ;
       C:\Program Files\dotnet\sdk\10.0.101\Sdks\Microsoft.NET.Sdk\targets\Microsoft.NET.DesignerSupport.targets(21,5): message :       
       C:\Program Files\dotnet\sdk\10.0.101\Sdks\Microsoft.NET.Sdk\targets\Microsoft.NET.DesignerSupport.targets(21,5): message :       ;
       C:\Program Files\dotnet\sdk\10.0.101\Sdks\Microsoft.NET.Sdk\targets\Microsoft.NET.DesignerSupport.targets(21,5): message :       BuildOnlySettings;
       C:\Program Files\dotnet\sdk\10.0.101\Sdks\Microsoft.NET.Sdk\targets\Microsoft.NET.DesignerSupport.targets(21,5): message :       PrepareForBuild;
       C:\Program Files\dotnet\sdk\10.0.101\Sdks\Microsoft.NET.Sdk\targets\Microsoft.NET.DesignerSupport.targets(21,5): message :       AssignTargetPaths;
       C:\Program Files\dotnet\sdk\10.0.101\Sdks\Microsoft.NET.Sdk\targets\Microsoft.NET.DesignerSupport.targets(21,5): message :       ResolveReferences
       C:\Program Files\dotnet\sdk\10.0.101\Sdks\Microsoft.NET.Sdk\targets\Microsoft.NET.DesignerSupport.targets(21,5): message :     
       C:\Program Files\dotnet\sdk\10.0.101\Sdks\Microsoft.NET.Sdk\targets\Microsoft.NET.DesignerSupport.targets(21,5): message :     ;
       C:\Program Files\dotnet\sdk\10.0.101\Sdks\Microsoft.NET.Sdk\targets\Microsoft.NET.DesignerSupport.targets(21,5): message :       _GenerateDesignerDepsFile;
       C:\Program Files\dotnet\sdk\10.0.101\Sdks\Microsoft.NET.Sdk\targets\Microsoft.NET.DesignerSupport.targets(21,5): message :       _GenerateDesignerRuntimeConfigFile;
       C:\Program Files\dotnet\sdk\10.0.101\Sdks\Microsoft.NET.Sdk\targets\Microsoft.NET.DesignerSupport.targets(21,5): message :       GetCopyToOutputDirectoryItems;
       C:\Program Files\dotnet\sdk\10.0.101\Sdks\Microsoft.NET.Sdk\targets\Microsoft.NET.DesignerSupport.targets(21,5): message :       _GatherDesignerShadowCopyFiles;
       C:\Program Files\dotnet\sdk\10.0.101\Sdks\Microsoft.NET.Sdk\targets\Microsoft.NET.DesignerSupport.targets(21,5): message :     " (previous value: "
       C:\Program Files\dotnet\sdk\10.0.101\Sdks\Microsoft.NET.Sdk\targets\Microsoft.NET.DesignerSupport.targets(21,5): message :       ;
       C:\Program Files\dotnet\sdk\10.0.101\Sdks\Microsoft.NET.Sdk\targets\Microsoft.NET.DesignerSupport.targets(21,5): message :       
       C:\Program Files\dotnet\sdk\10.0.101\Sdks\Microsoft.NET.Sdk\targets\Microsoft.NET.DesignerSupport.targets(21,5): message :       ;
       C:\Program Files\dotnet\sdk\10.0.101\Sdks\Microsoft.NET.Sdk\targets\Microsoft.NET.DesignerSupport.targets(21,5): message :       BuildOnlySettings;
       C:\Program Files\dotnet\sdk\10.0.101\Sdks\Microsoft.NET.Sdk\targets\Microsoft.NET.DesignerSupport.targets(21,5): message :       PrepareForBuild;
       C:\Program Files\dotnet\sdk\10.0.101\Sdks\Microsoft.NET.Sdk\targets\Microsoft.NET.DesignerSupport.targets(21,5): message :       AssignTargetPaths;
       C:\Program Files\dotnet\sdk\10.0.101\Sdks\Microsoft.NET.Sdk\targets\Microsoft.NET.DesignerSupport.targets(21,5): message :       ResolveReferences
       C:\Program Files\dotnet\sdk\10.0.101\Sdks\Microsoft.NET.Sdk\targets\Microsoft.NET.DesignerSupport.targets(21,5): message :     
       C:\Program Files\dotnet\sdk\10.0.101\Sdks\Microsoft.NET.Sdk\targets\Microsoft.NET.DesignerSupport.targets(21,5): message :     ") at C:\Program Files\dotnet\sdk\10.0.101\Sdks\Microsoft.NET.Sdk\targets\Microsoft.NET.DesignerSupport.targets (21,5)
       C:\Program Files\dotnet\sdk\10.0.101\Sdks\Microsoft.NET.Sdk\targets\Microsoft.NET.Sdk.CSharp.targets(31,5): message : Property reassignment: $(DefineConstants)="TRACE;DEBUG" (previous value: "TRACE") at C:\Program Files\dotnet\sdk\10.0.101\Sdks\Microsoft.NET.Sdk\targets\Microsoft.NET.Sdk.CSharp.targets (31,5)
       C:\Program Files\dotnet\sdk\10.0.101\Sdks\Microsoft.NET.Sdk\targets\Microsoft.NET.Sdk.CSharp.targets(45,5): message : Property reassignment: $(WarningsAsErrors)=";NU1605;SYSLIB0011" (previous value: ";NU1605") at C:\Program Files\dotnet\sdk\10.0.101\Sdks\Microsoft.NET.Sdk\targets\Microsoft.NET.Sdk.CSharp.targets (45,5)
       C:\Program Files\dotnet\sdk\10.0.101\NuGet.Build.Tasks.Pack.targets(34,5): message : Property reassignment: $(PackageDescription)="Package Description" (previous value: "") at C:\Program Files\dotnet\sdk\10.0.101\NuGet.Build.Tasks.Pack.targets (34,5)
       C:\Program Files\dotnet\sdk\10.0.101\NuGet.Build.Tasks.Pack.targets(59,5): message : Property reassignment: $(GenerateNuspecDependsOn)="Build;_LoadPackInputItems; _GetTargetFrameworksOutput; _WalkEachTargetPerFramework; _GetPackageFiles; " (previous value: "_LoadPackInputItems; _GetTargetFrameworksOutput; _WalkEachTargetPerFramework; _GetPackageFiles; ") at C:\Program Files\dotnet\sdk\10.0.101\NuGet.Build.Tasks.Pack.targets (59,5)
       C:\Program Files\dotnet\sdk\10.0.101\Sdks\Microsoft.NET.Sdk\Sdk\Sdk.targets(59,5): message : Property reassignment: $(_IsNotSetContainersTargetsDir)="true" (previous value: "false") at C:\Program Files\dotnet\sdk\10.0.101\Sdks\Microsoft.NET.Sdk\Sdk\Sdk.targets (59,5)
       C:\Program Files\dotnet\sdk\10.0.101\Containers\build\Microsoft.NET.Build.Containers.targets(5,5): message : Property reassignment: $(_IsSDKContainerAllowedVersion)="true" (previous value: "false") at C:\Program Files\dotnet\sdk\10.0.101\Containers\build\Microsoft.NET.Build.Containers.targets (5,5)
       C:\Program Files\dotnet\sdk\10.0.101\Containers\build\Microsoft.NET.Build.Containers.targets(15,5): message : Property reassignment: $(_ContainerIsTargetingNet8TFM)="true" (previous value: "false") at C:\Program Files\dotnet\sdk\10.0.101\Containers\build\Microsoft.NET.Build.Containers.targets (15,5)
       C:\Program Files\dotnet\sdk\10.0.101\Sdks\Microsoft.NET.Sdk.StaticWebAssets\targets\Sdk.StaticWebAssets.CurrentVersion.targets(37,18): message : Property 'DOTNET_HOST_PATH' with value 'C:\Program Files\dotnet\dotnet.exe' expanded from the environment.
       C:\Program Files\dotnet\sdk\10.0.101\Sdks\Microsoft.NET.Sdk.StaticWebAssets\targets\Microsoft.NET.Sdk.StaticWebAssets.targets(286,5): message : Property reassignment: $(PrepareForRunDependsOn)="StaticWebAssetsPrepareForRun;
       C:\Program Files\dotnet\sdk\10.0.101\Sdks\Microsoft.NET.Sdk.StaticWebAssets\targets\Microsoft.NET.Sdk.StaticWebAssets.targets(286,5): message :       CopyFilesToOutputDirectory
       C:\Program Files\dotnet\sdk\10.0.101\Sdks\Microsoft.NET.Sdk.StaticWebAssets\targets\Microsoft.NET.Sdk.StaticWebAssets.targets(286,5): message :     " (previous value: "
       C:\Program Files\dotnet\sdk\10.0.101\Sdks\Microsoft.NET.Sdk.StaticWebAssets\targets\Microsoft.NET.Sdk.StaticWebAssets.targets(286,5): message :       CopyFilesToOutputDirectory
       C:\Program Files\dotnet\sdk\10.0.101\Sdks\Microsoft.NET.Sdk.StaticWebAssets\targets\Microsoft.NET.Sdk.StaticWebAssets.targets(286,5): message :     ") at C:\Program Files\dotnet\sdk\10.0.101\Sdks\Microsoft.NET.Sdk.StaticWebAssets\targets\Microsoft.NET.Sdk.StaticWebAssets.targets (286,5)
       C:\Program Files\dotnet\sdk\10.0.101\Sdks\Microsoft.NET.Sdk.StaticWebAssets\targets\Microsoft.NET.Sdk.StaticWebAssets.targets(323,5): message : Property reassignment: $(GetCopyToOutputDirectoryItemsDependsOn)="
       C:\Program Files\dotnet\sdk\10.0.101\Sdks\Microsoft.NET.Sdk.StaticWebAssets\targets\Microsoft.NET.Sdk.StaticWebAssets.targets(323,5): message :       AssignTargetPaths;
       C:\Program Files\dotnet\sdk\10.0.101\Sdks\Microsoft.NET.Sdk.StaticWebAssets\targets\Microsoft.NET.Sdk.StaticWebAssets.targets(323,5): message :       
       C:\Program Files\dotnet\sdk\10.0.101\Sdks\Microsoft.NET.Sdk.StaticWebAssets\targets\Microsoft.NET.Sdk.StaticWebAssets.targets(323,5): message :       AssignProjectConfiguration;
       C:\Program Files\dotnet\sdk\10.0.101\Sdks\Microsoft.NET.Sdk.StaticWebAssets\targets\Microsoft.NET.Sdk.StaticWebAssets.targets(323,5): message :       _SplitProjectReferencesByFileExistence
       C:\Program Files\dotnet\sdk\10.0.101\Sdks\Microsoft.NET.Sdk.StaticWebAssets\targets\Microsoft.NET.Sdk.StaticWebAssets.targets(323,5): message :     ;
       C:\Program Files\dotnet\sdk\10.0.101\Sdks\Microsoft.NET.Sdk.StaticWebAssets\targets\Microsoft.NET.Sdk.StaticWebAssets.targets(323,5): message :       _GetProjectReferenceTargetFrameworkProperties;
       C:\Program Files\dotnet\sdk\10.0.101\Sdks\Microsoft.NET.Sdk.StaticWebAssets\targets\Microsoft.NET.Sdk.StaticWebAssets.targets(323,5): message :       _PopulateCommonStateForGetCopyToOutputDirectoryItems
       C:\Program Files\dotnet\sdk\10.0.101\Sdks\Microsoft.NET.Sdk.StaticWebAssets\targets\Microsoft.NET.Sdk.StaticWebAssets.targets(323,5): message :     ;AddStaticWebAssetsManifest;AddStaticWebAssetEndpointsBuildManifest" (previous value: "
       C:\Program Files\dotnet\sdk\10.0.101\Sdks\Microsoft.NET.Sdk.StaticWebAssets\targets\Microsoft.NET.Sdk.StaticWebAssets.targets(323,5): message :       AssignTargetPaths;
       C:\Program Files\dotnet\sdk\10.0.101\Sdks\Microsoft.NET.Sdk.StaticWebAssets\targets\Microsoft.NET.Sdk.StaticWebAssets.targets(323,5): message :       
       C:\Program Files\dotnet\sdk\10.0.101\Sdks\Microsoft.NET.Sdk.StaticWebAssets\targets\Microsoft.NET.Sdk.StaticWebAssets.targets(323,5): message :       AssignProjectConfiguration;
       C:\Program Files\dotnet\sdk\10.0.101\Sdks\Microsoft.NET.Sdk.StaticWebAssets\targets\Microsoft.NET.Sdk.StaticWebAssets.targets(323,5): message :       _SplitProjectReferencesByFileExistence
       C:\Program Files\dotnet\sdk\10.0.101\Sdks\Microsoft.NET.Sdk.StaticWebAssets\targets\Microsoft.NET.Sdk.StaticWebAssets.targets(323,5): message :     ;
       C:\Program Files\dotnet\sdk\10.0.101\Sdks\Microsoft.NET.Sdk.StaticWebAssets\targets\Microsoft.NET.Sdk.StaticWebAssets.targets(323,5): message :       _GetProjectReferenceTargetFrameworkProperties;
       C:\Program Files\dotnet\sdk\10.0.101\Sdks\Microsoft.NET.Sdk.StaticWebAssets\targets\Microsoft.NET.Sdk.StaticWebAssets.targets(323,5): message :       _PopulateCommonStateForGetCopyToOutputDirectoryItems
       C:\Program Files\dotnet\sdk\10.0.101\Sdks\Microsoft.NET.Sdk.StaticWebAssets\targets\Microsoft.NET.Sdk.StaticWebAssets.targets(323,5): message :     ") at C:\Program Files\dotnet\sdk\10.0.101\Sdks\Microsoft.NET.Sdk.StaticWebAssets\targets\Microsoft.NET.Sdk.StaticWebAssets.targets (323,5)
       C:\Program Files\dotnet\sdk\10.0.101\Sdks\Microsoft.NET.Sdk.StaticWebAssets\targets\Microsoft.NET.Sdk.StaticWebAssets.Pack.targets(46,5): message : Property reassignment: $(GenerateNuspecDependsOn)="
       C:\Program Files\dotnet\sdk\10.0.101\Sdks\Microsoft.NET.Sdk.StaticWebAssets\targets\Microsoft.NET.Sdk.StaticWebAssets.Pack.targets(46,5): message :       IncludeStaticWebAssetsPackItems;
       C:\Program Files\dotnet\sdk\10.0.101\Sdks\Microsoft.NET.Sdk.StaticWebAssets\targets\Microsoft.NET.Sdk.StaticWebAssets.Pack.targets(46,5): message :       Build;_LoadPackInputItems; _GetTargetFrameworksOutput; _WalkEachTargetPerFramework; _GetPackageFiles; ;
       C:\Program Files\dotnet\sdk\10.0.101\Sdks\Microsoft.NET.Sdk.StaticWebAssets\targets\Microsoft.NET.Sdk.StaticWebAssets.Pack.targets(46,5): message :     " (previous value: "Build;_LoadPackInputItems; _GetTargetFrameworksOutput; _WalkEachTargetPerFramework; _GetPackageFiles; ") at C:\Program Files\dotnet\sdk\10.0.101\Sdks\Microsoft.NET.Sdk.StaticWebAssets\targets\Microsoft.NET.Sdk.StaticWebAssets.Pack.targets (46,5)
       C:\Program Files\dotnet\sdk\10.0.101\Sdks\Microsoft.NET.Sdk.StaticWebAssets\targets\Microsoft.NET.Sdk.StaticWebAssets.Pack.targets(55,5): message : Property reassignment: $(IncludeStaticWebAssetsPackItemsDependsOn)="
       C:\Program Files\dotnet\sdk\10.0.101\Sdks\Microsoft.NET.Sdk.StaticWebAssets\targets\Microsoft.NET.Sdk.StaticWebAssets.Pack.targets(55,5): message :       Build;
       C:\Program Files\dotnet\sdk\10.0.101\Sdks\Microsoft.NET.Sdk.StaticWebAssets\targets\Microsoft.NET.Sdk.StaticWebAssets.Pack.targets(55,5): message :       ResolveStaticWebAssetsConfiguration;LoadStaticWebAssetsBuildManifest
       C:\Program Files\dotnet\sdk\10.0.101\Sdks\Microsoft.NET.Sdk.StaticWebAssets\targets\Microsoft.NET.Sdk.StaticWebAssets.Pack.targets(55,5): message :     ;
       C:\Program Files\dotnet\sdk\10.0.101\Sdks\Microsoft.NET.Sdk.StaticWebAssets\targets\Microsoft.NET.Sdk.StaticWebAssets.Pack.targets(55,5): message :     " (previous value: "
       C:\Program Files\dotnet\sdk\10.0.101\Sdks\Microsoft.NET.Sdk.StaticWebAssets\targets\Microsoft.NET.Sdk.StaticWebAssets.Pack.targets(55,5): message :       ResolveStaticWebAssetsConfiguration;LoadStaticWebAssetsBuildManifest
       C:\Program Files\dotnet\sdk\10.0.101\Sdks\Microsoft.NET.Sdk.StaticWebAssets\targets\Microsoft.NET.Sdk.StaticWebAssets.Pack.targets(55,5): message :     ") at C:\Program Files\dotnet\sdk\10.0.101\Sdks\Microsoft.NET.Sdk.StaticWebAssets\targets\Microsoft.NET.Sdk.StaticWebAssets.Pack.targets (55,5)
       C:\Program Files\dotnet\sdk\10.0.101\Sdks\Microsoft.NET.Sdk.StaticWebAssets\targets\Microsoft.NET.Sdk.StaticWebAssets.ScopedCss.targets(55,3): message : Property reassignment: $(ResolveStaticWebAssetsInputsDependsOn)="
       C:\Program Files\dotnet\sdk\10.0.101\Sdks\Microsoft.NET.Sdk.StaticWebAssets\targets\Microsoft.NET.Sdk.StaticWebAssets.ScopedCss.targets(55,3): message :     
       C:\Program Files\dotnet\sdk\10.0.101\Sdks\Microsoft.NET.Sdk.StaticWebAssets\targets\Microsoft.NET.Sdk.StaticWebAssets.ScopedCss.targets(55,3): message :       ResolveCoreStaticWebAssets;
       C:\Program Files\dotnet\sdk\10.0.101\Sdks\Microsoft.NET.Sdk.StaticWebAssets\targets\Microsoft.NET.Sdk.StaticWebAssets.ScopedCss.targets(55,3): message :       GenerateComputedBuildStaticWebAssets;
       C:\Program Files\dotnet\sdk\10.0.101\Sdks\Microsoft.NET.Sdk.StaticWebAssets\targets\Microsoft.NET.Sdk.StaticWebAssets.ScopedCss.targets(55,3): message :       
       C:\Program Files\dotnet\sdk\10.0.101\Sdks\Microsoft.NET.Sdk.StaticWebAssets\targets\Microsoft.NET.Sdk.StaticWebAssets.ScopedCss.targets(55,3): message :     ;
       C:\Program Files\dotnet\sdk\10.0.101\Sdks\Microsoft.NET.Sdk.StaticWebAssets\targets\Microsoft.NET.Sdk.StaticWebAssets.ScopedCss.targets(55,3): message :     ResolveScopedCssAssets;
       C:\Program Files\dotnet\sdk\10.0.101\Sdks\Microsoft.NET.Sdk.StaticWebAssets\targets\Microsoft.NET.Sdk.StaticWebAssets.ScopedCss.targets(55,3): message :   " (previous value: "
       C:\Program Files\dotnet\sdk\10.0.101\Sdks\Microsoft.NET.Sdk.StaticWebAssets\targets\Microsoft.NET.Sdk.StaticWebAssets.ScopedCss.targets(55,3): message :       ResolveCoreStaticWebAssets;
       C:\Program Files\dotnet\sdk\10.0.101\Sdks\Microsoft.NET.Sdk.StaticWebAssets\targets\Microsoft.NET.Sdk.StaticWebAssets.ScopedCss.targets(55,3): message :       GenerateComputedBuildStaticWebAssets;
       C:\Program Files\dotnet\sdk\10.0.101\Sdks\Microsoft.NET.Sdk.StaticWebAssets\targets\Microsoft.NET.Sdk.StaticWebAssets.ScopedCss.targets(55,3): message :       
       C:\Program Files\dotnet\sdk\10.0.101\Sdks\Microsoft.NET.Sdk.StaticWebAssets\targets\Microsoft.NET.Sdk.StaticWebAssets.ScopedCss.targets(55,3): message :     ") at C:\Program Files\dotnet\sdk\10.0.101\Sdks\Microsoft.NET.Sdk.StaticWebAssets\targets\Microsoft.NET.Sdk.StaticWebAssets.ScopedCss.targets (55,3)
       C:\Program Files\dotnet\sdk\10.0.101\Sdks\Microsoft.NET.Sdk.StaticWebAssets\targets\Microsoft.NET.Sdk.StaticWebAssets.ScopedCss.targets(88,3): message : Property reassignment: $(GenerateComputedBuildStaticWebAssetsDependsOn)="
       C:\Program Files\dotnet\sdk\10.0.101\Sdks\Microsoft.NET.Sdk.StaticWebAssets\targets\Microsoft.NET.Sdk.StaticWebAssets.ScopedCss.targets(88,3): message :     ResolveCoreStaticWebAssets;;
       C:\Program Files\dotnet\sdk\10.0.101\Sdks\Microsoft.NET.Sdk.StaticWebAssets\targets\Microsoft.NET.Sdk.StaticWebAssets.ScopedCss.targets(88,3): message :     BundleScopedCssFiles;
       C:\Program Files\dotnet\sdk\10.0.101\Sdks\Microsoft.NET.Sdk.StaticWebAssets\targets\Microsoft.NET.Sdk.StaticWebAssets.ScopedCss.targets(88,3): message :   " (previous value: "ResolveCoreStaticWebAssets;") at C:\Program Files\dotnet\sdk\10.0.101\Sdks\Microsoft.NET.Sdk.StaticWebAssets\targets\Microsoft.NET.Sdk.StaticWebAssets.ScopedCss.targets (88,3)
       C:\Program Files\dotnet\sdk\10.0.101\Sdks\Microsoft.NET.Sdk.StaticWebAssets\targets\Microsoft.NET.Sdk.StaticWebAssets.JSModules.targets(37,5): message : Property reassignment: $(ResolveCoreStaticWebAssetsDependsOn)="
       C:\Program Files\dotnet\sdk\10.0.101\Sdks\Microsoft.NET.Sdk.StaticWebAssets\targets\Microsoft.NET.Sdk.StaticWebAssets.JSModules.targets(37,5): message :       
       C:\Program Files\dotnet\sdk\10.0.101\Sdks\Microsoft.NET.Sdk.StaticWebAssets\targets\Microsoft.NET.Sdk.StaticWebAssets.JSModules.targets(37,5): message :       UpdateExistingPackageStaticWebAssets;
       C:\Program Files\dotnet\sdk\10.0.101\Sdks\Microsoft.NET.Sdk.StaticWebAssets\targets\Microsoft.NET.Sdk.StaticWebAssets.JSModules.targets(37,5): message :       ResolveProjectStaticWebAssets;
       C:\Program Files\dotnet\sdk\10.0.101\Sdks\Microsoft.NET.Sdk.StaticWebAssets\targets\Microsoft.NET.Sdk.StaticWebAssets.JSModules.targets(37,5): message :       ResolveEmbeddedProjectsStaticWebAssets;
       C:\Program Files\dotnet\sdk\10.0.101\Sdks\Microsoft.NET.Sdk.StaticWebAssets\targets\Microsoft.NET.Sdk.StaticWebAssets.JSModules.targets(37,5): message :       ResolveReferencedProjectsStaticWebAssets;
       C:\Program Files\dotnet\sdk\10.0.101\Sdks\Microsoft.NET.Sdk.StaticWebAssets\targets\Microsoft.NET.Sdk.StaticWebAssets.JSModules.targets(37,5): message :       ;
       C:\Program Files\dotnet\sdk\10.0.101\Sdks\Microsoft.NET.Sdk.StaticWebAssets\targets\Microsoft.NET.Sdk.StaticWebAssets.JSModules.targets(37,5): message :     ;
       C:\Program Files\dotnet\sdk\10.0.101\Sdks\Microsoft.NET.Sdk.StaticWebAssets\targets\Microsoft.NET.Sdk.StaticWebAssets.JSModules.targets(37,5): message :       ResolveJsInitializerModuleStaticWebAssets;
       C:\Program Files\dotnet\sdk\10.0.101\Sdks\Microsoft.NET.Sdk.StaticWebAssets\targets\Microsoft.NET.Sdk.StaticWebAssets.JSModules.targets(37,5): message :     " (previous value: "
       C:\Program Files\dotnet\sdk\10.0.101\Sdks\Microsoft.NET.Sdk.StaticWebAssets\targets\Microsoft.NET.Sdk.StaticWebAssets.JSModules.targets(37,5): message :       UpdateExistingPackageStaticWebAssets;
       C:\Program Files\dotnet\sdk\10.0.101\Sdks\Microsoft.NET.Sdk.StaticWebAssets\targets\Microsoft.NET.Sdk.StaticWebAssets.JSModules.targets(37,5): message :       ResolveProjectStaticWebAssets;
       C:\Program Files\dotnet\sdk\10.0.101\Sdks\Microsoft.NET.Sdk.StaticWebAssets\targets\Microsoft.NET.Sdk.StaticWebAssets.JSModules.targets(37,5): message :       ResolveEmbeddedProjectsStaticWebAssets;
       C:\Program Files\dotnet\sdk\10.0.101\Sdks\Microsoft.NET.Sdk.StaticWebAssets\targets\Microsoft.NET.Sdk.StaticWebAssets.JSModules.targets(37,5): message :       ResolveReferencedProjectsStaticWebAssets;
       C:\Program Files\dotnet\sdk\10.0.101\Sdks\Microsoft.NET.Sdk.StaticWebAssets\targets\Microsoft.NET.Sdk.StaticWebAssets.JSModules.targets(37,5): message :       ;
       C:\Program Files\dotnet\sdk\10.0.101\Sdks\Microsoft.NET.Sdk.StaticWebAssets\targets\Microsoft.NET.Sdk.StaticWebAssets.JSModules.targets(37,5): message :     ") at C:\Program Files\dotnet\sdk\10.0.101\Sdks\Microsoft.NET.Sdk.StaticWebAssets\targets\Microsoft.NET.Sdk.StaticWebAssets.JSModules.targets (37,5)
       C:\Program Files\dotnet\sdk\10.0.101\Sdks\Microsoft.NET.Sdk.StaticWebAssets\targets\Microsoft.NET.Sdk.StaticWebAssets.JSModules.targets(42,5): message : Property reassignment: $(ResolveCoreStaticWebAssetsDependsOn)="
       C:\Program Files\dotnet\sdk\10.0.101\Sdks\Microsoft.NET.Sdk.StaticWebAssets\targets\Microsoft.NET.Sdk.StaticWebAssets.JSModules.targets(42,5): message :       
       C:\Program Files\dotnet\sdk\10.0.101\Sdks\Microsoft.NET.Sdk.StaticWebAssets\targets\Microsoft.NET.Sdk.StaticWebAssets.JSModules.targets(42,5): message :       
       C:\Program Files\dotnet\sdk\10.0.101\Sdks\Microsoft.NET.Sdk.StaticWebAssets\targets\Microsoft.NET.Sdk.StaticWebAssets.JSModules.targets(42,5): message :       UpdateExistingPackageStaticWebAssets;
       C:\Program Files\dotnet\sdk\10.0.101\Sdks\Microsoft.NET.Sdk.StaticWebAssets\targets\Microsoft.NET.Sdk.StaticWebAssets.JSModules.targets(42,5): message :       ResolveProjectStaticWebAssets;
       C:\Program Files\dotnet\sdk\10.0.101\Sdks\Microsoft.NET.Sdk.StaticWebAssets\targets\Microsoft.NET.Sdk.StaticWebAssets.JSModules.targets(42,5): message :       ResolveEmbeddedProjectsStaticWebAssets;
       C:\Program Files\dotnet\sdk\10.0.101\Sdks\Microsoft.NET.Sdk.StaticWebAssets\targets\Microsoft.NET.Sdk.StaticWebAssets.JSModules.targets(42,5): message :       ResolveReferencedProjectsStaticWebAssets;
       C:\Program Files\dotnet\sdk\10.0.101\Sdks\Microsoft.NET.Sdk.StaticWebAssets\targets\Microsoft.NET.Sdk.StaticWebAssets.JSModules.targets(42,5): message :       ;
       C:\Program Files\dotnet\sdk\10.0.101\Sdks\Microsoft.NET.Sdk.StaticWebAssets\targets\Microsoft.NET.Sdk.StaticWebAssets.JSModules.targets(42,5): message :     ;
       C:\Program Files\dotnet\sdk\10.0.101\Sdks\Microsoft.NET.Sdk.StaticWebAssets\targets\Microsoft.NET.Sdk.StaticWebAssets.JSModules.targets(42,5): message :       ResolveJsInitializerModuleStaticWebAssets;
       C:\Program Files\dotnet\sdk\10.0.101\Sdks\Microsoft.NET.Sdk.StaticWebAssets\targets\Microsoft.NET.Sdk.StaticWebAssets.JSModules.targets(42,5): message :     ;
       C:\Program Files\dotnet\sdk\10.0.101\Sdks\Microsoft.NET.Sdk.StaticWebAssets\targets\Microsoft.NET.Sdk.StaticWebAssets.JSModules.targets(42,5): message :       ResolveJSModuleStaticWebAssets;
       C:\Program Files\dotnet\sdk\10.0.101\Sdks\Microsoft.NET.Sdk.StaticWebAssets\targets\Microsoft.NET.Sdk.StaticWebAssets.JSModules.targets(42,5): message :     " (previous value: "
       C:\Program Files\dotnet\sdk\10.0.101\Sdks\Microsoft.NET.Sdk.StaticWebAssets\targets\Microsoft.NET.Sdk.StaticWebAssets.JSModules.targets(42,5): message :       
       C:\Program Files\dotnet\sdk\10.0.101\Sdks\Microsoft.NET.Sdk.StaticWebAssets\targets\Microsoft.NET.Sdk.StaticWebAssets.JSModules.targets(42,5): message :       UpdateExistingPackageStaticWebAssets;
       C:\Program Files\dotnet\sdk\10.0.101\Sdks\Microsoft.NET.Sdk.StaticWebAssets\targets\Microsoft.NET.Sdk.StaticWebAssets.JSModules.targets(42,5): message :       ResolveProjectStaticWebAssets;
       C:\Program Files\dotnet\sdk\10.0.101\Sdks\Microsoft.NET.Sdk.StaticWebAssets\targets\Microsoft.NET.Sdk.StaticWebAssets.JSModules.targets(42,5): message :       ResolveEmbeddedProjectsStaticWebAssets;
       C:\Program Files\dotnet\sdk\10.0.101\Sdks\Microsoft.NET.Sdk.StaticWebAssets\targets\Microsoft.NET.Sdk.StaticWebAssets.JSModules.targets(42,5): message :       ResolveReferencedProjectsStaticWebAssets;
       C:\Program Files\dotnet\sdk\10.0.101\Sdks\Microsoft.NET.Sdk.StaticWebAssets\targets\Microsoft.NET.Sdk.StaticWebAssets.JSModules.targets(42,5): message :       ;
       C:\Program Files\dotnet\sdk\10.0.101\Sdks\Microsoft.NET.Sdk.StaticWebAssets\targets\Microsoft.NET.Sdk.StaticWebAssets.JSModules.targets(42,5): message :     ;
       C:\Program Files\dotnet\sdk\10.0.101\Sdks\Microsoft.NET.Sdk.StaticWebAssets\targets\Microsoft.NET.Sdk.StaticWebAssets.JSModules.targets(42,5): message :       ResolveJsInitializerModuleStaticWebAssets;
       C:\Program Files\dotnet\sdk\10.0.101\Sdks\Microsoft.NET.Sdk.StaticWebAssets\targets\Microsoft.NET.Sdk.StaticWebAssets.JSModules.targets(42,5): message :     ") at C:\Program Files\dotnet\sdk\10.0.101\Sdks\Microsoft.NET.Sdk.StaticWebAssets\targets\Microsoft.NET.Sdk.StaticWebAssets.JSModules.targets (42,5)
       C:\Program Files\dotnet\sdk\10.0.101\Sdks\Microsoft.NET.Sdk.StaticWebAssets\targets\Microsoft.NET.Sdk.StaticWebAssets.JSModules.targets(57,5): message : Property reassignment: $(ResolveStaticWebAssetsInputsDependsOn)="
       C:\Program Files\dotnet\sdk\10.0.101\Sdks\Microsoft.NET.Sdk.StaticWebAssets\targets\Microsoft.NET.Sdk.StaticWebAssets.JSModules.targets(57,5): message :       ResolveJSModuleManifestBuildStaticWebAssets;
       C:\Program Files\dotnet\sdk\10.0.101\Sdks\Microsoft.NET.Sdk.StaticWebAssets\targets\Microsoft.NET.Sdk.StaticWebAssets.JSModules.targets(57,5): message :       
       C:\Program Files\dotnet\sdk\10.0.101\Sdks\Microsoft.NET.Sdk.StaticWebAssets\targets\Microsoft.NET.Sdk.StaticWebAssets.JSModules.targets(57,5): message :     
       C:\Program Files\dotnet\sdk\10.0.101\Sdks\Microsoft.NET.Sdk.StaticWebAssets\targets\Microsoft.NET.Sdk.StaticWebAssets.JSModules.targets(57,5): message :       ResolveCoreStaticWebAssets;
       C:\Program Files\dotnet\sdk\10.0.101\Sdks\Microsoft.NET.Sdk.StaticWebAssets\targets\Microsoft.NET.Sdk.StaticWebAssets.JSModules.targets(57,5): message :       GenerateComputedBuildStaticWebAssets;
       C:\Program Files\dotnet\sdk\10.0.101\Sdks\Microsoft.NET.Sdk.StaticWebAssets\targets\Microsoft.NET.Sdk.StaticWebAssets.JSModules.targets(57,5): message :       
       C:\Program Files\dotnet\sdk\10.0.101\Sdks\Microsoft.NET.Sdk.StaticWebAssets\targets\Microsoft.NET.Sdk.StaticWebAssets.JSModules.targets(57,5): message :     ;
       C:\Program Files\dotnet\sdk\10.0.101\Sdks\Microsoft.NET.Sdk.StaticWebAssets\targets\Microsoft.NET.Sdk.StaticWebAssets.JSModules.targets(57,5): message :     ResolveScopedCssAssets;
       C:\Program Files\dotnet\sdk\10.0.101\Sdks\Microsoft.NET.Sdk.StaticWebAssets\targets\Microsoft.NET.Sdk.StaticWebAssets.JSModules.targets(57,5): message :   
       C:\Program Files\dotnet\sdk\10.0.101\Sdks\Microsoft.NET.Sdk.StaticWebAssets\targets\Microsoft.NET.Sdk.StaticWebAssets.JSModules.targets(57,5): message :     " (previous value: "
       C:\Program Files\dotnet\sdk\10.0.101\Sdks\Microsoft.NET.Sdk.StaticWebAssets\targets\Microsoft.NET.Sdk.StaticWebAssets.JSModules.targets(57,5): message :     
       C:\Program Files\dotnet\sdk\10.0.101\Sdks\Microsoft.NET.Sdk.StaticWebAssets\targets\Microsoft.NET.Sdk.StaticWebAssets.JSModules.targets(57,5): message :       ResolveCoreStaticWebAssets;
       C:\Program Files\dotnet\sdk\10.0.101\Sdks\Microsoft.NET.Sdk.StaticWebAssets\targets\Microsoft.NET.Sdk.StaticWebAssets.JSModules.targets(57,5): message :       GenerateComputedBuildStaticWebAssets;
       C:\Program Files\dotnet\sdk\10.0.101\Sdks\Microsoft.NET.Sdk.StaticWebAssets\targets\Microsoft.NET.Sdk.StaticWebAssets.JSModules.targets(57,5): message :       
       C:\Program Files\dotnet\sdk\10.0.101\Sdks\Microsoft.NET.Sdk.StaticWebAssets\targets\Microsoft.NET.Sdk.StaticWebAssets.JSModules.targets(57,5): message :     ;
       C:\Program Files\dotnet\sdk\10.0.101\Sdks\Microsoft.NET.Sdk.StaticWebAssets\targets\Microsoft.NET.Sdk.StaticWebAssets.JSModules.targets(57,5): message :     ResolveScopedCssAssets;
       C:\Program Files\dotnet\sdk\10.0.101\Sdks\Microsoft.NET.Sdk.StaticWebAssets\targets\Microsoft.NET.Sdk.StaticWebAssets.JSModules.targets(57,5): message :   ") at C:\Program Files\dotnet\sdk\10.0.101\Sdks\Microsoft.NET.Sdk.StaticWebAssets\targets\Microsoft.NET.Sdk.StaticWebAssets.JSModules.targets (57,5)
       C:\Program Files\dotnet\sdk\10.0.101\Sdks\Microsoft.NET.Sdk.StaticWebAssets\targets\Microsoft.NET.Sdk.StaticWebAssets.JSModules.targets(76,5): message : Property reassignment: $(ResolvePublishStaticWebAssetsDependsOn)="
       C:\Program Files\dotnet\sdk\10.0.101\Sdks\Microsoft.NET.Sdk.StaticWebAssets\targets\Microsoft.NET.Sdk.StaticWebAssets.JSModules.targets(76,5): message :       ResolveJSModuleManifestPublishStaticWebAssets;
       C:\Program Files\dotnet\sdk\10.0.101\Sdks\Microsoft.NET.Sdk.StaticWebAssets\targets\Microsoft.NET.Sdk.StaticWebAssets.JSModules.targets(76,5): message :       
       C:\Program Files\dotnet\sdk\10.0.101\Sdks\Microsoft.NET.Sdk.StaticWebAssets\targets\Microsoft.NET.Sdk.StaticWebAssets.JSModules.targets(76,5): message :       ResolveCorePublishStaticWebAssets;
       C:\Program Files\dotnet\sdk\10.0.101\Sdks\Microsoft.NET.Sdk.StaticWebAssets\targets\Microsoft.NET.Sdk.StaticWebAssets.JSModules.targets(76,5): message :       GenerateComputedPublishStaticWebAssets;
       C:\Program Files\dotnet\sdk\10.0.101\Sdks\Microsoft.NET.Sdk.StaticWebAssets\targets\Microsoft.NET.Sdk.StaticWebAssets.JSModules.targets(76,5): message :       ;
       C:\Program Files\dotnet\sdk\10.0.101\Sdks\Microsoft.NET.Sdk.StaticWebAssets\targets\Microsoft.NET.Sdk.StaticWebAssets.JSModules.targets(76,5): message :     
       C:\Program Files\dotnet\sdk\10.0.101\Sdks\Microsoft.NET.Sdk.StaticWebAssets\targets\Microsoft.NET.Sdk.StaticWebAssets.JSModules.targets(76,5): message :     " (previous value: "
       C:\Program Files\dotnet\sdk\10.0.101\Sdks\Microsoft.NET.Sdk.StaticWebAssets\targets\Microsoft.NET.Sdk.StaticWebAssets.JSModules.targets(76,5): message :       ResolveCorePublishStaticWebAssets;
       C:\Program Files\dotnet\sdk\10.0.101\Sdks\Microsoft.NET.Sdk.StaticWebAssets\targets\Microsoft.NET.Sdk.StaticWebAssets.JSModules.targets(76,5): message :       GenerateComputedPublishStaticWebAssets;
       C:\Program Files\dotnet\sdk\10.0.101\Sdks\Microsoft.NET.Sdk.StaticWebAssets\targets\Microsoft.NET.Sdk.StaticWebAssets.JSModules.targets(76,5): message :       ;
       C:\Program Files\dotnet\sdk\10.0.101\Sdks\Microsoft.NET.Sdk.StaticWebAssets\targets\Microsoft.NET.Sdk.StaticWebAssets.JSModules.targets(76,5): message :     ") at C:\Program Files\dotnet\sdk\10.0.101\Sdks\Microsoft.NET.Sdk.StaticWebAssets\targets\Microsoft.NET.Sdk.StaticWebAssets.JSModules.targets (76,5)
       C:\Program Files\dotnet\sdk\10.0.101\Sdks\Microsoft.NET.Sdk.StaticWebAssets\targets\Microsoft.NET.Sdk.StaticWebAssets.Compression.targets(185,5): message : Property reassignment: $(ResolveBuildRelatedStaticWebAssetsDependsOn)="
       C:\Program Files\dotnet\sdk\10.0.101\Sdks\Microsoft.NET.Sdk.StaticWebAssets\targets\Microsoft.NET.Sdk.StaticWebAssets.Compression.targets(185,5): message :       ResolveBuildCompressedStaticWebAssets;
       C:\Program Files\dotnet\sdk\10.0.101\Sdks\Microsoft.NET.Sdk.StaticWebAssets\targets\Microsoft.NET.Sdk.StaticWebAssets.Compression.targets(185,5): message :       
       C:\Program Files\dotnet\sdk\10.0.101\Sdks\Microsoft.NET.Sdk.StaticWebAssets\targets\Microsoft.NET.Sdk.StaticWebAssets.Compression.targets(185,5): message :       ResolveStaticWebAssetsInputs;
       C:\Program Files\dotnet\sdk\10.0.101\Sdks\Microsoft.NET.Sdk.StaticWebAssets\targets\Microsoft.NET.Sdk.StaticWebAssets.Compression.targets(185,5): message :       
       C:\Program Files\dotnet\sdk\10.0.101\Sdks\Microsoft.NET.Sdk.StaticWebAssets\targets\Microsoft.NET.Sdk.StaticWebAssets.Compression.targets(185,5): message :     
       C:\Program Files\dotnet\sdk\10.0.101\Sdks\Microsoft.NET.Sdk.StaticWebAssets\targets\Microsoft.NET.Sdk.StaticWebAssets.Compression.targets(185,5): message :     " (previous value: "
       C:\Program Files\dotnet\sdk\10.0.101\Sdks\Microsoft.NET.Sdk.StaticWebAssets\targets\Microsoft.NET.Sdk.StaticWebAssets.Compression.targets(185,5): message :       ResolveStaticWebAssetsInputs;
       C:\Program Files\dotnet\sdk\10.0.101\Sdks\Microsoft.NET.Sdk.StaticWebAssets\targets\Microsoft.NET.Sdk.StaticWebAssets.Compression.targets(185,5): message :       
       C:\Program Files\dotnet\sdk\10.0.101\Sdks\Microsoft.NET.Sdk.StaticWebAssets\targets\Microsoft.NET.Sdk.StaticWebAssets.Compression.targets(185,5): message :     ") at C:\Program Files\dotnet\sdk\10.0.101\Sdks\Microsoft.NET.Sdk.StaticWebAssets\targets\Microsoft.NET.Sdk.StaticWebAssets.Compression.targets (185,5)
       C:\Program Files\dotnet\sdk\10.0.101\Sdks\Microsoft.NET.Sdk.StaticWebAssets\targets\Microsoft.NET.Sdk.StaticWebAssets.Compression.targets(204,5): message : Property reassignment: $(ResolvePublishRelatedStaticWebAssetsDependsOn)="
       C:\Program Files\dotnet\sdk\10.0.101\Sdks\Microsoft.NET.Sdk.StaticWebAssets\targets\Microsoft.NET.Sdk.StaticWebAssets.Compression.targets(204,5): message :       ResolvePublishCompressedStaticWebAssets;
       C:\Program Files\dotnet\sdk\10.0.101\Sdks\Microsoft.NET.Sdk.StaticWebAssets\targets\Microsoft.NET.Sdk.StaticWebAssets.Compression.targets(204,5): message :       
       C:\Program Files\dotnet\sdk\10.0.101\Sdks\Microsoft.NET.Sdk.StaticWebAssets\targets\Microsoft.NET.Sdk.StaticWebAssets.Compression.targets(204,5): message :     " (previous value: "") at C:\Program Files\dotnet\sdk\10.0.101\Sdks\Microsoft.NET.Sdk.StaticWebAssets\targets\Microsoft.NET.Sdk.StaticWebAssets.Compression.targets (204,5)
       C:\Program Files\dotnet\sdk\10.0.101\Sdks\Microsoft.NET.Sdk.Razor\targets\Sdk.Razor.CurrentVersion.targets(220,5): message : Property reassignment: $(DebugSymbolsProjectOutputGroupDependsOn)="
       C:\Program Files\dotnet\sdk\10.0.101\Sdks\Microsoft.NET.Sdk.Razor\targets\Sdk.Razor.CurrentVersion.targets(220,5): message :       ;
       C:\Program Files\dotnet\sdk\10.0.101\Sdks\Microsoft.NET.Sdk.Razor\targets\Sdk.Razor.CurrentVersion.targets(220,5): message :       _RazorAddDebugSymbolsProjectOutputGroupOutput
       C:\Program Files\dotnet\sdk\10.0.101\Sdks\Microsoft.NET.Sdk.Razor\targets\Sdk.Razor.CurrentVersion.targets(220,5): message :     " (previous value: "") at C:\Program Files\dotnet\sdk\10.0.101\Sdks\Microsoft.NET.Sdk.Razor\targets\Sdk.Razor.CurrentVersion.targets (220,5)
       C:\Program Files\dotnet\sdk\10.0.101\Sdks\Microsoft.NET.Sdk.Razor\targets\Sdk.Razor.CurrentVersion.targets(225,5): message : Property reassignment: $(PrepareForBuildDependsOn)="
       C:\Program Files\dotnet\sdk\10.0.101\Sdks\Microsoft.NET.Sdk.Razor\targets\Sdk.Razor.CurrentVersion.targets(225,5): message :       ;GetFrameworkPaths;GetReferenceAssemblyPaths;AssignLinkMetadata;
       C:\Program Files\dotnet\sdk\10.0.101\Sdks\Microsoft.NET.Sdk.Razor\targets\Sdk.Razor.CurrentVersion.targets(225,5): message :       ResolveRazorGenerateInputs
       C:\Program Files\dotnet\sdk\10.0.101\Sdks\Microsoft.NET.Sdk.Razor\targets\Sdk.Razor.CurrentVersion.targets(225,5): message :     " (previous value: ";GetFrameworkPaths;GetReferenceAssemblyPaths;AssignLinkMetadata") at C:\Program Files\dotnet\sdk\10.0.101\Sdks\Microsoft.NET.Sdk.Razor\targets\Sdk.Razor.CurrentVersion.targets (225,5)
       C:\Program Files\dotnet\sdk\10.0.101\Sdks\Microsoft.NET.Sdk.Razor\targets\Sdk.Razor.CurrentVersion.targets(230,5): message : Property reassignment: $(GenerateNuspecDependsOn)="
       C:\Program Files\dotnet\sdk\10.0.101\Sdks\Microsoft.NET.Sdk.Razor\targets\Sdk.Razor.CurrentVersion.targets(230,5): message :       ResolveRazorGenerateInputs;
       C:\Program Files\dotnet\sdk\10.0.101\Sdks\Microsoft.NET.Sdk.Razor\targets\Sdk.Razor.CurrentVersion.targets(230,5): message :       
       C:\Program Files\dotnet\sdk\10.0.101\Sdks\Microsoft.NET.Sdk.Razor\targets\Sdk.Razor.CurrentVersion.targets(230,5): message :       IncludeStaticWebAssetsPackItems;
       C:\Program Files\dotnet\sdk\10.0.101\Sdks\Microsoft.NET.Sdk.Razor\targets\Sdk.Razor.CurrentVersion.targets(230,5): message :       Build;_LoadPackInputItems; _GetTargetFrameworksOutput; _WalkEachTargetPerFramework; _GetPackageFiles; ;
       C:\Program Files\dotnet\sdk\10.0.101\Sdks\Microsoft.NET.Sdk.Razor\targets\Sdk.Razor.CurrentVersion.targets(230,5): message :     
       C:\Program Files\dotnet\sdk\10.0.101\Sdks\Microsoft.NET.Sdk.Razor\targets\Sdk.Razor.CurrentVersion.targets(230,5): message :     " (previous value: "
       C:\Program Files\dotnet\sdk\10.0.101\Sdks\Microsoft.NET.Sdk.Razor\targets\Sdk.Razor.CurrentVersion.targets(230,5): message :       IncludeStaticWebAssetsPackItems;
       C:\Program Files\dotnet\sdk\10.0.101\Sdks\Microsoft.NET.Sdk.Razor\targets\Sdk.Razor.CurrentVersion.targets(230,5): message :       Build;_LoadPackInputItems; _GetTargetFrameworksOutput; _WalkEachTargetPerFramework; _GetPackageFiles; ;
       C:\Program Files\dotnet\sdk\10.0.101\Sdks\Microsoft.NET.Sdk.Razor\targets\Sdk.Razor.CurrentVersion.targets(230,5): message :     ") at C:\Program Files\dotnet\sdk\10.0.101\Sdks\Microsoft.NET.Sdk.Razor\targets\Sdk.Razor.CurrentVersion.targets (230,5)
       C:\Program Files\dotnet\sdk\10.0.101\Sdks\Microsoft.NET.Sdk.Razor\targets\Sdk.Razor.CurrentVersion.targets(235,5): message : Property reassignment: $(PrepareForRunDependsOn)="
       C:\Program Files\dotnet\sdk\10.0.101\Sdks\Microsoft.NET.Sdk.Razor\targets\Sdk.Razor.CurrentVersion.targets(235,5): message :       _RazorPrepareForRun;
       C:\Program Files\dotnet\sdk\10.0.101\Sdks\Microsoft.NET.Sdk.Razor\targets\Sdk.Razor.CurrentVersion.targets(235,5): message :       StaticWebAssetsPrepareForRun;
       C:\Program Files\dotnet\sdk\10.0.101\Sdks\Microsoft.NET.Sdk.Razor\targets\Sdk.Razor.CurrentVersion.targets(235,5): message :       CopyFilesToOutputDirectory
       C:\Program Files\dotnet\sdk\10.0.101\Sdks\Microsoft.NET.Sdk.Razor\targets\Sdk.Razor.CurrentVersion.targets(235,5): message :     
       C:\Program Files\dotnet\sdk\10.0.101\Sdks\Microsoft.NET.Sdk.Razor\targets\Sdk.Razor.CurrentVersion.targets(235,5): message :     " (previous value: "StaticWebAssetsPrepareForRun;
       C:\Program Files\dotnet\sdk\10.0.101\Sdks\Microsoft.NET.Sdk.Razor\targets\Sdk.Razor.CurrentVersion.targets(235,5): message :       CopyFilesToOutputDirectory
       C:\Program Files\dotnet\sdk\10.0.101\Sdks\Microsoft.NET.Sdk.Razor\targets\Sdk.Razor.CurrentVersion.targets(235,5): message :     ") at C:\Program Files\dotnet\sdk\10.0.101\Sdks\Microsoft.NET.Sdk.Razor\targets\Sdk.Razor.CurrentVersion.targets (235,5)
       C:\Program Files\dotnet\sdk\10.0.101\Sdks\Microsoft.NET.Sdk.Razor\targets\Sdk.Razor.CurrentVersion.targets(326,5): message : Property reassignment: $(UseRazorBuildServer)="true" (previous value: "") at C:\Program Files\dotnet\sdk\10.0.101\Sdks\Microsoft.NET.Sdk.Razor\targets\Sdk.Razor.CurrentVersion.targets (326,5)
       C:\Program Files\dotnet\sdk\10.0.101\Sdks\Microsoft.NET.Sdk.Razor\targets\Sdk.Razor.CurrentVersion.targets(332,5): message : Property reassignment: $(_RazorDebugSymbolsProduced)="true" (previous value: "false") at C:\Program Files\dotnet\sdk\10.0.101\Sdks\Microsoft.NET.Sdk.Razor\targets\Sdk.Razor.CurrentVersion.targets (332,5)
       C:\Program Files\dotnet\sdk\10.0.101\Sdks\Microsoft.NET.Sdk.Razor\targets\Microsoft.NET.Sdk.Razor.GenerateAssemblyInfo.targets(36,5): message : Property reassignment: $(GenerateRazorTargetAssemblyInfoDependsOn)="
       C:\Program Files\dotnet\sdk\10.0.101\Sdks\Microsoft.NET.Sdk.Razor\targets\Microsoft.NET.Sdk.Razor.GenerateAssemblyInfo.targets(36,5): message :       _ResolveMvcAssemblyAttributes;
       C:\Program Files\dotnet\sdk\10.0.101\Sdks\Microsoft.NET.Sdk.Razor\targets\Microsoft.NET.Sdk.Razor.GenerateAssemblyInfo.targets(36,5): message :       
       C:\Program Files\dotnet\sdk\10.0.101\Sdks\Microsoft.NET.Sdk.Razor\targets\Microsoft.NET.Sdk.Razor.GenerateAssemblyInfo.targets(36,5): message :       GetRazorTargetAssemblyAttributes;
       C:\Program Files\dotnet\sdk\10.0.101\Sdks\Microsoft.NET.Sdk.Razor\targets\Microsoft.NET.Sdk.Razor.GenerateAssemblyInfo.targets(36,5): message :       _CreateRazorTargetAssemblyInfoInputsCacheFile;
       C:\Program Files\dotnet\sdk\10.0.101\Sdks\Microsoft.NET.Sdk.Razor\targets\Microsoft.NET.Sdk.Razor.GenerateAssemblyInfo.targets(36,5): message :       CoreGenerateRazorTargetAssemblyInfo
       C:\Program Files\dotnet\sdk\10.0.101\Sdks\Microsoft.NET.Sdk.Razor\targets\Microsoft.NET.Sdk.Razor.GenerateAssemblyInfo.targets(36,5): message :     
       C:\Program Files\dotnet\sdk\10.0.101\Sdks\Microsoft.NET.Sdk.Razor\targets\Microsoft.NET.Sdk.Razor.GenerateAssemblyInfo.targets(36,5): message :     " (previous value: "
       C:\Program Files\dotnet\sdk\10.0.101\Sdks\Microsoft.NET.Sdk.Razor\targets\Microsoft.NET.Sdk.Razor.GenerateAssemblyInfo.targets(36,5): message :       GetRazorTargetAssemblyAttributes;
       C:\Program Files\dotnet\sdk\10.0.101\Sdks\Microsoft.NET.Sdk.Razor\targets\Microsoft.NET.Sdk.Razor.GenerateAssemblyInfo.targets(36,5): message :       _CreateRazorTargetAssemblyInfoInputsCacheFile;
       C:\Program Files\dotnet\sdk\10.0.101\Sdks\Microsoft.NET.Sdk.Razor\targets\Microsoft.NET.Sdk.Razor.GenerateAssemblyInfo.targets(36,5): message :       CoreGenerateRazorTargetAssemblyInfo
       C:\Program Files\dotnet\sdk\10.0.101\Sdks\Microsoft.NET.Sdk.Razor\targets\Microsoft.NET.Sdk.Razor.GenerateAssemblyInfo.targets(36,5): message :     ") at C:\Program Files\dotnet\sdk\10.0.101\Sdks\Microsoft.NET.Sdk.Razor\targets\Microsoft.NET.Sdk.Razor.GenerateAssemblyInfo.targets (36,5)
       C:\Program Files\dotnet\sdk\10.0.101\Sdks\Microsoft.NET.Sdk.Razor\targets\Microsoft.NET.Sdk.Razor.GenerateAssemblyInfo.targets(181,5): message : Property reassignment: $(CoreCompileDependsOn)="
       C:\Program Files\dotnet\sdk\10.0.101\Sdks\Microsoft.NET.Sdk.Razor\targets\Microsoft.NET.Sdk.Razor.GenerateAssemblyInfo.targets(181,5): message :       ;_ComputeNonExistentFileProperty;ResolveCodeAnalysisRuleSet;
       C:\Program Files\dotnet\sdk\10.0.101\Sdks\Microsoft.NET.Sdk.Razor\targets\Microsoft.NET.Sdk.Razor.GenerateAssemblyInfo.targets(181,5): message :       _GenerateRazorAssemblyInfo
       C:\Program Files\dotnet\sdk\10.0.101\Sdks\Microsoft.NET.Sdk.Razor\targets\Microsoft.NET.Sdk.Razor.GenerateAssemblyInfo.targets(181,5): message :     " (previous value: ";_ComputeNonExistentFileProperty;ResolveCodeAnalysisRuleSet") at C:\Program Files\dotnet\sdk\10.0.101\Sdks\Microsoft.NET.Sdk.Razor\targets\Microsoft.NET.Sdk.Razor.GenerateAssemblyInfo.targets (181,5)
       C:\Program Files\dotnet\sdk\10.0.101\Sdks\Microsoft.NET.Sdk.Razor\targets\Microsoft.NET.Sdk.Razor.GenerateAssemblyInfo.targets(189,5): message : Property reassignment: $(_GenerateRazorAssemblyInfoDependsOn)="
       C:\Program Files\dotnet\sdk\10.0.101\Sdks\Microsoft.NET.Sdk.Razor\targets\Microsoft.NET.Sdk.Razor.GenerateAssemblyInfo.targets(189,5): message :       _ResolveMvcAssemblyAttributes;
       C:\Program Files\dotnet\sdk\10.0.101\Sdks\Microsoft.NET.Sdk.Razor\targets\Microsoft.NET.Sdk.Razor.GenerateAssemblyInfo.targets(189,5): message :       RazorGetAssemblyAttributes;PrepareForBuild;_CoreGenerateRazorAssemblyInfo;
       C:\Program Files\dotnet\sdk\10.0.101\Sdks\Microsoft.NET.Sdk.Razor\targets\Microsoft.NET.Sdk.Razor.GenerateAssemblyInfo.targets(189,5): message :     " (previous value: "RazorGetAssemblyAttributes;PrepareForBuild;_CoreGenerateRazorAssemblyInfo") at C:\Program Files\dotnet\sdk\10.0.101\Sdks\Microsoft.NET.Sdk.Razor\targets\Microsoft.NET.Sdk.Razor.GenerateAssemblyInfo.targets (189,5)
       C:\Program Files\dotnet\sdk\10.0.101\Sdks\Microsoft.NET.Sdk.Razor\targets\Microsoft.NET.Sdk.Razor.MvcApplicationPartsDiscovery.targets(22,5): message : Property reassignment: $(CoreCompileDependsOn)="
       C:\Program Files\dotnet\sdk\10.0.101\Sdks\Microsoft.NET.Sdk.Razor\targets\Microsoft.NET.Sdk.Razor.MvcApplicationPartsDiscovery.targets(22,5): message :       _DiscoverMvcApplicationParts;
       C:\Program Files\dotnet\sdk\10.0.101\Sdks\Microsoft.NET.Sdk.Razor\targets\Microsoft.NET.Sdk.Razor.MvcApplicationPartsDiscovery.targets(22,5): message :       
       C:\Program Files\dotnet\sdk\10.0.101\Sdks\Microsoft.NET.Sdk.Razor\targets\Microsoft.NET.Sdk.Razor.MvcApplicationPartsDiscovery.targets(22,5): message :       ;_ComputeNonExistentFileProperty;ResolveCodeAnalysisRuleSet;
       C:\Program Files\dotnet\sdk\10.0.101\Sdks\Microsoft.NET.Sdk.Razor\targets\Microsoft.NET.Sdk.Razor.MvcApplicationPartsDiscovery.targets(22,5): message :       _GenerateRazorAssemblyInfo
       C:\Program Files\dotnet\sdk\10.0.101\Sdks\Microsoft.NET.Sdk.Razor\targets\Microsoft.NET.Sdk.Razor.MvcApplicationPartsDiscovery.targets(22,5): message :     ;
       C:\Program Files\dotnet\sdk\10.0.101\Sdks\Microsoft.NET.Sdk.Razor\targets\Microsoft.NET.Sdk.Razor.MvcApplicationPartsDiscovery.targets(22,5): message :     " (previous value: "
       C:\Program Files\dotnet\sdk\10.0.101\Sdks\Microsoft.NET.Sdk.Razor\targets\Microsoft.NET.Sdk.Razor.MvcApplicationPartsDiscovery.targets(22,5): message :       ;_ComputeNonExistentFileProperty;ResolveCodeAnalysisRuleSet;
       C:\Program Files\dotnet\sdk\10.0.101\Sdks\Microsoft.NET.Sdk.Razor\targets\Microsoft.NET.Sdk.Razor.MvcApplicationPartsDiscovery.targets(22,5): message :       _GenerateRazorAssemblyInfo
       C:\Program Files\dotnet\sdk\10.0.101\Sdks\Microsoft.NET.Sdk.Razor\targets\Microsoft.NET.Sdk.Razor.MvcApplicationPartsDiscovery.targets(22,5): message :     ") at C:\Program Files\dotnet\sdk\10.0.101\Sdks\Microsoft.NET.Sdk.Razor\targets\Microsoft.NET.Sdk.Razor.MvcApplicationPartsDiscovery.targets (22,5)
       C:\Program Files\dotnet\sdk\10.0.101\Sdks\Microsoft.NET.Sdk.Razor\targets\Sdk.Razor.CurrentVersion.targets(884,5): message : Property reassignment: $(RazorDesignTimeTargets)="C:\Program Files\dotnet\sdk\10.0.101\Sdks\Microsoft.NET.Sdk.Razor\targets\Microsoft.NET.Sdk.Razor.DesignTime.targets" (previous value: "C:\Program Files\dotnet\sdk\10.0.101\\Microsoft\VisualStudio\Razor\Microsoft.NET.Sdk.Razor.DesignTime.targets") at C:\Program Files\dotnet\sdk\10.0.101\Sdks\Microsoft.NET.Sdk.Razor\targets\Sdk.Razor.CurrentVersion.targets (884,5)
       C:\Program Files\dotnet\sdk\10.0.101\Sdks\Microsoft.NET.Sdk.Web.ProjectSystem\targets\Microsoft.NET.Sdk.Web.ProjectSystem.targets(21,5): message : Property reassignment: $(RunWorkingDirectory)="D:\P.L\Flutter\fresh_produce_app\FreshProduce.Api" (previous value: "") at C:\Program Files\dotnet\sdk\10.0.101\Sdks\Microsoft.NET.Sdk.Web.ProjectSystem\targets\Microsoft.NET.Sdk.Web.ProjectSystem.targets (21,5)
       C:\Program Files\dotnet\sdk\10.0.101\Sdks\Microsoft.NET.Sdk.Publish\targets\Microsoft.NET.Sdk.Publish.targets(60,5): message : Property reassignment: $(PublishProfileImported)="true" (previous value: "false") at C:\Program Files\dotnet\sdk\10.0.101\Sdks\Microsoft.NET.Sdk.Publish\targets\Microsoft.NET.Sdk.Publish.targets (60,5)
       C:\Program Files\dotnet\sdk\10.0.101\Sdks\Microsoft.NET.Sdk.Publish\targets\Microsoft.NET.Sdk.Publish.targets(81,5): message : Property reassignment: $(PublishConfiguration)="Debug" (previous value: "") at C:\Program Files\dotnet\sdk\10.0.101\Sdks\Microsoft.NET.Sdk.Publish\targets\Microsoft.NET.Sdk.Publish.targets (81,5)
       C:\Program Files\dotnet\sdk\10.0.101\Sdks\Microsoft.NET.Sdk.Publish\targets\Microsoft.NET.Sdk.Publish.targets(87,5): message : Property reassignment: $(BaseIntermediateOutputPath)="D:\P.L\Flutter\fresh_produce_app\FreshProduce.Api\obj\" (previous value: "obj\") at C:\Program Files\dotnet\sdk\10.0.101\Sdks\Microsoft.NET.Sdk.Publish\targets\Microsoft.NET.Sdk.Publish.targets (87,5)
       Overriding target "ResolveFrameworkReferences" in project "C:\Program Files\dotnet\sdk\10.0.101\Microsoft.Common.CurrentVersion.targets" with target "ResolveFrameworkReferences" from project "C:\Program Files\dotnet\sdk\10.0.101\Sdks\Microsoft.NET.Sdk\targets\Microsoft.NET.Sdk.FrameworkReferenceResolution.targets".
       Overriding target "GenerateSupportedTargetFrameworkAlias" in project "C:\Program Files\dotnet\sdk\10.0.101\Microsoft.Common.CurrentVersion.targets" with target "GenerateSupportedTargetFrameworkAlias" from project "C:\Program Files\dotnet\sdk\10.0.101\Sdks\Microsoft.NET.Sdk\targets\Microsoft.NET.Sdk.targets".
       Overriding target "GetReferenceAssemblyPaths" in project "C:\Program Files\dotnet\sdk\10.0.101\Microsoft.Common.CurrentVersion.targets" with target "GetReferenceAssemblyPaths" from project "C:\Program Files\dotnet\sdk\10.0.101\Sdks\Microsoft.NET.Sdk\targets\Microsoft.NET.DisableStandardFrameworkResolution.targets".
       Overriding target "GetFrameworkPaths" in project "C:\Program Files\dotnet\sdk\10.0.101\Microsoft.Common.CurrentVersion.targets" with target "GetFrameworkPaths" from project "C:\Program Files\dotnet\sdk\10.0.101\Sdks\Microsoft.NET.Sdk\targets\Microsoft.NET.DisableStandardFrameworkResolution.targets".
       Overriding target "DesignerRuntimeImplementationProjectOutputGroup" in project "C:\Program Files\dotnet\sdk\10.0.101\Microsoft.Common.CurrentVersion.targets" with target "DesignerRuntimeImplementationProjectOutputGroup" from project "C:\Program Files\dotnet\sdk\10.0.101\Sdks\Microsoft.NET.Sdk\targets\Microsoft.NET.DesignerSupport.targets".
       Overriding target "Publish" in project "C:\Program Files\dotnet\sdk\10.0.101\Microsoft.Common.CurrentVersion.targets" with target "Publish" from project "C:\Program Files\dotnet\sdk\10.0.101\Sdks\Microsoft.NET.Sdk\targets\Microsoft.NET.Publish.targets".
       Overriding target "ResolveReadyToRunCompilers" in project "C:\Program Files\dotnet\sdk\10.0.101\Sdks\Microsoft.NET.Sdk\targets\Microsoft.NET.CrossGen.targets" with target "ResolveReadyToRunCompilers" from project "C:\Program Files\dotnet\sdk\10.0.101\Sdks\Microsoft.NET.Sdk\targets\Microsoft.NET.Publish.targets".
       Overriding target "GetCopyToPublishDirectoryItems" in project "C:\Program Files\dotnet\sdk\10.0.101\Microsoft.Common.CurrentVersion.targets" with target "GetCopyToPublishDirectoryItems" from project "C:\Program Files\dotnet\sdk\10.0.101\Sdks\Microsoft.NET.Sdk\targets\Microsoft.NET.Publish.targets".
       Overriding target "Run" in project "C:\Program Files\dotnet\sdk\10.0.101\Microsoft.Common.CurrentVersion.targets" with target "Run" from project "C:\Program Files\dotnet\sdk\10.0.101\Sdks\Microsoft.NET.Sdk\targets\Microsoft.NET.Sdk.targets".
       Overriding target "BeforePublish" in project "C:\Program Files\dotnet\sdk\10.0.101\Microsoft.Common.CurrentVersion.targets" with target "BeforePublish" from project "C:\Program Files\dotnet\sdk\10.0.101\Sdks\Microsoft.NET.Sdk.Publish\targets\Microsoft.NET.Sdk.Publish.targets".
       Overriding target "AfterPublish" in project "C:\Program Files\dotnet\sdk\10.0.101\Microsoft.Common.CurrentVersion.targets" with target "AfterPublish" from project "C:\Program Files\dotnet\sdk\10.0.101\Sdks\Microsoft.NET.Sdk.Publish\targets\Microsoft.NET.Sdk.Publish.targets".
       The target "ResolveNuGetPackageAssets" listed in an AfterTargets attribute at "C:\Users\Dell\.nuget\packages\system.text.json\9.0.0\buildTransitive\net8.0\System.Text.Json.targets (11,11)" does not exist in the project, and will be ignored.
       The target "ResolveNuGetPackageAssets" listed in an AfterTargets attribute at "C:\Users\Dell\.nuget\packages\system.text.json\9.0.0\buildTransitive\net8.0\System.Text.Json.targets (23,11)" does not exist in the project, and will be ignored.
       The target "ResolveNuGetPackageAssets" listed in an AfterTargets attribute at "C:\Users\Dell\.nuget\packages\microsoft.extensions.options\9.0.0\buildTransitive\net8.0\Microsoft.Extensions.Options.targets (11,11)" does not exist in the project, and will be ignored.
       The target "ResolveNuGetPackageAssets" listed in an AfterTargets attribute at "C:\Users\Dell\.nuget\packages\microsoft.extensions.options\9.0.0\buildTransitive\net8.0\Microsoft.Extensions.Options.targets (23,11)" does not exist in the project, and will be ignored.
       The target "ResolveNuGetPackageAssets" listed in an AfterTargets attribute at "C:\Users\Dell\.nuget\packages\microsoft.extensions.logging.abstractions\9.0.0\buildTransitive\net8.0\Microsoft.Extensions.Logging.Abstractions.targets (11,11)" does not exist in the project, and will be ignored.
       The target "ResolveNuGetPackageAssets" listed in an AfterTargets attribute at "C:\Users\Dell\.nuget\packages\microsoft.extensions.logging.abstractions\9.0.0\buildTransitive\net8.0\Microsoft.Extensions.Logging.Abstractions.targets (23,11)" does not exist in the project, and will be ignored.
       The target "CollectUpToDateCheckInputDesignTime" listed in a BeforeTargets attribute at "C:\Program Files\dotnet\sdk\10.0.101\Sdks\Microsoft.NET.Sdk.StaticWebAssets\targets\Microsoft.NET.Sdk.StaticWebAssets.ScopedCss.targets (171,5)" does not exist in the project, and will be ignored.
       The target "CollectUpToDateCheckBuiltDesignTime" listed in a BeforeTargets attribute at "C:\Program Files\dotnet\sdk\10.0.101\Sdks\Microsoft.NET.Sdk.StaticWebAssets\targets\Microsoft.NET.Sdk.StaticWebAssets.ScopedCss.targets (171,5)" does not exist in the project, and will be ignored.
       The target "RazorGenerateComponentDeclaration" listed in an AfterTargets attribute at "C:\Program Files\dotnet\sdk\10.0.101\Sdks\Microsoft.NET.Sdk.Razor\targets\Microsoft.NET.Sdk.Razor.DesignTime.targets (55,53)" does not exist in the project, and will be ignored.
   1:7>Project "D:\P.L\Flutter\fresh_produce_app\FreshProduce.Api\FreshProduce.Api.csproj" on node 2 (default targets).
   1:7>Target "NETStandardCompatError_Mono_TextTemplating_net6_0" in file "C:\Users\Dell\.nuget\packages\mono.texttemplating\3.0.0\buildTransitive\Mono.TextTemplating.targets" from project "D:\P.L\Flutter\fresh_produce_app\FreshProduce.Api\FreshProduce.Api.csproj" (entry point):
   1:7>Done building target "NETStandardCompatError_Mono_TextTemplating_net6_0" in project "FreshProduce.Api.csproj".
   1:7>Target "_CollectTargetFrameworkForTelemetry" in file "C:\Program Files\dotnet\sdk\10.0.101\Sdks\Microsoft.NET.Sdk\targets\Microsoft.NET.TargetFrameworkInference.targets" from project "D:\P.L\Flutter\fresh_produce_app\FreshProduce.Api\FreshProduce.Api.csproj" (target "_CheckForInvalidConfigurationAndPlatform" depends on it):
       Using "AllowEmptyTelemetry" task from assembly "C:\Program Files\dotnet\sdk\10.0.101\Sdks\Microsoft.NET.Sdk\targets\..\tools\net10.0\Microsoft.NET.Build.Tasks.dll".
       Task "AllowEmptyTelemetry"
       Done executing task "AllowEmptyTelemetry".
   1:7>Done building target "_CollectTargetFrameworkForTelemetry" in project "FreshProduce.Api.csproj".
   1:7>Target "_CheckForUnsupportedNETCoreVersion" in file "C:\Program Files\dotnet\sdk\10.0.101\Sdks\Microsoft.NET.Sdk\targets\Microsoft.NET.TargetFrameworkInference.targets" from project "D:\P.L\Flutter\fresh_produce_app\FreshProduce.Api\FreshProduce.Api.csproj" (target "_CheckForInvalidConfigurationAndPlatform" depends on it):
   1:7>Done building target "_CheckForUnsupportedNETCoreVersion" in project "FreshProduce.Api.csproj".
   1:7>Target "_CheckForUnsupportedCppNETCoreVersion" in file "C:\Program Files\dotnet\sdk\10.0.101\Sdks\Microsoft.NET.Sdk\targets\Microsoft.NET.TargetFrameworkInference.targets" from project "D:\P.L\Flutter\fresh_produce_app\FreshProduce.Api\FreshProduce.Api.csproj" (target "_CheckForInvalidConfigurationAndPlatform" depends on it):
   1:7>Done building target "_CheckForUnsupportedCppNETCoreVersion" in project "FreshProduce.Api.csproj".
   1:7>Target "_CheckForUnsupportedArtifactsPath" in file "C:\Program Files\dotnet\sdk\10.0.101\Sdks\Microsoft.NET.Sdk\targets\Microsoft.NET.DefaultOutputPaths.targets" from project "D:\P.L\Flutter\fresh_produce_app\FreshProduce.Api\FreshProduce.Api.csproj" (target "_CheckForInvalidConfigurationAndPlatform" depends on it):
   1:7>Done building target "_CheckForUnsupportedArtifactsPath" in project "FreshProduce.Api.csproj".
   1:7>Target "_CheckRIDAsserts" in file "C:\Program Files\dotnet\sdk\10.0.101\Sdks\Microsoft.NET.Sdk\targets\Microsoft.NET.RuntimeIdentifierInference.targets" from project "D:\P.L\Flutter\fresh_produce_app\FreshProduce.Api\FreshProduce.Api.csproj" (target "_CheckForUnsupportedAppHostUsage" depends on it):
   1:7>Done building target "_CheckRIDAsserts" in project "FreshProduce.Api.csproj".
   1:7>Target "_CheckForUnsupportedAppHostUsage" in file "C:\Program Files\dotnet\sdk\10.0.101\Sdks\Microsoft.NET.Sdk\targets\Microsoft.NET.RuntimeIdentifierInference.targets" from project "D:\P.L\Flutter\fresh_produce_app\FreshProduce.Api\FreshProduce.Api.csproj" (target "_CheckForInvalidConfigurationAndPlatform" depends on it):
   1:7>Done building target "_CheckForUnsupportedAppHostUsage" in project "FreshProduce.Api.csproj".
   1:7>Target "_CheckForUnsupportedHostingUsage" in file "C:\Program Files\dotnet\sdk\10.0.101\Sdks\Microsoft.NET.Sdk\targets\Microsoft.NET.RuntimeIdentifierInference.targets" from project "D:\P.L\Flutter\fresh_produce_app\FreshProduce.Api\FreshProduce.Api.csproj" (target "_CheckForInvalidConfigurationAndPlatform" depends on it):
   1:7>Done building target "_CheckForUnsupportedHostingUsage" in project "FreshProduce.Api.csproj".
   1:7>Target "_CheckAndUnsetUnsupportedPrefer32Bit" in file "C:\Program Files\dotnet\sdk\10.0.101\Sdks\Microsoft.NET.Sdk\targets\Microsoft.NET.RuntimeIdentifierInference.targets" from project "D:\P.L\Flutter\fresh_produce_app\FreshProduce.Api\FreshProduce.Api.csproj" (target "_CheckForInvalidConfigurationAndPlatform" depends on it):
   1:7>Done building target "_CheckAndUnsetUnsupportedPrefer32Bit" in project "FreshProduce.Api.csproj".
   1:7>Target "_CheckForLanguageAndFeatureCombinationSupport" in file "C:\Program Files\dotnet\sdk\10.0.101\Sdks\Microsoft.NET.Sdk\targets\Microsoft.NET.RuntimeIdentifierInference.targets" from project "D:\P.L\Flutter\fresh_produce_app\FreshProduce.Api\FreshProduce.Api.csproj" (target "_CheckForInvalidConfigurationAndPlatform" depends on it):
   1:7>Done building target "_CheckForLanguageAndFeatureCombinationSupport" in project "FreshProduce.Api.csproj".
   1:7>Target "UpdateAspNetToFrameworkReference" in file "C:\Program Files\dotnet\sdk\10.0.101\Sdks\Microsoft.NET.Sdk\targets\Microsoft.NET.Sdk.DefaultItems.Shared.targets" from project "D:\P.L\Flutter\fresh_produce_app\FreshProduce.Api\FreshProduce.Api.csproj" (target "ApplyImplicitVersions" depends on it):
       Using "CheckIfPackageReferenceShouldBeFrameworkReference" task from assembly "C:\Program Files\dotnet\sdk\10.0.101\Sdks\Microsoft.NET.Sdk\targets\..\tools\net10.0\Microsoft.NET.Build.Tasks.dll".
       Task "CheckIfPackageReferenceShouldBeFrameworkReference"
       Done executing task "CheckIfPackageReferenceShouldBeFrameworkReference".
       Task "CheckIfPackageReferenceShouldBeFrameworkReference"
       Done executing task "CheckIfPackageReferenceShouldBeFrameworkReference".
   1:7>Done building target "UpdateAspNetToFrameworkReference" in project "FreshProduce.Api.csproj".
   1:7>Target "CheckForImplicitPackageReferenceOverrides" in file "C:\Program Files\dotnet\sdk\10.0.101\Sdks\Microsoft.NET.Sdk\targets\Microsoft.NET.Sdk.DefaultItems.Shared.targets" from project "D:\P.L\Flutter\fresh_produce_app\FreshProduce.Api\FreshProduce.Api.csproj" (target "ApplyImplicitVersions" depends on it):
       Using "CheckForImplicitPackageReferenceOverrides" task from assembly "C:\Program Files\dotnet\sdk\10.0.101\Sdks\Microsoft.NET.Sdk\targets\..\tools\net10.0\Microsoft.NET.Build.Tasks.dll".
       Task "CheckForImplicitPackageReferenceOverrides"
       Done executing task "CheckForImplicitPackageReferenceOverrides".
   1:7>Done building target "CheckForImplicitPackageReferenceOverrides" in project "FreshProduce.Api.csproj".
   1:7>Target "ApplyImplicitVersions" in file "C:\Program Files\dotnet\sdk\10.0.101\Sdks\Microsoft.NET.Sdk\targets\Microsoft.NET.Sdk.DefaultItems.Shared.targets" from project "D:\P.L\Flutter\fresh_produce_app\FreshProduce.Api\FreshProduce.Api.csproj" (target "CollectPackageReferences" depends on it):
       Using "ApplyImplicitVersions" task from assembly "C:\Program Files\dotnet\sdk\10.0.101\Sdks\Microsoft.NET.Sdk\targets\..\tools\net10.0\Microsoft.NET.Build.Tasks.dll".
       Task "ApplyImplicitVersions"
       Done executing task "ApplyImplicitVersions".
   1:7>Done building target "ApplyImplicitVersions" in project "FreshProduce.Api.csproj".
       Target "CheckForImplicitPackageReferenceOverrides" skipped. Previously built successfully.
   1:7>Target "_ComputeToolPackInputsToProcessFrameworkReferences" in file "C:\Program Files\dotnet\sdk\10.0.101\Sdks\Microsoft.NET.Sdk\targets\Microsoft.NET.Publish.targets" from project "D:\P.L\Flutter\fresh_produce_app\FreshProduce.Api\FreshProduce.Api.csproj" (target "ProcessFrameworkReferences" depends on it):
   1:7>Done building target "_ComputeToolPackInputsToProcessFrameworkReferences" in project "FreshProduce.Api.csproj".
   1:7>Target "ResolveRequiredWebAssets" in file "C:\Program Files\dotnet\sdk\10.0.101\Sdks\Microsoft.NET.Sdk.Web.ProjectSystem\targets\Microsoft.NET.Sdk.Web.ProjectSystem.targets" from project "D:\P.L\Flutter\fresh_produce_app\FreshProduce.Api\FreshProduce.Api.csproj" (target "ProcessFrameworkReferences" depends on it):
   1:7>Done building target "ResolveRequiredWebAssets" in project "FreshProduce.Api.csproj".
   1:7>Target "ProcessFrameworkReferences" in file "C:\Program Files\dotnet\sdk\10.0.101\Sdks\Microsoft.NET.Sdk\targets\Microsoft.NET.Sdk.FrameworkReferenceResolution.targets" from project "D:\P.L\Flutter\fresh_produce_app\FreshProduce.Api\FreshProduce.Api.csproj" (target "CollectPackageReferences" depends on it):
       Using "CheckForDuplicateFrameworkReferences" task from assembly "C:\Program Files\dotnet\sdk\10.0.101\Sdks\Microsoft.NET.Sdk\targets\..\tools\net10.0\Microsoft.NET.Build.Tasks.dll".
       Task "CheckForDuplicateFrameworkReferences"
       Done executing task "CheckForDuplicateFrameworkReferences".
       Using "ProcessFrameworkReferences" task from assembly "C:\Program Files\dotnet\sdk\10.0.101\Sdks\Microsoft.NET.Sdk\targets\..\tools\net10.0\Microsoft.NET.Build.Tasks.dll".
       Task "ProcessFrameworkReferences"
         Found 2 known framework references for target framework .NETCoreApp
         Found 5 known runtime packs for target framework .NETCoreApp
         Selected Microsoft.NETCore.App with RIDs 'linux-arm;linux-arm64;linux-musl-arm64;linux-musl-x64;linux-x64;osx-x64;tizen.4.0.0-armel;tizen.5.0.0-armel;win-arm64;win-x64;win-x86;linux-musl-arm;osx-arm64;linux-s390x;linux-loongarch64;linux-bionic-arm;linux-bionic-arm64;linux-bionic-x64;linux-bionic-x86;linux-ppc64le;freebsd-x64;freebsd-arm64;linux-riscv64;linux-musl-riscv64;linux-musl-loongarch64'
         Selected targeting pack 'Microsoft.NETCore.App@9.0.11'
         Added runtime framework 'Microsoft.NETCore.App@9.0.0'
         Selected Microsoft.WindowsDesktop.App with RIDs 'win-x64;win-x86;win-arm64'
         Selected targeting pack 'Microsoft.WindowsDesktop.App@9.0.11'
         Added runtime framework 'Microsoft.WindowsDesktop.App@9.0.0'
         Selected Microsoft.WindowsDesktop.App with RIDs 'win-x64;win-x86;win-arm64'
         Selected targeting pack 'Microsoft.WindowsDesktop.App.WPF@9.0.11'
         Added runtime framework 'Microsoft.WindowsDesktop.App@9.0.0'
         Selected Microsoft.WindowsDesktop.App with RIDs 'win-x64;win-x86;win-arm64'
         Selected targeting pack 'Microsoft.WindowsDesktop.App.WindowsForms@9.0.11'
         Added runtime framework 'Microsoft.WindowsDesktop.App@9.0.0'
         Selected Microsoft.AspNetCore.App with RIDs 'win-x64;win-x86;osx-x64;linux-musl-x64;linux-musl-arm64;linux-x64;linux-arm;linux-arm64;linux-musl-arm;win-arm64;osx-arm64;linux-s390x;linux-loongarch64;linux-ppc64le;freebsd-x64;freebsd-arm64;linux-riscv64;linux-musl-riscv64;linux-loongarch64;linux-musl-loongarch64'
         Selected targeting pack 'Microsoft.AspNetCore.App@9.0.11'
         Added runtime framework 'Microsoft.AspNetCore.App@9.0.0'
       Done executing task "ProcessFrameworkReferences".
       Using "ResolveAppHosts" task from assembly "C:\Program Files\dotnet\sdk\10.0.101\Sdks\Microsoft.NET.Sdk\targets\..\tools\net10.0\Microsoft.NET.Build.Tasks.dll".
       Task "ResolveAppHosts"
       Done executing task "ResolveAppHosts".
   1:7>Done building target "ProcessFrameworkReferences" in project "FreshProduce.Api.csproj".
   1:7>Target "_CheckForObsoleteDotNetCliToolReferences" in file "C:\Program Files\dotnet\sdk\10.0.101\Sdks\Microsoft.NET.Sdk\targets\Microsoft.NET.ObsoleteReferences.targets" from project "D:\P.L\Flutter\fresh_produce_app\FreshProduce.Api\FreshProduce.Api.csproj" (target "CollectPackageReferences" depends on it):
   1:7>Done building target "_CheckForObsoleteDotNetCliToolReferences" in project "FreshProduce.Api.csproj".
   1:7>Target "CollectPackageReferences" in file "C:\Program Files\dotnet\sdk\10.0.101\NuGet.targets" from project "D:\P.L\Flutter\fresh_produce_app\FreshProduce.Api\FreshProduce.Api.csproj" (target "_GetRestoreProjectStyle" depends on it):
       Using "CheckForDuplicateNuGetItemsTask" task from assembly "C:\Program Files\dotnet\sdk\10.0.101\NuGet.Build.Tasks.dll".
       Task "CheckForDuplicateNuGetItemsTask"
       Done executing task "CheckForDuplicateNuGetItemsTask".
   1:7>Done building target "CollectPackageReferences" in project "FreshProduce.Api.csproj".
   1:7>Target "_GetRestoreProjectStyle" in file "C:\Program Files\dotnet\sdk\10.0.101\NuGet.targets" from project "D:\P.L\Flutter\fresh_produce_app\FreshProduce.Api\FreshProduce.Api.csproj" (target "EnableIntermediateOutputPathMismatchWarning" depends on it):
       Using "GetRestoreProjectStyleTask" task from assembly "C:\Program Files\dotnet\sdk\10.0.101\NuGet.Build.Tasks.dll".
       Task "GetRestoreProjectStyleTask"
       Done executing task "GetRestoreProjectStyleTask".
   1:7>Done building target "_GetRestoreProjectStyle" in project "FreshProduce.Api.csproj".
   1:7>Target "EnableIntermediateOutputPathMismatchWarning" in file "C:\Program Files\dotnet\sdk\10.0.101\NuGet.targets" from project "D:\P.L\Flutter\fresh_produce_app\FreshProduce.Api\FreshProduce.Api.csproj" (target "_CheckForInvalidConfigurationAndPlatform" depends on it):
   1:7>Done building target "EnableIntermediateOutputPathMismatchWarning" in project "FreshProduce.Api.csproj".
       Target "ApplyImplicitVersions" skipped. Previously built successfully.
       Target "CheckForImplicitPackageReferenceOverrides" skipped. Previously built successfully.
   1:7>Target "CheckForDuplicateItems" in file "C:\Program Files\dotnet\sdk\10.0.101\Sdks\Microsoft.NET.Sdk\targets\Microsoft.NET.Sdk.DefaultItems.Shared.targets" from project "D:\P.L\Flutter\fresh_produce_app\FreshProduce.Api\FreshProduce.Api.csproj" (target "_CheckForInvalidConfigurationAndPlatform" depends on it):
       Using "CheckForDuplicateItems" task from assembly "C:\Program Files\dotnet\sdk\10.0.101\Sdks\Microsoft.NET.Sdk\targets\..\tools\net10.0\Microsoft.NET.Build.Tasks.dll".
       Task "CheckForDuplicateItems"
       Done executing task "CheckForDuplicateItems".
       Task "CheckForDuplicateItems"
       Done executing task "CheckForDuplicateItems".
       Task "CheckForDuplicateItems"
       Done executing task "CheckForDuplicateItems".
   1:7>Done building target "CheckForDuplicateItems" in project "FreshProduce.Api.csproj".
       Target "ProcessFrameworkReferences" skipped. Previously built successfully.
   1:7>Target "_CheckForInvalidConfigurationAndPlatform" in file "C:\Program Files\dotnet\sdk\10.0.101\Microsoft.Common.CurrentVersion.targets" from project "D:\P.L\Flutter\fresh_produce_app\FreshProduce.Api\FreshProduce.Api.csproj" (target "BeforeBuild" depends on it):
       Task "Message"
         Configuration=Debug
       Done executing task "Message".
       Task "Message"
         Platform=AnyCPU
       Done executing task "Message".
   1:7>Done building target "_CheckForInvalidConfigurationAndPlatform" in project "FreshProduce.Api.csproj".
   1:7>Target "ValidateCommandLineProperties" in file "C:\Program Files\dotnet\sdk\10.0.101\Sdks\Microsoft.NET.Sdk\targets\Microsoft.NET.Sdk.targets" from project "D:\P.L\Flutter\fresh_produce_app\FreshProduce.Api\FreshProduce.Api.csproj" (target "BeforeBuild" depends on it):
   1:7>Done building target "ValidateCommandLineProperties" in project "FreshProduce.Api.csproj".
   1:7>Target "BeforeBuild" in file "C:\Program Files\dotnet\sdk\10.0.101\Microsoft.Common.CurrentVersion.targets" from project "D:\P.L\Flutter\fresh_produce_app\FreshProduce.Api\FreshProduce.Api.csproj" (target "Build" depends on it):
   1:7>Done building target "BeforeBuild" in project "FreshProduce.Api.csproj".
   1:7>Target "BuildOnlySettings" in file "C:\Program Files\dotnet\sdk\10.0.101\Microsoft.Common.CurrentVersion.targets" from project "D:\P.L\Flutter\fresh_produce_app\FreshProduce.Api\FreshProduce.Api.csproj" (target "CoreBuild" depends on it):
       C:\Program Files\dotnet\sdk\10.0.101\Microsoft.Common.CurrentVersion.targets(1168,7): message : Property reassignment: $(BuildingProject)="true" (previous value: "false") at C:\Program Files\dotnet\sdk\10.0.101\Microsoft.Common.CurrentVersion.targets (1168,7) [D:\P.L\Flutter\fresh_produce_app\FreshProduce.Api\FreshProduce.Api.csproj]
   1:7>Done building target "BuildOnlySettings" in project "FreshProduce.Api.csproj".
   1:7>Target "GetFrameworkPaths" in file "C:\Program Files\dotnet\sdk\10.0.101\Sdks\Microsoft.NET.Sdk\targets\Microsoft.NET.DisableStandardFrameworkResolution.targets" from project "D:\P.L\Flutter\fresh_produce_app\FreshProduce.Api\FreshProduce.Api.csproj" (target "PrepareForBuild" depends on it):
   1:7>Done building target "GetFrameworkPaths" in project "FreshProduce.Api.csproj".
   1:7>Target "GetReferenceAssemblyPaths" in file "C:\Program Files\dotnet\sdk\10.0.101\Sdks\Microsoft.NET.Sdk\targets\Microsoft.NET.DisableStandardFrameworkResolution.targets" from project "D:\P.L\Flutter\fresh_produce_app\FreshProduce.Api\FreshProduce.Api.csproj" (target "PrepareForBuild" depends on it):
   1:7>Done building target "GetReferenceAssemblyPaths" in project "FreshProduce.Api.csproj".
   1:7>Target "ResolveRazorGenerateInputs" in file "C:\Program Files\dotnet\sdk\10.0.101\Sdks\Microsoft.NET.Sdk.Razor\targets\Sdk.Razor.CurrentVersion.targets" from project "D:\P.L\Flutter\fresh_produce_app\FreshProduce.Api\FreshProduce.Api.csproj" (target "PrepareForBuild" depends on it):
   1:7>Done building target "ResolveRazorGenerateInputs" in project "FreshProduce.Api.csproj".
   1:7>Target "PrepareForBuild" in file "C:\Program Files\dotnet\sdk\10.0.101\Microsoft.Common.CurrentVersion.targets" from project "D:\P.L\Flutter\fresh_produce_app\FreshProduce.Api\FreshProduce.Api.csproj" (target "CoreBuild" depends on it):
       Using "FindAppConfigFile" task from assembly "Microsoft.Build.Tasks.Core, Version=15.1.0.0, Culture=neutral, PublicKeyToken=b03f5f7f11d50a3a".
       Task "FindAppConfigFile"
       Done executing task "FindAppConfigFile".
       Using "MakeDir" task from assembly "Microsoft.Build.Tasks.Core, Version=15.1.0.0, Culture=neutral, PublicKeyToken=b03f5f7f11d50a3a".
       Task "MakeDir"
       Done executing task "MakeDir".
   1:7>Done building target "PrepareForBuild" in project "FreshProduce.Api.csproj".
   1:7>Target "GenerateTargetFrameworkDefineConstants" in file "C:\Program Files\dotnet\sdk\10.0.101\Sdks\Microsoft.NET.Sdk\targets\Microsoft.NET.Sdk.BeforeCommon.targets" from project "D:\P.L\Flutter\fresh_produce_app\FreshProduce.Api\FreshProduce.Api.csproj" (target "AddImplicitDefineConstants" depends on it):
   1:7>Done building target "GenerateTargetFrameworkDefineConstants" in project "FreshProduce.Api.csproj".
   1:7>Target "GenerateNETCompatibleDefineConstants" in file "C:\Program Files\dotnet\sdk\10.0.101\Sdks\Microsoft.NET.Sdk\targets\Microsoft.NET.Sdk.BeforeCommon.targets" from project "D:\P.L\Flutter\fresh_produce_app\FreshProduce.Api\FreshProduce.Api.csproj" (target "AddImplicitDefineConstants" depends on it):
   1:7>Done building target "GenerateNETCompatibleDefineConstants" in project "FreshProduce.Api.csproj".
   1:7>Target "AddImplicitDefineConstants" in file "C:\Program Files\dotnet\sdk\10.0.101\Sdks\Microsoft.NET.Sdk\targets\Microsoft.NET.Sdk.BeforeCommon.targets" from project "D:\P.L\Flutter\fresh_produce_app\FreshProduce.Api\FreshProduce.Api.csproj" (target "CoreBuild" depends on it):
       C:\Program Files\dotnet\sdk\10.0.101\Sdks\Microsoft.NET.Sdk\targets\Microsoft.NET.Sdk.BeforeCommon.targets(295,7): message : Property reassignment: $(DefineConstants)="TRACE;DEBUG;NET;NET9_0;NETCOREAPP;NET5_0_OR_GREATER;NET6_0_OR_GREATER;NET7_0_OR_GREATER;NET8_0_OR_GREATER;NET9_0_OR_GREATER;NETCOREAPP1_0_OR_GREATER;NETCOREAPP1_1_OR_GREATER;NETCOREAPP2_0_OR_GREATER;NETCOREAPP2_1_OR_GREATER;NETCOREAPP2_2_OR_GREATER;NETCOREAPP3_0_OR_GREATER;NETCOREAPP3_1_OR_GREATER" (previous value: "TRACE;DEBUG") at C:\Program Files\dotnet\sdk\10.0.101\Sdks\Microsoft.NET.Sdk\targets\Microsoft.NET.Sdk.BeforeCommon.targets (295,7) [D:\P.L\Flutter\fresh_produce_app\FreshProduce.Api\FreshProduce.Api.csproj]
   1:7>Done building target "AddImplicitDefineConstants" in project "FreshProduce.Api.csproj".
   1:7>Target "ResolveRazorComponentInputs" in file "C:\Program Files\dotnet\sdk\10.0.101\Sdks\Microsoft.NET.Sdk.Razor\targets\Sdk.Razor.CurrentVersion.targets" from project "D:\P.L\Flutter\fresh_produce_app\FreshProduce.Api\FreshProduce.Api.csproj" (target "_AddEmbeddedValidationAttribute" depends on it):
   1:7>Done building target "ResolveRazorComponentInputs" in project "FreshProduce.Api.csproj".
       Target "ResolveRazorGenerateInputs" skipped. Previously built successfully.
   1:7>Target "_AddEmbeddedValidationAttribute" in file "C:\Program Files\dotnet\sdk\10.0.101\Sdks\Microsoft.NET.Sdk.Razor\targets\Sdk.Razor.CurrentVersion.targets" from project "D:\P.L\Flutter\fresh_produce_app\FreshProduce.Api\FreshProduce.Api.csproj" (target "GenerateGlobalUsings" depends on it):
   1:7>Done building target "_AddEmbeddedValidationAttribute" in project "FreshProduce.Api.csproj".
   1:7>Target "GenerateGlobalUsings" in file "C:\Program Files\dotnet\sdk\10.0.101\Sdks\Microsoft.NET.Sdk\targets\Microsoft.NET.GenerateGlobalUsings.targets" from project "D:\P.L\Flutter\fresh_produce_app\FreshProduce.Api\FreshProduce.Api.csproj" (target "CoreBuild" depends on it):
       Using "GenerateGlobalUsings" task from assembly "C:\Program Files\dotnet\sdk\10.0.101\Sdks\Microsoft.NET.Sdk\targets\..\tools\net10.0\Microsoft.NET.Build.Tasks.dll".
       Task "GenerateGlobalUsings"
       Done executing task "GenerateGlobalUsings".
       Using "WriteLinesToFile" task from assembly "Microsoft.Build.Tasks.Core, Version=15.1.0.0, Culture=neutral, PublicKeyToken=b03f5f7f11d50a3a".
       Task "WriteLinesToFile"
         Skipping write to file "obj\Debug\net9.0\FreshProduce.Api.GlobalUsings.g.cs" because content would not change.
       Done executing task "WriteLinesToFile".
   1:7>Done building target "GenerateGlobalUsings" in project "FreshProduce.Api.csproj".
   1:7>Target "BeforeResolveReferences" in file "C:\Program Files\dotnet\sdk\10.0.101\Microsoft.Common.CurrentVersion.targets" from project "D:\P.L\Flutter\fresh_produce_app\FreshProduce.Api\FreshProduce.Api.csproj" (target "ResolveReferences" depends on it):
   1:7>Done building target "BeforeResolveReferences" in project "FreshProduce.Api.csproj".
   1:7>Target "IgnoreJavaScriptOutputAssembly" in file "C:\Program Files\dotnet\sdk\10.0.101\Microsoft.Common.CurrentVersion.targets" from project "D:\P.L\Flutter\fresh_produce_app\FreshProduce.Api\FreshProduce.Api.csproj" (target "AssignProjectConfiguration" depends on it):
   1:7>Done building target "IgnoreJavaScriptOutputAssembly" in project "FreshProduce.Api.csproj".
       Target "ProcessFrameworkReferences" skipped. Previously built successfully.
   1:7>Target "_DefaultMicrosoftNETPlatformLibrary" in file "C:\Program Files\dotnet\sdk\10.0.101\Sdks\Microsoft.NET.Sdk\targets\Microsoft.NET.Sdk.Shared.targets" from project "D:\P.L\Flutter\fresh_produce_app\FreshProduce.Api\FreshProduce.Api.csproj" (target "ResolvePackageAssets" depends on it):
   1:7>Done building target "_DefaultMicrosoftNETPlatformLibrary" in project "FreshProduce.Api.csproj".
   1:7>Target "_ComputePackageReferencePublish" in file "C:\Program Files\dotnet\sdk\10.0.101\Sdks\Microsoft.NET.Sdk\targets\Microsoft.NET.Sdk.Shared.targets" from project "D:\P.L\Flutter\fresh_produce_app\FreshProduce.Api\FreshProduce.Api.csproj" (target "ResolvePackageAssets" depends on it):
   1:7>Done building target "_ComputePackageReferencePublish" in project "FreshProduce.Api.csproj".
   1:7>Target "ResolvePackageAssets" in file "C:\Program Files\dotnet\sdk\10.0.101\Sdks\Microsoft.NET.Sdk\targets\Microsoft.PackageDependencyResolution.targets" from project "D:\P.L\Flutter\fresh_produce_app\FreshProduce.Api\FreshProduce.Api.csproj" (target "ResolveLockFileReferences" depends on it):
       Using "ResolvePackageAssets" task from assembly "C:\Program Files\dotnet\sdk\10.0.101\Sdks\Microsoft.NET.Sdk\targets\..\tools\net10.0\Microsoft.NET.Build.Tasks.dll".
       Task "ResolvePackageAssets"
       Done executing task "ResolvePackageAssets".
   1:7>Done building target "ResolvePackageAssets" in project "FreshProduce.Api.csproj".
   1:7>Target "_CheckForTransitiveWindowsDesktopDependencies" in file "C:\Program Files\dotnet\sdk\10.0.101\Sdks\Microsoft.NET.Sdk\targets\Microsoft.NET.Sdk.DefaultItems.Shared.targets" from project "D:\P.L\Flutter\fresh_produce_app\FreshProduce.Api\FreshProduce.Api.csproj" (target "ResolveLockFileReferences" depends on it):
   1:7>Done building target "_CheckForTransitiveWindowsDesktopDependencies" in project "FreshProduce.Api.csproj".
   1:7>Target "AddTransitiveFrameworkReferences" in file "C:\Program Files\dotnet\sdk\10.0.101\Sdks\Microsoft.NET.Sdk\targets\Microsoft.NET.Sdk.FrameworkReferenceResolution.targets" from project "D:\P.L\Flutter\fresh_produce_app\FreshProduce.Api\FreshProduce.Api.csproj" (target "ResolveLockFileReferences" depends on it):
   1:7>Done building target "AddTransitiveFrameworkReferences" in project "FreshProduce.Api.csproj".
   1:7>Target "ResolveLockFileReferences" in file "C:\Program Files\dotnet\sdk\10.0.101\Sdks\Microsoft.NET.Sdk\targets\Microsoft.PackageDependencyResolution.targets" from project "D:\P.L\Flutter\fresh_produce_app\FreshProduce.Api\FreshProduce.Api.csproj" (target "ResolvePackageDependenciesForBuild" depends on it):
       Using "JoinItems" task from assembly "C:\Program Files\dotnet\sdk\10.0.101\Sdks\Microsoft.NET.Sdk\targets\..\tools\net10.0\Microsoft.NET.Build.Tasks.dll".
       Task "JoinItems"
       Done executing task "JoinItems".
   1:7>Done building target "ResolveLockFileReferences" in project "FreshProduce.Api.csproj".
       Target "ResolvePackageAssets" skipped. Previously built successfully.
   1:7>Target "ResolveLockFileAnalyzers" in file "C:\Program Files\dotnet\sdk\10.0.101\Sdks\Microsoft.NET.Sdk\targets\Microsoft.PackageDependencyResolution.targets" from project "D:\P.L\Flutter\fresh_produce_app\FreshProduce.Api\FreshProduce.Api.csproj" (target "ResolvePackageDependenciesForBuild" depends on it):
   1:7>Done building target "ResolveLockFileAnalyzers" in project "FreshProduce.Api.csproj".
       Target "ResolvePackageAssets" skipped. Previously built successfully.
   1:7>Target "ResolveLockFileCopyLocalFiles" in file "C:\Program Files\dotnet\sdk\10.0.101\Sdks\Microsoft.NET.Sdk\targets\Microsoft.PackageDependencyResolution.targets" from project "D:\P.L\Flutter\fresh_produce_app\FreshProduce.Api\FreshProduce.Api.csproj" (target "ResolvePackageDependenciesForBuild" depends on it):
   1:7>Done building target "ResolveLockFileCopyLocalFiles" in project "FreshProduce.Api.csproj".
       Target "ResolvePackageAssets" skipped. Previously built successfully.
   1:7>Target "IncludeTransitiveProjectReferences" in file "C:\Program Files\dotnet\sdk\10.0.101\Sdks\Microsoft.NET.Sdk\targets\Microsoft.PackageDependencyResolution.targets" from project "D:\P.L\Flutter\fresh_produce_app\FreshProduce.Api\FreshProduce.Api.csproj" (target "ResolvePackageDependenciesForBuild" depends on it):
   1:7>Done building target "IncludeTransitiveProjectReferences" in project "FreshProduce.Api.csproj".
   1:7>Target "ResolvePackageDependenciesForBuild" in file "C:\Program Files\dotnet\sdk\10.0.101\Sdks\Microsoft.NET.Sdk\targets\Microsoft.PackageDependencyResolution.targets" from project "D:\P.L\Flutter\fresh_produce_app\FreshProduce.Api\FreshProduce.Api.csproj" (target "AssignProjectConfiguration" depends on it):
   1:7>Done building target "ResolvePackageDependenciesForBuild" in project "FreshProduce.Api.csproj".
   1:7>Target "AssignProjectConfiguration" in file "C:\Program Files\dotnet\sdk\10.0.101\Microsoft.Common.CurrentVersion.targets" from project "D:\P.L\Flutter\fresh_produce_app\FreshProduce.Api\FreshProduce.Api.csproj" (target "ResolveReferences" depends on it):
       Using "AssignProjectConfiguration" task from assembly "Microsoft.Build.Tasks.Core, Version=15.1.0.0, Culture=neutral, PublicKeyToken=b03f5f7f11d50a3a".
       Task "AssignProjectConfiguration"
         Project reference "..\FreshProduce.Application\FreshProduce.Application.csproj" has not been resolved.
         Project reference "..\FreshProduce.Infrastructure\FreshProduce.Infrastructure.csproj" has not been resolved.
         Project reference "..\FreshProduce.Domain\FreshProduce.Domain.csproj" has not been resolved.
       Done executing task "AssignProjectConfiguration".
   1:7>Done building target "AssignProjectConfiguration" in project "FreshProduce.Api.csproj".
       Target "AssignProjectConfiguration" skipped. Previously built successfully.
   1:7>Target "_SplitProjectReferencesByFileExistence" in file "C:\Program Files\dotnet\sdk\10.0.101\Microsoft.Common.CurrentVersion.targets" from project "D:\P.L\Flutter\fresh_produce_app\FreshProduce.Api\FreshProduce.Api.csproj" (target "PrepareProjectReferences" depends on it):
   1:7>Done building target "_SplitProjectReferencesByFileExistence" in project "FreshProduce.Api.csproj".
   1:7>Target "_AddOutputPathToGlobalPropertiesToRemove" in file "C:\Program Files\dotnet\sdk\10.0.101\Microsoft.Common.CurrentVersion.targets" from project "D:\P.L\Flutter\fresh_produce_app\FreshProduce.Api\FreshProduce.Api.csproj" (target "_GetProjectReferenceTargetFrameworkProperties" depends on it):
   1:7>Done building target "_AddOutputPathToGlobalPropertiesToRemove" in project "FreshProduce.Api.csproj".
   1:7>Target "_GetProjectReferenceTargetFrameworkProperties" in file "C:\Program Files\dotnet\sdk\10.0.101\Microsoft.Common.CurrentVersion.targets" from project "D:\P.L\Flutter\fresh_produce_app\FreshProduce.Api\FreshProduce.Api.csproj" (target "PrepareProjectReferences" depends on it):
       Task "MSBuild"
         Removing Properties:
           WebPublishProfileFile
           TargetFramework
           RuntimeIdentifier
           SelfContained
     0>The SDK "Microsoft.NET.Sdk" was successfully resolved by the "DefaultSdkResolver" resolver to location "C:\Program Files\dotnet\sdk\10.0.101\Sdks\Microsoft.NET.Sdk\Sdk" and version "".
       C:\Program Files\dotnet\sdk\10.0.101\Sdks\Microsoft.NET.Sdk\Sdk\Sdk.props(49,11): message : Property 'MSBuildExtensionsPath' with value 'C:\Program Files\dotnet\sdk\10.0.101\' expanded from the environment.
       C:\Program Files\dotnet\sdk\10.0.101\Current\Microsoft.Common.props(60,5): message : Property reassignment: $(MSBuildProjectExtensionsPath)="D:\P.L\Flutter\fresh_produce_app\FreshProduce.Application\obj\" (previous value: "obj\") at C:\Program Files\dotnet\sdk\10.0.101\Current\Microsoft.Common.props (60,5)
       C:\Program Files\dotnet\sdk\10.0.101\Sdks\Microsoft.NET.Sdk\Sdk\Sdk.props(49,11): message : Property 'MSBuildExtensionsPath' with value 'C:\Program Files\dotnet\sdk\10.0.101\' expanded from the environment.
       D:\P.L\Flutter\fresh_produce_app\FreshProduce.Application\obj\FreshProduce.Application.csproj.nuget.g.props(7,5): message : Property 'USERPROFILE' with value 'C:\Users\Dell' expanded from the environment.
       C:\Program Files\dotnet\sdk\10.0.101\Current\Microsoft.Common.props(84,119): message : Property 'MSBuildUserExtensionsPath' with value 'C:\Users\Dell\AppData\Local\Microsoft\MSBuild' expanded from the environment.
       C:\Program Files\dotnet\sdk\10.0.101\Current\Microsoft.Common.props(60,5): message : Property reassignment: $(MSBuildProjectExtensionsPath)="D:\P.L\Flutter\fresh_produce_app\FreshProduce.Infrastructure\obj\" (previous value: "obj\") at C:\Program Files\dotnet\sdk\10.0.101\Current\Microsoft.Common.props (60,5)
       C:\Program Files\dotnet\sdk\10.0.101\Sdks\Microsoft.NET.Sdk\targets\Microsoft.NET.Sdk.props(90,5): message : Property reassignment: $(AssemblySearchPaths)="{CandidateAssemblyFiles};{HintPathFromItem}" (previous value: "{CandidateAssemblyFiles}") at C:\Program Files\dotnet\sdk\10.0.101\Sdks\Microsoft.NET.Sdk\targets\Microsoft.NET.Sdk.props (90,5)
       C:\Program Files\dotnet\sdk\10.0.101\Sdks\Microsoft.NET.Sdk\targets\Microsoft.NET.Sdk.props(91,5): message : Property reassignment: $(AssemblySearchPaths)="{CandidateAssemblyFiles};{HintPathFromItem};{TargetFrameworkDirectory}" (previous value: "{CandidateAssemblyFiles};{HintPathFromItem}") at C:\Program Files\dotnet\sdk\10.0.101\Sdks\Microsoft.NET.Sdk\targets\Microsoft.NET.Sdk.props (91,5)
       C:\Program Files\dotnet\sdk\10.0.101\Sdks\Microsoft.NET.Sdk\targets\Microsoft.NET.Sdk.props(92,5): message : Property reassignment: $(AssemblySearchPaths)="{CandidateAssemblyFiles};{HintPathFromItem};{TargetFrameworkDirectory};{RawFileName}" (previous value: "{CandidateAssemblyFiles};{HintPathFromItem};{TargetFrameworkDirectory}") at C:\Program Files\dotnet\sdk\10.0.101\Sdks\Microsoft.NET.Sdk\targets\Microsoft.NET.Sdk.props (92,5)
       D:\P.L\Flutter\fresh_produce_app\FreshProduce.Infrastructure\obj\FreshProduce.Infrastructure.csproj.nuget.g.props(7,5): message : Property 'USERPROFILE' with value 'C:\Users\Dell' expanded from the environment.
       C:\Program Files\dotnet\sdk\10.0.101\Sdks\Microsoft.NET.Sdk\targets\Microsoft.NET.Sdk.ImportPublishProfile.targets(28,5): message : Property reassignment: $(PublishProfileImported)="false" (previous value: "true") at C:\Program Files\dotnet\sdk\10.0.101\Sdks\Microsoft.NET.Sdk\targets\Microsoft.NET.Sdk.ImportPublishProfile.targets (28,5)
       C:\Program Files\dotnet\sdk\10.0.101\Sdks\Microsoft.NET.Sdk\targets\Microsoft.NET.TargetFrameworkInference.targets(81,5): message : Property reassignment: $(TargetPlatformVersion)="" (previous value: "0.0") at C:\Program Files\dotnet\sdk\10.0.101\Sdks\Microsoft.NET.Sdk\targets\Microsoft.NET.TargetFrameworkInference.targets (81,5)
       C:\Program Files\dotnet\sdk\10.0.101\Current\Microsoft.Common.props(84,119): message : Property 'MSBuildUserExtensionsPath' with value 'C:\Users\Dell\AppData\Local\Microsoft\MSBuild' expanded from the environment.
       C:\Program Files\dotnet\sdk\10.0.101\Sdks\Microsoft.NET.Sdk\targets\Microsoft.NET.DefaultOutputPaths.targets(127,5): message : Property reassignment: $(DefaultItemExcludes)=";bin\Debug\/**;obj\Debug\/**" (previous value: ";bin\Debug\/**") at C:\Program Files\dotnet\sdk\10.0.101\Sdks\Microsoft.NET.Sdk\targets\Microsoft.NET.DefaultOutputPaths.targets (127,5)
       C:\Program Files\dotnet\sdk\10.0.101\Sdks\Microsoft.NET.Sdk\targets\Microsoft.NET.DefaultOutputPaths.targets(142,5): message : Property reassignment: $(OutputPath)="bin\Debug\net9.0\" (previous value: "bin\Debug\") at C:\Program Files\dotnet\sdk\10.0.101\Sdks\Microsoft.NET.Sdk\targets\Microsoft.NET.DefaultOutputPaths.targets (142,5)
       C:\Program Files\dotnet\sdk\10.0.101\Sdks\Microsoft.NET.Sdk\targets\Microsoft.NET.DefaultOutputPaths.targets(147,5): message : Property reassignment: $(IntermediateOutputPath)="obj\Debug\net9.0\" (previous value: "obj\Debug\") at C:\Program Files\dotnet\sdk\10.0.101\Sdks\Microsoft.NET.Sdk\targets\Microsoft.NET.DefaultOutputPaths.targets (147,5)
       C:\Program Files\dotnet\sdk\10.0.101\Sdks\Microsoft.NET.Sdk\targets\Microsoft.NET.Sdk.BeforeCommon.targets(371,5): message : Property reassignment: $(RoslynTargetsPath)="C:\Program Files\dotnet\sdk\10.0.101\Sdks\Microsoft.NET.Sdk\targets\..\..\..\Roslyn" (previous value: "C:\Program Files\dotnet\sdk\10.0.101\Roslyn") at C:\Program Files\dotnet\sdk\10.0.101\Sdks\Microsoft.NET.Sdk\targets\Microsoft.NET.Sdk.BeforeCommon.targets (371,5)
       C:\Program Files\dotnet\sdk\10.0.101\Sdks\Microsoft.NET.Sdk\targets\Microsoft.NET.Sdk.props(90,5): message : Property reassignment: $(AssemblySearchPaths)="{CandidateAssemblyFiles};{HintPathFromItem}" (previous value: "{CandidateAssemblyFiles}") at C:\Program Files\dotnet\sdk\10.0.101\Sdks\Microsoft.NET.Sdk\targets\Microsoft.NET.Sdk.props (90,5)
       C:\Program Files\dotnet\sdk\10.0.101\Sdks\Microsoft.NET.Sdk\targets\Microsoft.NET.Sdk.props(91,5): message : Property reassignment: $(AssemblySearchPaths)="{CandidateAssemblyFiles};{HintPathFromItem};{TargetFrameworkDirectory}" (previous value: "{CandidateAssemblyFiles};{HintPathFromItem}") at C:\Program Files\dotnet\sdk\10.0.101\Sdks\Microsoft.NET.Sdk\targets\Microsoft.NET.Sdk.props (91,5)
       C:\Program Files\dotnet\sdk\10.0.101\Sdks\Microsoft.NET.Sdk\targets\Microsoft.NET.Sdk.props(92,5): message : Property reassignment: $(AssemblySearchPaths)="{CandidateAssemblyFiles};{HintPathFromItem};{TargetFrameworkDirectory};{RawFileName}" (previous value: "{CandidateAssemblyFiles};{HintPathFromItem};{TargetFrameworkDirectory}") at C:\Program Files\dotnet\sdk\10.0.101\Sdks\Microsoft.NET.Sdk\targets\Microsoft.NET.Sdk.props (92,5)
       C:\Program Files\dotnet\sdk\10.0.101\Roslyn\Microsoft.Managed.Core.targets(6,5): message : Property reassignment: $(_BuildTasksDirectory)="C:\Program Files\dotnet\sdk\10.0.101\Sdks\Microsoft.NET.Sdk\targets\..\..\..\Roslyn\" (previous value: "C:\Program Files\dotnet\sdk\10.0.101\Roslyn\") at C:\Program Files\dotnet\sdk\10.0.101\Roslyn\Microsoft.Managed.Core.targets (6,5)
       C:\Program Files\dotnet\sdk\10.0.101\Roslyn\Microsoft.CSharp.Core.targets(200,5): message : Property reassignment: $(CommandLineArgsForDesignTimeEvaluation)="-langversion:13.0 -define:TRACE" (previous value: "-langversion:13.0") at C:\Program Files\dotnet\sdk\10.0.101\Roslyn\Microsoft.CSharp.Core.targets (200,5)
       C:\Program Files\dotnet\sdk\10.0.101\Microsoft.Common.CurrentVersion.targets(175,5): message : Property reassignment: $(_DebugSymbolsProduced)="true" (previous value: "false") at C:\Program Files\dotnet\sdk\10.0.101\Microsoft.Common.CurrentVersion.targets (175,5)
       C:\Program Files\dotnet\sdk\10.0.101\Microsoft.Common.CurrentVersion.targets(185,5): message : Property reassignment: $(_DocumentationFileProduced)="false" (previous value: "true") at C:\Program Files\dotnet\sdk\10.0.101\Microsoft.Common.CurrentVersion.targets (185,5)
       C:\Program Files\dotnet\sdk\10.0.101\Microsoft.Common.CurrentVersion.targets(392,5): message : Property reassignment: $(MSBuildCopyMarkerName)="FreshPro.87BF4971" (previous value: "FreshProduce.Application.csproj") at C:\Program Files\dotnet\sdk\10.0.101\Microsoft.Common.CurrentVersion.targets (392,5)
       C:\Program Files\dotnet\sdk\10.0.101\Microsoft.Common.CurrentVersion.targets(393,5): message : Property reassignment: $(MSBuildCopyMarkerName)="FreshPro.87BF4971.Up2Date" (previous value: "FreshPro.87BF4971") at C:\Program Files\dotnet\sdk\10.0.101\Microsoft.Common.CurrentVersion.targets (393,5)
       C:\Program Files\dotnet\sdk\10.0.101\Microsoft.Common.CurrentVersion.targets(541,5): message : Property reassignment: $(ProcessorArchitecture)="msil" (previous value: "") at C:\Program Files\dotnet\sdk\10.0.101\Microsoft.Common.CurrentVersion.targets (541,5)
       C:\Program Files\dotnet\sdk\10.0.101\Microsoft.Common.CurrentVersion.targets(580,5): message : Property reassignment: $(DelaySign)="" (previous value: "false") at C:\Program Files\dotnet\sdk\10.0.101\Microsoft.Common.CurrentVersion.targets (580,5)
       C:\Program Files\dotnet\sdk\10.0.101\Microsoft.Common.CurrentVersion.targets(2606,5): message : Property 'LOCALAPPDATA' with value 'C:\Users\Dell\AppData\Local' expanded from the environment.
       C:\Program Files\dotnet\sdk\10.0.101\Microsoft.Common.CurrentVersion.targets(3934,5): message : Property reassignment: $(_SGenGenerateSerializationAssembliesConfig)="Auto" (previous value: "") at C:\Program Files\dotnet\sdk\10.0.101\Microsoft.Common.CurrentVersion.targets (3934,5)
       C:\Program Files\dotnet\sdk\10.0.101\Microsoft.Common.CurrentVersion.targets(3935,5): message : Property reassignment: $(_SGenGenerateSerializationAssembliesConfig)="Off" (previous value: "Auto") at C:\Program Files\dotnet\sdk\10.0.101\Microsoft.Common.CurrentVersion.targets (3935,5)
       C:\Program Files\dotnet\sdk\10.0.101\Microsoft.Common.CurrentVersion.targets(5146,5): message : Property reassignment: $(_TargetsThatPrepareProjectReferences)="
       C:\Program Files\dotnet\sdk\10.0.101\Microsoft.Common.CurrentVersion.targets(5146,5): message :       AssignProjectConfiguration;
       C:\Program Files\dotnet\sdk\10.0.101\Microsoft.Common.CurrentVersion.targets(5146,5): message :       _SplitProjectReferencesByFileExistence
       C:\Program Files\dotnet\sdk\10.0.101\Microsoft.Common.CurrentVersion.targets(5146,5): message :     " (previous value: "_SplitProjectReferencesByFileExistence") at C:\Program Files\dotnet\sdk\10.0.101\Microsoft.Common.CurrentVersion.targets (5146,5)
       C:\Program Files\dotnet\sdk\10.0.101\Microsoft.Common.CurrentVersion.targets(6959,5): message : Property 'MSBuildExtensionsPath32' with value 'C:\Program Files\dotnet\sdk\10.0.101' expanded from the environment.
       The "NuGetInteractive" property is a global property, and cannot be modified.
       The "DefaultSdkResolver" resolver attempted to resolve the SDK "Microsoft.NET.SDK.WorkloadAutoImportPropsLocator".
       Warnings: null
       Errors: MSB4276: The default SDK resolver failed to resolve SDK "Microsoft.NET.SDK.WorkloadAutoImportPropsLocator" because directory "C:\Program Files\dotnet\sdk\10.0.101\Sdks\Microsoft.NET.SDK.WorkloadAutoImportPropsLocator\Sdk" did not exist.
       C:\Program Files\dotnet\sdk\10.0.101\Sdks\Microsoft.NET.Sdk\targets\Microsoft.PackageDependencyResolution.targets(29,5): message : Property reassignment: $(ProjectAssetsCacheFile)="D:\P.L\Flutter\fresh_produce_app\FreshProduce.Application\obj\Debug\net9.0\FreshProduce.Application.assets.cache" (previous value: "obj\Debug\net9.0\FreshProduce.Application.assets.cache") at C:\Program Files\dotnet\sdk\10.0.101\Sdks\Microsoft.NET.Sdk\targets\Microsoft.PackageDependencyResolution.targets (29,5)
       C:\Program Files\dotnet\sdk\10.0.101\Sdks\Microsoft.NET.Sdk\targets\Microsoft.PackageDependencyResolution.targets(80,5): message : Property reassignment: $(ResolveAssemblyReferencesDependsOn)="
       C:\Program Files\dotnet\sdk\10.0.101\Sdks\Microsoft.NET.Sdk\targets\Microsoft.PackageDependencyResolution.targets(80,5): message :       
       C:\Program Files\dotnet\sdk\10.0.101\Sdks\Microsoft.NET.Sdk\targets\Microsoft.PackageDependencyResolution.targets(80,5): message :       ResolveProjectReferences;
       C:\Program Files\dotnet\sdk\10.0.101\Sdks\Microsoft.NET.Sdk\targets\Microsoft.PackageDependencyResolution.targets(80,5): message :       FindInvalidProjectReferences;
       C:\Program Files\dotnet\sdk\10.0.101\Sdks\Microsoft.NET.Sdk\targets\Microsoft.PackageDependencyResolution.targets(80,5): message :       GetFrameworkPaths;
       C:\Program Files\dotnet\sdk\10.0.101\Sdks\Microsoft.NET.Sdk\targets\Microsoft.PackageDependencyResolution.targets(80,5): message :       GetReferenceAssemblyPaths;
       C:\Program Files\dotnet\sdk\10.0.101\Sdks\Microsoft.NET.Sdk\targets\Microsoft.PackageDependencyResolution.targets(80,5): message :       PrepareForBuild;
       C:\Program Files\dotnet\sdk\10.0.101\Sdks\Microsoft.NET.Sdk\targets\Microsoft.PackageDependencyResolution.targets(80,5): message :       ResolveSDKReferences;
       C:\Program Files\dotnet\sdk\10.0.101\Sdks\Microsoft.NET.Sdk\targets\Microsoft.PackageDependencyResolution.targets(80,5): message :       ExpandSDKReferences;
       C:\Program Files\dotnet\sdk\10.0.101\Sdks\Microsoft.NET.Sdk\targets\Microsoft.PackageDependencyResolution.targets(80,5): message :     ;
       C:\Program Files\dotnet\sdk\10.0.101\Sdks\Microsoft.NET.Sdk\targets\Microsoft.PackageDependencyResolution.targets(80,5): message :       ResolvePackageDependenciesForBuild;
       C:\Program Files\dotnet\sdk\10.0.101\Sdks\Microsoft.NET.Sdk\targets\Microsoft.PackageDependencyResolution.targets(80,5): message :       _HandlePackageFileConflicts;
       C:\Program Files\dotnet\sdk\10.0.101\Sdks\Microsoft.NET.Sdk\targets\Microsoft.PackageDependencyResolution.targets(80,5): message :     " (previous value: "
       C:\Program Files\dotnet\sdk\10.0.101\Sdks\Microsoft.NET.Sdk\targets\Microsoft.PackageDependencyResolution.targets(80,5): message :       ResolveProjectReferences;
       C:\Program Files\dotnet\sdk\10.0.101\Sdks\Microsoft.NET.Sdk\targets\Microsoft.PackageDependencyResolution.targets(80,5): message :       FindInvalidProjectReferences;
       C:\Program Files\dotnet\sdk\10.0.101\Sdks\Microsoft.NET.Sdk\targets\Microsoft.PackageDependencyResolution.targets(80,5): message :       GetFrameworkPaths;
       C:\Program Files\dotnet\sdk\10.0.101\Sdks\Microsoft.NET.Sdk\targets\Microsoft.PackageDependencyResolution.targets(80,5): message :       GetReferenceAssemblyPaths;
       C:\Program Files\dotnet\sdk\10.0.101\Sdks\Microsoft.NET.Sdk\targets\Microsoft.PackageDependencyResolution.targets(80,5): message :       PrepareForBuild;
       C:\Program Files\dotnet\sdk\10.0.101\Sdks\Microsoft.NET.Sdk\targets\Microsoft.PackageDependencyResolution.targets(80,5): message :       ResolveSDKReferences;
       C:\Program Files\dotnet\sdk\10.0.101\Sdks\Microsoft.NET.Sdk\targets\Microsoft.PackageDependencyResolution.targets(80,5): message :       ExpandSDKReferences;
       C:\Program Files\dotnet\sdk\10.0.101\Sdks\Microsoft.NET.Sdk\targets\Microsoft.PackageDependencyResolution.targets(80,5): message :     ") at C:\Program Files\dotnet\sdk\10.0.101\Sdks\Microsoft.NET.Sdk\targets\Microsoft.PackageDependencyResolution.targets (80,5)
       C:\Program Files\dotnet\sdk\10.0.101\Sdks\Microsoft.NET.Sdk\targets\Microsoft.PackageDependencyResolution.targets(86,5): message : Property reassignment: $(PrepareResourcesDependsOn)="
       C:\Program Files\dotnet\sdk\10.0.101\Sdks\Microsoft.NET.Sdk\targets\Microsoft.PackageDependencyResolution.targets(86,5): message :       ResolvePackageDependenciesForBuild;
       C:\Program Files\dotnet\sdk\10.0.101\Sdks\Microsoft.NET.Sdk\targets\Microsoft.PackageDependencyResolution.targets(86,5): message :       _HandlePackageFileConflicts;
       C:\Program Files\dotnet\sdk\10.0.101\Sdks\Microsoft.NET.Sdk\targets\Microsoft.PackageDependencyResolution.targets(86,5): message :       
       C:\Program Files\dotnet\sdk\10.0.101\Sdks\Microsoft.NET.Sdk\targets\Microsoft.PackageDependencyResolution.targets(86,5): message :       ;
       C:\Program Files\dotnet\sdk\10.0.101\Sdks\Microsoft.NET.Sdk\targets\Microsoft.PackageDependencyResolution.targets(86,5): message :       PrepareResourceNames;
       C:\Program Files\dotnet\sdk\10.0.101\Sdks\Microsoft.NET.Sdk\targets\Microsoft.PackageDependencyResolution.targets(86,5): message :       ResGen;
       C:\Program Files\dotnet\sdk\10.0.101\Sdks\Microsoft.NET.Sdk\targets\Microsoft.PackageDependencyResolution.targets(86,5): message :       CompileLicxFiles
       C:\Program Files\dotnet\sdk\10.0.101\Sdks\Microsoft.NET.Sdk\targets\Microsoft.PackageDependencyResolution.targets(86,5): message :     
       C:\Program Files\dotnet\sdk\10.0.101\Sdks\Microsoft.NET.Sdk\targets\Microsoft.PackageDependencyResolution.targets(86,5): message :     " (previous value: "
       C:\Program Files\dotnet\sdk\10.0.101\Sdks\Microsoft.NET.Sdk\targets\Microsoft.PackageDependencyResolution.targets(86,5): message :       ;
       C:\Program Files\dotnet\sdk\10.0.101\Sdks\Microsoft.NET.Sdk\targets\Microsoft.PackageDependencyResolution.targets(86,5): message :       PrepareResourceNames;
       C:\Program Files\dotnet\sdk\10.0.101\Sdks\Microsoft.NET.Sdk\targets\Microsoft.PackageDependencyResolution.targets(86,5): message :       ResGen;
       C:\Program Files\dotnet\sdk\10.0.101\Sdks\Microsoft.NET.Sdk\targets\Microsoft.PackageDependencyResolution.targets(86,5): message :       CompileLicxFiles
       C:\Program Files\dotnet\sdk\10.0.101\Sdks\Microsoft.NET.Sdk\targets\Microsoft.PackageDependencyResolution.targets(86,5): message :     ") at C:\Program Files\dotnet\sdk\10.0.101\Sdks\Microsoft.NET.Sdk\targets\Microsoft.PackageDependencyResolution.targets (86,5)
       C:\Program Files\dotnet\sdk\10.0.101\Sdks\Microsoft.NET.Sdk\targets\Microsoft.NET.Sdk.DefaultItems.targets(35,5): message : Property reassignment: $(DefaultItemExcludes)=";bin\Debug\/**;obj\Debug\/**;bin\/**" (previous value: ";bin\Debug\/**;obj\Debug\/**") at C:\Program Files\dotnet\sdk\10.0.101\Sdks\Microsoft.NET.Sdk\targets\Microsoft.NET.Sdk.DefaultItems.targets (35,5)
       C:\Program Files\dotnet\sdk\10.0.101\Sdks\Microsoft.NET.Sdk\targets\Microsoft.NET.Sdk.DefaultItems.targets(37,5): message : Property reassignment: $(DefaultItemExcludes)=";bin\Debug\/**;obj\Debug\/**;bin\/**;obj\/**" (previous value: ";bin\Debug\/**;obj\Debug\/**;bin\/**") at C:\Program Files\dotnet\sdk\10.0.101\Sdks\Microsoft.NET.Sdk\targets\Microsoft.NET.Sdk.DefaultItems.targets (37,5)
       C:\Program Files\dotnet\sdk\10.0.101\Sdks\Microsoft.NET.Sdk\targets\Microsoft.NET.Sdk.DefaultItems.targets(40,5): message : Property reassignment: $(DefaultItemExcludes)=";bin\Debug\/**;obj\Debug\/**;bin\/**;obj\/**;**/*.user" (previous value: ";bin\Debug\/**;obj\Debug\/**;bin\/**;obj\/**") at C:\Program Files\dotnet\sdk\10.0.101\Sdks\Microsoft.NET.Sdk\targets\Microsoft.NET.Sdk.DefaultItems.targets (40,5)
       C:\Program Files\dotnet\sdk\10.0.101\Sdks\Microsoft.NET.Sdk\targets\Microsoft.NET.Sdk.DefaultItems.targets(41,5): message : Property reassignment: $(DefaultItemExcludes)=";bin\Debug\/**;obj\Debug\/**;bin\/**;obj\/**;**/*.user;**/*.*proj" (previous value: ";bin\Debug\/**;obj\Debug\/**;bin\/**;obj\/**;**/*.user") at C:\Program Files\dotnet\sdk\10.0.101\Sdks\Microsoft.NET.Sdk\targets\Microsoft.NET.Sdk.DefaultItems.targets (41,5)
       C:\Program Files\dotnet\sdk\10.0.101\Sdks\Microsoft.NET.Sdk\targets\Microsoft.NET.Sdk.DefaultItems.targets(42,5): message : Property reassignment: $(DefaultItemExcludes)=";bin\Debug\/**;obj\Debug\/**;bin\/**;obj\/**;**/*.user;**/*.*proj;**/*.sln" (previous value: ";bin\Debug\/**;obj\Debug\/**;bin\/**;obj\/**;**/*.user;**/*.*proj") at C:\Program Files\dotnet\sdk\10.0.101\Sdks\Microsoft.NET.Sdk\targets\Microsoft.NET.Sdk.DefaultItems.targets (42,5)
       C:\Program Files\dotnet\sdk\10.0.101\Sdks\Microsoft.NET.Sdk\targets\Microsoft.NET.Sdk.DefaultItems.targets(43,5): message : Property reassignment: $(DefaultItemExcludes)=";bin\Debug\/**;obj\Debug\/**;bin\/**;obj\/**;**/*.user;**/*.*proj;**/*.sln;**/*.slnx" (previous value: ";bin\Debug\/**;obj\Debug\/**;bin\/**;obj\/**;**/*.user;**/*.*proj;**/*.sln") at C:\Program Files\dotnet\sdk\10.0.101\Sdks\Microsoft.NET.Sdk\targets\Microsoft.NET.Sdk.DefaultItems.targets (43,5)
       C:\Program Files\dotnet\sdk\10.0.101\Sdks\Microsoft.NET.Sdk\targets\Microsoft.NET.Sdk.DefaultItems.targets(44,5): message : Property reassignment: $(DefaultItemExcludes)=";bin\Debug\/**;obj\Debug\/**;bin\/**;obj\/**;**/*.user;**/*.*proj;**/*.sln;**/*.slnx;**/*.vssscc" (previous value: ";bin\Debug\/**;obj\Debug\/**;bin\/**;obj\/**;**/*.user;**/*.*proj;**/*.sln;**/*.slnx") at C:\Program Files\dotnet\sdk\10.0.101\Sdks\Microsoft.NET.Sdk\targets\Microsoft.NET.Sdk.DefaultItems.targets (44,5)
       C:\Program Files\dotnet\sdk\10.0.101\Sdks\Microsoft.NET.Sdk\targets\Microsoft.NET.Sdk.DefaultItems.targets(45,5): message : Property reassignment: $(DefaultItemExcludes)=";bin\Debug\/**;obj\Debug\/**;bin\/**;obj\/**;**/*.user;**/*.*proj;**/*.sln;**/*.slnx;**/*.vssscc;**/.DS_Store" (previous value: ";bin\Debug\/**;obj\Debug\/**;bin\/**;obj\/**;**/*.user;**/*.*proj;**/*.sln;**/*.slnx;**/*.vssscc") at C:\Program Files\dotnet\sdk\10.0.101\Sdks\Microsoft.NET.Sdk\targets\Microsoft.NET.Sdk.DefaultItems.targets (45,5)
       C:\Program Files\dotnet\sdk\10.0.101\Sdks\Microsoft.NET.Sdk\targets\Microsoft.NET.Sdk.FrameworkReferenceResolution.targets(14,5): message : Property reassignment: $(ResolveAssemblyReferencesDependsOn)="
       C:\Program Files\dotnet\sdk\10.0.101\Sdks\Microsoft.NET.Sdk\targets\Microsoft.NET.Sdk.FrameworkReferenceResolution.targets(14,5): message :       
       C:\Program Files\dotnet\sdk\10.0.101\Sdks\Microsoft.NET.Sdk\targets\Microsoft.NET.Sdk.FrameworkReferenceResolution.targets(14,5): message :       
       C:\Program Files\dotnet\sdk\10.0.101\Sdks\Microsoft.NET.Sdk\targets\Microsoft.NET.Sdk.FrameworkReferenceResolution.targets(14,5): message :       ResolveProjectReferences;
       C:\Program Files\dotnet\sdk\10.0.101\Sdks\Microsoft.NET.Sdk\targets\Microsoft.NET.Sdk.FrameworkReferenceResolution.targets(14,5): message :       FindInvalidProjectReferences;
       C:\Program Files\dotnet\sdk\10.0.101\Sdks\Microsoft.NET.Sdk\targets\Microsoft.NET.Sdk.FrameworkReferenceResolution.targets(14,5): message :       GetFrameworkPaths;
       C:\Program Files\dotnet\sdk\10.0.101\Sdks\Microsoft.NET.Sdk\targets\Microsoft.NET.Sdk.FrameworkReferenceResolution.targets(14,5): message :       GetReferenceAssemblyPaths;
       C:\Program Files\dotnet\sdk\10.0.101\Sdks\Microsoft.NET.Sdk\targets\Microsoft.NET.Sdk.FrameworkReferenceResolution.targets(14,5): message :       PrepareForBuild;
       C:\Program Files\dotnet\sdk\10.0.101\Sdks\Microsoft.NET.Sdk\targets\Microsoft.NET.Sdk.FrameworkReferenceResolution.targets(14,5): message :       ResolveSDKReferences;
       C:\Program Files\dotnet\sdk\10.0.101\Sdks\Microsoft.NET.Sdk\targets\Microsoft.NET.Sdk.FrameworkReferenceResolution.targets(14,5): message :       ExpandSDKReferences;
       C:\Program Files\dotnet\sdk\10.0.101\Sdks\Microsoft.NET.Sdk\targets\Microsoft.NET.Sdk.FrameworkReferenceResolution.targets(14,5): message :     ;
       C:\Program Files\dotnet\sdk\10.0.101\Sdks\Microsoft.NET.Sdk\targets\Microsoft.NET.Sdk.FrameworkReferenceResolution.targets(14,5): message :       ResolvePackageDependenciesForBuild;
       C:\Program Files\dotnet\sdk\10.0.101\Sdks\Microsoft.NET.Sdk\targets\Microsoft.NET.Sdk.FrameworkReferenceResolution.targets(14,5): message :       _HandlePackageFileConflicts;
       C:\Program Files\dotnet\sdk\10.0.101\Sdks\Microsoft.NET.Sdk\targets\Microsoft.NET.Sdk.FrameworkReferenceResolution.targets(14,5): message :     ;
       C:\Program Files\dotnet\sdk\10.0.101\Sdks\Microsoft.NET.Sdk\targets\Microsoft.NET.Sdk.FrameworkReferenceResolution.targets(14,5): message :       ResolveTargetingPackAssets;
       C:\Program Files\dotnet\sdk\10.0.101\Sdks\Microsoft.NET.Sdk\targets\Microsoft.NET.Sdk.FrameworkReferenceResolution.targets(14,5): message :     " (previous value: "
       C:\Program Files\dotnet\sdk\10.0.101\Sdks\Microsoft.NET.Sdk\targets\Microsoft.NET.Sdk.FrameworkReferenceResolution.targets(14,5): message :       
       C:\Program Files\dotnet\sdk\10.0.101\Sdks\Microsoft.NET.Sdk\targets\Microsoft.NET.Sdk.FrameworkReferenceResolution.targets(14,5): message :       ResolveProjectReferences;
       C:\Program Files\dotnet\sdk\10.0.101\Sdks\Microsoft.NET.Sdk\targets\Microsoft.NET.Sdk.FrameworkReferenceResolution.targets(14,5): message :       FindInvalidProjectReferences;
       C:\Program Files\dotnet\sdk\10.0.101\Sdks\Microsoft.NET.Sdk\targets\Microsoft.NET.Sdk.FrameworkReferenceResolution.targets(14,5): message :       GetFrameworkPaths;
       C:\Program Files\dotnet\sdk\10.0.101\Sdks\Microsoft.NET.Sdk\targets\Microsoft.NET.Sdk.FrameworkReferenceResolution.targets(14,5): message :       GetReferenceAssemblyPaths;
       C:\Program Files\dotnet\sdk\10.0.101\Sdks\Microsoft.NET.Sdk\targets\Microsoft.NET.Sdk.FrameworkReferenceResolution.targets(14,5): message :       PrepareForBuild;
       C:\Program Files\dotnet\sdk\10.0.101\Sdks\Microsoft.NET.Sdk\targets\Microsoft.NET.Sdk.FrameworkReferenceResolution.targets(14,5): message :       ResolveSDKReferences;
       C:\Program Files\dotnet\sdk\10.0.101\Sdks\Microsoft.NET.Sdk\targets\Microsoft.NET.Sdk.FrameworkReferenceResolution.targets(14,5): message :       ExpandSDKReferences;
       C:\Program Files\dotnet\sdk\10.0.101\Sdks\Microsoft.NET.Sdk\targets\Microsoft.NET.Sdk.FrameworkReferenceResolution.targets(14,5): message :     ;
       C:\Program Files\dotnet\sdk\10.0.101\Sdks\Microsoft.NET.Sdk\targets\Microsoft.NET.Sdk.FrameworkReferenceResolution.targets(14,5): message :       ResolvePackageDependenciesForBuild;
       C:\Program Files\dotnet\sdk\10.0.101\Sdks\Microsoft.NET.Sdk\targets\Microsoft.NET.Sdk.FrameworkReferenceResolution.targets(14,5): message :       _HandlePackageFileConflicts;
       C:\Program Files\dotnet\sdk\10.0.101\Sdks\Microsoft.NET.Sdk\targets\Microsoft.NET.Sdk.FrameworkReferenceResolution.targets(14,5): message :     ") at C:\Program Files\dotnet\sdk\10.0.101\Sdks\Microsoft.NET.Sdk\targets\Microsoft.NET.Sdk.FrameworkReferenceResolution.targets (14,5)
       C:\Program Files\dotnet\sdk\10.0.101\Sdks\Microsoft.NET.Sdk\targets\Microsoft.NET.Sdk.targets(44,5): message : Property reassignment: $(_GenerateRuntimeConfigurationPropertyInputsCache)="D:\P.L\Flutter\fresh_produce_app\FreshProduce.Application\obj\Debug\net9.0\FreshProduce.Application.genruntimeconfig.cache" (previous value: "obj\Debug\net9.0\FreshProduce.Application.genruntimeconfig.cache") at C:\Program Files\dotnet\sdk\10.0.101\Sdks\Microsoft.NET.Sdk\targets\Microsoft.NET.Sdk.targets (44,5)
       C:\Program Files\dotnet\sdk\10.0.101\Sdks\Microsoft.NET.Sdk\targets\Microsoft.NET.Sdk.targets(46,5): message : Property reassignment: $(_GeneratePublishDependencyFilePropertyInputsCache)="D:\P.L\Flutter\fresh_produce_app\FreshProduce.Application\obj\Debug\net9.0\FreshProduce.Application.genpublishdeps.cache" (previous value: "obj\Debug\net9.0\FreshProduce.Application.genpublishdeps.cache") at C:\Program Files\dotnet\sdk\10.0.101\Sdks\Microsoft.NET.Sdk\targets\Microsoft.NET.Sdk.targets (46,5)
       C:\Program Files\dotnet\sdk\10.0.101\Sdks\Microsoft.NET.Sdk\targets\Microsoft.NET.Sdk.targets(48,5): message : Property reassignment: $(_GenerateSingleFileBundlePropertyInputsCache)="D:\P.L\Flutter\fresh_produce_app\FreshProduce.Application\obj\Debug\net9.0\FreshProduce.Application.genbundle.cache" (previous value: "obj\Debug\net9.0\FreshProduce.Application.genbundle.cache") at C:\Program Files\dotnet\sdk\10.0.101\Sdks\Microsoft.NET.Sdk\targets\Microsoft.NET.Sdk.targets (48,5)
       C:\Program Files\dotnet\sdk\10.0.101\Sdks\Microsoft.NET.Sdk\targets\Microsoft.NET.Sdk.targets(81,5): message : Property reassignment: $(GenerateRuntimeConfigDevFile)="false" (previous value: "true") at C:\Program Files\dotnet\sdk\10.0.101\Sdks\Microsoft.NET.Sdk\targets\Microsoft.NET.Sdk.targets (81,5)
       C:\Program Files\dotnet\sdk\10.0.101\Sdks\Microsoft.NET.Sdk\targets\Microsoft.NET.Sdk.targets(98,5): message : Property reassignment: $(_DefaultUserProfileRuntimeStorePath)="C:\Users\Dell" (previous value: "") at C:\Program Files\dotnet\sdk\10.0.101\Sdks\Microsoft.NET.Sdk\targets\Microsoft.NET.Sdk.targets (98,5)
       C:\Program Files\dotnet\sdk\10.0.101\Sdks\Microsoft.NET.Sdk\targets\Microsoft.NET.Sdk.targets(99,5): message : Property reassignment: $(_DefaultUserProfileRuntimeStorePath)="C:\Users\Dell\.dotnet\store" (previous value: "C:\Users\Dell") at C:\Program Files\dotnet\sdk\10.0.101\Sdks\Microsoft.NET.Sdk\targets\Microsoft.NET.Sdk.targets (99,5)
       C:\Program Files\dotnet\sdk\10.0.101\Sdks\Microsoft.NET.Sdk\targets\Microsoft.NET.Sdk.targets(144,5): message : Property reassignment: $(AvailablePlatforms)="Any CPU,x86,x64,ARM32" (previous value: "Any CPU,x86,x64") at C:\Program Files\dotnet\sdk\10.0.101\Sdks\Microsoft.NET.Sdk\targets\Microsoft.NET.Sdk.targets (144,5)
       C:\Program Files\dotnet\sdk\10.0.101\Sdks\Microsoft.NET.Sdk\targets\Microsoft.NET.Sdk.targets(148,5): message : Property reassignment: $(AvailablePlatforms)="Any CPU,x86,x64,ARM32,ARM64" (previous value: "Any CPU,x86,x64,ARM32") at C:\Program Files\dotnet\sdk\10.0.101\Sdks\Microsoft.NET.Sdk\targets\Microsoft.NET.Sdk.targets (148,5)
       C:\Program Files\dotnet\sdk\10.0.101\Sdks\Microsoft.NET.Sdk\targets\Microsoft.NET.Sdk.targets(204,5): message : Property reassignment: $(CoreBuildDependsOn)="
       C:\Program Files\dotnet\sdk\10.0.101\Sdks\Microsoft.NET.Sdk\targets\Microsoft.NET.Sdk.targets(204,5): message :       _CheckForBuildWithNoBuild;
       C:\Program Files\dotnet\sdk\10.0.101\Sdks\Microsoft.NET.Sdk\targets\Microsoft.NET.Sdk.targets(204,5): message :       
       C:\Program Files\dotnet\sdk\10.0.101\Sdks\Microsoft.NET.Sdk\targets\Microsoft.NET.Sdk.targets(204,5): message :       BuildOnlySettings;
       C:\Program Files\dotnet\sdk\10.0.101\Sdks\Microsoft.NET.Sdk\targets\Microsoft.NET.Sdk.targets(204,5): message :       PrepareForBuild;
       C:\Program Files\dotnet\sdk\10.0.101\Sdks\Microsoft.NET.Sdk\targets\Microsoft.NET.Sdk.targets(204,5): message :       PreBuildEvent;
       C:\Program Files\dotnet\sdk\10.0.101\Sdks\Microsoft.NET.Sdk\targets\Microsoft.NET.Sdk.targets(204,5): message :       ResolveReferences;
       C:\Program Files\dotnet\sdk\10.0.101\Sdks\Microsoft.NET.Sdk\targets\Microsoft.NET.Sdk.targets(204,5): message :       PrepareResources;
       C:\Program Files\dotnet\sdk\10.0.101\Sdks\Microsoft.NET.Sdk\targets\Microsoft.NET.Sdk.targets(204,5): message :       ResolveKeySource;
       C:\Program Files\dotnet\sdk\10.0.101\Sdks\Microsoft.NET.Sdk\targets\Microsoft.NET.Sdk.targets(204,5): message :       Compile;
       C:\Program Files\dotnet\sdk\10.0.101\Sdks\Microsoft.NET.Sdk\targets\Microsoft.NET.Sdk.targets(204,5): message :       ExportWindowsMDFile;
       C:\Program Files\dotnet\sdk\10.0.101\Sdks\Microsoft.NET.Sdk\targets\Microsoft.NET.Sdk.targets(204,5): message :       UnmanagedUnregistration;
       C:\Program Files\dotnet\sdk\10.0.101\Sdks\Microsoft.NET.Sdk\targets\Microsoft.NET.Sdk.targets(204,5): message :       GenerateSerializationAssemblies;
       C:\Program Files\dotnet\sdk\10.0.101\Sdks\Microsoft.NET.Sdk\targets\Microsoft.NET.Sdk.targets(204,5): message :       CreateSatelliteAssemblies;
       C:\Program Files\dotnet\sdk\10.0.101\Sdks\Microsoft.NET.Sdk\targets\Microsoft.NET.Sdk.targets(204,5): message :       GenerateManifests;
       C:\Program Files\dotnet\sdk\10.0.101\Sdks\Microsoft.NET.Sdk\targets\Microsoft.NET.Sdk.targets(204,5): message :       GetTargetPath;
       C:\Program Files\dotnet\sdk\10.0.101\Sdks\Microsoft.NET.Sdk\targets\Microsoft.NET.Sdk.targets(204,5): message :       PrepareForRun;
       C:\Program Files\dotnet\sdk\10.0.101\Sdks\Microsoft.NET.Sdk\targets\Microsoft.NET.Sdk.targets(204,5): message :       UnmanagedRegistration;
       C:\Program Files\dotnet\sdk\10.0.101\Sdks\Microsoft.NET.Sdk\targets\Microsoft.NET.Sdk.targets(204,5): message :       IncrementalClean;
       C:\Program Files\dotnet\sdk\10.0.101\Sdks\Microsoft.NET.Sdk\targets\Microsoft.NET.Sdk.targets(204,5): message :       PostBuildEvent
       C:\Program Files\dotnet\sdk\10.0.101\Sdks\Microsoft.NET.Sdk\targets\Microsoft.NET.Sdk.targets(204,5): message :     ;
       C:\Program Files\dotnet\sdk\10.0.101\Sdks\Microsoft.NET.Sdk\targets\Microsoft.NET.Sdk.targets(204,5): message :       GenerateBuildDependencyFile;
       C:\Program Files\dotnet\sdk\10.0.101\Sdks\Microsoft.NET.Sdk\targets\Microsoft.NET.Sdk.targets(204,5): message :       GenerateBuildRuntimeConfigurationFiles
       C:\Program Files\dotnet\sdk\10.0.101\Sdks\Microsoft.NET.Sdk\targets\Microsoft.NET.Sdk.targets(204,5): message :     " (previous value: "
       C:\Program Files\dotnet\sdk\10.0.101\Sdks\Microsoft.NET.Sdk\targets\Microsoft.NET.Sdk.targets(204,5): message :       BuildOnlySettings;
       C:\Program Files\dotnet\sdk\10.0.101\Sdks\Microsoft.NET.Sdk\targets\Microsoft.NET.Sdk.targets(204,5): message :       PrepareForBuild;
       C:\Program Files\dotnet\sdk\10.0.101\Sdks\Microsoft.NET.Sdk\targets\Microsoft.NET.Sdk.targets(204,5): message :       PreBuildEvent;
       C:\Program Files\dotnet\sdk\10.0.101\Sdks\Microsoft.NET.Sdk\targets\Microsoft.NET.Sdk.targets(204,5): message :       ResolveReferences;
       C:\Program Files\dotnet\sdk\10.0.101\Sdks\Microsoft.NET.Sdk\targets\Microsoft.NET.Sdk.targets(204,5): message :       PrepareResources;
       C:\Program Files\dotnet\sdk\10.0.101\Sdks\Microsoft.NET.Sdk\targets\Microsoft.NET.Sdk.targets(204,5): message :       ResolveKeySource;
       C:\Program Files\dotnet\sdk\10.0.101\Sdks\Microsoft.NET.Sdk\targets\Microsoft.NET.Sdk.targets(204,5): message :       Compile;
       C:\Program Files\dotnet\sdk\10.0.101\Sdks\Microsoft.NET.Sdk\targets\Microsoft.NET.Sdk.targets(204,5): message :       ExportWindowsMDFile;
       C:\Program Files\dotnet\sdk\10.0.101\Sdks\Microsoft.NET.Sdk\targets\Microsoft.NET.Sdk.targets(204,5): message :       UnmanagedUnregistration;
       C:\Program Files\dotnet\sdk\10.0.101\Sdks\Microsoft.NET.Sdk\targets\Microsoft.NET.Sdk.targets(204,5): message :       GenerateSerializationAssemblies;
       C:\Program Files\dotnet\sdk\10.0.101\Sdks\Microsoft.NET.Sdk\targets\Microsoft.NET.Sdk.targets(204,5): message :       CreateSatelliteAssemblies;
       C:\Program Files\dotnet\sdk\10.0.101\Sdks\Microsoft.NET.Sdk\targets\Microsoft.NET.Sdk.targets(204,5): message :       GenerateManifests;
       C:\Program Files\dotnet\sdk\10.0.101\Sdks\Microsoft.NET.Sdk\targets\Microsoft.NET.Sdk.targets(204,5): message :       GetTargetPath;
       C:\Program Files\dotnet\sdk\10.0.101\Sdks\Microsoft.NET.Sdk\targets\Microsoft.NET.Sdk.targets(204,5): message :       PrepareForRun;
       C:\Program Files\dotnet\sdk\10.0.101\Sdks\Microsoft.NET.Sdk\targets\Microsoft.NET.Sdk.targets(204,5): message :       UnmanagedRegistration;
       C:\Program Files\dotnet\sdk\10.0.101\Sdks\Microsoft.NET.Sdk\targets\Microsoft.NET.Sdk.targets(204,5): message :       IncrementalClean;
       C:\Program Files\dotnet\sdk\10.0.101\Sdks\Microsoft.NET.Sdk\targets\Microsoft.NET.Sdk.targets(204,5): message :       PostBuildEvent
       C:\Program Files\dotnet\sdk\10.0.101\Sdks\Microsoft.NET.Sdk\targets\Microsoft.NET.Sdk.targets(204,5): message :     ") at C:\Program Files\dotnet\sdk\10.0.101\Sdks\Microsoft.NET.Sdk\targets\Microsoft.NET.Sdk.targets (204,5)
       C:\Program Files\dotnet\sdk\10.0.101\Sdks\Microsoft.NET.Sdk\targets\Microsoft.NET.Sdk.targets(213,5): message : Property reassignment: $(CoreCleanDependsOn)="
       C:\Program Files\dotnet\sdk\10.0.101\Sdks\Microsoft.NET.Sdk\targets\Microsoft.NET.Sdk.targets(213,5): message :       _SdkBeforeClean;
       C:\Program Files\dotnet\sdk\10.0.101\Sdks\Microsoft.NET.Sdk\targets\Microsoft.NET.Sdk.targets(213,5): message :       
       C:\Program Files\dotnet\sdk\10.0.101\Sdks\Microsoft.NET.Sdk\targets\Microsoft.NET.Sdk.targets(213,5): message :     " (previous value: "") at C:\Program Files\dotnet\sdk\10.0.101\Sdks\Microsoft.NET.Sdk\targets\Microsoft.NET.Sdk.targets (213,5)
       C:\Program Files\dotnet\sdk\10.0.101\Sdks\Microsoft.NET.Sdk\targets\Microsoft.NET.Sdk.targets(220,5): message : Property reassignment: $(RebuildDependsOn)="
       C:\Program Files\dotnet\sdk\10.0.101\Sdks\Microsoft.NET.Sdk\targets\Microsoft.NET.Sdk.targets(220,5): message :       _SdkBeforeRebuild;
       C:\Program Files\dotnet\sdk\10.0.101\Sdks\Microsoft.NET.Sdk\targets\Microsoft.NET.Sdk.targets(220,5): message :       
       C:\Program Files\dotnet\sdk\10.0.101\Sdks\Microsoft.NET.Sdk\targets\Microsoft.NET.Sdk.targets(220,5): message :       BeforeRebuild;
       C:\Program Files\dotnet\sdk\10.0.101\Sdks\Microsoft.NET.Sdk\targets\Microsoft.NET.Sdk.targets(220,5): message :       Clean;
       C:\Program Files\dotnet\sdk\10.0.101\Sdks\Microsoft.NET.Sdk\targets\Microsoft.NET.Sdk.targets(220,5): message :       Build;
       C:\Program Files\dotnet\sdk\10.0.101\Sdks\Microsoft.NET.Sdk\targets\Microsoft.NET.Sdk.targets(220,5): message :       AfterRebuild;
       C:\Program Files\dotnet\sdk\10.0.101\Sdks\Microsoft.NET.Sdk\targets\Microsoft.NET.Sdk.targets(220,5): message :     
       C:\Program Files\dotnet\sdk\10.0.101\Sdks\Microsoft.NET.Sdk\targets\Microsoft.NET.Sdk.targets(220,5): message :     " (previous value: "
       C:\Program Files\dotnet\sdk\10.0.101\Sdks\Microsoft.NET.Sdk\targets\Microsoft.NET.Sdk.targets(220,5): message :       BeforeRebuild;
       C:\Program Files\dotnet\sdk\10.0.101\Sdks\Microsoft.NET.Sdk\targets\Microsoft.NET.Sdk.targets(220,5): message :       Clean;
       C:\Program Files\dotnet\sdk\10.0.101\Sdks\Microsoft.NET.Sdk\targets\Microsoft.NET.Sdk.targets(220,5): message :       Build;
       C:\Program Files\dotnet\sdk\10.0.101\Sdks\Microsoft.NET.Sdk\targets\Microsoft.NET.Sdk.targets(220,5): message :       AfterRebuild;
       C:\Program Files\dotnet\sdk\10.0.101\Sdks\Microsoft.NET.Sdk\targets\Microsoft.NET.Sdk.targets(220,5): message :     ") at C:\Program Files\dotnet\sdk\10.0.101\Sdks\Microsoft.NET.Sdk\targets\Microsoft.NET.Sdk.targets (220,5)
       C:\Program Files\dotnet\sdk\10.0.101\Sdks\Microsoft.NET.Sdk\targets\Microsoft.NET.Sdk.targets(799,5): message : Property reassignment: $(CompileDependsOn)="
       C:\Program Files\dotnet\sdk\10.0.101\Sdks\Microsoft.NET.Sdk\targets\Microsoft.NET.Sdk.targets(799,5): message :       
       C:\Program Files\dotnet\sdk\10.0.101\Sdks\Microsoft.NET.Sdk\targets\Microsoft.NET.Sdk.targets(799,5): message :       ResolveReferences;
       C:\Program Files\dotnet\sdk\10.0.101\Sdks\Microsoft.NET.Sdk\targets\Microsoft.NET.Sdk.targets(799,5): message :       ResolveKeySource;
       C:\Program Files\dotnet\sdk\10.0.101\Sdks\Microsoft.NET.Sdk\targets\Microsoft.NET.Sdk.targets(799,5): message :       SetWin32ManifestProperties;
       C:\Program Files\dotnet\sdk\10.0.101\Sdks\Microsoft.NET.Sdk\targets\Microsoft.NET.Sdk.targets(799,5): message :       _SetPreferNativeArm64Win32ManifestProperties;
       C:\Program Files\dotnet\sdk\10.0.101\Sdks\Microsoft.NET.Sdk\targets\Microsoft.NET.Sdk.targets(799,5): message :       FindReferenceAssembliesForReferences;
       C:\Program Files\dotnet\sdk\10.0.101\Sdks\Microsoft.NET.Sdk\targets\Microsoft.NET.Sdk.targets(799,5): message :       _GenerateCompileInputs;
       C:\Program Files\dotnet\sdk\10.0.101\Sdks\Microsoft.NET.Sdk\targets\Microsoft.NET.Sdk.targets(799,5): message :       BeforeCompile;
       C:\Program Files\dotnet\sdk\10.0.101\Sdks\Microsoft.NET.Sdk\targets\Microsoft.NET.Sdk.targets(799,5): message :       _TimeStampBeforeCompile;
       C:\Program Files\dotnet\sdk\10.0.101\Sdks\Microsoft.NET.Sdk\targets\Microsoft.NET.Sdk.targets(799,5): message :       _GenerateCompileDependencyCache;
       C:\Program Files\dotnet\sdk\10.0.101\Sdks\Microsoft.NET.Sdk\targets\Microsoft.NET.Sdk.targets(799,5): message :       CoreCompile;
       C:\Program Files\dotnet\sdk\10.0.101\Sdks\Microsoft.NET.Sdk\targets\Microsoft.NET.Sdk.targets(799,5): message :       _TimeStampAfterCompile;
       C:\Program Files\dotnet\sdk\10.0.101\Sdks\Microsoft.NET.Sdk\targets\Microsoft.NET.Sdk.targets(799,5): message :       AfterCompile;
       C:\Program Files\dotnet\sdk\10.0.101\Sdks\Microsoft.NET.Sdk\targets\Microsoft.NET.Sdk.targets(799,5): message :     ;
       C:\Program Files\dotnet\sdk\10.0.101\Sdks\Microsoft.NET.Sdk\targets\Microsoft.NET.Sdk.targets(799,5): message :       _CreateAppHost;
       C:\Program Files\dotnet\sdk\10.0.101\Sdks\Microsoft.NET.Sdk\targets\Microsoft.NET.Sdk.targets(799,5): message :       _CreateComHost;
       C:\Program Files\dotnet\sdk\10.0.101\Sdks\Microsoft.NET.Sdk\targets\Microsoft.NET.Sdk.targets(799,5): message :       _GetIjwHostPaths;
       C:\Program Files\dotnet\sdk\10.0.101\Sdks\Microsoft.NET.Sdk\targets\Microsoft.NET.Sdk.targets(799,5): message :     " (previous value: "
       C:\Program Files\dotnet\sdk\10.0.101\Sdks\Microsoft.NET.Sdk\targets\Microsoft.NET.Sdk.targets(799,5): message :       ResolveReferences;
       C:\Program Files\dotnet\sdk\10.0.101\Sdks\Microsoft.NET.Sdk\targets\Microsoft.NET.Sdk.targets(799,5): message :       ResolveKeySource;
       C:\Program Files\dotnet\sdk\10.0.101\Sdks\Microsoft.NET.Sdk\targets\Microsoft.NET.Sdk.targets(799,5): message :       SetWin32ManifestProperties;
       C:\Program Files\dotnet\sdk\10.0.101\Sdks\Microsoft.NET.Sdk\targets\Microsoft.NET.Sdk.targets(799,5): message :       _SetPreferNativeArm64Win32ManifestProperties;
       C:\Program Files\dotnet\sdk\10.0.101\Sdks\Microsoft.NET.Sdk\targets\Microsoft.NET.Sdk.targets(799,5): message :       FindReferenceAssembliesForReferences;
       C:\Program Files\dotnet\sdk\10.0.101\Sdks\Microsoft.NET.Sdk\targets\Microsoft.NET.Sdk.targets(799,5): message :       _GenerateCompileInputs;
       C:\Program Files\dotnet\sdk\10.0.101\Sdks\Microsoft.NET.Sdk\targets\Microsoft.NET.Sdk.targets(799,5): message :       BeforeCompile;
       C:\Program Files\dotnet\sdk\10.0.101\Sdks\Microsoft.NET.Sdk\targets\Microsoft.NET.Sdk.targets(799,5): message :       _TimeStampBeforeCompile;
       C:\Program Files\dotnet\sdk\10.0.101\Sdks\Microsoft.NET.Sdk\targets\Microsoft.NET.Sdk.targets(799,5): message :       _GenerateCompileDependencyCache;
       C:\Program Files\dotnet\sdk\10.0.101\Sdks\Microsoft.NET.Sdk\targets\Microsoft.NET.Sdk.targets(799,5): message :       CoreCompile;
       C:\Program Files\dotnet\sdk\10.0.101\Sdks\Microsoft.NET.Sdk\targets\Microsoft.NET.Sdk.targets(799,5): message :       _TimeStampAfterCompile;
       C:\Program Files\dotnet\sdk\10.0.101\Sdks\Microsoft.NET.Sdk\targets\Microsoft.NET.Sdk.targets(799,5): message :       AfterCompile;
       C:\Program Files\dotnet\sdk\10.0.101\Sdks\Microsoft.NET.Sdk\targets\Microsoft.NET.Sdk.targets(799,5): message :     ") at C:\Program Files\dotnet\sdk\10.0.101\Sdks\Microsoft.NET.Sdk\targets\Microsoft.NET.Sdk.targets (799,5)
       C:\Program Files\dotnet\sdk\10.0.101\Sdks\Microsoft.NET.Sdk\targets\Microsoft.NET.Sdk.targets(1131,5): message : Property reassignment: $(CreateSatelliteAssembliesDependsOn)="
       C:\Program Files\dotnet\sdk\10.0.101\Sdks\Microsoft.NET.Sdk\targets\Microsoft.NET.Sdk.targets(1131,5): message :       
       C:\Program Files\dotnet\sdk\10.0.101\Sdks\Microsoft.NET.Sdk\targets\Microsoft.NET.Sdk.targets(1131,5): message :       ;
       C:\Program Files\dotnet\sdk\10.0.101\Sdks\Microsoft.NET.Sdk\targets\Microsoft.NET.Sdk.targets(1131,5): message :       _GenerateSatelliteAssemblyInputs;
       C:\Program Files\dotnet\sdk\10.0.101\Sdks\Microsoft.NET.Sdk\targets\Microsoft.NET.Sdk.targets(1131,5): message :       ComputeIntermediateSatelliteAssemblies;
       C:\Program Files\dotnet\sdk\10.0.101\Sdks\Microsoft.NET.Sdk\targets\Microsoft.NET.Sdk.targets(1131,5): message :       GenerateSatelliteAssemblies
       C:\Program Files\dotnet\sdk\10.0.101\Sdks\Microsoft.NET.Sdk\targets\Microsoft.NET.Sdk.targets(1131,5): message :     ;
       C:\Program Files\dotnet\sdk\10.0.101\Sdks\Microsoft.NET.Sdk\targets\Microsoft.NET.Sdk.targets(1131,5): message :       CoreGenerateSatelliteAssemblies
       C:\Program Files\dotnet\sdk\10.0.101\Sdks\Microsoft.NET.Sdk\targets\Microsoft.NET.Sdk.targets(1131,5): message :     " (previous value: "
       C:\Program Files\dotnet\sdk\10.0.101\Sdks\Microsoft.NET.Sdk\targets\Microsoft.NET.Sdk.targets(1131,5): message :       ;
       C:\Program Files\dotnet\sdk\10.0.101\Sdks\Microsoft.NET.Sdk\targets\Microsoft.NET.Sdk.targets(1131,5): message :       _GenerateSatelliteAssemblyInputs;
       C:\Program Files\dotnet\sdk\10.0.101\Sdks\Microsoft.NET.Sdk\targets\Microsoft.NET.Sdk.targets(1131,5): message :       ComputeIntermediateSatelliteAssemblies;
       C:\Program Files\dotnet\sdk\10.0.101\Sdks\Microsoft.NET.Sdk\targets\Microsoft.NET.Sdk.targets(1131,5): message :       GenerateSatelliteAssemblies
       C:\Program Files\dotnet\sdk\10.0.101\Sdks\Microsoft.NET.Sdk\targets\Microsoft.NET.Sdk.targets(1131,5): message :     ") at C:\Program Files\dotnet\sdk\10.0.101\Sdks\Microsoft.NET.Sdk\targets\Microsoft.NET.Sdk.targets (1131,5)
       C:\Program Files\dotnet\sdk\10.0.101\Sdks\Microsoft.SourceLink.GitLab\build\Microsoft.SourceLink.GitLab.targets(12,5): message : Property reassignment: $(SourceLinkUrlInitializerTargets)=";_InitializeGitHubSourceLinkUrl;_InitializeGitLabSourceLinkUrl" (previous value: ";_InitializeGitHubSourceLinkUrl") at C:\Program Files\dotnet\sdk\10.0.101\Sdks\Microsoft.SourceLink.GitLab\build\Microsoft.SourceLink.GitLab.targets (12,5)
       C:\Program Files\dotnet\sdk\10.0.101\Sdks\Microsoft.SourceLink.GitLab\build\Microsoft.SourceLink.GitLab.targets(13,5): message : Property reassignment: $(SourceControlManagerUrlTranslationTargets)=";TranslateGitHubUrlsInSourceControlInformation;TranslateGitLabUrlsInSourceControlInformation" (previous value: ";TranslateGitHubUrlsInSourceControlInformation") at C:\Program Files\dotnet\sdk\10.0.101\Sdks\Microsoft.SourceLink.GitLab\build\Microsoft.SourceLink.GitLab.targets (13,5)
       C:\Program Files\dotnet\sdk\10.0.101\Sdks\Microsoft.SourceLink.AzureRepos.Git\build\Microsoft.SourceLink.AzureRepos.Git.targets(12,5): message : Property reassignment: $(SourceLinkUrlInitializerTargets)=";_InitializeGitHubSourceLinkUrl;_InitializeGitLabSourceLinkUrl;_InitializeAzureReposGitSourceLinkUrl" (previous value: ";_InitializeGitHubSourceLinkUrl;_InitializeGitLabSourceLinkUrl") at C:\Program Files\dotnet\sdk\10.0.101\Sdks\Microsoft.SourceLink.AzureRepos.Git\build\Microsoft.SourceLink.AzureRepos.Git.targets (12,5)
       C:\Program Files\dotnet\sdk\10.0.101\Sdks\Microsoft.SourceLink.AzureRepos.Git\build\Microsoft.SourceLink.AzureRepos.Git.targets(13,5): message : Property reassignment: $(SourceControlManagerUrlTranslationTargets)=";TranslateGitHubUrlsInSourceControlInformation;TranslateGitLabUrlsInSourceControlInformation;TranslateAzureReposGitUrlsInSourceControlInformation" (previous value: ";TranslateGitHubUrlsInSourceControlInformation;TranslateGitLabUrlsInSourceControlInformation") at C:\Program Files\dotnet\sdk\10.0.101\Sdks\Microsoft.SourceLink.AzureRepos.Git\build\Microsoft.SourceLink.AzureRepos.Git.targets (13,5)
       C:\Program Files\dotnet\sdk\10.0.101\Sdks\Microsoft.SourceLink.Bitbucket.Git\build\Microsoft.SourceLink.Bitbucket.Git.targets(12,5): message : Property reassignment: $(SourceLinkUrlInitializerTargets)=";_InitializeGitHubSourceLinkUrl;_InitializeGitLabSourceLinkUrl;_InitializeAzureReposGitSourceLinkUrl;_InitializeBitbucketGitSourceLinkUrl" (previous value: ";_InitializeGitHubSourceLinkUrl;_InitializeGitLabSourceLinkUrl;_InitializeAzureReposGitSourceLinkUrl") at C:\Program Files\dotnet\sdk\10.0.101\Sdks\Microsoft.SourceLink.Bitbucket.Git\build\Microsoft.SourceLink.Bitbucket.Git.targets (12,5)
       C:\Program Files\dotnet\sdk\10.0.101\Sdks\Microsoft.SourceLink.Bitbucket.Git\build\Microsoft.SourceLink.Bitbucket.Git.targets(13,5): message : Property reassignment: $(SourceControlManagerUrlTranslationTargets)=";TranslateGitHubUrlsInSourceControlInformation;TranslateGitLabUrlsInSourceControlInformation;TranslateAzureReposGitUrlsInSourceControlInformation;TranslateBitbucketGitUrlsInSourceControlInformation" (previous value: ";TranslateGitHubUrlsInSourceControlInformation;TranslateGitLabUrlsInSourceControlInformation;TranslateAzureReposGitUrlsInSourceControlInformation") at C:\Program Files\dotnet\sdk\10.0.101\Sdks\Microsoft.SourceLink.Bitbucket.Git\build\Microsoft.SourceLink.Bitbucket.Git.targets (13,5)
       C:\Program Files\dotnet\sdk\10.0.101\Sdks\Microsoft.NET.Sdk\targets\Microsoft.NET.DesignerSupport.targets(21,5): message : Property reassignment: $(DesignerRuntimeImplementationProjectOutputGroupDependsOn)="
       C:\Program Files\dotnet\sdk\10.0.101\Sdks\Microsoft.NET.Sdk\targets\Microsoft.NET.DesignerSupport.targets(21,5): message :       
       C:\Program Files\dotnet\sdk\10.0.101\Sdks\Microsoft.NET.Sdk\targets\Microsoft.NET.DesignerSupport.targets(21,5): message :       ;
       C:\Program Files\dotnet\sdk\10.0.101\Sdks\Microsoft.NET.Sdk\targets\Microsoft.NET.DesignerSupport.targets(21,5): message :       
       C:\Program Files\dotnet\sdk\10.0.101\Sdks\Microsoft.NET.Sdk\targets\Microsoft.NET.DesignerSupport.targets(21,5): message :       ;
       C:\Program Files\dotnet\sdk\10.0.101\Sdks\Microsoft.NET.Sdk\targets\Microsoft.NET.DesignerSupport.targets(21,5): message :       BuildOnlySettings;
       C:\Program Files\dotnet\sdk\10.0.101\Sdks\Microsoft.NET.Sdk\targets\Microsoft.NET.DesignerSupport.targets(21,5): message :       PrepareForBuild;
       C:\Program Files\dotnet\sdk\10.0.101\Sdks\Microsoft.NET.Sdk\targets\Microsoft.NET.DesignerSupport.targets(21,5): message :       AssignTargetPaths;
       C:\Program Files\dotnet\sdk\10.0.101\Sdks\Microsoft.NET.Sdk\targets\Microsoft.NET.DesignerSupport.targets(21,5): message :       ResolveReferences
       C:\Program Files\dotnet\sdk\10.0.101\Sdks\Microsoft.NET.Sdk\targets\Microsoft.NET.DesignerSupport.targets(21,5): message :     
       C:\Program Files\dotnet\sdk\10.0.101\Sdks\Microsoft.NET.Sdk\targets\Microsoft.NET.DesignerSupport.targets(21,5): message :     ;
       C:\Program Files\dotnet\sdk\10.0.101\Sdks\Microsoft.NET.Sdk\targets\Microsoft.NET.DesignerSupport.targets(21,5): message :       _GenerateDesignerDepsFile;
       C:\Program Files\dotnet\sdk\10.0.101\Sdks\Microsoft.NET.Sdk\targets\Microsoft.NET.DesignerSupport.targets(21,5): message :       _GenerateDesignerRuntimeConfigFile;
       C:\Program Files\dotnet\sdk\10.0.101\Sdks\Microsoft.NET.Sdk\targets\Microsoft.NET.DesignerSupport.targets(21,5): message :       GetCopyToOutputDirectoryItems;
       C:\Program Files\dotnet\sdk\10.0.101\Sdks\Microsoft.NET.Sdk\targets\Microsoft.NET.DesignerSupport.targets(21,5): message :       _GatherDesignerShadowCopyFiles;
       C:\Program Files\dotnet\sdk\10.0.101\Sdks\Microsoft.NET.Sdk\targets\Microsoft.NET.DesignerSupport.targets(21,5): message :     " (previous value: "
       C:\Program Files\dotnet\sdk\10.0.101\Sdks\Microsoft.NET.Sdk\targets\Microsoft.NET.DesignerSupport.targets(21,5): message :       ;
       C:\Program Files\dotnet\sdk\10.0.101\Sdks\Microsoft.NET.Sdk\targets\Microsoft.NET.DesignerSupport.targets(21,5): message :       
       C:\Program Files\dotnet\sdk\10.0.101\Sdks\Microsoft.NET.Sdk\targets\Microsoft.NET.DesignerSupport.targets(21,5): message :       ;
       C:\Program Files\dotnet\sdk\10.0.101\Sdks\Microsoft.NET.Sdk\targets\Microsoft.NET.DesignerSupport.targets(21,5): message :       BuildOnlySettings;
       C:\Program Files\dotnet\sdk\10.0.101\Sdks\Microsoft.NET.Sdk\targets\Microsoft.NET.DesignerSupport.targets(21,5): message :       PrepareForBuild;
       C:\Program Files\dotnet\sdk\10.0.101\Sdks\Microsoft.NET.Sdk\targets\Microsoft.NET.DesignerSupport.targets(21,5): message :       AssignTargetPaths;
       C:\Program Files\dotnet\sdk\10.0.101\Sdks\Microsoft.NET.Sdk\targets\Microsoft.NET.DesignerSupport.targets(21,5): message :       ResolveReferences
       C:\Program Files\dotnet\sdk\10.0.101\Sdks\Microsoft.NET.Sdk\targets\Microsoft.NET.DesignerSupport.targets(21,5): message :     
       C:\Program Files\dotnet\sdk\10.0.101\Sdks\Microsoft.NET.Sdk\targets\Microsoft.NET.DesignerSupport.targets(21,5): message :     ") at C:\Program Files\dotnet\sdk\10.0.101\Sdks\Microsoft.NET.Sdk\targets\Microsoft.NET.DesignerSupport.targets (21,5)
       C:\Program Files\dotnet\sdk\10.0.101\Sdks\Microsoft.NET.Sdk\targets\Microsoft.NET.Sdk.CSharp.targets(31,5): message : Property reassignment: $(DefineConstants)="TRACE;DEBUG" (previous value: "TRACE") at C:\Program Files\dotnet\sdk\10.0.101\Sdks\Microsoft.NET.Sdk\targets\Microsoft.NET.Sdk.CSharp.targets (31,5)
       C:\Program Files\dotnet\sdk\10.0.101\Sdks\Microsoft.NET.Sdk\targets\Microsoft.NET.Sdk.CSharp.targets(45,5): message : Property reassignment: $(WarningsAsErrors)=";NU1605;SYSLIB0011" (previous value: ";NU1605") at C:\Program Files\dotnet\sdk\10.0.101\Sdks\Microsoft.NET.Sdk\targets\Microsoft.NET.Sdk.CSharp.targets (45,5)
       C:\Program Files\dotnet\sdk\10.0.101\NuGet.Build.Tasks.Pack.targets(34,5): message : Property reassignment: $(PackageDescription)="Package Description" (previous value: "") at C:\Program Files\dotnet\sdk\10.0.101\NuGet.Build.Tasks.Pack.targets (34,5)
       C:\Program Files\dotnet\sdk\10.0.101\NuGet.Build.Tasks.Pack.targets(59,5): message : Property reassignment: $(GenerateNuspecDependsOn)="Build;_LoadPackInputItems; _GetTargetFrameworksOutput; _WalkEachTargetPerFramework; _GetPackageFiles; " (previous value: "_LoadPackInputItems; _GetTargetFrameworksOutput; _WalkEachTargetPerFramework; _GetPackageFiles; ") at C:\Program Files\dotnet\sdk\10.0.101\NuGet.Build.Tasks.Pack.targets (59,5)
       C:\Program Files\dotnet\sdk\10.0.101\Sdks\Microsoft.NET.Sdk\Sdk\Sdk.targets(59,5): message : Property reassignment: $(_IsNotSetContainersTargetsDir)="true" (previous value: "false") at C:\Program Files\dotnet\sdk\10.0.101\Sdks\Microsoft.NET.Sdk\Sdk\Sdk.targets (59,5)
       C:\Program Files\dotnet\sdk\10.0.101\Containers\build\Microsoft.NET.Build.Containers.targets(5,5): message : Property reassignment: $(_IsSDKContainerAllowedVersion)="true" (previous value: "false") at C:\Program Files\dotnet\sdk\10.0.101\Containers\build\Microsoft.NET.Build.Containers.targets (5,5)
       C:\Program Files\dotnet\sdk\10.0.101\Containers\build\Microsoft.NET.Build.Containers.targets(15,5): message : Property reassignment: $(_ContainerIsTargetingNet8TFM)="true" (previous value: "false") at C:\Program Files\dotnet\sdk\10.0.101\Containers\build\Microsoft.NET.Build.Containers.targets (15,5)
       The SDK "Microsoft.NET.SDK.WorkloadAutoImportPropsLocator" was successfully resolved by the "Microsoft.DotNet.MSBuildWorkloadSdkResolver" resolver to location "null" and version "null".
       Reusing node 3 (PID: 41072).
       Overriding target "ResolveFrameworkReferences" in project "C:\Program Files\dotnet\sdk\10.0.101\Microsoft.Common.CurrentVersion.targets" with target "ResolveFrameworkReferences" from project "C:\Program Files\dotnet\sdk\10.0.101\Sdks\Microsoft.NET.Sdk\targets\Microsoft.NET.Sdk.FrameworkReferenceResolution.targets".
       Overriding target "GenerateSupportedTargetFrameworkAlias" in project "C:\Program Files\dotnet\sdk\10.0.101\Microsoft.Common.CurrentVersion.targets" with target "GenerateSupportedTargetFrameworkAlias" from project "C:\Program Files\dotnet\sdk\10.0.101\Sdks\Microsoft.NET.Sdk\targets\Microsoft.NET.Sdk.targets".
       Overriding target "GetReferenceAssemblyPaths" in project "C:\Program Files\dotnet\sdk\10.0.101\Microsoft.Common.CurrentVersion.targets" with target "GetReferenceAssemblyPaths" from project "C:\Program Files\dotnet\sdk\10.0.101\Sdks\Microsoft.NET.Sdk\targets\Microsoft.NET.DisableStandardFrameworkResolution.targets".
       Overriding target "GetFrameworkPaths" in project "C:\Program Files\dotnet\sdk\10.0.101\Microsoft.Common.CurrentVersion.targets" with target "GetFrameworkPaths" from project "C:\Program Files\dotnet\sdk\10.0.101\Sdks\Microsoft.NET.Sdk\targets\Microsoft.NET.DisableStandardFrameworkResolution.targets".
       Overriding target "DesignerRuntimeImplementationProjectOutputGroup" in project "C:\Program Files\dotnet\sdk\10.0.101\Microsoft.Common.CurrentVersion.targets" with target "DesignerRuntimeImplementationProjectOutputGroup" from project "C:\Program Files\dotnet\sdk\10.0.101\Sdks\Microsoft.NET.Sdk\targets\Microsoft.NET.DesignerSupport.targets".
       Overriding target "Publish" in project "C:\Program Files\dotnet\sdk\10.0.101\Microsoft.Common.CurrentVersion.targets" with target "Publish" from project "C:\Program Files\dotnet\sdk\10.0.101\Sdks\Microsoft.NET.Sdk\targets\Microsoft.NET.Publish.targets".
       Overriding target "ResolveReadyToRunCompilers" in project "C:\Program Files\dotnet\sdk\10.0.101\Sdks\Microsoft.NET.Sdk\targets\Microsoft.NET.CrossGen.targets" with target "ResolveReadyToRunCompilers" from project "C:\Program Files\dotnet\sdk\10.0.101\Sdks\Microsoft.NET.Sdk\targets\Microsoft.NET.Publish.targets".
       Overriding target "GetCopyToPublishDirectoryItems" in project "C:\Program Files\dotnet\sdk\10.0.101\Microsoft.Common.CurrentVersion.targets" with target "GetCopyToPublishDirectoryItems" from project "C:\Program Files\dotnet\sdk\10.0.101\Sdks\Microsoft.NET.Sdk\targets\Microsoft.NET.Publish.targets".
       Overriding target "Run" in project "C:\Program Files\dotnet\sdk\10.0.101\Microsoft.Common.CurrentVersion.targets" with target "Run" from project "C:\Program Files\dotnet\sdk\10.0.101\Sdks\Microsoft.NET.Sdk\targets\Microsoft.NET.Sdk.targets".
       C:\Program Files\dotnet\sdk\10.0.101\Sdks\Microsoft.NET.Sdk\Sdk\Sdk.props(49,11): message : Property 'MSBuildExtensionsPath' with value 'C:\Program Files\dotnet\sdk\10.0.101\' expanded from the environment.
       C:\Program Files\dotnet\sdk\10.0.101\Sdks\Microsoft.NET.Sdk\targets\Microsoft.NET.Sdk.ImportPublishProfile.targets(28,5): message : Property reassignment: $(PublishProfileImported)="false" (previous value: "true") at C:\Program Files\dotnet\sdk\10.0.101\Sdks\Microsoft.NET.Sdk\targets\Microsoft.NET.Sdk.ImportPublishProfile.targets (28,5)
       C:\Program Files\dotnet\sdk\10.0.101\Current\Microsoft.Common.props(60,5): message : Property reassignment: $(MSBuildProjectExtensionsPath)="D:\P.L\Flutter\fresh_produce_app\FreshProduce.Domain\obj\" (previous value: "obj\") at C:\Program Files\dotnet\sdk\10.0.101\Current\Microsoft.Common.props (60,5)
       C:\Program Files\dotnet\sdk\10.0.101\Sdks\Microsoft.NET.Sdk\targets\Microsoft.NET.TargetFrameworkInference.targets(81,5): message : Property reassignment: $(TargetPlatformVersion)="" (previous value: "0.0") at C:\Program Files\dotnet\sdk\10.0.101\Sdks\Microsoft.NET.Sdk\targets\Microsoft.NET.TargetFrameworkInference.targets (81,5)
       D:\P.L\Flutter\fresh_produce_app\FreshProduce.Domain\obj\FreshProduce.Domain.csproj.nuget.g.props(7,5): message : Property 'USERPROFILE' with value 'C:\Users\Dell' expanded from the environment.
       C:\Program Files\dotnet\sdk\10.0.101\Current\Microsoft.Common.props(84,119): message : Property 'MSBuildUserExtensionsPath' with value 'C:\Users\Dell\AppData\Local\Microsoft\MSBuild' expanded from the environment.
   1:7>Project "D:\P.L\Flutter\fresh_produce_app\FreshProduce.Api\FreshProduce.Api.csproj" (1:7) is building "D:\P.L\Flutter\fresh_produce_app\FreshProduce.Application\FreshProduce.Application.csproj" (2:6) on node 2 (GetTargetFrameworks target(s)).
   2:6>Target "_CalculateIsVSTestTestProject" in file "C:\Program Files\dotnet\sdk\10.0.101\Sdks\Microsoft.NET.Sdk\targets\Microsoft.NET.Sdk.targets" from project "D:\P.L\Flutter\fresh_produce_app\FreshProduce.Application\FreshProduce.Application.csproj" (target "GetTargetFrameworksWithPlatformForSingleTargetFramework" depends on it):
   2:6>Done building target "_CalculateIsVSTestTestProject" in project "FreshProduce.Application.csproj".
   2:6>Target "GetTargetFrameworksWithPlatformForSingleTargetFramework" in file "C:\Program Files\dotnet\sdk\10.0.101\Microsoft.Common.CurrentVersion.targets" from project "D:\P.L\Flutter\fresh_produce_app\FreshProduce.Application\FreshProduce.Application.csproj" (target "GetTargetFrameworks" depends on it):
       Using "CombineTargetFrameworkInfoProperties" task from assembly "Microsoft.Build.Tasks.Core, Version=15.1.0.0, Culture=neutral, PublicKeyToken=b03f5f7f11d50a3a".
       Task "CombineTargetFrameworkInfoProperties"
     0>C:\Program Files\dotnet\sdk\10.0.101\Sdks\Microsoft.NET.Sdk\targets\Microsoft.NET.DefaultOutputPaths.targets(127,5): message : Property reassignment: $(DefaultItemExcludes)=";bin\Debug\/**;obj\Debug\/**" (previous value: ";bin\Debug\/**") at C:\Program Files\dotnet\sdk\10.0.101\Sdks\Microsoft.NET.Sdk\targets\Microsoft.NET.DefaultOutputPaths.targets (127,5)
   2:6>Done executing task "CombineTargetFrameworkInfoProperties".
     0>C:\Program Files\dotnet\sdk\10.0.101\Sdks\Microsoft.NET.Sdk\targets\Microsoft.NET.Sdk.props(90,5): message : Property reassignment: $(AssemblySearchPaths)="{CandidateAssemblyFiles};{HintPathFromItem}" (previous value: "{CandidateAssemblyFiles}") at C:\Program Files\dotnet\sdk\10.0.101\Sdks\Microsoft.NET.Sdk\targets\Microsoft.NET.Sdk.props (90,5)
       C:\Program Files\dotnet\sdk\10.0.101\Sdks\Microsoft.NET.Sdk\targets\Microsoft.NET.DefaultOutputPaths.targets(142,5): message : Property reassignment: $(OutputPath)="bin\Debug\net9.0\" (previous value: "bin\Debug\") at C:\Program Files\dotnet\sdk\10.0.101\Sdks\Microsoft.NET.Sdk\targets\Microsoft.NET.DefaultOutputPaths.targets (142,5)
   2:6>Done building target "GetTargetFrameworksWithPlatformForSingleTargetFramework" in project "FreshProduce.Application.csproj".
     0>C:\Program Files\dotnet\sdk\10.0.101\Sdks\Microsoft.NET.Sdk\targets\Microsoft.NET.DefaultOutputPaths.targets(147,5): message : Property reassignment: $(IntermediateOutputPath)="obj\Debug\net9.0\" (previous value: "obj\Debug\") at C:\Program Files\dotnet\sdk\10.0.101\Sdks\Microsoft.NET.Sdk\targets\Microsoft.NET.DefaultOutputPaths.targets (147,5)
   2:6>Target "GetTargetFrameworks" in file "C:\Program Files\dotnet\sdk\10.0.101\Microsoft.Common.CurrentVersion.targets" from project "D:\P.L\Flutter\fresh_produce_app\FreshProduce.Application\FreshProduce.Application.csproj" (entry point):
   2:6>Using "CombineXmlElements" task from assembly "Microsoft.Build.Tasks.Core, Version=15.1.0.0, Culture=neutral, PublicKeyToken=b03f5f7f11d50a3a".
       Task "CombineXmlElements"
       Done executing task "CombineXmlElements".
   2:6>Done building target "GetTargetFrameworks" in project "FreshProduce.Application.csproj".
   2:6>Done Building Project "D:\P.L\Flutter\fresh_produce_app\FreshProduce.Application\FreshProduce.Application.csproj" (GetTargetFrameworks target(s)).
     0>C:\Program Files\dotnet\sdk\10.0.101\Sdks\Microsoft.NET.Sdk\targets\Microsoft.NET.Sdk.props(91,5): message : Property reassignment: $(AssemblySearchPaths)="{CandidateAssemblyFiles};{HintPathFromItem};{TargetFrameworkDirectory}" (previous value: "{CandidateAssemblyFiles};{HintPathFromItem}") at C:\Program Files\dotnet\sdk\10.0.101\Sdks\Microsoft.NET.Sdk\targets\Microsoft.NET.Sdk.props (91,5)
       The "DefaultSdkResolver" resolver attempted to resolve the SDK "Microsoft.NET.SDK.WorkloadManifestTargetsLocator".
       Warnings: null
       Errors: MSB4276: The default SDK resolver failed to resolve SDK "Microsoft.NET.SDK.WorkloadManifestTargetsLocator" because directory "C:\Program Files\dotnet\sdk\10.0.101\Sdks\Microsoft.NET.SDK.WorkloadManifestTargetsLocator\Sdk" did not exist.
       C:\Program Files\dotnet\sdk\10.0.101\Sdks\Microsoft.NET.Sdk\targets\Microsoft.NET.Sdk.props(92,5): message : Property reassignment: $(AssemblySearchPaths)="{CandidateAssemblyFiles};{HintPathFromItem};{TargetFrameworkDirectory};{RawFileName}" (previous value: "{CandidateAssemblyFiles};{HintPathFromItem};{TargetFrameworkDirectory}") at C:\Program Files\dotnet\sdk\10.0.101\Sdks\Microsoft.NET.Sdk\targets\Microsoft.NET.Sdk.props (92,5)
       C:\Program Files\dotnet\sdk\10.0.101\Sdks\Microsoft.NET.Sdk\targets\Microsoft.NET.Sdk.ImportPublishProfile.targets(28,5): message : Property reassignment: $(PublishProfileImported)="false" (previous value: "true") at C:\Program Files\dotnet\sdk\10.0.101\Sdks\Microsoft.NET.Sdk\targets\Microsoft.NET.Sdk.ImportPublishProfile.targets (28,5)
       C:\Program Files\dotnet\sdk\10.0.101\Sdks\Microsoft.NET.Sdk\targets\Microsoft.NET.TargetFrameworkInference.targets(81,5): message : Property reassignment: $(TargetPlatformVersion)="" (previous value: "0.0") at C:\Program Files\dotnet\sdk\10.0.101\Sdks\Microsoft.NET.Sdk\targets\Microsoft.NET.TargetFrameworkInference.targets (81,5)
       C:\Program Files\dotnet\sdk\10.0.101\Sdks\Microsoft.NET.Sdk\targets\Microsoft.NET.DefaultOutputPaths.targets(127,5): message : Property reassignment: $(DefaultItemExcludes)=";bin\Debug\/**;obj\Debug\/**" (previous value: ";bin\Debug\/**") at C:\Program Files\dotnet\sdk\10.0.101\Sdks\Microsoft.NET.Sdk\targets\Microsoft.NET.DefaultOutputPaths.targets (127,5)
       C:\Program Files\dotnet\sdk\10.0.101\Sdks\Microsoft.NET.Sdk\targets\Microsoft.NET.DefaultOutputPaths.targets(142,5): message : Property reassignment: $(OutputPath)="bin\Debug\net9.0\" (previous value: "bin\Debug\") at C:\Program Files\dotnet\sdk\10.0.101\Sdks\Microsoft.NET.Sdk\targets\Microsoft.NET.DefaultOutputPaths.targets (142,5)
       The SDK "Microsoft.NET.SDK.WorkloadManifestTargetsLocator" was successfully resolved by the "Microsoft.DotNet.MSBuildWorkloadSdkResolver" resolver to location "C:\Program Files\dotnet\sdk-manifests\10.0.100\microsoft.net.sdk.android\36.1.2" and version "null".
       C:\Program Files\dotnet\sdk\10.0.101\Sdks\Microsoft.NET.Sdk\targets\Microsoft.NET.DefaultOutputPaths.targets(147,5): message : Property reassignment: $(IntermediateOutputPath)="obj\Debug\net9.0\" (previous value: "obj\Debug\") at C:\Program Files\dotnet\sdk\10.0.101\Sdks\Microsoft.NET.Sdk\targets\Microsoft.NET.DefaultOutputPaths.targets (147,5)
       C:\Program Files\dotnet\sdk\10.0.101\Sdks\Microsoft.NET.Sdk\targets\Microsoft.NET.Sdk.BeforeCommon.targets(371,5): message : Property reassignment: $(RoslynTargetsPath)="C:\Program Files\dotnet\sdk\10.0.101\Sdks\Microsoft.NET.Sdk\targets\..\..\..\Roslyn" (previous value: "C:\Program Files\dotnet\sdk\10.0.101\Roslyn") at C:\Program Files\dotnet\sdk\10.0.101\Sdks\Microsoft.NET.Sdk\targets\Microsoft.NET.Sdk.BeforeCommon.targets (371,5)
       C:\Program Files\dotnet\sdk\10.0.101\Roslyn\Microsoft.Managed.Core.targets(6,5): message : Property reassignment: $(_BuildTasksDirectory)="C:\Program Files\dotnet\sdk\10.0.101\Sdks\Microsoft.NET.Sdk\targets\..\..\..\Roslyn\" (previous value: "C:\Program Files\dotnet\sdk\10.0.101\Roslyn\") at C:\Program Files\dotnet\sdk\10.0.101\Roslyn\Microsoft.Managed.Core.targets (6,5)
       C:\Program Files\dotnet\sdk\10.0.101\Roslyn\Microsoft.CSharp.Core.targets(200,5): message : Property reassignment: $(CommandLineArgsForDesignTimeEvaluation)="-langversion:13.0 -define:TRACE" (previous value: "-langversion:13.0") at C:\Program Files\dotnet\sdk\10.0.101\Roslyn\Microsoft.CSharp.Core.targets (200,5)
       C:\Program Files\dotnet\sdk\10.0.101\Microsoft.Common.CurrentVersion.targets(175,5): message : Property reassignment: $(_DebugSymbolsProduced)="true" (previous value: "false") at C:\Program Files\dotnet\sdk\10.0.101\Microsoft.Common.CurrentVersion.targets (175,5)
       C:\Program Files\dotnet\sdk\10.0.101\Microsoft.Common.CurrentVersion.targets(185,5): message : Property reassignment: $(_DocumentationFileProduced)="false" (previous value: "true") at C:\Program Files\dotnet\sdk\10.0.101\Microsoft.Common.CurrentVersion.targets (185,5)
       C:\Program Files\dotnet\sdk\10.0.101\Microsoft.Common.CurrentVersion.targets(392,5): message : Property reassignment: $(MSBuildCopyMarkerName)="FreshPro.7A8D5167" (previous value: "FreshProduce.Domain.csproj") at C:\Program Files\dotnet\sdk\10.0.101\Microsoft.Common.CurrentVersion.targets (392,5)
       C:\Program Files\dotnet\sdk\10.0.101\Microsoft.Common.CurrentVersion.targets(393,5): message : Property reassignment: $(MSBuildCopyMarkerName)="FreshPro.7A8D5167.Up2Date" (previous value: "FreshPro.7A8D5167") at C:\Program Files\dotnet\sdk\10.0.101\Microsoft.Common.CurrentVersion.targets (393,5)
       C:\Program Files\dotnet\sdk\10.0.101\Microsoft.Common.CurrentVersion.targets(541,5): message : Property reassignment: $(ProcessorArchitecture)="msil" (previous value: "") at C:\Program Files\dotnet\sdk\10.0.101\Microsoft.Common.CurrentVersion.targets (541,5)
       C:\Program Files\dotnet\sdk\10.0.101\Microsoft.Common.CurrentVersion.targets(580,5): message : Property reassignment: $(DelaySign)="" (previous value: "false") at C:\Program Files\dotnet\sdk\10.0.101\Microsoft.Common.CurrentVersion.targets (580,5)
       C:\Program Files\dotnet\sdk\10.0.101\Microsoft.Common.CurrentVersion.targets(2606,5): message : Property 'LOCALAPPDATA' with value 'C:\Users\Dell\AppData\Local' expanded from the environment.
       C:\Program Files\dotnet\sdk\10.0.101\Microsoft.Common.CurrentVersion.targets(3934,5): message : Property reassignment: $(_SGenGenerateSerializationAssembliesConfig)="Auto" (previous value: "") at C:\Program Files\dotnet\sdk\10.0.101\Microsoft.Common.CurrentVersion.targets (3934,5)
       C:\Program Files\dotnet\sdk\10.0.101\Microsoft.Common.CurrentVersion.targets(3935,5): message : Property reassignment: $(_SGenGenerateSerializationAssembliesConfig)="Off" (previous value: "Auto") at C:\Program Files\dotnet\sdk\10.0.101\Microsoft.Common.CurrentVersion.targets (3935,5)
       C:\Program Files\dotnet\sdk\10.0.101\Microsoft.Common.CurrentVersion.targets(5146,5): message : Property reassignment: $(_TargetsThatPrepareProjectReferences)="
       C:\Program Files\dotnet\sdk\10.0.101\Microsoft.Common.CurrentVersion.targets(5146,5): message :       AssignProjectConfiguration;
       C:\Program Files\dotnet\sdk\10.0.101\Microsoft.Common.CurrentVersion.targets(5146,5): message :       _SplitProjectReferencesByFileExistence
       C:\Program Files\dotnet\sdk\10.0.101\Microsoft.Common.CurrentVersion.targets(5146,5): message :     " (previous value: "_SplitProjectReferencesByFileExistence") at C:\Program Files\dotnet\sdk\10.0.101\Microsoft.Common.CurrentVersion.targets (5146,5)
       C:\Program Files\dotnet\sdk\10.0.101\Microsoft.Common.CurrentVersion.targets(6959,5): message : Property 'MSBuildExtensionsPath32' with value 'C:\Program Files\dotnet\sdk\10.0.101' expanded from the environment.
       The "NuGetInteractive" property is a global property, and cannot be modified.
       C:\Program Files\dotnet\sdk\10.0.101\Sdks\Microsoft.NET.Sdk\targets\Microsoft.PackageDependencyResolution.targets(29,5): message : Property reassignment: $(ProjectAssetsCacheFile)="D:\P.L\Flutter\fresh_produce_app\FreshProduce.Domain\obj\Debug\net9.0\FreshProduce.Domain.assets.cache" (previous value: "obj\Debug\net9.0\FreshProduce.Domain.assets.cache") at C:\Program Files\dotnet\sdk\10.0.101\Sdks\Microsoft.NET.Sdk\targets\Microsoft.PackageDependencyResolution.targets (29,5)
       C:\Program Files\dotnet\sdk\10.0.101\Sdks\Microsoft.NET.Sdk\targets\Microsoft.PackageDependencyResolution.targets(80,5): message : Property reassignment: $(ResolveAssemblyReferencesDependsOn)="
       C:\Program Files\dotnet\sdk\10.0.101\Sdks\Microsoft.NET.Sdk\targets\Microsoft.PackageDependencyResolution.targets(80,5): message :       
       C:\Program Files\dotnet\sdk\10.0.101\Sdks\Microsoft.NET.Sdk\targets\Microsoft.PackageDependencyResolution.targets(80,5): message :       ResolveProjectReferences;
       C:\Program Files\dotnet\sdk\10.0.101\Sdks\Microsoft.NET.Sdk\targets\Microsoft.PackageDependencyResolution.targets(80,5): message :       FindInvalidProjectReferences;
       C:\Program Files\dotnet\sdk\10.0.101\Sdks\Microsoft.NET.Sdk\targets\Microsoft.PackageDependencyResolution.targets(80,5): message :       GetFrameworkPaths;
       C:\Program Files\dotnet\sdk\10.0.101\Sdks\Microsoft.NET.Sdk\targets\Microsoft.PackageDependencyResolution.targets(80,5): message :       GetReferenceAssemblyPaths;
       C:\Program Files\dotnet\sdk\10.0.101\Sdks\Microsoft.NET.Sdk\targets\Microsoft.PackageDependencyResolution.targets(80,5): message :       PrepareForBuild;
       C:\Program Files\dotnet\sdk\10.0.101\Sdks\Microsoft.NET.Sdk\targets\Microsoft.PackageDependencyResolution.targets(80,5): message :       ResolveSDKReferences;
       C:\Program Files\dotnet\sdk\10.0.101\Sdks\Microsoft.NET.Sdk\targets\Microsoft.PackageDependencyResolution.targets(80,5): message :       ExpandSDKReferences;
       C:\Program Files\dotnet\sdk\10.0.101\Sdks\Microsoft.NET.Sdk\targets\Microsoft.PackageDependencyResolution.targets(80,5): message :     ;
       C:\Program Files\dotnet\sdk\10.0.101\Sdks\Microsoft.NET.Sdk\targets\Microsoft.PackageDependencyResolution.targets(80,5): message :       ResolvePackageDependenciesForBuild;
       C:\Program Files\dotnet\sdk\10.0.101\Sdks\Microsoft.NET.Sdk\targets\Microsoft.PackageDependencyResolution.targets(80,5): message :       _HandlePackageFileConflicts;
       C:\Program Files\dotnet\sdk\10.0.101\Sdks\Microsoft.NET.Sdk\targets\Microsoft.PackageDependencyResolution.targets(80,5): message :     " (previous value: "
       C:\Program Files\dotnet\sdk\10.0.101\Sdks\Microsoft.NET.Sdk\targets\Microsoft.PackageDependencyResolution.targets(80,5): message :       ResolveProjectReferences;
       C:\Program Files\dotnet\sdk\10.0.101\Sdks\Microsoft.NET.Sdk\targets\Microsoft.PackageDependencyResolution.targets(80,5): message :       FindInvalidProjectReferences;
       C:\Program Files\dotnet\sdk\10.0.101\Sdks\Microsoft.NET.Sdk\targets\Microsoft.PackageDependencyResolution.targets(80,5): message :       GetFrameworkPaths;
       C:\Program Files\dotnet\sdk\10.0.101\Sdks\Microsoft.NET.Sdk\targets\Microsoft.PackageDependencyResolution.targets(80,5): message :       GetReferenceAssemblyPaths;
       C:\Program Files\dotnet\sdk\10.0.101\Sdks\Microsoft.NET.Sdk\targets\Microsoft.PackageDependencyResolution.targets(80,5): message :       PrepareForBuild;
       C:\Program Files\dotnet\sdk\10.0.101\Sdks\Microsoft.NET.Sdk\targets\Microsoft.PackageDependencyResolution.targets(80,5): message :       ResolveSDKReferences;
       C:\Program Files\dotnet\sdk\10.0.101\Sdks\Microsoft.NET.Sdk\targets\Microsoft.PackageDependencyResolution.targets(80,5): message :       ExpandSDKReferences;
       C:\Program Files\dotnet\sdk\10.0.101\Sdks\Microsoft.NET.Sdk\targets\Microsoft.PackageDependencyResolution.targets(80,5): message :     ") at C:\Program Files\dotnet\sdk\10.0.101\Sdks\Microsoft.NET.Sdk\targets\Microsoft.PackageDependencyResolution.targets (80,5)
       C:\Program Files\dotnet\sdk\10.0.101\Sdks\Microsoft.NET.Sdk\targets\Microsoft.PackageDependencyResolution.targets(86,5): message : Property reassignment: $(PrepareResourcesDependsOn)="
       C:\Program Files\dotnet\sdk\10.0.101\Sdks\Microsoft.NET.Sdk\targets\Microsoft.PackageDependencyResolution.targets(86,5): message :       ResolvePackageDependenciesForBuild;
       C:\Program Files\dotnet\sdk\10.0.101\Sdks\Microsoft.NET.Sdk\targets\Microsoft.PackageDependencyResolution.targets(86,5): message :       _HandlePackageFileConflicts;
       C:\Program Files\dotnet\sdk\10.0.101\Sdks\Microsoft.NET.Sdk\targets\Microsoft.PackageDependencyResolution.targets(86,5): message :       
       C:\Program Files\dotnet\sdk\10.0.101\Sdks\Microsoft.NET.Sdk\targets\Microsoft.PackageDependencyResolution.targets(86,5): message :       ;
       C:\Program Files\dotnet\sdk\10.0.101\Sdks\Microsoft.NET.Sdk\targets\Microsoft.PackageDependencyResolution.targets(86,5): message :       PrepareResourceNames;
       C:\Program Files\dotnet\sdk\10.0.101\Sdks\Microsoft.NET.Sdk\targets\Microsoft.PackageDependencyResolution.targets(86,5): message :       ResGen;
       C:\Program Files\dotnet\sdk\10.0.101\Sdks\Microsoft.NET.Sdk\targets\Microsoft.PackageDependencyResolution.targets(86,5): message :       CompileLicxFiles
       C:\Program Files\dotnet\sdk\10.0.101\Sdks\Microsoft.NET.Sdk\targets\Microsoft.PackageDependencyResolution.targets(86,5): message :     
       C:\Program Files\dotnet\sdk\10.0.101\Sdks\Microsoft.NET.Sdk\targets\Microsoft.PackageDependencyResolution.targets(86,5): message :     " (previous value: "
       C:\Program Files\dotnet\sdk\10.0.101\Sdks\Microsoft.NET.Sdk\targets\Microsoft.PackageDependencyResolution.targets(86,5): message :       ;
       C:\Program Files\dotnet\sdk\10.0.101\Sdks\Microsoft.NET.Sdk\targets\Microsoft.PackageDependencyResolution.targets(86,5): message :       PrepareResourceNames;
       C:\Program Files\dotnet\sdk\10.0.101\Sdks\Microsoft.NET.Sdk\targets\Microsoft.PackageDependencyResolution.targets(86,5): message :       ResGen;
       C:\Program Files\dotnet\sdk\10.0.101\Sdks\Microsoft.NET.Sdk\targets\Microsoft.PackageDependencyResolution.targets(86,5): message :       CompileLicxFiles
       C:\Program Files\dotnet\sdk\10.0.101\Sdks\Microsoft.NET.Sdk\targets\Microsoft.PackageDependencyResolution.targets(86,5): message :     ") at C:\Program Files\dotnet\sdk\10.0.101\Sdks\Microsoft.NET.Sdk\targets\Microsoft.PackageDependencyResolution.targets (86,5)
       C:\Program Files\dotnet\sdk\10.0.101\Sdks\Microsoft.NET.Sdk\targets\Microsoft.NET.Sdk.DefaultItems.targets(35,5): message : Property reassignment: $(DefaultItemExcludes)=";bin\Debug\/**;obj\Debug\/**;bin\/**" (previous value: ";bin\Debug\/**;obj\Debug\/**") at C:\Program Files\dotnet\sdk\10.0.101\Sdks\Microsoft.NET.Sdk\targets\Microsoft.NET.Sdk.DefaultItems.targets (35,5)
       C:\Program Files\dotnet\sdk\10.0.101\Sdks\Microsoft.NET.Sdk\targets\Microsoft.NET.Sdk.DefaultItems.targets(37,5): message : Property reassignment: $(DefaultItemExcludes)=";bin\Debug\/**;obj\Debug\/**;bin\/**;obj\/**" (previous value: ";bin\Debug\/**;obj\Debug\/**;bin\/**") at C:\Program Files\dotnet\sdk\10.0.101\Sdks\Microsoft.NET.Sdk\targets\Microsoft.NET.Sdk.DefaultItems.targets (37,5)
       C:\Program Files\dotnet\sdk\10.0.101\Sdks\Microsoft.NET.Sdk\targets\Microsoft.NET.Sdk.DefaultItems.targets(40,5): message : Property reassignment: $(DefaultItemExcludes)=";bin\Debug\/**;obj\Debug\/**;bin\/**;obj\/**;**/*.user" (previous value: ";bin\Debug\/**;obj\Debug\/**;bin\/**;obj\/**") at C:\Program Files\dotnet\sdk\10.0.101\Sdks\Microsoft.NET.Sdk\targets\Microsoft.NET.Sdk.DefaultItems.targets (40,5)
       C:\Program Files\dotnet\sdk\10.0.101\Sdks\Microsoft.NET.Sdk\targets\Microsoft.NET.Sdk.DefaultItems.targets(41,5): message : Property reassignment: $(DefaultItemExcludes)=";bin\Debug\/**;obj\Debug\/**;bin\/**;obj\/**;**/*.user;**/*.*proj" (previous value: ";bin\Debug\/**;obj\Debug\/**;bin\/**;obj\/**;**/*.user") at C:\Program Files\dotnet\sdk\10.0.101\Sdks\Microsoft.NET.Sdk\targets\Microsoft.NET.Sdk.DefaultItems.targets (41,5)
       C:\Program Files\dotnet\sdk\10.0.101\Sdks\Microsoft.NET.Sdk\targets\Microsoft.NET.Sdk.DefaultItems.targets(42,5): message : Property reassignment: $(DefaultItemExcludes)=";bin\Debug\/**;obj\Debug\/**;bin\/**;obj\/**;**/*.user;**/*.*proj;**/*.sln" (previous value: ";bin\Debug\/**;obj\Debug\/**;bin\/**;obj\/**;**/*.user;**/*.*proj") at C:\Program Files\dotnet\sdk\10.0.101\Sdks\Microsoft.NET.Sdk\targets\Microsoft.NET.Sdk.DefaultItems.targets (42,5)
       C:\Program Files\dotnet\sdk\10.0.101\Sdks\Microsoft.NET.Sdk\targets\Microsoft.NET.Sdk.DefaultItems.targets(43,5): message : Property reassignment: $(DefaultItemExcludes)=";bin\Debug\/**;obj\Debug\/**;bin\/**;obj\/**;**/*.user;**/*.*proj;**/*.sln;**/*.slnx" (previous value: ";bin\Debug\/**;obj\Debug\/**;bin\/**;obj\/**;**/*.user;**/*.*proj;**/*.sln") at C:\Program Files\dotnet\sdk\10.0.101\Sdks\Microsoft.NET.Sdk\targets\Microsoft.NET.Sdk.DefaultItems.targets (43,5)
       C:\Program Files\dotnet\sdk\10.0.101\Sdks\Microsoft.NET.Sdk\targets\Microsoft.NET.Sdk.DefaultItems.targets(44,5): message : Property reassignment: $(DefaultItemExcludes)=";bin\Debug\/**;obj\Debug\/**;bin\/**;obj\/**;**/*.user;**/*.*proj;**/*.sln;**/*.slnx;**/*.vssscc" (previous value: ";bin\Debug\/**;obj\Debug\/**;bin\/**;obj\/**;**/*.user;**/*.*proj;**/*.sln;**/*.slnx") at C:\Program Files\dotnet\sdk\10.0.101\Sdks\Microsoft.NET.Sdk\targets\Microsoft.NET.Sdk.DefaultItems.targets (44,5)
       C:\Program Files\dotnet\sdk\10.0.101\Sdks\Microsoft.NET.Sdk\targets\Microsoft.NET.Sdk.DefaultItems.targets(45,5): message : Property reassignment: $(DefaultItemExcludes)=";bin\Debug\/**;obj\Debug\/**;bin\/**;obj\/**;**/*.user;**/*.*proj;**/*.sln;**/*.slnx;**/*.vssscc;**/.DS_Store" (previous value: ";bin\Debug\/**;obj\Debug\/**;bin\/**;obj\/**;**/*.user;**/*.*proj;**/*.sln;**/*.slnx;**/*.vssscc") at C:\Program Files\dotnet\sdk\10.0.101\Sdks\Microsoft.NET.Sdk\targets\Microsoft.NET.Sdk.DefaultItems.targets (45,5)
       C:\Program Files\dotnet\sdk\10.0.101\Sdks\Microsoft.NET.Sdk\targets\Microsoft.NET.Sdk.FrameworkReferenceResolution.targets(14,5): message : Property reassignment: $(ResolveAssemblyReferencesDependsOn)="
       C:\Program Files\dotnet\sdk\10.0.101\Sdks\Microsoft.NET.Sdk\targets\Microsoft.NET.Sdk.FrameworkReferenceResolution.targets(14,5): message :       
       C:\Program Files\dotnet\sdk\10.0.101\Sdks\Microsoft.NET.Sdk\targets\Microsoft.NET.Sdk.FrameworkReferenceResolution.targets(14,5): message :       
       C:\Program Files\dotnet\sdk\10.0.101\Sdks\Microsoft.NET.Sdk\targets\Microsoft.NET.Sdk.FrameworkReferenceResolution.targets(14,5): message :       ResolveProjectReferences;
       C:\Program Files\dotnet\sdk\10.0.101\Sdks\Microsoft.NET.Sdk\targets\Microsoft.NET.Sdk.FrameworkReferenceResolution.targets(14,5): message :       FindInvalidProjectReferences;
       C:\Program Files\dotnet\sdk\10.0.101\Sdks\Microsoft.NET.Sdk\targets\Microsoft.NET.Sdk.FrameworkReferenceResolution.targets(14,5): message :       GetFrameworkPaths;
       C:\Program Files\dotnet\sdk\10.0.101\Sdks\Microsoft.NET.Sdk\targets\Microsoft.NET.Sdk.FrameworkReferenceResolution.targets(14,5): message :       GetReferenceAssemblyPaths;
       C:\Program Files\dotnet\sdk\10.0.101\Sdks\Microsoft.NET.Sdk\targets\Microsoft.NET.Sdk.FrameworkReferenceResolution.targets(14,5): message :       PrepareForBuild;
       C:\Program Files\dotnet\sdk\10.0.101\Sdks\Microsoft.NET.Sdk\targets\Microsoft.NET.Sdk.FrameworkReferenceResolution.targets(14,5): message :       ResolveSDKReferences;
       C:\Program Files\dotnet\sdk\10.0.101\Sdks\Microsoft.NET.Sdk\targets\Microsoft.NET.Sdk.FrameworkReferenceResolution.targets(14,5): message :       ExpandSDKReferences;
       C:\Program Files\dotnet\sdk\10.0.101\Sdks\Microsoft.NET.Sdk\targets\Microsoft.NET.Sdk.FrameworkReferenceResolution.targets(14,5): message :     ;
       C:\Program Files\dotnet\sdk\10.0.101\Sdks\Microsoft.NET.Sdk\targets\Microsoft.NET.Sdk.FrameworkReferenceResolution.targets(14,5): message :       ResolvePackageDependenciesForBuild;
       C:\Program Files\dotnet\sdk\10.0.101\Sdks\Microsoft.NET.Sdk\targets\Microsoft.NET.Sdk.FrameworkReferenceResolution.targets(14,5): message :       _HandlePackageFileConflicts;
       C:\Program Files\dotnet\sdk\10.0.101\Sdks\Microsoft.NET.Sdk\targets\Microsoft.NET.Sdk.FrameworkReferenceResolution.targets(14,5): message :     ;
       C:\Program Files\dotnet\sdk\10.0.101\Sdks\Microsoft.NET.Sdk\targets\Microsoft.NET.Sdk.FrameworkReferenceResolution.targets(14,5): message :       ResolveTargetingPackAssets;
       C:\Program Files\dotnet\sdk\10.0.101\Sdks\Microsoft.NET.Sdk\targets\Microsoft.NET.Sdk.FrameworkReferenceResolution.targets(14,5): message :     " (previous value: "
       C:\Program Files\dotnet\sdk\10.0.101\Sdks\Microsoft.NET.Sdk\targets\Microsoft.NET.Sdk.FrameworkReferenceResolution.targets(14,5): message :       
       C:\Program Files\dotnet\sdk\10.0.101\Sdks\Microsoft.NET.Sdk\targets\Microsoft.NET.Sdk.FrameworkReferenceResolution.targets(14,5): message :       ResolveProjectReferences;
       C:\Program Files\dotnet\sdk\10.0.101\Sdks\Microsoft.NET.Sdk\targets\Microsoft.NET.Sdk.FrameworkReferenceResolution.targets(14,5): message :       FindInvalidProjectReferences;
       C:\Program Files\dotnet\sdk\10.0.101\Sdks\Microsoft.NET.Sdk\targets\Microsoft.NET.Sdk.FrameworkReferenceResolution.targets(14,5): message :       GetFrameworkPaths;
       C:\Program Files\dotnet\sdk\10.0.101\Sdks\Microsoft.NET.Sdk\targets\Microsoft.NET.Sdk.FrameworkReferenceResolution.targets(14,5): message :       GetReferenceAssemblyPaths;
       C:\Program Files\dotnet\sdk\10.0.101\Sdks\Microsoft.NET.Sdk\targets\Microsoft.NET.Sdk.FrameworkReferenceResolution.targets(14,5): message :       PrepareForBuild;
       C:\Program Files\dotnet\sdk\10.0.101\Sdks\Microsoft.NET.Sdk\targets\Microsoft.NET.Sdk.FrameworkReferenceResolution.targets(14,5): message :       ResolveSDKReferences;
       C:\Program Files\dotnet\sdk\10.0.101\Sdks\Microsoft.NET.Sdk\targets\Microsoft.NET.Sdk.FrameworkReferenceResolution.targets(14,5): message :       ExpandSDKReferences;
       C:\Program Files\dotnet\sdk\10.0.101\Sdks\Microsoft.NET.Sdk\targets\Microsoft.NET.Sdk.FrameworkReferenceResolution.targets(14,5): message :     ;
       C:\Program Files\dotnet\sdk\10.0.101\Sdks\Microsoft.NET.Sdk\targets\Microsoft.NET.Sdk.FrameworkReferenceResolution.targets(14,5): message :       ResolvePackageDependenciesForBuild;
       C:\Program Files\dotnet\sdk\10.0.101\Sdks\Microsoft.NET.Sdk\targets\Microsoft.NET.Sdk.FrameworkReferenceResolution.targets(14,5): message :       _HandlePackageFileConflicts;
       C:\Program Files\dotnet\sdk\10.0.101\Sdks\Microsoft.NET.Sdk\targets\Microsoft.NET.Sdk.FrameworkReferenceResolution.targets(14,5): message :     ") at C:\Program Files\dotnet\sdk\10.0.101\Sdks\Microsoft.NET.Sdk\targets\Microsoft.NET.Sdk.FrameworkReferenceResolution.targets (14,5)
       C:\Program Files\dotnet\sdk\10.0.101\Sdks\Microsoft.NET.Sdk\targets\Microsoft.NET.Sdk.targets(44,5): message : Property reassignment: $(_GenerateRuntimeConfigurationPropertyInputsCache)="D:\P.L\Flutter\fresh_produce_app\FreshProduce.Domain\obj\Debug\net9.0\FreshProduce.Domain.genruntimeconfig.cache" (previous value: "obj\Debug\net9.0\FreshProduce.Domain.genruntimeconfig.cache") at C:\Program Files\dotnet\sdk\10.0.101\Sdks\Microsoft.NET.Sdk\targets\Microsoft.NET.Sdk.targets (44,5)
       C:\Program Files\dotnet\sdk\10.0.101\Sdks\Microsoft.NET.Sdk\targets\Microsoft.NET.Sdk.targets(46,5): message : Property reassignment: $(_GeneratePublishDependencyFilePropertyInputsCache)="D:\P.L\Flutter\fresh_produce_app\FreshProduce.Domain\obj\Debug\net9.0\FreshProduce.Domain.genpublishdeps.cache" (previous value: "obj\Debug\net9.0\FreshProduce.Domain.genpublishdeps.cache") at C:\Program Files\dotnet\sdk\10.0.101\Sdks\Microsoft.NET.Sdk\targets\Microsoft.NET.Sdk.targets (46,5)
       C:\Program Files\dotnet\sdk\10.0.101\Sdks\Microsoft.NET.Sdk\targets\Microsoft.NET.Sdk.targets(48,5): message : Property reassignment: $(_GenerateSingleFileBundlePropertyInputsCache)="D:\P.L\Flutter\fresh_produce_app\FreshProduce.Domain\obj\Debug\net9.0\FreshProduce.Domain.genbundle.cache" (previous value: "obj\Debug\net9.0\FreshProduce.Domain.genbundle.cache") at C:\Program Files\dotnet\sdk\10.0.101\Sdks\Microsoft.NET.Sdk\targets\Microsoft.NET.Sdk.targets (48,5)
       C:\Program Files\dotnet\sdk\10.0.101\Sdks\Microsoft.NET.Sdk\targets\Microsoft.NET.Sdk.targets(81,5): message : Property reassignment: $(GenerateRuntimeConfigDevFile)="false" (previous value: "true") at C:\Program Files\dotnet\sdk\10.0.101\Sdks\Microsoft.NET.Sdk\targets\Microsoft.NET.Sdk.targets (81,5)
       C:\Program Files\dotnet\sdk\10.0.101\Sdks\Microsoft.NET.Sdk\targets\Microsoft.NET.Sdk.targets(98,5): message : Property reassignment: $(_DefaultUserProfileRuntimeStorePath)="C:\Users\Dell" (previous value: "") at C:\Program Files\dotnet\sdk\10.0.101\Sdks\Microsoft.NET.Sdk\targets\Microsoft.NET.Sdk.targets (98,5)
       C:\Program Files\dotnet\sdk\10.0.101\Sdks\Microsoft.NET.Sdk\targets\Microsoft.NET.Sdk.targets(99,5): message : Property reassignment: $(_DefaultUserProfileRuntimeStorePath)="C:\Users\Dell\.dotnet\store" (previous value: "C:\Users\Dell") at C:\Program Files\dotnet\sdk\10.0.101\Sdks\Microsoft.NET.Sdk\targets\Microsoft.NET.Sdk.targets (99,5)
       C:\Program Files\dotnet\sdk\10.0.101\Sdks\Microsoft.NET.Sdk\targets\Microsoft.NET.Sdk.targets(144,5): message : Property reassignment: $(AvailablePlatforms)="Any CPU,x86,x64,ARM32" (previous value: "Any CPU,x86,x64") at C:\Program Files\dotnet\sdk\10.0.101\Sdks\Microsoft.NET.Sdk\targets\Microsoft.NET.Sdk.targets (144,5)
       C:\Program Files\dotnet\sdk\10.0.101\Sdks\Microsoft.NET.Sdk\targets\Microsoft.NET.Sdk.targets(148,5): message : Property reassignment: $(AvailablePlatforms)="Any CPU,x86,x64,ARM32,ARM64" (previous value: "Any CPU,x86,x64,ARM32") at C:\Program Files\dotnet\sdk\10.0.101\Sdks\Microsoft.NET.Sdk\targets\Microsoft.NET.Sdk.targets (148,5)
       C:\Program Files\dotnet\sdk\10.0.101\Sdks\Microsoft.NET.Sdk\targets\Microsoft.NET.Sdk.targets(204,5): message : Property reassignment: $(CoreBuildDependsOn)="
       C:\Program Files\dotnet\sdk\10.0.101\Sdks\Microsoft.NET.Sdk\targets\Microsoft.NET.Sdk.targets(204,5): message :       _CheckForBuildWithNoBuild;
       C:\Program Files\dotnet\sdk\10.0.101\Sdks\Microsoft.NET.Sdk\targets\Microsoft.NET.Sdk.targets(204,5): message :       
       C:\Program Files\dotnet\sdk\10.0.101\Sdks\Microsoft.NET.Sdk\targets\Microsoft.NET.Sdk.targets(204,5): message :       BuildOnlySettings;
       C:\Program Files\dotnet\sdk\10.0.101\Sdks\Microsoft.NET.Sdk\targets\Microsoft.NET.Sdk.targets(204,5): message :       PrepareForBuild;
       C:\Program Files\dotnet\sdk\10.0.101\Sdks\Microsoft.NET.Sdk\targets\Microsoft.NET.Sdk.targets(204,5): message :       PreBuildEvent;
       C:\Program Files\dotnet\sdk\10.0.101\Sdks\Microsoft.NET.Sdk\targets\Microsoft.NET.Sdk.targets(204,5): message :       ResolveReferences;
       C:\Program Files\dotnet\sdk\10.0.101\Sdks\Microsoft.NET.Sdk\targets\Microsoft.NET.Sdk.targets(204,5): message :       PrepareResources;
       C:\Program Files\dotnet\sdk\10.0.101\Sdks\Microsoft.NET.Sdk\targets\Microsoft.NET.Sdk.targets(204,5): message :       ResolveKeySource;
       C:\Program Files\dotnet\sdk\10.0.101\Sdks\Microsoft.NET.Sdk\targets\Microsoft.NET.Sdk.targets(204,5): message :       Compile;
       C:\Program Files\dotnet\sdk\10.0.101\Sdks\Microsoft.NET.Sdk\targets\Microsoft.NET.Sdk.targets(204,5): message :       ExportWindowsMDFile;
       C:\Program Files\dotnet\sdk\10.0.101\Sdks\Microsoft.NET.Sdk\targets\Microsoft.NET.Sdk.targets(204,5): message :       UnmanagedUnregistration;
       C:\Program Files\dotnet\sdk\10.0.101\Sdks\Microsoft.NET.Sdk\targets\Microsoft.NET.Sdk.targets(204,5): message :       GenerateSerializationAssemblies;
       C:\Program Files\dotnet\sdk\10.0.101\Sdks\Microsoft.NET.Sdk\targets\Microsoft.NET.Sdk.targets(204,5): message :       CreateSatelliteAssemblies;
       C:\Program Files\dotnet\sdk\10.0.101\Sdks\Microsoft.NET.Sdk\targets\Microsoft.NET.Sdk.targets(204,5): message :       GenerateManifests;
       C:\Program Files\dotnet\sdk\10.0.101\Sdks\Microsoft.NET.Sdk\targets\Microsoft.NET.Sdk.targets(204,5): message :       GetTargetPath;
       C:\Program Files\dotnet\sdk\10.0.101\Sdks\Microsoft.NET.Sdk\targets\Microsoft.NET.Sdk.targets(204,5): message :       PrepareForRun;
       C:\Program Files\dotnet\sdk\10.0.101\Sdks\Microsoft.NET.Sdk\targets\Microsoft.NET.Sdk.targets(204,5): message :       UnmanagedRegistration;
       C:\Program Files\dotnet\sdk\10.0.101\Sdks\Microsoft.NET.Sdk\targets\Microsoft.NET.Sdk.targets(204,5): message :       IncrementalClean;
       C:\Program Files\dotnet\sdk\10.0.101\Sdks\Microsoft.NET.Sdk\targets\Microsoft.NET.Sdk.targets(204,5): message :       PostBuildEvent
       C:\Program Files\dotnet\sdk\10.0.101\Sdks\Microsoft.NET.Sdk\targets\Microsoft.NET.Sdk.targets(204,5): message :     ;
       C:\Program Files\dotnet\sdk\10.0.101\Sdks\Microsoft.NET.Sdk\targets\Microsoft.NET.Sdk.targets(204,5): message :       GenerateBuildDependencyFile;
       C:\Program Files\dotnet\sdk\10.0.101\Sdks\Microsoft.NET.Sdk\targets\Microsoft.NET.Sdk.targets(204,5): message :       GenerateBuildRuntimeConfigurationFiles
       C:\Program Files\dotnet\sdk\10.0.101\Sdks\Microsoft.NET.Sdk\targets\Microsoft.NET.Sdk.targets(204,5): message :     " (previous value: "
       C:\Program Files\dotnet\sdk\10.0.101\Sdks\Microsoft.NET.Sdk\targets\Microsoft.NET.Sdk.targets(204,5): message :       BuildOnlySettings;
       C:\Program Files\dotnet\sdk\10.0.101\Sdks\Microsoft.NET.Sdk\targets\Microsoft.NET.Sdk.targets(204,5): message :       PrepareForBuild;
       C:\Program Files\dotnet\sdk\10.0.101\Sdks\Microsoft.NET.Sdk\targets\Microsoft.NET.Sdk.targets(204,5): message :       PreBuildEvent;
       C:\Program Files\dotnet\sdk\10.0.101\Sdks\Microsoft.NET.Sdk\targets\Microsoft.NET.Sdk.targets(204,5): message :       ResolveReferences;
       C:\Program Files\dotnet\sdk\10.0.101\Sdks\Microsoft.NET.Sdk\targets\Microsoft.NET.Sdk.targets(204,5): message :       PrepareResources;
       C:\Program Files\dotnet\sdk\10.0.101\Sdks\Microsoft.NET.Sdk\targets\Microsoft.NET.Sdk.targets(204,5): message :       ResolveKeySource;
       C:\Program Files\dotnet\sdk\10.0.101\Sdks\Microsoft.NET.Sdk\targets\Microsoft.NET.Sdk.targets(204,5): message :       Compile;
       C:\Program Files\dotnet\sdk\10.0.101\Sdks\Microsoft.NET.Sdk\targets\Microsoft.NET.Sdk.targets(204,5): message :       ExportWindowsMDFile;
       C:\Program Files\dotnet\sdk\10.0.101\Sdks\Microsoft.NET.Sdk\targets\Microsoft.NET.Sdk.targets(204,5): message :       UnmanagedUnregistration;
       C:\Program Files\dotnet\sdk\10.0.101\Sdks\Microsoft.NET.Sdk\targets\Microsoft.NET.Sdk.targets(204,5): message :       GenerateSerializationAssemblies;
       C:\Program Files\dotnet\sdk\10.0.101\Sdks\Microsoft.NET.Sdk\targets\Microsoft.NET.Sdk.targets(204,5): message :       CreateSatelliteAssemblies;
       C:\Program Files\dotnet\sdk\10.0.101\Sdks\Microsoft.NET.Sdk\targets\Microsoft.NET.Sdk.targets(204,5): message :       GenerateManifests;
       C:\Program Files\dotnet\sdk\10.0.101\Sdks\Microsoft.NET.Sdk\targets\Microsoft.NET.Sdk.targets(204,5): message :       GetTargetPath;
       C:\Program Files\dotnet\sdk\10.0.101\Sdks\Microsoft.NET.Sdk\targets\Microsoft.NET.Sdk.targets(204,5): message :       PrepareForRun;
       C:\Program Files\dotnet\sdk\10.0.101\Sdks\Microsoft.NET.Sdk\targets\Microsoft.NET.Sdk.targets(204,5): message :       UnmanagedRegistration;
       C:\Program Files\dotnet\sdk\10.0.101\Sdks\Microsoft.NET.Sdk\targets\Microsoft.NET.Sdk.targets(204,5): message :       IncrementalClean;
       C:\Program Files\dotnet\sdk\10.0.101\Sdks\Microsoft.NET.Sdk\targets\Microsoft.NET.Sdk.targets(204,5): message :       PostBuildEvent
       C:\Program Files\dotnet\sdk\10.0.101\Sdks\Microsoft.NET.Sdk\targets\Microsoft.NET.Sdk.targets(204,5): message :     ") at C:\Program Files\dotnet\sdk\10.0.101\Sdks\Microsoft.NET.Sdk\targets\Microsoft.NET.Sdk.targets (204,5)
       C:\Program Files\dotnet\sdk\10.0.101\Sdks\Microsoft.NET.Sdk\targets\Microsoft.NET.Sdk.targets(213,5): message : Property reassignment: $(CoreCleanDependsOn)="
       C:\Program Files\dotnet\sdk\10.0.101\Sdks\Microsoft.NET.Sdk\targets\Microsoft.NET.Sdk.targets(213,5): message :       _SdkBeforeClean;
       C:\Program Files\dotnet\sdk\10.0.101\Sdks\Microsoft.NET.Sdk\targets\Microsoft.NET.Sdk.targets(213,5): message :       
       C:\Program Files\dotnet\sdk\10.0.101\Sdks\Microsoft.NET.Sdk\targets\Microsoft.NET.Sdk.targets(213,5): message :     " (previous value: "") at C:\Program Files\dotnet\sdk\10.0.101\Sdks\Microsoft.NET.Sdk\targets\Microsoft.NET.Sdk.targets (213,5)
       C:\Program Files\dotnet\sdk\10.0.101\Sdks\Microsoft.NET.Sdk\targets\Microsoft.NET.Sdk.targets(220,5): message : Property reassignment: $(RebuildDependsOn)="
       C:\Program Files\dotnet\sdk\10.0.101\Sdks\Microsoft.NET.Sdk\targets\Microsoft.NET.Sdk.targets(220,5): message :       _SdkBeforeRebuild;
       C:\Program Files\dotnet\sdk\10.0.101\Sdks\Microsoft.NET.Sdk\targets\Microsoft.NET.Sdk.targets(220,5): message :       
       C:\Program Files\dotnet\sdk\10.0.101\Sdks\Microsoft.NET.Sdk\targets\Microsoft.NET.Sdk.targets(220,5): message :       BeforeRebuild;
       C:\Program Files\dotnet\sdk\10.0.101\Sdks\Microsoft.NET.Sdk\targets\Microsoft.NET.Sdk.targets(220,5): message :       Clean;
       C:\Program Files\dotnet\sdk\10.0.101\Sdks\Microsoft.NET.Sdk\targets\Microsoft.NET.Sdk.targets(220,5): message :       Build;
       C:\Program Files\dotnet\sdk\10.0.101\Sdks\Microsoft.NET.Sdk\targets\Microsoft.NET.Sdk.targets(220,5): message :       AfterRebuild;
       C:\Program Files\dotnet\sdk\10.0.101\Sdks\Microsoft.NET.Sdk\targets\Microsoft.NET.Sdk.targets(220,5): message :     
       C:\Program Files\dotnet\sdk\10.0.101\Sdks\Microsoft.NET.Sdk\targets\Microsoft.NET.Sdk.targets(220,5): message :     " (previous value: "
       C:\Program Files\dotnet\sdk\10.0.101\Sdks\Microsoft.NET.Sdk\targets\Microsoft.NET.Sdk.targets(220,5): message :       BeforeRebuild;
       C:\Program Files\dotnet\sdk\10.0.101\Sdks\Microsoft.NET.Sdk\targets\Microsoft.NET.Sdk.targets(220,5): message :       Clean;
       C:\Program Files\dotnet\sdk\10.0.101\Sdks\Microsoft.NET.Sdk\targets\Microsoft.NET.Sdk.targets(220,5): message :       Build;
       C:\Program Files\dotnet\sdk\10.0.101\Sdks\Microsoft.NET.Sdk\targets\Microsoft.NET.Sdk.targets(220,5): message :       AfterRebuild;
       C:\Program Files\dotnet\sdk\10.0.101\Sdks\Microsoft.NET.Sdk\targets\Microsoft.NET.Sdk.targets(220,5): message :     ") at C:\Program Files\dotnet\sdk\10.0.101\Sdks\Microsoft.NET.Sdk\targets\Microsoft.NET.Sdk.targets (220,5)
       C:\Program Files\dotnet\sdk\10.0.101\Sdks\Microsoft.NET.Sdk\targets\Microsoft.NET.Sdk.targets(799,5): message : Property reassignment: $(CompileDependsOn)="
       C:\Program Files\dotnet\sdk\10.0.101\Sdks\Microsoft.NET.Sdk\targets\Microsoft.NET.Sdk.targets(799,5): message :       
       C:\Program Files\dotnet\sdk\10.0.101\Sdks\Microsoft.NET.Sdk\targets\Microsoft.NET.Sdk.targets(799,5): message :       ResolveReferences;
       C:\Program Files\dotnet\sdk\10.0.101\Sdks\Microsoft.NET.Sdk\targets\Microsoft.NET.Sdk.targets(799,5): message :       ResolveKeySource;
       C:\Program Files\dotnet\sdk\10.0.101\Sdks\Microsoft.NET.Sdk\targets\Microsoft.NET.Sdk.targets(799,5): message :       SetWin32ManifestProperties;
       C:\Program Files\dotnet\sdk\10.0.101\Sdks\Microsoft.NET.Sdk\targets\Microsoft.NET.Sdk.targets(799,5): message :       _SetPreferNativeArm64Win32ManifestProperties;
       C:\Program Files\dotnet\sdk\10.0.101\Sdks\Microsoft.NET.Sdk\targets\Microsoft.NET.Sdk.targets(799,5): message :       FindReferenceAssembliesForReferences;
       C:\Program Files\dotnet\sdk\10.0.101\Sdks\Microsoft.NET.Sdk\targets\Microsoft.NET.Sdk.targets(799,5): message :       _GenerateCompileInputs;
       C:\Program Files\dotnet\sdk\10.0.101\Sdks\Microsoft.NET.Sdk\targets\Microsoft.NET.Sdk.targets(799,5): message :       BeforeCompile;
       C:\Program Files\dotnet\sdk\10.0.101\Sdks\Microsoft.NET.Sdk\targets\Microsoft.NET.Sdk.targets(799,5): message :       _TimeStampBeforeCompile;
       C:\Program Files\dotnet\sdk\10.0.101\Sdks\Microsoft.NET.Sdk\targets\Microsoft.NET.Sdk.targets(799,5): message :       _GenerateCompileDependencyCache;
       C:\Program Files\dotnet\sdk\10.0.101\Sdks\Microsoft.NET.Sdk\targets\Microsoft.NET.Sdk.targets(799,5): message :       CoreCompile;
       C:\Program Files\dotnet\sdk\10.0.101\Sdks\Microsoft.NET.Sdk\targets\Microsoft.NET.Sdk.targets(799,5): message :       _TimeStampAfterCompile;
       C:\Program Files\dotnet\sdk\10.0.101\Sdks\Microsoft.NET.Sdk\targets\Microsoft.NET.Sdk.targets(799,5): message :       AfterCompile;
       C:\Program Files\dotnet\sdk\10.0.101\Sdks\Microsoft.NET.Sdk\targets\Microsoft.NET.Sdk.targets(799,5): message :     ;
       C:\Program Files\dotnet\sdk\10.0.101\Sdks\Microsoft.NET.Sdk\targets\Microsoft.NET.Sdk.targets(799,5): message :       _CreateAppHost;
       C:\Program Files\dotnet\sdk\10.0.101\Sdks\Microsoft.NET.Sdk\targets\Microsoft.NET.Sdk.targets(799,5): message :       _CreateComHost;
       C:\Program Files\dotnet\sdk\10.0.101\Sdks\Microsoft.NET.Sdk\targets\Microsoft.NET.Sdk.targets(799,5): message :       _GetIjwHostPaths;
       C:\Program Files\dotnet\sdk\10.0.101\Sdks\Microsoft.NET.Sdk\targets\Microsoft.NET.Sdk.targets(799,5): message :     " (previous value: "
       C:\Program Files\dotnet\sdk\10.0.101\Sdks\Microsoft.NET.Sdk\targets\Microsoft.NET.Sdk.targets(799,5): message :       ResolveReferences;
       C:\Program Files\dotnet\sdk\10.0.101\Sdks\Microsoft.NET.Sdk\targets\Microsoft.NET.Sdk.targets(799,5): message :       ResolveKeySource;
       C:\Program Files\dotnet\sdk\10.0.101\Sdks\Microsoft.NET.Sdk\targets\Microsoft.NET.Sdk.targets(799,5): message :       SetWin32ManifestProperties;
       C:\Program Files\dotnet\sdk\10.0.101\Sdks\Microsoft.NET.Sdk\targets\Microsoft.NET.Sdk.targets(799,5): message :       _SetPreferNativeArm64Win32ManifestProperties;
       C:\Program Files\dotnet\sdk\10.0.101\Sdks\Microsoft.NET.Sdk\targets\Microsoft.NET.Sdk.targets(799,5): message :       FindReferenceAssembliesForReferences;
       C:\Program Files\dotnet\sdk\10.0.101\Sdks\Microsoft.NET.Sdk\targets\Microsoft.NET.Sdk.targets(799,5): message :       _GenerateCompileInputs;
       C:\Program Files\dotnet\sdk\10.0.101\Sdks\Microsoft.NET.Sdk\targets\Microsoft.NET.Sdk.targets(799,5): message :       BeforeCompile;
       C:\Program Files\dotnet\sdk\10.0.101\Sdks\Microsoft.NET.Sdk\targets\Microsoft.NET.Sdk.targets(799,5): message :       _TimeStampBeforeCompile;
       C:\Program Files\dotnet\sdk\10.0.101\Sdks\Microsoft.NET.Sdk\targets\Microsoft.NET.Sdk.targets(799,5): message :       _GenerateCompileDependencyCache;
       C:\Program Files\dotnet\sdk\10.0.101\Sdks\Microsoft.NET.Sdk\targets\Microsoft.NET.Sdk.targets(799,5): message :       CoreCompile;
       C:\Program Files\dotnet\sdk\10.0.101\Sdks\Microsoft.NET.Sdk\targets\Microsoft.NET.Sdk.targets(799,5): message :       _TimeStampAfterCompile;
       C:\Program Files\dotnet\sdk\10.0.101\Sdks\Microsoft.NET.Sdk\targets\Microsoft.NET.Sdk.targets(799,5): message :       AfterCompile;
       C:\Program Files\dotnet\sdk\10.0.101\Sdks\Microsoft.NET.Sdk\targets\Microsoft.NET.Sdk.targets(799,5): message :     ") at C:\Program Files\dotnet\sdk\10.0.101\Sdks\Microsoft.NET.Sdk\targets\Microsoft.NET.Sdk.targets (799,5)
       C:\Program Files\dotnet\sdk\10.0.101\Sdks\Microsoft.NET.Sdk\targets\Microsoft.NET.Sdk.targets(1131,5): message : Property reassignment: $(CreateSatelliteAssembliesDependsOn)="
       C:\Program Files\dotnet\sdk\10.0.101\Sdks\Microsoft.NET.Sdk\targets\Microsoft.NET.Sdk.targets(1131,5): message :       
       C:\Program Files\dotnet\sdk\10.0.101\Sdks\Microsoft.NET.Sdk\targets\Microsoft.NET.Sdk.targets(1131,5): message :       ;
       C:\Program Files\dotnet\sdk\10.0.101\Sdks\Microsoft.NET.Sdk\targets\Microsoft.NET.Sdk.targets(1131,5): message :       _GenerateSatelliteAssemblyInputs;
       C:\Program Files\dotnet\sdk\10.0.101\Sdks\Microsoft.NET.Sdk\targets\Microsoft.NET.Sdk.targets(1131,5): message :       ComputeIntermediateSatelliteAssemblies;
       C:\Program Files\dotnet\sdk\10.0.101\Sdks\Microsoft.NET.Sdk\targets\Microsoft.NET.Sdk.targets(1131,5): message :       GenerateSatelliteAssemblies
       C:\Program Files\dotnet\sdk\10.0.101\Sdks\Microsoft.NET.Sdk\targets\Microsoft.NET.Sdk.targets(1131,5): message :     ;
       C:\Program Files\dotnet\sdk\10.0.101\Sdks\Microsoft.NET.Sdk\targets\Microsoft.NET.Sdk.targets(1131,5): message :       CoreGenerateSatelliteAssemblies
       C:\Program Files\dotnet\sdk\10.0.101\Sdks\Microsoft.NET.Sdk\targets\Microsoft.NET.Sdk.targets(1131,5): message :     " (previous value: "
       C:\Program Files\dotnet\sdk\10.0.101\Sdks\Microsoft.NET.Sdk\targets\Microsoft.NET.Sdk.targets(1131,5): message :       ;
       C:\Program Files\dotnet\sdk\10.0.101\Sdks\Microsoft.NET.Sdk\targets\Microsoft.NET.Sdk.targets(1131,5): message :       _GenerateSatelliteAssemblyInputs;
       C:\Program Files\dotnet\sdk\10.0.101\Sdks\Microsoft.NET.Sdk\targets\Microsoft.NET.Sdk.targets(1131,5): message :       ComputeIntermediateSatelliteAssemblies;
       C:\Program Files\dotnet\sdk\10.0.101\Sdks\Microsoft.NET.Sdk\targets\Microsoft.NET.Sdk.targets(1131,5): message :       GenerateSatelliteAssemblies
       C:\Program Files\dotnet\sdk\10.0.101\Sdks\Microsoft.NET.Sdk\targets\Microsoft.NET.Sdk.targets(1131,5): message :     ") at C:\Program Files\dotnet\sdk\10.0.101\Sdks\Microsoft.NET.Sdk\targets\Microsoft.NET.Sdk.targets (1131,5)
       C:\Program Files\dotnet\sdk\10.0.101\Sdks\Microsoft.SourceLink.GitLab\build\Microsoft.SourceLink.GitLab.targets(12,5): message : Property reassignment: $(SourceLinkUrlInitializerTargets)=";_InitializeGitHubSourceLinkUrl;_InitializeGitLabSourceLinkUrl" (previous value: ";_InitializeGitHubSourceLinkUrl") at C:\Program Files\dotnet\sdk\10.0.101\Sdks\Microsoft.SourceLink.GitLab\build\Microsoft.SourceLink.GitLab.targets (12,5)
       C:\Program Files\dotnet\sdk\10.0.101\Sdks\Microsoft.SourceLink.GitLab\build\Microsoft.SourceLink.GitLab.targets(13,5): message : Property reassignment: $(SourceControlManagerUrlTranslationTargets)=";TranslateGitHubUrlsInSourceControlInformation;TranslateGitLabUrlsInSourceControlInformation" (previous value: ";TranslateGitHubUrlsInSourceControlInformation") at C:\Program Files\dotnet\sdk\10.0.101\Sdks\Microsoft.SourceLink.GitLab\build\Microsoft.SourceLink.GitLab.targets (13,5)
       C:\Program Files\dotnet\sdk\10.0.101\Sdks\Microsoft.SourceLink.AzureRepos.Git\build\Microsoft.SourceLink.AzureRepos.Git.targets(12,5): message : Property reassignment: $(SourceLinkUrlInitializerTargets)=";_InitializeGitHubSourceLinkUrl;_InitializeGitLabSourceLinkUrl;_InitializeAzureReposGitSourceLinkUrl" (previous value: ";_InitializeGitHubSourceLinkUrl;_InitializeGitLabSourceLinkUrl") at C:\Program Files\dotnet\sdk\10.0.101\Sdks\Microsoft.SourceLink.AzureRepos.Git\build\Microsoft.SourceLink.AzureRepos.Git.targets (12,5)
       C:\Program Files\dotnet\sdk\10.0.101\Sdks\Microsoft.SourceLink.AzureRepos.Git\build\Microsoft.SourceLink.AzureRepos.Git.targets(13,5): message : Property reassignment: $(SourceControlManagerUrlTranslationTargets)=";TranslateGitHubUrlsInSourceControlInformation;TranslateGitLabUrlsInSourceControlInformation;TranslateAzureReposGitUrlsInSourceControlInformation" (previous value: ";TranslateGitHubUrlsInSourceControlInformation;TranslateGitLabUrlsInSourceControlInformation") at C:\Program Files\dotnet\sdk\10.0.101\Sdks\Microsoft.SourceLink.AzureRepos.Git\build\Microsoft.SourceLink.AzureRepos.Git.targets (13,5)
       C:\Program Files\dotnet\sdk\10.0.101\Sdks\Microsoft.SourceLink.Bitbucket.Git\build\Microsoft.SourceLink.Bitbucket.Git.targets(12,5): message : Property reassignment: $(SourceLinkUrlInitializerTargets)=";_InitializeGitHubSourceLinkUrl;_InitializeGitLabSourceLinkUrl;_InitializeAzureReposGitSourceLinkUrl;_InitializeBitbucketGitSourceLinkUrl" (previous value: ";_InitializeGitHubSourceLinkUrl;_InitializeGitLabSourceLinkUrl;_InitializeAzureReposGitSourceLinkUrl") at C:\Program Files\dotnet\sdk\10.0.101\Sdks\Microsoft.SourceLink.Bitbucket.Git\build\Microsoft.SourceLink.Bitbucket.Git.targets (12,5)
       C:\Program Files\dotnet\sdk\10.0.101\Sdks\Microsoft.SourceLink.Bitbucket.Git\build\Microsoft.SourceLink.Bitbucket.Git.targets(13,5): message : Property reassignment: $(SourceControlManagerUrlTranslationTargets)=";TranslateGitHubUrlsInSourceControlInformation;TranslateGitLabUrlsInSourceControlInformation;TranslateAzureReposGitUrlsInSourceControlInformation;TranslateBitbucketGitUrlsInSourceControlInformation" (previous value: ";TranslateGitHubUrlsInSourceControlInformation;TranslateGitLabUrlsInSourceControlInformation;TranslateAzureReposGitUrlsInSourceControlInformation") at C:\Program Files\dotnet\sdk\10.0.101\Sdks\Microsoft.SourceLink.Bitbucket.Git\build\Microsoft.SourceLink.Bitbucket.Git.targets (13,5)
       C:\Program Files\dotnet\sdk\10.0.101\Sdks\Microsoft.NET.Sdk\targets\Microsoft.NET.DesignerSupport.targets(21,5): message : Property reassignment: $(DesignerRuntimeImplementationProjectOutputGroupDependsOn)="
       C:\Program Files\dotnet\sdk\10.0.101\Sdks\Microsoft.NET.Sdk\targets\Microsoft.NET.DesignerSupport.targets(21,5): message :       
       C:\Program Files\dotnet\sdk\10.0.101\Sdks\Microsoft.NET.Sdk\targets\Microsoft.NET.DesignerSupport.targets(21,5): message :       ;
       C:\Program Files\dotnet\sdk\10.0.101\Sdks\Microsoft.NET.Sdk\targets\Microsoft.NET.DesignerSupport.targets(21,5): message :       
       C:\Program Files\dotnet\sdk\10.0.101\Sdks\Microsoft.NET.Sdk\targets\Microsoft.NET.DesignerSupport.targets(21,5): message :       ;
       C:\Program Files\dotnet\sdk\10.0.101\Sdks\Microsoft.NET.Sdk\targets\Microsoft.NET.DesignerSupport.targets(21,5): message :       BuildOnlySettings;
       C:\Program Files\dotnet\sdk\10.0.101\Sdks\Microsoft.NET.Sdk\targets\Microsoft.NET.DesignerSupport.targets(21,5): message :       PrepareForBuild;
       C:\Program Files\dotnet\sdk\10.0.101\Sdks\Microsoft.NET.Sdk\targets\Microsoft.NET.DesignerSupport.targets(21,5): message :       AssignTargetPaths;
       C:\Program Files\dotnet\sdk\10.0.101\Sdks\Microsoft.NET.Sdk\targets\Microsoft.NET.DesignerSupport.targets(21,5): message :       ResolveReferences
       C:\Program Files\dotnet\sdk\10.0.101\Sdks\Microsoft.NET.Sdk\targets\Microsoft.NET.DesignerSupport.targets(21,5): message :     
       C:\Program Files\dotnet\sdk\10.0.101\Sdks\Microsoft.NET.Sdk\targets\Microsoft.NET.DesignerSupport.targets(21,5): message :     ;
       C:\Program Files\dotnet\sdk\10.0.101\Sdks\Microsoft.NET.Sdk\targets\Microsoft.NET.DesignerSupport.targets(21,5): message :       _GenerateDesignerDepsFile;
       C:\Program Files\dotnet\sdk\10.0.101\Sdks\Microsoft.NET.Sdk\targets\Microsoft.NET.DesignerSupport.targets(21,5): message :       _GenerateDesignerRuntimeConfigFile;
       C:\Program Files\dotnet\sdk\10.0.101\Sdks\Microsoft.NET.Sdk\targets\Microsoft.NET.DesignerSupport.targets(21,5): message :       GetCopyToOutputDirectoryItems;
       C:\Program Files\dotnet\sdk\10.0.101\Sdks\Microsoft.NET.Sdk\targets\Microsoft.NET.DesignerSupport.targets(21,5): message :       _GatherDesignerShadowCopyFiles;
       C:\Program Files\dotnet\sdk\10.0.101\Sdks\Microsoft.NET.Sdk\targets\Microsoft.NET.DesignerSupport.targets(21,5): message :     " (previous value: "
       C:\Program Files\dotnet\sdk\10.0.101\Sdks\Microsoft.NET.Sdk\targets\Microsoft.NET.DesignerSupport.targets(21,5): message :       ;
       C:\Program Files\dotnet\sdk\10.0.101\Sdks\Microsoft.NET.Sdk\targets\Microsoft.NET.DesignerSupport.targets(21,5): message :       
       C:\Program Files\dotnet\sdk\10.0.101\Sdks\Microsoft.NET.Sdk\targets\Microsoft.NET.DesignerSupport.targets(21,5): message :       ;
       C:\Program Files\dotnet\sdk\10.0.101\Sdks\Microsoft.NET.Sdk\targets\Microsoft.NET.DesignerSupport.targets(21,5): message :       BuildOnlySettings;
       C:\Program Files\dotnet\sdk\10.0.101\Sdks\Microsoft.NET.Sdk\targets\Microsoft.NET.DesignerSupport.targets(21,5): message :       PrepareForBuild;
       C:\Program Files\dotnet\sdk\10.0.101\Sdks\Microsoft.NET.Sdk\targets\Microsoft.NET.DesignerSupport.targets(21,5): message :       AssignTargetPaths;
       C:\Program Files\dotnet\sdk\10.0.101\Sdks\Microsoft.NET.Sdk\targets\Microsoft.NET.DesignerSupport.targets(21,5): message :       ResolveReferences
       C:\Program Files\dotnet\sdk\10.0.101\Sdks\Microsoft.NET.Sdk\targets\Microsoft.NET.DesignerSupport.targets(21,5): message :     
       C:\Program Files\dotnet\sdk\10.0.101\Sdks\Microsoft.NET.Sdk\targets\Microsoft.NET.DesignerSupport.targets(21,5): message :     ") at C:\Program Files\dotnet\sdk\10.0.101\Sdks\Microsoft.NET.Sdk\targets\Microsoft.NET.DesignerSupport.targets (21,5)
       C:\Program Files\dotnet\sdk\10.0.101\Sdks\Microsoft.NET.Sdk\targets\Microsoft.NET.Sdk.CSharp.targets(31,5): message : Property reassignment: $(DefineConstants)="TRACE;DEBUG" (previous value: "TRACE") at C:\Program Files\dotnet\sdk\10.0.101\Sdks\Microsoft.NET.Sdk\targets\Microsoft.NET.Sdk.CSharp.targets (31,5)
       C:\Program Files\dotnet\sdk\10.0.101\Sdks\Microsoft.NET.Sdk\targets\Microsoft.NET.Sdk.CSharp.targets(45,5): message : Property reassignment: $(WarningsAsErrors)=";NU1605;SYSLIB0011" (previous value: ";NU1605") at C:\Program Files\dotnet\sdk\10.0.101\Sdks\Microsoft.NET.Sdk\targets\Microsoft.NET.Sdk.CSharp.targets (45,5)
       C:\Program Files\dotnet\sdk\10.0.101\NuGet.Build.Tasks.Pack.targets(34,5): message : Property reassignment: $(PackageDescription)="Package Description" (previous value: "") at C:\Program Files\dotnet\sdk\10.0.101\NuGet.Build.Tasks.Pack.targets (34,5)
       C:\Program Files\dotnet\sdk\10.0.101\NuGet.Build.Tasks.Pack.targets(59,5): message : Property reassignment: $(GenerateNuspecDependsOn)="Build;_LoadPackInputItems; _GetTargetFrameworksOutput; _WalkEachTargetPerFramework; _GetPackageFiles; " (previous value: "_LoadPackInputItems; _GetTargetFrameworksOutput; _WalkEachTargetPerFramework; _GetPackageFiles; ") at C:\Program Files\dotnet\sdk\10.0.101\NuGet.Build.Tasks.Pack.targets (59,5)
       C:\Program Files\dotnet\sdk\10.0.101\Sdks\Microsoft.NET.Sdk\Sdk\Sdk.targets(59,5): message : Property reassignment: $(_IsNotSetContainersTargetsDir)="true" (previous value: "false") at C:\Program Files\dotnet\sdk\10.0.101\Sdks\Microsoft.NET.Sdk\Sdk\Sdk.targets (59,5)
       C:\Program Files\dotnet\sdk\10.0.101\Containers\build\Microsoft.NET.Build.Containers.targets(5,5): message : Property reassignment: $(_IsSDKContainerAllowedVersion)="true" (previous value: "false") at C:\Program Files\dotnet\sdk\10.0.101\Containers\build\Microsoft.NET.Build.Containers.targets (5,5)
       C:\Program Files\dotnet\sdk\10.0.101\Containers\build\Microsoft.NET.Build.Containers.targets(15,5): message : Property reassignment: $(_ContainerIsTargetingNet8TFM)="true" (previous value: "false") at C:\Program Files\dotnet\sdk\10.0.101\Containers\build\Microsoft.NET.Build.Containers.targets (15,5)
       Overriding target "ResolveFrameworkReferences" in project "C:\Program Files\dotnet\sdk\10.0.101\Microsoft.Common.CurrentVersion.targets" with target "ResolveFrameworkReferences" from project "C:\Program Files\dotnet\sdk\10.0.101\Sdks\Microsoft.NET.Sdk\targets\Microsoft.NET.Sdk.FrameworkReferenceResolution.targets".
       Overriding target "GenerateSupportedTargetFrameworkAlias" in project "C:\Program Files\dotnet\sdk\10.0.101\Microsoft.Common.CurrentVersion.targets" with target "GenerateSupportedTargetFrameworkAlias" from project "C:\Program Files\dotnet\sdk\10.0.101\Sdks\Microsoft.NET.Sdk\targets\Microsoft.NET.Sdk.targets".
       Overriding target "GetReferenceAssemblyPaths" in project "C:\Program Files\dotnet\sdk\10.0.101\Microsoft.Common.CurrentVersion.targets" with target "GetReferenceAssemblyPaths" from project "C:\Program Files\dotnet\sdk\10.0.101\Sdks\Microsoft.NET.Sdk\targets\Microsoft.NET.DisableStandardFrameworkResolution.targets".
       Overriding target "GetFrameworkPaths" in project "C:\Program Files\dotnet\sdk\10.0.101\Microsoft.Common.CurrentVersion.targets" with target "GetFrameworkPaths" from project "C:\Program Files\dotnet\sdk\10.0.101\Sdks\Microsoft.NET.Sdk\targets\Microsoft.NET.DisableStandardFrameworkResolution.targets".
       Overriding target "DesignerRuntimeImplementationProjectOutputGroup" in project "C:\Program Files\dotnet\sdk\10.0.101\Microsoft.Common.CurrentVersion.targets" with target "DesignerRuntimeImplementationProjectOutputGroup" from project "C:\Program Files\dotnet\sdk\10.0.101\Sdks\Microsoft.NET.Sdk\targets\Microsoft.NET.DesignerSupport.targets".
       Overriding target "Publish" in project "C:\Program Files\dotnet\sdk\10.0.101\Microsoft.Common.CurrentVersion.targets" with target "Publish" from project "C:\Program Files\dotnet\sdk\10.0.101\Sdks\Microsoft.NET.Sdk\targets\Microsoft.NET.Publish.targets".
       Overriding target "ResolveReadyToRunCompilers" in project "C:\Program Files\dotnet\sdk\10.0.101\Sdks\Microsoft.NET.Sdk\targets\Microsoft.NET.CrossGen.targets" with target "ResolveReadyToRunCompilers" from project "C:\Program Files\dotnet\sdk\10.0.101\Sdks\Microsoft.NET.Sdk\targets\Microsoft.NET.Publish.targets".
       Overriding target "GetCopyToPublishDirectoryItems" in project "C:\Program Files\dotnet\sdk\10.0.101\Microsoft.Common.CurrentVersion.targets" with target "GetCopyToPublishDirectoryItems" from project "C:\Program Files\dotnet\sdk\10.0.101\Sdks\Microsoft.NET.Sdk\targets\Microsoft.NET.Publish.targets".
       Overriding target "Run" in project "C:\Program Files\dotnet\sdk\10.0.101\Microsoft.Common.CurrentVersion.targets" with target "Run" from project "C:\Program Files\dotnet\sdk\10.0.101\Sdks\Microsoft.NET.Sdk\targets\Microsoft.NET.Sdk.targets".
       C:\Program Files\dotnet\sdk\10.0.101\Sdks\Microsoft.NET.Sdk\targets\Microsoft.NET.Sdk.BeforeCommon.targets(371,5): message : Property reassignment: $(RoslynTargetsPath)="C:\Program Files\dotnet\sdk\10.0.101\Sdks\Microsoft.NET.Sdk\targets\..\..\..\Roslyn" (previous value: "C:\Program Files\dotnet\sdk\10.0.101\Roslyn") at C:\Program Files\dotnet\sdk\10.0.101\Sdks\Microsoft.NET.Sdk\targets\Microsoft.NET.Sdk.BeforeCommon.targets (371,5)
   1:7>Project "D:\P.L\Flutter\fresh_produce_app\FreshProduce.Api\FreshProduce.Api.csproj" (1:7) is building "D:\P.L\Flutter\fresh_produce_app\FreshProduce.Domain\FreshProduce.Domain.csproj" (3:6) on node 3 (GetTargetFrameworks target(s)).
   3:6>Target "_CalculateIsVSTestTestProject" in file "C:\Program Files\dotnet\sdk\10.0.101\Sdks\Microsoft.NET.Sdk\targets\Microsoft.NET.Sdk.targets" from project "D:\P.L\Flutter\fresh_produce_app\FreshProduce.Domain\FreshProduce.Domain.csproj" (target "GetTargetFrameworksWithPlatformForSingleTargetFramework" depends on it):
   3:6>Done building target "_CalculateIsVSTestTestProject" in project "FreshProduce.Domain.csproj".
   3:6>Target "GetTargetFrameworksWithPlatformForSingleTargetFramework" in file "C:\Program Files\dotnet\sdk\10.0.101\Microsoft.Common.CurrentVersion.targets" from project "D:\P.L\Flutter\fresh_produce_app\FreshProduce.Domain\FreshProduce.Domain.csproj" (target "GetTargetFrameworks" depends on it):
       Using "CombineTargetFrameworkInfoProperties" task from assembly "Microsoft.Build.Tasks.Core, Version=15.1.0.0, Culture=neutral, PublicKeyToken=b03f5f7f11d50a3a".
       Task "CombineTargetFrameworkInfoProperties"
       Done executing task "CombineTargetFrameworkInfoProperties".
   3:6>Done building target "GetTargetFrameworksWithPlatformForSingleTargetFramework" in project "FreshProduce.Domain.csproj".
   3:6>Target "GetTargetFrameworks" in file "C:\Program Files\dotnet\sdk\10.0.101\Microsoft.Common.CurrentVersion.targets" from project "D:\P.L\Flutter\fresh_produce_app\FreshProduce.Domain\FreshProduce.Domain.csproj" (entry point):
       Using "CombineXmlElements" task from assembly "Microsoft.Build.Tasks.Core, Version=15.1.0.0, Culture=neutral, PublicKeyToken=b03f5f7f11d50a3a".
       Task "CombineXmlElements"
       Done executing task "CombineXmlElements".
   3:6>Done building target "GetTargetFrameworks" in project "FreshProduce.Domain.csproj".
   3:6>Done Building Project "D:\P.L\Flutter\fresh_produce_app\FreshProduce.Domain\FreshProduce.Domain.csproj" (GetTargetFrameworks target(s)).
     0>C:\Program Files\dotnet\sdk\10.0.101\Roslyn\Microsoft.Managed.Core.targets(6,5): message : Property reassignment: $(_BuildTasksDirectory)="C:\Program Files\dotnet\sdk\10.0.101\Sdks\Microsoft.NET.Sdk\targets\..\..\..\Roslyn\" (previous value: "C:\Program Files\dotnet\sdk\10.0.101\Roslyn\") at C:\Program Files\dotnet\sdk\10.0.101\Roslyn\Microsoft.Managed.Core.targets (6,5)
       C:\Program Files\dotnet\sdk\10.0.101\Roslyn\Microsoft.CSharp.Core.targets(200,5): message : Property reassignment: $(CommandLineArgsForDesignTimeEvaluation)="-langversion:13.0 -define:TRACE" (previous value: "-langversion:13.0") at C:\Program Files\dotnet\sdk\10.0.101\Roslyn\Microsoft.CSharp.Core.targets (200,5)
       C:\Program Files\dotnet\sdk\10.0.101\Microsoft.Common.CurrentVersion.targets(175,5): message : Property reassignment: $(_DebugSymbolsProduced)="true" (previous value: "false") at C:\Program Files\dotnet\sdk\10.0.101\Microsoft.Common.CurrentVersion.targets (175,5)
       C:\Program Files\dotnet\sdk\10.0.101\Microsoft.Common.CurrentVersion.targets(185,5): message : Property reassignment: $(_DocumentationFileProduced)="false" (previous value: "true") at C:\Program Files\dotnet\sdk\10.0.101\Microsoft.Common.CurrentVersion.targets (185,5)
       C:\Program Files\dotnet\sdk\10.0.101\Microsoft.Common.CurrentVersion.targets(392,5): message : Property reassignment: $(MSBuildCopyMarkerName)="FreshPro.C7628B8A" (previous value: "FreshProduce.Infrastructure.csproj") at C:\Program Files\dotnet\sdk\10.0.101\Microsoft.Common.CurrentVersion.targets (392,5)
       C:\Program Files\dotnet\sdk\10.0.101\Microsoft.Common.CurrentVersion.targets(393,5): message : Property reassignment: $(MSBuildCopyMarkerName)="FreshPro.C7628B8A.Up2Date" (previous value: "FreshPro.C7628B8A") at C:\Program Files\dotnet\sdk\10.0.101\Microsoft.Common.CurrentVersion.targets (393,5)
       C:\Program Files\dotnet\sdk\10.0.101\Microsoft.Common.CurrentVersion.targets(541,5): message : Property reassignment: $(ProcessorArchitecture)="msil" (previous value: "") at C:\Program Files\dotnet\sdk\10.0.101\Microsoft.Common.CurrentVersion.targets (541,5)
       C:\Program Files\dotnet\sdk\10.0.101\Microsoft.Common.CurrentVersion.targets(580,5): message : Property reassignment: $(DelaySign)="" (previous value: "false") at C:\Program Files\dotnet\sdk\10.0.101\Microsoft.Common.CurrentVersion.targets (580,5)
       C:\Program Files\dotnet\sdk\10.0.101\Microsoft.Common.CurrentVersion.targets(2606,5): message : Property 'LOCALAPPDATA' with value 'C:\Users\Dell\AppData\Local' expanded from the environment.
       C:\Program Files\dotnet\sdk\10.0.101\Microsoft.Common.CurrentVersion.targets(3934,5): message : Property reassignment: $(_SGenGenerateSerializationAssembliesConfig)="Auto" (previous value: "") at C:\Program Files\dotnet\sdk\10.0.101\Microsoft.Common.CurrentVersion.targets (3934,5)
       C:\Program Files\dotnet\sdk\10.0.101\Microsoft.Common.CurrentVersion.targets(3935,5): message : Property reassignment: $(_SGenGenerateSerializationAssembliesConfig)="Off" (previous value: "Auto") at C:\Program Files\dotnet\sdk\10.0.101\Microsoft.Common.CurrentVersion.targets (3935,5)
       C:\Program Files\dotnet\sdk\10.0.101\Microsoft.Common.CurrentVersion.targets(5146,5): message : Property reassignment: $(_TargetsThatPrepareProjectReferences)="
       C:\Program Files\dotnet\sdk\10.0.101\Microsoft.Common.CurrentVersion.targets(5146,5): message :       AssignProjectConfiguration;
       C:\Program Files\dotnet\sdk\10.0.101\Microsoft.Common.CurrentVersion.targets(5146,5): message :       _SplitProjectReferencesByFileExistence
       C:\Program Files\dotnet\sdk\10.0.101\Microsoft.Common.CurrentVersion.targets(5146,5): message :     " (previous value: "_SplitProjectReferencesByFileExistence") at C:\Program Files\dotnet\sdk\10.0.101\Microsoft.Common.CurrentVersion.targets (5146,5)
       C:\Program Files\dotnet\sdk\10.0.101\Microsoft.Common.CurrentVersion.targets(6959,5): message : Property 'MSBuildExtensionsPath32' with value 'C:\Program Files\dotnet\sdk\10.0.101' expanded from the environment.
       The "NuGetInteractive" property is a global property, and cannot be modified.
       C:\Program Files\dotnet\sdk\10.0.101\Sdks\Microsoft.NET.Sdk\targets\Microsoft.PackageDependencyResolution.targets(29,5): message : Property reassignment: $(ProjectAssetsCacheFile)="D:\P.L\Flutter\fresh_produce_app\FreshProduce.Infrastructure\obj\Debug\net9.0\FreshProduce.Infrastructure.assets.cache" (previous value: "obj\Debug\net9.0\FreshProduce.Infrastructure.assets.cache") at C:\Program Files\dotnet\sdk\10.0.101\Sdks\Microsoft.NET.Sdk\targets\Microsoft.PackageDependencyResolution.targets (29,5)
       C:\Program Files\dotnet\sdk\10.0.101\Sdks\Microsoft.NET.Sdk\targets\Microsoft.PackageDependencyResolution.targets(80,5): message : Property reassignment: $(ResolveAssemblyReferencesDependsOn)="
       C:\Program Files\dotnet\sdk\10.0.101\Sdks\Microsoft.NET.Sdk\targets\Microsoft.PackageDependencyResolution.targets(80,5): message :       
       C:\Program Files\dotnet\sdk\10.0.101\Sdks\Microsoft.NET.Sdk\targets\Microsoft.PackageDependencyResolution.targets(80,5): message :       ResolveProjectReferences;
       C:\Program Files\dotnet\sdk\10.0.101\Sdks\Microsoft.NET.Sdk\targets\Microsoft.PackageDependencyResolution.targets(80,5): message :       FindInvalidProjectReferences;
       C:\Program Files\dotnet\sdk\10.0.101\Sdks\Microsoft.NET.Sdk\targets\Microsoft.PackageDependencyResolution.targets(80,5): message :       GetFrameworkPaths;
       C:\Program Files\dotnet\sdk\10.0.101\Sdks\Microsoft.NET.Sdk\targets\Microsoft.PackageDependencyResolution.targets(80,5): message :       GetReferenceAssemblyPaths;
       C:\Program Files\dotnet\sdk\10.0.101\Sdks\Microsoft.NET.Sdk\targets\Microsoft.PackageDependencyResolution.targets(80,5): message :       PrepareForBuild;
       C:\Program Files\dotnet\sdk\10.0.101\Sdks\Microsoft.NET.Sdk\targets\Microsoft.PackageDependencyResolution.targets(80,5): message :       ResolveSDKReferences;
       C:\Program Files\dotnet\sdk\10.0.101\Sdks\Microsoft.NET.Sdk\targets\Microsoft.PackageDependencyResolution.targets(80,5): message :       ExpandSDKReferences;
       C:\Program Files\dotnet\sdk\10.0.101\Sdks\Microsoft.NET.Sdk\targets\Microsoft.PackageDependencyResolution.targets(80,5): message :     ;
       C:\Program Files\dotnet\sdk\10.0.101\Sdks\Microsoft.NET.Sdk\targets\Microsoft.PackageDependencyResolution.targets(80,5): message :       ResolvePackageDependenciesForBuild;
       C:\Program Files\dotnet\sdk\10.0.101\Sdks\Microsoft.NET.Sdk\targets\Microsoft.PackageDependencyResolution.targets(80,5): message :       _HandlePackageFileConflicts;
       C:\Program Files\dotnet\sdk\10.0.101\Sdks\Microsoft.NET.Sdk\targets\Microsoft.PackageDependencyResolution.targets(80,5): message :     " (previous value: "
       C:\Program Files\dotnet\sdk\10.0.101\Sdks\Microsoft.NET.Sdk\targets\Microsoft.PackageDependencyResolution.targets(80,5): message :       ResolveProjectReferences;
       C:\Program Files\dotnet\sdk\10.0.101\Sdks\Microsoft.NET.Sdk\targets\Microsoft.PackageDependencyResolution.targets(80,5): message :       FindInvalidProjectReferences;
       C:\Program Files\dotnet\sdk\10.0.101\Sdks\Microsoft.NET.Sdk\targets\Microsoft.PackageDependencyResolution.targets(80,5): message :       GetFrameworkPaths;
       C:\Program Files\dotnet\sdk\10.0.101\Sdks\Microsoft.NET.Sdk\targets\Microsoft.PackageDependencyResolution.targets(80,5): message :       GetReferenceAssemblyPaths;
       C:\Program Files\dotnet\sdk\10.0.101\Sdks\Microsoft.NET.Sdk\targets\Microsoft.PackageDependencyResolution.targets(80,5): message :       PrepareForBuild;
       C:\Program Files\dotnet\sdk\10.0.101\Sdks\Microsoft.NET.Sdk\targets\Microsoft.PackageDependencyResolution.targets(80,5): message :       ResolveSDKReferences;
       C:\Program Files\dotnet\sdk\10.0.101\Sdks\Microsoft.NET.Sdk\targets\Microsoft.PackageDependencyResolution.targets(80,5): message :       ExpandSDKReferences;
       C:\Program Files\dotnet\sdk\10.0.101\Sdks\Microsoft.NET.Sdk\targets\Microsoft.PackageDependencyResolution.targets(80,5): message :     ") at C:\Program Files\dotnet\sdk\10.0.101\Sdks\Microsoft.NET.Sdk\targets\Microsoft.PackageDependencyResolution.targets (80,5)
       C:\Program Files\dotnet\sdk\10.0.101\Sdks\Microsoft.NET.Sdk\targets\Microsoft.PackageDependencyResolution.targets(86,5): message : Property reassignment: $(PrepareResourcesDependsOn)="
       C:\Program Files\dotnet\sdk\10.0.101\Sdks\Microsoft.NET.Sdk\targets\Microsoft.PackageDependencyResolution.targets(86,5): message :       ResolvePackageDependenciesForBuild;
       C:\Program Files\dotnet\sdk\10.0.101\Sdks\Microsoft.NET.Sdk\targets\Microsoft.PackageDependencyResolution.targets(86,5): message :       _HandlePackageFileConflicts;
       C:\Program Files\dotnet\sdk\10.0.101\Sdks\Microsoft.NET.Sdk\targets\Microsoft.PackageDependencyResolution.targets(86,5): message :       
       C:\Program Files\dotnet\sdk\10.0.101\Sdks\Microsoft.NET.Sdk\targets\Microsoft.PackageDependencyResolution.targets(86,5): message :       ;
       C:\Program Files\dotnet\sdk\10.0.101\Sdks\Microsoft.NET.Sdk\targets\Microsoft.PackageDependencyResolution.targets(86,5): message :       PrepareResourceNames;
       C:\Program Files\dotnet\sdk\10.0.101\Sdks\Microsoft.NET.Sdk\targets\Microsoft.PackageDependencyResolution.targets(86,5): message :       ResGen;
       C:\Program Files\dotnet\sdk\10.0.101\Sdks\Microsoft.NET.Sdk\targets\Microsoft.PackageDependencyResolution.targets(86,5): message :       CompileLicxFiles
       C:\Program Files\dotnet\sdk\10.0.101\Sdks\Microsoft.NET.Sdk\targets\Microsoft.PackageDependencyResolution.targets(86,5): message :     
       C:\Program Files\dotnet\sdk\10.0.101\Sdks\Microsoft.NET.Sdk\targets\Microsoft.PackageDependencyResolution.targets(86,5): message :     " (previous value: "
       C:\Program Files\dotnet\sdk\10.0.101\Sdks\Microsoft.NET.Sdk\targets\Microsoft.PackageDependencyResolution.targets(86,5): message :       ;
       C:\Program Files\dotnet\sdk\10.0.101\Sdks\Microsoft.NET.Sdk\targets\Microsoft.PackageDependencyResolution.targets(86,5): message :       PrepareResourceNames;
       C:\Program Files\dotnet\sdk\10.0.101\Sdks\Microsoft.NET.Sdk\targets\Microsoft.PackageDependencyResolution.targets(86,5): message :       ResGen;
       C:\Program Files\dotnet\sdk\10.0.101\Sdks\Microsoft.NET.Sdk\targets\Microsoft.PackageDependencyResolution.targets(86,5): message :       CompileLicxFiles
       C:\Program Files\dotnet\sdk\10.0.101\Sdks\Microsoft.NET.Sdk\targets\Microsoft.PackageDependencyResolution.targets(86,5): message :     ") at C:\Program Files\dotnet\sdk\10.0.101\Sdks\Microsoft.NET.Sdk\targets\Microsoft.PackageDependencyResolution.targets (86,5)
       C:\Program Files\dotnet\sdk\10.0.101\Sdks\Microsoft.NET.Sdk\targets\Microsoft.NET.Sdk.DefaultItems.targets(35,5): message : Property reassignment: $(DefaultItemExcludes)=";bin\Debug\/**;obj\Debug\/**;bin\/**" (previous value: ";bin\Debug\/**;obj\Debug\/**") at C:\Program Files\dotnet\sdk\10.0.101\Sdks\Microsoft.NET.Sdk\targets\Microsoft.NET.Sdk.DefaultItems.targets (35,5)
       C:\Program Files\dotnet\sdk\10.0.101\Sdks\Microsoft.NET.Sdk\targets\Microsoft.NET.Sdk.DefaultItems.targets(37,5): message : Property reassignment: $(DefaultItemExcludes)=";bin\Debug\/**;obj\Debug\/**;bin\/**;obj\/**" (previous value: ";bin\Debug\/**;obj\Debug\/**;bin\/**") at C:\Program Files\dotnet\sdk\10.0.101\Sdks\Microsoft.NET.Sdk\targets\Microsoft.NET.Sdk.DefaultItems.targets (37,5)
       C:\Program Files\dotnet\sdk\10.0.101\Sdks\Microsoft.NET.Sdk\targets\Microsoft.NET.Sdk.DefaultItems.targets(40,5): message : Property reassignment: $(DefaultItemExcludes)=";bin\Debug\/**;obj\Debug\/**;bin\/**;obj\/**;**/*.user" (previous value: ";bin\Debug\/**;obj\Debug\/**;bin\/**;obj\/**") at C:\Program Files\dotnet\sdk\10.0.101\Sdks\Microsoft.NET.Sdk\targets\Microsoft.NET.Sdk.DefaultItems.targets (40,5)
       C:\Program Files\dotnet\sdk\10.0.101\Sdks\Microsoft.NET.Sdk\targets\Microsoft.NET.Sdk.DefaultItems.targets(41,5): message : Property reassignment: $(DefaultItemExcludes)=";bin\Debug\/**;obj\Debug\/**;bin\/**;obj\/**;**/*.user;**/*.*proj" (previous value: ";bin\Debug\/**;obj\Debug\/**;bin\/**;obj\/**;**/*.user") at C:\Program Files\dotnet\sdk\10.0.101\Sdks\Microsoft.NET.Sdk\targets\Microsoft.NET.Sdk.DefaultItems.targets (41,5)
       C:\Program Files\dotnet\sdk\10.0.101\Sdks\Microsoft.NET.Sdk\targets\Microsoft.NET.Sdk.DefaultItems.targets(42,5): message : Property reassignment: $(DefaultItemExcludes)=";bin\Debug\/**;obj\Debug\/**;bin\/**;obj\/**;**/*.user;**/*.*proj;**/*.sln" (previous value: ";bin\Debug\/**;obj\Debug\/**;bin\/**;obj\/**;**/*.user;**/*.*proj") at C:\Program Files\dotnet\sdk\10.0.101\Sdks\Microsoft.NET.Sdk\targets\Microsoft.NET.Sdk.DefaultItems.targets (42,5)
       C:\Program Files\dotnet\sdk\10.0.101\Sdks\Microsoft.NET.Sdk\targets\Microsoft.NET.Sdk.DefaultItems.targets(43,5): message : Property reassignment: $(DefaultItemExcludes)=";bin\Debug\/**;obj\Debug\/**;bin\/**;obj\/**;**/*.user;**/*.*proj;**/*.sln;**/*.slnx" (previous value: ";bin\Debug\/**;obj\Debug\/**;bin\/**;obj\/**;**/*.user;**/*.*proj;**/*.sln") at C:\Program Files\dotnet\sdk\10.0.101\Sdks\Microsoft.NET.Sdk\targets\Microsoft.NET.Sdk.DefaultItems.targets (43,5)
       C:\Program Files\dotnet\sdk\10.0.101\Sdks\Microsoft.NET.Sdk\targets\Microsoft.NET.Sdk.DefaultItems.targets(44,5): message : Property reassignment: $(DefaultItemExcludes)=";bin\Debug\/**;obj\Debug\/**;bin\/**;obj\/**;**/*.user;**/*.*proj;**/*.sln;**/*.slnx;**/*.vssscc" (previous value: ";bin\Debug\/**;obj\Debug\/**;bin\/**;obj\/**;**/*.user;**/*.*proj;**/*.sln;**/*.slnx") at C:\Program Files\dotnet\sdk\10.0.101\Sdks\Microsoft.NET.Sdk\targets\Microsoft.NET.Sdk.DefaultItems.targets (44,5)
       C:\Program Files\dotnet\sdk\10.0.101\Sdks\Microsoft.NET.Sdk\targets\Microsoft.NET.Sdk.DefaultItems.targets(45,5): message : Property reassignment: $(DefaultItemExcludes)=";bin\Debug\/**;obj\Debug\/**;bin\/**;obj\/**;**/*.user;**/*.*proj;**/*.sln;**/*.slnx;**/*.vssscc;**/.DS_Store" (previous value: ";bin\Debug\/**;obj\Debug\/**;bin\/**;obj\/**;**/*.user;**/*.*proj;**/*.sln;**/*.slnx;**/*.vssscc") at C:\Program Files\dotnet\sdk\10.0.101\Sdks\Microsoft.NET.Sdk\targets\Microsoft.NET.Sdk.DefaultItems.targets (45,5)
       C:\Program Files\dotnet\sdk\10.0.101\Sdks\Microsoft.NET.Sdk\targets\Microsoft.NET.Sdk.FrameworkReferenceResolution.targets(14,5): message : Property reassignment: $(ResolveAssemblyReferencesDependsOn)="
       C:\Program Files\dotnet\sdk\10.0.101\Sdks\Microsoft.NET.Sdk\targets\Microsoft.NET.Sdk.FrameworkReferenceResolution.targets(14,5): message :       
       C:\Program Files\dotnet\sdk\10.0.101\Sdks\Microsoft.NET.Sdk\targets\Microsoft.NET.Sdk.FrameworkReferenceResolution.targets(14,5): message :       
       C:\Program Files\dotnet\sdk\10.0.101\Sdks\Microsoft.NET.Sdk\targets\Microsoft.NET.Sdk.FrameworkReferenceResolution.targets(14,5): message :       ResolveProjectReferences;
       C:\Program Files\dotnet\sdk\10.0.101\Sdks\Microsoft.NET.Sdk\targets\Microsoft.NET.Sdk.FrameworkReferenceResolution.targets(14,5): message :       FindInvalidProjectReferences;
       C:\Program Files\dotnet\sdk\10.0.101\Sdks\Microsoft.NET.Sdk\targets\Microsoft.NET.Sdk.FrameworkReferenceResolution.targets(14,5): message :       GetFrameworkPaths;
       C:\Program Files\dotnet\sdk\10.0.101\Sdks\Microsoft.NET.Sdk\targets\Microsoft.NET.Sdk.FrameworkReferenceResolution.targets(14,5): message :       GetReferenceAssemblyPaths;
       C:\Program Files\dotnet\sdk\10.0.101\Sdks\Microsoft.NET.Sdk\targets\Microsoft.NET.Sdk.FrameworkReferenceResolution.targets(14,5): message :       PrepareForBuild;
       C:\Program Files\dotnet\sdk\10.0.101\Sdks\Microsoft.NET.Sdk\targets\Microsoft.NET.Sdk.FrameworkReferenceResolution.targets(14,5): message :       ResolveSDKReferences;
       C:\Program Files\dotnet\sdk\10.0.101\Sdks\Microsoft.NET.Sdk\targets\Microsoft.NET.Sdk.FrameworkReferenceResolution.targets(14,5): message :       ExpandSDKReferences;
       C:\Program Files\dotnet\sdk\10.0.101\Sdks\Microsoft.NET.Sdk\targets\Microsoft.NET.Sdk.FrameworkReferenceResolution.targets(14,5): message :     ;
       C:\Program Files\dotnet\sdk\10.0.101\Sdks\Microsoft.NET.Sdk\targets\Microsoft.NET.Sdk.FrameworkReferenceResolution.targets(14,5): message :       ResolvePackageDependenciesForBuild;
       C:\Program Files\dotnet\sdk\10.0.101\Sdks\Microsoft.NET.Sdk\targets\Microsoft.NET.Sdk.FrameworkReferenceResolution.targets(14,5): message :       _HandlePackageFileConflicts;
       C:\Program Files\dotnet\sdk\10.0.101\Sdks\Microsoft.NET.Sdk\targets\Microsoft.NET.Sdk.FrameworkReferenceResolution.targets(14,5): message :     ;
       C:\Program Files\dotnet\sdk\10.0.101\Sdks\Microsoft.NET.Sdk\targets\Microsoft.NET.Sdk.FrameworkReferenceResolution.targets(14,5): message :       ResolveTargetingPackAssets;
       C:\Program Files\dotnet\sdk\10.0.101\Sdks\Microsoft.NET.Sdk\targets\Microsoft.NET.Sdk.FrameworkReferenceResolution.targets(14,5): message :     " (previous value: "
       C:\Program Files\dotnet\sdk\10.0.101\Sdks\Microsoft.NET.Sdk\targets\Microsoft.NET.Sdk.FrameworkReferenceResolution.targets(14,5): message :       
       C:\Program Files\dotnet\sdk\10.0.101\Sdks\Microsoft.NET.Sdk\targets\Microsoft.NET.Sdk.FrameworkReferenceResolution.targets(14,5): message :       ResolveProjectReferences;
       C:\Program Files\dotnet\sdk\10.0.101\Sdks\Microsoft.NET.Sdk\targets\Microsoft.NET.Sdk.FrameworkReferenceResolution.targets(14,5): message :       FindInvalidProjectReferences;
       C:\Program Files\dotnet\sdk\10.0.101\Sdks\Microsoft.NET.Sdk\targets\Microsoft.NET.Sdk.FrameworkReferenceResolution.targets(14,5): message :       GetFrameworkPaths;
       C:\Program Files\dotnet\sdk\10.0.101\Sdks\Microsoft.NET.Sdk\targets\Microsoft.NET.Sdk.FrameworkReferenceResolution.targets(14,5): message :       GetReferenceAssemblyPaths;
       C:\Program Files\dotnet\sdk\10.0.101\Sdks\Microsoft.NET.Sdk\targets\Microsoft.NET.Sdk.FrameworkReferenceResolution.targets(14,5): message :       PrepareForBuild;
       C:\Program Files\dotnet\sdk\10.0.101\Sdks\Microsoft.NET.Sdk\targets\Microsoft.NET.Sdk.FrameworkReferenceResolution.targets(14,5): message :       ResolveSDKReferences;
       C:\Program Files\dotnet\sdk\10.0.101\Sdks\Microsoft.NET.Sdk\targets\Microsoft.NET.Sdk.FrameworkReferenceResolution.targets(14,5): message :       ExpandSDKReferences;
       C:\Program Files\dotnet\sdk\10.0.101\Sdks\Microsoft.NET.Sdk\targets\Microsoft.NET.Sdk.FrameworkReferenceResolution.targets(14,5): message :     ;
       C:\Program Files\dotnet\sdk\10.0.101\Sdks\Microsoft.NET.Sdk\targets\Microsoft.NET.Sdk.FrameworkReferenceResolution.targets(14,5): message :       ResolvePackageDependenciesForBuild;
       C:\Program Files\dotnet\sdk\10.0.101\Sdks\Microsoft.NET.Sdk\targets\Microsoft.NET.Sdk.FrameworkReferenceResolution.targets(14,5): message :       _HandlePackageFileConflicts;
       C:\Program Files\dotnet\sdk\10.0.101\Sdks\Microsoft.NET.Sdk\targets\Microsoft.NET.Sdk.FrameworkReferenceResolution.targets(14,5): message :     ") at C:\Program Files\dotnet\sdk\10.0.101\Sdks\Microsoft.NET.Sdk\targets\Microsoft.NET.Sdk.FrameworkReferenceResolution.targets (14,5)
       C:\Program Files\dotnet\sdk\10.0.101\Sdks\Microsoft.NET.Sdk\targets\Microsoft.NET.Sdk.targets(44,5): message : Property reassignment: $(_GenerateRuntimeConfigurationPropertyInputsCache)="D:\P.L\Flutter\fresh_produce_app\FreshProduce.Infrastructure\obj\Debug\net9.0\FreshProduce.Infrastructure.genruntimeconfig.cache" (previous value: "obj\Debug\net9.0\FreshProduce.Infrastructure.genruntimeconfig.cache") at C:\Program Files\dotnet\sdk\10.0.101\Sdks\Microsoft.NET.Sdk\targets\Microsoft.NET.Sdk.targets (44,5)
       C:\Program Files\dotnet\sdk\10.0.101\Sdks\Microsoft.NET.Sdk\targets\Microsoft.NET.Sdk.targets(46,5): message : Property reassignment: $(_GeneratePublishDependencyFilePropertyInputsCache)="D:\P.L\Flutter\fresh_produce_app\FreshProduce.Infrastructure\obj\Debug\net9.0\FreshProduce.Infrastructure.genpublishdeps.cache" (previous value: "obj\Debug\net9.0\FreshProduce.Infrastructure.genpublishdeps.cache") at C:\Program Files\dotnet\sdk\10.0.101\Sdks\Microsoft.NET.Sdk\targets\Microsoft.NET.Sdk.targets (46,5)
       C:\Program Files\dotnet\sdk\10.0.101\Sdks\Microsoft.NET.Sdk\targets\Microsoft.NET.Sdk.targets(48,5): message : Property reassignment: $(_GenerateSingleFileBundlePropertyInputsCache)="D:\P.L\Flutter\fresh_produce_app\FreshProduce.Infrastructure\obj\Debug\net9.0\FreshProduce.Infrastructure.genbundle.cache" (previous value: "obj\Debug\net9.0\FreshProduce.Infrastructure.genbundle.cache") at C:\Program Files\dotnet\sdk\10.0.101\Sdks\Microsoft.NET.Sdk\targets\Microsoft.NET.Sdk.targets (48,5)
       C:\Program Files\dotnet\sdk\10.0.101\Sdks\Microsoft.NET.Sdk\targets\Microsoft.NET.Sdk.targets(81,5): message : Property reassignment: $(GenerateRuntimeConfigDevFile)="false" (previous value: "true") at C:\Program Files\dotnet\sdk\10.0.101\Sdks\Microsoft.NET.Sdk\targets\Microsoft.NET.Sdk.targets (81,5)
       C:\Program Files\dotnet\sdk\10.0.101\Sdks\Microsoft.NET.Sdk\targets\Microsoft.NET.Sdk.targets(98,5): message : Property reassignment: $(_DefaultUserProfileRuntimeStorePath)="C:\Users\Dell" (previous value: "") at C:\Program Files\dotnet\sdk\10.0.101\Sdks\Microsoft.NET.Sdk\targets\Microsoft.NET.Sdk.targets (98,5)
       C:\Program Files\dotnet\sdk\10.0.101\Sdks\Microsoft.NET.Sdk\targets\Microsoft.NET.Sdk.targets(99,5): message : Property reassignment: $(_DefaultUserProfileRuntimeStorePath)="C:\Users\Dell\.dotnet\store" (previous value: "C:\Users\Dell") at C:\Program Files\dotnet\sdk\10.0.101\Sdks\Microsoft.NET.Sdk\targets\Microsoft.NET.Sdk.targets (99,5)
       C:\Program Files\dotnet\sdk\10.0.101\Sdks\Microsoft.NET.Sdk\targets\Microsoft.NET.Sdk.targets(144,5): message : Property reassignment: $(AvailablePlatforms)="Any CPU,x86,x64,ARM32" (previous value: "Any CPU,x86,x64") at C:\Program Files\dotnet\sdk\10.0.101\Sdks\Microsoft.NET.Sdk\targets\Microsoft.NET.Sdk.targets (144,5)
       C:\Program Files\dotnet\sdk\10.0.101\Sdks\Microsoft.NET.Sdk\targets\Microsoft.NET.Sdk.targets(148,5): message : Property reassignment: $(AvailablePlatforms)="Any CPU,x86,x64,ARM32,ARM64" (previous value: "Any CPU,x86,x64,ARM32") at C:\Program Files\dotnet\sdk\10.0.101\Sdks\Microsoft.NET.Sdk\targets\Microsoft.NET.Sdk.targets (148,5)
       C:\Program Files\dotnet\sdk\10.0.101\Sdks\Microsoft.NET.Sdk\targets\Microsoft.NET.Sdk.targets(204,5): message : Property reassignment: $(CoreBuildDependsOn)="
       C:\Program Files\dotnet\sdk\10.0.101\Sdks\Microsoft.NET.Sdk\targets\Microsoft.NET.Sdk.targets(204,5): message :       _CheckForBuildWithNoBuild;
       C:\Program Files\dotnet\sdk\10.0.101\Sdks\Microsoft.NET.Sdk\targets\Microsoft.NET.Sdk.targets(204,5): message :       
       C:\Program Files\dotnet\sdk\10.0.101\Sdks\Microsoft.NET.Sdk\targets\Microsoft.NET.Sdk.targets(204,5): message :       BuildOnlySettings;
       C:\Program Files\dotnet\sdk\10.0.101\Sdks\Microsoft.NET.Sdk\targets\Microsoft.NET.Sdk.targets(204,5): message :       PrepareForBuild;
       C:\Program Files\dotnet\sdk\10.0.101\Sdks\Microsoft.NET.Sdk\targets\Microsoft.NET.Sdk.targets(204,5): message :       PreBuildEvent;
       C:\Program Files\dotnet\sdk\10.0.101\Sdks\Microsoft.NET.Sdk\targets\Microsoft.NET.Sdk.targets(204,5): message :       ResolveReferences;
       C:\Program Files\dotnet\sdk\10.0.101\Sdks\Microsoft.NET.Sdk\targets\Microsoft.NET.Sdk.targets(204,5): message :       PrepareResources;
       C:\Program Files\dotnet\sdk\10.0.101\Sdks\Microsoft.NET.Sdk\targets\Microsoft.NET.Sdk.targets(204,5): message :       ResolveKeySource;
       C:\Program Files\dotnet\sdk\10.0.101\Sdks\Microsoft.NET.Sdk\targets\Microsoft.NET.Sdk.targets(204,5): message :       Compile;
       C:\Program Files\dotnet\sdk\10.0.101\Sdks\Microsoft.NET.Sdk\targets\Microsoft.NET.Sdk.targets(204,5): message :       ExportWindowsMDFile;
       C:\Program Files\dotnet\sdk\10.0.101\Sdks\Microsoft.NET.Sdk\targets\Microsoft.NET.Sdk.targets(204,5): message :       UnmanagedUnregistration;
       C:\Program Files\dotnet\sdk\10.0.101\Sdks\Microsoft.NET.Sdk\targets\Microsoft.NET.Sdk.targets(204,5): message :       GenerateSerializationAssemblies;
       C:\Program Files\dotnet\sdk\10.0.101\Sdks\Microsoft.NET.Sdk\targets\Microsoft.NET.Sdk.targets(204,5): message :       CreateSatelliteAssemblies;
       C:\Program Files\dotnet\sdk\10.0.101\Sdks\Microsoft.NET.Sdk\targets\Microsoft.NET.Sdk.targets(204,5): message :       GenerateManifests;
       C:\Program Files\dotnet\sdk\10.0.101\Sdks\Microsoft.NET.Sdk\targets\Microsoft.NET.Sdk.targets(204,5): message :       GetTargetPath;
       C:\Program Files\dotnet\sdk\10.0.101\Sdks\Microsoft.NET.Sdk\targets\Microsoft.NET.Sdk.targets(204,5): message :       PrepareForRun;
       C:\Program Files\dotnet\sdk\10.0.101\Sdks\Microsoft.NET.Sdk\targets\Microsoft.NET.Sdk.targets(204,5): message :       UnmanagedRegistration;
       C:\Program Files\dotnet\sdk\10.0.101\Sdks\Microsoft.NET.Sdk\targets\Microsoft.NET.Sdk.targets(204,5): message :       IncrementalClean;
       C:\Program Files\dotnet\sdk\10.0.101\Sdks\Microsoft.NET.Sdk\targets\Microsoft.NET.Sdk.targets(204,5): message :       PostBuildEvent
       C:\Program Files\dotnet\sdk\10.0.101\Sdks\Microsoft.NET.Sdk\targets\Microsoft.NET.Sdk.targets(204,5): message :     ;
       C:\Program Files\dotnet\sdk\10.0.101\Sdks\Microsoft.NET.Sdk\targets\Microsoft.NET.Sdk.targets(204,5): message :       GenerateBuildDependencyFile;
       C:\Program Files\dotnet\sdk\10.0.101\Sdks\Microsoft.NET.Sdk\targets\Microsoft.NET.Sdk.targets(204,5): message :       GenerateBuildRuntimeConfigurationFiles
       C:\Program Files\dotnet\sdk\10.0.101\Sdks\Microsoft.NET.Sdk\targets\Microsoft.NET.Sdk.targets(204,5): message :     " (previous value: "
       C:\Program Files\dotnet\sdk\10.0.101\Sdks\Microsoft.NET.Sdk\targets\Microsoft.NET.Sdk.targets(204,5): message :       BuildOnlySettings;
       C:\Program Files\dotnet\sdk\10.0.101\Sdks\Microsoft.NET.Sdk\targets\Microsoft.NET.Sdk.targets(204,5): message :       PrepareForBuild;
       C:\Program Files\dotnet\sdk\10.0.101\Sdks\Microsoft.NET.Sdk\targets\Microsoft.NET.Sdk.targets(204,5): message :       PreBuildEvent;
       C:\Program Files\dotnet\sdk\10.0.101\Sdks\Microsoft.NET.Sdk\targets\Microsoft.NET.Sdk.targets(204,5): message :       ResolveReferences;
       C:\Program Files\dotnet\sdk\10.0.101\Sdks\Microsoft.NET.Sdk\targets\Microsoft.NET.Sdk.targets(204,5): message :       PrepareResources;
       C:\Program Files\dotnet\sdk\10.0.101\Sdks\Microsoft.NET.Sdk\targets\Microsoft.NET.Sdk.targets(204,5): message :       ResolveKeySource;
       C:\Program Files\dotnet\sdk\10.0.101\Sdks\Microsoft.NET.Sdk\targets\Microsoft.NET.Sdk.targets(204,5): message :       Compile;
       C:\Program Files\dotnet\sdk\10.0.101\Sdks\Microsoft.NET.Sdk\targets\Microsoft.NET.Sdk.targets(204,5): message :       ExportWindowsMDFile;
       C:\Program Files\dotnet\sdk\10.0.101\Sdks\Microsoft.NET.Sdk\targets\Microsoft.NET.Sdk.targets(204,5): message :       UnmanagedUnregistration;
       C:\Program Files\dotnet\sdk\10.0.101\Sdks\Microsoft.NET.Sdk\targets\Microsoft.NET.Sdk.targets(204,5): message :       GenerateSerializationAssemblies;
       C:\Program Files\dotnet\sdk\10.0.101\Sdks\Microsoft.NET.Sdk\targets\Microsoft.NET.Sdk.targets(204,5): message :       CreateSatelliteAssemblies;
       C:\Program Files\dotnet\sdk\10.0.101\Sdks\Microsoft.NET.Sdk\targets\Microsoft.NET.Sdk.targets(204,5): message :       GenerateManifests;
       C:\Program Files\dotnet\sdk\10.0.101\Sdks\Microsoft.NET.Sdk\targets\Microsoft.NET.Sdk.targets(204,5): message :       GetTargetPath;
       C:\Program Files\dotnet\sdk\10.0.101\Sdks\Microsoft.NET.Sdk\targets\Microsoft.NET.Sdk.targets(204,5): message :       PrepareForRun;
       C:\Program Files\dotnet\sdk\10.0.101\Sdks\Microsoft.NET.Sdk\targets\Microsoft.NET.Sdk.targets(204,5): message :       UnmanagedRegistration;
       C:\Program Files\dotnet\sdk\10.0.101\Sdks\Microsoft.NET.Sdk\targets\Microsoft.NET.Sdk.targets(204,5): message :       IncrementalClean;
       C:\Program Files\dotnet\sdk\10.0.101\Sdks\Microsoft.NET.Sdk\targets\Microsoft.NET.Sdk.targets(204,5): message :       PostBuildEvent
       C:\Program Files\dotnet\sdk\10.0.101\Sdks\Microsoft.NET.Sdk\targets\Microsoft.NET.Sdk.targets(204,5): message :     ") at C:\Program Files\dotnet\sdk\10.0.101\Sdks\Microsoft.NET.Sdk\targets\Microsoft.NET.Sdk.targets (204,5)
       C:\Program Files\dotnet\sdk\10.0.101\Sdks\Microsoft.NET.Sdk\targets\Microsoft.NET.Sdk.targets(213,5): message : Property reassignment: $(CoreCleanDependsOn)="
       C:\Program Files\dotnet\sdk\10.0.101\Sdks\Microsoft.NET.Sdk\targets\Microsoft.NET.Sdk.targets(213,5): message :       _SdkBeforeClean;
       C:\Program Files\dotnet\sdk\10.0.101\Sdks\Microsoft.NET.Sdk\targets\Microsoft.NET.Sdk.targets(213,5): message :       
       C:\Program Files\dotnet\sdk\10.0.101\Sdks\Microsoft.NET.Sdk\targets\Microsoft.NET.Sdk.targets(213,5): message :     " (previous value: "") at C:\Program Files\dotnet\sdk\10.0.101\Sdks\Microsoft.NET.Sdk\targets\Microsoft.NET.Sdk.targets (213,5)
       C:\Program Files\dotnet\sdk\10.0.101\Sdks\Microsoft.NET.Sdk\targets\Microsoft.NET.Sdk.targets(220,5): message : Property reassignment: $(RebuildDependsOn)="
       C:\Program Files\dotnet\sdk\10.0.101\Sdks\Microsoft.NET.Sdk\targets\Microsoft.NET.Sdk.targets(220,5): message :       _SdkBeforeRebuild;
       C:\Program Files\dotnet\sdk\10.0.101\Sdks\Microsoft.NET.Sdk\targets\Microsoft.NET.Sdk.targets(220,5): message :       
       C:\Program Files\dotnet\sdk\10.0.101\Sdks\Microsoft.NET.Sdk\targets\Microsoft.NET.Sdk.targets(220,5): message :       BeforeRebuild;
       C:\Program Files\dotnet\sdk\10.0.101\Sdks\Microsoft.NET.Sdk\targets\Microsoft.NET.Sdk.targets(220,5): message :       Clean;
       C:\Program Files\dotnet\sdk\10.0.101\Sdks\Microsoft.NET.Sdk\targets\Microsoft.NET.Sdk.targets(220,5): message :       Build;
       C:\Program Files\dotnet\sdk\10.0.101\Sdks\Microsoft.NET.Sdk\targets\Microsoft.NET.Sdk.targets(220,5): message :       AfterRebuild;
       C:\Program Files\dotnet\sdk\10.0.101\Sdks\Microsoft.NET.Sdk\targets\Microsoft.NET.Sdk.targets(220,5): message :     
       C:\Program Files\dotnet\sdk\10.0.101\Sdks\Microsoft.NET.Sdk\targets\Microsoft.NET.Sdk.targets(220,5): message :     " (previous value: "
       C:\Program Files\dotnet\sdk\10.0.101\Sdks\Microsoft.NET.Sdk\targets\Microsoft.NET.Sdk.targets(220,5): message :       BeforeRebuild;
       C:\Program Files\dotnet\sdk\10.0.101\Sdks\Microsoft.NET.Sdk\targets\Microsoft.NET.Sdk.targets(220,5): message :       Clean;
       C:\Program Files\dotnet\sdk\10.0.101\Sdks\Microsoft.NET.Sdk\targets\Microsoft.NET.Sdk.targets(220,5): message :       Build;
       C:\Program Files\dotnet\sdk\10.0.101\Sdks\Microsoft.NET.Sdk\targets\Microsoft.NET.Sdk.targets(220,5): message :       AfterRebuild;
       C:\Program Files\dotnet\sdk\10.0.101\Sdks\Microsoft.NET.Sdk\targets\Microsoft.NET.Sdk.targets(220,5): message :     ") at C:\Program Files\dotnet\sdk\10.0.101\Sdks\Microsoft.NET.Sdk\targets\Microsoft.NET.Sdk.targets (220,5)
       C:\Program Files\dotnet\sdk\10.0.101\Sdks\Microsoft.NET.Sdk\targets\Microsoft.NET.Sdk.targets(799,5): message : Property reassignment: $(CompileDependsOn)="
       C:\Program Files\dotnet\sdk\10.0.101\Sdks\Microsoft.NET.Sdk\targets\Microsoft.NET.Sdk.targets(799,5): message :       
       C:\Program Files\dotnet\sdk\10.0.101\Sdks\Microsoft.NET.Sdk\targets\Microsoft.NET.Sdk.targets(799,5): message :       ResolveReferences;
       C:\Program Files\dotnet\sdk\10.0.101\Sdks\Microsoft.NET.Sdk\targets\Microsoft.NET.Sdk.targets(799,5): message :       ResolveKeySource;
       C:\Program Files\dotnet\sdk\10.0.101\Sdks\Microsoft.NET.Sdk\targets\Microsoft.NET.Sdk.targets(799,5): message :       SetWin32ManifestProperties;
       C:\Program Files\dotnet\sdk\10.0.101\Sdks\Microsoft.NET.Sdk\targets\Microsoft.NET.Sdk.targets(799,5): message :       _SetPreferNativeArm64Win32ManifestProperties;
       C:\Program Files\dotnet\sdk\10.0.101\Sdks\Microsoft.NET.Sdk\targets\Microsoft.NET.Sdk.targets(799,5): message :       FindReferenceAssembliesForReferences;
       C:\Program Files\dotnet\sdk\10.0.101\Sdks\Microsoft.NET.Sdk\targets\Microsoft.NET.Sdk.targets(799,5): message :       _GenerateCompileInputs;
       C:\Program Files\dotnet\sdk\10.0.101\Sdks\Microsoft.NET.Sdk\targets\Microsoft.NET.Sdk.targets(799,5): message :       BeforeCompile;
       C:\Program Files\dotnet\sdk\10.0.101\Sdks\Microsoft.NET.Sdk\targets\Microsoft.NET.Sdk.targets(799,5): message :       _TimeStampBeforeCompile;
       C:\Program Files\dotnet\sdk\10.0.101\Sdks\Microsoft.NET.Sdk\targets\Microsoft.NET.Sdk.targets(799,5): message :       _GenerateCompileDependencyCache;
       C:\Program Files\dotnet\sdk\10.0.101\Sdks\Microsoft.NET.Sdk\targets\Microsoft.NET.Sdk.targets(799,5): message :       CoreCompile;
       C:\Program Files\dotnet\sdk\10.0.101\Sdks\Microsoft.NET.Sdk\targets\Microsoft.NET.Sdk.targets(799,5): message :       _TimeStampAfterCompile;
       C:\Program Files\dotnet\sdk\10.0.101\Sdks\Microsoft.NET.Sdk\targets\Microsoft.NET.Sdk.targets(799,5): message :       AfterCompile;
       C:\Program Files\dotnet\sdk\10.0.101\Sdks\Microsoft.NET.Sdk\targets\Microsoft.NET.Sdk.targets(799,5): message :     ;
       C:\Program Files\dotnet\sdk\10.0.101\Sdks\Microsoft.NET.Sdk\targets\Microsoft.NET.Sdk.targets(799,5): message :       _CreateAppHost;
       C:\Program Files\dotnet\sdk\10.0.101\Sdks\Microsoft.NET.Sdk\targets\Microsoft.NET.Sdk.targets(799,5): message :       _CreateComHost;
       C:\Program Files\dotnet\sdk\10.0.101\Sdks\Microsoft.NET.Sdk\targets\Microsoft.NET.Sdk.targets(799,5): message :       _GetIjwHostPaths;
       C:\Program Files\dotnet\sdk\10.0.101\Sdks\Microsoft.NET.Sdk\targets\Microsoft.NET.Sdk.targets(799,5): message :     " (previous value: "
       C:\Program Files\dotnet\sdk\10.0.101\Sdks\Microsoft.NET.Sdk\targets\Microsoft.NET.Sdk.targets(799,5): message :       ResolveReferences;
       C:\Program Files\dotnet\sdk\10.0.101\Sdks\Microsoft.NET.Sdk\targets\Microsoft.NET.Sdk.targets(799,5): message :       ResolveKeySource;
       C:\Program Files\dotnet\sdk\10.0.101\Sdks\Microsoft.NET.Sdk\targets\Microsoft.NET.Sdk.targets(799,5): message :       SetWin32ManifestProperties;
       C:\Program Files\dotnet\sdk\10.0.101\Sdks\Microsoft.NET.Sdk\targets\Microsoft.NET.Sdk.targets(799,5): message :       _SetPreferNativeArm64Win32ManifestProperties;
       C:\Program Files\dotnet\sdk\10.0.101\Sdks\Microsoft.NET.Sdk\targets\Microsoft.NET.Sdk.targets(799,5): message :       FindReferenceAssembliesForReferences;
       C:\Program Files\dotnet\sdk\10.0.101\Sdks\Microsoft.NET.Sdk\targets\Microsoft.NET.Sdk.targets(799,5): message :       _GenerateCompileInputs;
       C:\Program Files\dotnet\sdk\10.0.101\Sdks\Microsoft.NET.Sdk\targets\Microsoft.NET.Sdk.targets(799,5): message :       BeforeCompile;
       C:\Program Files\dotnet\sdk\10.0.101\Sdks\Microsoft.NET.Sdk\targets\Microsoft.NET.Sdk.targets(799,5): message :       _TimeStampBeforeCompile;
       C:\Program Files\dotnet\sdk\10.0.101\Sdks\Microsoft.NET.Sdk\targets\Microsoft.NET.Sdk.targets(799,5): message :       _GenerateCompileDependencyCache;
       C:\Program Files\dotnet\sdk\10.0.101\Sdks\Microsoft.NET.Sdk\targets\Microsoft.NET.Sdk.targets(799,5): message :       CoreCompile;
       C:\Program Files\dotnet\sdk\10.0.101\Sdks\Microsoft.NET.Sdk\targets\Microsoft.NET.Sdk.targets(799,5): message :       _TimeStampAfterCompile;
       C:\Program Files\dotnet\sdk\10.0.101\Sdks\Microsoft.NET.Sdk\targets\Microsoft.NET.Sdk.targets(799,5): message :       AfterCompile;
       C:\Program Files\dotnet\sdk\10.0.101\Sdks\Microsoft.NET.Sdk\targets\Microsoft.NET.Sdk.targets(799,5): message :     ") at C:\Program Files\dotnet\sdk\10.0.101\Sdks\Microsoft.NET.Sdk\targets\Microsoft.NET.Sdk.targets (799,5)
       C:\Program Files\dotnet\sdk\10.0.101\Sdks\Microsoft.NET.Sdk\targets\Microsoft.NET.Sdk.targets(1131,5): message : Property reassignment: $(CreateSatelliteAssembliesDependsOn)="
       C:\Program Files\dotnet\sdk\10.0.101\Sdks\Microsoft.NET.Sdk\targets\Microsoft.NET.Sdk.targets(1131,5): message :       
       C:\Program Files\dotnet\sdk\10.0.101\Sdks\Microsoft.NET.Sdk\targets\Microsoft.NET.Sdk.targets(1131,5): message :       ;
       C:\Program Files\dotnet\sdk\10.0.101\Sdks\Microsoft.NET.Sdk\targets\Microsoft.NET.Sdk.targets(1131,5): message :       _GenerateSatelliteAssemblyInputs;
       C:\Program Files\dotnet\sdk\10.0.101\Sdks\Microsoft.NET.Sdk\targets\Microsoft.NET.Sdk.targets(1131,5): message :       ComputeIntermediateSatelliteAssemblies;
       C:\Program Files\dotnet\sdk\10.0.101\Sdks\Microsoft.NET.Sdk\targets\Microsoft.NET.Sdk.targets(1131,5): message :       GenerateSatelliteAssemblies
       C:\Program Files\dotnet\sdk\10.0.101\Sdks\Microsoft.NET.Sdk\targets\Microsoft.NET.Sdk.targets(1131,5): message :     ;
       C:\Program Files\dotnet\sdk\10.0.101\Sdks\Microsoft.NET.Sdk\targets\Microsoft.NET.Sdk.targets(1131,5): message :       CoreGenerateSatelliteAssemblies
       C:\Program Files\dotnet\sdk\10.0.101\Sdks\Microsoft.NET.Sdk\targets\Microsoft.NET.Sdk.targets(1131,5): message :     " (previous value: "
       C:\Program Files\dotnet\sdk\10.0.101\Sdks\Microsoft.NET.Sdk\targets\Microsoft.NET.Sdk.targets(1131,5): message :       ;
       C:\Program Files\dotnet\sdk\10.0.101\Sdks\Microsoft.NET.Sdk\targets\Microsoft.NET.Sdk.targets(1131,5): message :       _GenerateSatelliteAssemblyInputs;
       C:\Program Files\dotnet\sdk\10.0.101\Sdks\Microsoft.NET.Sdk\targets\Microsoft.NET.Sdk.targets(1131,5): message :       ComputeIntermediateSatelliteAssemblies;
       C:\Program Files\dotnet\sdk\10.0.101\Sdks\Microsoft.NET.Sdk\targets\Microsoft.NET.Sdk.targets(1131,5): message :       GenerateSatelliteAssemblies
       C:\Program Files\dotnet\sdk\10.0.101\Sdks\Microsoft.NET.Sdk\targets\Microsoft.NET.Sdk.targets(1131,5): message :     ") at C:\Program Files\dotnet\sdk\10.0.101\Sdks\Microsoft.NET.Sdk\targets\Microsoft.NET.Sdk.targets (1131,5)
       C:\Program Files\dotnet\sdk\10.0.101\Sdks\Microsoft.SourceLink.GitLab\build\Microsoft.SourceLink.GitLab.targets(12,5): message : Property reassignment: $(SourceLinkUrlInitializerTargets)=";_InitializeGitHubSourceLinkUrl;_InitializeGitLabSourceLinkUrl" (previous value: ";_InitializeGitHubSourceLinkUrl") at C:\Program Files\dotnet\sdk\10.0.101\Sdks\Microsoft.SourceLink.GitLab\build\Microsoft.SourceLink.GitLab.targets (12,5)
       C:\Program Files\dotnet\sdk\10.0.101\Sdks\Microsoft.SourceLink.GitLab\build\Microsoft.SourceLink.GitLab.targets(13,5): message : Property reassignment: $(SourceControlManagerUrlTranslationTargets)=";TranslateGitHubUrlsInSourceControlInformation;TranslateGitLabUrlsInSourceControlInformation" (previous value: ";TranslateGitHubUrlsInSourceControlInformation") at C:\Program Files\dotnet\sdk\10.0.101\Sdks\Microsoft.SourceLink.GitLab\build\Microsoft.SourceLink.GitLab.targets (13,5)
       C:\Program Files\dotnet\sdk\10.0.101\Sdks\Microsoft.SourceLink.AzureRepos.Git\build\Microsoft.SourceLink.AzureRepos.Git.targets(12,5): message : Property reassignment: $(SourceLinkUrlInitializerTargets)=";_InitializeGitHubSourceLinkUrl;_InitializeGitLabSourceLinkUrl;_InitializeAzureReposGitSourceLinkUrl" (previous value: ";_InitializeGitHubSourceLinkUrl;_InitializeGitLabSourceLinkUrl") at C:\Program Files\dotnet\sdk\10.0.101\Sdks\Microsoft.SourceLink.AzureRepos.Git\build\Microsoft.SourceLink.AzureRepos.Git.targets (12,5)
       C:\Program Files\dotnet\sdk\10.0.101\Sdks\Microsoft.SourceLink.AzureRepos.Git\build\Microsoft.SourceLink.AzureRepos.Git.targets(13,5): message : Property reassignment: $(SourceControlManagerUrlTranslationTargets)=";TranslateGitHubUrlsInSourceControlInformation;TranslateGitLabUrlsInSourceControlInformation;TranslateAzureReposGitUrlsInSourceControlInformation" (previous value: ";TranslateGitHubUrlsInSourceControlInformation;TranslateGitLabUrlsInSourceControlInformation") at C:\Program Files\dotnet\sdk\10.0.101\Sdks\Microsoft.SourceLink.AzureRepos.Git\build\Microsoft.SourceLink.AzureRepos.Git.targets (13,5)
       C:\Program Files\dotnet\sdk\10.0.101\Sdks\Microsoft.SourceLink.Bitbucket.Git\build\Microsoft.SourceLink.Bitbucket.Git.targets(12,5): message : Property reassignment: $(SourceLinkUrlInitializerTargets)=";_InitializeGitHubSourceLinkUrl;_InitializeGitLabSourceLinkUrl;_InitializeAzureReposGitSourceLinkUrl;_InitializeBitbucketGitSourceLinkUrl" (previous value: ";_InitializeGitHubSourceLinkUrl;_InitializeGitLabSourceLinkUrl;_InitializeAzureReposGitSourceLinkUrl") at C:\Program Files\dotnet\sdk\10.0.101\Sdks\Microsoft.SourceLink.Bitbucket.Git\build\Microsoft.SourceLink.Bitbucket.Git.targets (12,5)
       C:\Program Files\dotnet\sdk\10.0.101\Sdks\Microsoft.SourceLink.Bitbucket.Git\build\Microsoft.SourceLink.Bitbucket.Git.targets(13,5): message : Property reassignment: $(SourceControlManagerUrlTranslationTargets)=";TranslateGitHubUrlsInSourceControlInformation;TranslateGitLabUrlsInSourceControlInformation;TranslateAzureReposGitUrlsInSourceControlInformation;TranslateBitbucketGitUrlsInSourceControlInformation" (previous value: ";TranslateGitHubUrlsInSourceControlInformation;TranslateGitLabUrlsInSourceControlInformation;TranslateAzureReposGitUrlsInSourceControlInformation") at C:\Program Files\dotnet\sdk\10.0.101\Sdks\Microsoft.SourceLink.Bitbucket.Git\build\Microsoft.SourceLink.Bitbucket.Git.targets (13,5)
       C:\Program Files\dotnet\sdk\10.0.101\Sdks\Microsoft.NET.Sdk\targets\Microsoft.NET.DesignerSupport.targets(21,5): message : Property reassignment: $(DesignerRuntimeImplementationProjectOutputGroupDependsOn)="
       C:\Program Files\dotnet\sdk\10.0.101\Sdks\Microsoft.NET.Sdk\targets\Microsoft.NET.DesignerSupport.targets(21,5): message :       
       C:\Program Files\dotnet\sdk\10.0.101\Sdks\Microsoft.NET.Sdk\targets\Microsoft.NET.DesignerSupport.targets(21,5): message :       ;
       C:\Program Files\dotnet\sdk\10.0.101\Sdks\Microsoft.NET.Sdk\targets\Microsoft.NET.DesignerSupport.targets(21,5): message :       
       C:\Program Files\dotnet\sdk\10.0.101\Sdks\Microsoft.NET.Sdk\targets\Microsoft.NET.DesignerSupport.targets(21,5): message :       ;
       C:\Program Files\dotnet\sdk\10.0.101\Sdks\Microsoft.NET.Sdk\targets\Microsoft.NET.DesignerSupport.targets(21,5): message :       BuildOnlySettings;
       C:\Program Files\dotnet\sdk\10.0.101\Sdks\Microsoft.NET.Sdk\targets\Microsoft.NET.DesignerSupport.targets(21,5): message :       PrepareForBuild;
       C:\Program Files\dotnet\sdk\10.0.101\Sdks\Microsoft.NET.Sdk\targets\Microsoft.NET.DesignerSupport.targets(21,5): message :       AssignTargetPaths;
       C:\Program Files\dotnet\sdk\10.0.101\Sdks\Microsoft.NET.Sdk\targets\Microsoft.NET.DesignerSupport.targets(21,5): message :       ResolveReferences
       C:\Program Files\dotnet\sdk\10.0.101\Sdks\Microsoft.NET.Sdk\targets\Microsoft.NET.DesignerSupport.targets(21,5): message :     
       C:\Program Files\dotnet\sdk\10.0.101\Sdks\Microsoft.NET.Sdk\targets\Microsoft.NET.DesignerSupport.targets(21,5): message :     ;
       C:\Program Files\dotnet\sdk\10.0.101\Sdks\Microsoft.NET.Sdk\targets\Microsoft.NET.DesignerSupport.targets(21,5): message :       _GenerateDesignerDepsFile;
       C:\Program Files\dotnet\sdk\10.0.101\Sdks\Microsoft.NET.Sdk\targets\Microsoft.NET.DesignerSupport.targets(21,5): message :       _GenerateDesignerRuntimeConfigFile;
       C:\Program Files\dotnet\sdk\10.0.101\Sdks\Microsoft.NET.Sdk\targets\Microsoft.NET.DesignerSupport.targets(21,5): message :       GetCopyToOutputDirectoryItems;
       C:\Program Files\dotnet\sdk\10.0.101\Sdks\Microsoft.NET.Sdk\targets\Microsoft.NET.DesignerSupport.targets(21,5): message :       _GatherDesignerShadowCopyFiles;
       C:\Program Files\dotnet\sdk\10.0.101\Sdks\Microsoft.NET.Sdk\targets\Microsoft.NET.DesignerSupport.targets(21,5): message :     " (previous value: "
       C:\Program Files\dotnet\sdk\10.0.101\Sdks\Microsoft.NET.Sdk\targets\Microsoft.NET.DesignerSupport.targets(21,5): message :       ;
       C:\Program Files\dotnet\sdk\10.0.101\Sdks\Microsoft.NET.Sdk\targets\Microsoft.NET.DesignerSupport.targets(21,5): message :       
       C:\Program Files\dotnet\sdk\10.0.101\Sdks\Microsoft.NET.Sdk\targets\Microsoft.NET.DesignerSupport.targets(21,5): message :       ;
       C:\Program Files\dotnet\sdk\10.0.101\Sdks\Microsoft.NET.Sdk\targets\Microsoft.NET.DesignerSupport.targets(21,5): message :       BuildOnlySettings;
       C:\Program Files\dotnet\sdk\10.0.101\Sdks\Microsoft.NET.Sdk\targets\Microsoft.NET.DesignerSupport.targets(21,5): message :       PrepareForBuild;
       C:\Program Files\dotnet\sdk\10.0.101\Sdks\Microsoft.NET.Sdk\targets\Microsoft.NET.DesignerSupport.targets(21,5): message :       AssignTargetPaths;
       C:\Program Files\dotnet\sdk\10.0.101\Sdks\Microsoft.NET.Sdk\targets\Microsoft.NET.DesignerSupport.targets(21,5): message :       ResolveReferences
       C:\Program Files\dotnet\sdk\10.0.101\Sdks\Microsoft.NET.Sdk\targets\Microsoft.NET.DesignerSupport.targets(21,5): message :     
       C:\Program Files\dotnet\sdk\10.0.101\Sdks\Microsoft.NET.Sdk\targets\Microsoft.NET.DesignerSupport.targets(21,5): message :     ") at C:\Program Files\dotnet\sdk\10.0.101\Sdks\Microsoft.NET.Sdk\targets\Microsoft.NET.DesignerSupport.targets (21,5)
       C:\Program Files\dotnet\sdk\10.0.101\Sdks\Microsoft.NET.Sdk\targets\Microsoft.NET.Sdk.CSharp.targets(31,5): message : Property reassignment: $(DefineConstants)="TRACE;DEBUG" (previous value: "TRACE") at C:\Program Files\dotnet\sdk\10.0.101\Sdks\Microsoft.NET.Sdk\targets\Microsoft.NET.Sdk.CSharp.targets (31,5)
       C:\Program Files\dotnet\sdk\10.0.101\Sdks\Microsoft.NET.Sdk\targets\Microsoft.NET.Sdk.CSharp.targets(45,5): message : Property reassignment: $(WarningsAsErrors)=";NU1605;SYSLIB0011" (previous value: ";NU1605") at C:\Program Files\dotnet\sdk\10.0.101\Sdks\Microsoft.NET.Sdk\targets\Microsoft.NET.Sdk.CSharp.targets (45,5)
       C:\Program Files\dotnet\sdk\10.0.101\NuGet.Build.Tasks.Pack.targets(34,5): message : Property reassignment: $(PackageDescription)="Package Description" (previous value: "") at C:\Program Files\dotnet\sdk\10.0.101\NuGet.Build.Tasks.Pack.targets (34,5)
       C:\Program Files\dotnet\sdk\10.0.101\NuGet.Build.Tasks.Pack.targets(59,5): message : Property reassignment: $(GenerateNuspecDependsOn)="Build;_LoadPackInputItems; _GetTargetFrameworksOutput; _WalkEachTargetPerFramework; _GetPackageFiles; " (previous value: "_LoadPackInputItems; _GetTargetFrameworksOutput; _WalkEachTargetPerFramework; _GetPackageFiles; ") at C:\Program Files\dotnet\sdk\10.0.101\NuGet.Build.Tasks.Pack.targets (59,5)
       C:\Program Files\dotnet\sdk\10.0.101\Sdks\Microsoft.NET.Sdk\Sdk\Sdk.targets(59,5): message : Property reassignment: $(_IsNotSetContainersTargetsDir)="true" (previous value: "false") at C:\Program Files\dotnet\sdk\10.0.101\Sdks\Microsoft.NET.Sdk\Sdk\Sdk.targets (59,5)
       C:\Program Files\dotnet\sdk\10.0.101\Containers\build\Microsoft.NET.Build.Containers.targets(5,5): message : Property reassignment: $(_IsSDKContainerAllowedVersion)="true" (previous value: "false") at C:\Program Files\dotnet\sdk\10.0.101\Containers\build\Microsoft.NET.Build.Containers.targets (5,5)
       C:\Program Files\dotnet\sdk\10.0.101\Containers\build\Microsoft.NET.Build.Containers.targets(15,5): message : Property reassignment: $(_ContainerIsTargetingNet8TFM)="true" (previous value: "false") at C:\Program Files\dotnet\sdk\10.0.101\Containers\build\Microsoft.NET.Build.Containers.targets (15,5)
       Overriding target "ResolveFrameworkReferences" in project "C:\Program Files\dotnet\sdk\10.0.101\Microsoft.Common.CurrentVersion.targets" with target "ResolveFrameworkReferences" from project "C:\Program Files\dotnet\sdk\10.0.101\Sdks\Microsoft.NET.Sdk\targets\Microsoft.NET.Sdk.FrameworkReferenceResolution.targets".
       Overriding target "GenerateSupportedTargetFrameworkAlias" in project "C:\Program Files\dotnet\sdk\10.0.101\Microsoft.Common.CurrentVersion.targets" with target "GenerateSupportedTargetFrameworkAlias" from project "C:\Program Files\dotnet\sdk\10.0.101\Sdks\Microsoft.NET.Sdk\targets\Microsoft.NET.Sdk.targets".
       Overriding target "GetReferenceAssemblyPaths" in project "C:\Program Files\dotnet\sdk\10.0.101\Microsoft.Common.CurrentVersion.targets" with target "GetReferenceAssemblyPaths" from project "C:\Program Files\dotnet\sdk\10.0.101\Sdks\Microsoft.NET.Sdk\targets\Microsoft.NET.DisableStandardFrameworkResolution.targets".
       Overriding target "GetFrameworkPaths" in project "C:\Program Files\dotnet\sdk\10.0.101\Microsoft.Common.CurrentVersion.targets" with target "GetFrameworkPaths" from project "C:\Program Files\dotnet\sdk\10.0.101\Sdks\Microsoft.NET.Sdk\targets\Microsoft.NET.DisableStandardFrameworkResolution.targets".
       Overriding target "DesignerRuntimeImplementationProjectOutputGroup" in project "C:\Program Files\dotnet\sdk\10.0.101\Microsoft.Common.CurrentVersion.targets" with target "DesignerRuntimeImplementationProjectOutputGroup" from project "C:\Program Files\dotnet\sdk\10.0.101\Sdks\Microsoft.NET.Sdk\targets\Microsoft.NET.DesignerSupport.targets".
       Overriding target "Publish" in project "C:\Program Files\dotnet\sdk\10.0.101\Microsoft.Common.CurrentVersion.targets" with target "Publish" from project "C:\Program Files\dotnet\sdk\10.0.101\Sdks\Microsoft.NET.Sdk\targets\Microsoft.NET.Publish.targets".
       Overriding target "ResolveReadyToRunCompilers" in project "C:\Program Files\dotnet\sdk\10.0.101\Sdks\Microsoft.NET.Sdk\targets\Microsoft.NET.CrossGen.targets" with target "ResolveReadyToRunCompilers" from project "C:\Program Files\dotnet\sdk\10.0.101\Sdks\Microsoft.NET.Sdk\targets\Microsoft.NET.Publish.targets".
       Overriding target "GetCopyToPublishDirectoryItems" in project "C:\Program Files\dotnet\sdk\10.0.101\Microsoft.Common.CurrentVersion.targets" with target "GetCopyToPublishDirectoryItems" from project "C:\Program Files\dotnet\sdk\10.0.101\Sdks\Microsoft.NET.Sdk\targets\Microsoft.NET.Publish.targets".
       Overriding target "Run" in project "C:\Program Files\dotnet\sdk\10.0.101\Microsoft.Common.CurrentVersion.targets" with target "Run" from project "C:\Program Files\dotnet\sdk\10.0.101\Sdks\Microsoft.NET.Sdk\targets\Microsoft.NET.Sdk.targets".
       The target "ResolveNuGetPackageAssets" listed in an AfterTargets attribute at "C:\Users\Dell\.nuget\packages\system.text.json\9.0.0\buildTransitive\net8.0\System.Text.Json.targets (11,11)" does not exist in the project, and will be ignored.
       The target "ResolveNuGetPackageAssets" listed in an AfterTargets attribute at "C:\Users\Dell\.nuget\packages\system.text.json\9.0.0\buildTransitive\net8.0\System.Text.Json.targets (23,11)" does not exist in the project, and will be ignored.
       The target "ResolveNuGetPackageAssets" listed in an AfterTargets attribute at "C:\Users\Dell\.nuget\packages\microsoft.extensions.options\9.0.0\buildTransitive\net8.0\Microsoft.Extensions.Options.targets (11,11)" does not exist in the project, and will be ignored.
       The target "ResolveNuGetPackageAssets" listed in an AfterTargets attribute at "C:\Users\Dell\.nuget\packages\microsoft.extensions.options\9.0.0\buildTransitive\net8.0\Microsoft.Extensions.Options.targets (23,11)" does not exist in the project, and will be ignored.
       The target "ResolveNuGetPackageAssets" listed in an AfterTargets attribute at "C:\Users\Dell\.nuget\packages\microsoft.extensions.logging.abstractions\9.0.0\buildTransitive\net8.0\Microsoft.Extensions.Logging.Abstractions.targets (11,11)" does not exist in the project, and will be ignored.
       The target "ResolveNuGetPackageAssets" listed in an AfterTargets attribute at "C:\Users\Dell\.nuget\packages\microsoft.extensions.logging.abstractions\9.0.0\buildTransitive\net8.0\Microsoft.Extensions.Logging.Abstractions.targets (23,11)" does not exist in the project, and will be ignored.
   1:7>Project "D:\P.L\Flutter\fresh_produce_app\FreshProduce.Api\FreshProduce.Api.csproj" (1:7) is building "D:\P.L\Flutter\fresh_produce_app\FreshProduce.Infrastructure\FreshProduce.Infrastructure.csproj" (4:5) on node 1 (GetTargetFrameworks target(s)).
   4:5>Target "NETStandardCompatError_Mono_TextTemplating_net6_0" in file "C:\Users\Dell\.nuget\packages\mono.texttemplating\3.0.0\buildTransitive\Mono.TextTemplating.targets" from project "D:\P.L\Flutter\fresh_produce_app\FreshProduce.Infrastructure\FreshProduce.Infrastructure.csproj" (entry point):
   4:5>Done building target "NETStandardCompatError_Mono_TextTemplating_net6_0" in project "FreshProduce.Infrastructure.csproj".
   4:5>Target "_CalculateIsVSTestTestProject" in file "C:\Program Files\dotnet\sdk\10.0.101\Sdks\Microsoft.NET.Sdk\targets\Microsoft.NET.Sdk.targets" from project "D:\P.L\Flutter\fresh_produce_app\FreshProduce.Infrastructure\FreshProduce.Infrastructure.csproj" (target "GetTargetFrameworksWithPlatformForSingleTargetFramework" depends on it):
   4:5>Done building target "_CalculateIsVSTestTestProject" in project "FreshProduce.Infrastructure.csproj".
   4:5>Target "GetTargetFrameworksWithPlatformForSingleTargetFramework" in file "C:\Program Files\dotnet\sdk\10.0.101\Microsoft.Common.CurrentVersion.targets" from project "D:\P.L\Flutter\fresh_produce_app\FreshProduce.Infrastructure\FreshProduce.Infrastructure.csproj" (target "GetTargetFrameworks" depends on it):
       Using "CombineTargetFrameworkInfoProperties" task from assembly "Microsoft.Build.Tasks.Core, Version=15.1.0.0, Culture=neutral, PublicKeyToken=b03f5f7f11d50a3a".
       Task "CombineTargetFrameworkInfoProperties"
       Done executing task "CombineTargetFrameworkInfoProperties".
   4:5>Done building target "GetTargetFrameworksWithPlatformForSingleTargetFramework" in project "FreshProduce.Infrastructure.csproj".
   4:5>Target "GetTargetFrameworks" in file "C:\Program Files\dotnet\sdk\10.0.101\Microsoft.Common.CurrentVersion.targets" from project "D:\P.L\Flutter\fresh_produce_app\FreshProduce.Infrastructure\FreshProduce.Infrastructure.csproj" (entry point):
       Using "CombineXmlElements" task from assembly "Microsoft.Build.Tasks.Core, Version=15.1.0.0, Culture=neutral, PublicKeyToken=b03f5f7f11d50a3a".
       Task "CombineXmlElements"
       Done executing task "CombineXmlElements".
   4:5>Done building target "GetTargetFrameworks" in project "FreshProduce.Infrastructure.csproj".
   4:5>Done Building Project "D:\P.L\Flutter\fresh_produce_app\FreshProduce.Infrastructure\FreshProduce.Infrastructure.csproj" (GetTargetFrameworks target(s)).
   1:7>Done executing task "MSBuild".
       Using "GetReferenceNearestTargetFrameworkTask" task from assembly "C:\Program Files\dotnet\sdk\10.0.101\NuGet.Build.Tasks.dll".
       Task "GetReferenceNearestTargetFrameworkTask"
       Done executing task "GetReferenceNearestTargetFrameworkTask".
       Using "SetRidAgnosticValueForProjects" task from assembly "Microsoft.Build.Tasks.Core, Version=15.1.0.0, Culture=neutral, PublicKeyToken=b03f5f7f11d50a3a".
       Task "SetRidAgnosticValueForProjects"
       Done executing task "SetRidAgnosticValueForProjects".
   1:7>Done building target "_GetProjectReferenceTargetFrameworkProperties" in project "FreshProduce.Api.csproj".
   1:7>Target "_CalculateIsVSTestTestProject" in file "C:\Program Files\dotnet\sdk\10.0.101\Sdks\Microsoft.NET.Sdk\targets\Microsoft.NET.Sdk.targets" from project "D:\P.L\Flutter\fresh_produce_app\FreshProduce.Api\FreshProduce.Api.csproj" (target "ValidateExecutableReferences" depends on it):
   1:7>Done building target "_CalculateIsVSTestTestProject" in project "FreshProduce.Api.csproj".
   1:7>Target "ValidateExecutableReferences" in file "C:\Program Files\dotnet\sdk\10.0.101\Sdks\Microsoft.NET.Sdk\targets\Microsoft.NET.Sdk.targets" from project "D:\P.L\Flutter\fresh_produce_app\FreshProduce.Api\FreshProduce.Api.csproj" (target "PrepareProjectReferences" depends on it):
       Using "ValidateExecutableReferences" task from assembly "C:\Program Files\dotnet\sdk\10.0.101\Sdks\Microsoft.NET.Sdk\targets\..\tools\net10.0\Microsoft.NET.Build.Tasks.dll".
       Task "ValidateExecutableReferences"
       Done executing task "ValidateExecutableReferences".
   1:7>Done building target "ValidateExecutableReferences" in project "FreshProduce.Api.csproj".
   1:7>Target "PrepareProjectReferences" in file "C:\Program Files\dotnet\sdk\10.0.101\Microsoft.Common.CurrentVersion.targets" from project "D:\P.L\Flutter\fresh_produce_app\FreshProduce.Api\FreshProduce.Api.csproj" (target "ResolveProjectReferences" depends on it):
   1:7>Done building target "PrepareProjectReferences" in project "FreshProduce.Api.csproj".
   1:7>Target "ResolveProjectReferences" in file "C:\Program Files\dotnet\sdk\10.0.101\Microsoft.Common.CurrentVersion.targets" from project "D:\P.L\Flutter\fresh_produce_app\FreshProduce.Api\FreshProduce.Api.csproj" (target "ResolveReferences" depends on it):
       Task "MSBuild"
         Removing Properties:
           WebPublishProfileFile
         Removing Properties for project "..\FreshProduce.Application\FreshProduce.Application.csproj":
           TargetFramework
           RuntimeIdentifier
           SelfContained
         Removing Properties for project "..\FreshProduce.Infrastructure\FreshProduce.Infrastructure.csproj":
           TargetFramework
           RuntimeIdentifier
           SelfContained
         Removing Properties for project "..\FreshProduce.Domain\FreshProduce.Domain.csproj":
           TargetFramework
           RuntimeIdentifier
           SelfContained
   1:7>Project "D:\P.L\Flutter\fresh_produce_app\FreshProduce.Api\FreshProduce.Api.csproj" (1:7) is building "D:\P.L\Flutter\fresh_produce_app\FreshProduce.Infrastructure\FreshProduce.Infrastructure.csproj" (4:6) on node 1 (default targets).
   4:6>Target "NETStandardCompatError_Mono_TextTemplating_net6_0" skipped. Previously built successfully.
   4:6>Target "_CollectTargetFrameworkForTelemetry" in file "C:\Program Files\dotnet\sdk\10.0.101\Sdks\Microsoft.NET.Sdk\targets\Microsoft.NET.TargetFrameworkInference.targets" from project "D:\P.L\Flutter\fresh_produce_app\FreshProduce.Infrastructure\FreshProduce.Infrastructure.csproj" (target "_CheckForInvalidConfigurationAndPlatform" depends on it):
       Using "AllowEmptyTelemetry" task from assembly "C:\Program Files\dotnet\sdk\10.0.101\Sdks\Microsoft.NET.Sdk\targets\..\tools\net10.0\Microsoft.NET.Build.Tasks.dll".
       Task "AllowEmptyTelemetry"
       Done executing task "AllowEmptyTelemetry".
   4:6>Done building target "_CollectTargetFrameworkForTelemetry" in project "FreshProduce.Infrastructure.csproj".
   4:6>Target "_CheckForUnsupportedNETCoreVersion" in file "C:\Program Files\dotnet\sdk\10.0.101\Sdks\Microsoft.NET.Sdk\targets\Microsoft.NET.TargetFrameworkInference.targets" from project "D:\P.L\Flutter\fresh_produce_app\FreshProduce.Infrastructure\FreshProduce.Infrastructure.csproj" (target "_CheckForInvalidConfigurationAndPlatform" depends on it):
   4:6>Done building target "_CheckForUnsupportedNETCoreVersion" in project "FreshProduce.Infrastructure.csproj".
   4:6>Target "_CheckForUnsupportedCppNETCoreVersion" in file "C:\Program Files\dotnet\sdk\10.0.101\Sdks\Microsoft.NET.Sdk\targets\Microsoft.NET.TargetFrameworkInference.targets" from project "D:\P.L\Flutter\fresh_produce_app\FreshProduce.Infrastructure\FreshProduce.Infrastructure.csproj" (target "_CheckForInvalidConfigurationAndPlatform" depends on it):
   4:6>Done building target "_CheckForUnsupportedCppNETCoreVersion" in project "FreshProduce.Infrastructure.csproj".
   4:6>Target "_CheckForUnsupportedArtifactsPath" in file "C:\Program Files\dotnet\sdk\10.0.101\Sdks\Microsoft.NET.Sdk\targets\Microsoft.NET.DefaultOutputPaths.targets" from project "D:\P.L\Flutter\fresh_produce_app\FreshProduce.Infrastructure\FreshProduce.Infrastructure.csproj" (target "_CheckForInvalidConfigurationAndPlatform" depends on it):
   4:6>Done building target "_CheckForUnsupportedArtifactsPath" in project "FreshProduce.Infrastructure.csproj".
   4:6>Target "_CheckForUnsupportedHostingUsage" in file "C:\Program Files\dotnet\sdk\10.0.101\Sdks\Microsoft.NET.Sdk\targets\Microsoft.NET.RuntimeIdentifierInference.targets" from project "D:\P.L\Flutter\fresh_produce_app\FreshProduce.Infrastructure\FreshProduce.Infrastructure.csproj" (target "_CheckForInvalidConfigurationAndPlatform" depends on it):
   4:6>Done building target "_CheckForUnsupportedHostingUsage" in project "FreshProduce.Infrastructure.csproj".
   4:6>Target "_CheckAndUnsetUnsupportedPrefer32Bit" in file "C:\Program Files\dotnet\sdk\10.0.101\Sdks\Microsoft.NET.Sdk\targets\Microsoft.NET.RuntimeIdentifierInference.targets" from project "D:\P.L\Flutter\fresh_produce_app\FreshProduce.Infrastructure\FreshProduce.Infrastructure.csproj" (target "_CheckForInvalidConfigurationAndPlatform" depends on it):
   4:6>Done building target "_CheckAndUnsetUnsupportedPrefer32Bit" in project "FreshProduce.Infrastructure.csproj".
   4:6>Target "_CheckForLanguageAndFeatureCombinationSupport" in file "C:\Program Files\dotnet\sdk\10.0.101\Sdks\Microsoft.NET.Sdk\targets\Microsoft.NET.RuntimeIdentifierInference.targets" from project "D:\P.L\Flutter\fresh_produce_app\FreshProduce.Infrastructure\FreshProduce.Infrastructure.csproj" (target "_CheckForInvalidConfigurationAndPlatform" depends on it):
   4:6>Done building target "_CheckForLanguageAndFeatureCombinationSupport" in project "FreshProduce.Infrastructure.csproj".
   1:7>Project "D:\P.L\Flutter\fresh_produce_app\FreshProduce.Api\FreshProduce.Api.csproj" (1:7) is building "D:\P.L\Flutter\fresh_produce_app\FreshProduce.Domain\FreshProduce.Domain.csproj" (3:7) on node 3 (default targets).
   3:7>Target "_CollectTargetFrameworkForTelemetry" in file "C:\Program Files\dotnet\sdk\10.0.101\Sdks\Microsoft.NET.Sdk\targets\Microsoft.NET.TargetFrameworkInference.targets" from project "D:\P.L\Flutter\fresh_produce_app\FreshProduce.Domain\FreshProduce.Domain.csproj" (target "_CheckForInvalidConfigurationAndPlatform" depends on it):
   3:7>Using "AllowEmptyTelemetry" task from assembly "C:\Program Files\dotnet\sdk\10.0.101\Sdks\Microsoft.NET.Sdk\targets\..\tools\net10.0\Microsoft.NET.Build.Tasks.dll".
   4:6>Target "UpdateAspNetToFrameworkReference" in file "C:\Program Files\dotnet\sdk\10.0.101\Sdks\Microsoft.NET.Sdk\targets\Microsoft.NET.Sdk.DefaultItems.Shared.targets" from project "D:\P.L\Flutter\fresh_produce_app\FreshProduce.Infrastructure\FreshProduce.Infrastructure.csproj" (target "ApplyImplicitVersions" depends on it):
   4:6>Using "CheckIfPackageReferenceShouldBeFrameworkReference" task from assembly "C:\Program Files\dotnet\sdk\10.0.101\Sdks\Microsoft.NET.Sdk\targets\..\tools\net10.0\Microsoft.NET.Build.Tasks.dll".
       Task "CheckIfPackageReferenceShouldBeFrameworkReference"
   3:7>Task "AllowEmptyTelemetry"
   4:6>Done executing task "CheckIfPackageReferenceShouldBeFrameworkReference".
       Task "CheckIfPackageReferenceShouldBeFrameworkReference"
       Done executing task "CheckIfPackageReferenceShouldBeFrameworkReference".
   4:6>Done building target "UpdateAspNetToFrameworkReference" in project "FreshProduce.Infrastructure.csproj".
   3:7>Done executing task "AllowEmptyTelemetry".
   1:7>Project "D:\P.L\Flutter\fresh_produce_app\FreshProduce.Api\FreshProduce.Api.csproj" (1:7) is building "D:\P.L\Flutter\fresh_produce_app\FreshProduce.Application\FreshProduce.Application.csproj" (2:7) on node 2 (default targets).
   2:7>Target "_CollectTargetFrameworkForTelemetry" in file "C:\Program Files\dotnet\sdk\10.0.101\Sdks\Microsoft.NET.Sdk\targets\Microsoft.NET.TargetFrameworkInference.targets" from project "D:\P.L\Flutter\fresh_produce_app\FreshProduce.Application\FreshProduce.Application.csproj" (target "_CheckForInvalidConfigurationAndPlatform" depends on it):
   2:7>Using "AllowEmptyTelemetry" task from assembly "C:\Program Files\dotnet\sdk\10.0.101\Sdks\Microsoft.NET.Sdk\targets\..\tools\net10.0\Microsoft.NET.Build.Tasks.dll".
   4:6>Target "CheckForImplicitPackageReferenceOverrides" in file "C:\Program Files\dotnet\sdk\10.0.101\Sdks\Microsoft.NET.Sdk\targets\Microsoft.NET.Sdk.DefaultItems.Shared.targets" from project "D:\P.L\Flutter\fresh_produce_app\FreshProduce.Infrastructure\FreshProduce.Infrastructure.csproj" (target "ApplyImplicitVersions" depends on it):
   4:6>Using "CheckForImplicitPackageReferenceOverrides" task from assembly "C:\Program Files\dotnet\sdk\10.0.101\Sdks\Microsoft.NET.Sdk\targets\..\tools\net10.0\Microsoft.NET.Build.Tasks.dll".
       Task "CheckForImplicitPackageReferenceOverrides"
   3:7>Done building target "_CollectTargetFrameworkForTelemetry" in project "FreshProduce.Domain.csproj".
   4:6>Done executing task "CheckForImplicitPackageReferenceOverrides".
   4:6>Done building target "CheckForImplicitPackageReferenceOverrides" in project "FreshProduce.Infrastructure.csproj".
   2:7>Task "AllowEmptyTelemetry"
   4:6>Target "ApplyImplicitVersions" in file "C:\Program Files\dotnet\sdk\10.0.101\Sdks\Microsoft.NET.Sdk\targets\Microsoft.NET.Sdk.DefaultItems.Shared.targets" from project "D:\P.L\Flutter\fresh_produce_app\FreshProduce.Infrastructure\FreshProduce.Infrastructure.csproj" (target "CollectPackageReferences" depends on it):
   4:6>Using "ApplyImplicitVersions" task from assembly "C:\Program Files\dotnet\sdk\10.0.101\Sdks\Microsoft.NET.Sdk\targets\..\tools\net10.0\Microsoft.NET.Build.Tasks.dll".
       Task "ApplyImplicitVersions"
   3:7>Target "_CheckForUnsupportedNETCoreVersion" in file "C:\Program Files\dotnet\sdk\10.0.101\Sdks\Microsoft.NET.Sdk\targets\Microsoft.NET.TargetFrameworkInference.targets" from project "D:\P.L\Flutter\fresh_produce_app\FreshProduce.Domain\FreshProduce.Domain.csproj" (target "_CheckForInvalidConfigurationAndPlatform" depends on it):
   3:7>Done building target "_CheckForUnsupportedNETCoreVersion" in project "FreshProduce.Domain.csproj".
   2:7>Done executing task "AllowEmptyTelemetry".
   3:7>Target "_CheckForUnsupportedCppNETCoreVersion" in file "C:\Program Files\dotnet\sdk\10.0.101\Sdks\Microsoft.NET.Sdk\targets\Microsoft.NET.TargetFrameworkInference.targets" from project "D:\P.L\Flutter\fresh_produce_app\FreshProduce.Domain\FreshProduce.Domain.csproj" (target "_CheckForInvalidConfigurationAndPlatform" depends on it):
   3:7>Done building target "_CheckForUnsupportedCppNETCoreVersion" in project "FreshProduce.Domain.csproj".
   2:7>Done building target "_CollectTargetFrameworkForTelemetry" in project "FreshProduce.Application.csproj".
   3:7>Target "_CheckForUnsupportedArtifactsPath" in file "C:\Program Files\dotnet\sdk\10.0.101\Sdks\Microsoft.NET.Sdk\targets\Microsoft.NET.DefaultOutputPaths.targets" from project "D:\P.L\Flutter\fresh_produce_app\FreshProduce.Domain\FreshProduce.Domain.csproj" (target "_CheckForInvalidConfigurationAndPlatform" depends on it):
   3:7>Done building target "_CheckForUnsupportedArtifactsPath" in project "FreshProduce.Domain.csproj".
   4:6>Done executing task "ApplyImplicitVersions".
   2:7>Target "_CheckForUnsupportedNETCoreVersion" in file "C:\Program Files\dotnet\sdk\10.0.101\Sdks\Microsoft.NET.Sdk\targets\Microsoft.NET.TargetFrameworkInference.targets" from project "D:\P.L\Flutter\fresh_produce_app\FreshProduce.Application\FreshProduce.Application.csproj" (target "_CheckForInvalidConfigurationAndPlatform" depends on it):
   2:7>Done building target "_CheckForUnsupportedNETCoreVersion" in project "FreshProduce.Application.csproj".
   4:6>Done building target "ApplyImplicitVersions" in project "FreshProduce.Infrastructure.csproj".
       Target "CheckForImplicitPackageReferenceOverrides" skipped. Previously built successfully.
   4:6>Target "_ComputeToolPackInputsToProcessFrameworkReferences" in file "C:\Program Files\dotnet\sdk\10.0.101\Sdks\Microsoft.NET.Sdk\targets\Microsoft.NET.Publish.targets" from project "D:\P.L\Flutter\fresh_produce_app\FreshProduce.Infrastructure\FreshProduce.Infrastructure.csproj" (target "ProcessFrameworkReferences" depends on it):
   4:6>Done building target "_ComputeToolPackInputsToProcessFrameworkReferences" in project "FreshProduce.Infrastructure.csproj".
   3:7>Target "_CheckForUnsupportedHostingUsage" in file "C:\Program Files\dotnet\sdk\10.0.101\Sdks\Microsoft.NET.Sdk\targets\Microsoft.NET.RuntimeIdentifierInference.targets" from project "D:\P.L\Flutter\fresh_produce_app\FreshProduce.Domain\FreshProduce.Domain.csproj" (target "_CheckForInvalidConfigurationAndPlatform" depends on it):
   3:7>Done building target "_CheckForUnsupportedHostingUsage" in project "FreshProduce.Domain.csproj".
   4:6>Target "ProcessFrameworkReferences" in file "C:\Program Files\dotnet\sdk\10.0.101\Sdks\Microsoft.NET.Sdk\targets\Microsoft.NET.Sdk.FrameworkReferenceResolution.targets" from project "D:\P.L\Flutter\fresh_produce_app\FreshProduce.Infrastructure\FreshProduce.Infrastructure.csproj" (target "CollectPackageReferences" depends on it):
   4:6>Using "CheckForDuplicateFrameworkReferences" task from assembly "C:\Program Files\dotnet\sdk\10.0.101\Sdks\Microsoft.NET.Sdk\targets\..\tools\net10.0\Microsoft.NET.Build.Tasks.dll".
       Task "CheckForDuplicateFrameworkReferences"
       Done executing task "CheckForDuplicateFrameworkReferences".
   2:7>Target "_CheckForUnsupportedCppNETCoreVersion" in file "C:\Program Files\dotnet\sdk\10.0.101\Sdks\Microsoft.NET.Sdk\targets\Microsoft.NET.TargetFrameworkInference.targets" from project "D:\P.L\Flutter\fresh_produce_app\FreshProduce.Application\FreshProduce.Application.csproj" (target "_CheckForInvalidConfigurationAndPlatform" depends on it):
   2:7>Done building target "_CheckForUnsupportedCppNETCoreVersion" in project "FreshProduce.Application.csproj".
   4:6>ProcessFrameworkReferences:
       Using "ProcessFrameworkReferences" task from assembly "C:\Program Files\dotnet\sdk\10.0.101\Sdks\Microsoft.NET.Sdk\targets\..\tools\net10.0\Microsoft.NET.Build.Tasks.dll".
       Task "ProcessFrameworkReferences"
   3:7>Target "_CheckAndUnsetUnsupportedPrefer32Bit" in file "C:\Program Files\dotnet\sdk\10.0.101\Sdks\Microsoft.NET.Sdk\targets\Microsoft.NET.RuntimeIdentifierInference.targets" from project "D:\P.L\Flutter\fresh_produce_app\FreshProduce.Domain\FreshProduce.Domain.csproj" (target "_CheckForInvalidConfigurationAndPlatform" depends on it):
   3:7>Done building target "_CheckAndUnsetUnsupportedPrefer32Bit" in project "FreshProduce.Domain.csproj".
   2:7>Target "_CheckForUnsupportedArtifactsPath" in file "C:\Program Files\dotnet\sdk\10.0.101\Sdks\Microsoft.NET.Sdk\targets\Microsoft.NET.DefaultOutputPaths.targets" from project "D:\P.L\Flutter\fresh_produce_app\FreshProduce.Application\FreshProduce.Application.csproj" (target "_CheckForInvalidConfigurationAndPlatform" depends on it):
   2:7>Done building target "_CheckForUnsupportedArtifactsPath" in project "FreshProduce.Application.csproj".
   3:7>Target "_CheckForLanguageAndFeatureCombinationSupport" in file "C:\Program Files\dotnet\sdk\10.0.101\Sdks\Microsoft.NET.Sdk\targets\Microsoft.NET.RuntimeIdentifierInference.targets" from project "D:\P.L\Flutter\fresh_produce_app\FreshProduce.Domain\FreshProduce.Domain.csproj" (target "_CheckForInvalidConfigurationAndPlatform" depends on it):
   3:7>Done building target "_CheckForLanguageAndFeatureCombinationSupport" in project "FreshProduce.Domain.csproj".
   4:6>ProcessFrameworkReferences:
         Found 1 known framework references for target framework .NETCoreApp
         Found 5 known runtime packs for target framework .NETCoreApp
   2:7>Target "_CheckForUnsupportedHostingUsage" in file "C:\Program Files\dotnet\sdk\10.0.101\Sdks\Microsoft.NET.Sdk\targets\Microsoft.NET.RuntimeIdentifierInference.targets" from project "D:\P.L\Flutter\fresh_produce_app\FreshProduce.Application\FreshProduce.Application.csproj" (target "_CheckForInvalidConfigurationAndPlatform" depends on it):
   2:7>Done building target "_CheckForUnsupportedHostingUsage" in project "FreshProduce.Application.csproj".
   4:6>ProcessFrameworkReferences:
         Selected Microsoft.NETCore.App with RIDs 'linux-arm;linux-arm64;linux-musl-arm64;linux-musl-x64;linux-x64;osx-x64;tizen.4.0.0-armel;tizen.5.0.0-armel;win-arm64;win-x64;win-x86;linux-musl-arm;osx-arm64;linux-s390x;linux-loongarch64;linux-bionic-arm;linux-bionic-arm64;linux-bionic-x64;linux-bionic-x86;linux-ppc64le;freebsd-x64;freebsd-arm64;linux-riscv64;linux-musl-riscv64;linux-musl-loongarch64'
   3:7>Target "CheckForImplicitPackageReferenceOverrides" in file "C:\Program Files\dotnet\sdk\10.0.101\Sdks\Microsoft.NET.Sdk\targets\Microsoft.NET.Sdk.DefaultItems.Shared.targets" from project "D:\P.L\Flutter\fresh_produce_app\FreshProduce.Domain\FreshProduce.Domain.csproj" (target "CollectPackageReferences" depends on it):
   3:7>Using "CheckForImplicitPackageReferenceOverrides" task from assembly "C:\Program Files\dotnet\sdk\10.0.101\Sdks\Microsoft.NET.Sdk\targets\..\tools\net10.0\Microsoft.NET.Build.Tasks.dll".
   4:6>ProcessFrameworkReferences:
         Selected targeting pack 'Microsoft.NETCore.App@9.0.11'
         Added runtime framework 'Microsoft.NETCore.App@9.0.0'
         Selected Microsoft.WindowsDesktop.App with RIDs 'win-x64;win-x86;win-arm64'
   2:7>Target "_CheckAndUnsetUnsupportedPrefer32Bit" in file "C:\Program Files\dotnet\sdk\10.0.101\Sdks\Microsoft.NET.Sdk\targets\Microsoft.NET.RuntimeIdentifierInference.targets" from project "D:\P.L\Flutter\fresh_produce_app\FreshProduce.Application\FreshProduce.Application.csproj" (target "_CheckForInvalidConfigurationAndPlatform" depends on it):
   2:7>Done building target "_CheckAndUnsetUnsupportedPrefer32Bit" in project "FreshProduce.Application.csproj".
   3:7>Task "CheckForImplicitPackageReferenceOverrides"
   4:6>ProcessFrameworkReferences:
         Selected targeting pack 'Microsoft.WindowsDesktop.App@9.0.11'
         Added runtime framework 'Microsoft.WindowsDesktop.App@9.0.0'
         Selected Microsoft.WindowsDesktop.App with RIDs 'win-x64;win-x86;win-arm64'
   3:7>Done executing task "CheckForImplicitPackageReferenceOverrides".
   4:6>ProcessFrameworkReferences:
         Selected targeting pack 'Microsoft.WindowsDesktop.App.WPF@9.0.11'
         Added runtime framework 'Microsoft.WindowsDesktop.App@9.0.0'
         Selected Microsoft.WindowsDesktop.App with RIDs 'win-x64;win-x86;win-arm64'
   3:7>Done building target "CheckForImplicitPackageReferenceOverrides" in project "FreshProduce.Domain.csproj".
   2:7>Target "_CheckForLanguageAndFeatureCombinationSupport" in file "C:\Program Files\dotnet\sdk\10.0.101\Sdks\Microsoft.NET.Sdk\targets\Microsoft.NET.RuntimeIdentifierInference.targets" from project "D:\P.L\Flutter\fresh_produce_app\FreshProduce.Application\FreshProduce.Application.csproj" (target "_CheckForInvalidConfigurationAndPlatform" depends on it):
   2:7>Done building target "_CheckForLanguageAndFeatureCombinationSupport" in project "FreshProduce.Application.csproj".
   4:6>ProcessFrameworkReferences:
         Selected targeting pack 'Microsoft.WindowsDesktop.App.WindowsForms@9.0.11'
         Added runtime framework 'Microsoft.WindowsDesktop.App@9.0.0'
         Selected Microsoft.AspNetCore.App with RIDs 'win-x64;win-x86;osx-x64;linux-musl-x64;linux-musl-arm64;linux-x64;linux-arm;linux-arm64;linux-musl-arm;win-arm64;osx-arm64;linux-s390x;linux-loongarch64;linux-ppc64le;freebsd-x64;freebsd-arm64;linux-riscv64;linux-musl-riscv64;linux-loongarch64;linux-musl-loongarch64'
         Selected targeting pack 'Microsoft.AspNetCore.App@9.0.11'
         Added runtime framework 'Microsoft.AspNetCore.App@9.0.0'
   3:7>Target "_ComputeToolPackInputsToProcessFrameworkReferences" in file "C:\Program Files\dotnet\sdk\10.0.101\Sdks\Microsoft.NET.Sdk\targets\Microsoft.NET.Publish.targets" from project "D:\P.L\Flutter\fresh_produce_app\FreshProduce.Domain\FreshProduce.Domain.csproj" (target "ProcessFrameworkReferences" depends on it):
   3:7>Done building target "_ComputeToolPackInputsToProcessFrameworkReferences" in project "FreshProduce.Domain.csproj".
   4:6>Done executing task "ProcessFrameworkReferences".
   2:7>Target "CheckForImplicitPackageReferenceOverrides" in file "C:\Program Files\dotnet\sdk\10.0.101\Sdks\Microsoft.NET.Sdk\targets\Microsoft.NET.Sdk.DefaultItems.Shared.targets" from project "D:\P.L\Flutter\fresh_produce_app\FreshProduce.Application\FreshProduce.Application.csproj" (target "CollectPackageReferences" depends on it):
   2:7>Using "CheckForImplicitPackageReferenceOverrides" task from assembly "C:\Program Files\dotnet\sdk\10.0.101\Sdks\Microsoft.NET.Sdk\targets\..\tools\net10.0\Microsoft.NET.Build.Tasks.dll".
   3:7>Target "ProcessFrameworkReferences" in file "C:\Program Files\dotnet\sdk\10.0.101\Sdks\Microsoft.NET.Sdk\targets\Microsoft.NET.Sdk.FrameworkReferenceResolution.targets" from project "D:\P.L\Flutter\fresh_produce_app\FreshProduce.Domain\FreshProduce.Domain.csproj" (target "CollectPackageReferences" depends on it):
   3:7>Using "CheckForDuplicateFrameworkReferences" task from assembly "C:\Program Files\dotnet\sdk\10.0.101\Sdks\Microsoft.NET.Sdk\targets\..\tools\net10.0\Microsoft.NET.Build.Tasks.dll".
   4:6>ProcessFrameworkReferences:
       Using "ResolveAppHosts" task from assembly "C:\Program Files\dotnet\sdk\10.0.101\Sdks\Microsoft.NET.Sdk\targets\..\tools\net10.0\Microsoft.NET.Build.Tasks.dll".
       Task "ResolveAppHosts"
   3:7>Task "CheckForDuplicateFrameworkReferences"
   2:7>Task "CheckForImplicitPackageReferenceOverrides"
       Done executing task "CheckForImplicitPackageReferenceOverrides".
   2:7>Done building target "CheckForImplicitPackageReferenceOverrides" in project "FreshProduce.Application.csproj".
   3:7>Done executing task "CheckForDuplicateFrameworkReferences".
   4:6>Done executing task "ResolveAppHosts".
   2:7>Target "_ComputeToolPackInputsToProcessFrameworkReferences" in file "C:\Program Files\dotnet\sdk\10.0.101\Sdks\Microsoft.NET.Sdk\targets\Microsoft.NET.Publish.targets" from project "D:\P.L\Flutter\fresh_produce_app\FreshProduce.Application\FreshProduce.Application.csproj" (target "ProcessFrameworkReferences" depends on it):
   2:7>Done building target "_ComputeToolPackInputsToProcessFrameworkReferences" in project "FreshProduce.Application.csproj".
   3:7>ProcessFrameworkReferences:
       Using "ProcessFrameworkReferences" task from assembly "C:\Program Files\dotnet\sdk\10.0.101\Sdks\Microsoft.NET.Sdk\targets\..\tools\net10.0\Microsoft.NET.Build.Tasks.dll".
   4:6>Done building target "ProcessFrameworkReferences" in project "FreshProduce.Infrastructure.csproj".
   3:7>Task "ProcessFrameworkReferences"
   2:7>Target "ProcessFrameworkReferences" in file "C:\Program Files\dotnet\sdk\10.0.101\Sdks\Microsoft.NET.Sdk\targets\Microsoft.NET.Sdk.FrameworkReferenceResolution.targets" from project "D:\P.L\Flutter\fresh_produce_app\FreshProduce.Application\FreshProduce.Application.csproj" (target "CollectPackageReferences" depends on it):
   2:7>Using "CheckForDuplicateFrameworkReferences" task from assembly "C:\Program Files\dotnet\sdk\10.0.101\Sdks\Microsoft.NET.Sdk\targets\..\tools\net10.0\Microsoft.NET.Build.Tasks.dll".
   4:6>Target "_CheckForObsoleteDotNetCliToolReferences" in file "C:\Program Files\dotnet\sdk\10.0.101\Sdks\Microsoft.NET.Sdk\targets\Microsoft.NET.ObsoleteReferences.targets" from project "D:\P.L\Flutter\fresh_produce_app\FreshProduce.Infrastructure\FreshProduce.Infrastructure.csproj" (target "CollectPackageReferences" depends on it):
   4:6>Done building target "_CheckForObsoleteDotNetCliToolReferences" in project "FreshProduce.Infrastructure.csproj".
   2:7>Task "CheckForDuplicateFrameworkReferences"
   4:6>Target "CollectPackageReferences" in file "C:\Program Files\dotnet\sdk\10.0.101\NuGet.targets" from project "D:\P.L\Flutter\fresh_produce_app\FreshProduce.Infrastructure\FreshProduce.Infrastructure.csproj" (target "_GetRestoreProjectStyle" depends on it):
   4:6>Using "CheckForDuplicateNuGetItemsTask" task from assembly "C:\Program Files\dotnet\sdk\10.0.101\NuGet.Build.Tasks.dll".
       Task "CheckForDuplicateNuGetItemsTask"
       Done executing task "CheckForDuplicateNuGetItemsTask".
   3:7>ProcessFrameworkReferences:
         Found 1 known framework references for target framework .NETCoreApp
   4:6>Done building target "CollectPackageReferences" in project "FreshProduce.Infrastructure.csproj".
   3:7>ProcessFrameworkReferences:
         Found 5 known runtime packs for target framework .NETCoreApp
   4:6>Target "_GetRestoreProjectStyle" in file "C:\Program Files\dotnet\sdk\10.0.101\NuGet.targets" from project "D:\P.L\Flutter\fresh_produce_app\FreshProduce.Infrastructure\FreshProduce.Infrastructure.csproj" (target "EnableIntermediateOutputPathMismatchWarning" depends on it):
   4:6>Using "GetRestoreProjectStyleTask" task from assembly "C:\Program Files\dotnet\sdk\10.0.101\NuGet.Build.Tasks.dll".
       Task "GetRestoreProjectStyleTask"
   2:7>Done executing task "CheckForDuplicateFrameworkReferences".
   3:7>ProcessFrameworkReferences:
         Selected Microsoft.NETCore.App with RIDs 'linux-arm;linux-arm64;linux-musl-arm64;linux-musl-x64;linux-x64;osx-x64;tizen.4.0.0-armel;tizen.5.0.0-armel;win-arm64;win-x64;win-x86;linux-musl-arm;osx-arm64;linux-s390x;linux-loongarch64;linux-bionic-arm;linux-bionic-arm64;linux-bionic-x64;linux-bionic-x86;linux-ppc64le;freebsd-x64;freebsd-arm64;linux-riscv64;linux-musl-riscv64;linux-musl-loongarch64'
   2:7>ProcessFrameworkReferences:
       Using "ProcessFrameworkReferences" task from assembly "C:\Program Files\dotnet\sdk\10.0.101\Sdks\Microsoft.NET.Sdk\targets\..\tools\net10.0\Microsoft.NET.Build.Tasks.dll".
       Task "ProcessFrameworkReferences"
   3:7>ProcessFrameworkReferences:
         Selected targeting pack 'Microsoft.NETCore.App@9.0.11'
   4:6>Done executing task "GetRestoreProjectStyleTask".
   4:6>Done building target "_GetRestoreProjectStyle" in project "FreshProduce.Infrastructure.csproj".
   4:6>Target "EnableIntermediateOutputPathMismatchWarning" in file "C:\Program Files\dotnet\sdk\10.0.101\NuGet.targets" from project "D:\P.L\Flutter\fresh_produce_app\FreshProduce.Infrastructure\FreshProduce.Infrastructure.csproj" (target "_CheckForInvalidConfigurationAndPlatform" depends on it):
   4:6>Done building target "EnableIntermediateOutputPathMismatchWarning" in project "FreshProduce.Infrastructure.csproj".
       Target "ApplyImplicitVersions" skipped. Previously built successfully.
       Target "CheckForImplicitPackageReferenceOverrides" skipped. Previously built successfully.
   3:7>ProcessFrameworkReferences:
         Added runtime framework 'Microsoft.NETCore.App@9.0.0'
         Selected Microsoft.WindowsDesktop.App with RIDs 'win-x64;win-x86;win-arm64'
   4:6>Target "CheckForDuplicateItems" in file "C:\Program Files\dotnet\sdk\10.0.101\Sdks\Microsoft.NET.Sdk\targets\Microsoft.NET.Sdk.DefaultItems.Shared.targets" from project "D:\P.L\Flutter\fresh_produce_app\FreshProduce.Infrastructure\FreshProduce.Infrastructure.csproj" (target "_CheckForInvalidConfigurationAndPlatform" depends on it):
   4:6>Using "CheckForDuplicateItems" task from assembly "C:\Program Files\dotnet\sdk\10.0.101\Sdks\Microsoft.NET.Sdk\targets\..\tools\net10.0\Microsoft.NET.Build.Tasks.dll".
       Task "CheckForDuplicateItems"
   2:7>ProcessFrameworkReferences:
         Found 1 known framework references for target framework .NETCoreApp
         Found 5 known runtime packs for target framework .NETCoreApp
         Selected Microsoft.NETCore.App with RIDs 'linux-arm;linux-arm64;linux-musl-arm64;linux-musl-x64;linux-x64;osx-x64;tizen.4.0.0-armel;tizen.5.0.0-armel;win-arm64;win-x64;win-x86;linux-musl-arm;osx-arm64;linux-s390x;linux-loongarch64;linux-bionic-arm;linux-bionic-arm64;linux-bionic-x64;linux-bionic-x86;linux-ppc64le;freebsd-x64;freebsd-arm64;linux-riscv64;linux-musl-riscv64;linux-musl-loongarch64'
   3:7>ProcessFrameworkReferences:
         Selected targeting pack 'Microsoft.WindowsDesktop.App@9.0.11'
   2:7>ProcessFrameworkReferences:
         Selected targeting pack 'Microsoft.NETCore.App@9.0.11'
   4:6>Done executing task "CheckForDuplicateItems".
       Task "CheckForDuplicateItems"
   3:7>ProcessFrameworkReferences:
         Added runtime framework 'Microsoft.WindowsDesktop.App@9.0.0'
   2:7>ProcessFrameworkReferences:
         Added runtime framework 'Microsoft.NETCore.App@9.0.0'
   3:7>ProcessFrameworkReferences:
         Selected Microsoft.WindowsDesktop.App with RIDs 'win-x64;win-x86;win-arm64'
         Selected targeting pack 'Microsoft.WindowsDesktop.App.WPF@9.0.11'
         Added runtime framework 'Microsoft.WindowsDesktop.App@9.0.0'
   2:7>ProcessFrameworkReferences:
         Selected Microsoft.WindowsDesktop.App with RIDs 'win-x64;win-x86;win-arm64'
   3:7>ProcessFrameworkReferences:
         Selected Microsoft.WindowsDesktop.App with RIDs 'win-x64;win-x86;win-arm64'
   2:7>ProcessFrameworkReferences:
         Selected targeting pack 'Microsoft.WindowsDesktop.App@9.0.11'
   3:7>ProcessFrameworkReferences:
         Selected targeting pack 'Microsoft.WindowsDesktop.App.WindowsForms@9.0.11'
         Added runtime framework 'Microsoft.WindowsDesktop.App@9.0.0'
   4:6>Done executing task "CheckForDuplicateItems".
       Task "CheckForDuplicateItems"
   2:7>ProcessFrameworkReferences:
         Added runtime framework 'Microsoft.WindowsDesktop.App@9.0.0'
   3:7>ProcessFrameworkReferences:
         Selected Microsoft.AspNetCore.App with RIDs 'win-x64;win-x86;osx-x64;linux-musl-x64;linux-musl-arm64;linux-x64;linux-arm;linux-arm64;linux-musl-arm;win-arm64;osx-arm64;linux-s390x;linux-loongarch64;linux-ppc64le;freebsd-x64;freebsd-arm64;linux-riscv64;linux-musl-riscv64;linux-loongarch64;linux-musl-loongarch64'
   2:7>ProcessFrameworkReferences:
         Selected Microsoft.WindowsDesktop.App with RIDs 'win-x64;win-x86;win-arm64'
   4:6>Done executing task "CheckForDuplicateItems".
   3:7>ProcessFrameworkReferences:
         Selected targeting pack 'Microsoft.AspNetCore.App@9.0.11'
   2:7>ProcessFrameworkReferences:
         Selected targeting pack 'Microsoft.WindowsDesktop.App.WPF@9.0.11'
   4:6>Done building target "CheckForDuplicateItems" in project "FreshProduce.Infrastructure.csproj".
   2:7>ProcessFrameworkReferences:
         Added runtime framework 'Microsoft.WindowsDesktop.App@9.0.0'
   4:6>Target "ProcessFrameworkReferences" skipped. Previously built successfully.
   3:7>ProcessFrameworkReferences:
         Added runtime framework 'Microsoft.AspNetCore.App@9.0.0'
   2:7>ProcessFrameworkReferences:
         Selected Microsoft.WindowsDesktop.App with RIDs 'win-x64;win-x86;win-arm64'
   3:7>Done executing task "ProcessFrameworkReferences".
   4:6>Target "_CheckForInvalidConfigurationAndPlatform" in file "C:\Program Files\dotnet\sdk\10.0.101\Microsoft.Common.CurrentVersion.targets" from project "D:\P.L\Flutter\fresh_produce_app\FreshProduce.Infrastructure\FreshProduce.Infrastructure.csproj" (target "BeforeBuild" depends on it):
   4:6>Task "Message"
         Configuration=Debug
       Done executing task "Message".
       Task "Message"
         Platform=AnyCPU
       Done executing task "Message".
   3:7>ProcessFrameworkReferences:
       Using "ResolveAppHosts" task from assembly "C:\Program Files\dotnet\sdk\10.0.101\Sdks\Microsoft.NET.Sdk\targets\..\tools\net10.0\Microsoft.NET.Build.Tasks.dll".
   2:7>ProcessFrameworkReferences:
         Selected targeting pack 'Microsoft.WindowsDesktop.App.WindowsForms@9.0.11'
   3:7>Task "ResolveAppHosts"
   4:6>Done building target "_CheckForInvalidConfigurationAndPlatform" in project "FreshProduce.Infrastructure.csproj".
   4:6>Target "ValidateCommandLineProperties" in file "C:\Program Files\dotnet\sdk\10.0.101\Sdks\Microsoft.NET.Sdk\targets\Microsoft.NET.Sdk.targets" from project "D:\P.L\Flutter\fresh_produce_app\FreshProduce.Infrastructure\FreshProduce.Infrastructure.csproj" (target "BeforeBuild" depends on it):
   4:6>Done building target "ValidateCommandLineProperties" in project "FreshProduce.Infrastructure.csproj".
   4:6>Target "BeforeBuild" in file "C:\Program Files\dotnet\sdk\10.0.101\Microsoft.Common.CurrentVersion.targets" from project "D:\P.L\Flutter\fresh_produce_app\FreshProduce.Infrastructure\FreshProduce.Infrastructure.csproj" (target "Build" depends on it):
   4:6>Done building target "BeforeBuild" in project "FreshProduce.Infrastructure.csproj".
   4:6>Target "BuildOnlySettings" in file "C:\Program Files\dotnet\sdk\10.0.101\Microsoft.Common.CurrentVersion.targets" from project "D:\P.L\Flutter\fresh_produce_app\FreshProduce.Infrastructure\FreshProduce.Infrastructure.csproj" (target "CoreBuild" depends on it):
       C:\Program Files\dotnet\sdk\10.0.101\Microsoft.Common.CurrentVersion.targets(1168,7): message : Property reassignment: $(BuildingProject)="true" (previous value: "false") at C:\Program Files\dotnet\sdk\10.0.101\Microsoft.Common.CurrentVersion.targets (1168,7) [D:\P.L\Flutter\fresh_produce_app\FreshProduce.Infrastructure\FreshProduce.Infrastructure.csproj]
   4:6>Done building target "BuildOnlySettings" in project "FreshProduce.Infrastructure.csproj".
   3:7>Done executing task "ResolveAppHosts".
   4:6>Target "GetFrameworkPaths" in file "C:\Program Files\dotnet\sdk\10.0.101\Sdks\Microsoft.NET.Sdk\targets\Microsoft.NET.DisableStandardFrameworkResolution.targets" from project "D:\P.L\Flutter\fresh_produce_app\FreshProduce.Infrastructure\FreshProduce.Infrastructure.csproj" (target "PrepareForBuild" depends on it):
   4:6>Done building target "GetFrameworkPaths" in project "FreshProduce.Infrastructure.csproj".
   4:6>Target "GetReferenceAssemblyPaths" in file "C:\Program Files\dotnet\sdk\10.0.101\Sdks\Microsoft.NET.Sdk\targets\Microsoft.NET.DisableStandardFrameworkResolution.targets" from project "D:\P.L\Flutter\fresh_produce_app\FreshProduce.Infrastructure\FreshProduce.Infrastructure.csproj" (target "PrepareForBuild" depends on it):
   4:6>Done building target "GetReferenceAssemblyPaths" in project "FreshProduce.Infrastructure.csproj".
   2:7>ProcessFrameworkReferences:
         Added runtime framework 'Microsoft.WindowsDesktop.App@9.0.0'
   3:7>Done building target "ProcessFrameworkReferences" in project "FreshProduce.Domain.csproj".
   2:7>ProcessFrameworkReferences:
         Selected Microsoft.AspNetCore.App with RIDs 'win-x64;win-x86;osx-x64;linux-musl-x64;linux-musl-arm64;linux-x64;linux-arm;linux-arm64;linux-musl-arm;win-arm64;osx-arm64;linux-s390x;linux-loongarch64;linux-ppc64le;freebsd-x64;freebsd-arm64;linux-riscv64;linux-musl-riscv64;linux-loongarch64;linux-musl-loongarch64'
   4:6>Target "PrepareForBuild" in file "C:\Program Files\dotnet\sdk\10.0.101\Microsoft.Common.CurrentVersion.targets" from project "D:\P.L\Flutter\fresh_produce_app\FreshProduce.Infrastructure\FreshProduce.Infrastructure.csproj" (target "CoreBuild" depends on it):
   4:6>Using "FindAppConfigFile" task from assembly "Microsoft.Build.Tasks.Core, Version=15.1.0.0, Culture=neutral, PublicKeyToken=b03f5f7f11d50a3a".
       Task "FindAppConfigFile"
   2:7>ProcessFrameworkReferences:
         Selected targeting pack 'Microsoft.AspNetCore.App@9.0.11'
   3:7>Target "_CheckForObsoleteDotNetCliToolReferences" in file "C:\Program Files\dotnet\sdk\10.0.101\Sdks\Microsoft.NET.Sdk\targets\Microsoft.NET.ObsoleteReferences.targets" from project "D:\P.L\Flutter\fresh_produce_app\FreshProduce.Domain\FreshProduce.Domain.csproj" (target "CollectPackageReferences" depends on it):
   3:7>Done building target "_CheckForObsoleteDotNetCliToolReferences" in project "FreshProduce.Domain.csproj".
   2:7>ProcessFrameworkReferences:
         Added runtime framework 'Microsoft.AspNetCore.App@9.0.0'
   4:6>Done executing task "FindAppConfigFile".
   2:7>Done executing task "ProcessFrameworkReferences".
   3:7>Target "CollectPackageReferences" in file "C:\Program Files\dotnet\sdk\10.0.101\NuGet.targets" from project "D:\P.L\Flutter\fresh_produce_app\FreshProduce.Domain\FreshProduce.Domain.csproj" (target "_GetRestoreProjectStyle" depends on it):
   3:7>Using "CheckForDuplicateNuGetItemsTask" task from assembly "C:\Program Files\dotnet\sdk\10.0.101\NuGet.Build.Tasks.dll".
   2:7>ProcessFrameworkReferences:
       Using "ResolveAppHosts" task from assembly "C:\Program Files\dotnet\sdk\10.0.101\Sdks\Microsoft.NET.Sdk\targets\..\tools\net10.0\Microsoft.NET.Build.Tasks.dll".
   3:7>Task "CheckForDuplicateNuGetItemsTask"
   4:6>PrepareForBuild:
       Using "MakeDir" task from assembly "Microsoft.Build.Tasks.Core, Version=15.1.0.0, Culture=neutral, PublicKeyToken=b03f5f7f11d50a3a".
       Task "MakeDir"
   2:7>Task "ResolveAppHosts"
   3:7>Done executing task "CheckForDuplicateNuGetItemsTask".
   2:7>Done executing task "ResolveAppHosts".
   3:7>Done building target "CollectPackageReferences" in project "FreshProduce.Domain.csproj".
   2:7>Done building target "ProcessFrameworkReferences" in project "FreshProduce.Application.csproj".
   3:7>Target "_GetRestoreProjectStyle" in file "C:\Program Files\dotnet\sdk\10.0.101\NuGet.targets" from project "D:\P.L\Flutter\fresh_produce_app\FreshProduce.Domain\FreshProduce.Domain.csproj" (target "EnableIntermediateOutputPathMismatchWarning" depends on it):
   3:7>Using "GetRestoreProjectStyleTask" task from assembly "C:\Program Files\dotnet\sdk\10.0.101\NuGet.Build.Tasks.dll".
       Task "GetRestoreProjectStyleTask"
   2:7>Target "_CheckForObsoleteDotNetCliToolReferences" in file "C:\Program Files\dotnet\sdk\10.0.101\Sdks\Microsoft.NET.Sdk\targets\Microsoft.NET.ObsoleteReferences.targets" from project "D:\P.L\Flutter\fresh_produce_app\FreshProduce.Application\FreshProduce.Application.csproj" (target "CollectPackageReferences" depends on it):
   2:7>Done building target "_CheckForObsoleteDotNetCliToolReferences" in project "FreshProduce.Application.csproj".
   3:7>Done executing task "GetRestoreProjectStyleTask".
   3:7>Done building target "_GetRestoreProjectStyle" in project "FreshProduce.Domain.csproj".
   2:7>Target "CollectPackageReferences" in file "C:\Program Files\dotnet\sdk\10.0.101\NuGet.targets" from project "D:\P.L\Flutter\fresh_produce_app\FreshProduce.Application\FreshProduce.Application.csproj" (target "_GetRestoreProjectStyle" depends on it):
   2:7>Using "CheckForDuplicateNuGetItemsTask" task from assembly "C:\Program Files\dotnet\sdk\10.0.101\NuGet.Build.Tasks.dll".
   3:7>Target "EnableIntermediateOutputPathMismatchWarning" in file "C:\Program Files\dotnet\sdk\10.0.101\NuGet.targets" from project "D:\P.L\Flutter\fresh_produce_app\FreshProduce.Domain\FreshProduce.Domain.csproj" (target "_CheckForInvalidConfigurationAndPlatform" depends on it):
   3:7>Done building target "EnableIntermediateOutputPathMismatchWarning" in project "FreshProduce.Domain.csproj".
   2:7>Task "CheckForDuplicateNuGetItemsTask"
   3:7>Target "CheckForImplicitPackageReferenceOverrides" skipped. Previously built successfully.
   2:7>Done executing task "CheckForDuplicateNuGetItemsTask".
   3:7>Target "CheckForDuplicateItems" in file "C:\Program Files\dotnet\sdk\10.0.101\Sdks\Microsoft.NET.Sdk\targets\Microsoft.NET.Sdk.DefaultItems.Shared.targets" from project "D:\P.L\Flutter\fresh_produce_app\FreshProduce.Domain\FreshProduce.Domain.csproj" (target "_CheckForInvalidConfigurationAndPlatform" depends on it):
   3:7>Using "CheckForDuplicateItems" task from assembly "C:\Program Files\dotnet\sdk\10.0.101\Sdks\Microsoft.NET.Sdk\targets\..\tools\net10.0\Microsoft.NET.Build.Tasks.dll".
       Task "CheckForDuplicateItems"
   2:7>Done building target "CollectPackageReferences" in project "FreshProduce.Application.csproj".
   3:7>Done executing task "CheckForDuplicateItems".
       Task "CheckForDuplicateItems"
       Done executing task "CheckForDuplicateItems".
   2:7>Target "_GetRestoreProjectStyle" in file "C:\Program Files\dotnet\sdk\10.0.101\NuGet.targets" from project "D:\P.L\Flutter\fresh_produce_app\FreshProduce.Application\FreshProduce.Application.csproj" (target "EnableIntermediateOutputPathMismatchWarning" depends on it):
   2:7>Using "GetRestoreProjectStyleTask" task from assembly "C:\Program Files\dotnet\sdk\10.0.101\NuGet.Build.Tasks.dll".
       Task "GetRestoreProjectStyleTask"
   3:7>Task "CheckForDuplicateItems"
   2:7>Done executing task "GetRestoreProjectStyleTask".
   3:7>Done executing task "CheckForDuplicateItems".
   4:6>Done executing task "MakeDir".
   3:7>Done building target "CheckForDuplicateItems" in project "FreshProduce.Domain.csproj".
   4:6>Done building target "PrepareForBuild" in project "FreshProduce.Infrastructure.csproj".
   3:7>Target "ProcessFrameworkReferences" skipped. Previously built successfully.
   2:7>Done building target "_GetRestoreProjectStyle" in project "FreshProduce.Application.csproj".
   3:7>Target "_CheckForInvalidConfigurationAndPlatform" in file "C:\Program Files\dotnet\sdk\10.0.101\Microsoft.Common.CurrentVersion.targets" from project "D:\P.L\Flutter\fresh_produce_app\FreshProduce.Domain\FreshProduce.Domain.csproj" (target "BeforeBuild" depends on it):
   3:7>Using "Message" task from assembly "Microsoft.Build.Tasks.Core, Version=15.1.0.0, Culture=neutral, PublicKeyToken=b03f5f7f11d50a3a".
       Task "Message"
   4:6>Target "GenerateTargetFrameworkDefineConstants" in file "C:\Program Files\dotnet\sdk\10.0.101\Sdks\Microsoft.NET.Sdk\targets\Microsoft.NET.Sdk.BeforeCommon.targets" from project "D:\P.L\Flutter\fresh_produce_app\FreshProduce.Infrastructure\FreshProduce.Infrastructure.csproj" (target "AddImplicitDefineConstants" depends on it):
   4:6>Done building target "GenerateTargetFrameworkDefineConstants" in project "FreshProduce.Infrastructure.csproj".
   3:7>_CheckForInvalidConfigurationAndPlatform:
         Configuration=Debug
   2:7>Target "EnableIntermediateOutputPathMismatchWarning" in file "C:\Program Files\dotnet\sdk\10.0.101\NuGet.targets" from project "D:\P.L\Flutter\fresh_produce_app\FreshProduce.Application\FreshProduce.Application.csproj" (target "_CheckForInvalidConfigurationAndPlatform" depends on it):
   2:7>Done building target "EnableIntermediateOutputPathMismatchWarning" in project "FreshProduce.Application.csproj".
   3:7>Done executing task "Message".
   2:7>Target "CheckForImplicitPackageReferenceOverrides" skipped. Previously built successfully.
   3:7>Task "Message"
   2:7>Target "CheckForDuplicateItems" in file "C:\Program Files\dotnet\sdk\10.0.101\Sdks\Microsoft.NET.Sdk\targets\Microsoft.NET.Sdk.DefaultItems.Shared.targets" from project "D:\P.L\Flutter\fresh_produce_app\FreshProduce.Application\FreshProduce.Application.csproj" (target "_CheckForInvalidConfigurationAndPlatform" depends on it):
   2:7>Using "CheckForDuplicateItems" task from assembly "C:\Program Files\dotnet\sdk\10.0.101\Sdks\Microsoft.NET.Sdk\targets\..\tools\net10.0\Microsoft.NET.Build.Tasks.dll".
   3:7>_CheckForInvalidConfigurationAndPlatform:
         Platform=AnyCPU
   2:7>Task "CheckForDuplicateItems"
   4:6>Target "GenerateNETCompatibleDefineConstants" in file "C:\Program Files\dotnet\sdk\10.0.101\Sdks\Microsoft.NET.Sdk\targets\Microsoft.NET.Sdk.BeforeCommon.targets" from project "D:\P.L\Flutter\fresh_produce_app\FreshProduce.Infrastructure\FreshProduce.Infrastructure.csproj" (target "AddImplicitDefineConstants" depends on it):
   4:6>Done building target "GenerateNETCompatibleDefineConstants" in project "FreshProduce.Infrastructure.csproj".
   3:7>Done executing task "Message".
   4:6>Target "AddImplicitDefineConstants" in file "C:\Program Files\dotnet\sdk\10.0.101\Sdks\Microsoft.NET.Sdk\targets\Microsoft.NET.Sdk.BeforeCommon.targets" from project "D:\P.L\Flutter\fresh_produce_app\FreshProduce.Infrastructure\FreshProduce.Infrastructure.csproj" (target "CoreBuild" depends on it):
   4:6>C:\Program Files\dotnet\sdk\10.0.101\Sdks\Microsoft.NET.Sdk\targets\Microsoft.NET.Sdk.BeforeCommon.targets(295,7): message : Property reassignment: $(DefineConstants)="TRACE;DEBUG;NET;NET9_0;NETCOREAPP;NET5_0_OR_GREATER;NET6_0_OR_GREATER;NET7_0_OR_GREATER;NET8_0_OR_GREATER;NET9_0_OR_GREATER;NETCOREAPP1_0_OR_GREATER;NETCOREAPP1_1_OR_GREATER;NETCOREAPP2_0_OR_GREATER;NETCOREAPP2_1_OR_GREATER;NETCOREAPP2_2_OR_GREATER;NETCOREAPP3_0_OR_GREATER;NETCOREAPP3_1_OR_GREATER" (previous value: "TRACE;DEBUG") at C:\Program Files\dotnet\sdk\10.0.101\Sdks\Microsoft.NET.Sdk\targets\Microsoft.NET.Sdk.BeforeCommon.targets (295,7) [D:\P.L\Flutter\fresh_produce_app\FreshProduce.Infrastructure\FreshProduce.Infrastructure.csproj]
   4:6>Done building target "AddImplicitDefineConstants" in project "FreshProduce.Infrastructure.csproj".
   3:7>Done building target "_CheckForInvalidConfigurationAndPlatform" in project "FreshProduce.Domain.csproj".
   2:7>Done executing task "CheckForDuplicateItems".
   3:7>Target "ValidateCommandLineProperties" in file "C:\Program Files\dotnet\sdk\10.0.101\Sdks\Microsoft.NET.Sdk\targets\Microsoft.NET.Sdk.targets" from project "D:\P.L\Flutter\fresh_produce_app\FreshProduce.Domain\FreshProduce.Domain.csproj" (target "BeforeBuild" depends on it):
   3:7>Done building target "ValidateCommandLineProperties" in project "FreshProduce.Domain.csproj".
   4:6>Target "GenerateGlobalUsings" in file "C:\Program Files\dotnet\sdk\10.0.101\Sdks\Microsoft.NET.Sdk\targets\Microsoft.NET.GenerateGlobalUsings.targets" from project "D:\P.L\Flutter\fresh_produce_app\FreshProduce.Infrastructure\FreshProduce.Infrastructure.csproj" (target "CoreBuild" depends on it):
   4:6>Using "GenerateGlobalUsings" task from assembly "C:\Program Files\dotnet\sdk\10.0.101\Sdks\Microsoft.NET.Sdk\targets\..\tools\net10.0\Microsoft.NET.Build.Tasks.dll".
       Task "GenerateGlobalUsings"
   2:7>Task "CheckForDuplicateItems"
       Done executing task "CheckForDuplicateItems".
   3:7>Target "BeforeBuild" in file "C:\Program Files\dotnet\sdk\10.0.101\Microsoft.Common.CurrentVersion.targets" from project "D:\P.L\Flutter\fresh_produce_app\FreshProduce.Domain\FreshProduce.Domain.csproj" (target "Build" depends on it):
   3:7>Done building target "BeforeBuild" in project "FreshProduce.Domain.csproj".
   3:7>Target "BuildOnlySettings" in file "C:\Program Files\dotnet\sdk\10.0.101\Microsoft.Common.CurrentVersion.targets" from project "D:\P.L\Flutter\fresh_produce_app\FreshProduce.Domain\FreshProduce.Domain.csproj" (target "CoreBuild" depends on it):
       C:\Program Files\dotnet\sdk\10.0.101\Microsoft.Common.CurrentVersion.targets(1168,7): message : Property reassignment: $(BuildingProject)="true" (previous value: "false") at C:\Program Files\dotnet\sdk\10.0.101\Microsoft.Common.CurrentVersion.targets (1168,7) [D:\P.L\Flutter\fresh_produce_app\FreshProduce.Domain\FreshProduce.Domain.csproj]
   2:7>Task "CheckForDuplicateItems"
   3:7>Done building target "BuildOnlySettings" in project "FreshProduce.Domain.csproj".
   2:7>Done executing task "CheckForDuplicateItems".
   3:7>Target "GetFrameworkPaths" in file "C:\Program Files\dotnet\sdk\10.0.101\Sdks\Microsoft.NET.Sdk\targets\Microsoft.NET.DisableStandardFrameworkResolution.targets" from project "D:\P.L\Flutter\fresh_produce_app\FreshProduce.Domain\FreshProduce.Domain.csproj" (target "PrepareForBuild" depends on it):
   3:7>Done building target "GetFrameworkPaths" in project "FreshProduce.Domain.csproj".
   2:7>Done building target "CheckForDuplicateItems" in project "FreshProduce.Application.csproj".
       Target "ProcessFrameworkReferences" skipped. Previously built successfully.
   3:7>Target "GetReferenceAssemblyPaths" in file "C:\Program Files\dotnet\sdk\10.0.101\Sdks\Microsoft.NET.Sdk\targets\Microsoft.NET.DisableStandardFrameworkResolution.targets" from project "D:\P.L\Flutter\fresh_produce_app\FreshProduce.Domain\FreshProduce.Domain.csproj" (target "PrepareForBuild" depends on it):
   3:7>Done building target "GetReferenceAssemblyPaths" in project "FreshProduce.Domain.csproj".
   3:7>Target "PrepareForBuild" in file "C:\Program Files\dotnet\sdk\10.0.101\Microsoft.Common.CurrentVersion.targets" from project "D:\P.L\Flutter\fresh_produce_app\FreshProduce.Domain\FreshProduce.Domain.csproj" (target "CoreBuild" depends on it):
       Using "FindAppConfigFile" task from assembly "Microsoft.Build.Tasks.Core, Version=15.1.0.0, Culture=neutral, PublicKeyToken=b03f5f7f11d50a3a".
       Task "FindAppConfigFile"
       Done executing task "FindAppConfigFile".
       Using "MakeDir" task from assembly "Microsoft.Build.Tasks.Core, Version=15.1.0.0, Culture=neutral, PublicKeyToken=b03f5f7f11d50a3a".
       Task "MakeDir"
   2:7>Target "_CheckForInvalidConfigurationAndPlatform" in file "C:\Program Files\dotnet\sdk\10.0.101\Microsoft.Common.CurrentVersion.targets" from project "D:\P.L\Flutter\fresh_produce_app\FreshProduce.Application\FreshProduce.Application.csproj" (target "BeforeBuild" depends on it):
   2:7>Task "Message"
   3:7>Done executing task "MakeDir".
   2:7>_CheckForInvalidConfigurationAndPlatform:
         Configuration=Debug
   3:7>Done building target "PrepareForBuild" in project "FreshProduce.Domain.csproj".
   2:7>Done executing task "Message".
   3:7>Target "GenerateTargetFrameworkDefineConstants" in file "C:\Program Files\dotnet\sdk\10.0.101\Sdks\Microsoft.NET.Sdk\targets\Microsoft.NET.Sdk.BeforeCommon.targets" from project "D:\P.L\Flutter\fresh_produce_app\FreshProduce.Domain\FreshProduce.Domain.csproj" (target "AddImplicitDefineConstants" depends on it):
   3:7>Done building target "GenerateTargetFrameworkDefineConstants" in project "FreshProduce.Domain.csproj".
   2:7>Task "Message"
         Platform=AnyCPU
   3:7>Target "GenerateNETCompatibleDefineConstants" in file "C:\Program Files\dotnet\sdk\10.0.101\Sdks\Microsoft.NET.Sdk\targets\Microsoft.NET.Sdk.BeforeCommon.targets" from project "D:\P.L\Flutter\fresh_produce_app\FreshProduce.Domain\FreshProduce.Domain.csproj" (target "AddImplicitDefineConstants" depends on it):
   3:7>Done building target "GenerateNETCompatibleDefineConstants" in project "FreshProduce.Domain.csproj".
   2:7>Done executing task "Message".
   2:7>Done building target "_CheckForInvalidConfigurationAndPlatform" in project "FreshProduce.Application.csproj".
   3:7>Target "AddImplicitDefineConstants" in file "C:\Program Files\dotnet\sdk\10.0.101\Sdks\Microsoft.NET.Sdk\targets\Microsoft.NET.Sdk.BeforeCommon.targets" from project "D:\P.L\Flutter\fresh_produce_app\FreshProduce.Domain\FreshProduce.Domain.csproj" (target "CoreBuild" depends on it):
   3:7>C:\Program Files\dotnet\sdk\10.0.101\Sdks\Microsoft.NET.Sdk\targets\Microsoft.NET.Sdk.BeforeCommon.targets(295,7): message : Property reassignment: $(DefineConstants)="TRACE;DEBUG;NET;NET9_0;NETCOREAPP;NET5_0_OR_GREATER;NET6_0_OR_GREATER;NET7_0_OR_GREATER;NET8_0_OR_GREATER;NET9_0_OR_GREATER;NETCOREAPP1_0_OR_GREATER;NETCOREAPP1_1_OR_GREATER;NETCOREAPP2_0_OR_GREATER;NETCOREAPP2_1_OR_GREATER;NETCOREAPP2_2_OR_GREATER;NETCOREAPP3_0_OR_GREATER;NETCOREAPP3_1_OR_GREATER" (previous value: "TRACE;DEBUG") at C:\Program Files\dotnet\sdk\10.0.101\Sdks\Microsoft.NET.Sdk\targets\Microsoft.NET.Sdk.BeforeCommon.targets (295,7) [D:\P.L\Flutter\fresh_produce_app\FreshProduce.Domain\FreshProduce.Domain.csproj]
   2:7>Target "ValidateCommandLineProperties" in file "C:\Program Files\dotnet\sdk\10.0.101\Sdks\Microsoft.NET.Sdk\targets\Microsoft.NET.Sdk.targets" from project "D:\P.L\Flutter\fresh_produce_app\FreshProduce.Application\FreshProduce.Application.csproj" (target "BeforeBuild" depends on it):
   2:7>Done building target "ValidateCommandLineProperties" in project "FreshProduce.Application.csproj".
   3:7>Done building target "AddImplicitDefineConstants" in project "FreshProduce.Domain.csproj".
   2:7>Target "BeforeBuild" in file "C:\Program Files\dotnet\sdk\10.0.101\Microsoft.Common.CurrentVersion.targets" from project "D:\P.L\Flutter\fresh_produce_app\FreshProduce.Application\FreshProduce.Application.csproj" (target "Build" depends on it):
   2:7>Done building target "BeforeBuild" in project "FreshProduce.Application.csproj".
   3:7>Target "GenerateGlobalUsings" in file "C:\Program Files\dotnet\sdk\10.0.101\Sdks\Microsoft.NET.Sdk\targets\Microsoft.NET.GenerateGlobalUsings.targets" from project "D:\P.L\Flutter\fresh_produce_app\FreshProduce.Domain\FreshProduce.Domain.csproj" (target "CoreBuild" depends on it):
   3:7>Using "GenerateGlobalUsings" task from assembly "C:\Program Files\dotnet\sdk\10.0.101\Sdks\Microsoft.NET.Sdk\targets\..\tools\net10.0\Microsoft.NET.Build.Tasks.dll".
       Task "GenerateGlobalUsings"
   2:7>Target "BuildOnlySettings" in file "C:\Program Files\dotnet\sdk\10.0.101\Microsoft.Common.CurrentVersion.targets" from project "D:\P.L\Flutter\fresh_produce_app\FreshProduce.Application\FreshProduce.Application.csproj" (target "CoreBuild" depends on it):
   2:7>C:\Program Files\dotnet\sdk\10.0.101\Microsoft.Common.CurrentVersion.targets(1168,7): message : Property reassignment: $(BuildingProject)="true" (previous value: "false") at C:\Program Files\dotnet\sdk\10.0.101\Microsoft.Common.CurrentVersion.targets (1168,7) [D:\P.L\Flutter\fresh_produce_app\FreshProduce.Application\FreshProduce.Application.csproj]
   3:7>Done executing task "GenerateGlobalUsings".
   2:7>Done building target "BuildOnlySettings" in project "FreshProduce.Application.csproj".
   3:7>GenerateGlobalUsings:
       Using "WriteLinesToFile" task from assembly "Microsoft.Build.Tasks.Core, Version=15.1.0.0, Culture=neutral, PublicKeyToken=b03f5f7f11d50a3a".
       Task "WriteLinesToFile"
         Skipping write to file "obj\Debug\net9.0\FreshProduce.Domain.GlobalUsings.g.cs" because content would not change.
       Done executing task "WriteLinesToFile".
   2:7>Target "GetFrameworkPaths" in file "C:\Program Files\dotnet\sdk\10.0.101\Sdks\Microsoft.NET.Sdk\targets\Microsoft.NET.DisableStandardFrameworkResolution.targets" from project "D:\P.L\Flutter\fresh_produce_app\FreshProduce.Application\FreshProduce.Application.csproj" (target "PrepareForBuild" depends on it):
   2:7>Done building target "GetFrameworkPaths" in project "FreshProduce.Application.csproj".
   3:7>Done building target "GenerateGlobalUsings" in project "FreshProduce.Domain.csproj".
   2:7>Target "GetReferenceAssemblyPaths" in file "C:\Program Files\dotnet\sdk\10.0.101\Sdks\Microsoft.NET.Sdk\targets\Microsoft.NET.DisableStandardFrameworkResolution.targets" from project "D:\P.L\Flutter\fresh_produce_app\FreshProduce.Application\FreshProduce.Application.csproj" (target "PrepareForBuild" depends on it):
   2:7>Done building target "GetReferenceAssemblyPaths" in project "FreshProduce.Application.csproj".
   3:7>Target "BeforeResolveReferences" in file "C:\Program Files\dotnet\sdk\10.0.101\Microsoft.Common.CurrentVersion.targets" from project "D:\P.L\Flutter\fresh_produce_app\FreshProduce.Domain\FreshProduce.Domain.csproj" (target "ResolveReferences" depends on it):
   3:7>Done building target "BeforeResolveReferences" in project "FreshProduce.Domain.csproj".
   3:7>Target "IgnoreJavaScriptOutputAssembly" in file "C:\Program Files\dotnet\sdk\10.0.101\Microsoft.Common.CurrentVersion.targets" from project "D:\P.L\Flutter\fresh_produce_app\FreshProduce.Domain\FreshProduce.Domain.csproj" (target "AssignProjectConfiguration" depends on it):
   3:7>Done building target "IgnoreJavaScriptOutputAssembly" in project "FreshProduce.Domain.csproj".
   2:7>Target "PrepareForBuild" in file "C:\Program Files\dotnet\sdk\10.0.101\Microsoft.Common.CurrentVersion.targets" from project "D:\P.L\Flutter\fresh_produce_app\FreshProduce.Application\FreshProduce.Application.csproj" (target "CoreBuild" depends on it):
   2:7>Task "FindAppConfigFile"
   3:7>Target "ProcessFrameworkReferences" skipped. Previously built successfully.
   2:7>Done executing task "FindAppConfigFile".
   3:7>Target "_DefaultMicrosoftNETPlatformLibrary" in file "C:\Program Files\dotnet\sdk\10.0.101\Sdks\Microsoft.NET.Sdk\targets\Microsoft.NET.Sdk.Shared.targets" from project "D:\P.L\Flutter\fresh_produce_app\FreshProduce.Domain\FreshProduce.Domain.csproj" (target "ResolvePackageAssets" depends on it):
   3:7>Done building target "_DefaultMicrosoftNETPlatformLibrary" in project "FreshProduce.Domain.csproj".
   2:7>Task "MakeDir"
       Done executing task "MakeDir".
   2:7>Done building target "PrepareForBuild" in project "FreshProduce.Application.csproj".
   3:7>Target "_ComputePackageReferencePublish" in file "C:\Program Files\dotnet\sdk\10.0.101\Sdks\Microsoft.NET.Sdk\targets\Microsoft.NET.Sdk.Shared.targets" from project "D:\P.L\Flutter\fresh_produce_app\FreshProduce.Domain\FreshProduce.Domain.csproj" (target "ResolvePackageAssets" depends on it):
   3:7>Done building target "_ComputePackageReferencePublish" in project "FreshProduce.Domain.csproj".
   3:7>Target "ResolvePackageAssets" in file "C:\Program Files\dotnet\sdk\10.0.101\Sdks\Microsoft.NET.Sdk\targets\Microsoft.PackageDependencyResolution.targets" from project "D:\P.L\Flutter\fresh_produce_app\FreshProduce.Domain\FreshProduce.Domain.csproj" (target "ResolveLockFileReferences" depends on it):
       Using "ResolvePackageAssets" task from assembly "C:\Program Files\dotnet\sdk\10.0.101\Sdks\Microsoft.NET.Sdk\targets\..\tools\net10.0\Microsoft.NET.Build.Tasks.dll".
       Task "ResolvePackageAssets"
   2:7>Target "GenerateTargetFrameworkDefineConstants" in file "C:\Program Files\dotnet\sdk\10.0.101\Sdks\Microsoft.NET.Sdk\targets\Microsoft.NET.Sdk.BeforeCommon.targets" from project "D:\P.L\Flutter\fresh_produce_app\FreshProduce.Application\FreshProduce.Application.csproj" (target "AddImplicitDefineConstants" depends on it):
   2:7>Done building target "GenerateTargetFrameworkDefineConstants" in project "FreshProduce.Application.csproj".
   4:6>Done executing task "GenerateGlobalUsings".
   3:7>Done executing task "ResolvePackageAssets".
   3:7>Done building target "ResolvePackageAssets" in project "FreshProduce.Domain.csproj".
   2:7>Target "GenerateNETCompatibleDefineConstants" in file "C:\Program Files\dotnet\sdk\10.0.101\Sdks\Microsoft.NET.Sdk\targets\Microsoft.NET.Sdk.BeforeCommon.targets" from project "D:\P.L\Flutter\fresh_produce_app\FreshProduce.Application\FreshProduce.Application.csproj" (target "AddImplicitDefineConstants" depends on it):
   2:7>Done building target "GenerateNETCompatibleDefineConstants" in project "FreshProduce.Application.csproj".
   3:7>Target "ResolveLockFileReferences" in file "C:\Program Files\dotnet\sdk\10.0.101\Sdks\Microsoft.NET.Sdk\targets\Microsoft.PackageDependencyResolution.targets" from project "D:\P.L\Flutter\fresh_produce_app\FreshProduce.Domain\FreshProduce.Domain.csproj" (target "ResolvePackageDependenciesForBuild" depends on it):
   3:7>Using "JoinItems" task from assembly "C:\Program Files\dotnet\sdk\10.0.101\Sdks\Microsoft.NET.Sdk\targets\..\tools\net10.0\Microsoft.NET.Build.Tasks.dll".
       Task "JoinItems"
   4:6>GenerateGlobalUsings:
       Using "WriteLinesToFile" task from assembly "Microsoft.Build.Tasks.Core, Version=15.1.0.0, Culture=neutral, PublicKeyToken=b03f5f7f11d50a3a".
       Task "WriteLinesToFile"
   2:7>Target "AddImplicitDefineConstants" in file "C:\Program Files\dotnet\sdk\10.0.101\Sdks\Microsoft.NET.Sdk\targets\Microsoft.NET.Sdk.BeforeCommon.targets" from project "D:\P.L\Flutter\fresh_produce_app\FreshProduce.Application\FreshProduce.Application.csproj" (target "CoreBuild" depends on it):
   2:7>C:\Program Files\dotnet\sdk\10.0.101\Sdks\Microsoft.NET.Sdk\targets\Microsoft.NET.Sdk.BeforeCommon.targets(295,7): message : Property reassignment: $(DefineConstants)="TRACE;DEBUG;NET;NET9_0;NETCOREAPP;NET5_0_OR_GREATER;NET6_0_OR_GREATER;NET7_0_OR_GREATER;NET8_0_OR_GREATER;NET9_0_OR_GREATER;NETCOREAPP1_0_OR_GREATER;NETCOREAPP1_1_OR_GREATER;NETCOREAPP2_0_OR_GREATER;NETCOREAPP2_1_OR_GREATER;NETCOREAPP2_2_OR_GREATER;NETCOREAPP3_0_OR_GREATER;NETCOREAPP3_1_OR_GREATER" (previous value: "TRACE;DEBUG") at C:\Program Files\dotnet\sdk\10.0.101\Sdks\Microsoft.NET.Sdk\targets\Microsoft.NET.Sdk.BeforeCommon.targets (295,7) [D:\P.L\Flutter\fresh_produce_app\FreshProduce.Application\FreshProduce.Application.csproj]
   3:7>Done executing task "JoinItems".
   3:7>Done building target "ResolveLockFileReferences" in project "FreshProduce.Domain.csproj".
       Target "ResolvePackageAssets" skipped. Previously built successfully.
   2:7>Done building target "AddImplicitDefineConstants" in project "FreshProduce.Application.csproj".
   3:7>Target "ResolveLockFileAnalyzers" in file "C:\Program Files\dotnet\sdk\10.0.101\Sdks\Microsoft.NET.Sdk\targets\Microsoft.PackageDependencyResolution.targets" from project "D:\P.L\Flutter\fresh_produce_app\FreshProduce.Domain\FreshProduce.Domain.csproj" (target "ResolvePackageDependenciesForBuild" depends on it):
   3:7>Done building target "ResolveLockFileAnalyzers" in project "FreshProduce.Domain.csproj".
       Target "ResolvePackageAssets" skipped. Previously built successfully.
   2:7>Target "GenerateGlobalUsings" in file "C:\Program Files\dotnet\sdk\10.0.101\Sdks\Microsoft.NET.Sdk\targets\Microsoft.NET.GenerateGlobalUsings.targets" from project "D:\P.L\Flutter\fresh_produce_app\FreshProduce.Application\FreshProduce.Application.csproj" (target "CoreBuild" depends on it):
   2:7>Using "GenerateGlobalUsings" task from assembly "C:\Program Files\dotnet\sdk\10.0.101\Sdks\Microsoft.NET.Sdk\targets\..\tools\net10.0\Microsoft.NET.Build.Tasks.dll".
   3:7>Target "ResolveLockFileCopyLocalFiles" in file "C:\Program Files\dotnet\sdk\10.0.101\Sdks\Microsoft.NET.Sdk\targets\Microsoft.PackageDependencyResolution.targets" from project "D:\P.L\Flutter\fresh_produce_app\FreshProduce.Domain\FreshProduce.Domain.csproj" (target "ResolvePackageDependenciesForBuild" depends on it):
   3:7>Done building target "ResolveLockFileCopyLocalFiles" in project "FreshProduce.Domain.csproj".
   2:7>Task "GenerateGlobalUsings"
   3:7>Target "ResolvePackageAssets" skipped. Previously built successfully.
   4:6>GenerateGlobalUsings:
         Skipping write to file "obj\Debug\net9.0\FreshProduce.Infrastructure.GlobalUsings.g.cs" because content would not change.
       Done executing task "WriteLinesToFile".
   2:7>Done executing task "GenerateGlobalUsings".
   3:7>Target "IncludeTransitiveProjectReferences" in file "C:\Program Files\dotnet\sdk\10.0.101\Sdks\Microsoft.NET.Sdk\targets\Microsoft.PackageDependencyResolution.targets" from project "D:\P.L\Flutter\fresh_produce_app\FreshProduce.Domain\FreshProduce.Domain.csproj" (target "ResolvePackageDependenciesForBuild" depends on it):
   3:7>Done building target "IncludeTransitiveProjectReferences" in project "FreshProduce.Domain.csproj".
   3:7>Target "ResolvePackageDependenciesForBuild" in file "C:\Program Files\dotnet\sdk\10.0.101\Sdks\Microsoft.NET.Sdk\targets\Microsoft.PackageDependencyResolution.targets" from project "D:\P.L\Flutter\fresh_produce_app\FreshProduce.Domain\FreshProduce.Domain.csproj" (target "AssignProjectConfiguration" depends on it):
   3:7>Done building target "ResolvePackageDependenciesForBuild" in project "FreshProduce.Domain.csproj".
   4:6>Done building target "GenerateGlobalUsings" in project "FreshProduce.Infrastructure.csproj".
   4:6>Target "BeforeResolveReferences" in file "C:\Program Files\dotnet\sdk\10.0.101\Microsoft.Common.CurrentVersion.targets" from project "D:\P.L\Flutter\fresh_produce_app\FreshProduce.Infrastructure\FreshProduce.Infrastructure.csproj" (target "ResolveReferences" depends on it):
   4:6>Done building target "BeforeResolveReferences" in project "FreshProduce.Infrastructure.csproj".
   2:7>Task "WriteLinesToFile"
   4:6>Target "IgnoreJavaScriptOutputAssembly" in file "C:\Program Files\dotnet\sdk\10.0.101\Microsoft.Common.CurrentVersion.targets" from project "D:\P.L\Flutter\fresh_produce_app\FreshProduce.Infrastructure\FreshProduce.Infrastructure.csproj" (target "AssignProjectConfiguration" depends on it):
   4:6>Done building target "IgnoreJavaScriptOutputAssembly" in project "FreshProduce.Infrastructure.csproj".
       Target "ProcessFrameworkReferences" skipped. Previously built successfully.
   4:6>Target "_DefaultMicrosoftNETPlatformLibrary" in file "C:\Program Files\dotnet\sdk\10.0.101\Sdks\Microsoft.NET.Sdk\targets\Microsoft.NET.Sdk.Shared.targets" from project "D:\P.L\Flutter\fresh_produce_app\FreshProduce.Infrastructure\FreshProduce.Infrastructure.csproj" (target "ResolvePackageAssets" depends on it):
   4:6>Done building target "_DefaultMicrosoftNETPlatformLibrary" in project "FreshProduce.Infrastructure.csproj".
   3:7>Target "_SplitProjectReferencesByFileExistence" in file "C:\Program Files\dotnet\sdk\10.0.101\Microsoft.Common.CurrentVersion.targets" from project "D:\P.L\Flutter\fresh_produce_app\FreshProduce.Domain\FreshProduce.Domain.csproj" (target "PrepareProjectReferences" depends on it):
   3:7>Done building target "_SplitProjectReferencesByFileExistence" in project "FreshProduce.Domain.csproj".
   2:7>GenerateGlobalUsings:
         Skipping write to file "obj\Debug\net9.0\FreshProduce.Application.GlobalUsings.g.cs" because content would not change.
       Done executing task "WriteLinesToFile".
   2:7>Done building target "GenerateGlobalUsings" in project "FreshProduce.Application.csproj".
   3:7>Target "_AddOutputPathToGlobalPropertiesToRemove" in file "C:\Program Files\dotnet\sdk\10.0.101\Microsoft.Common.CurrentVersion.targets" from project "D:\P.L\Flutter\fresh_produce_app\FreshProduce.Domain\FreshProduce.Domain.csproj" (target "_GetProjectReferenceTargetFrameworkProperties" depends on it):
   3:7>Done building target "_AddOutputPathToGlobalPropertiesToRemove" in project "FreshProduce.Domain.csproj".
   3:7>Target "_GetProjectReferenceTargetFrameworkProperties" in file "C:\Program Files\dotnet\sdk\10.0.101\Microsoft.Common.CurrentVersion.targets" from project "D:\P.L\Flutter\fresh_produce_app\FreshProduce.Domain\FreshProduce.Domain.csproj" (target "PrepareProjectReferences" depends on it):
       Using "MSBuild" task from assembly "Microsoft.Build.Tasks.Core, Version=15.1.0.0, Culture=neutral, PublicKeyToken=b03f5f7f11d50a3a".
   4:6>Target "_ComputePackageReferencePublish" in file "C:\Program Files\dotnet\sdk\10.0.101\Sdks\Microsoft.NET.Sdk\targets\Microsoft.NET.Sdk.Shared.targets" from project "D:\P.L\Flutter\fresh_produce_app\FreshProduce.Infrastructure\FreshProduce.Infrastructure.csproj" (target "ResolvePackageAssets" depends on it):
   4:6>Done building target "_ComputePackageReferencePublish" in project "FreshProduce.Infrastructure.csproj".
   2:7>Target "BeforeResolveReferences" in file "C:\Program Files\dotnet\sdk\10.0.101\Microsoft.Common.CurrentVersion.targets" from project "D:\P.L\Flutter\fresh_produce_app\FreshProduce.Application\FreshProduce.Application.csproj" (target "ResolveReferences" depends on it):
   2:7>Done building target "BeforeResolveReferences" in project "FreshProduce.Application.csproj".
   3:7>Task "MSBuild"
       Done executing task "MSBuild".
   4:6>Target "ResolvePackageAssets" in file "C:\Program Files\dotnet\sdk\10.0.101\Sdks\Microsoft.NET.Sdk\targets\Microsoft.PackageDependencyResolution.targets" from project "D:\P.L\Flutter\fresh_produce_app\FreshProduce.Infrastructure\FreshProduce.Infrastructure.csproj" (target "ResolveLockFileReferences" depends on it):
   4:6>Using "ResolvePackageAssets" task from assembly "C:\Program Files\dotnet\sdk\10.0.101\Sdks\Microsoft.NET.Sdk\targets\..\tools\net10.0\Microsoft.NET.Build.Tasks.dll".
       Task "ResolvePackageAssets"
   2:7>Target "IgnoreJavaScriptOutputAssembly" in file "C:\Program Files\dotnet\sdk\10.0.101\Microsoft.Common.CurrentVersion.targets" from project "D:\P.L\Flutter\fresh_produce_app\FreshProduce.Application\FreshProduce.Application.csproj" (target "AssignProjectConfiguration" depends on it):
   2:7>Done building target "IgnoreJavaScriptOutputAssembly" in project "FreshProduce.Application.csproj".
   3:7>_GetProjectReferenceTargetFrameworkProperties:
       Using "SetRidAgnosticValueForProjects" task from assembly "Microsoft.Build.Tasks.Core, Version=15.1.0.0, Culture=neutral, PublicKeyToken=b03f5f7f11d50a3a".
       Task "SetRidAgnosticValueForProjects"
       Done executing task "SetRidAgnosticValueForProjects".
   2:7>Target "ProcessFrameworkReferences" skipped. Previously built successfully.
   3:7>Done building target "_GetProjectReferenceTargetFrameworkProperties" in project "FreshProduce.Domain.csproj".
       Target "_CalculateIsVSTestTestProject" skipped. Previously built successfully.
   2:7>Target "_DefaultMicrosoftNETPlatformLibrary" in file "C:\Program Files\dotnet\sdk\10.0.101\Sdks\Microsoft.NET.Sdk\targets\Microsoft.NET.Sdk.Shared.targets" from project "D:\P.L\Flutter\fresh_produce_app\FreshProduce.Application\FreshProduce.Application.csproj" (target "ResolvePackageAssets" depends on it):
   2:7>Done building target "_DefaultMicrosoftNETPlatformLibrary" in project "FreshProduce.Application.csproj".
   3:7>Target "ValidateExecutableReferences" in file "C:\Program Files\dotnet\sdk\10.0.101\Sdks\Microsoft.NET.Sdk\targets\Microsoft.NET.Sdk.targets" from project "D:\P.L\Flutter\fresh_produce_app\FreshProduce.Domain\FreshProduce.Domain.csproj" (target "PrepareProjectReferences" depends on it):
   3:7>Using "ValidateExecutableReferences" task from assembly "C:\Program Files\dotnet\sdk\10.0.101\Sdks\Microsoft.NET.Sdk\targets\..\tools\net10.0\Microsoft.NET.Build.Tasks.dll".
       Task "ValidateExecutableReferences"
   2:7>Target "_ComputePackageReferencePublish" in file "C:\Program Files\dotnet\sdk\10.0.101\Sdks\Microsoft.NET.Sdk\targets\Microsoft.NET.Sdk.Shared.targets" from project "D:\P.L\Flutter\fresh_produce_app\FreshProduce.Application\FreshProduce.Application.csproj" (target "ResolvePackageAssets" depends on it):
   2:7>Done building target "_ComputePackageReferencePublish" in project "FreshProduce.Application.csproj".
   3:7>Done executing task "ValidateExecutableReferences".
   3:7>Done building target "ValidateExecutableReferences" in project "FreshProduce.Domain.csproj".
   2:7>Target "ResolvePackageAssets" in file "C:\Program Files\dotnet\sdk\10.0.101\Sdks\Microsoft.NET.Sdk\targets\Microsoft.PackageDependencyResolution.targets" from project "D:\P.L\Flutter\fresh_produce_app\FreshProduce.Application\FreshProduce.Application.csproj" (target "ResolveLockFileReferences" depends on it):
   2:7>Using "ResolvePackageAssets" task from assembly "C:\Program Files\dotnet\sdk\10.0.101\Sdks\Microsoft.NET.Sdk\targets\..\tools\net10.0\Microsoft.NET.Build.Tasks.dll".
   3:7>Target "PrepareProjectReferences" in file "C:\Program Files\dotnet\sdk\10.0.101\Microsoft.Common.CurrentVersion.targets" from project "D:\P.L\Flutter\fresh_produce_app\FreshProduce.Domain\FreshProduce.Domain.csproj" (target "ResolveProjectReferences" depends on it):
   3:7>Done building target "PrepareProjectReferences" in project "FreshProduce.Domain.csproj".
   2:7>Task "ResolvePackageAssets"
       Done executing task "ResolvePackageAssets".
   3:7>Target "ResolveProjectReferences" in file "C:\Program Files\dotnet\sdk\10.0.101\Microsoft.Common.CurrentVersion.targets" from project "D:\P.L\Flutter\fresh_produce_app\FreshProduce.Domain\FreshProduce.Domain.csproj" (target "ResolveReferences" depends on it):
   3:7>Done building target "ResolveProjectReferences" in project "FreshProduce.Domain.csproj".
   2:7>Done building target "ResolvePackageAssets" in project "FreshProduce.Application.csproj".
   3:7>Target "ResolveProjectReferences" skipped. Previously built successfully.
       Target "GetFrameworkPaths" skipped. Previously built successfully.
       Target "GetReferenceAssemblyPaths" skipped. Previously built successfully.
       Target "PrepareForBuild" skipped. Previously built successfully.
   2:7>Target "ResolveLockFileReferences" in file "C:\Program Files\dotnet\sdk\10.0.101\Sdks\Microsoft.NET.Sdk\targets\Microsoft.PackageDependencyResolution.targets" from project "D:\P.L\Flutter\fresh_produce_app\FreshProduce.Application\FreshProduce.Application.csproj" (target "ResolvePackageDependenciesForBuild" depends on it):
   2:7>Using "JoinItems" task from assembly "C:\Program Files\dotnet\sdk\10.0.101\Sdks\Microsoft.NET.Sdk\targets\..\tools\net10.0\Microsoft.NET.Build.Tasks.dll".
       Task "JoinItems"
   4:6>Done executing task "ResolvePackageAssets".
   4:6>Done building target "ResolvePackageAssets" in project "FreshProduce.Infrastructure.csproj".
   2:7>Done executing task "JoinItems".
   3:7>Target "ResolveSDKReferences" in file "C:\Program Files\dotnet\sdk\10.0.101\Microsoft.Common.CurrentVersion.targets" from project "D:\P.L\Flutter\fresh_produce_app\FreshProduce.Domain\FreshProduce.Domain.csproj" (target "ResolveAssemblyReferences" depends on it):
   3:7>Done building target "ResolveSDKReferences" in project "FreshProduce.Domain.csproj".
   4:6>Target "ResolveLockFileReferences" in file "C:\Program Files\dotnet\sdk\10.0.101\Sdks\Microsoft.NET.Sdk\targets\Microsoft.PackageDependencyResolution.targets" from project "D:\P.L\Flutter\fresh_produce_app\FreshProduce.Infrastructure\FreshProduce.Infrastructure.csproj" (target "ResolvePackageDependenciesForBuild" depends on it):
   4:6>Using "JoinItems" task from assembly "C:\Program Files\dotnet\sdk\10.0.101\Sdks\Microsoft.NET.Sdk\targets\..\tools\net10.0\Microsoft.NET.Build.Tasks.dll".
       Task "JoinItems"
   2:7>Done building target "ResolveLockFileReferences" in project "FreshProduce.Application.csproj".
       Target "ResolvePackageAssets" skipped. Previously built successfully.
   3:7>Target "ResolveSDKReferences" skipped. Previously built successfully.
   4:6>Done executing task "JoinItems".
   2:7>Target "ResolveLockFileAnalyzers" in file "C:\Program Files\dotnet\sdk\10.0.101\Sdks\Microsoft.NET.Sdk\targets\Microsoft.PackageDependencyResolution.targets" from project "D:\P.L\Flutter\fresh_produce_app\FreshProduce.Application\FreshProduce.Application.csproj" (target "ResolvePackageDependenciesForBuild" depends on it):
   2:7>Done building target "ResolveLockFileAnalyzers" in project "FreshProduce.Application.csproj".
   4:6>Done building target "ResolveLockFileReferences" in project "FreshProduce.Infrastructure.csproj".
   2:7>Target "ResolvePackageAssets" skipped. Previously built successfully.
   4:6>Target "ResolvePackageAssets" skipped. Previously built successfully.
   4:6>Target "ResolveLockFileAnalyzers" in file "C:\Program Files\dotnet\sdk\10.0.101\Sdks\Microsoft.NET.Sdk\targets\Microsoft.PackageDependencyResolution.targets" from project "D:\P.L\Flutter\fresh_produce_app\FreshProduce.Infrastructure\FreshProduce.Infrastructure.csproj" (target "ResolvePackageDependenciesForBuild" depends on it):
   4:6>Done building target "ResolveLockFileAnalyzers" in project "FreshProduce.Infrastructure.csproj".
       Target "ResolvePackageAssets" skipped. Previously built successfully.
   4:6>Target "ResolveLockFileCopyLocalFiles" in file "C:\Program Files\dotnet\sdk\10.0.101\Sdks\Microsoft.NET.Sdk\targets\Microsoft.PackageDependencyResolution.targets" from project "D:\P.L\Flutter\fresh_produce_app\FreshProduce.Infrastructure\FreshProduce.Infrastructure.csproj" (target "ResolvePackageDependenciesForBuild" depends on it):
   4:6>Done building target "ResolveLockFileCopyLocalFiles" in project "FreshProduce.Infrastructure.csproj".
   3:7>Target "ExpandSDKReferences" in file "C:\Program Files\dotnet\sdk\10.0.101\Microsoft.Common.CurrentVersion.targets" from project "D:\P.L\Flutter\fresh_produce_app\FreshProduce.Domain\FreshProduce.Domain.csproj" (target "ResolveAssemblyReferences" depends on it):
   3:7>Done building target "ExpandSDKReferences" in project "FreshProduce.Domain.csproj".
   4:6>Target "ResolvePackageAssets" skipped. Previously built successfully.
   4:6>Target "IncludeTransitiveProjectReferences" in file "C:\Program Files\dotnet\sdk\10.0.101\Sdks\Microsoft.NET.Sdk\targets\Microsoft.PackageDependencyResolution.targets" from project "D:\P.L\Flutter\fresh_produce_app\FreshProduce.Infrastructure\FreshProduce.Infrastructure.csproj" (target "ResolvePackageDependenciesForBuild" depends on it):
   4:6>Done building target "IncludeTransitiveProjectReferences" in project "FreshProduce.Infrastructure.csproj".
   4:6>Target "ResolvePackageDependenciesForBuild" in file "C:\Program Files\dotnet\sdk\10.0.101\Sdks\Microsoft.NET.Sdk\targets\Microsoft.PackageDependencyResolution.targets" from project "D:\P.L\Flutter\fresh_produce_app\FreshProduce.Infrastructure\FreshProduce.Infrastructure.csproj" (target "AssignProjectConfiguration" depends on it):
   4:6>Done building target "ResolvePackageDependenciesForBuild" in project "FreshProduce.Infrastructure.csproj".
   2:7>Target "ResolveLockFileCopyLocalFiles" in file "C:\Program Files\dotnet\sdk\10.0.101\Sdks\Microsoft.NET.Sdk\targets\Microsoft.PackageDependencyResolution.targets" from project "D:\P.L\Flutter\fresh_produce_app\FreshProduce.Application\FreshProduce.Application.csproj" (target "ResolvePackageDependenciesForBuild" depends on it):
   2:7>Done building target "ResolveLockFileCopyLocalFiles" in project "FreshProduce.Application.csproj".
   3:7>Target "ResolvePackageDependenciesForBuild" skipped. Previously built successfully.
   2:7>Target "ResolvePackageAssets" skipped. Previously built successfully.
   3:7>Target "GetFrameworkPaths" skipped. Previously built successfully.
   4:6>Target "AssignProjectConfiguration" in file "C:\Program Files\dotnet\sdk\10.0.101\Microsoft.Common.CurrentVersion.targets" from project "D:\P.L\Flutter\fresh_produce_app\FreshProduce.Infrastructure\FreshProduce.Infrastructure.csproj" (target "ResolveReferences" depends on it):
   4:6>Using "AssignProjectConfiguration" task from assembly "Microsoft.Build.Tasks.Core, Version=15.1.0.0, Culture=neutral, PublicKeyToken=b03f5f7f11d50a3a".
       Task "AssignProjectConfiguration"
   3:7>Target "GetReferenceAssemblyPaths" skipped. Previously built successfully.
       Target "ProcessFrameworkReferences" skipped. Previously built successfully.
   2:7>Target "IncludeTransitiveProjectReferences" in file "C:\Program Files\dotnet\sdk\10.0.101\Sdks\Microsoft.NET.Sdk\targets\Microsoft.PackageDependencyResolution.targets" from project "D:\P.L\Flutter\fresh_produce_app\FreshProduce.Application\FreshProduce.Application.csproj" (target "ResolvePackageDependenciesForBuild" depends on it):
   2:7>Done building target "IncludeTransitiveProjectReferences" in project "FreshProduce.Application.csproj".
   4:6>AssignProjectConfiguration:
         Project reference "..\FreshProduce.Application\FreshProduce.Application.csproj" has not been resolved.
         Project reference "..\FreshProduce.Domain\FreshProduce.Domain.csproj" has not been resolved.
   3:7>Target "ResolvePackageAssets" skipped. Previously built successfully.
   2:7>Target "ResolvePackageDependenciesForBuild" in file "C:\Program Files\dotnet\sdk\10.0.101\Sdks\Microsoft.NET.Sdk\targets\Microsoft.PackageDependencyResolution.targets" from project "D:\P.L\Flutter\fresh_produce_app\FreshProduce.Application\FreshProduce.Application.csproj" (target "AssignProjectConfiguration" depends on it):
   2:7>Done building target "ResolvePackageDependenciesForBuild" in project "FreshProduce.Application.csproj".
   3:7>Target "ResolveFrameworkReferences" in file "C:\Program Files\dotnet\sdk\10.0.101\Sdks\Microsoft.NET.Sdk\targets\Microsoft.NET.Sdk.FrameworkReferenceResolution.targets" from project "D:\P.L\Flutter\fresh_produce_app\FreshProduce.Domain\FreshProduce.Domain.csproj" (target "ResolveTargetingPackAssets" depends on it):
   3:7>Using "GetPackageDirectory" task from assembly "C:\Program Files\dotnet\sdk\10.0.101\Sdks\Microsoft.NET.Sdk\targets\..\tools\net10.0\Microsoft.NET.Build.Tasks.dll".
   4:6>Done executing task "AssignProjectConfiguration".
   3:7>Task "GetPackageDirectory"
   4:6>Done building target "AssignProjectConfiguration" in project "FreshProduce.Infrastructure.csproj".
       Target "AssignProjectConfiguration" skipped. Previously built successfully.
   2:7>Target "AssignProjectConfiguration" in file "C:\Program Files\dotnet\sdk\10.0.101\Microsoft.Common.CurrentVersion.targets" from project "D:\P.L\Flutter\fresh_produce_app\FreshProduce.Application\FreshProduce.Application.csproj" (target "ResolveReferences" depends on it):
   2:7>Task "AssignProjectConfiguration"
   3:7>Done executing task "GetPackageDirectory".
   4:6>Target "_SplitProjectReferencesByFileExistence" in file "C:\Program Files\dotnet\sdk\10.0.101\Microsoft.Common.CurrentVersion.targets" from project "D:\P.L\Flutter\fresh_produce_app\FreshProduce.Infrastructure\FreshProduce.Infrastructure.csproj" (target "PrepareProjectReferences" depends on it):
   4:6>Done building target "_SplitProjectReferencesByFileExistence" in project "FreshProduce.Infrastructure.csproj".
   4:6>Target "_AddOutputPathToGlobalPropertiesToRemove" in file "C:\Program Files\dotnet\sdk\10.0.101\Microsoft.Common.CurrentVersion.targets" from project "D:\P.L\Flutter\fresh_produce_app\FreshProduce.Infrastructure\FreshProduce.Infrastructure.csproj" (target "_GetProjectReferenceTargetFrameworkProperties" depends on it):
   4:6>Done building target "_AddOutputPathToGlobalPropertiesToRemove" in project "FreshProduce.Infrastructure.csproj".
   2:7>AssignProjectConfiguration:
         Project reference "..\FreshProduce.Domain\FreshProduce.Domain.csproj" has not been resolved.
   3:7>Task "GetPackageDirectory"
   2:7>Done executing task "AssignProjectConfiguration".
   4:6>Target "_GetProjectReferenceTargetFrameworkProperties" in file "C:\Program Files\dotnet\sdk\10.0.101\Microsoft.Common.CurrentVersion.targets" from project "D:\P.L\Flutter\fresh_produce_app\FreshProduce.Infrastructure\FreshProduce.Infrastructure.csproj" (target "PrepareProjectReferences" depends on it):
   4:6>Task "MSBuild"
   2:7>Done building target "AssignProjectConfiguration" in project "FreshProduce.Application.csproj".
   3:7>Done executing task "GetPackageDirectory".
   2:7>Target "AssignProjectConfiguration" skipped. Previously built successfully.
   4:6>_GetProjectReferenceTargetFrameworkProperties:
         Removing Properties:
   3:7>Task "GetPackageDirectory"
   4:6>_GetProjectReferenceTargetFrameworkProperties:
           TargetFramework
   3:7>Done executing task "GetPackageDirectory".
       Task "GetPackageDirectory"
   2:7>Target "_SplitProjectReferencesByFileExistence" in file "C:\Program Files\dotnet\sdk\10.0.101\Microsoft.Common.CurrentVersion.targets" from project "D:\P.L\Flutter\fresh_produce_app\FreshProduce.Application\FreshProduce.Application.csproj" (target "PrepareProjectReferences" depends on it):
   2:7>Done building target "_SplitProjectReferencesByFileExistence" in project "FreshProduce.Application.csproj".
   3:7>Done executing task "GetPackageDirectory".
       Task "GetPackageDirectory"
   2:7>Target "_AddOutputPathToGlobalPropertiesToRemove" in file "C:\Program Files\dotnet\sdk\10.0.101\Microsoft.Common.CurrentVersion.targets" from project "D:\P.L\Flutter\fresh_produce_app\FreshProduce.Application\FreshProduce.Application.csproj" (target "_GetProjectReferenceTargetFrameworkProperties" depends on it):
   2:7>Done building target "_AddOutputPathToGlobalPropertiesToRemove" in project "FreshProduce.Application.csproj".
   4:6>_GetProjectReferenceTargetFrameworkProperties:
           RuntimeIdentifier
           SelfContained
   2:7>Target "_GetProjectReferenceTargetFrameworkProperties" in file "C:\Program Files\dotnet\sdk\10.0.101\Microsoft.Common.CurrentVersion.targets" from project "D:\P.L\Flutter\fresh_produce_app\FreshProduce.Application\FreshProduce.Application.csproj" (target "PrepareProjectReferences" depends on it):
   2:7>Task "MSBuild"
         Removing Properties:
   4:6>Project "D:\P.L\Flutter\fresh_produce_app\FreshProduce.Infrastructure\FreshProduce.Infrastructure.csproj" (4:6) is building "D:\P.L\Flutter\fresh_produce_app\FreshProduce.Application\FreshProduce.Application.csproj" (2:8) on node 1 (GetTargetFrameworks target(s)).
   2:8>Target "GetTargetFrameworks" skipped. Previously built successfully.
   2:8>Done Building Project "D:\P.L\Flutter\fresh_produce_app\FreshProduce.Application\FreshProduce.Application.csproj" (GetTargetFrameworks target(s)).
   4:6>Project "D:\P.L\Flutter\fresh_produce_app\FreshProduce.Infrastructure\FreshProduce.Infrastructure.csproj" (4:6) is building "D:\P.L\Flutter\fresh_produce_app\FreshProduce.Domain\FreshProduce.Domain.csproj" (3:8) on node 1 (GetTargetFrameworks target(s)).
   3:8>Target "GetTargetFrameworks" skipped. Previously built successfully.
   3:8>Done Building Project "D:\P.L\Flutter\fresh_produce_app\FreshProduce.Domain\FreshProduce.Domain.csproj" (GetTargetFrameworks target(s)).
   2:7>_GetProjectReferenceTargetFrameworkProperties:
           TargetFramework
           RuntimeIdentifier
   4:6>Done executing task "MSBuild".
   2:7>_GetProjectReferenceTargetFrameworkProperties:
           SelfContained
   2:7>Project "D:\P.L\Flutter\fresh_produce_app\FreshProduce.Application\FreshProduce.Application.csproj" (2:7) is building "D:\P.L\Flutter\fresh_produce_app\FreshProduce.Domain\FreshProduce.Domain.csproj" (3:9) on node 3 (GetTargetFrameworks target(s)).
   3:9>Target "GetTargetFrameworks" skipped. Previously built successfully.
   3:9>Done Building Project "D:\P.L\Flutter\fresh_produce_app\FreshProduce.Domain\FreshProduce.Domain.csproj" (GetTargetFrameworks target(s)).
   4:6>_GetProjectReferenceTargetFrameworkProperties:
       Using "GetReferenceNearestTargetFrameworkTask" task from assembly "C:\Program Files\dotnet\sdk\10.0.101\NuGet.Build.Tasks.dll".
       Task "GetReferenceNearestTargetFrameworkTask"
   2:7>Done executing task "MSBuild".
       Using "GetReferenceNearestTargetFrameworkTask" task from assembly "C:\Program Files\dotnet\sdk\10.0.101\NuGet.Build.Tasks.dll".
       Task "GetReferenceNearestTargetFrameworkTask"
       Done executing task "GetReferenceNearestTargetFrameworkTask".
       Task "SetRidAgnosticValueForProjects"
       Done executing task "SetRidAgnosticValueForProjects".
   2:7>Done building target "_GetProjectReferenceTargetFrameworkProperties" in project "FreshProduce.Application.csproj".
       Target "_CalculateIsVSTestTestProject" skipped. Previously built successfully.
   2:7>Target "ValidateExecutableReferences" in file "C:\Program Files\dotnet\sdk\10.0.101\Sdks\Microsoft.NET.Sdk\targets\Microsoft.NET.Sdk.targets" from project "D:\P.L\Flutter\fresh_produce_app\FreshProduce.Application\FreshProduce.Application.csproj" (target "PrepareProjectReferences" depends on it):
       Using "ValidateExecutableReferences" task from assembly "C:\Program Files\dotnet\sdk\10.0.101\Sdks\Microsoft.NET.Sdk\targets\..\tools\net10.0\Microsoft.NET.Build.Tasks.dll".
       Task "ValidateExecutableReferences"
       Done executing task "ValidateExecutableReferences".
   4:6>Done executing task "GetReferenceNearestTargetFrameworkTask".
   2:7>Done building target "ValidateExecutableReferences" in project "FreshProduce.Application.csproj".
   2:7>Target "PrepareProjectReferences" in file "C:\Program Files\dotnet\sdk\10.0.101\Microsoft.Common.CurrentVersion.targets" from project "D:\P.L\Flutter\fresh_produce_app\FreshProduce.Application\FreshProduce.Application.csproj" (target "ResolveProjectReferences" depends on it):
   2:7>Done building target "PrepareProjectReferences" in project "FreshProduce.Application.csproj".
   4:6>_GetProjectReferenceTargetFrameworkProperties:
       Using "SetRidAgnosticValueForProjects" task from assembly "Microsoft.Build.Tasks.Core, Version=15.1.0.0, Culture=neutral, PublicKeyToken=b03f5f7f11d50a3a".
       Task "SetRidAgnosticValueForProjects"
   2:7>Target "ResolveProjectReferences" in file "C:\Program Files\dotnet\sdk\10.0.101\Microsoft.Common.CurrentVersion.targets" from project "D:\P.L\Flutter\fresh_produce_app\FreshProduce.Application\FreshProduce.Application.csproj" (target "ResolveReferences" depends on it):
   2:7>Task "MSBuild"
         Removing Properties for project "..\FreshProduce.Domain\FreshProduce.Domain.csproj":
           TargetFramework
           RuntimeIdentifier
   4:6>Done executing task "SetRidAgnosticValueForProjects".
   2:7>ResolveProjectReferences:
           SelfContained
   4:6>Done building target "_GetProjectReferenceTargetFrameworkProperties" in project "FreshProduce.Infrastructure.csproj".
       Target "_CalculateIsVSTestTestProject" skipped. Previously built successfully.
   4:6>Target "ValidateExecutableReferences" in file "C:\Program Files\dotnet\sdk\10.0.101\Sdks\Microsoft.NET.Sdk\targets\Microsoft.NET.Sdk.targets" from project "D:\P.L\Flutter\fresh_produce_app\FreshProduce.Infrastructure\FreshProduce.Infrastructure.csproj" (target "PrepareProjectReferences" depends on it):
       Using "ValidateExecutableReferences" task from assembly "C:\Program Files\dotnet\sdk\10.0.101\Sdks\Microsoft.NET.Sdk\targets\..\tools\net10.0\Microsoft.NET.Build.Tasks.dll".
       Task "ValidateExecutableReferences"
       Done executing task "ValidateExecutableReferences".
   4:6>Done building target "ValidateExecutableReferences" in project "FreshProduce.Infrastructure.csproj".
   4:6>Target "PrepareProjectReferences" in file "C:\Program Files\dotnet\sdk\10.0.101\Microsoft.Common.CurrentVersion.targets" from project "D:\P.L\Flutter\fresh_produce_app\FreshProduce.Infrastructure\FreshProduce.Infrastructure.csproj" (target "ResolveProjectReferences" depends on it):
   4:6>Done building target "PrepareProjectReferences" in project "FreshProduce.Infrastructure.csproj".
   4:6>Target "ResolveProjectReferences" in file "C:\Program Files\dotnet\sdk\10.0.101\Microsoft.Common.CurrentVersion.targets" from project "D:\P.L\Flutter\fresh_produce_app\FreshProduce.Infrastructure\FreshProduce.Infrastructure.csproj" (target "ResolveReferences" depends on it):
       Task "MSBuild"
         Removing Properties for project "..\FreshProduce.Application\FreshProduce.Application.csproj":
           TargetFramework
           RuntimeIdentifier
           SelfContained
         Removing Properties for project "..\FreshProduce.Domain\FreshProduce.Domain.csproj":
           TargetFramework
           RuntimeIdentifier
           SelfContained
   3:7>Done executing task "GetPackageDirectory".
       Task "GetPackageDirectory"
       Done executing task "GetPackageDirectory".
       Task "GetPackageDirectory"
       Done executing task "GetPackageDirectory".
       Task "GetPackageDirectory"
       Done executing task "GetPackageDirectory".
       Task "GetPackageDirectory"
       Done executing task "GetPackageDirectory".
       Task "GetPackageDirectory"
       Done executing task "GetPackageDirectory".
       Using "ResolveFrameworkReferences" task from assembly "C:\Program Files\dotnet\sdk\10.0.101\Sdks\Microsoft.NET.Sdk\targets\..\tools\net10.0\Microsoft.NET.Build.Tasks.dll".
       Task "ResolveFrameworkReferences"
       Done executing task "ResolveFrameworkReferences".
   3:7>Done building target "ResolveFrameworkReferences" in project "FreshProduce.Domain.csproj".
   3:7>Target "ResolveTargetingPackAssets" in file "C:\Program Files\dotnet\sdk\10.0.101\Sdks\Microsoft.NET.Sdk\targets\Microsoft.NET.Sdk.FrameworkReferenceResolution.targets" from project "D:\P.L\Flutter\fresh_produce_app\FreshProduce.Domain\FreshProduce.Domain.csproj" (target "_HandlePackageFileConflicts" depends on it):
       Using "ResolveTargetingPackAssets" task from assembly "C:\Program Files\dotnet\sdk\10.0.101\Sdks\Microsoft.NET.Sdk\targets\..\tools\net10.0\Microsoft.NET.Build.Tasks.dll".
       Task "ResolveTargetingPackAssets"
       Done executing task "ResolveTargetingPackAssets".
   3:7>Done building target "ResolveTargetingPackAssets" in project "FreshProduce.Domain.csproj".
   3:7>Target "ResolveOffByDefaultAnalyzers" in file "C:\Program Files\dotnet\sdk\10.0.101\Sdks\Microsoft.NET.Sdk\targets\Microsoft.NET.Sdk.FrameworkReferenceResolution.targets" from project "D:\P.L\Flutter\fresh_produce_app\FreshProduce.Domain\FreshProduce.Domain.csproj" (target "_HandlePackageFileConflicts" depends on it):
   3:7>Done building target "ResolveOffByDefaultAnalyzers" in project "FreshProduce.Domain.csproj".
   3:7>Target "_HandlePackageFileConflicts" in file "C:\Program Files\dotnet\sdk\10.0.101\Sdks\Microsoft.NET.Sdk\targets\Microsoft.NET.ConflictResolution.targets" from project "D:\P.L\Flutter\fresh_produce_app\FreshProduce.Domain\FreshProduce.Domain.csproj" (target "ResolveAssemblyReferences" depends on it):
       Using "ResolvePackageFileConflicts" task from assembly "C:\Program Files\dotnet\sdk\10.0.101\Sdks\Microsoft.NET.Sdk\targets\..\tools\net10.0\Microsoft.NET.Build.Tasks.dll".
       Task "ResolvePackageFileConflicts"
         Encountered conflict between 'Platform:mscorlib.dll' and 'Platform:mscorlib.dll'. Could not determine winner due to equal file and assembly versions.
         Encountered conflict between 'Platform:Microsoft.VisualBasic.dll' and 'Platform:Microsoft.VisualBasic.dll'. Could not determine winner due to equal file and assembly versions.
         Encountered conflict between 'Platform:System.dll' and 'Platform:System.dll'. Could not determine winner due to equal file and assembly versions.
         Encountered conflict between 'Platform:System.ComponentModel.DataAnnotations.dll' and 'Platform:System.ComponentModel.DataAnnotations.dll'. Could not determine winner due to equal file and assembly versions.
         Encountered conflict between 'Platform:System.Configuration.dll' and 'Platform:System.Configuration.dll'. Could not determine winner due to equal file and assembly versions.
         Encountered conflict between 'Platform:System.Core.dll' and 'Platform:System.Core.dll'. Could not determine winner due to equal file and assembly versions.
         Encountered conflict between 'Platform:System.Data.dll' and 'Platform:System.Data.dll'. Could not determine winner due to equal file and assembly versions.
         Encountered conflict between 'Platform:System.Drawing.dll' and 'Platform:System.Drawing.dll'. Could not determine winner due to equal file and assembly versions.
         Encountered conflict between 'Platform:System.IO.Compression.FileSystem.dll' and 'Platform:System.IO.Compression.FileSystem.dll'. Could not determine winner due to equal file and assembly versions.
         Encountered conflict between 'Platform:System.Net.dll' and 'Platform:System.Net.dll'. Could not determine winner due to equal file and assembly versions.
         Encountered conflict between 'Platform:System.Numerics.dll' and 'Platform:System.Numerics.dll'. Could not determine winner due to equal file and assembly versions.
         Encountered conflict between 'Platform:System.Runtime.Serialization.dll' and 'Platform:System.Runtime.Serialization.dll'. Could not determine winner due to equal file and assembly versions.
         Encountered conflict between 'Platform:System.Security.dll' and 'Platform:System.Security.dll'. Could not determine winner due to equal file and assembly versions.
         Encountered conflict between 'Platform:System.ServiceProcess.dll' and 'Platform:System.ServiceProcess.dll'. Could not determine winner due to equal file and assembly versions.
         Encountered conflict between 'Platform:System.ServiceModel.Web.dll' and 'Platform:System.ServiceModel.Web.dll'. Could not determine winner due to equal file and assembly versions.
         Encountered conflict between 'Platform:System.Transactions.dll' and 'Platform:System.Transactions.dll'. Could not determine winner due to equal file and assembly versions.
         Encountered conflict between 'Platform:System.Web.dll' and 'Platform:System.Web.dll'. Could not determine winner due to equal file and assembly versions.
         Encountered conflict between 'Platform:System.Windows.dll' and 'Platform:System.Windows.dll'. Could not determine winner due to equal file and assembly versions.
         Encountered conflict between 'Platform:System.Xml.dll' and 'Platform:System.Xml.dll'. Could not determine winner due to equal file and assembly versions.
         Encountered conflict between 'Platform:System.Xml.Serialization.dll' and 'Platform:System.Xml.Serialization.dll'. Could not determine winner due to equal file and assembly versions.
         Encountered conflict between 'Platform:System.Xml.Linq.dll' and 'Platform:System.Xml.Linq.dll'. Could not determine winner due to equal file and assembly versions.
         Encountered conflict between 'Platform:WindowsBase.dll' and 'Platform:WindowsBase.dll'. Could not determine winner due to equal file and assembly versions.
         Encountered conflict between 'Platform:netstandard.dll' and 'Platform:netstandard.dll'. Could not determine winner due to equal file and assembly versions.
         Encountered conflict between 'Platform:System.Private.CoreLib.dll' and 'Platform:System.Private.CoreLib.dll'. Could not determine winner due to equal file and assembly versions.
         Encountered conflict between 'Platform:System.Private.DataContractSerialization.dll' and 'Platform:System.Private.DataContractSerialization.dll'. Could not determine winner due to equal file and assembly versions.
         Encountered conflict between 'Platform:System.Private.Uri.dll' and 'Platform:System.Private.Uri.dll'. Could not determine winner due to equal file and assembly versions.
         Encountered conflict between 'Platform:System.Private.Xml.dll' and 'Platform:System.Private.Xml.dll'. Could not determine winner due to equal file and assembly versions.
         Encountered conflict between 'Platform:System.Private.Xml.Linq.dll' and 'Platform:System.Private.Xml.Linq.dll'. Could not determine winner due to equal file and assembly versions.
         Encountered conflict between 'Platform:mscordaccore_amd64_amd64_9.0.1125.51716.dll' and 'Platform:mscordaccore_amd64_amd64_9.0.1125.51716.dll'. Could not determine winner due to equal file and assembly versions.
       Done executing task "ResolvePackageFileConflicts".
   3:7>Done building target "_HandlePackageFileConflicts" in project "FreshProduce.Domain.csproj".
       Target "ResolveTargetingPackAssets" skipped. Previously built successfully.
   3:7>Target "ResolveAssemblyReferences" in file "C:\Program Files\dotnet\sdk\10.0.101\Microsoft.Common.CurrentVersion.targets" from project "D:\P.L\Flutter\fresh_produce_app\FreshProduce.Domain\FreshProduce.Domain.csproj" (target "ResolveReferences" depends on it):
       Using "ResolveAssemblyReference" task from assembly "Microsoft.Build.Tasks.Core, Version=15.1.0.0, Culture=neutral, PublicKeyToken=b03f5f7f11d50a3a".
       Task "ResolveAssemblyReference"
         TargetFrameworkMoniker:
             .NETCoreApp,Version=v9.0
         TargetFrameworkMonikerDisplayName:
             .NET 9.0
         TargetedRuntimeVersion:
             
         Assemblies:
             C:\Program Files\dotnet\packs\Microsoft.NETCore.App.Ref\9.0.11\ref/net9.0/Microsoft.CSharp.dll
                 Private = 'false'
             C:\Program Files\dotnet\packs\Microsoft.NETCore.App.Ref\9.0.11\ref/net9.0/Microsoft.VisualBasic.Core.dll
                 Private = 'false'
             C:\Program Files\dotnet\packs\Microsoft.NETCore.App.Ref\9.0.11\ref/net9.0/Microsoft.VisualBasic.dll
                 Private = 'false'
             C:\Program Files\dotnet\packs\Microsoft.NETCore.App.Ref\9.0.11\ref/net9.0/Microsoft.Win32.Primitives.dll
                 Private = 'false'
             C:\Program Files\dotnet\packs\Microsoft.NETCore.App.Ref\9.0.11\ref/net9.0/Microsoft.Win32.Registry.dll
                 Private = 'false'
             C:\Program Files\dotnet\packs\Microsoft.NETCore.App.Ref\9.0.11\ref/net9.0/System.AppContext.dll
                 Private = 'false'
             C:\Program Files\dotnet\packs\Microsoft.NETCore.App.Ref\9.0.11\ref/net9.0/System.Buffers.dll
                 Private = 'false'
             C:\Program Files\dotnet\packs\Microsoft.NETCore.App.Ref\9.0.11\ref/net9.0/System.Collections.Concurrent.dll
                 Private = 'false'
             C:\Program Files\dotnet\packs\Microsoft.NETCore.App.Ref\9.0.11\ref/net9.0/System.Collections.Immutable.dll
                 Private = 'false'
             C:\Program Files\dotnet\packs\Microsoft.NETCore.App.Ref\9.0.11\ref/net9.0/System.Collections.NonGeneric.dll
                 Private = 'false'
             C:\Program Files\dotnet\packs\Microsoft.NETCore.App.Ref\9.0.11\ref/net9.0/System.Collections.Specialized.dll
                 Private = 'false'
             C:\Program Files\dotnet\packs\Microsoft.NETCore.App.Ref\9.0.11\ref/net9.0/System.Collections.dll
                 Private = 'false'
             C:\Program Files\dotnet\packs\Microsoft.NETCore.App.Ref\9.0.11\ref/net9.0/System.ComponentModel.Annotations.dll
                 Private = 'false'
             C:\Program Files\dotnet\packs\Microsoft.NETCore.App.Ref\9.0.11\ref/net9.0/System.ComponentModel.DataAnnotations.dll
                 Private = 'false'
             C:\Program Files\dotnet\packs\Microsoft.NETCore.App.Ref\9.0.11\ref/net9.0/System.ComponentModel.EventBasedAsync.dll
                 Private = 'false'
             C:\Program Files\dotnet\packs\Microsoft.NETCore.App.Ref\9.0.11\ref/net9.0/System.ComponentModel.Primitives.dll
                 Private = 'false'
             C:\Program Files\dotnet\packs\Microsoft.NETCore.App.Ref\9.0.11\ref/net9.0/System.ComponentModel.TypeConverter.dll
                 Private = 'false'
             C:\Program Files\dotnet\packs\Microsoft.NETCore.App.Ref\9.0.11\ref/net9.0/System.ComponentModel.dll
                 Private = 'false'
             C:\Program Files\dotnet\packs\Microsoft.NETCore.App.Ref\9.0.11\ref/net9.0/System.Configuration.dll
                 Private = 'false'
             C:\Program Files\dotnet\packs\Microsoft.NETCore.App.Ref\9.0.11\ref/net9.0/System.Console.dll
                 Private = 'false'
             C:\Program Files\dotnet\packs\Microsoft.NETCore.App.Ref\9.0.11\ref/net9.0/System.Core.dll
                 Private = 'false'
             C:\Program Files\dotnet\packs\Microsoft.NETCore.App.Ref\9.0.11\ref/net9.0/System.Data.Common.dll
                 Private = 'false'
             C:\Program Files\dotnet\packs\Microsoft.NETCore.App.Ref\9.0.11\ref/net9.0/System.Data.DataSetExtensions.dll
                 Private = 'false'
             C:\Program Files\dotnet\packs\Microsoft.NETCore.App.Ref\9.0.11\ref/net9.0/System.Data.dll
                 Private = 'false'
             C:\Program Files\dotnet\packs\Microsoft.NETCore.App.Ref\9.0.11\ref/net9.0/System.Diagnostics.Contracts.dll
                 Private = 'false'
             C:\Program Files\dotnet\packs\Microsoft.NETCore.App.Ref\9.0.11\ref/net9.0/System.Diagnostics.Debug.dll
                 Private = 'false'
             C:\Program Files\dotnet\packs\Microsoft.NETCore.App.Ref\9.0.11\ref/net9.0/System.Diagnostics.DiagnosticSource.dll
                 Private = 'false'
             C:\Program Files\dotnet\packs\Microsoft.NETCore.App.Ref\9.0.11\ref/net9.0/System.Diagnostics.FileVersionInfo.dll
                 Private = 'false'
             C:\Program Files\dotnet\packs\Microsoft.NETCore.App.Ref\9.0.11\ref/net9.0/System.Diagnostics.Process.dll
                 Private = 'false'
             C:\Program Files\dotnet\packs\Microsoft.NETCore.App.Ref\9.0.11\ref/net9.0/System.Diagnostics.StackTrace.dll
                 Private = 'false'
             C:\Program Files\dotnet\packs\Microsoft.NETCore.App.Ref\9.0.11\ref/net9.0/System.Diagnostics.TextWriterTraceListener.dll
                 Private = 'false'
             C:\Program Files\dotnet\packs\Microsoft.NETCore.App.Ref\9.0.11\ref/net9.0/System.Diagnostics.Tools.dll
                 Private = 'false'
             C:\Program Files\dotnet\packs\Microsoft.NETCore.App.Ref\9.0.11\ref/net9.0/System.Diagnostics.TraceSource.dll
                 Private = 'false'
             C:\Program Files\dotnet\packs\Microsoft.NETCore.App.Ref\9.0.11\ref/net9.0/System.Diagnostics.Tracing.dll
                 Private = 'false'
             C:\Program Files\dotnet\packs\Microsoft.NETCore.App.Ref\9.0.11\ref/net9.0/System.Drawing.Primitives.dll
                 Private = 'false'
             C:\Program Files\dotnet\packs\Microsoft.NETCore.App.Ref\9.0.11\ref/net9.0/System.Drawing.dll
                 Private = 'false'
             C:\Program Files\dotnet\packs\Microsoft.NETCore.App.Ref\9.0.11\ref/net9.0/System.Dynamic.Runtime.dll
                 Private = 'false'
             C:\Program Files\dotnet\packs\Microsoft.NETCore.App.Ref\9.0.11\ref/net9.0/System.Formats.Asn1.dll
                 Private = 'false'
             C:\Program Files\dotnet\packs\Microsoft.NETCore.App.Ref\9.0.11\ref/net9.0/System.Formats.Tar.dll
                 Private = 'false'
             C:\Program Files\dotnet\packs\Microsoft.NETCore.App.Ref\9.0.11\ref/net9.0/System.Globalization.Calendars.dll
                 Private = 'false'
             C:\Program Files\dotnet\packs\Microsoft.NETCore.App.Ref\9.0.11\ref/net9.0/System.Globalization.Extensions.dll
                 Private = 'false'
             C:\Program Files\dotnet\packs\Microsoft.NETCore.App.Ref\9.0.11\ref/net9.0/System.Globalization.dll
                 Private = 'false'
             C:\Program Files\dotnet\packs\Microsoft.NETCore.App.Ref\9.0.11\ref/net9.0/System.IO.Compression.Brotli.dll
                 Private = 'false'
             C:\Program Files\dotnet\packs\Microsoft.NETCore.App.Ref\9.0.11\ref/net9.0/System.IO.Compression.FileSystem.dll
                 Private = 'false'
             C:\Program Files\dotnet\packs\Microsoft.NETCore.App.Ref\9.0.11\ref/net9.0/System.IO.Compression.ZipFile.dll
                 Private = 'false'
             C:\Program Files\dotnet\packs\Microsoft.NETCore.App.Ref\9.0.11\ref/net9.0/System.IO.Compression.dll
                 Private = 'false'
             C:\Program Files\dotnet\packs\Microsoft.NETCore.App.Ref\9.0.11\ref/net9.0/System.IO.FileSystem.AccessControl.dll
                 Private = 'false'
             C:\Program Files\dotnet\packs\Microsoft.NETCore.App.Ref\9.0.11\ref/net9.0/System.IO.FileSystem.DriveInfo.dll
                 Private = 'false'
             C:\Program Files\dotnet\packs\Microsoft.NETCore.App.Ref\9.0.11\ref/net9.0/System.IO.FileSystem.Primitives.dll
                 Private = 'false'
             C:\Program Files\dotnet\packs\Microsoft.NETCore.App.Ref\9.0.11\ref/net9.0/System.IO.FileSystem.Watcher.dll
                 Private = 'false'
             C:\Program Files\dotnet\packs\Microsoft.NETCore.App.Ref\9.0.11\ref/net9.0/System.IO.FileSystem.dll
                 Private = 'false'
             C:\Program Files\dotnet\packs\Microsoft.NETCore.App.Ref\9.0.11\ref/net9.0/System.IO.IsolatedStorage.dll
                 Private = 'false'
             C:\Program Files\dotnet\packs\Microsoft.NETCore.App.Ref\9.0.11\ref/net9.0/System.IO.MemoryMappedFiles.dll
                 Private = 'false'
             C:\Program Files\dotnet\packs\Microsoft.NETCore.App.Ref\9.0.11\ref/net9.0/System.IO.Pipelines.dll
                 Private = 'false'
             C:\Program Files\dotnet\packs\Microsoft.NETCore.App.Ref\9.0.11\ref/net9.0/System.IO.Pipes.AccessControl.dll
                 Private = 'false'
             C:\Program Files\dotnet\packs\Microsoft.NETCore.App.Ref\9.0.11\ref/net9.0/System.IO.Pipes.dll
                 Private = 'false'
             C:\Program Files\dotnet\packs\Microsoft.NETCore.App.Ref\9.0.11\ref/net9.0/System.IO.UnmanagedMemoryStream.dll
                 Private = 'false'
             C:\Program Files\dotnet\packs\Microsoft.NETCore.App.Ref\9.0.11\ref/net9.0/System.IO.dll
                 Private = 'false'
             C:\Program Files\dotnet\packs\Microsoft.NETCore.App.Ref\9.0.11\ref/net9.0/System.Linq.Expressions.dll
                 Private = 'false'
             C:\Program Files\dotnet\packs\Microsoft.NETCore.App.Ref\9.0.11\ref/net9.0/System.Linq.Parallel.dll
                 Private = 'false'
             C:\Program Files\dotnet\packs\Microsoft.NETCore.App.Ref\9.0.11\ref/net9.0/System.Linq.Queryable.dll
                 Private = 'false'
             C:\Program Files\dotnet\packs\Microsoft.NETCore.App.Ref\9.0.11\ref/net9.0/System.Linq.dll
                 Private = 'false'
             C:\Program Files\dotnet\packs\Microsoft.NETCore.App.Ref\9.0.11\ref/net9.0/System.Memory.dll
                 Private = 'false'
             C:\Program Files\dotnet\packs\Microsoft.NETCore.App.Ref\9.0.11\ref/net9.0/System.Net.Http.Json.dll
                 Private = 'false'
             C:\Program Files\dotnet\packs\Microsoft.NETCore.App.Ref\9.0.11\ref/net9.0/System.Net.Http.dll
                 Private = 'false'
             C:\Program Files\dotnet\packs\Microsoft.NETCore.App.Ref\9.0.11\ref/net9.0/System.Net.HttpListener.dll
                 Private = 'false'
             C:\Program Files\dotnet\packs\Microsoft.NETCore.App.Ref\9.0.11\ref/net9.0/System.Net.Mail.dll
                 Private = 'false'
             C:\Program Files\dotnet\packs\Microsoft.NETCore.App.Ref\9.0.11\ref/net9.0/System.Net.NameResolution.dll
                 Private = 'false'
             C:\Program Files\dotnet\packs\Microsoft.NETCore.App.Ref\9.0.11\ref/net9.0/System.Net.NetworkInformation.dll
                 Private = 'false'
             C:\Program Files\dotnet\packs\Microsoft.NETCore.App.Ref\9.0.11\ref/net9.0/System.Net.Ping.dll
                 Private = 'false'
             C:\Program Files\dotnet\packs\Microsoft.NETCore.App.Ref\9.0.11\ref/net9.0/System.Net.Primitives.dll
                 Private = 'false'
             C:\Program Files\dotnet\packs\Microsoft.NETCore.App.Ref\9.0.11\ref/net9.0/System.Net.Quic.dll
                 Private = 'false'
             C:\Program Files\dotnet\packs\Microsoft.NETCore.App.Ref\9.0.11\ref/net9.0/System.Net.Requests.dll
                 Private = 'false'
             C:\Program Files\dotnet\packs\Microsoft.NETCore.App.Ref\9.0.11\ref/net9.0/System.Net.Security.dll
                 Private = 'false'
             C:\Program Files\dotnet\packs\Microsoft.NETCore.App.Ref\9.0.11\ref/net9.0/System.Net.ServicePoint.dll
                 Private = 'false'
             C:\Program Files\dotnet\packs\Microsoft.NETCore.App.Ref\9.0.11\ref/net9.0/System.Net.Sockets.dll
                 Private = 'false'
             C:\Program Files\dotnet\packs\Microsoft.NETCore.App.Ref\9.0.11\ref/net9.0/System.Net.WebClient.dll
                 Private = 'false'
             C:\Program Files\dotnet\packs\Microsoft.NETCore.App.Ref\9.0.11\ref/net9.0/System.Net.WebHeaderCollection.dll
                 Private = 'false'
             C:\Program Files\dotnet\packs\Microsoft.NETCore.App.Ref\9.0.11\ref/net9.0/System.Net.WebProxy.dll
                 Private = 'false'
             C:\Program Files\dotnet\packs\Microsoft.NETCore.App.Ref\9.0.11\ref/net9.0/System.Net.WebSockets.Client.dll
                 Private = 'false'
             C:\Program Files\dotnet\packs\Microsoft.NETCore.App.Ref\9.0.11\ref/net9.0/System.Net.WebSockets.dll
                 Private = 'false'
             C:\Program Files\dotnet\packs\Microsoft.NETCore.App.Ref\9.0.11\ref/net9.0/System.Net.dll
                 Private = 'false'
             C:\Program Files\dotnet\packs\Microsoft.NETCore.App.Ref\9.0.11\ref/net9.0/System.Numerics.Vectors.dll
                 Private = 'false'
             C:\Program Files\dotnet\packs\Microsoft.NETCore.App.Ref\9.0.11\ref/net9.0/System.Numerics.dll
                 Private = 'false'
             C:\Program Files\dotnet\packs\Microsoft.NETCore.App.Ref\9.0.11\ref/net9.0/System.ObjectModel.dll
                 Private = 'false'
             C:\Program Files\dotnet\packs\Microsoft.NETCore.App.Ref\9.0.11\ref/net9.0/System.Reflection.DispatchProxy.dll
                 Private = 'false'
             C:\Program Files\dotnet\packs\Microsoft.NETCore.App.Ref\9.0.11\ref/net9.0/System.Reflection.Emit.ILGeneration.dll
                 Private = 'false'
             C:\Program Files\dotnet\packs\Microsoft.NETCore.App.Ref\9.0.11\ref/net9.0/System.Reflection.Emit.Lightweight.dll
                 Private = 'false'
             C:\Program Files\dotnet\packs\Microsoft.NETCore.App.Ref\9.0.11\ref/net9.0/System.Reflection.Emit.dll
                 Private = 'false'
             C:\Program Files\dotnet\packs\Microsoft.NETCore.App.Ref\9.0.11\ref/net9.0/System.Reflection.Extensions.dll
                 Private = 'false'
             C:\Program Files\dotnet\packs\Microsoft.NETCore.App.Ref\9.0.11\ref/net9.0/System.Reflection.Metadata.dll
                 Private = 'false'
             C:\Program Files\dotnet\packs\Microsoft.NETCore.App.Ref\9.0.11\ref/net9.0/System.Reflection.Primitives.dll
                 Private = 'false'
             C:\Program Files\dotnet\packs\Microsoft.NETCore.App.Ref\9.0.11\ref/net9.0/System.Reflection.TypeExtensions.dll
                 Private = 'false'
             C:\Program Files\dotnet\packs\Microsoft.NETCore.App.Ref\9.0.11\ref/net9.0/System.Reflection.dll
                 Private = 'false'
             C:\Program Files\dotnet\packs\Microsoft.NETCore.App.Ref\9.0.11\ref/net9.0/System.Resources.Reader.dll
                 Private = 'false'
             C:\Program Files\dotnet\packs\Microsoft.NETCore.App.Ref\9.0.11\ref/net9.0/System.Resources.ResourceManager.dll
                 Private = 'false'
             C:\Program Files\dotnet\packs\Microsoft.NETCore.App.Ref\9.0.11\ref/net9.0/System.Resources.Writer.dll
                 Private = 'false'
             C:\Program Files\dotnet\packs\Microsoft.NETCore.App.Ref\9.0.11\ref/net9.0/System.Runtime.CompilerServices.Unsafe.dll
                 Private = 'false'
             C:\Program Files\dotnet\packs\Microsoft.NETCore.App.Ref\9.0.11\ref/net9.0/System.Runtime.CompilerServices.VisualC.dll
                 Private = 'false'
             C:\Program Files\dotnet\packs\Microsoft.NETCore.App.Ref\9.0.11\ref/net9.0/System.Runtime.Extensions.dll
                 Private = 'false'
             C:\Program Files\dotnet\packs\Microsoft.NETCore.App.Ref\9.0.11\ref/net9.0/System.Runtime.Handles.dll
                 Private = 'false'
             C:\Program Files\dotnet\packs\Microsoft.NETCore.App.Ref\9.0.11\ref/net9.0/System.Runtime.InteropServices.JavaScript.dll
                 Private = 'false'
             C:\Program Files\dotnet\packs\Microsoft.NETCore.App.Ref\9.0.11\ref/net9.0/System.Runtime.InteropServices.RuntimeInformation.dll
                 Private = 'false'
             C:\Program Files\dotnet\packs\Microsoft.NETCore.App.Ref\9.0.11\ref/net9.0/System.Runtime.InteropServices.dll
                 Private = 'false'
             C:\Program Files\dotnet\packs\Microsoft.NETCore.App.Ref\9.0.11\ref/net9.0/System.Runtime.Intrinsics.dll
                 Private = 'false'
             C:\Program Files\dotnet\packs\Microsoft.NETCore.App.Ref\9.0.11\ref/net9.0/System.Runtime.Loader.dll
                 Private = 'false'
             C:\Program Files\dotnet\packs\Microsoft.NETCore.App.Ref\9.0.11\ref/net9.0/System.Runtime.Numerics.dll
                 Private = 'false'
             C:\Program Files\dotnet\packs\Microsoft.NETCore.App.Ref\9.0.11\ref/net9.0/System.Runtime.Serialization.Formatters.dll
                 Private = 'false'
             C:\Program Files\dotnet\packs\Microsoft.NETCore.App.Ref\9.0.11\ref/net9.0/System.Runtime.Serialization.Json.dll
                 Private = 'false'
             C:\Program Files\dotnet\packs\Microsoft.NETCore.App.Ref\9.0.11\ref/net9.0/System.Runtime.Serialization.Primitives.dll
                 Private = 'false'
             C:\Program Files\dotnet\packs\Microsoft.NETCore.App.Ref\9.0.11\ref/net9.0/System.Runtime.Serialization.Xml.dll
                 Private = 'false'
             C:\Program Files\dotnet\packs\Microsoft.NETCore.App.Ref\9.0.11\ref/net9.0/System.Runtime.Serialization.dll
                 Private = 'false'
             C:\Program Files\dotnet\packs\Microsoft.NETCore.App.Ref\9.0.11\ref/net9.0/System.Runtime.dll
                 Private = 'false'
             C:\Program Files\dotnet\packs\Microsoft.NETCore.App.Ref\9.0.11\ref/net9.0/System.Security.AccessControl.dll
                 Private = 'false'
             C:\Program Files\dotnet\packs\Microsoft.NETCore.App.Ref\9.0.11\ref/net9.0/System.Security.Claims.dll
                 Private = 'false'
             C:\Program Files\dotnet\packs\Microsoft.NETCore.App.Ref\9.0.11\ref/net9.0/System.Security.Cryptography.Algorithms.dll
                 Private = 'false'
             C:\Program Files\dotnet\packs\Microsoft.NETCore.App.Ref\9.0.11\ref/net9.0/System.Security.Cryptography.Cng.dll
                 Private = 'false'
             C:\Program Files\dotnet\packs\Microsoft.NETCore.App.Ref\9.0.11\ref/net9.0/System.Security.Cryptography.Csp.dll
                 Private = 'false'
             C:\Program Files\dotnet\packs\Microsoft.NETCore.App.Ref\9.0.11\ref/net9.0/System.Security.Cryptography.Encoding.dll
                 Private = 'false'
             C:\Program Files\dotnet\packs\Microsoft.NETCore.App.Ref\9.0.11\ref/net9.0/System.Security.Cryptography.OpenSsl.dll
                 Private = 'false'
             C:\Program Files\dotnet\packs\Microsoft.NETCore.App.Ref\9.0.11\ref/net9.0/System.Security.Cryptography.Primitives.dll
                 Private = 'false'
             C:\Program Files\dotnet\packs\Microsoft.NETCore.App.Ref\9.0.11\ref/net9.0/System.Security.Cryptography.X509Certificates.dll
                 Private = 'false'
             C:\Program Files\dotnet\packs\Microsoft.NETCore.App.Ref\9.0.11\ref/net9.0/System.Security.Cryptography.dll
                 Private = 'false'
             C:\Program Files\dotnet\packs\Microsoft.NETCore.App.Ref\9.0.11\ref/net9.0/System.Security.Principal.Windows.dll
                 Private = 'false'
             C:\Program Files\dotnet\packs\Microsoft.NETCore.App.Ref\9.0.11\ref/net9.0/System.Security.Principal.dll
                 Private = 'false'
             C:\Program Files\dotnet\packs\Microsoft.NETCore.App.Ref\9.0.11\ref/net9.0/System.Security.SecureString.dll
                 Private = 'false'
             C:\Program Files\dotnet\packs\Microsoft.NETCore.App.Ref\9.0.11\ref/net9.0/System.Security.dll
                 Private = 'false'
             C:\Program Files\dotnet\packs\Microsoft.NETCore.App.Ref\9.0.11\ref/net9.0/System.ServiceModel.Web.dll
                 Private = 'false'
             C:\Program Files\dotnet\packs\Microsoft.NETCore.App.Ref\9.0.11\ref/net9.0/System.ServiceProcess.dll
                 Private = 'false'
             C:\Program Files\dotnet\packs\Microsoft.NETCore.App.Ref\9.0.11\ref/net9.0/System.Text.Encoding.CodePages.dll
                 Private = 'false'
             C:\Program Files\dotnet\packs\Microsoft.NETCore.App.Ref\9.0.11\ref/net9.0/System.Text.Encoding.Extensions.dll
                 Private = 'false'
             C:\Program Files\dotnet\packs\Microsoft.NETCore.App.Ref\9.0.11\ref/net9.0/System.Text.Encoding.dll
                 Private = 'false'
             C:\Program Files\dotnet\packs\Microsoft.NETCore.App.Ref\9.0.11\ref/net9.0/System.Text.Encodings.Web.dll
                 Private = 'false'
             C:\Program Files\dotnet\packs\Microsoft.NETCore.App.Ref\9.0.11\ref/net9.0/System.Text.Json.dll
                 Private = 'false'
             C:\Program Files\dotnet\packs\Microsoft.NETCore.App.Ref\9.0.11\ref/net9.0/System.Text.RegularExpressions.dll
                 Private = 'false'
             C:\Program Files\dotnet\packs\Microsoft.NETCore.App.Ref\9.0.11\ref/net9.0/System.Threading.Channels.dll
                 Private = 'false'
             C:\Program Files\dotnet\packs\Microsoft.NETCore.App.Ref\9.0.11\ref/net9.0/System.Threading.Overlapped.dll
                 Private = 'false'
             C:\Program Files\dotnet\packs\Microsoft.NETCore.App.Ref\9.0.11\ref/net9.0/System.Threading.Tasks.Dataflow.dll
                 Private = 'false'
             C:\Program Files\dotnet\packs\Microsoft.NETCore.App.Ref\9.0.11\ref/net9.0/System.Threading.Tasks.Extensions.dll
                 Private = 'false'
             C:\Program Files\dotnet\packs\Microsoft.NETCore.App.Ref\9.0.11\ref/net9.0/System.Threading.Tasks.Parallel.dll
                 Private = 'false'
             C:\Program Files\dotnet\packs\Microsoft.NETCore.App.Ref\9.0.11\ref/net9.0/System.Threading.Tasks.dll
                 Private = 'false'
             C:\Program Files\dotnet\packs\Microsoft.NETCore.App.Ref\9.0.11\ref/net9.0/System.Threading.Thread.dll
                 Private = 'false'
             C:\Program Files\dotnet\packs\Microsoft.NETCore.App.Ref\9.0.11\ref/net9.0/System.Threading.ThreadPool.dll
                 Private = 'false'
             C:\Program Files\dotnet\packs\Microsoft.NETCore.App.Ref\9.0.11\ref/net9.0/System.Threading.Timer.dll
                 Private = 'false'
             C:\Program Files\dotnet\packs\Microsoft.NETCore.App.Ref\9.0.11\ref/net9.0/System.Threading.dll
                 Private = 'false'
             C:\Program Files\dotnet\packs\Microsoft.NETCore.App.Ref\9.0.11\ref/net9.0/System.Transactions.Local.dll
                 Private = 'false'
             C:\Program Files\dotnet\packs\Microsoft.NETCore.App.Ref\9.0.11\ref/net9.0/System.Transactions.dll
                 Private = 'false'
             C:\Program Files\dotnet\packs\Microsoft.NETCore.App.Ref\9.0.11\ref/net9.0/System.ValueTuple.dll
                 Private = 'false'
             C:\Program Files\dotnet\packs\Microsoft.NETCore.App.Ref\9.0.11\ref/net9.0/System.Web.HttpUtility.dll
                 Private = 'false'
             C:\Program Files\dotnet\packs\Microsoft.NETCore.App.Ref\9.0.11\ref/net9.0/System.Web.dll
                 Private = 'false'
             C:\Program Files\dotnet\packs\Microsoft.NETCore.App.Ref\9.0.11\ref/net9.0/System.Windows.dll
                 Private = 'false'
             C:\Program Files\dotnet\packs\Microsoft.NETCore.App.Ref\9.0.11\ref/net9.0/System.Xml.Linq.dll
                 Private = 'false'
             C:\Program Files\dotnet\packs\Microsoft.NETCore.App.Ref\9.0.11\ref/net9.0/System.Xml.ReaderWriter.dll
                 Private = 'false'
             C:\Program Files\dotnet\packs\Microsoft.NETCore.App.Ref\9.0.11\ref/net9.0/System.Xml.Serialization.dll
                 Private = 'false'
             C:\Program Files\dotnet\packs\Microsoft.NETCore.App.Ref\9.0.11\ref/net9.0/System.Xml.XDocument.dll
                 Private = 'false'
             C:\Program Files\dotnet\packs\Microsoft.NETCore.App.Ref\9.0.11\ref/net9.0/System.Xml.XPath.XDocument.dll
                 Private = 'false'
             C:\Program Files\dotnet\packs\Microsoft.NETCore.App.Ref\9.0.11\ref/net9.0/System.Xml.XPath.dll
                 Private = 'false'
             C:\Program Files\dotnet\packs\Microsoft.NETCore.App.Ref\9.0.11\ref/net9.0/System.Xml.XmlDocument.dll
                 Private = 'false'
             C:\Program Files\dotnet\packs\Microsoft.NETCore.App.Ref\9.0.11\ref/net9.0/System.Xml.XmlSerializer.dll
                 Private = 'false'
             C:\Program Files\dotnet\packs\Microsoft.NETCore.App.Ref\9.0.11\ref/net9.0/System.Xml.dll
                 Private = 'false'
             C:\Program Files\dotnet\packs\Microsoft.NETCore.App.Ref\9.0.11\ref/net9.0/System.dll
                 Private = 'false'
             C:\Program Files\dotnet\packs\Microsoft.NETCore.App.Ref\9.0.11\ref/net9.0/WindowsBase.dll
                 Private = 'false'
             C:\Program Files\dotnet\packs\Microsoft.NETCore.App.Ref\9.0.11\ref/net9.0/mscorlib.dll
                 Private = 'false'
             C:\Program Files\dotnet\packs\Microsoft.NETCore.App.Ref\9.0.11\ref/net9.0/netstandard.dll
                 Private = 'false'
         AssemblyFiles:
         CandidateAssemblyFiles:
         TargetFrameworkDirectories:
             
         NonCultureResourceDirectories:
             
         InstalledAssemblyTables:
         IgnoreInstalledAssemblyTable:
             False
         SearchPaths:
             {CandidateAssemblyFiles}
             {HintPathFromItem}
             {TargetFrameworkDirectory}
             {RawFileName}
         AllowedAssemblyExtensions:
             .winmd
             .dll
             .exe
         AllowedRelatedFileExtensions:
             .pdb
             .xml
             .pri
             .dll.config
             .exe.config
         AppConfigFile:
             
         AutoUnify:
             True
         EnableCustomCulture:
             False
         EnableCustomCulture:
             False
         CopyLocalDependenciesWhenParentReferenceInGac:
             True
         FindDependencies:
             True
         TargetProcessorArchitecture:
             msil
         StateFile:
             obj\Debug\net9.0\FreshProduce.Domain.csproj.AssemblyReference.cache
         InstalledAssemblySubsetTables:
         IgnoreInstalledAssemblySubsetTable:
             False
         TargetFrameworkSubsets:
         FullTargetFrameworkSubsetNames:
             Full
         ProfileName:
             
         FullFrameworkFolders:
         LatestTargetFrameworkDirectories:
         ProfileTablesLocation:
         Primary reference "Microsoft.CSharp, Version=9.0.0.0, Culture=neutral, PublicKeyToken=b03f5f7f11d50a3a".
             Resolved file path is "C:\Program Files\dotnet\packs\Microsoft.NETCore.App.Ref\9.0.11\ref\net9.0\Microsoft.CSharp.dll".
             Reference found at search path location "{RawFileName}".
             This reference is not "CopyLocal" because at least one source item had "Private" set to "false" and no source items had "Private" set to "true".
         Primary reference "Microsoft.VisualBasic.Core, Version=14.0.0.0, Culture=neutral, PublicKeyToken=b03f5f7f11d50a3a".
             Resolved file path is "C:\Program Files\dotnet\packs\Microsoft.NETCore.App.Ref\9.0.11\ref\net9.0\Microsoft.VisualBasic.Core.dll".
             Reference found at search path location "{RawFileName}".
             This reference is not "CopyLocal" because at least one source item had "Private" set to "false" and no source items had "Private" set to "true".
         Primary reference "Microsoft.VisualBasic, Version=10.0.0.0, Culture=neutral, PublicKeyToken=b03f5f7f11d50a3a".
             Resolved file path is "C:\Program Files\dotnet\packs\Microsoft.NETCore.App.Ref\9.0.11\ref\net9.0\Microsoft.VisualBasic.dll".
             Reference found at search path location "{RawFileName}".
             This reference is not "CopyLocal" because at least one source item had "Private" set to "false" and no source items had "Private" set to "true".
         Primary reference "Microsoft.Win32.Primitives, Version=9.0.0.0, Culture=neutral, PublicKeyToken=b03f5f7f11d50a3a".
             Resolved file path is "C:\Program Files\dotnet\packs\Microsoft.NETCore.App.Ref\9.0.11\ref\net9.0\Microsoft.Win32.Primitives.dll".
             Reference found at search path location "{RawFileName}".
             This reference is not "CopyLocal" because at least one source item had "Private" set to "false" and no source items had "Private" set to "true".
         Primary reference "Microsoft.Win32.Registry, Version=9.0.0.0, Culture=neutral, PublicKeyToken=b03f5f7f11d50a3a".
             Resolved file path is "C:\Program Files\dotnet\packs\Microsoft.NETCore.App.Ref\9.0.11\ref\net9.0\Microsoft.Win32.Registry.dll".
             Reference found at search path location "{RawFileName}".
             This reference is not "CopyLocal" because at least one source item had "Private" set to "false" and no source items had "Private" set to "true".
         Primary reference "System.AppContext, Version=9.0.0.0, Culture=neutral, PublicKeyToken=b03f5f7f11d50a3a".
             Resolved file path is "C:\Program Files\dotnet\packs\Microsoft.NETCore.App.Ref\9.0.11\ref\net9.0\System.AppContext.dll".
             Reference found at search path location "{RawFileName}".
             This reference is not "CopyLocal" because at least one source item had "Private" set to "false" and no source items had "Private" set to "true".
         Primary reference "System.Buffers, Version=9.0.0.0, Culture=neutral, PublicKeyToken=cc7b13ffcd2ddd51".
             Resolved file path is "C:\Program Files\dotnet\packs\Microsoft.NETCore.App.Ref\9.0.11\ref\net9.0\System.Buffers.dll".
             Reference found at search path location "{RawFileName}".
             This reference is not "CopyLocal" because at least one source item had "Private" set to "false" and no source items had "Private" set to "true".
         Primary reference "System.Collections.Concurrent, Version=9.0.0.0, Culture=neutral, PublicKeyToken=b03f5f7f11d50a3a".
             Resolved file path is "C:\Program Files\dotnet\packs\Microsoft.NETCore.App.Ref\9.0.11\ref\net9.0\System.Collections.Concurrent.dll".
             Reference found at search path location "{RawFileName}".
             This reference is not "CopyLocal" because at least one source item had "Private" set to "false" and no source items had "Private" set to "true".
         Primary reference "System.Collections.Immutable, Version=9.0.0.0, Culture=neutral, PublicKeyToken=b03f5f7f11d50a3a".
             Resolved file path is "C:\Program Files\dotnet\packs\Microsoft.NETCore.App.Ref\9.0.11\ref\net9.0\System.Collections.Immutable.dll".
             Reference found at search path location "{RawFileName}".
             This reference is not "CopyLocal" because at least one source item had "Private" set to "false" and no source items had "Private" set to "true".
         Primary reference "System.Collections.NonGeneric, Version=9.0.0.0, Culture=neutral, PublicKeyToken=b03f5f7f11d50a3a".
             Resolved file path is "C:\Program Files\dotnet\packs\Microsoft.NETCore.App.Ref\9.0.11\ref\net9.0\System.Collections.NonGeneric.dll".
             Reference found at search path location "{RawFileName}".
             This reference is not "CopyLocal" because at least one source item had "Private" set to "false" and no source items had "Private" set to "true".
         Primary reference "System.Collections.Specialized, Version=9.0.0.0, Culture=neutral, PublicKeyToken=b03f5f7f11d50a3a".
             Resolved file path is "C:\Program Files\dotnet\packs\Microsoft.NETCore.App.Ref\9.0.11\ref\net9.0\System.Collections.Specialized.dll".
             Reference found at search path location "{RawFileName}".
             This reference is not "CopyLocal" because at least one source item had "Private" set to "false" and no source items had "Private" set to "true".
         Primary reference "System.Collections, Version=9.0.0.0, Culture=neutral, PublicKeyToken=b03f5f7f11d50a3a".
             Resolved file path is "C:\Program Files\dotnet\packs\Microsoft.NETCore.App.Ref\9.0.11\ref\net9.0\System.Collections.dll".
             Reference found at search path location "{RawFileName}".
             This reference is not "CopyLocal" because at least one source item had "Private" set to "false" and no source items had "Private" set to "true".
         Primary reference "System.ComponentModel.Annotations, Version=9.0.0.0, Culture=neutral, PublicKeyToken=b03f5f7f11d50a3a".
             Resolved file path is "C:\Program Files\dotnet\packs\Microsoft.NETCore.App.Ref\9.0.11\ref\net9.0\System.ComponentModel.Annotations.dll".
             Reference found at search path location "{RawFileName}".
             This reference is not "CopyLocal" because at least one source item had "Private" set to "false" and no source items had "Private" set to "true".
         Primary reference "System.ComponentModel.DataAnnotations, Version=4.0.0.0, Culture=neutral, PublicKeyToken=31bf3856ad364e35".
             Resolved file path is "C:\Program Files\dotnet\packs\Microsoft.NETCore.App.Ref\9.0.11\ref\net9.0\System.ComponentModel.DataAnnotations.dll".
             Reference found at search path location "{RawFileName}".
             This reference is not "CopyLocal" because at least one source item had "Private" set to "false" and no source items had "Private" set to "true".
         Primary reference "System.ComponentModel.EventBasedAsync, Version=9.0.0.0, Culture=neutral, PublicKeyToken=b03f5f7f11d50a3a".
             Resolved file path is "C:\Program Files\dotnet\packs\Microsoft.NETCore.App.Ref\9.0.11\ref\net9.0\System.ComponentModel.EventBasedAsync.dll".
             Reference found at search path location "{RawFileName}".
             This reference is not "CopyLocal" because at least one source item had "Private" set to "false" and no source items had "Private" set to "true".
         Primary reference "System.ComponentModel.Primitives, Version=9.0.0.0, Culture=neutral, PublicKeyToken=b03f5f7f11d50a3a".
             Resolved file path is "C:\Program Files\dotnet\packs\Microsoft.NETCore.App.Ref\9.0.11\ref\net9.0\System.ComponentModel.Primitives.dll".
             Reference found at search path location "{RawFileName}".
             This reference is not "CopyLocal" because at least one source item had "Private" set to "false" and no source items had "Private" set to "true".
         Primary reference "System.ComponentModel.TypeConverter, Version=9.0.0.0, Culture=neutral, PublicKeyToken=b03f5f7f11d50a3a".
             Resolved file path is "C:\Program Files\dotnet\packs\Microsoft.NETCore.App.Ref\9.0.11\ref\net9.0\System.ComponentModel.TypeConverter.dll".
             Reference found at search path location "{RawFileName}".
             This reference is not "CopyLocal" because at least one source item had "Private" set to "false" and no source items had "Private" set to "true".
         Primary reference "System.ComponentModel, Version=9.0.0.0, Culture=neutral, PublicKeyToken=b03f5f7f11d50a3a".
             Resolved file path is "C:\Program Files\dotnet\packs\Microsoft.NETCore.App.Ref\9.0.11\ref\net9.0\System.ComponentModel.dll".
             Reference found at search path location "{RawFileName}".
             This reference is not "CopyLocal" because at least one source item had "Private" set to "false" and no source items had "Private" set to "true".
         Primary reference "System.Configuration, Version=4.0.0.0, Culture=neutral, PublicKeyToken=b03f5f7f11d50a3a".
             Resolved file path is "C:\Program Files\dotnet\packs\Microsoft.NETCore.App.Ref\9.0.11\ref\net9.0\System.Configuration.dll".
             Reference found at search path location "{RawFileName}".
             This reference is not "CopyLocal" because at least one source item had "Private" set to "false" and no source items had "Private" set to "true".
         Primary reference "System.Console, Version=9.0.0.0, Culture=neutral, PublicKeyToken=b03f5f7f11d50a3a".
             Resolved file path is "C:\Program Files\dotnet\packs\Microsoft.NETCore.App.Ref\9.0.11\ref\net9.0\System.Console.dll".
             Reference found at search path location "{RawFileName}".
             This reference is not "CopyLocal" because at least one source item had "Private" set to "false" and no source items had "Private" set to "true".
         Primary reference "System.Core, Version=4.0.0.0, Culture=neutral, PublicKeyToken=b77a5c561934e089".
             Resolved file path is "C:\Program Files\dotnet\packs\Microsoft.NETCore.App.Ref\9.0.11\ref\net9.0\System.Core.dll".
             Reference found at search path location "{RawFileName}".
             This reference is not "CopyLocal" because at least one source item had "Private" set to "false" and no source items had "Private" set to "true".
         Primary reference "System.Data.Common, Version=9.0.0.0, Culture=neutral, PublicKeyToken=b03f5f7f11d50a3a".
             Resolved file path is "C:\Program Files\dotnet\packs\Microsoft.NETCore.App.Ref\9.0.11\ref\net9.0\System.Data.Common.dll".
             Reference found at search path location "{RawFileName}".
             This reference is not "CopyLocal" because at least one source item had "Private" set to "false" and no source items had "Private" set to "true".
         Primary reference "System.Data.DataSetExtensions, Version=9.0.0.0, Culture=neutral, PublicKeyToken=b77a5c561934e089".
             Resolved file path is "C:\Program Files\dotnet\packs\Microsoft.NETCore.App.Ref\9.0.11\ref\net9.0\System.Data.DataSetExtensions.dll".
             Reference found at search path location "{RawFileName}".
             This reference is not "CopyLocal" because at least one source item had "Private" set to "false" and no source items had "Private" set to "true".
         Primary reference "System.Data, Version=4.0.0.0, Culture=neutral, PublicKeyToken=b77a5c561934e089".
             Resolved file path is "C:\Program Files\dotnet\packs\Microsoft.NETCore.App.Ref\9.0.11\ref\net9.0\System.Data.dll".
             Reference found at search path location "{RawFileName}".
             This reference is not "CopyLocal" because at least one source item had "Private" set to "false" and no source items had "Private" set to "true".
         Primary reference "System.Diagnostics.Contracts, Version=9.0.0.0, Culture=neutral, PublicKeyToken=b03f5f7f11d50a3a".
             Resolved file path is "C:\Program Files\dotnet\packs\Microsoft.NETCore.App.Ref\9.0.11\ref\net9.0\System.Diagnostics.Contracts.dll".
             Reference found at search path location "{RawFileName}".
             This reference is not "CopyLocal" because at least one source item had "Private" set to "false" and no source items had "Private" set to "true".
         Primary reference "System.Diagnostics.Debug, Version=9.0.0.0, Culture=neutral, PublicKeyToken=b03f5f7f11d50a3a".
             Resolved file path is "C:\Program Files\dotnet\packs\Microsoft.NETCore.App.Ref\9.0.11\ref\net9.0\System.Diagnostics.Debug.dll".
             Reference found at search path location "{RawFileName}".
             This reference is not "CopyLocal" because at least one source item had "Private" set to "false" and no source items had "Private" set to "true".
         Primary reference "System.Diagnostics.DiagnosticSource, Version=9.0.0.0, Culture=neutral, PublicKeyToken=cc7b13ffcd2ddd51".
             Resolved file path is "C:\Program Files\dotnet\packs\Microsoft.NETCore.App.Ref\9.0.11\ref\net9.0\System.Diagnostics.DiagnosticSource.dll".
             Reference found at search path location "{RawFileName}".
             This reference is not "CopyLocal" because at least one source item had "Private" set to "false" and no source items had "Private" set to "true".
         Primary reference "System.Diagnostics.FileVersionInfo, Version=9.0.0.0, Culture=neutral, PublicKeyToken=b03f5f7f11d50a3a".
             Resolved file path is "C:\Program Files\dotnet\packs\Microsoft.NETCore.App.Ref\9.0.11\ref\net9.0\System.Diagnostics.FileVersionInfo.dll".
             Reference found at search path location "{RawFileName}".
             This reference is not "CopyLocal" because at least one source item had "Private" set to "false" and no source items had "Private" set to "true".
         Primary reference "System.Diagnostics.Process, Version=9.0.0.0, Culture=neutral, PublicKeyToken=b03f5f7f11d50a3a".
             Resolved file path is "C:\Program Files\dotnet\packs\Microsoft.NETCore.App.Ref\9.0.11\ref\net9.0\System.Diagnostics.Process.dll".
             Reference found at search path location "{RawFileName}".
             This reference is not "CopyLocal" because at least one source item had "Private" set to "false" and no source items had "Private" set to "true".
         Primary reference "System.Diagnostics.StackTrace, Version=9.0.0.0, Culture=neutral, PublicKeyToken=b03f5f7f11d50a3a".
             Resolved file path is "C:\Program Files\dotnet\packs\Microsoft.NETCore.App.Ref\9.0.11\ref\net9.0\System.Diagnostics.StackTrace.dll".
             Reference found at search path location "{RawFileName}".
             This reference is not "CopyLocal" because at least one source item had "Private" set to "false" and no source items had "Private" set to "true".
         Primary reference "System.Diagnostics.TextWriterTraceListener, Version=9.0.0.0, Culture=neutral, PublicKeyToken=b03f5f7f11d50a3a".
             Resolved file path is "C:\Program Files\dotnet\packs\Microsoft.NETCore.App.Ref\9.0.11\ref\net9.0\System.Diagnostics.TextWriterTraceListener.dll".
             Reference found at search path location "{RawFileName}".
             This reference is not "CopyLocal" because at least one source item had "Private" set to "false" and no source items had "Private" set to "true".
         Primary reference "System.Diagnostics.Tools, Version=9.0.0.0, Culture=neutral, PublicKeyToken=b03f5f7f11d50a3a".
             Resolved file path is "C:\Program Files\dotnet\packs\Microsoft.NETCore.App.Ref\9.0.11\ref\net9.0\System.Diagnostics.Tools.dll".
             Reference found at search path location "{RawFileName}".
             This reference is not "CopyLocal" because at least one source item had "Private" set to "false" and no source items had "Private" set to "true".
         Primary reference "System.Diagnostics.TraceSource, Version=9.0.0.0, Culture=neutral, PublicKeyToken=b03f5f7f11d50a3a".
             Resolved file path is "C:\Program Files\dotnet\packs\Microsoft.NETCore.App.Ref\9.0.11\ref\net9.0\System.Diagnostics.TraceSource.dll".
             Reference found at search path location "{RawFileName}".
             This reference is not "CopyLocal" because at least one source item had "Private" set to "false" and no source items had "Private" set to "true".
         Primary reference "System.Diagnostics.Tracing, Version=9.0.0.0, Culture=neutral, PublicKeyToken=b03f5f7f11d50a3a".
             Resolved file path is "C:\Program Files\dotnet\packs\Microsoft.NETCore.App.Ref\9.0.11\ref\net9.0\System.Diagnostics.Tracing.dll".
             Reference found at search path location "{RawFileName}".
             This reference is not "CopyLocal" because at least one source item had "Private" set to "false" and no source items had "Private" set to "true".
         Primary reference "System.Drawing.Primitives, Version=9.0.0.0, Culture=neutral, PublicKeyToken=b03f5f7f11d50a3a".
             Resolved file path is "C:\Program Files\dotnet\packs\Microsoft.NETCore.App.Ref\9.0.11\ref\net9.0\System.Drawing.Primitives.dll".
             Reference found at search path location "{RawFileName}".
             This reference is not "CopyLocal" because at least one source item had "Private" set to "false" and no source items had "Private" set to "true".
         Primary reference "System.Drawing, Version=4.0.0.0, Culture=neutral, PublicKeyToken=b03f5f7f11d50a3a".
             Resolved file path is "C:\Program Files\dotnet\packs\Microsoft.NETCore.App.Ref\9.0.11\ref\net9.0\System.Drawing.dll".
             Reference found at search path location "{RawFileName}".
             This reference is not "CopyLocal" because at least one source item had "Private" set to "false" and no source items had "Private" set to "true".
         Primary reference "System.Dynamic.Runtime, Version=9.0.0.0, Culture=neutral, PublicKeyToken=b03f5f7f11d50a3a".
             Resolved file path is "C:\Program Files\dotnet\packs\Microsoft.NETCore.App.Ref\9.0.11\ref\net9.0\System.Dynamic.Runtime.dll".
             Reference found at search path location "{RawFileName}".
             This reference is not "CopyLocal" because at least one source item had "Private" set to "false" and no source items had "Private" set to "true".
         Primary reference "System.Formats.Asn1, Version=9.0.0.0, Culture=neutral, PublicKeyToken=cc7b13ffcd2ddd51".
             Resolved file path is "C:\Program Files\dotnet\packs\Microsoft.NETCore.App.Ref\9.0.11\ref\net9.0\System.Formats.Asn1.dll".
             Reference found at search path location "{RawFileName}".
             This reference is not "CopyLocal" because at least one source item had "Private" set to "false" and no source items had "Private" set to "true".
         Primary reference "System.Formats.Tar, Version=9.0.0.0, Culture=neutral, PublicKeyToken=cc7b13ffcd2ddd51".
             Resolved file path is "C:\Program Files\dotnet\packs\Microsoft.NETCore.App.Ref\9.0.11\ref\net9.0\System.Formats.Tar.dll".
             Reference found at search path location "{RawFileName}".
             This reference is not "CopyLocal" because at least one source item had "Private" set to "false" and no source items had "Private" set to "true".
         Primary reference "System.Globalization.Calendars, Version=9.0.0.0, Culture=neutral, PublicKeyToken=b03f5f7f11d50a3a".
             Resolved file path is "C:\Program Files\dotnet\packs\Microsoft.NETCore.App.Ref\9.0.11\ref\net9.0\System.Globalization.Calendars.dll".
             Reference found at search path location "{RawFileName}".
             This reference is not "CopyLocal" because at least one source item had "Private" set to "false" and no source items had "Private" set to "true".
         Primary reference "System.Globalization.Extensions, Version=9.0.0.0, Culture=neutral, PublicKeyToken=b03f5f7f11d50a3a".
             Resolved file path is "C:\Program Files\dotnet\packs\Microsoft.NETCore.App.Ref\9.0.11\ref\net9.0\System.Globalization.Extensions.dll".
             Reference found at search path location "{RawFileName}".
             This reference is not "CopyLocal" because at least one source item had "Private" set to "false" and no source items had "Private" set to "true".
         Primary reference "System.Globalization, Version=9.0.0.0, Culture=neutral, PublicKeyToken=b03f5f7f11d50a3a".
             Resolved file path is "C:\Program Files\dotnet\packs\Microsoft.NETCore.App.Ref\9.0.11\ref\net9.0\System.Globalization.dll".
             Reference found at search path location "{RawFileName}".
             This reference is not "CopyLocal" because at least one source item had "Private" set to "false" and no source items had "Private" set to "true".
         Primary reference "System.IO.Compression.Brotli, Version=9.0.0.0, Culture=neutral, PublicKeyToken=b77a5c561934e089".
             Resolved file path is "C:\Program Files\dotnet\packs\Microsoft.NETCore.App.Ref\9.0.11\ref\net9.0\System.IO.Compression.Brotli.dll".
             Reference found at search path location "{RawFileName}".
             This reference is not "CopyLocal" because at least one source item had "Private" set to "false" and no source items had "Private" set to "true".
         Primary reference "System.IO.Compression.FileSystem, Version=4.0.0.0, Culture=neutral, PublicKeyToken=b77a5c561934e089".
             Resolved file path is "C:\Program Files\dotnet\packs\Microsoft.NETCore.App.Ref\9.0.11\ref\net9.0\System.IO.Compression.FileSystem.dll".
             Reference found at search path location "{RawFileName}".
             This reference is not "CopyLocal" because at least one source item had "Private" set to "false" and no source items had "Private" set to "true".
         Primary reference "System.IO.Compression.ZipFile, Version=9.0.0.0, Culture=neutral, PublicKeyToken=b77a5c561934e089".
             Resolved file path is "C:\Program Files\dotnet\packs\Microsoft.NETCore.App.Ref\9.0.11\ref\net9.0\System.IO.Compression.ZipFile.dll".
             Reference found at search path location "{RawFileName}".
             This reference is not "CopyLocal" because at least one source item had "Private" set to "false" and no source items had "Private" set to "true".
         Primary reference "System.IO.Compression, Version=9.0.0.0, Culture=neutral, PublicKeyToken=b77a5c561934e089".
             Resolved file path is "C:\Program Files\dotnet\packs\Microsoft.NETCore.App.Ref\9.0.11\ref\net9.0\System.IO.Compression.dll".
             Reference found at search path location "{RawFileName}".
             This reference is not "CopyLocal" because at least one source item had "Private" set to "false" and no source items had "Private" set to "true".
         Primary reference "System.IO.FileSystem.AccessControl, Version=9.0.0.0, Culture=neutral, PublicKeyToken=b03f5f7f11d50a3a".
             Resolved file path is "C:\Program Files\dotnet\packs\Microsoft.NETCore.App.Ref\9.0.11\ref\net9.0\System.IO.FileSystem.AccessControl.dll".
             Reference found at search path location "{RawFileName}".
             This reference is not "CopyLocal" because at least one source item had "Private" set to "false" and no source items had "Private" set to "true".
         Primary reference "System.IO.FileSystem.DriveInfo, Version=9.0.0.0, Culture=neutral, PublicKeyToken=b03f5f7f11d50a3a".
             Resolved file path is "C:\Program Files\dotnet\packs\Microsoft.NETCore.App.Ref\9.0.11\ref\net9.0\System.IO.FileSystem.DriveInfo.dll".
             Reference found at search path location "{RawFileName}".
             This reference is not "CopyLocal" because at least one source item had "Private" set to "false" and no source items had "Private" set to "true".
         Primary reference "System.IO.FileSystem.Primitives, Version=9.0.0.0, Culture=neutral, PublicKeyToken=b03f5f7f11d50a3a".
             Resolved file path is "C:\Program Files\dotnet\packs\Microsoft.NETCore.App.Ref\9.0.11\ref\net9.0\System.IO.FileSystem.Primitives.dll".
             Reference found at search path location "{RawFileName}".
             This reference is not "CopyLocal" because at least one source item had "Private" set to "false" and no source items had "Private" set to "true".
         Primary reference "System.IO.FileSystem.Watcher, Version=9.0.0.0, Culture=neutral, PublicKeyToken=b03f5f7f11d50a3a".
             Resolved file path is "C:\Program Files\dotnet\packs\Microsoft.NETCore.App.Ref\9.0.11\ref\net9.0\System.IO.FileSystem.Watcher.dll".
             Reference found at search path location "{RawFileName}".
             This reference is not "CopyLocal" because at least one source item had "Private" set to "false" and no source items had "Private" set to "true".
         Primary reference "System.IO.FileSystem, Version=9.0.0.0, Culture=neutral, PublicKeyToken=b03f5f7f11d50a3a".
             Resolved file path is "C:\Program Files\dotnet\packs\Microsoft.NETCore.App.Ref\9.0.11\ref\net9.0\System.IO.FileSystem.dll".
             Reference found at search path location "{RawFileName}".
             This reference is not "CopyLocal" because at least one source item had "Private" set to "false" and no source items had "Private" set to "true".
         Primary reference "System.IO.IsolatedStorage, Version=9.0.0.0, Culture=neutral, PublicKeyToken=b03f5f7f11d50a3a".
             Resolved file path is "C:\Program Files\dotnet\packs\Microsoft.NETCore.App.Ref\9.0.11\ref\net9.0\System.IO.IsolatedStorage.dll".
             Reference found at search path location "{RawFileName}".
             This reference is not "CopyLocal" because at least one source item had "Private" set to "false" and no source items had "Private" set to "true".
         Primary reference "System.IO.MemoryMappedFiles, Version=9.0.0.0, Culture=neutral, PublicKeyToken=b03f5f7f11d50a3a".
             Resolved file path is "C:\Program Files\dotnet\packs\Microsoft.NETCore.App.Ref\9.0.11\ref\net9.0\System.IO.MemoryMappedFiles.dll".
             Reference found at search path location "{RawFileName}".
             This reference is not "CopyLocal" because at least one source item had "Private" set to "false" and no source items had "Private" set to "true".
         Primary reference "System.IO.Pipelines, Version=9.0.0.0, Culture=neutral, PublicKeyToken=cc7b13ffcd2ddd51".
             Resolved file path is "C:\Program Files\dotnet\packs\Microsoft.NETCore.App.Ref\9.0.11\ref\net9.0\System.IO.Pipelines.dll".
             Reference found at search path location "{RawFileName}".
             This reference is not "CopyLocal" because at least one source item had "Private" set to "false" and no source items had "Private" set to "true".
         Primary reference "System.IO.Pipes.AccessControl, Version=9.0.0.0, Culture=neutral, PublicKeyToken=b03f5f7f11d50a3a".
             Resolved file path is "C:\Program Files\dotnet\packs\Microsoft.NETCore.App.Ref\9.0.11\ref\net9.0\System.IO.Pipes.AccessControl.dll".
             Reference found at search path location "{RawFileName}".
             This reference is not "CopyLocal" because at least one source item had "Private" set to "false" and no source items had "Private" set to "true".
         Primary reference "System.IO.Pipes, Version=9.0.0.0, Culture=neutral, PublicKeyToken=b03f5f7f11d50a3a".
             Resolved file path is "C:\Program Files\dotnet\packs\Microsoft.NETCore.App.Ref\9.0.11\ref\net9.0\System.IO.Pipes.dll".
             Reference found at search path location "{RawFileName}".
             This reference is not "CopyLocal" because at least one source item had "Private" set to "false" and no source items had "Private" set to "true".
         Primary reference "System.IO.UnmanagedMemoryStream, Version=9.0.0.0, Culture=neutral, PublicKeyToken=b03f5f7f11d50a3a".
             Resolved file path is "C:\Program Files\dotnet\packs\Microsoft.NETCore.App.Ref\9.0.11\ref\net9.0\System.IO.UnmanagedMemoryStream.dll".
             Reference found at search path location "{RawFileName}".
             This reference is not "CopyLocal" because at least one source item had "Private" set to "false" and no source items had "Private" set to "true".
         Primary reference "System.IO, Version=9.0.0.0, Culture=neutral, PublicKeyToken=b03f5f7f11d50a3a".
             Resolved file path is "C:\Program Files\dotnet\packs\Microsoft.NETCore.App.Ref\9.0.11\ref\net9.0\System.IO.dll".
             Reference found at search path location "{RawFileName}".
             This reference is not "CopyLocal" because at least one source item had "Private" set to "false" and no source items had "Private" set to "true".
         Primary reference "System.Linq.Expressions, Version=9.0.0.0, Culture=neutral, PublicKeyToken=b03f5f7f11d50a3a".
             Resolved file path is "C:\Program Files\dotnet\packs\Microsoft.NETCore.App.Ref\9.0.11\ref\net9.0\System.Linq.Expressions.dll".
             Reference found at search path location "{RawFileName}".
             This reference is not "CopyLocal" because at least one source item had "Private" set to "false" and no source items had "Private" set to "true".
         Primary reference "System.Linq.Parallel, Version=9.0.0.0, Culture=neutral, PublicKeyToken=b03f5f7f11d50a3a".
             Resolved file path is "C:\Program Files\dotnet\packs\Microsoft.NETCore.App.Ref\9.0.11\ref\net9.0\System.Linq.Parallel.dll".
             Reference found at search path location "{RawFileName}".
             This reference is not "CopyLocal" because at least one source item had "Private" set to "false" and no source items had "Private" set to "true".
         Primary reference "System.Linq.Queryable, Version=9.0.0.0, Culture=neutral, PublicKeyToken=b03f5f7f11d50a3a".
             Resolved file path is "C:\Program Files\dotnet\packs\Microsoft.NETCore.App.Ref\9.0.11\ref\net9.0\System.Linq.Queryable.dll".
             Reference found at search path location "{RawFileName}".
             This reference is not "CopyLocal" because at least one source item had "Private" set to "false" and no source items had "Private" set to "true".
         Primary reference "System.Linq, Version=9.0.0.0, Culture=neutral, PublicKeyToken=b03f5f7f11d50a3a".
             Resolved file path is "C:\Program Files\dotnet\packs\Microsoft.NETCore.App.Ref\9.0.11\ref\net9.0\System.Linq.dll".
             Reference found at search path location "{RawFileName}".
             This reference is not "CopyLocal" because at least one source item had "Private" set to "false" and no source items had "Private" set to "true".
         Primary reference "System.Memory, Version=9.0.0.0, Culture=neutral, PublicKeyToken=cc7b13ffcd2ddd51".
             Resolved file path is "C:\Program Files\dotnet\packs\Microsoft.NETCore.App.Ref\9.0.11\ref\net9.0\System.Memory.dll".
             Reference found at search path location "{RawFileName}".
             This reference is not "CopyLocal" because at least one source item had "Private" set to "false" and no source items had "Private" set to "true".
         Primary reference "System.Net.Http.Json, Version=9.0.0.0, Culture=neutral, PublicKeyToken=cc7b13ffcd2ddd51".
             Resolved file path is "C:\Program Files\dotnet\packs\Microsoft.NETCore.App.Ref\9.0.11\ref\net9.0\System.Net.Http.Json.dll".
             Reference found at search path location "{RawFileName}".
             This reference is not "CopyLocal" because at least one source item had "Private" set to "false" and no source items had "Private" set to "true".
         Primary reference "System.Net.Http, Version=9.0.0.0, Culture=neutral, PublicKeyToken=b03f5f7f11d50a3a".
             Resolved file path is "C:\Program Files\dotnet\packs\Microsoft.NETCore.App.Ref\9.0.11\ref\net9.0\System.Net.Http.dll".
             Reference found at search path location "{RawFileName}".
             This reference is not "CopyLocal" because at least one source item had "Private" set to "false" and no source items had "Private" set to "true".
         Primary reference "System.Net.HttpListener, Version=9.0.0.0, Culture=neutral, PublicKeyToken=cc7b13ffcd2ddd51".
             Resolved file path is "C:\Program Files\dotnet\packs\Microsoft.NETCore.App.Ref\9.0.11\ref\net9.0\System.Net.HttpListener.dll".
             Reference found at search path location "{RawFileName}".
             This reference is not "CopyLocal" because at least one source item had "Private" set to "false" and no source items had "Private" set to "true".
         Primary reference "System.Net.Mail, Version=9.0.0.0, Culture=neutral, PublicKeyToken=cc7b13ffcd2ddd51".
             Resolved file path is "C:\Program Files\dotnet\packs\Microsoft.NETCore.App.Ref\9.0.11\ref\net9.0\System.Net.Mail.dll".
             Reference found at search path location "{RawFileName}".
             This reference is not "CopyLocal" because at least one source item had "Private" set to "false" and no source items had "Private" set to "true".
         Primary reference "System.Net.NameResolution, Version=9.0.0.0, Culture=neutral, PublicKeyToken=b03f5f7f11d50a3a".
             Resolved file path is "C:\Program Files\dotnet\packs\Microsoft.NETCore.App.Ref\9.0.11\ref\net9.0\System.Net.NameResolution.dll".
             Reference found at search path location "{RawFileName}".
             This reference is not "CopyLocal" because at least one source item had "Private" set to "false" and no source items had "Private" set to "true".
         Primary reference "System.Net.NetworkInformation, Version=9.0.0.0, Culture=neutral, PublicKeyToken=b03f5f7f11d50a3a".
             Resolved file path is "C:\Program Files\dotnet\packs\Microsoft.NETCore.App.Ref\9.0.11\ref\net9.0\System.Net.NetworkInformation.dll".
             Reference found at search path location "{RawFileName}".
             This reference is not "CopyLocal" because at least one source item had "Private" set to "false" and no source items had "Private" set to "true".
         Primary reference "System.Net.Ping, Version=9.0.0.0, Culture=neutral, PublicKeyToken=b03f5f7f11d50a3a".
             Resolved file path is "C:\Program Files\dotnet\packs\Microsoft.NETCore.App.Ref\9.0.11\ref\net9.0\System.Net.Ping.dll".
             Reference found at search path location "{RawFileName}".
             This reference is not "CopyLocal" because at least one source item had "Private" set to "false" and no source items had "Private" set to "true".
         Primary reference "System.Net.Primitives, Version=9.0.0.0, Culture=neutral, PublicKeyToken=b03f5f7f11d50a3a".
             Resolved file path is "C:\Program Files\dotnet\packs\Microsoft.NETCore.App.Ref\9.0.11\ref\net9.0\System.Net.Primitives.dll".
             Reference found at search path location "{RawFileName}".
             This reference is not "CopyLocal" because at least one source item had "Private" set to "false" and no source items had "Private" set to "true".
         Primary reference "System.Net.Quic, Version=9.0.0.0, Culture=neutral, PublicKeyToken=b03f5f7f11d50a3a".
             Resolved file path is "C:\Program Files\dotnet\packs\Microsoft.NETCore.App.Ref\9.0.11\ref\net9.0\System.Net.Quic.dll".
             Reference found at search path location "{RawFileName}".
             This reference is not "CopyLocal" because at least one source item had "Private" set to "false" and no source items had "Private" set to "true".
         Primary reference "System.Net.Requests, Version=9.0.0.0, Culture=neutral, PublicKeyToken=b03f5f7f11d50a3a".
             Resolved file path is "C:\Program Files\dotnet\packs\Microsoft.NETCore.App.Ref\9.0.11\ref\net9.0\System.Net.Requests.dll".
             Reference found at search path location "{RawFileName}".
             This reference is not "CopyLocal" because at least one source item had "Private" set to "false" and no source items had "Private" set to "true".
         Primary reference "System.Net.Security, Version=9.0.0.0, Culture=neutral, PublicKeyToken=b03f5f7f11d50a3a".
             Resolved file path is "C:\Program Files\dotnet\packs\Microsoft.NETCore.App.Ref\9.0.11\ref\net9.0\System.Net.Security.dll".
             Reference found at search path location "{RawFileName}".
             This reference is not "CopyLocal" because at least one source item had "Private" set to "false" and no source items had "Private" set to "true".
         Primary reference "System.Net.ServicePoint, Version=9.0.0.0, Culture=neutral, PublicKeyToken=cc7b13ffcd2ddd51".
             Resolved file path is "C:\Program Files\dotnet\packs\Microsoft.NETCore.App.Ref\9.0.11\ref\net9.0\System.Net.ServicePoint.dll".
             Reference found at search path location "{RawFileName}".
             This reference is not "CopyLocal" because at least one source item had "Private" set to "false" and no source items had "Private" set to "true".
         Primary reference "System.Net.Sockets, Version=9.0.0.0, Culture=neutral, PublicKeyToken=b03f5f7f11d50a3a".
             Resolved file path is "C:\Program Files\dotnet\packs\Microsoft.NETCore.App.Ref\9.0.11\ref\net9.0\System.Net.Sockets.dll".
             Reference found at search path location "{RawFileName}".
             This reference is not "CopyLocal" because at least one source item had "Private" set to "false" and no source items had "Private" set to "true".
         Primary reference "System.Net.WebClient, Version=9.0.0.0, Culture=neutral, PublicKeyToken=cc7b13ffcd2ddd51".
             Resolved file path is "C:\Program Files\dotnet\packs\Microsoft.NETCore.App.Ref\9.0.11\ref\net9.0\System.Net.WebClient.dll".
             Reference found at search path location "{RawFileName}".
             This reference is not "CopyLocal" because at least one source item had "Private" set to "false" and no source items had "Private" set to "true".
         Primary reference "System.Net.WebHeaderCollection, Version=9.0.0.0, Culture=neutral, PublicKeyToken=b03f5f7f11d50a3a".
             Resolved file path is "C:\Program Files\dotnet\packs\Microsoft.NETCore.App.Ref\9.0.11\ref\net9.0\System.Net.WebHeaderCollection.dll".
             Reference found at search path location "{RawFileName}".
             This reference is not "CopyLocal" because at least one source item had "Private" set to "false" and no source items had "Private" set to "true".
         Primary reference "System.Net.WebProxy, Version=9.0.0.0, Culture=neutral, PublicKeyToken=cc7b13ffcd2ddd51".
             Resolved file path is "C:\Program Files\dotnet\packs\Microsoft.NETCore.App.Ref\9.0.11\ref\net9.0\System.Net.WebProxy.dll".
             Reference found at search path location "{RawFileName}".
             This reference is not "CopyLocal" because at least one source item had "Private" set to "false" and no source items had "Private" set to "true".
         Primary reference "System.Net.WebSockets.Client, Version=9.0.0.0, Culture=neutral, PublicKeyToken=b03f5f7f11d50a3a".
             Resolved file path is "C:\Program Files\dotnet\packs\Microsoft.NETCore.App.Ref\9.0.11\ref\net9.0\System.Net.WebSockets.Client.dll".
             Reference found at search path location "{RawFileName}".
             This reference is not "CopyLocal" because at least one source item had "Private" set to "false" and no source items had "Private" set to "true".
         Primary reference "System.Net.WebSockets, Version=9.0.0.0, Culture=neutral, PublicKeyToken=b03f5f7f11d50a3a".
             Resolved file path is "C:\Program Files\dotnet\packs\Microsoft.NETCore.App.Ref\9.0.11\ref\net9.0\System.Net.WebSockets.dll".
             Reference found at search path location "{RawFileName}".
             This reference is not "CopyLocal" because at least one source item had "Private" set to "false" and no source items had "Private" set to "true".
         Primary reference "System.Net, Version=4.0.0.0, Culture=neutral, PublicKeyToken=b03f5f7f11d50a3a".
             Resolved file path is "C:\Program Files\dotnet\packs\Microsoft.NETCore.App.Ref\9.0.11\ref\net9.0\System.Net.dll".
             Reference found at search path location "{RawFileName}".
             This reference is not "CopyLocal" because at least one source item had "Private" set to "false" and no source items had "Private" set to "true".
         Primary reference "System.Numerics.Vectors, Version=9.0.0.0, Culture=neutral, PublicKeyToken=b03f5f7f11d50a3a".
             Resolved file path is "C:\Program Files\dotnet\packs\Microsoft.NETCore.App.Ref\9.0.11\ref\net9.0\System.Numerics.Vectors.dll".
             Reference found at search path location "{RawFileName}".
             This reference is not "CopyLocal" because at least one source item had "Private" set to "false" and no source items had "Private" set to "true".
         Primary reference "System.Numerics, Version=4.0.0.0, Culture=neutral, PublicKeyToken=b77a5c561934e089".
             Resolved file path is "C:\Program Files\dotnet\packs\Microsoft.NETCore.App.Ref\9.0.11\ref\net9.0\System.Numerics.dll".
             Reference found at search path location "{RawFileName}".
             This reference is not "CopyLocal" because at least one source item had "Private" set to "false" and no source items had "Private" set to "true".
         Primary reference "System.ObjectModel, Version=9.0.0.0, Culture=neutral, PublicKeyToken=b03f5f7f11d50a3a".
             Resolved file path is "C:\Program Files\dotnet\packs\Microsoft.NETCore.App.Ref\9.0.11\ref\net9.0\System.ObjectModel.dll".
             Reference found at search path location "{RawFileName}".
             This reference is not "CopyLocal" because at least one source item had "Private" set to "false" and no source items had "Private" set to "true".
         Primary reference "System.Reflection.DispatchProxy, Version=9.0.0.0, Culture=neutral, PublicKeyToken=b03f5f7f11d50a3a".
             Resolved file path is "C:\Program Files\dotnet\packs\Microsoft.NETCore.App.Ref\9.0.11\ref\net9.0\System.Reflection.DispatchProxy.dll".
             Reference found at search path location "{RawFileName}".
             This reference is not "CopyLocal" because at least one source item had "Private" set to "false" and no source items had "Private" set to "true".
         Primary reference "System.Reflection.Emit.ILGeneration, Version=9.0.0.0, Culture=neutral, PublicKeyToken=b03f5f7f11d50a3a".
             Resolved file path is "C:\Program Files\dotnet\packs\Microsoft.NETCore.App.Ref\9.0.11\ref\net9.0\System.Reflection.Emit.ILGeneration.dll".
             Reference found at search path location "{RawFileName}".
             This reference is not "CopyLocal" because at least one source item had "Private" set to "false" and no source items had "Private" set to "true".
         Primary reference "System.Reflection.Emit.Lightweight, Version=9.0.0.0, Culture=neutral, PublicKeyToken=b03f5f7f11d50a3a".
             Resolved file path is "C:\Program Files\dotnet\packs\Microsoft.NETCore.App.Ref\9.0.11\ref\net9.0\System.Reflection.Emit.Lightweight.dll".
             Reference found at search path location "{RawFileName}".
             This reference is not "CopyLocal" because at least one source item had "Private" set to "false" and no source items had "Private" set to "true".
         Primary reference "System.Reflection.Emit, Version=9.0.0.0, Culture=neutral, PublicKeyToken=b03f5f7f11d50a3a".
             Resolved file path is "C:\Program Files\dotnet\packs\Microsoft.NETCore.App.Ref\9.0.11\ref\net9.0\System.Reflection.Emit.dll".
             Reference found at search path location "{RawFileName}".
             This reference is not "CopyLocal" because at least one source item had "Private" set to "false" and no source items had "Private" set to "true".
         Primary reference "System.Reflection.Extensions, Version=9.0.0.0, Culture=neutral, PublicKeyToken=b03f5f7f11d50a3a".
             Resolved file path is "C:\Program Files\dotnet\packs\Microsoft.NETCore.App.Ref\9.0.11\ref\net9.0\System.Reflection.Extensions.dll".
             Reference found at search path location "{RawFileName}".
             This reference is not "CopyLocal" because at least one source item had "Private" set to "false" and no source items had "Private" set to "true".
         Primary reference "System.Reflection.Metadata, Version=9.0.0.0, Culture=neutral, PublicKeyToken=b03f5f7f11d50a3a".
             Resolved file path is "C:\Program Files\dotnet\packs\Microsoft.NETCore.App.Ref\9.0.11\ref\net9.0\System.Reflection.Metadata.dll".
             Reference found at search path location "{RawFileName}".
             This reference is not "CopyLocal" because at least one source item had "Private" set to "false" and no source items had "Private" set to "true".
         Primary reference "System.Reflection.Primitives, Version=9.0.0.0, Culture=neutral, PublicKeyToken=b03f5f7f11d50a3a".
             Resolved file path is "C:\Program Files\dotnet\packs\Microsoft.NETCore.App.Ref\9.0.11\ref\net9.0\System.Reflection.Primitives.dll".
             Reference found at search path location "{RawFileName}".
             This reference is not "CopyLocal" because at least one source item had "Private" set to "false" and no source items had "Private" set to "true".
         Primary reference "System.Reflection.TypeExtensions, Version=9.0.0.0, Culture=neutral, PublicKeyToken=b03f5f7f11d50a3a".
             Resolved file path is "C:\Program Files\dotnet\packs\Microsoft.NETCore.App.Ref\9.0.11\ref\net9.0\System.Reflection.TypeExtensions.dll".
             Reference found at search path location "{RawFileName}".
             This reference is not "CopyLocal" because at least one source item had "Private" set to "false" and no source items had "Private" set to "true".
         Primary reference "System.Reflection, Version=9.0.0.0, Culture=neutral, PublicKeyToken=b03f5f7f11d50a3a".
             Resolved file path is "C:\Program Files\dotnet\packs\Microsoft.NETCore.App.Ref\9.0.11\ref\net9.0\System.Reflection.dll".
             Reference found at search path location "{RawFileName}".
             This reference is not "CopyLocal" because at least one source item had "Private" set to "false" and no source items had "Private" set to "true".
         Primary reference "System.Resources.Reader, Version=9.0.0.0, Culture=neutral, PublicKeyToken=b03f5f7f11d50a3a".
             Resolved file path is "C:\Program Files\dotnet\packs\Microsoft.NETCore.App.Ref\9.0.11\ref\net9.0\System.Resources.Reader.dll".
             Reference found at search path location "{RawFileName}".
             This reference is not "CopyLocal" because at least one source item had "Private" set to "false" and no source items had "Private" set to "true".
         Primary reference "System.Resources.ResourceManager, Version=9.0.0.0, Culture=neutral, PublicKeyToken=b03f5f7f11d50a3a".
             Resolved file path is "C:\Program Files\dotnet\packs\Microsoft.NETCore.App.Ref\9.0.11\ref\net9.0\System.Resources.ResourceManager.dll".
             Reference found at search path location "{RawFileName}".
             This reference is not "CopyLocal" because at least one source item had "Private" set to "false" and no source items had "Private" set to "true".
         Primary reference "System.Resources.Writer, Version=9.0.0.0, Culture=neutral, PublicKeyToken=b03f5f7f11d50a3a".
             Resolved file path is "C:\Program Files\dotnet\packs\Microsoft.NETCore.App.Ref\9.0.11\ref\net9.0\System.Resources.Writer.dll".
             Reference found at search path location "{RawFileName}".
             This reference is not "CopyLocal" because at least one source item had "Private" set to "false" and no source items had "Private" set to "true".
         Primary reference "System.Runtime.CompilerServices.Unsafe, Version=9.0.0.0, Culture=neutral, PublicKeyToken=b03f5f7f11d50a3a".
             Resolved file path is "C:\Program Files\dotnet\packs\Microsoft.NETCore.App.Ref\9.0.11\ref\net9.0\System.Runtime.CompilerServices.Unsafe.dll".
             Reference found at search path location "{RawFileName}".
             This reference is not "CopyLocal" because at least one source item had "Private" set to "false" and no source items had "Private" set to "true".
         Primary reference "System.Runtime.CompilerServices.VisualC, Version=9.0.0.0, Culture=neutral, PublicKeyToken=b03f5f7f11d50a3a".
             Resolved file path is "C:\Program Files\dotnet\packs\Microsoft.NETCore.App.Ref\9.0.11\ref\net9.0\System.Runtime.CompilerServices.VisualC.dll".
             Reference found at search path location "{RawFileName}".
             This reference is not "CopyLocal" because at least one source item had "Private" set to "false" and no source items had "Private" set to "true".
         Primary reference "System.Runtime.Extensions, Version=9.0.0.0, Culture=neutral, PublicKeyToken=b03f5f7f11d50a3a".
             Resolved file path is "C:\Program Files\dotnet\packs\Microsoft.NETCore.App.Ref\9.0.11\ref\net9.0\System.Runtime.Extensions.dll".
             Reference found at search path location "{RawFileName}".
             This reference is not "CopyLocal" because at least one source item had "Private" set to "false" and no source items had "Private" set to "true".
         Primary reference "System.Runtime.Handles, Version=9.0.0.0, Culture=neutral, PublicKeyToken=b03f5f7f11d50a3a".
             Resolved file path is "C:\Program Files\dotnet\packs\Microsoft.NETCore.App.Ref\9.0.11\ref\net9.0\System.Runtime.Handles.dll".
             Reference found at search path location "{RawFileName}".
             This reference is not "CopyLocal" because at least one source item had "Private" set to "false" and no source items had "Private" set to "true".
         Primary reference "System.Runtime.InteropServices.JavaScript, Version=9.0.0.0, Culture=neutral, PublicKeyToken=b03f5f7f11d50a3a".
             Resolved file path is "C:\Program Files\dotnet\packs\Microsoft.NETCore.App.Ref\9.0.11\ref\net9.0\System.Runtime.InteropServices.JavaScript.dll".
             Reference found at search path location "{RawFileName}".
             This reference is not "CopyLocal" because at least one source item had "Private" set to "false" and no source items had "Private" set to "true".
         Primary reference "System.Runtime.InteropServices.RuntimeInformation, Version=9.0.0.0, Culture=neutral, PublicKeyToken=b03f5f7f11d50a3a".
             Resolved file path is "C:\Program Files\dotnet\packs\Microsoft.NETCore.App.Ref\9.0.11\ref\net9.0\System.Runtime.InteropServices.RuntimeInformation.dll".
             Reference found at search path location "{RawFileName}".
             This reference is not "CopyLocal" because at least one source item had "Private" set to "false" and no source items had "Private" set to "true".
         Primary reference "System.Runtime.InteropServices, Version=9.0.0.0, Culture=neutral, PublicKeyToken=b03f5f7f11d50a3a".
             Resolved file path is "C:\Program Files\dotnet\packs\Microsoft.NETCore.App.Ref\9.0.11\ref\net9.0\System.Runtime.InteropServices.dll".
             Reference found at search path location "{RawFileName}".
             This reference is not "CopyLocal" because at least one source item had "Private" set to "false" and no source items had "Private" set to "true".
         Primary reference "System.Runtime.Intrinsics, Version=9.0.0.0, Culture=neutral, PublicKeyToken=cc7b13ffcd2ddd51".
             Resolved file path is "C:\Program Files\dotnet\packs\Microsoft.NETCore.App.Ref\9.0.11\ref\net9.0\System.Runtime.Intrinsics.dll".
             Reference found at search path location "{RawFileName}".
             This reference is not "CopyLocal" because at least one source item had "Private" set to "false" and no source items had "Private" set to "true".
         Primary reference "System.Runtime.Loader, Version=9.0.0.0, Culture=neutral, PublicKeyToken=b03f5f7f11d50a3a".
             Resolved file path is "C:\Program Files\dotnet\packs\Microsoft.NETCore.App.Ref\9.0.11\ref\net9.0\System.Runtime.Loader.dll".
             Reference found at search path location "{RawFileName}".
             This reference is not "CopyLocal" because at least one source item had "Private" set to "false" and no source items had "Private" set to "true".
         Primary reference "System.Runtime.Numerics, Version=9.0.0.0, Culture=neutral, PublicKeyToken=b03f5f7f11d50a3a".
             Resolved file path is "C:\Program Files\dotnet\packs\Microsoft.NETCore.App.Ref\9.0.11\ref\net9.0\System.Runtime.Numerics.dll".
             Reference found at search path location "{RawFileName}".
             This reference is not "CopyLocal" because at least one source item had "Private" set to "false" and no source items had "Private" set to "true".
         Primary reference "System.Runtime.Serialization.Formatters, Version=8.1.0.0, Culture=neutral, PublicKeyToken=b03f5f7f11d50a3a".
             Resolved file path is "C:\Program Files\dotnet\packs\Microsoft.NETCore.App.Ref\9.0.11\ref\net9.0\System.Runtime.Serialization.Formatters.dll".
             Reference found at search path location "{RawFileName}".
             This reference is not "CopyLocal" because at least one source item had "Private" set to "false" and no source items had "Private" set to "true".
         Primary reference "System.Runtime.Serialization.Json, Version=9.0.0.0, Culture=neutral, PublicKeyToken=b03f5f7f11d50a3a".
             Resolved file path is "C:\Program Files\dotnet\packs\Microsoft.NETCore.App.Ref\9.0.11\ref\net9.0\System.Runtime.Serialization.Json.dll".
             Reference found at search path location "{RawFileName}".
             This reference is not "CopyLocal" because at least one source item had "Private" set to "false" and no source items had "Private" set to "true".
         Primary reference "System.Runtime.Serialization.Primitives, Version=9.0.0.0, Culture=neutral, PublicKeyToken=b03f5f7f11d50a3a".
             Resolved file path is "C:\Program Files\dotnet\packs\Microsoft.NETCore.App.Ref\9.0.11\ref\net9.0\System.Runtime.Serialization.Primitives.dll".
             Reference found at search path location "{RawFileName}".
             This reference is not "CopyLocal" because at least one source item had "Private" set to "false" and no source items had "Private" set to "true".
         Primary reference "System.Runtime.Serialization.Xml, Version=9.0.0.0, Culture=neutral, PublicKeyToken=b03f5f7f11d50a3a".
             Resolved file path is "C:\Program Files\dotnet\packs\Microsoft.NETCore.App.Ref\9.0.11\ref\net9.0\System.Runtime.Serialization.Xml.dll".
             Reference found at search path location "{RawFileName}".
             This reference is not "CopyLocal" because at least one source item had "Private" set to "false" and no source items had "Private" set to "true".
         Primary reference "System.Runtime.Serialization, Version=4.0.0.0, Culture=neutral, PublicKeyToken=b77a5c561934e089".
             Resolved file path is "C:\Program Files\dotnet\packs\Microsoft.NETCore.App.Ref\9.0.11\ref\net9.0\System.Runtime.Serialization.dll".
             Reference found at search path location "{RawFileName}".
             This reference is not "CopyLocal" because at least one source item had "Private" set to "false" and no source items had "Private" set to "true".
         Primary reference "System.Runtime, Version=9.0.0.0, Culture=neutral, PublicKeyToken=b03f5f7f11d50a3a".
             Resolved file path is "C:\Program Files\dotnet\packs\Microsoft.NETCore.App.Ref\9.0.11\ref\net9.0\System.Runtime.dll".
             Reference found at search path location "{RawFileName}".
             This reference is not "CopyLocal" because at least one source item had "Private" set to "false" and no source items had "Private" set to "true".
         Primary reference "System.Security.AccessControl, Version=9.0.0.0, Culture=neutral, PublicKeyToken=b03f5f7f11d50a3a".
             Resolved file path is "C:\Program Files\dotnet\packs\Microsoft.NETCore.App.Ref\9.0.11\ref\net9.0\System.Security.AccessControl.dll".
             Reference found at search path location "{RawFileName}".
             This reference is not "CopyLocal" because at least one source item had "Private" set to "false" and no source items had "Private" set to "true".
         Primary reference "System.Security.Claims, Version=9.0.0.0, Culture=neutral, PublicKeyToken=b03f5f7f11d50a3a".
             Resolved file path is "C:\Program Files\dotnet\packs\Microsoft.NETCore.App.Ref\9.0.11\ref\net9.0\System.Security.Claims.dll".
             Reference found at search path location "{RawFileName}".
             This reference is not "CopyLocal" because at least one source item had "Private" set to "false" and no source items had "Private" set to "true".
         Primary reference "System.Security.Cryptography.Algorithms, Version=9.0.0.0, Culture=neutral, PublicKeyToken=b03f5f7f11d50a3a".
             Resolved file path is "C:\Program Files\dotnet\packs\Microsoft.NETCore.App.Ref\9.0.11\ref\net9.0\System.Security.Cryptography.Algorithms.dll".
             Reference found at search path location "{RawFileName}".
             This reference is not "CopyLocal" because at least one source item had "Private" set to "false" and no source items had "Private" set to "true".
         Primary reference "System.Security.Cryptography.Cng, Version=9.0.0.0, Culture=neutral, PublicKeyToken=b03f5f7f11d50a3a".
             Resolved file path is "C:\Program Files\dotnet\packs\Microsoft.NETCore.App.Ref\9.0.11\ref\net9.0\System.Security.Cryptography.Cng.dll".
             Reference found at search path location "{RawFileName}".
             This reference is not "CopyLocal" because at least one source item had "Private" set to "false" and no source items had "Private" set to "true".
         Primary reference "System.Security.Cryptography.Csp, Version=9.0.0.0, Culture=neutral, PublicKeyToken=b03f5f7f11d50a3a".
             Resolved file path is "C:\Program Files\dotnet\packs\Microsoft.NETCore.App.Ref\9.0.11\ref\net9.0\System.Security.Cryptography.Csp.dll".
             Reference found at search path location "{RawFileName}".
             This reference is not "CopyLocal" because at least one source item had "Private" set to "false" and no source items had "Private" set to "true".
         Primary reference "System.Security.Cryptography.Encoding, Version=9.0.0.0, Culture=neutral, PublicKeyToken=b03f5f7f11d50a3a".
             Resolved file path is "C:\Program Files\dotnet\packs\Microsoft.NETCore.App.Ref\9.0.11\ref\net9.0\System.Security.Cryptography.Encoding.dll".
             Reference found at search path location "{RawFileName}".
             This reference is not "CopyLocal" because at least one source item had "Private" set to "false" and no source items had "Private" set to "true".
         Primary reference "System.Security.Cryptography.OpenSsl, Version=9.0.0.0, Culture=neutral, PublicKeyToken=b03f5f7f11d50a3a".
             Resolved file path is "C:\Program Files\dotnet\packs\Microsoft.NETCore.App.Ref\9.0.11\ref\net9.0\System.Security.Cryptography.OpenSsl.dll".
             Reference found at search path location "{RawFileName}".
             This reference is not "CopyLocal" because at least one source item had "Private" set to "false" and no source items had "Private" set to "true".
         Primary reference "System.Security.Cryptography.Primitives, Version=9.0.0.0, Culture=neutral, PublicKeyToken=b03f5f7f11d50a3a".
             Resolved file path is "C:\Program Files\dotnet\packs\Microsoft.NETCore.App.Ref\9.0.11\ref\net9.0\System.Security.Cryptography.Primitives.dll".
             Reference found at search path location "{RawFileName}".
             This reference is not "CopyLocal" because at least one source item had "Private" set to "false" and no source items had "Private" set to "true".
         Primary reference "System.Security.Cryptography.X509Certificates, Version=9.0.0.0, Culture=neutral, PublicKeyToken=b03f5f7f11d50a3a".
             Resolved file path is "C:\Program Files\dotnet\packs\Microsoft.NETCore.App.Ref\9.0.11\ref\net9.0\System.Security.Cryptography.X509Certificates.dll".
             Reference found at search path location "{RawFileName}".
             This reference is not "CopyLocal" because at least one source item had "Private" set to "false" and no source items had "Private" set to "true".
         Primary reference "System.Security.Cryptography, Version=9.0.0.0, Culture=neutral, PublicKeyToken=b03f5f7f11d50a3a".
             Resolved file path is "C:\Program Files\dotnet\packs\Microsoft.NETCore.App.Ref\9.0.11\ref\net9.0\System.Security.Cryptography.dll".
             Reference found at search path location "{RawFileName}".
             This reference is not "CopyLocal" because at least one source item had "Private" set to "false" and no source items had "Private" set to "true".
         Primary reference "System.Security.Principal.Windows, Version=9.0.0.0, Culture=neutral, PublicKeyToken=b03f5f7f11d50a3a".
             Resolved file path is "C:\Program Files\dotnet\packs\Microsoft.NETCore.App.Ref\9.0.11\ref\net9.0\System.Security.Principal.Windows.dll".
             Reference found at search path location "{RawFileName}".
             This reference is not "CopyLocal" because at least one source item had "Private" set to "false" and no source items had "Private" set to "true".
         Primary reference "System.Security.Principal, Version=9.0.0.0, Culture=neutral, PublicKeyToken=b03f5f7f11d50a3a".
             Resolved file path is "C:\Program Files\dotnet\packs\Microsoft.NETCore.App.Ref\9.0.11\ref\net9.0\System.Security.Principal.dll".
             Reference found at search path location "{RawFileName}".
             This reference is not "CopyLocal" because at least one source item had "Private" set to "false" and no source items had "Private" set to "true".
         Primary reference "System.Security.SecureString, Version=9.0.0.0, Culture=neutral, PublicKeyToken=b03f5f7f11d50a3a".
             Resolved file path is "C:\Program Files\dotnet\packs\Microsoft.NETCore.App.Ref\9.0.11\ref\net9.0\System.Security.SecureString.dll".
             Reference found at search path location "{RawFileName}".
             This reference is not "CopyLocal" because at least one source item had "Private" set to "false" and no source items had "Private" set to "true".
         Primary reference "System.Security, Version=4.0.0.0, Culture=neutral, PublicKeyToken=b03f5f7f11d50a3a".
             Resolved file path is "C:\Program Files\dotnet\packs\Microsoft.NETCore.App.Ref\9.0.11\ref\net9.0\System.Security.dll".
             Reference found at search path location "{RawFileName}".
             This reference is not "CopyLocal" because at least one source item had "Private" set to "false" and no source items had "Private" set to "true".
         Primary reference "System.ServiceModel.Web, Version=4.0.0.0, Culture=neutral, PublicKeyToken=31bf3856ad364e35".
             Resolved file path is "C:\Program Files\dotnet\packs\Microsoft.NETCore.App.Ref\9.0.11\ref\net9.0\System.ServiceModel.Web.dll".
             Reference found at search path location "{RawFileName}".
             This reference is not "CopyLocal" because at least one source item had "Private" set to "false" and no source items had "Private" set to "true".
         Primary reference "System.ServiceProcess, Version=4.0.0.0, Culture=neutral, PublicKeyToken=b03f5f7f11d50a3a".
             Resolved file path is "C:\Program Files\dotnet\packs\Microsoft.NETCore.App.Ref\9.0.11\ref\net9.0\System.ServiceProcess.dll".
             Reference found at search path location "{RawFileName}".
             This reference is not "CopyLocal" because at least one source item had "Private" set to "false" and no source items had "Private" set to "true".
         Primary reference "System.Text.Encoding.CodePages, Version=9.0.0.0, Culture=neutral, PublicKeyToken=b03f5f7f11d50a3a".
             Resolved file path is "C:\Program Files\dotnet\packs\Microsoft.NETCore.App.Ref\9.0.11\ref\net9.0\System.Text.Encoding.CodePages.dll".
             Reference found at search path location "{RawFileName}".
             This reference is not "CopyLocal" because at least one source item had "Private" set to "false" and no source items had "Private" set to "true".
         Primary reference "System.Text.Encoding.Extensions, Version=9.0.0.0, Culture=neutral, PublicKeyToken=b03f5f7f11d50a3a".
             Resolved file path is "C:\Program Files\dotnet\packs\Microsoft.NETCore.App.Ref\9.0.11\ref\net9.0\System.Text.Encoding.Extensions.dll".
             Reference found at search path location "{RawFileName}".
             This reference is not "CopyLocal" because at least one source item had "Private" set to "false" and no source items had "Private" set to "true".
         Primary reference "System.Text.Encoding, Version=9.0.0.0, Culture=neutral, PublicKeyToken=b03f5f7f11d50a3a".
             Resolved file path is "C:\Program Files\dotnet\packs\Microsoft.NETCore.App.Ref\9.0.11\ref\net9.0\System.Text.Encoding.dll".
             Reference found at search path location "{RawFileName}".
             This reference is not "CopyLocal" because at least one source item had "Private" set to "false" and no source items had "Private" set to "true".
         Primary reference "System.Text.Encodings.Web, Version=9.0.0.0, Culture=neutral, PublicKeyToken=cc7b13ffcd2ddd51".
             Resolved file path is "C:\Program Files\dotnet\packs\Microsoft.NETCore.App.Ref\9.0.11\ref\net9.0\System.Text.Encodings.Web.dll".
             Reference found at search path location "{RawFileName}".
             This reference is not "CopyLocal" because at least one source item had "Private" set to "false" and no source items had "Private" set to "true".
         Primary reference "System.Text.Json, Version=9.0.0.0, Culture=neutral, PublicKeyToken=cc7b13ffcd2ddd51".
             Resolved file path is "C:\Program Files\dotnet\packs\Microsoft.NETCore.App.Ref\9.0.11\ref\net9.0\System.Text.Json.dll".
             Reference found at search path location "{RawFileName}".
             This reference is not "CopyLocal" because at least one source item had "Private" set to "false" and no source items had "Private" set to "true".
         Primary reference "System.Text.RegularExpressions, Version=9.0.0.0, Culture=neutral, PublicKeyToken=b03f5f7f11d50a3a".
             Resolved file path is "C:\Program Files\dotnet\packs\Microsoft.NETCore.App.Ref\9.0.11\ref\net9.0\System.Text.RegularExpressions.dll".
             Reference found at search path location "{RawFileName}".
             This reference is not "CopyLocal" because at least one source item had "Private" set to "false" and no source items had "Private" set to "true".
         Primary reference "System.Threading.Channels, Version=9.0.0.0, Culture=neutral, PublicKeyToken=cc7b13ffcd2ddd51".
             Resolved file path is "C:\Program Files\dotnet\packs\Microsoft.NETCore.App.Ref\9.0.11\ref\net9.0\System.Threading.Channels.dll".
             Reference found at search path location "{RawFileName}".
             This reference is not "CopyLocal" because at least one source item had "Private" set to "false" and no source items had "Private" set to "true".
         Primary reference "System.Threading.Overlapped, Version=9.0.0.0, Culture=neutral, PublicKeyToken=b03f5f7f11d50a3a".
             Resolved file path is "C:\Program Files\dotnet\packs\Microsoft.NETCore.App.Ref\9.0.11\ref\net9.0\System.Threading.Overlapped.dll".
             Reference found at search path location "{RawFileName}".
             This reference is not "CopyLocal" because at least one source item had "Private" set to "false" and no source items had "Private" set to "true".
         Primary reference "System.Threading.Tasks.Dataflow, Version=9.0.0.0, Culture=neutral, PublicKeyToken=b03f5f7f11d50a3a".
             Resolved file path is "C:\Program Files\dotnet\packs\Microsoft.NETCore.App.Ref\9.0.11\ref\net9.0\System.Threading.Tasks.Dataflow.dll".
             Reference found at search path location "{RawFileName}".
             This reference is not "CopyLocal" because at least one source item had "Private" set to "false" and no source items had "Private" set to "true".
         Primary reference "System.Threading.Tasks.Extensions, Version=9.0.0.0, Culture=neutral, PublicKeyToken=cc7b13ffcd2ddd51".
             Resolved file path is "C:\Program Files\dotnet\packs\Microsoft.NETCore.App.Ref\9.0.11\ref\net9.0\System.Threading.Tasks.Extensions.dll".
             Reference found at search path location "{RawFileName}".
             This reference is not "CopyLocal" because at least one source item had "Private" set to "false" and no source items had "Private" set to "true".
         Primary reference "System.Threading.Tasks.Parallel, Version=9.0.0.0, Culture=neutral, PublicKeyToken=b03f5f7f11d50a3a".
             Resolved file path is "C:\Program Files\dotnet\packs\Microsoft.NETCore.App.Ref\9.0.11\ref\net9.0\System.Threading.Tasks.Parallel.dll".
             Reference found at search path location "{RawFileName}".
             This reference is not "CopyLocal" because at least one source item had "Private" set to "false" and no source items had "Private" set to "true".
         Primary reference "System.Threading.Tasks, Version=9.0.0.0, Culture=neutral, PublicKeyToken=b03f5f7f11d50a3a".
             Resolved file path is "C:\Program Files\dotnet\packs\Microsoft.NETCore.App.Ref\9.0.11\ref\net9.0\System.Threading.Tasks.dll".
             Reference found at search path location "{RawFileName}".
             This reference is not "CopyLocal" because at least one source item had "Private" set to "false" and no source items had "Private" set to "true".
         Primary reference "System.Threading.Thread, Version=9.0.0.0, Culture=neutral, PublicKeyToken=b03f5f7f11d50a3a".
             Resolved file path is "C:\Program Files\dotnet\packs\Microsoft.NETCore.App.Ref\9.0.11\ref\net9.0\System.Threading.Thread.dll".
             Reference found at search path location "{RawFileName}".
             This reference is not "CopyLocal" because at least one source item had "Private" set to "false" and no source items had "Private" set to "true".
         Primary reference "System.Threading.ThreadPool, Version=9.0.0.0, Culture=neutral, PublicKeyToken=b03f5f7f11d50a3a".
             Resolved file path is "C:\Program Files\dotnet\packs\Microsoft.NETCore.App.Ref\9.0.11\ref\net9.0\System.Threading.ThreadPool.dll".
             Reference found at search path location "{RawFileName}".
             This reference is not "CopyLocal" because at least one source item had "Private" set to "false" and no source items had "Private" set to "true".
         Primary reference "System.Threading.Timer, Version=9.0.0.0, Culture=neutral, PublicKeyToken=b03f5f7f11d50a3a".
             Resolved file path is "C:\Program Files\dotnet\packs\Microsoft.NETCore.App.Ref\9.0.11\ref\net9.0\System.Threading.Timer.dll".
             Reference found at search path location "{RawFileName}".
             This reference is not "CopyLocal" because at least one source item had "Private" set to "false" and no source items had "Private" set to "true".
         Primary reference "System.Threading, Version=9.0.0.0, Culture=neutral, PublicKeyToken=b03f5f7f11d50a3a".
             Resolved file path is "C:\Program Files\dotnet\packs\Microsoft.NETCore.App.Ref\9.0.11\ref\net9.0\System.Threading.dll".
             Reference found at search path location "{RawFileName}".
             This reference is not "CopyLocal" because at least one source item had "Private" set to "false" and no source items had "Private" set to "true".
         Primary reference "System.Transactions.Local, Version=9.0.0.0, Culture=neutral, PublicKeyToken=cc7b13ffcd2ddd51".
             Resolved file path is "C:\Program Files\dotnet\packs\Microsoft.NETCore.App.Ref\9.0.11\ref\net9.0\System.Transactions.Local.dll".
             Reference found at search path location "{RawFileName}".
             This reference is not "CopyLocal" because at least one source item had "Private" set to "false" and no source items had "Private" set to "true".
         Primary reference "System.Transactions, Version=4.0.0.0, Culture=neutral, PublicKeyToken=b77a5c561934e089".
             Resolved file path is "C:\Program Files\dotnet\packs\Microsoft.NETCore.App.Ref\9.0.11\ref\net9.0\System.Transactions.dll".
             Reference found at search path location "{RawFileName}".
             This reference is not "CopyLocal" because at least one source item had "Private" set to "false" and no source items had "Private" set to "true".
         Primary reference "System.ValueTuple, Version=9.0.0.0, Culture=neutral, PublicKeyToken=cc7b13ffcd2ddd51".
             Resolved file path is "C:\Program Files\dotnet\packs\Microsoft.NETCore.App.Ref\9.0.11\ref\net9.0\System.ValueTuple.dll".
             Reference found at search path location "{RawFileName}".
             This reference is not "CopyLocal" because at least one source item had "Private" set to "false" and no source items had "Private" set to "true".
         Primary reference "System.Web.HttpUtility, Version=9.0.0.0, Culture=neutral, PublicKeyToken=cc7b13ffcd2ddd51".
             Resolved file path is "C:\Program Files\dotnet\packs\Microsoft.NETCore.App.Ref\9.0.11\ref\net9.0\System.Web.HttpUtility.dll".
             Reference found at search path location "{RawFileName}".
             This reference is not "CopyLocal" because at least one source item had "Private" set to "false" and no source items had "Private" set to "true".
         Primary reference "System.Web, Version=4.0.0.0, Culture=neutral, PublicKeyToken=b03f5f7f11d50a3a".
             Resolved file path is "C:\Program Files\dotnet\packs\Microsoft.NETCore.App.Ref\9.0.11\ref\net9.0\System.Web.dll".
             Reference found at search path location "{RawFileName}".
             This reference is not "CopyLocal" because at least one source item had "Private" set to "false" and no source items had "Private" set to "true".
         Primary reference "System.Windows, Version=4.0.0.0, Culture=neutral, PublicKeyToken=b03f5f7f11d50a3a".
             Resolved file path is "C:\Program Files\dotnet\packs\Microsoft.NETCore.App.Ref\9.0.11\ref\net9.0\System.Windows.dll".
             Reference found at search path location "{RawFileName}".
             This reference is not "CopyLocal" because at least one source item had "Private" set to "false" and no source items had "Private" set to "true".
         Primary reference "System.Xml.Linq, Version=4.0.0.0, Culture=neutral, PublicKeyToken=b77a5c561934e089".
             Resolved file path is "C:\Program Files\dotnet\packs\Microsoft.NETCore.App.Ref\9.0.11\ref\net9.0\System.Xml.Linq.dll".
             Reference found at search path location "{RawFileName}".
             This reference is not "CopyLocal" because at least one source item had "Private" set to "false" and no source items had "Private" set to "true".
         Primary reference "System.Xml.ReaderWriter, Version=9.0.0.0, Culture=neutral, PublicKeyToken=b03f5f7f11d50a3a".
             Resolved file path is "C:\Program Files\dotnet\packs\Microsoft.NETCore.App.Ref\9.0.11\ref\net9.0\System.Xml.ReaderWriter.dll".
             Reference found at search path location "{RawFileName}".
             This reference is not "CopyLocal" because at least one source item had "Private" set to "false" and no source items had "Private" set to "true".
         Primary reference "System.Xml.Serialization, Version=4.0.0.0, Culture=neutral, PublicKeyToken=b77a5c561934e089".
             Resolved file path is "C:\Program Files\dotnet\packs\Microsoft.NETCore.App.Ref\9.0.11\ref\net9.0\System.Xml.Serialization.dll".
             Reference found at search path location "{RawFileName}".
             This reference is not "CopyLocal" because at least one source item had "Private" set to "false" and no source items had "Private" set to "true".
         Primary reference "System.Xml.XDocument, Version=9.0.0.0, Culture=neutral, PublicKeyToken=b03f5f7f11d50a3a".
             Resolved file path is "C:\Program Files\dotnet\packs\Microsoft.NETCore.App.Ref\9.0.11\ref\net9.0\System.Xml.XDocument.dll".
             Reference found at search path location "{RawFileName}".
             This reference is not "CopyLocal" because at least one source item had "Private" set to "false" and no source items had "Private" set to "true".
         Primary reference "System.Xml.XPath.XDocument, Version=9.0.0.0, Culture=neutral, PublicKeyToken=b03f5f7f11d50a3a".
             Resolved file path is "C:\Program Files\dotnet\packs\Microsoft.NETCore.App.Ref\9.0.11\ref\net9.0\System.Xml.XPath.XDocument.dll".
             Reference found at search path location "{RawFileName}".
             This reference is not "CopyLocal" because at least one source item had "Private" set to "false" and no source items had "Private" set to "true".
         Primary reference "System.Xml.XPath, Version=9.0.0.0, Culture=neutral, PublicKeyToken=b03f5f7f11d50a3a".
             Resolved file path is "C:\Program Files\dotnet\packs\Microsoft.NETCore.App.Ref\9.0.11\ref\net9.0\System.Xml.XPath.dll".
             Reference found at search path location "{RawFileName}".
             This reference is not "CopyLocal" because at least one source item had "Private" set to "false" and no source items had "Private" set to "true".
         Primary reference "System.Xml.XmlDocument, Version=9.0.0.0, Culture=neutral, PublicKeyToken=b03f5f7f11d50a3a".
             Resolved file path is "C:\Program Files\dotnet\packs\Microsoft.NETCore.App.Ref\9.0.11\ref\net9.0\System.Xml.XmlDocument.dll".
             Reference found at search path location "{RawFileName}".
             This reference is not "CopyLocal" because at least one source item had "Private" set to "false" and no source items had "Private" set to "true".
         Primary reference "System.Xml.XmlSerializer, Version=9.0.0.0, Culture=neutral, PublicKeyToken=b03f5f7f11d50a3a".
             Resolved file path is "C:\Program Files\dotnet\packs\Microsoft.NETCore.App.Ref\9.0.11\ref\net9.0\System.Xml.XmlSerializer.dll".
             Reference found at search path location "{RawFileName}".
             This reference is not "CopyLocal" because at least one source item had "Private" set to "false" and no source items had "Private" set to "true".
         Primary reference "System.Xml, Version=4.0.0.0, Culture=neutral, PublicKeyToken=b77a5c561934e089".
             Resolved file path is "C:\Program Files\dotnet\packs\Microsoft.NETCore.App.Ref\9.0.11\ref\net9.0\System.Xml.dll".
             Reference found at search path location "{RawFileName}".
             This reference is not "CopyLocal" because at least one source item had "Private" set to "false" and no source items had "Private" set to "true".
         Primary reference "System, Version=4.0.0.0, Culture=neutral, PublicKeyToken=b77a5c561934e089".
             Resolved file path is "C:\Program Files\dotnet\packs\Microsoft.NETCore.App.Ref\9.0.11\ref\net9.0\System.dll".
             Reference found at search path location "{RawFileName}".
             This reference is not "CopyLocal" because at least one source item had "Private" set to "false" and no source items had "Private" set to "true".
         Primary reference "WindowsBase, Version=4.0.0.0, Culture=neutral, PublicKeyToken=31bf3856ad364e35".
             Resolved file path is "C:\Program Files\dotnet\packs\Microsoft.NETCore.App.Ref\9.0.11\ref\net9.0\WindowsBase.dll".
             Reference found at search path location "{RawFileName}".
             This reference is not "CopyLocal" because at least one source item had "Private" set to "false" and no source items had "Private" set to "true".
         Primary reference "mscorlib, Version=4.0.0.0, Culture=neutral, PublicKeyToken=b77a5c561934e089".
             Resolved file path is "C:\Program Files\dotnet\packs\Microsoft.NETCore.App.Ref\9.0.11\ref\net9.0\mscorlib.dll".
             Reference found at search path location "{RawFileName}".
             This reference is not "CopyLocal" because at least one source item had "Private" set to "false" and no source items had "Private" set to "true".
         Primary reference "netstandard, Version=2.1.0.0, Culture=neutral, PublicKeyToken=cc7b13ffcd2ddd51".
             Resolved file path is "C:\Program Files\dotnet\packs\Microsoft.NETCore.App.Ref\9.0.11\ref\net9.0\netstandard.dll".
             Reference found at search path location "{RawFileName}".
             This reference is not "CopyLocal" because at least one source item had "Private" set to "false" and no source items had "Private" set to "true".
       Done executing task "ResolveAssemblyReference".
   3:7>Done building target "ResolveAssemblyReferences" in project "FreshProduce.Domain.csproj".
   3:7>Target "AfterResolveReferences" in file "C:\Program Files\dotnet\sdk\10.0.101\Microsoft.Common.CurrentVersion.targets" from project "D:\P.L\Flutter\fresh_produce_app\FreshProduce.Domain\FreshProduce.Domain.csproj" (target "ResolveReferences" depends on it):
   3:7>Done building target "AfterResolveReferences" in project "FreshProduce.Domain.csproj".
   3:7>Target "ResolveReferences" in file "C:\Program Files\dotnet\sdk\10.0.101\Microsoft.Common.CurrentVersion.targets" from project "D:\P.L\Flutter\fresh_produce_app\FreshProduce.Domain\FreshProduce.Domain.csproj" (target "_BlockWinMDsOnUnsupportedTFMs" depends on it):
   3:7>Done building target "ResolveReferences" in project "FreshProduce.Domain.csproj".
   3:7>Target "_BlockWinMDsOnUnsupportedTFMs" in file "C:\Program Files\dotnet\sdk\10.0.101\Sdks\Microsoft.NET.Sdk\targets\Microsoft.NET.Sdk.targets" from project "D:\P.L\Flutter\fresh_produce_app\FreshProduce.Domain\FreshProduce.Domain.csproj" (target "CoreBuild" depends on it):
       Using "CheckForUnsupportedWinMDReferences" task from assembly "C:\Program Files\dotnet\sdk\10.0.101\Sdks\Microsoft.NET.Sdk\targets\..\tools\net10.0\Microsoft.NET.Build.Tasks.dll".
       Task "CheckForUnsupportedWinMDReferences"
       Done executing task "CheckForUnsupportedWinMDReferences".
   3:7>Done building target "_BlockWinMDsOnUnsupportedTFMs" in project "FreshProduce.Domain.csproj".
       Target "ResolveReferences" skipped. Previously built successfully.
       Target "ResolvePackageDependenciesForBuild" skipped. Previously built successfully.
       Target "_HandlePackageFileConflicts" skipped. Previously built successfully.
   3:7>Target "CopyAdditionalFiles" in file "C:\Program Files\dotnet\sdk\10.0.101\Roslyn\Microsoft.Managed.Core.targets" from project "D:\P.L\Flutter\fresh_produce_app\FreshProduce.Domain\FreshProduce.Domain.csproj" (target "AssignTargetPaths" depends on it):
   3:7>Done building target "CopyAdditionalFiles" in project "FreshProduce.Domain.csproj".
   3:7>Target "_ComputeNETCoreBuildOutputFiles" in file "C:\Program Files\dotnet\sdk\10.0.101\Sdks\Microsoft.NET.Sdk\targets\Microsoft.NET.Sdk.targets" from project "D:\P.L\Flutter\fresh_produce_app\FreshProduce.Domain\FreshProduce.Domain.csproj" (target "AssignTargetPaths" depends on it):
   3:7>Done building target "_ComputeNETCoreBuildOutputFiles" in project "FreshProduce.Domain.csproj".
   3:7>Target "AssignTargetPaths" in file "C:\Program Files\dotnet\sdk\10.0.101\Microsoft.Common.CurrentVersion.targets" from project "D:\P.L\Flutter\fresh_produce_app\FreshProduce.Domain\FreshProduce.Domain.csproj" (target "PrepareResourceNames" depends on it):
       Using "AssignTargetPath" task from assembly "Microsoft.Build.Tasks.Core, Version=15.1.0.0, Culture=neutral, PublicKeyToken=b03f5f7f11d50a3a".
       Task "AssignTargetPath"
       Done executing task "AssignTargetPath".
       Task "AssignTargetPath"
       Done executing task "AssignTargetPath".
       Task "AssignTargetPath"
       Done executing task "AssignTargetPath".
       Task "AssignTargetPath"
       Done executing task "AssignTargetPath".
   3:7>Done building target "AssignTargetPaths" in project "FreshProduce.Domain.csproj".
       Target "AssignTargetPaths" skipped. Previously built successfully.
   3:7>Target "SplitResourcesByCulture" in file "C:\Program Files\dotnet\sdk\10.0.101\Microsoft.Common.CurrentVersion.targets" from project "D:\P.L\Flutter\fresh_produce_app\FreshProduce.Domain\FreshProduce.Domain.csproj" (target "PrepareResourceNames" depends on it):
       Using "AssignCulture" task from assembly "Microsoft.Build.Tasks.Core, Version=15.1.0.0, Culture=neutral, PublicKeyToken=b03f5f7f11d50a3a".
       Task "AssignCulture"
       Done executing task "AssignCulture".
   3:7>Done building target "SplitResourcesByCulture" in project "FreshProduce.Domain.csproj".
   3:7>Target "CreateCustomManifestResourceNames" in file "C:\Program Files\dotnet\sdk\10.0.101\Microsoft.Common.CurrentVersion.targets" from project "D:\P.L\Flutter\fresh_produce_app\FreshProduce.Domain\FreshProduce.Domain.csproj" (target "PrepareResourceNames" depends on it):
   3:7>Done building target "CreateCustomManifestResourceNames" in project "FreshProduce.Domain.csproj".
   3:7>Target "PrepareResourceNames" in file "C:\Program Files\dotnet\sdk\10.0.101\Microsoft.Common.CurrentVersion.targets" from project "D:\P.L\Flutter\fresh_produce_app\FreshProduce.Domain\FreshProduce.Domain.csproj" (target "PrepareResources" depends on it):
   3:7>Done building target "PrepareResourceNames" in project "FreshProduce.Domain.csproj".
       Target "ResolveAssemblyReferences" skipped. Previously built successfully.
       Target "SplitResourcesByCulture" skipped. Previously built successfully.
   3:7>Target "BeforeResGen" in file "C:\Program Files\dotnet\sdk\10.0.101\Microsoft.Common.CurrentVersion.targets" from project "D:\P.L\Flutter\fresh_produce_app\FreshProduce.Domain\FreshProduce.Domain.csproj" (target "ResGen" depends on it):
   3:7>Done building target "BeforeResGen" in project "FreshProduce.Domain.csproj".
       Target "ResolveReferences" skipped. Previously built successfully.
   3:7>Target "FindReferenceAssembliesForReferences" in file "C:\Program Files\dotnet\sdk\10.0.101\Microsoft.Common.CurrentVersion.targets" from project "D:\P.L\Flutter\fresh_produce_app\FreshProduce.Domain\FreshProduce.Domain.csproj" (target "CoreResGen" depends on it):
   3:7>Done building target "FindReferenceAssembliesForReferences" in project "FreshProduce.Domain.csproj".
   3:7>Target "CoreResGen" in file "C:\Program Files\dotnet\sdk\10.0.101\Microsoft.Common.CurrentVersion.targets" from project "D:\P.L\Flutter\fresh_produce_app\FreshProduce.Domain\FreshProduce.Domain.csproj" (target "ResGen" depends on it):
   3:7>Done building target "CoreResGen" in project "FreshProduce.Domain.csproj".
   3:7>Target "AfterResGen" in file "C:\Program Files\dotnet\sdk\10.0.101\Microsoft.Common.CurrentVersion.targets" from project "D:\P.L\Flutter\fresh_produce_app\FreshProduce.Domain\FreshProduce.Domain.csproj" (target "ResGen" depends on it):
   3:7>Done building target "AfterResGen" in project "FreshProduce.Domain.csproj".
   3:7>Target "ResGen" in file "C:\Program Files\dotnet\sdk\10.0.101\Microsoft.Common.CurrentVersion.targets" from project "D:\P.L\Flutter\fresh_produce_app\FreshProduce.Domain\FreshProduce.Domain.csproj" (target "PrepareResources" depends on it):
   3:7>Done building target "ResGen" in project "FreshProduce.Domain.csproj".
   3:7>Target "PrepareResources" in file "C:\Program Files\dotnet\sdk\10.0.101\Microsoft.Common.CurrentVersion.targets" from project "D:\P.L\Flutter\fresh_produce_app\FreshProduce.Domain\FreshProduce.Domain.csproj" (target "CoreBuild" depends on it):
   3:7>Done building target "PrepareResources" in project "FreshProduce.Domain.csproj".
       Target "ResolveReferences" skipped. Previously built successfully.
   3:7>Target "_SetEmbeddedWin32ManifestProperties" in file "C:\Program Files\dotnet\sdk\10.0.101\Microsoft.Common.CurrentVersion.targets" from project "D:\P.L\Flutter\fresh_produce_app\FreshProduce.Domain\FreshProduce.Domain.csproj" (target "SetWin32ManifestProperties" depends on it):
       Using "GetFrameworkPath" task from assembly "Microsoft.Build.Tasks.Core, Version=15.1.0.0, Culture=neutral, PublicKeyToken=b03f5f7f11d50a3a".
       Task "GetFrameworkPath"
       Done executing task "GetFrameworkPath".
   3:7>Done building target "_SetEmbeddedWin32ManifestProperties" in project "FreshProduce.Domain.csproj".
   3:7>Target "SetWin32ManifestProperties" in file "C:\Program Files\dotnet\sdk\10.0.101\Microsoft.Common.CurrentVersion.targets" from project "D:\P.L\Flutter\fresh_produce_app\FreshProduce.Domain\FreshProduce.Domain.csproj" (target "Compile" depends on it):
   3:7>Done building target "SetWin32ManifestProperties" in project "FreshProduce.Domain.csproj".
       Target "FindReferenceAssembliesForReferences" skipped. Previously built successfully.
   3:7>Target "_GenerateCompileInputs" in file "C:\Program Files\dotnet\sdk\10.0.101\Microsoft.Common.CurrentVersion.targets" from project "D:\P.L\Flutter\fresh_produce_app\FreshProduce.Domain\FreshProduce.Domain.csproj" (target "Compile" depends on it):
   3:7>Done building target "_GenerateCompileInputs" in project "FreshProduce.Domain.csproj".
       Target "PrepareForBuild" skipped. Previously built successfully.
   3:7>Target "GenerateMSBuildEditorConfigFileShouldRun" in file "C:\Program Files\dotnet\sdk\10.0.101\Roslyn\Microsoft.Managed.Core.targets" from project "D:\P.L\Flutter\fresh_produce_app\FreshProduce.Domain\FreshProduce.Domain.csproj" (target "GenerateMSBuildEditorConfigFile" depends on it):
   3:7>Done building target "GenerateMSBuildEditorConfigFileShouldRun" in project "FreshProduce.Domain.csproj".
   3:7>Target "AddGlobalAnalyzerConfigForPackage_MicrosoftCodeAnalysisCSharpCodeStyle" in file "C:\Program Files\dotnet\sdk\10.0.101\Sdks\Microsoft.NET.Sdk\codestyle\cs\build\Microsoft.CodeAnalysis.CSharp.CodeStyle.targets" from project "D:\P.L\Flutter\fresh_produce_app\FreshProduce.Domain\FreshProduce.Domain.csproj" (target "GenerateMSBuildEditorConfigFileCore" depends on it):
   3:7>Done building target "AddGlobalAnalyzerConfigForPackage_MicrosoftCodeAnalysisCSharpCodeStyle" in project "FreshProduce.Domain.csproj".
   3:7>Target "GenerateMSBuildEditorConfigFileCore" in file "C:\Program Files\dotnet\sdk\10.0.101\Roslyn\Microsoft.Managed.Core.targets" from project "D:\P.L\Flutter\fresh_produce_app\FreshProduce.Domain\FreshProduce.Domain.csproj" (target "GenerateMSBuildEditorConfigFile" depends on it):
       Building target "GenerateMSBuildEditorConfigFileCore" completely.
       No input files were specified.
       Using "GenerateMSBuildEditorConfig" task from assembly "C:\Program Files\dotnet\sdk\10.0.101\Sdks\Microsoft.NET.Sdk\targets\..\..\..\Roslyn\Microsoft.Build.Tasks.CodeAnalysis.dll".
       Task "GenerateMSBuildEditorConfig"
       Done executing task "GenerateMSBuildEditorConfig".
   3:7>Done building target "GenerateMSBuildEditorConfigFileCore" in project "FreshProduce.Domain.csproj".
   3:7>Target "GenerateMSBuildEditorConfigFile" in file "C:\Program Files\dotnet\sdk\10.0.101\Roslyn\Microsoft.Managed.Core.targets" from project "D:\P.L\Flutter\fresh_produce_app\FreshProduce.Domain\FreshProduce.Domain.csproj" (target "BeforeCompile" depends on it):
   3:7>Done building target "GenerateMSBuildEditorConfigFile" in project "FreshProduce.Domain.csproj".
       Target "PrepareForBuild" skipped. Previously built successfully.
       Target "GetReferenceAssemblyPaths" skipped. Previously built successfully.
   3:7>Target "_SetTargetFrameworkMonikerAttribute" in file "C:\Program Files\dotnet\sdk\10.0.101\Microsoft.CSharp.CurrentVersion.targets" from project "D:\P.L\Flutter\fresh_produce_app\FreshProduce.Domain\FreshProduce.Domain.csproj" (target "GenerateTargetFrameworkMonikerAttribute" depends on it):
   3:7>Done building target "_SetTargetFrameworkMonikerAttribute" in project "FreshProduce.Domain.csproj".
   3:7>Target "GenerateTargetFrameworkMonikerAttribute" in file "C:\Program Files\dotnet\sdk\10.0.101\Microsoft.Common.CurrentVersion.targets" from project "D:\P.L\Flutter\fresh_produce_app\FreshProduce.Domain\FreshProduce.Domain.csproj" (target "BeforeCompile" depends on it):
       Skipping target "GenerateTargetFrameworkMonikerAttribute" because all output files are up-to-date with respect to the input files.
       Input files: C:\Program Files\dotnet\sdk\10.0.101\Microsoft.Common.targets
       Output files: obj\Debug\net9.0\.NETCoreApp,Version=v9.0.AssemblyAttributes.cs
   3:7>Done building target "GenerateTargetFrameworkMonikerAttribute" in project "FreshProduce.Domain.csproj".
       Target "PrepareForBuild" skipped. Previously built successfully.
   3:7>Target "GetAssemblyVersion" in file "C:\Program Files\dotnet\sdk\10.0.101\Sdks\Microsoft.NET.Sdk\targets\Microsoft.NET.GenerateAssemblyInfo.targets" from project "D:\P.L\Flutter\fresh_produce_app\FreshProduce.Domain\FreshProduce.Domain.csproj" (target "GetAssemblyAttributes" depends on it):
       Using "GetAssemblyVersion" task from assembly "C:\Program Files\dotnet\sdk\10.0.101\Sdks\Microsoft.NET.Sdk\targets\..\tools\net10.0\Microsoft.NET.Build.Tasks.dll".
       Task "GetAssemblyVersion"
       Done executing task "GetAssemblyVersion".
   3:7>Done building target "GetAssemblyVersion" in project "FreshProduce.Domain.csproj".
   3:7>Target "InitializeSourceControlInformationFromSourceControlManager" in file "C:\Program Files\dotnet\sdk\10.0.101\Sdks\Microsoft.Build.Tasks.Git\build\Microsoft.Build.Tasks.Git.targets" from project "D:\P.L\Flutter\fresh_produce_app\FreshProduce.Domain\FreshProduce.Domain.csproj" (target "_InitializeSourceControlInformationFromSourceControlManager" depends on it):
       Using "Microsoft.Build.Tasks.Git.LocateRepository" task from assembly "C:\Program Files\dotnet\sdk\10.0.101\Sdks\Microsoft.Build.Tasks.Git\build\..\tools\net\Microsoft.Build.Tasks.Git.dll".
       Task "Microsoft.Build.Tasks.Git.LocateRepository"
       Done executing task "Microsoft.Build.Tasks.Git.LocateRepository".
   3:7>Done building target "InitializeSourceControlInformationFromSourceControlManager" in project "FreshProduce.Domain.csproj".
   3:7>Target "_SourceLinkHasSingleProvider" in file "C:\Program Files\dotnet\sdk\10.0.101\Sdks\Microsoft.SourceLink.Common\build\InitializeSourceControlInformation.targets" from project "D:\P.L\Flutter\fresh_produce_app\FreshProduce.Domain\FreshProduce.Domain.csproj" (target "_InitializeSourceControlInformationFromSourceControlManager" depends on it):
       Using "Microsoft.SourceLink.Common.SourceLinkHasSingleProvider" task from assembly "C:\Program Files\dotnet\sdk\10.0.101\Sdks\Microsoft.SourceLink.Common\build\..\tools\net\Microsoft.SourceLink.Common.dll".
       Task "Microsoft.SourceLink.Common.SourceLinkHasSingleProvider"
       Done executing task "Microsoft.SourceLink.Common.SourceLinkHasSingleProvider".
   3:7>Done building target "_SourceLinkHasSingleProvider" in project "FreshProduce.Domain.csproj".
   3:7>Target "TranslateGitHubUrlsInSourceControlInformation" in file "C:\Program Files\dotnet\sdk\10.0.101\Sdks\Microsoft.SourceLink.GitHub\build\Microsoft.SourceLink.GitHub.targets" from project "D:\P.L\Flutter\fresh_produce_app\FreshProduce.Domain\FreshProduce.Domain.csproj" (target "_InitializeSourceControlInformationFromSourceControlManager" depends on it):
       Using "Microsoft.SourceLink.GitHub.TranslateRepositoryUrls" task from assembly "C:\Program Files\dotnet\sdk\10.0.101\Sdks\Microsoft.SourceLink.GitHub\build\..\tools\net\Microsoft.SourceLink.GitHub.dll".
       Task "Microsoft.SourceLink.GitHub.TranslateRepositoryUrls"
       Done executing task "Microsoft.SourceLink.GitHub.TranslateRepositoryUrls".
   3:7>Done building target "TranslateGitHubUrlsInSourceControlInformation" in project "FreshProduce.Domain.csproj".
   3:7>Target "TranslateGitLabUrlsInSourceControlInformation" in file "C:\Program Files\dotnet\sdk\10.0.101\Sdks\Microsoft.SourceLink.GitLab\build\Microsoft.SourceLink.GitLab.targets" from project "D:\P.L\Flutter\fresh_produce_app\FreshProduce.Domain\FreshProduce.Domain.csproj" (target "_InitializeSourceControlInformationFromSourceControlManager" depends on it):
       Using "Microsoft.SourceLink.GitLab.TranslateRepositoryUrls" task from assembly "C:\Program Files\dotnet\sdk\10.0.101\Sdks\Microsoft.SourceLink.GitLab\build\..\tools\net\Microsoft.SourceLink.GitLab.dll".
       Task "Microsoft.SourceLink.GitLab.TranslateRepositoryUrls"
       Done executing task "Microsoft.SourceLink.GitLab.TranslateRepositoryUrls".
   3:7>Done building target "TranslateGitLabUrlsInSourceControlInformation" in project "FreshProduce.Domain.csproj".
   3:7>Target "TranslateAzureReposGitUrlsInSourceControlInformation" in file "C:\Program Files\dotnet\sdk\10.0.101\Sdks\Microsoft.SourceLink.AzureRepos.Git\build\Microsoft.SourceLink.AzureRepos.Git.targets" from project "D:\P.L\Flutter\fresh_produce_app\FreshProduce.Domain\FreshProduce.Domain.csproj" (target "_InitializeSourceControlInformationFromSourceControlManager" depends on it):
       Using "Microsoft.SourceLink.AzureRepos.Git.TranslateRepositoryUrls" task from assembly "C:\Program Files\dotnet\sdk\10.0.101\Sdks\Microsoft.SourceLink.AzureRepos.Git\build\..\tools\net\Microsoft.SourceLink.AzureRepos.Git.dll".
       Task "Microsoft.SourceLink.AzureRepos.Git.TranslateRepositoryUrls"
       Done executing task "Microsoft.SourceLink.AzureRepos.Git.TranslateRepositoryUrls".
   3:7>Done building target "TranslateAzureReposGitUrlsInSourceControlInformation" in project "FreshProduce.Domain.csproj".
   3:7>Target "TranslateBitbucketGitUrlsInSourceControlInformation" in file "C:\Program Files\dotnet\sdk\10.0.101\Sdks\Microsoft.SourceLink.Bitbucket.Git\build\Microsoft.SourceLink.Bitbucket.Git.targets" from project "D:\P.L\Flutter\fresh_produce_app\FreshProduce.Domain\FreshProduce.Domain.csproj" (target "_InitializeSourceControlInformationFromSourceControlManager" depends on it):
       Using "Microsoft.SourceLink.Bitbucket.Git.TranslateRepositoryUrls" task from assembly "C:\Program Files\dotnet\sdk\10.0.101\Sdks\Microsoft.SourceLink.Bitbucket.Git\build\..\tools\net\Microsoft.SourceLink.Bitbucket.Git.dll".
       Task "Microsoft.SourceLink.Bitbucket.Git.TranslateRepositoryUrls"
       Done executing task "Microsoft.SourceLink.Bitbucket.Git.TranslateRepositoryUrls".
   3:7>Done building target "TranslateBitbucketGitUrlsInSourceControlInformation" in project "FreshProduce.Domain.csproj".
   3:7>Target "SourceControlManagerPublishTranslatedUrls" in file "C:\Program Files\dotnet\sdk\10.0.101\Sdks\Microsoft.SourceLink.Common\build\InitializeSourceControlInformation.targets" from project "D:\P.L\Flutter\fresh_produce_app\FreshProduce.Domain\FreshProduce.Domain.csproj" (target "_InitializeSourceControlInformationFromSourceControlManager" depends on it):
   3:7>Done building target "SourceControlManagerPublishTranslatedUrls" in project "FreshProduce.Domain.csproj".
   3:7>Target "_InitializeSourceControlInformationFromSourceControlManager" in file "C:\Program Files\dotnet\sdk\10.0.101\Sdks\Microsoft.SourceLink.Common\build\InitializeSourceControlInformation.targets" from project "D:\P.L\Flutter\fresh_produce_app\FreshProduce.Domain\FreshProduce.Domain.csproj" (target "InitializeSourceControlInformation" depends on it):
   3:7>Done building target "_InitializeSourceControlInformationFromSourceControlManager" in project "FreshProduce.Domain.csproj".
   3:7>Target "InitializeSourceControlInformation" in file "C:\Program Files\dotnet\sdk\10.0.101\Microsoft.Common.CurrentVersion.targets" from project "D:\P.L\Flutter\fresh_produce_app\FreshProduce.Domain\FreshProduce.Domain.csproj" (target "GetAssemblyAttributes" depends on it):
   3:7>Done building target "InitializeSourceControlInformation" in project "FreshProduce.Domain.csproj".
       Target "GetAssemblyVersion" skipped. Previously built successfully.
       Target "InitializeSourceControlInformation" skipped. Previously built successfully.
   3:7>Target "AddSourceRevisionToInformationalVersion" in file "C:\Program Files\dotnet\sdk\10.0.101\Sdks\Microsoft.NET.Sdk\targets\Microsoft.NET.GenerateAssemblyInfo.targets" from project "D:\P.L\Flutter\fresh_produce_app\FreshProduce.Domain\FreshProduce.Domain.csproj" (target "GetAssemblyAttributes" depends on it):
   3:7>Done building target "AddSourceRevisionToInformationalVersion" in project "FreshProduce.Domain.csproj".
   3:7>Target "GetAssemblyAttributes" in file "C:\Program Files\dotnet\sdk\10.0.101\Sdks\Microsoft.NET.Sdk\targets\Microsoft.NET.GenerateAssemblyInfo.targets" from project "D:\P.L\Flutter\fresh_produce_app\FreshProduce.Domain\FreshProduce.Domain.csproj" (target "CreateGeneratedAssemblyInfoInputsCacheFile" depends on it):
   3:7>Done building target "GetAssemblyAttributes" in project "FreshProduce.Domain.csproj".
   3:7>Target "CreateGeneratedAssemblyInfoInputsCacheFile" in file "C:\Program Files\dotnet\sdk\10.0.101\Sdks\Microsoft.NET.Sdk\targets\Microsoft.NET.GenerateAssemblyInfo.targets" from project "D:\P.L\Flutter\fresh_produce_app\FreshProduce.Domain\FreshProduce.Domain.csproj" (target "CoreGenerateAssemblyInfo" depends on it):
       Using "Hash" task from assembly "Microsoft.Build.Tasks.Core, Version=15.1.0.0, Culture=neutral, PublicKeyToken=b03f5f7f11d50a3a".
       Task "Hash"
       Done executing task "Hash".
       Task "WriteLinesToFile"
         Skipping write to file "obj\Debug\net9.0\FreshProduce.Domain.AssemblyInfoInputs.cache" because content would not change.
       Done executing task "WriteLinesToFile".
   3:7>Done building target "CreateGeneratedAssemblyInfoInputsCacheFile" in project "FreshProduce.Domain.csproj".
   3:7>Target "CoreGenerateAssemblyInfo" in file "C:\Program Files\dotnet\sdk\10.0.101\Sdks\Microsoft.NET.Sdk\targets\Microsoft.NET.GenerateAssemblyInfo.targets" from project "D:\P.L\Flutter\fresh_produce_app\FreshProduce.Domain\FreshProduce.Domain.csproj" (target "GenerateAssemblyInfo" depends on it):
       Skipping target "CoreGenerateAssemblyInfo" because all output files are up-to-date with respect to the input files.
       Input files: obj\Debug\net9.0\FreshProduce.Domain.AssemblyInfoInputs.cache
       Output files: obj\Debug\net9.0\FreshProduce.Domain.AssemblyInfo.cs
   3:7>Done building target "CoreGenerateAssemblyInfo" in project "FreshProduce.Domain.csproj".
   3:7>Target "GenerateAssemblyInfo" in file "C:\Program Files\dotnet\sdk\10.0.101\Sdks\Microsoft.NET.Sdk\targets\Microsoft.NET.GenerateAssemblyInfo.targets" from project "D:\P.L\Flutter\fresh_produce_app\FreshProduce.Domain\FreshProduce.Domain.csproj" (target "BeforeCompile" depends on it):
   3:7>Done building target "GenerateAssemblyInfo" in project "FreshProduce.Domain.csproj".
   3:7>Target "BeforeCompile" in file "C:\Program Files\dotnet\sdk\10.0.101\Microsoft.Common.CurrentVersion.targets" from project "D:\P.L\Flutter\fresh_produce_app\FreshProduce.Domain\FreshProduce.Domain.csproj" (target "Compile" depends on it):
   3:7>Done building target "BeforeCompile" in project "FreshProduce.Domain.csproj".
       Target "ResolveAssemblyReferences" skipped. Previously built successfully.
       Target "_GenerateCompileInputs" skipped. Previously built successfully.
   3:7>Target "_GenerateCompileDependencyCache" in file "C:\Program Files\dotnet\sdk\10.0.101\Microsoft.Common.CurrentVersion.targets" from project "D:\P.L\Flutter\fresh_produce_app\FreshProduce.Domain\FreshProduce.Domain.csproj" (target "Compile" depends on it):
       Task "Hash"
       Done executing task "Hash".
       Task "WriteLinesToFile"
         Skipping write to file "obj\Debug\net9.0\FreshProduce.Domain.csproj.CoreCompileInputs.cache" because content would not change.
       Done executing task "WriteLinesToFile".
   3:7>Done building target "_GenerateCompileDependencyCache" in project "FreshProduce.Domain.csproj".
   3:7>Target "_BeforeVBCSCoreCompile" in file "C:\Program Files\dotnet\sdk\10.0.101\Roslyn\Microsoft.Managed.Core.targets" from project "D:\P.L\Flutter\fresh_produce_app\FreshProduce.Domain\FreshProduce.Domain.csproj" (target "CoreCompile" depends on it):
   3:7>Done building target "_BeforeVBCSCoreCompile" in project "FreshProduce.Domain.csproj".
   3:7>Target "_ComputeSkipAnalyzers" in file "C:\Program Files\dotnet\sdk\10.0.101\Roslyn\Microsoft.Managed.Core.targets" from project "D:\P.L\Flutter\fresh_produce_app\FreshProduce.Domain\FreshProduce.Domain.csproj" (target "CoreCompile" depends on it):
   3:7>Done building target "_ComputeSkipAnalyzers" in project "FreshProduce.Domain.csproj".
       Target "BeforeCompile" skipped. Previously built successfully.
       Target "InitializeSourceControlInformationFromSourceControlManager" skipped. Previously built successfully.
   3:7>Target "SetEmbeddedFilesFromSourceControlManagerUntrackedFiles" in file "C:\Program Files\dotnet\sdk\10.0.101\Sdks\Microsoft.Build.Tasks.Git\build\Microsoft.Build.Tasks.Git.targets" from project "D:\P.L\Flutter\fresh_produce_app\FreshProduce.Domain\FreshProduce.Domain.csproj" (target "_SetEmbeddedFilesFromSourceControlManagerUntrackedFiles" depends on it):
   3:7>Done building target "SetEmbeddedFilesFromSourceControlManagerUntrackedFiles" in project "FreshProduce.Domain.csproj".
   3:7>Target "_SetEmbeddedFilesFromSourceControlManagerUntrackedFiles" in file "C:\Program Files\dotnet\sdk\10.0.101\Sdks\Microsoft.SourceLink.Common\build\Microsoft.SourceLink.Common.targets" from project "D:\P.L\Flutter\fresh_produce_app\FreshProduce.Domain\FreshProduce.Domain.csproj" (target "CoreCompile" depends on it):
   3:7>Done building target "_SetEmbeddedFilesFromSourceControlManagerUntrackedFiles" in project "FreshProduce.Domain.csproj".
       Target "InitializeSourceControlInformation" skipped. Previously built successfully.
   3:7>Target "_SetSourceLinkFilePath" in file "C:\Program Files\dotnet\sdk\10.0.101\Sdks\Microsoft.SourceLink.Common\build\Microsoft.SourceLink.Common.targets" from project "D:\P.L\Flutter\fresh_produce_app\FreshProduce.Domain\FreshProduce.Domain.csproj" (target "_GenerateSourceLinkFile" depends on it):
   3:7>Done building target "_SetSourceLinkFilePath" in project "FreshProduce.Domain.csproj".
       Target "InitializeSourceControlInformation" skipped. Previously built successfully.
   3:7>Target "_InitializeSourceRootMappedPathsFromSourceControl" in file "C:\Program Files\dotnet\sdk\10.0.101\Roslyn\Microsoft.Managed.Core.targets" from project "D:\P.L\Flutter\fresh_produce_app\FreshProduce.Domain\FreshProduce.Domain.csproj" (target "InitializeSourceRootMappedPaths" depends on it):
   3:7>Done building target "_InitializeSourceRootMappedPathsFromSourceControl" in project "FreshProduce.Domain.csproj".
   3:7>Target "InitializeSourceRootMappedPaths" in file "C:\Program Files\dotnet\sdk\10.0.101\Roslyn\Microsoft.Managed.Core.targets" from project "D:\P.L\Flutter\fresh_produce_app\FreshProduce.Domain\FreshProduce.Domain.csproj" (target "_InitializeSourceRootMappedPathsOpt" depends on it):
       Using "Microsoft.CodeAnalysis.BuildTasks.MapSourceRoots" task from assembly "C:\Program Files\dotnet\sdk\10.0.101\Sdks\Microsoft.NET.Sdk\targets\..\..\..\Roslyn\Microsoft.Build.Tasks.CodeAnalysis.dll".
       Task "Microsoft.CodeAnalysis.BuildTasks.MapSourceRoots"
       Done executing task "Microsoft.CodeAnalysis.BuildTasks.MapSourceRoots".
   3:7>Done building target "InitializeSourceRootMappedPaths" in project "FreshProduce.Domain.csproj".
   3:7>Target "_InitializeSourceRootMappedPathsOpt" in file "C:\Program Files\dotnet\sdk\10.0.101\Sdks\Microsoft.SourceLink.Common\build\Microsoft.SourceLink.Common.targets" from project "D:\P.L\Flutter\fresh_produce_app\FreshProduce.Domain\FreshProduce.Domain.csproj" (target "_GenerateSourceLinkFile" depends on it):
   3:7>Done building target "_InitializeSourceRootMappedPathsOpt" in project "FreshProduce.Domain.csproj".
   3:7>Target "_InitializeGitHubSourceLinkUrl" in file "C:\Program Files\dotnet\sdk\10.0.101\Sdks\Microsoft.SourceLink.GitHub\build\Microsoft.SourceLink.GitHub.targets" from project "D:\P.L\Flutter\fresh_produce_app\FreshProduce.Domain\FreshProduce.Domain.csproj" (target "_GenerateSourceLinkFile" depends on it):
       Building target "_InitializeGitHubSourceLinkUrl" completely.
       No input files were specified.
       Using "Microsoft.SourceLink.GitHub.GetSourceLinkUrl" task from assembly "C:\Program Files\dotnet\sdk\10.0.101\Sdks\Microsoft.SourceLink.GitHub\build\..\tools\net\Microsoft.SourceLink.GitHub.dll".
       Task "Microsoft.SourceLink.GitHub.GetSourceLinkUrl"
       Done executing task "Microsoft.SourceLink.GitHub.GetSourceLinkUrl".
   3:7>Done building target "_InitializeGitHubSourceLinkUrl" in project "FreshProduce.Domain.csproj".
   3:7>Target "_InitializeGitHubSourceLinkUrl" in file "C:\Program Files\dotnet\sdk\10.0.101\Sdks\Microsoft.SourceLink.GitHub\build\Microsoft.SourceLink.GitHub.targets" from project "D:\P.L\Flutter\fresh_produce_app\FreshProduce.Domain\FreshProduce.Domain.csproj" (target "_GenerateSourceLinkFile" depends on it):
       Building target "_InitializeGitHubSourceLinkUrl" completely.
       No input files were specified.
       Task "Microsoft.SourceLink.GitHub.GetSourceLinkUrl"
       Done executing task "Microsoft.SourceLink.GitHub.GetSourceLinkUrl".
   3:7>Done building target "_InitializeGitHubSourceLinkUrl" in project "FreshProduce.Domain.csproj".
   3:7>Target "_InitializeGitLabSourceLinkUrl" in file "C:\Program Files\dotnet\sdk\10.0.101\Sdks\Microsoft.SourceLink.GitLab\build\Microsoft.SourceLink.GitLab.targets" from project "D:\P.L\Flutter\fresh_produce_app\FreshProduce.Domain\FreshProduce.Domain.csproj" (target "_GenerateSourceLinkFile" depends on it):
       Building target "_InitializeGitLabSourceLinkUrl" completely.
       No input files were specified.
       Using "Microsoft.SourceLink.GitLab.GetSourceLinkUrl" task from assembly "C:\Program Files\dotnet\sdk\10.0.101\Sdks\Microsoft.SourceLink.GitLab\build\..\tools\net\Microsoft.SourceLink.GitLab.dll".
       Task "Microsoft.SourceLink.GitLab.GetSourceLinkUrl"
       Done executing task "Microsoft.SourceLink.GitLab.GetSourceLinkUrl".
   3:7>Done building target "_InitializeGitLabSourceLinkUrl" in project "FreshProduce.Domain.csproj".
   3:7>Target "_InitializeGitLabSourceLinkUrl" in file "C:\Program Files\dotnet\sdk\10.0.101\Sdks\Microsoft.SourceLink.GitLab\build\Microsoft.SourceLink.GitLab.targets" from project "D:\P.L\Flutter\fresh_produce_app\FreshProduce.Domain\FreshProduce.Domain.csproj" (target "_GenerateSourceLinkFile" depends on it):
       Building target "_InitializeGitLabSourceLinkUrl" completely.
       No input files were specified.
       Task "Microsoft.SourceLink.GitLab.GetSourceLinkUrl"
       Done executing task "Microsoft.SourceLink.GitLab.GetSourceLinkUrl".
   3:7>Done building target "_InitializeGitLabSourceLinkUrl" in project "FreshProduce.Domain.csproj".
   3:7>Target "_InitializeAzureReposGitSourceLinkUrl" in file "C:\Program Files\dotnet\sdk\10.0.101\Sdks\Microsoft.SourceLink.AzureRepos.Git\build\Microsoft.SourceLink.AzureRepos.Git.targets" from project "D:\P.L\Flutter\fresh_produce_app\FreshProduce.Domain\FreshProduce.Domain.csproj" (target "_GenerateSourceLinkFile" depends on it):
       Building target "_InitializeAzureReposGitSourceLinkUrl" completely.
       No input files were specified.
       Using "Microsoft.SourceLink.AzureRepos.Git.GetSourceLinkUrl" task from assembly "C:\Program Files\dotnet\sdk\10.0.101\Sdks\Microsoft.SourceLink.AzureRepos.Git\build\..\tools\net\Microsoft.SourceLink.AzureRepos.Git.dll".
       Task "Microsoft.SourceLink.AzureRepos.Git.GetSourceLinkUrl"
       Done executing task "Microsoft.SourceLink.AzureRepos.Git.GetSourceLinkUrl".
   3:7>Done building target "_InitializeAzureReposGitSourceLinkUrl" in project "FreshProduce.Domain.csproj".
   3:7>Target "_InitializeAzureReposGitSourceLinkUrl" in file "C:\Program Files\dotnet\sdk\10.0.101\Sdks\Microsoft.SourceLink.AzureRepos.Git\build\Microsoft.SourceLink.AzureRepos.Git.targets" from project "D:\P.L\Flutter\fresh_produce_app\FreshProduce.Domain\FreshProduce.Domain.csproj" (target "_GenerateSourceLinkFile" depends on it):
       Building target "_InitializeAzureReposGitSourceLinkUrl" completely.
       No input files were specified.
       Task "Microsoft.SourceLink.AzureRepos.Git.GetSourceLinkUrl"
       Done executing task "Microsoft.SourceLink.AzureRepos.Git.GetSourceLinkUrl".
   3:7>Done building target "_InitializeAzureReposGitSourceLinkUrl" in project "FreshProduce.Domain.csproj".
   3:7>Target "_InitializeBitbucketGitSourceLinkUrl" in file "C:\Program Files\dotnet\sdk\10.0.101\Sdks\Microsoft.SourceLink.Bitbucket.Git\build\Microsoft.SourceLink.Bitbucket.Git.targets" from project "D:\P.L\Flutter\fresh_produce_app\FreshProduce.Domain\FreshProduce.Domain.csproj" (target "_GenerateSourceLinkFile" depends on it):
       Building target "_InitializeBitbucketGitSourceLinkUrl" completely.
       No input files were specified.
       Using "Microsoft.SourceLink.Bitbucket.Git.GetSourceLinkUrl" task from assembly "C:\Program Files\dotnet\sdk\10.0.101\Sdks\Microsoft.SourceLink.Bitbucket.Git\build\..\tools\net\Microsoft.SourceLink.Bitbucket.Git.dll".
       Task "Microsoft.SourceLink.Bitbucket.Git.GetSourceLinkUrl"
       Done executing task "Microsoft.SourceLink.Bitbucket.Git.GetSourceLinkUrl".
   3:7>Done building target "_InitializeBitbucketGitSourceLinkUrl" in project "FreshProduce.Domain.csproj".
   3:7>Target "_InitializeBitbucketGitSourceLinkUrl" in file "C:\Program Files\dotnet\sdk\10.0.101\Sdks\Microsoft.SourceLink.Bitbucket.Git\build\Microsoft.SourceLink.Bitbucket.Git.targets" from project "D:\P.L\Flutter\fresh_produce_app\FreshProduce.Domain\FreshProduce.Domain.csproj" (target "_GenerateSourceLinkFile" depends on it):
       Building target "_InitializeBitbucketGitSourceLinkUrl" completely.
       No input files were specified.
       Task "Microsoft.SourceLink.Bitbucket.Git.GetSourceLinkUrl"
       Done executing task "Microsoft.SourceLink.Bitbucket.Git.GetSourceLinkUrl".
   3:7>Done building target "_InitializeBitbucketGitSourceLinkUrl" in project "FreshProduce.Domain.csproj".
   3:7>Target "_GenerateSourceLinkFile" in file "C:\Program Files\dotnet\sdk\10.0.101\Sdks\Microsoft.SourceLink.Common\build\Microsoft.SourceLink.Common.targets" from project "D:\P.L\Flutter\fresh_produce_app\FreshProduce.Domain\FreshProduce.Domain.csproj" (target "GenerateSourceLinkFile" depends on it):
       Building target "_GenerateSourceLinkFile" completely.
       No input files were specified.
       Using "Microsoft.SourceLink.Common.GenerateSourceLinkFile" task from assembly "C:\Program Files\dotnet\sdk\10.0.101\Sdks\Microsoft.SourceLink.Common\build\..\tools\net\Microsoft.SourceLink.Common.dll".
       Task "Microsoft.SourceLink.Common.GenerateSourceLinkFile"
         Source Link is empty, file 'obj\Debug\net9.0\FreshProduce.Domain.sourcelink.json' does not exist.
       Done executing task "Microsoft.SourceLink.Common.GenerateSourceLinkFile".
   3:7>Done building target "_GenerateSourceLinkFile" in project "FreshProduce.Domain.csproj".
   3:7>Target "GenerateSourceLinkFile" in file "C:\Program Files\dotnet\sdk\10.0.101\Sdks\Microsoft.SourceLink.Common\build\Microsoft.SourceLink.Common.targets" from project "D:\P.L\Flutter\fresh_produce_app\FreshProduce.Domain\FreshProduce.Domain.csproj" (target "CoreCompile" depends on it):
   3:7>Done building target "GenerateSourceLinkFile" in project "FreshProduce.Domain.csproj".
   3:7>Target "AddGlobalAnalyzerConfigForPackage_MicrosoftCodeAnalysisNetAnalyzers" in file "C:\Program Files\dotnet\sdk\10.0.101\Sdks\Microsoft.NET.Sdk\analyzers\build\Microsoft.CodeAnalysis.NetAnalyzers.targets" from project "D:\P.L\Flutter\fresh_produce_app\FreshProduce.Domain\FreshProduce.Domain.csproj" (target "CoreCompile" depends on it):
   3:7>Done building target "AddGlobalAnalyzerConfigForPackage_MicrosoftCodeAnalysisNetAnalyzers" in project "FreshProduce.Domain.csproj".
   3:7>Target "CoreCompile" in file "C:\Program Files\dotnet\sdk\10.0.101\Roslyn\Microsoft.CSharp.Core.targets" from project "D:\P.L\Flutter\fresh_produce_app\FreshProduce.Domain\FreshProduce.Domain.csproj" (target "Compile" depends on it):
       Skipping target "CoreCompile" because all output files are up-to-date with respect to the input files.
       Input files: 
           Entities.cs
           obj\Debug\net9.0\FreshProduce.Domain.GlobalUsings.g.cs
           obj\Debug\net9.0\.NETCoreApp,Version=v9.0.AssemblyAttributes.cs
           obj\Debug\net9.0\FreshProduce.Domain.AssemblyInfo.cs
           C:\Program Files\dotnet\packs\Microsoft.NETCore.App.Ref\9.0.11\ref\net9.0\Microsoft.CSharp.dll
           C:\Program Files\dotnet\packs\Microsoft.NETCore.App.Ref\9.0.11\ref\net9.0\Microsoft.VisualBasic.Core.dll
           C:\Program Files\dotnet\packs\Microsoft.NETCore.App.Ref\9.0.11\ref\net9.0\Microsoft.VisualBasic.dll
           C:\Program Files\dotnet\packs\Microsoft.NETCore.App.Ref\9.0.11\ref\net9.0\Microsoft.Win32.Primitives.dll
           C:\Program Files\dotnet\packs\Microsoft.NETCore.App.Ref\9.0.11\ref\net9.0\Microsoft.Win32.Registry.dll
           C:\Program Files\dotnet\packs\Microsoft.NETCore.App.Ref\9.0.11\ref\net9.0\mscorlib.dll
           C:\Program Files\dotnet\packs\Microsoft.NETCore.App.Ref\9.0.11\ref\net9.0\netstandard.dll
           C:\Program Files\dotnet\packs\Microsoft.NETCore.App.Ref\9.0.11\ref\net9.0\System.AppContext.dll
           C:\Program Files\dotnet\packs\Microsoft.NETCore.App.Ref\9.0.11\ref\net9.0\System.Buffers.dll
           C:\Program Files\dotnet\packs\Microsoft.NETCore.App.Ref\9.0.11\ref\net9.0\System.Collections.Concurrent.dll
           C:\Program Files\dotnet\packs\Microsoft.NETCore.App.Ref\9.0.11\ref\net9.0\System.Collections.dll
           C:\Program Files\dotnet\packs\Microsoft.NETCore.App.Ref\9.0.11\ref\net9.0\System.Collections.Immutable.dll
           C:\Program Files\dotnet\packs\Microsoft.NETCore.App.Ref\9.0.11\ref\net9.0\System.Collections.NonGeneric.dll
           C:\Program Files\dotnet\packs\Microsoft.NETCore.App.Ref\9.0.11\ref\net9.0\System.Collections.Specialized.dll
           C:\Program Files\dotnet\packs\Microsoft.NETCore.App.Ref\9.0.11\ref\net9.0\System.ComponentModel.Annotations.dll
           C:\Program Files\dotnet\packs\Microsoft.NETCore.App.Ref\9.0.11\ref\net9.0\System.ComponentModel.DataAnnotations.dll
           C:\Program Files\dotnet\packs\Microsoft.NETCore.App.Ref\9.0.11\ref\net9.0\System.ComponentModel.dll
           C:\Program Files\dotnet\packs\Microsoft.NETCore.App.Ref\9.0.11\ref\net9.0\System.ComponentModel.EventBasedAsync.dll
           C:\Program Files\dotnet\packs\Microsoft.NETCore.App.Ref\9.0.11\ref\net9.0\System.ComponentModel.Primitives.dll
           C:\Program Files\dotnet\packs\Microsoft.NETCore.App.Ref\9.0.11\ref\net9.0\System.ComponentModel.TypeConverter.dll
           C:\Program Files\dotnet\packs\Microsoft.NETCore.App.Ref\9.0.11\ref\net9.0\System.Configuration.dll
           C:\Program Files\dotnet\packs\Microsoft.NETCore.App.Ref\9.0.11\ref\net9.0\System.Console.dll
           C:\Program Files\dotnet\packs\Microsoft.NETCore.App.Ref\9.0.11\ref\net9.0\System.Core.dll
           C:\Program Files\dotnet\packs\Microsoft.NETCore.App.Ref\9.0.11\ref\net9.0\System.Data.Common.dll
           C:\Program Files\dotnet\packs\Microsoft.NETCore.App.Ref\9.0.11\ref\net9.0\System.Data.DataSetExtensions.dll
           C:\Program Files\dotnet\packs\Microsoft.NETCore.App.Ref\9.0.11\ref\net9.0\System.Data.dll
           C:\Program Files\dotnet\packs\Microsoft.NETCore.App.Ref\9.0.11\ref\net9.0\System.Diagnostics.Contracts.dll
           C:\Program Files\dotnet\packs\Microsoft.NETCore.App.Ref\9.0.11\ref\net9.0\System.Diagnostics.Debug.dll
           C:\Program Files\dotnet\packs\Microsoft.NETCore.App.Ref\9.0.11\ref\net9.0\System.Diagnostics.DiagnosticSource.dll
           C:\Program Files\dotnet\packs\Microsoft.NETCore.App.Ref\9.0.11\ref\net9.0\System.Diagnostics.FileVersionInfo.dll
           C:\Program Files\dotnet\packs\Microsoft.NETCore.App.Ref\9.0.11\ref\net9.0\System.Diagnostics.Process.dll
           C:\Program Files\dotnet\packs\Microsoft.NETCore.App.Ref\9.0.11\ref\net9.0\System.Diagnostics.StackTrace.dll
           C:\Program Files\dotnet\packs\Microsoft.NETCore.App.Ref\9.0.11\ref\net9.0\System.Diagnostics.TextWriterTraceListener.dll
           C:\Program Files\dotnet\packs\Microsoft.NETCore.App.Ref\9.0.11\ref\net9.0\System.Diagnostics.Tools.dll
           C:\Program Files\dotnet\packs\Microsoft.NETCore.App.Ref\9.0.11\ref\net9.0\System.Diagnostics.TraceSource.dll
           C:\Program Files\dotnet\packs\Microsoft.NETCore.App.Ref\9.0.11\ref\net9.0\System.Diagnostics.Tracing.dll
           C:\Program Files\dotnet\packs\Microsoft.NETCore.App.Ref\9.0.11\ref\net9.0\System.dll
           C:\Program Files\dotnet\packs\Microsoft.NETCore.App.Ref\9.0.11\ref\net9.0\System.Drawing.dll
           C:\Program Files\dotnet\packs\Microsoft.NETCore.App.Ref\9.0.11\ref\net9.0\System.Drawing.Primitives.dll
           C:\Program Files\dotnet\packs\Microsoft.NETCore.App.Ref\9.0.11\ref\net9.0\System.Dynamic.Runtime.dll
           C:\Program Files\dotnet\packs\Microsoft.NETCore.App.Ref\9.0.11\ref\net9.0\System.Formats.Asn1.dll
           C:\Program Files\dotnet\packs\Microsoft.NETCore.App.Ref\9.0.11\ref\net9.0\System.Formats.Tar.dll
           C:\Program Files\dotnet\packs\Microsoft.NETCore.App.Ref\9.0.11\ref\net9.0\System.Globalization.Calendars.dll
           C:\Program Files\dotnet\packs\Microsoft.NETCore.App.Ref\9.0.11\ref\net9.0\System.Globalization.dll
           C:\Program Files\dotnet\packs\Microsoft.NETCore.App.Ref\9.0.11\ref\net9.0\System.Globalization.Extensions.dll
           C:\Program Files\dotnet\packs\Microsoft.NETCore.App.Ref\9.0.11\ref\net9.0\System.IO.Compression.Brotli.dll
           C:\Program Files\dotnet\packs\Microsoft.NETCore.App.Ref\9.0.11\ref\net9.0\System.IO.Compression.dll
           C:\Program Files\dotnet\packs\Microsoft.NETCore.App.Ref\9.0.11\ref\net9.0\System.IO.Compression.FileSystem.dll
           C:\Program Files\dotnet\packs\Microsoft.NETCore.App.Ref\9.0.11\ref\net9.0\System.IO.Compression.ZipFile.dll
           C:\Program Files\dotnet\packs\Microsoft.NETCore.App.Ref\9.0.11\ref\net9.0\System.IO.dll
           C:\Program Files\dotnet\packs\Microsoft.NETCore.App.Ref\9.0.11\ref\net9.0\System.IO.FileSystem.AccessControl.dll
           C:\Program Files\dotnet\packs\Microsoft.NETCore.App.Ref\9.0.11\ref\net9.0\System.IO.FileSystem.dll
           C:\Program Files\dotnet\packs\Microsoft.NETCore.App.Ref\9.0.11\ref\net9.0\System.IO.FileSystem.DriveInfo.dll
           C:\Program Files\dotnet\packs\Microsoft.NETCore.App.Ref\9.0.11\ref\net9.0\System.IO.FileSystem.Primitives.dll
           C:\Program Files\dotnet\packs\Microsoft.NETCore.App.Ref\9.0.11\ref\net9.0\System.IO.FileSystem.Watcher.dll
           C:\Program Files\dotnet\packs\Microsoft.NETCore.App.Ref\9.0.11\ref\net9.0\System.IO.IsolatedStorage.dll
           C:\Program Files\dotnet\packs\Microsoft.NETCore.App.Ref\9.0.11\ref\net9.0\System.IO.MemoryMappedFiles.dll
           C:\Program Files\dotnet\packs\Microsoft.NETCore.App.Ref\9.0.11\ref\net9.0\System.IO.Pipelines.dll
           C:\Program Files\dotnet\packs\Microsoft.NETCore.App.Ref\9.0.11\ref\net9.0\System.IO.Pipes.AccessControl.dll
           C:\Program Files\dotnet\packs\Microsoft.NETCore.App.Ref\9.0.11\ref\net9.0\System.IO.Pipes.dll
           C:\Program Files\dotnet\packs\Microsoft.NETCore.App.Ref\9.0.11\ref\net9.0\System.IO.UnmanagedMemoryStream.dll
           C:\Program Files\dotnet\packs\Microsoft.NETCore.App.Ref\9.0.11\ref\net9.0\System.Linq.dll
           C:\Program Files\dotnet\packs\Microsoft.NETCore.App.Ref\9.0.11\ref\net9.0\System.Linq.Expressions.dll
           C:\Program Files\dotnet\packs\Microsoft.NETCore.App.Ref\9.0.11\ref\net9.0\System.Linq.Parallel.dll
           C:\Program Files\dotnet\packs\Microsoft.NETCore.App.Ref\9.0.11\ref\net9.0\System.Linq.Queryable.dll
           C:\Program Files\dotnet\packs\Microsoft.NETCore.App.Ref\9.0.11\ref\net9.0\System.Memory.dll
           C:\Program Files\dotnet\packs\Microsoft.NETCore.App.Ref\9.0.11\ref\net9.0\System.Net.dll
           C:\Program Files\dotnet\packs\Microsoft.NETCore.App.Ref\9.0.11\ref\net9.0\System.Net.Http.dll
           C:\Program Files\dotnet\packs\Microsoft.NETCore.App.Ref\9.0.11\ref\net9.0\System.Net.Http.Json.dll
           C:\Program Files\dotnet\packs\Microsoft.NETCore.App.Ref\9.0.11\ref\net9.0\System.Net.HttpListener.dll
           C:\Program Files\dotnet\packs\Microsoft.NETCore.App.Ref\9.0.11\ref\net9.0\System.Net.Mail.dll
           C:\Program Files\dotnet\packs\Microsoft.NETCore.App.Ref\9.0.11\ref\net9.0\System.Net.NameResolution.dll
           C:\Program Files\dotnet\packs\Microsoft.NETCore.App.Ref\9.0.11\ref\net9.0\System.Net.NetworkInformation.dll
           C:\Program Files\dotnet\packs\Microsoft.NETCore.App.Ref\9.0.11\ref\net9.0\System.Net.Ping.dll
           C:\Program Files\dotnet\packs\Microsoft.NETCore.App.Ref\9.0.11\ref\net9.0\System.Net.Primitives.dll
           C:\Program Files\dotnet\packs\Microsoft.NETCore.App.Ref\9.0.11\ref\net9.0\System.Net.Quic.dll
           C:\Program Files\dotnet\packs\Microsoft.NETCore.App.Ref\9.0.11\ref\net9.0\System.Net.Requests.dll
           C:\Program Files\dotnet\packs\Microsoft.NETCore.App.Ref\9.0.11\ref\net9.0\System.Net.Security.dll
           C:\Program Files\dotnet\packs\Microsoft.NETCore.App.Ref\9.0.11\ref\net9.0\System.Net.ServicePoint.dll
           C:\Program Files\dotnet\packs\Microsoft.NETCore.App.Ref\9.0.11\ref\net9.0\System.Net.Sockets.dll
           C:\Program Files\dotnet\packs\Microsoft.NETCore.App.Ref\9.0.11\ref\net9.0\System.Net.WebClient.dll
           C:\Program Files\dotnet\packs\Microsoft.NETCore.App.Ref\9.0.11\ref\net9.0\System.Net.WebHeaderCollection.dll
           C:\Program Files\dotnet\packs\Microsoft.NETCore.App.Ref\9.0.11\ref\net9.0\System.Net.WebProxy.dll
           C:\Program Files\dotnet\packs\Microsoft.NETCore.App.Ref\9.0.11\ref\net9.0\System.Net.WebSockets.Client.dll
           C:\Program Files\dotnet\packs\Microsoft.NETCore.App.Ref\9.0.11\ref\net9.0\System.Net.WebSockets.dll
           C:\Program Files\dotnet\packs\Microsoft.NETCore.App.Ref\9.0.11\ref\net9.0\System.Numerics.dll
           C:\Program Files\dotnet\packs\Microsoft.NETCore.App.Ref\9.0.11\ref\net9.0\System.Numerics.Vectors.dll
           C:\Program Files\dotnet\packs\Microsoft.NETCore.App.Ref\9.0.11\ref\net9.0\System.ObjectModel.dll
           C:\Program Files\dotnet\packs\Microsoft.NETCore.App.Ref\9.0.11\ref\net9.0\System.Reflection.DispatchProxy.dll
           C:\Program Files\dotnet\packs\Microsoft.NETCore.App.Ref\9.0.11\ref\net9.0\System.Reflection.dll
           C:\Program Files\dotnet\packs\Microsoft.NETCore.App.Ref\9.0.11\ref\net9.0\System.Reflection.Emit.dll
           C:\Program Files\dotnet\packs\Microsoft.NETCore.App.Ref\9.0.11\ref\net9.0\System.Reflection.Emit.ILGeneration.dll
           C:\Program Files\dotnet\packs\Microsoft.NETCore.App.Ref\9.0.11\ref\net9.0\System.Reflection.Emit.Lightweight.dll
           C:\Program Files\dotnet\packs\Microsoft.NETCore.App.Ref\9.0.11\ref\net9.0\System.Reflection.Extensions.dll
           C:\Program Files\dotnet\packs\Microsoft.NETCore.App.Ref\9.0.11\ref\net9.0\System.Reflection.Metadata.dll
           C:\Program Files\dotnet\packs\Microsoft.NETCore.App.Ref\9.0.11\ref\net9.0\System.Reflection.Primitives.dll
           C:\Program Files\dotnet\packs\Microsoft.NETCore.App.Ref\9.0.11\ref\net9.0\System.Reflection.TypeExtensions.dll
           C:\Program Files\dotnet\packs\Microsoft.NETCore.App.Ref\9.0.11\ref\net9.0\System.Resources.Reader.dll
           C:\Program Files\dotnet\packs\Microsoft.NETCore.App.Ref\9.0.11\ref\net9.0\System.Resources.ResourceManager.dll
           C:\Program Files\dotnet\packs\Microsoft.NETCore.App.Ref\9.0.11\ref\net9.0\System.Resources.Writer.dll
           C:\Program Files\dotnet\packs\Microsoft.NETCore.App.Ref\9.0.11\ref\net9.0\System.Runtime.CompilerServices.Unsafe.dll
           C:\Program Files\dotnet\packs\Microsoft.NETCore.App.Ref\9.0.11\ref\net9.0\System.Runtime.CompilerServices.VisualC.dll
           C:\Program Files\dotnet\packs\Microsoft.NETCore.App.Ref\9.0.11\ref\net9.0\System.Runtime.dll
           C:\Program Files\dotnet\packs\Microsoft.NETCore.App.Ref\9.0.11\ref\net9.0\System.Runtime.Extensions.dll
           C:\Program Files\dotnet\packs\Microsoft.NETCore.App.Ref\9.0.11\ref\net9.0\System.Runtime.Handles.dll
           C:\Program Files\dotnet\packs\Microsoft.NETCore.App.Ref\9.0.11\ref\net9.0\System.Runtime.InteropServices.dll
           C:\Program Files\dotnet\packs\Microsoft.NETCore.App.Ref\9.0.11\ref\net9.0\System.Runtime.InteropServices.JavaScript.dll
           C:\Program Files\dotnet\packs\Microsoft.NETCore.App.Ref\9.0.11\ref\net9.0\System.Runtime.InteropServices.RuntimeInformation.dll
           C:\Program Files\dotnet\packs\Microsoft.NETCore.App.Ref\9.0.11\ref\net9.0\System.Runtime.Intrinsics.dll
           C:\Program Files\dotnet\packs\Microsoft.NETCore.App.Ref\9.0.11\ref\net9.0\System.Runtime.Loader.dll
           C:\Program Files\dotnet\packs\Microsoft.NETCore.App.Ref\9.0.11\ref\net9.0\System.Runtime.Numerics.dll
           C:\Program Files\dotnet\packs\Microsoft.NETCore.App.Ref\9.0.11\ref\net9.0\System.Runtime.Serialization.dll
           C:\Program Files\dotnet\packs\Microsoft.NETCore.App.Ref\9.0.11\ref\net9.0\System.Runtime.Serialization.Formatters.dll
           C:\Program Files\dotnet\packs\Microsoft.NETCore.App.Ref\9.0.11\ref\net9.0\System.Runtime.Serialization.Json.dll
           C:\Program Files\dotnet\packs\Microsoft.NETCore.App.Ref\9.0.11\ref\net9.0\System.Runtime.Serialization.Primitives.dll
           C:\Program Files\dotnet\packs\Microsoft.NETCore.App.Ref\9.0.11\ref\net9.0\System.Runtime.Serialization.Xml.dll
           C:\Program Files\dotnet\packs\Microsoft.NETCore.App.Ref\9.0.11\ref\net9.0\System.Security.AccessControl.dll
           C:\Program Files\dotnet\packs\Microsoft.NETCore.App.Ref\9.0.11\ref\net9.0\System.Security.Claims.dll
           C:\Program Files\dotnet\packs\Microsoft.NETCore.App.Ref\9.0.11\ref\net9.0\System.Security.Cryptography.Algorithms.dll
           C:\Program Files\dotnet\packs\Microsoft.NETCore.App.Ref\9.0.11\ref\net9.0\System.Security.Cryptography.Cng.dll
           C:\Program Files\dotnet\packs\Microsoft.NETCore.App.Ref\9.0.11\ref\net9.0\System.Security.Cryptography.Csp.dll
           C:\Program Files\dotnet\packs\Microsoft.NETCore.App.Ref\9.0.11\ref\net9.0\System.Security.Cryptography.dll
           C:\Program Files\dotnet\packs\Microsoft.NETCore.App.Ref\9.0.11\ref\net9.0\System.Security.Cryptography.Encoding.dll
           C:\Program Files\dotnet\packs\Microsoft.NETCore.App.Ref\9.0.11\ref\net9.0\System.Security.Cryptography.OpenSsl.dll
           C:\Program Files\dotnet\packs\Microsoft.NETCore.App.Ref\9.0.11\ref\net9.0\System.Security.Cryptography.Primitives.dll
           C:\Program Files\dotnet\packs\Microsoft.NETCore.App.Ref\9.0.11\ref\net9.0\System.Security.Cryptography.X509Certificates.dll
           C:\Program Files\dotnet\packs\Microsoft.NETCore.App.Ref\9.0.11\ref\net9.0\System.Security.dll
           C:\Program Files\dotnet\packs\Microsoft.NETCore.App.Ref\9.0.11\ref\net9.0\System.Security.Principal.dll
           C:\Program Files\dotnet\packs\Microsoft.NETCore.App.Ref\9.0.11\ref\net9.0\System.Security.Principal.Windows.dll
           C:\Program Files\dotnet\packs\Microsoft.NETCore.App.Ref\9.0.11\ref\net9.0\System.Security.SecureString.dll
           C:\Program Files\dotnet\packs\Microsoft.NETCore.App.Ref\9.0.11\ref\net9.0\System.ServiceModel.Web.dll
           C:\Program Files\dotnet\packs\Microsoft.NETCore.App.Ref\9.0.11\ref\net9.0\System.ServiceProcess.dll
           C:\Program Files\dotnet\packs\Microsoft.NETCore.App.Ref\9.0.11\ref\net9.0\System.Text.Encoding.CodePages.dll
           C:\Program Files\dotnet\packs\Microsoft.NETCore.App.Ref\9.0.11\ref\net9.0\System.Text.Encoding.dll
           C:\Program Files\dotnet\packs\Microsoft.NETCore.App.Ref\9.0.11\ref\net9.0\System.Text.Encoding.Extensions.dll
           C:\Program Files\dotnet\packs\Microsoft.NETCore.App.Ref\9.0.11\ref\net9.0\System.Text.Encodings.Web.dll
           C:\Program Files\dotnet\packs\Microsoft.NETCore.App.Ref\9.0.11\ref\net9.0\System.Text.Json.dll
           C:\Program Files\dotnet\packs\Microsoft.NETCore.App.Ref\9.0.11\ref\net9.0\System.Text.RegularExpressions.dll
           C:\Program Files\dotnet\packs\Microsoft.NETCore.App.Ref\9.0.11\ref\net9.0\System.Threading.Channels.dll
           C:\Program Files\dotnet\packs\Microsoft.NETCore.App.Ref\9.0.11\ref\net9.0\System.Threading.dll
           C:\Program Files\dotnet\packs\Microsoft.NETCore.App.Ref\9.0.11\ref\net9.0\System.Threading.Overlapped.dll
           C:\Program Files\dotnet\packs\Microsoft.NETCore.App.Ref\9.0.11\ref\net9.0\System.Threading.Tasks.Dataflow.dll
           C:\Program Files\dotnet\packs\Microsoft.NETCore.App.Ref\9.0.11\ref\net9.0\System.Threading.Tasks.dll
           C:\Program Files\dotnet\packs\Microsoft.NETCore.App.Ref\9.0.11\ref\net9.0\System.Threading.Tasks.Extensions.dll
           C:\Program Files\dotnet\packs\Microsoft.NETCore.App.Ref\9.0.11\ref\net9.0\System.Threading.Tasks.Parallel.dll
           C:\Program Files\dotnet\packs\Microsoft.NETCore.App.Ref\9.0.11\ref\net9.0\System.Threading.Thread.dll
           C:\Program Files\dotnet\packs\Microsoft.NETCore.App.Ref\9.0.11\ref\net9.0\System.Threading.ThreadPool.dll
           C:\Program Files\dotnet\packs\Microsoft.NETCore.App.Ref\9.0.11\ref\net9.0\System.Threading.Timer.dll
           C:\Program Files\dotnet\packs\Microsoft.NETCore.App.Ref\9.0.11\ref\net9.0\System.Transactions.dll
           C:\Program Files\dotnet\packs\Microsoft.NETCore.App.Ref\9.0.11\ref\net9.0\System.Transactions.Local.dll
           C:\Program Files\dotnet\packs\Microsoft.NETCore.App.Ref\9.0.11\ref\net9.0\System.ValueTuple.dll
           C:\Program Files\dotnet\packs\Microsoft.NETCore.App.Ref\9.0.11\ref\net9.0\System.Web.dll
           C:\Program Files\dotnet\packs\Microsoft.NETCore.App.Ref\9.0.11\ref\net9.0\System.Web.HttpUtility.dll
           C:\Program Files\dotnet\packs\Microsoft.NETCore.App.Ref\9.0.11\ref\net9.0\System.Windows.dll
           C:\Program Files\dotnet\packs\Microsoft.NETCore.App.Ref\9.0.11\ref\net9.0\System.Xml.dll
           C:\Program Files\dotnet\packs\Microsoft.NETCore.App.Ref\9.0.11\ref\net9.0\System.Xml.Linq.dll
           C:\Program Files\dotnet\packs\Microsoft.NETCore.App.Ref\9.0.11\ref\net9.0\System.Xml.ReaderWriter.dll
           C:\Program Files\dotnet\packs\Microsoft.NETCore.App.Ref\9.0.11\ref\net9.0\System.Xml.Serialization.dll
           C:\Program Files\dotnet\packs\Microsoft.NETCore.App.Ref\9.0.11\ref\net9.0\System.Xml.XDocument.dll
           C:\Program Files\dotnet\packs\Microsoft.NETCore.App.Ref\9.0.11\ref\net9.0\System.Xml.XmlDocument.dll
           C:\Program Files\dotnet\packs\Microsoft.NETCore.App.Ref\9.0.11\ref\net9.0\System.Xml.XmlSerializer.dll
           C:\Program Files\dotnet\packs\Microsoft.NETCore.App.Ref\9.0.11\ref\net9.0\System.Xml.XPath.dll
           C:\Program Files\dotnet\packs\Microsoft.NETCore.App.Ref\9.0.11\ref\net9.0\System.Xml.XPath.XDocument.dll
           C:\Program Files\dotnet\packs\Microsoft.NETCore.App.Ref\9.0.11\ref\net9.0\WindowsBase.dll
           obj\Debug\net9.0\FreshProduce.Domain.csproj.CoreCompileInputs.cache
           obj\Debug\net9.0\FreshProduce.Domain.csproj.BuildWithSkipAnalyzers
           C:\Program Files\dotnet\sdk\10.0.101\Sdks\Microsoft.NET.Sdk\targets\..\analyzers\Microsoft.CodeAnalysis.CSharp.NetAnalyzers.dll
           C:\Program Files\dotnet\sdk\10.0.101\Sdks\Microsoft.NET.Sdk\targets\..\analyzers\Microsoft.CodeAnalysis.NetAnalyzers.dll
           C:\Program Files\dotnet\packs\Microsoft.NETCore.App.Ref\9.0.11\analyzers/dotnet/cs/Microsoft.Interop.ComInterfaceGenerator.dll
           C:\Program Files\dotnet\packs\Microsoft.NETCore.App.Ref\9.0.11\analyzers/dotnet/cs/Microsoft.Interop.JavaScript.JSImportGenerator.dll
           C:\Program Files\dotnet\packs\Microsoft.NETCore.App.Ref\9.0.11\analyzers/dotnet/cs/Microsoft.Interop.LibraryImportGenerator.dll
           C:\Program Files\dotnet\packs\Microsoft.NETCore.App.Ref\9.0.11\analyzers/dotnet/cs/Microsoft.Interop.SourceGeneration.dll
           C:\Program Files\dotnet\packs\Microsoft.NETCore.App.Ref\9.0.11\analyzers/dotnet/cs/System.Text.Json.SourceGeneration.dll
           C:\Program Files\dotnet\packs\Microsoft.NETCore.App.Ref\9.0.11\analyzers/dotnet/cs/System.Text.RegularExpressions.Generator.dll
           obj\Debug\net9.0\FreshProduce.Domain.GeneratedMSBuildEditorConfig.editorconfig
           C:\Program Files\dotnet\sdk\10.0.101\Sdks\Microsoft.NET.Sdk\analyzers\build\config\analysislevel_9_default.globalconfig
           D:\P.L\Flutter\fresh_produce_app\FreshProduce.Domain\obj\FreshProduce.Domain.csproj.nuget.g.props
           C:\Program Files\dotnet\sdk\10.0.101\Current\Microsoft.Common.targets\ImportAfter\Microsoft.TestPlatform.ImportAfter.targets
       Output files: 
           obj\Debug\net9.0\FreshProduce.Domain.dll
           obj\Debug\net9.0\refint\FreshProduce.Domain.dll
           obj\Debug\net9.0\FreshProduce.Domain.pdb
       C:\Program Files\dotnet\sdk\10.0.101\Roslyn\Microsoft.CSharp.Core.targets(66,7): message : Property reassignment: $(NoWarn)="1701;1702;1701;1702" (previous value: "1701;1702") at C:\Program Files\dotnet\sdk\10.0.101\Roslyn\Microsoft.CSharp.Core.targets (66,7) [D:\P.L\Flutter\fresh_produce_app\FreshProduce.Domain\FreshProduce.Domain.csproj]
   3:7>Done building target "CoreCompile" in project "FreshProduce.Domain.csproj".
   3:7>Target "AfterCompile" in file "C:\Program Files\dotnet\sdk\10.0.101\Microsoft.Common.CurrentVersion.targets" from project "D:\P.L\Flutter\fresh_produce_app\FreshProduce.Domain\FreshProduce.Domain.csproj" (target "Compile" depends on it):
   3:7>Done building target "AfterCompile" in project "FreshProduce.Domain.csproj".
   3:7>Target "Compile" in file "C:\Program Files\dotnet\sdk\10.0.101\Microsoft.Common.CurrentVersion.targets" from project "D:\P.L\Flutter\fresh_produce_app\FreshProduce.Domain\FreshProduce.Domain.csproj" (target "CoreBuild" depends on it):
   3:7>Done building target "Compile" in project "FreshProduce.Domain.csproj".
   3:7>Target "_GenerateSatelliteAssemblyInputs" in file "C:\Program Files\dotnet\sdk\10.0.101\Microsoft.Common.CurrentVersion.targets" from project "D:\P.L\Flutter\fresh_produce_app\FreshProduce.Domain\FreshProduce.Domain.csproj" (target "CreateSatelliteAssemblies" depends on it):
   3:7>Done building target "_GenerateSatelliteAssemblyInputs" in project "FreshProduce.Domain.csproj".
   3:7>Target "CreateSatelliteAssemblies" in file "C:\Program Files\dotnet\sdk\10.0.101\Microsoft.Common.CurrentVersion.targets" from project "D:\P.L\Flutter\fresh_produce_app\FreshProduce.Domain\FreshProduce.Domain.csproj" (target "CoreBuild" depends on it):
   3:7>Done building target "CreateSatelliteAssemblies" in project "FreshProduce.Domain.csproj".
   3:7>Target "GetTargetPathWithTargetPlatformMoniker" in file "C:\Program Files\dotnet\sdk\10.0.101\Microsoft.Common.CurrentVersion.targets" from project "D:\P.L\Flutter\fresh_produce_app\FreshProduce.Domain\FreshProduce.Domain.csproj" (target "GetTargetPath" depends on it):
   3:7>Done building target "GetTargetPathWithTargetPlatformMoniker" in project "FreshProduce.Domain.csproj".
   3:7>Target "GetTargetPath" in file "C:\Program Files\dotnet\sdk\10.0.101\Microsoft.Common.CurrentVersion.targets" from project "D:\P.L\Flutter\fresh_produce_app\FreshProduce.Domain\FreshProduce.Domain.csproj" (target "CoreBuild" depends on it):
   3:7>Done building target "GetTargetPath" in project "FreshProduce.Domain.csproj".
       Target "AssignTargetPaths" skipped. Previously built successfully.
       Target "_SplitProjectReferencesByFileExistence" skipped. Previously built successfully.
       Target "_GetProjectReferenceTargetFrameworkProperties" skipped. Previously built successfully.
   3:7>Target "_PopulateCommonStateForGetCopyToOutputDirectoryItems" in file "C:\Program Files\dotnet\sdk\10.0.101\Microsoft.Common.CurrentVersion.targets" from project "D:\P.L\Flutter\fresh_produce_app\FreshProduce.Domain\FreshProduce.Domain.csproj" (target "GetCopyToOutputDirectoryItems" depends on it):
   3:7>Done building target "_PopulateCommonStateForGetCopyToOutputDirectoryItems" in project "FreshProduce.Domain.csproj".
   3:7>Target "GetCopyToOutputDirectoryItems" in file "C:\Program Files\dotnet\sdk\10.0.101\Microsoft.Common.CurrentVersion.targets" from project "D:\P.L\Flutter\fresh_produce_app\FreshProduce.Domain\FreshProduce.Domain.csproj" (target "_CopySourceItemsToOutputDirectory" depends on it):
       Using "CallTarget" task from assembly "Microsoft.Build.Tasks.Core, Version=15.1.0.0, Culture=neutral, PublicKeyToken=b03f5f7f11d50a3a".
       Task "CallTarget"
       Target "_PopulateCommonStateForGetCopyToOutputDirectoryItems" skipped. Previously built successfully.
       Target "_AddOutputPathToGlobalPropertiesToRemove" skipped. Previously built successfully.
   3:7>Target "_GetCopyToOutputDirectoryItemsFromTransitiveProjectReferences" in file "C:\Program Files\dotnet\sdk\10.0.101\Microsoft.Common.CurrentVersion.targets" from project "D:\P.L\Flutter\fresh_produce_app\FreshProduce.Domain\FreshProduce.Domain.csproj" (target "GetCopyToOutputDirectoryItems" depends on it):
       Task "AssignTargetPath"
       Done executing task "AssignTargetPath".
   3:7>Done building target "_GetCopyToOutputDirectoryItemsFromTransitiveProjectReferences" in project "FreshProduce.Domain.csproj".
       Done executing task "CallTarget".
       Task "CallTarget"
       Target "AssignTargetPaths" skipped. Previously built successfully.
       Target "_PopulateCommonStateForGetCopyToOutputDirectoryItems" skipped. Previously built successfully.
   3:7>Target "_GetCopyToOutputDirectoryItemsFromThisProject" in file "C:\Program Files\dotnet\sdk\10.0.101\Microsoft.Common.CurrentVersion.targets" from project "D:\P.L\Flutter\fresh_produce_app\FreshProduce.Domain\FreshProduce.Domain.csproj" (target "GetCopyToOutputDirectoryItems" depends on it):
       Task "AssignTargetPath"
       Done executing task "AssignTargetPath".
   3:7>Done building target "_GetCopyToOutputDirectoryItemsFromThisProject" in project "FreshProduce.Domain.csproj".
       Done executing task "CallTarget".
   3:7>Done building target "GetCopyToOutputDirectoryItems" in project "FreshProduce.Domain.csproj".
   3:7>Target "_CopySourceItemsToOutputDirectory" in file "C:\Program Files\dotnet\sdk\10.0.101\Microsoft.Common.CurrentVersion.targets" from project "D:\P.L\Flutter\fresh_produce_app\FreshProduce.Domain\FreshProduce.Domain.csproj" (target "CopyFilesToOutputDirectory" depends on it):
   3:7>Done building target "_CopySourceItemsToOutputDirectory" in project "FreshProduce.Domain.csproj".
   3:7>Target "_CheckForCompileOutputs" in file "C:\Program Files\dotnet\sdk\10.0.101\Microsoft.Common.CurrentVersion.targets" from project "D:\P.L\Flutter\fresh_produce_app\FreshProduce.Domain\FreshProduce.Domain.csproj" (target "CopyFilesToOutputDirectory" depends on it):
   3:7>Done building target "_CheckForCompileOutputs" in project "FreshProduce.Domain.csproj".
       Target "_DefaultMicrosoftNETPlatformLibrary" skipped. Previously built successfully.
       Target "_HandlePackageFileConflicts" skipped. Previously built successfully.
       Target "ResolveAssemblyReferences" skipped. Previously built successfully.
   3:7>Target "_ComputeReferenceAssemblies" in file "C:\Program Files\dotnet\sdk\10.0.101\Sdks\Microsoft.NET.Sdk\targets\Microsoft.NET.Sdk.targets" from project "D:\P.L\Flutter\fresh_produce_app\FreshProduce.Domain\FreshProduce.Domain.csproj" (target "GenerateBuildDependencyFile" depends on it):
   3:7>Done building target "_ComputeReferenceAssemblies" in project "FreshProduce.Domain.csproj".
   3:7>Target "_ComputeUserRuntimeAssemblies" in file "C:\Program Files\dotnet\sdk\10.0.101\Sdks\Microsoft.NET.Sdk\targets\Microsoft.NET.Sdk.targets" from project "D:\P.L\Flutter\fresh_produce_app\FreshProduce.Domain\FreshProduce.Domain.csproj" (target "GenerateBuildDependencyFile" depends on it):
   3:7>Done building target "_ComputeUserRuntimeAssemblies" in project "FreshProduce.Domain.csproj".
       Target "_ComputePackageReferencePublish" skipped. Previously built successfully.
   3:7>Target "GenerateBuildDependencyFile" in file "C:\Program Files\dotnet\sdk\10.0.101\Sdks\Microsoft.NET.Sdk\targets\Microsoft.NET.Sdk.targets" from project "D:\P.L\Flutter\fresh_produce_app\FreshProduce.Domain\FreshProduce.Domain.csproj" (target "CopyFilesToOutputDirectory" depends on it):
       Skipping target "GenerateBuildDependencyFile" because all output files are up-to-date with respect to the input files.
       Input files: 
           D:\P.L\Flutter\fresh_produce_app\FreshProduce.Domain\obj\project.assets.json
           D:\P.L\Flutter\fresh_produce_app\FreshProduce.Domain\obj\Debug\net9.0\FreshProduce.Domain.assets.cache
           D:\P.L\Flutter\fresh_produce_app\FreshProduce.Domain\obj\FreshProduce.Domain.csproj.nuget.g.props
           C:\Program Files\dotnet\sdk\10.0.101\Current\Microsoft.Common.targets\ImportAfter\Microsoft.TestPlatform.ImportAfter.targets
       Output files: D:\P.L\Flutter\fresh_produce_app\FreshProduce.Domain\bin\Debug\net9.0\FreshProduce.Domain.deps.json
   3:7>Done building target "GenerateBuildDependencyFile" in project "FreshProduce.Domain.csproj".
   3:7>Target "CopyFilesToOutputDirectory" in file "C:\Program Files\dotnet\sdk\10.0.101\Microsoft.Common.CurrentVersion.targets" from project "D:\P.L\Flutter\fresh_produce_app\FreshProduce.Domain\FreshProduce.Domain.csproj" (target "PrepareForRun" depends on it):
       Using "Copy" task from assembly "Microsoft.Build.Tasks.Core, Version=15.1.0.0, Culture=neutral, PublicKeyToken=b03f5f7f11d50a3a".
       Task "Copy"
         Did not copy from file "obj\Debug\net9.0\FreshProduce.Domain.dll" to file "bin\Debug\net9.0\FreshProduce.Domain.dll" because the "SkipUnchangedFiles" parameter was set to "true" in the project and the files' sizes and timestamps match.
       Done executing task "Copy".
       Using "CopyRefAssembly" task from assembly "C:\Program Files\dotnet\sdk\10.0.101\Sdks\Microsoft.NET.Sdk\targets\..\..\..\Roslyn\Microsoft.Build.Tasks.CodeAnalysis.dll".
       Task "CopyRefAssembly"
         Reference assembly "D:\P.L\Flutter\fresh_produce_app\FreshProduce.Domain\obj\Debug\net9.0\ref\FreshProduce.Domain.dll" already has latest information. Leaving it untouched.
       Done executing task "CopyRefAssembly".
       Task "Message"
         FreshProduce.Domain -> D:\P.L\Flutter\fresh_produce_app\FreshProduce.Domain\bin\Debug\net9.0\FreshProduce.Domain.dll
       Done executing task "Message".
       Task "Copy"
         Did not copy from file "obj\Debug\net9.0\FreshProduce.Domain.pdb" to file "bin\Debug\net9.0\FreshProduce.Domain.pdb" because the "SkipUnchangedFiles" parameter was set to "true" in the project and the files' sizes and timestamps match.
       Done executing task "Copy".
   3:7>Done building target "CopyFilesToOutputDirectory" in project "FreshProduce.Domain.csproj".
   3:7>Target "PrepareForRun" in file "C:\Program Files\dotnet\sdk\10.0.101\Microsoft.Common.CurrentVersion.targets" from project "D:\P.L\Flutter\fresh_produce_app\FreshProduce.Domain\FreshProduce.Domain.csproj" (target "CoreBuild" depends on it):
   3:7>Done building target "PrepareForRun" in project "FreshProduce.Domain.csproj".
       Target "_CheckForCompileOutputs" skipped. Previously built successfully.
   3:7>Target "_CleanGetCurrentAndPriorFileWrites" in file "C:\Program Files\dotnet\sdk\10.0.101\Microsoft.Common.CurrentVersion.targets" from project "D:\P.L\Flutter\fresh_produce_app\FreshProduce.Domain\FreshProduce.Domain.csproj" (target "IncrementalClean" depends on it):
       Using "ReadLinesFromFile" task from assembly "Microsoft.Build.Tasks.Core, Version=15.1.0.0, Culture=neutral, PublicKeyToken=b03f5f7f11d50a3a".
       Task "ReadLinesFromFile"
       Done executing task "ReadLinesFromFile".
       Using "ConvertToAbsolutePath" task from assembly "Microsoft.Build.Tasks.Core, Version=15.1.0.0, Culture=neutral, PublicKeyToken=b03f5f7f11d50a3a".
       Task "ConvertToAbsolutePath"
       Done executing task "ConvertToAbsolutePath".
       Using "FindUnderPath" task from assembly "Microsoft.Build.Tasks.Core, Version=15.1.0.0, Culture=neutral, PublicKeyToken=b03f5f7f11d50a3a".
       Task "FindUnderPath"
         Comparison path is "D:\P.L\Flutter\fresh_produce_app\FreshProduce.Domain".
       Done executing task "FindUnderPath".
       Task "FindUnderPath"
         Comparison path is "bin\Debug\net9.0\".
       Done executing task "FindUnderPath".
       Task "FindUnderPath"
         Comparison path is "obj\Debug\net9.0\".
       Done executing task "FindUnderPath".
       Using "RemoveDuplicates" task from assembly "Microsoft.Build.Tasks.Core, Version=15.1.0.0, Culture=neutral, PublicKeyToken=b03f5f7f11d50a3a".
       Task "RemoveDuplicates"
       Done executing task "RemoveDuplicates".
   3:7>Done building target "_CleanGetCurrentAndPriorFileWrites" in project "FreshProduce.Domain.csproj".
   3:7>Target "IncrementalClean" in file "C:\Program Files\dotnet\sdk\10.0.101\Microsoft.Common.CurrentVersion.targets" from project "D:\P.L\Flutter\fresh_produce_app\FreshProduce.Domain\FreshProduce.Domain.csproj" (target "CoreBuild" depends on it):
       Task "FindUnderPath"
         Comparison path is "bin\Debug\net9.0\".
       Done executing task "FindUnderPath".
       Task "FindUnderPath"
         Comparison path is "obj\Debug\net9.0\".
       Done executing task "FindUnderPath".
       Using "Delete" task from assembly "Microsoft.Build.Tasks.Core, Version=15.1.0.0, Culture=neutral, PublicKeyToken=b03f5f7f11d50a3a".
       Task "Delete"
       Done executing task "Delete".
       Task "RemoveDuplicates"
       Done executing task "RemoveDuplicates".
   3:7>Done building target "IncrementalClean" in project "FreshProduce.Domain.csproj".
       Target "GenerateBuildDependencyFile" skipped. Previously built successfully.
   3:7>Target "CoreBuild" in file "C:\Program Files\dotnet\sdk\10.0.101\Microsoft.Common.CurrentVersion.targets" from project "D:\P.L\Flutter\fresh_produce_app\FreshProduce.Domain\FreshProduce.Domain.csproj" (target "Build" depends on it):
   3:7>Done building target "CoreBuild" in project "FreshProduce.Domain.csproj".
   3:7>Target "AfterBuild" in file "C:\Program Files\dotnet\sdk\10.0.101\Microsoft.Common.CurrentVersion.targets" from project "D:\P.L\Flutter\fresh_produce_app\FreshProduce.Domain\FreshProduce.Domain.csproj" (target "Build" depends on it):
   3:7>Done building target "AfterBuild" in project "FreshProduce.Domain.csproj".
       Target "_CheckForInvalidConfigurationAndPlatform" skipped. Previously built successfully.
       Target "_CheckForInvalidConfigurationAndPlatform" skipped. Previously built successfully.
   3:7>Target "Build" in file "C:\Program Files\dotnet\sdk\10.0.101\Microsoft.Common.CurrentVersion.targets" from project "D:\P.L\Flutter\fresh_produce_app\FreshProduce.Domain\FreshProduce.Domain.csproj" (entry point):
   3:7>Done building target "Build" in project "FreshProduce.Domain.csproj".
   3:7>Target "_CheckContainersPackage" in file "C:\Program Files\dotnet\sdk\10.0.101\Containers\build\Microsoft.NET.Build.Containers.targets" from project "D:\P.L\Flutter\fresh_produce_app\FreshProduce.Domain\FreshProduce.Domain.csproj" (entry point):
   3:7>Done building target "_CheckContainersPackage" in project "FreshProduce.Domain.csproj".
   3:7>Done Building Project "D:\P.L\Flutter\fresh_produce_app\FreshProduce.Domain\FreshProduce.Domain.csproj" (default targets).
   4:6>Project "D:\P.L\Flutter\fresh_produce_app\FreshProduce.Infrastructure\FreshProduce.Infrastructure.csproj" (4:6) is building "D:\P.L\Flutter\fresh_produce_app\FreshProduce.Domain\FreshProduce.Domain.csproj" (3:10) on node 3 (default targets).
  3:10>Target "Build" skipped. Previously built successfully.
  3:10>Done Building Project "D:\P.L\Flutter\fresh_produce_app\FreshProduce.Domain\FreshProduce.Domain.csproj" (default targets).
   2:7>Project "D:\P.L\Flutter\fresh_produce_app\FreshProduce.Application\FreshProduce.Application.csproj" (2:7) is building "D:\P.L\Flutter\fresh_produce_app\FreshProduce.Domain\FreshProduce.Domain.csproj" (3:11) on node 3 (default targets).
  3:11>Target "Build" skipped. Previously built successfully.
  3:11>Done Building Project "D:\P.L\Flutter\fresh_produce_app\FreshProduce.Domain\FreshProduce.Domain.csproj" (default targets).
   2:7>Done executing task "MSBuild".
       Task "MSBuild"
         Removing Properties for project "..\FreshProduce.Domain\FreshProduce.Domain.csproj":
           TargetFramework
           RuntimeIdentifier
           SelfContained
   2:7>Project "D:\P.L\Flutter\fresh_produce_app\FreshProduce.Application\FreshProduce.Application.csproj" (2:7) is building "D:\P.L\Flutter\fresh_produce_app\FreshProduce.Domain\FreshProduce.Domain.csproj" (3:12) on node 3 (GetNativeManifest target(s)).
  3:12>Target "GetNativeManifest" in file "C:\Program Files\dotnet\sdk\10.0.101\Microsoft.Common.CurrentVersion.targets" from project "D:\P.L\Flutter\fresh_produce_app\FreshProduce.Domain\FreshProduce.Domain.csproj" (entry point):
  3:12>Done building target "GetNativeManifest" in project "FreshProduce.Domain.csproj".
  3:12>Done Building Project "D:\P.L\Flutter\fresh_produce_app\FreshProduce.Domain\FreshProduce.Domain.csproj" (GetNativeManifest target(s)).
   2:7>Done executing task "MSBuild".
   2:7>Done building target "ResolveProjectReferences" in project "FreshProduce.Application.csproj".
       Target "ResolveProjectReferences" skipped. Previously built successfully.
       Target "GetFrameworkPaths" skipped. Previously built successfully.
       Target "GetReferenceAssemblyPaths" skipped. Previously built successfully.
       Target "PrepareForBuild" skipped. Previously built successfully.
   2:7>Target "ResolveSDKReferences" in file "C:\Program Files\dotnet\sdk\10.0.101\Microsoft.Common.CurrentVersion.targets" from project "D:\P.L\Flutter\fresh_produce_app\FreshProduce.Application\FreshProduce.Application.csproj" (target "ResolveAssemblyReferences" depends on it):
   2:7>Done building target "ResolveSDKReferences" in project "FreshProduce.Application.csproj".
       Target "ResolveSDKReferences" skipped. Previously built successfully.
   2:7>Target "ExpandSDKReferences" in file "C:\Program Files\dotnet\sdk\10.0.101\Microsoft.Common.CurrentVersion.targets" from project "D:\P.L\Flutter\fresh_produce_app\FreshProduce.Application\FreshProduce.Application.csproj" (target "ResolveAssemblyReferences" depends on it):
   2:7>Done building target "ExpandSDKReferences" in project "FreshProduce.Application.csproj".
       Target "ResolvePackageDependenciesForBuild" skipped. Previously built successfully.
       Target "GetFrameworkPaths" skipped. Previously built successfully.
       Target "GetReferenceAssemblyPaths" skipped. Previously built successfully.
       Target "ProcessFrameworkReferences" skipped. Previously built successfully.
       Target "ResolvePackageAssets" skipped. Previously built successfully.
   2:7>Target "ResolveFrameworkReferences" in file "C:\Program Files\dotnet\sdk\10.0.101\Sdks\Microsoft.NET.Sdk\targets\Microsoft.NET.Sdk.FrameworkReferenceResolution.targets" from project "D:\P.L\Flutter\fresh_produce_app\FreshProduce.Application\FreshProduce.Application.csproj" (target "ResolveTargetingPackAssets" depends on it):
       Using "GetPackageDirectory" task from assembly "C:\Program Files\dotnet\sdk\10.0.101\Sdks\Microsoft.NET.Sdk\targets\..\tools\net10.0\Microsoft.NET.Build.Tasks.dll".
       Task "GetPackageDirectory"
       Done executing task "GetPackageDirectory".
       Task "GetPackageDirectory"
       Done executing task "GetPackageDirectory".
       Task "GetPackageDirectory"
       Done executing task "GetPackageDirectory".
       Task "GetPackageDirectory"
       Done executing task "GetPackageDirectory".
       Task "GetPackageDirectory"
       Done executing task "GetPackageDirectory".
       Task "GetPackageDirectory"
       Done executing task "GetPackageDirectory".
       Task "GetPackageDirectory"
       Done executing task "GetPackageDirectory".
       Task "GetPackageDirectory"
       Done executing task "GetPackageDirectory".
       Task "GetPackageDirectory"
       Done executing task "GetPackageDirectory".
       Task "GetPackageDirectory"
       Done executing task "GetPackageDirectory".
       Using "ResolveFrameworkReferences" task from assembly "C:\Program Files\dotnet\sdk\10.0.101\Sdks\Microsoft.NET.Sdk\targets\..\tools\net10.0\Microsoft.NET.Build.Tasks.dll".
       Task "ResolveFrameworkReferences"
       Done executing task "ResolveFrameworkReferences".
   2:7>Done building target "ResolveFrameworkReferences" in project "FreshProduce.Application.csproj".
   2:7>Target "ResolveTargetingPackAssets" in file "C:\Program Files\dotnet\sdk\10.0.101\Sdks\Microsoft.NET.Sdk\targets\Microsoft.NET.Sdk.FrameworkReferenceResolution.targets" from project "D:\P.L\Flutter\fresh_produce_app\FreshProduce.Application\FreshProduce.Application.csproj" (target "_HandlePackageFileConflicts" depends on it):
       Using "ResolveTargetingPackAssets" task from assembly "C:\Program Files\dotnet\sdk\10.0.101\Sdks\Microsoft.NET.Sdk\targets\..\tools\net10.0\Microsoft.NET.Build.Tasks.dll".
       Task "ResolveTargetingPackAssets"
       Done executing task "ResolveTargetingPackAssets".
   2:7>Done building target "ResolveTargetingPackAssets" in project "FreshProduce.Application.csproj".
   2:7>Target "ResolveOffByDefaultAnalyzers" in file "C:\Program Files\dotnet\sdk\10.0.101\Sdks\Microsoft.NET.Sdk\targets\Microsoft.NET.Sdk.FrameworkReferenceResolution.targets" from project "D:\P.L\Flutter\fresh_produce_app\FreshProduce.Application\FreshProduce.Application.csproj" (target "_HandlePackageFileConflicts" depends on it):
   2:7>Done building target "ResolveOffByDefaultAnalyzers" in project "FreshProduce.Application.csproj".
   2:7>Target "_HandlePackageFileConflicts" in file "C:\Program Files\dotnet\sdk\10.0.101\Sdks\Microsoft.NET.Sdk\targets\Microsoft.NET.ConflictResolution.targets" from project "D:\P.L\Flutter\fresh_produce_app\FreshProduce.Application\FreshProduce.Application.csproj" (target "ResolveAssemblyReferences" depends on it):
       Using "ResolvePackageFileConflicts" task from assembly "C:\Program Files\dotnet\sdk\10.0.101\Sdks\Microsoft.NET.Sdk\targets\..\tools\net10.0\Microsoft.NET.Build.Tasks.dll".
       Task "ResolvePackageFileConflicts"
         Encountered conflict between 'Platform:mscorlib.dll' and 'Platform:mscorlib.dll'. Could not determine winner due to equal file and assembly versions.
         Encountered conflict between 'Platform:Microsoft.VisualBasic.dll' and 'Platform:Microsoft.VisualBasic.dll'. Could not determine winner due to equal file and assembly versions.
         Encountered conflict between 'Platform:System.dll' and 'Platform:System.dll'. Could not determine winner due to equal file and assembly versions.
         Encountered conflict between 'Platform:System.ComponentModel.DataAnnotations.dll' and 'Platform:System.ComponentModel.DataAnnotations.dll'. Could not determine winner due to equal file and assembly versions.
         Encountered conflict between 'Platform:System.Configuration.dll' and 'Platform:System.Configuration.dll'. Could not determine winner due to equal file and assembly versions.
         Encountered conflict between 'Platform:System.Core.dll' and 'Platform:System.Core.dll'. Could not determine winner due to equal file and assembly versions.
         Encountered conflict between 'Platform:System.Data.dll' and 'Platform:System.Data.dll'. Could not determine winner due to equal file and assembly versions.
         Encountered conflict between 'Platform:System.Drawing.dll' and 'Platform:System.Drawing.dll'. Could not determine winner due to equal file and assembly versions.
         Encountered conflict between 'Platform:System.IO.Compression.FileSystem.dll' and 'Platform:System.IO.Compression.FileSystem.dll'. Could not determine winner due to equal file and assembly versions.
         Encountered conflict between 'Platform:System.Net.dll' and 'Platform:System.Net.dll'. Could not determine winner due to equal file and assembly versions.
         Encountered conflict between 'Platform:System.Numerics.dll' and 'Platform:System.Numerics.dll'. Could not determine winner due to equal file and assembly versions.
         Encountered conflict between 'Platform:System.Runtime.Serialization.dll' and 'Platform:System.Runtime.Serialization.dll'. Could not determine winner due to equal file and assembly versions.
         Encountered conflict between 'Platform:System.Security.dll' and 'Platform:System.Security.dll'. Could not determine winner due to equal file and assembly versions.
         Encountered conflict between 'Platform:System.ServiceProcess.dll' and 'Platform:System.ServiceProcess.dll'. Could not determine winner due to equal file and assembly versions.
         Encountered conflict between 'Platform:System.ServiceModel.Web.dll' and 'Platform:System.ServiceModel.Web.dll'. Could not determine winner due to equal file and assembly versions.
         Encountered conflict between 'Platform:System.Transactions.dll' and 'Platform:System.Transactions.dll'. Could not determine winner due to equal file and assembly versions.
         Encountered conflict between 'Platform:System.Web.dll' and 'Platform:System.Web.dll'. Could not determine winner due to equal file and assembly versions.
         Encountered conflict between 'Platform:System.Windows.dll' and 'Platform:System.Windows.dll'. Could not determine winner due to equal file and assembly versions.
         Encountered conflict between 'Platform:System.Xml.dll' and 'Platform:System.Xml.dll'. Could not determine winner due to equal file and assembly versions.
         Encountered conflict between 'Platform:System.Xml.Serialization.dll' and 'Platform:System.Xml.Serialization.dll'. Could not determine winner due to equal file and assembly versions.
         Encountered conflict between 'Platform:System.Xml.Linq.dll' and 'Platform:System.Xml.Linq.dll'. Could not determine winner due to equal file and assembly versions.
         Encountered conflict between 'Platform:WindowsBase.dll' and 'Platform:WindowsBase.dll'. Could not determine winner due to equal file and assembly versions.
         Encountered conflict between 'Platform:netstandard.dll' and 'Platform:netstandard.dll'. Could not determine winner due to equal file and assembly versions.
         Encountered conflict between 'Platform:System.Private.CoreLib.dll' and 'Platform:System.Private.CoreLib.dll'. Could not determine winner due to equal file and assembly versions.
         Encountered conflict between 'Platform:System.Private.DataContractSerialization.dll' and 'Platform:System.Private.DataContractSerialization.dll'. Could not determine winner due to equal file and assembly versions.
         Encountered conflict between 'Platform:System.Private.Uri.dll' and 'Platform:System.Private.Uri.dll'. Could not determine winner due to equal file and assembly versions.
         Encountered conflict between 'Platform:System.Private.Xml.dll' and 'Platform:System.Private.Xml.dll'. Could not determine winner due to equal file and assembly versions.
         Encountered conflict between 'Platform:System.Private.Xml.Linq.dll' and 'Platform:System.Private.Xml.Linq.dll'. Could not determine winner due to equal file and assembly versions.
         Encountered conflict between 'Platform:mscordaccore_amd64_amd64_9.0.1125.51716.dll' and 'Platform:mscordaccore_amd64_amd64_9.0.1125.51716.dll'. Could not determine winner due to equal file and assembly versions.
       Done executing task "ResolvePackageFileConflicts".
   2:7>Done building target "_HandlePackageFileConflicts" in project "FreshProduce.Application.csproj".
       Target "ResolveTargetingPackAssets" skipped. Previously built successfully.
   2:7>Target "ResolveAssemblyReferences" in file "C:\Program Files\dotnet\sdk\10.0.101\Microsoft.Common.CurrentVersion.targets" from project "D:\P.L\Flutter\fresh_produce_app\FreshProduce.Application\FreshProduce.Application.csproj" (target "ResolveReferences" depends on it):
       Using "ResolveAssemblyReference" task from assembly "Microsoft.Build.Tasks.Core, Version=15.1.0.0, Culture=neutral, PublicKeyToken=b03f5f7f11d50a3a".
       Task "ResolveAssemblyReference"
         TargetFrameworkMoniker:
             .NETCoreApp,Version=v9.0
         TargetFrameworkMonikerDisplayName:
             .NET 9.0
         TargetedRuntimeVersion:
             
         Assemblies:
             C:\Program Files\dotnet\packs\Microsoft.NETCore.App.Ref\9.0.11\ref/net9.0/Microsoft.CSharp.dll
                 Private = 'false'
             C:\Program Files\dotnet\packs\Microsoft.NETCore.App.Ref\9.0.11\ref/net9.0/Microsoft.VisualBasic.Core.dll
                 Private = 'false'
             C:\Program Files\dotnet\packs\Microsoft.NETCore.App.Ref\9.0.11\ref/net9.0/Microsoft.VisualBasic.dll
                 Private = 'false'
             C:\Program Files\dotnet\packs\Microsoft.NETCore.App.Ref\9.0.11\ref/net9.0/Microsoft.Win32.Primitives.dll
                 Private = 'false'
             C:\Program Files\dotnet\packs\Microsoft.NETCore.App.Ref\9.0.11\ref/net9.0/Microsoft.Win32.Registry.dll
                 Private = 'false'
             C:\Program Files\dotnet\packs\Microsoft.NETCore.App.Ref\9.0.11\ref/net9.0/System.AppContext.dll
                 Private = 'false'
             C:\Program Files\dotnet\packs\Microsoft.NETCore.App.Ref\9.0.11\ref/net9.0/System.Buffers.dll
                 Private = 'false'
             C:\Program Files\dotnet\packs\Microsoft.NETCore.App.Ref\9.0.11\ref/net9.0/System.Collections.Concurrent.dll
                 Private = 'false'
             C:\Program Files\dotnet\packs\Microsoft.NETCore.App.Ref\9.0.11\ref/net9.0/System.Collections.Immutable.dll
                 Private = 'false'
             C:\Program Files\dotnet\packs\Microsoft.NETCore.App.Ref\9.0.11\ref/net9.0/System.Collections.NonGeneric.dll
                 Private = 'false'
             C:\Program Files\dotnet\packs\Microsoft.NETCore.App.Ref\9.0.11\ref/net9.0/System.Collections.Specialized.dll
                 Private = 'false'
             C:\Program Files\dotnet\packs\Microsoft.NETCore.App.Ref\9.0.11\ref/net9.0/System.Collections.dll
                 Private = 'false'
             C:\Program Files\dotnet\packs\Microsoft.NETCore.App.Ref\9.0.11\ref/net9.0/System.ComponentModel.Annotations.dll
                 Private = 'false'
             C:\Program Files\dotnet\packs\Microsoft.NETCore.App.Ref\9.0.11\ref/net9.0/System.ComponentModel.DataAnnotations.dll
                 Private = 'false'
             C:\Program Files\dotnet\packs\Microsoft.NETCore.App.Ref\9.0.11\ref/net9.0/System.ComponentModel.EventBasedAsync.dll
                 Private = 'false'
             C:\Program Files\dotnet\packs\Microsoft.NETCore.App.Ref\9.0.11\ref/net9.0/System.ComponentModel.Primitives.dll
                 Private = 'false'
             C:\Program Files\dotnet\packs\Microsoft.NETCore.App.Ref\9.0.11\ref/net9.0/System.ComponentModel.TypeConverter.dll
                 Private = 'false'
             C:\Program Files\dotnet\packs\Microsoft.NETCore.App.Ref\9.0.11\ref/net9.0/System.ComponentModel.dll
                 Private = 'false'
             C:\Program Files\dotnet\packs\Microsoft.NETCore.App.Ref\9.0.11\ref/net9.0/System.Configuration.dll
                 Private = 'false'
             C:\Program Files\dotnet\packs\Microsoft.NETCore.App.Ref\9.0.11\ref/net9.0/System.Console.dll
                 Private = 'false'
             C:\Program Files\dotnet\packs\Microsoft.NETCore.App.Ref\9.0.11\ref/net9.0/System.Core.dll
                 Private = 'false'
             C:\Program Files\dotnet\packs\Microsoft.NETCore.App.Ref\9.0.11\ref/net9.0/System.Data.Common.dll
                 Private = 'false'
             C:\Program Files\dotnet\packs\Microsoft.NETCore.App.Ref\9.0.11\ref/net9.0/System.Data.DataSetExtensions.dll
                 Private = 'false'
             C:\Program Files\dotnet\packs\Microsoft.NETCore.App.Ref\9.0.11\ref/net9.0/System.Data.dll
                 Private = 'false'
             C:\Program Files\dotnet\packs\Microsoft.NETCore.App.Ref\9.0.11\ref/net9.0/System.Diagnostics.Contracts.dll
                 Private = 'false'
             C:\Program Files\dotnet\packs\Microsoft.NETCore.App.Ref\9.0.11\ref/net9.0/System.Diagnostics.Debug.dll
                 Private = 'false'
             C:\Program Files\dotnet\packs\Microsoft.NETCore.App.Ref\9.0.11\ref/net9.0/System.Diagnostics.DiagnosticSource.dll
                 Private = 'false'
             C:\Program Files\dotnet\packs\Microsoft.NETCore.App.Ref\9.0.11\ref/net9.0/System.Diagnostics.FileVersionInfo.dll
                 Private = 'false'
             C:\Program Files\dotnet\packs\Microsoft.NETCore.App.Ref\9.0.11\ref/net9.0/System.Diagnostics.Process.dll
                 Private = 'false'
             C:\Program Files\dotnet\packs\Microsoft.NETCore.App.Ref\9.0.11\ref/net9.0/System.Diagnostics.StackTrace.dll
                 Private = 'false'
             C:\Program Files\dotnet\packs\Microsoft.NETCore.App.Ref\9.0.11\ref/net9.0/System.Diagnostics.TextWriterTraceListener.dll
                 Private = 'false'
             C:\Program Files\dotnet\packs\Microsoft.NETCore.App.Ref\9.0.11\ref/net9.0/System.Diagnostics.Tools.dll
                 Private = 'false'
             C:\Program Files\dotnet\packs\Microsoft.NETCore.App.Ref\9.0.11\ref/net9.0/System.Diagnostics.TraceSource.dll
                 Private = 'false'
             C:\Program Files\dotnet\packs\Microsoft.NETCore.App.Ref\9.0.11\ref/net9.0/System.Diagnostics.Tracing.dll
                 Private = 'false'
             C:\Program Files\dotnet\packs\Microsoft.NETCore.App.Ref\9.0.11\ref/net9.0/System.Drawing.Primitives.dll
                 Private = 'false'
             C:\Program Files\dotnet\packs\Microsoft.NETCore.App.Ref\9.0.11\ref/net9.0/System.Drawing.dll
                 Private = 'false'
             C:\Program Files\dotnet\packs\Microsoft.NETCore.App.Ref\9.0.11\ref/net9.0/System.Dynamic.Runtime.dll
                 Private = 'false'
             C:\Program Files\dotnet\packs\Microsoft.NETCore.App.Ref\9.0.11\ref/net9.0/System.Formats.Asn1.dll
                 Private = 'false'
             C:\Program Files\dotnet\packs\Microsoft.NETCore.App.Ref\9.0.11\ref/net9.0/System.Formats.Tar.dll
                 Private = 'false'
             C:\Program Files\dotnet\packs\Microsoft.NETCore.App.Ref\9.0.11\ref/net9.0/System.Globalization.Calendars.dll
                 Private = 'false'
             C:\Program Files\dotnet\packs\Microsoft.NETCore.App.Ref\9.0.11\ref/net9.0/System.Globalization.Extensions.dll
                 Private = 'false'
             C:\Program Files\dotnet\packs\Microsoft.NETCore.App.Ref\9.0.11\ref/net9.0/System.Globalization.dll
                 Private = 'false'
             C:\Program Files\dotnet\packs\Microsoft.NETCore.App.Ref\9.0.11\ref/net9.0/System.IO.Compression.Brotli.dll
                 Private = 'false'
             C:\Program Files\dotnet\packs\Microsoft.NETCore.App.Ref\9.0.11\ref/net9.0/System.IO.Compression.FileSystem.dll
                 Private = 'false'
             C:\Program Files\dotnet\packs\Microsoft.NETCore.App.Ref\9.0.11\ref/net9.0/System.IO.Compression.ZipFile.dll
                 Private = 'false'
             C:\Program Files\dotnet\packs\Microsoft.NETCore.App.Ref\9.0.11\ref/net9.0/System.IO.Compression.dll
                 Private = 'false'
             C:\Program Files\dotnet\packs\Microsoft.NETCore.App.Ref\9.0.11\ref/net9.0/System.IO.FileSystem.AccessControl.dll
                 Private = 'false'
             C:\Program Files\dotnet\packs\Microsoft.NETCore.App.Ref\9.0.11\ref/net9.0/System.IO.FileSystem.DriveInfo.dll
                 Private = 'false'
             C:\Program Files\dotnet\packs\Microsoft.NETCore.App.Ref\9.0.11\ref/net9.0/System.IO.FileSystem.Primitives.dll
                 Private = 'false'
             C:\Program Files\dotnet\packs\Microsoft.NETCore.App.Ref\9.0.11\ref/net9.0/System.IO.FileSystem.Watcher.dll
                 Private = 'false'
             C:\Program Files\dotnet\packs\Microsoft.NETCore.App.Ref\9.0.11\ref/net9.0/System.IO.FileSystem.dll
                 Private = 'false'
             C:\Program Files\dotnet\packs\Microsoft.NETCore.App.Ref\9.0.11\ref/net9.0/System.IO.IsolatedStorage.dll
                 Private = 'false'
             C:\Program Files\dotnet\packs\Microsoft.NETCore.App.Ref\9.0.11\ref/net9.0/System.IO.MemoryMappedFiles.dll
                 Private = 'false'
             C:\Program Files\dotnet\packs\Microsoft.NETCore.App.Ref\9.0.11\ref/net9.0/System.IO.Pipelines.dll
                 Private = 'false'
             C:\Program Files\dotnet\packs\Microsoft.NETCore.App.Ref\9.0.11\ref/net9.0/System.IO.Pipes.AccessControl.dll
                 Private = 'false'
             C:\Program Files\dotnet\packs\Microsoft.NETCore.App.Ref\9.0.11\ref/net9.0/System.IO.Pipes.dll
                 Private = 'false'
             C:\Program Files\dotnet\packs\Microsoft.NETCore.App.Ref\9.0.11\ref/net9.0/System.IO.UnmanagedMemoryStream.dll
                 Private = 'false'
             C:\Program Files\dotnet\packs\Microsoft.NETCore.App.Ref\9.0.11\ref/net9.0/System.IO.dll
                 Private = 'false'
             C:\Program Files\dotnet\packs\Microsoft.NETCore.App.Ref\9.0.11\ref/net9.0/System.Linq.Expressions.dll
                 Private = 'false'
             C:\Program Files\dotnet\packs\Microsoft.NETCore.App.Ref\9.0.11\ref/net9.0/System.Linq.Parallel.dll
                 Private = 'false'
             C:\Program Files\dotnet\packs\Microsoft.NETCore.App.Ref\9.0.11\ref/net9.0/System.Linq.Queryable.dll
                 Private = 'false'
             C:\Program Files\dotnet\packs\Microsoft.NETCore.App.Ref\9.0.11\ref/net9.0/System.Linq.dll
                 Private = 'false'
             C:\Program Files\dotnet\packs\Microsoft.NETCore.App.Ref\9.0.11\ref/net9.0/System.Memory.dll
                 Private = 'false'
             C:\Program Files\dotnet\packs\Microsoft.NETCore.App.Ref\9.0.11\ref/net9.0/System.Net.Http.Json.dll
                 Private = 'false'
             C:\Program Files\dotnet\packs\Microsoft.NETCore.App.Ref\9.0.11\ref/net9.0/System.Net.Http.dll
                 Private = 'false'
             C:\Program Files\dotnet\packs\Microsoft.NETCore.App.Ref\9.0.11\ref/net9.0/System.Net.HttpListener.dll
                 Private = 'false'
             C:\Program Files\dotnet\packs\Microsoft.NETCore.App.Ref\9.0.11\ref/net9.0/System.Net.Mail.dll
                 Private = 'false'
             C:\Program Files\dotnet\packs\Microsoft.NETCore.App.Ref\9.0.11\ref/net9.0/System.Net.NameResolution.dll
                 Private = 'false'
             C:\Program Files\dotnet\packs\Microsoft.NETCore.App.Ref\9.0.11\ref/net9.0/System.Net.NetworkInformation.dll
                 Private = 'false'
             C:\Program Files\dotnet\packs\Microsoft.NETCore.App.Ref\9.0.11\ref/net9.0/System.Net.Ping.dll
                 Private = 'false'
             C:\Program Files\dotnet\packs\Microsoft.NETCore.App.Ref\9.0.11\ref/net9.0/System.Net.Primitives.dll
                 Private = 'false'
             C:\Program Files\dotnet\packs\Microsoft.NETCore.App.Ref\9.0.11\ref/net9.0/System.Net.Quic.dll
                 Private = 'false'
             C:\Program Files\dotnet\packs\Microsoft.NETCore.App.Ref\9.0.11\ref/net9.0/System.Net.Requests.dll
                 Private = 'false'
             C:\Program Files\dotnet\packs\Microsoft.NETCore.App.Ref\9.0.11\ref/net9.0/System.Net.Security.dll
                 Private = 'false'
             C:\Program Files\dotnet\packs\Microsoft.NETCore.App.Ref\9.0.11\ref/net9.0/System.Net.ServicePoint.dll
                 Private = 'false'
             C:\Program Files\dotnet\packs\Microsoft.NETCore.App.Ref\9.0.11\ref/net9.0/System.Net.Sockets.dll
                 Private = 'false'
             C:\Program Files\dotnet\packs\Microsoft.NETCore.App.Ref\9.0.11\ref/net9.0/System.Net.WebClient.dll
                 Private = 'false'
             C:\Program Files\dotnet\packs\Microsoft.NETCore.App.Ref\9.0.11\ref/net9.0/System.Net.WebHeaderCollection.dll
                 Private = 'false'
             C:\Program Files\dotnet\packs\Microsoft.NETCore.App.Ref\9.0.11\ref/net9.0/System.Net.WebProxy.dll
                 Private = 'false'
             C:\Program Files\dotnet\packs\Microsoft.NETCore.App.Ref\9.0.11\ref/net9.0/System.Net.WebSockets.Client.dll
                 Private = 'false'
             C:\Program Files\dotnet\packs\Microsoft.NETCore.App.Ref\9.0.11\ref/net9.0/System.Net.WebSockets.dll
                 Private = 'false'
             C:\Program Files\dotnet\packs\Microsoft.NETCore.App.Ref\9.0.11\ref/net9.0/System.Net.dll
                 Private = 'false'
             C:\Program Files\dotnet\packs\Microsoft.NETCore.App.Ref\9.0.11\ref/net9.0/System.Numerics.Vectors.dll
                 Private = 'false'
             C:\Program Files\dotnet\packs\Microsoft.NETCore.App.Ref\9.0.11\ref/net9.0/System.Numerics.dll
                 Private = 'false'
             C:\Program Files\dotnet\packs\Microsoft.NETCore.App.Ref\9.0.11\ref/net9.0/System.ObjectModel.dll
                 Private = 'false'
             C:\Program Files\dotnet\packs\Microsoft.NETCore.App.Ref\9.0.11\ref/net9.0/System.Reflection.DispatchProxy.dll
                 Private = 'false'
             C:\Program Files\dotnet\packs\Microsoft.NETCore.App.Ref\9.0.11\ref/net9.0/System.Reflection.Emit.ILGeneration.dll
                 Private = 'false'
             C:\Program Files\dotnet\packs\Microsoft.NETCore.App.Ref\9.0.11\ref/net9.0/System.Reflection.Emit.Lightweight.dll
                 Private = 'false'
             C:\Program Files\dotnet\packs\Microsoft.NETCore.App.Ref\9.0.11\ref/net9.0/System.Reflection.Emit.dll
                 Private = 'false'
             C:\Program Files\dotnet\packs\Microsoft.NETCore.App.Ref\9.0.11\ref/net9.0/System.Reflection.Extensions.dll
                 Private = 'false'
             C:\Program Files\dotnet\packs\Microsoft.NETCore.App.Ref\9.0.11\ref/net9.0/System.Reflection.Metadata.dll
                 Private = 'false'
             C:\Program Files\dotnet\packs\Microsoft.NETCore.App.Ref\9.0.11\ref/net9.0/System.Reflection.Primitives.dll
                 Private = 'false'
             C:\Program Files\dotnet\packs\Microsoft.NETCore.App.Ref\9.0.11\ref/net9.0/System.Reflection.TypeExtensions.dll
                 Private = 'false'
             C:\Program Files\dotnet\packs\Microsoft.NETCore.App.Ref\9.0.11\ref/net9.0/System.Reflection.dll
                 Private = 'false'
             C:\Program Files\dotnet\packs\Microsoft.NETCore.App.Ref\9.0.11\ref/net9.0/System.Resources.Reader.dll
                 Private = 'false'
             C:\Program Files\dotnet\packs\Microsoft.NETCore.App.Ref\9.0.11\ref/net9.0/System.Resources.ResourceManager.dll
                 Private = 'false'
             C:\Program Files\dotnet\packs\Microsoft.NETCore.App.Ref\9.0.11\ref/net9.0/System.Resources.Writer.dll
                 Private = 'false'
             C:\Program Files\dotnet\packs\Microsoft.NETCore.App.Ref\9.0.11\ref/net9.0/System.Runtime.CompilerServices.Unsafe.dll
                 Private = 'false'
             C:\Program Files\dotnet\packs\Microsoft.NETCore.App.Ref\9.0.11\ref/net9.0/System.Runtime.CompilerServices.VisualC.dll
                 Private = 'false'
             C:\Program Files\dotnet\packs\Microsoft.NETCore.App.Ref\9.0.11\ref/net9.0/System.Runtime.Extensions.dll
                 Private = 'false'
             C:\Program Files\dotnet\packs\Microsoft.NETCore.App.Ref\9.0.11\ref/net9.0/System.Runtime.Handles.dll
                 Private = 'false'
             C:\Program Files\dotnet\packs\Microsoft.NETCore.App.Ref\9.0.11\ref/net9.0/System.Runtime.InteropServices.JavaScript.dll
                 Private = 'false'
             C:\Program Files\dotnet\packs\Microsoft.NETCore.App.Ref\9.0.11\ref/net9.0/System.Runtime.InteropServices.RuntimeInformation.dll
                 Private = 'false'
             C:\Program Files\dotnet\packs\Microsoft.NETCore.App.Ref\9.0.11\ref/net9.0/System.Runtime.InteropServices.dll
                 Private = 'false'
             C:\Program Files\dotnet\packs\Microsoft.NETCore.App.Ref\9.0.11\ref/net9.0/System.Runtime.Intrinsics.dll
                 Private = 'false'
             C:\Program Files\dotnet\packs\Microsoft.NETCore.App.Ref\9.0.11\ref/net9.0/System.Runtime.Loader.dll
                 Private = 'false'
             C:\Program Files\dotnet\packs\Microsoft.NETCore.App.Ref\9.0.11\ref/net9.0/System.Runtime.Numerics.dll
                 Private = 'false'
             C:\Program Files\dotnet\packs\Microsoft.NETCore.App.Ref\9.0.11\ref/net9.0/System.Runtime.Serialization.Formatters.dll
                 Private = 'false'
             C:\Program Files\dotnet\packs\Microsoft.NETCore.App.Ref\9.0.11\ref/net9.0/System.Runtime.Serialization.Json.dll
                 Private = 'false'
             C:\Program Files\dotnet\packs\Microsoft.NETCore.App.Ref\9.0.11\ref/net9.0/System.Runtime.Serialization.Primitives.dll
                 Private = 'false'
             C:\Program Files\dotnet\packs\Microsoft.NETCore.App.Ref\9.0.11\ref/net9.0/System.Runtime.Serialization.Xml.dll
                 Private = 'false'
             C:\Program Files\dotnet\packs\Microsoft.NETCore.App.Ref\9.0.11\ref/net9.0/System.Runtime.Serialization.dll
                 Private = 'false'
             C:\Program Files\dotnet\packs\Microsoft.NETCore.App.Ref\9.0.11\ref/net9.0/System.Runtime.dll
                 Private = 'false'
             C:\Program Files\dotnet\packs\Microsoft.NETCore.App.Ref\9.0.11\ref/net9.0/System.Security.AccessControl.dll
                 Private = 'false'
             C:\Program Files\dotnet\packs\Microsoft.NETCore.App.Ref\9.0.11\ref/net9.0/System.Security.Claims.dll
                 Private = 'false'
             C:\Program Files\dotnet\packs\Microsoft.NETCore.App.Ref\9.0.11\ref/net9.0/System.Security.Cryptography.Algorithms.dll
                 Private = 'false'
             C:\Program Files\dotnet\packs\Microsoft.NETCore.App.Ref\9.0.11\ref/net9.0/System.Security.Cryptography.Cng.dll
                 Private = 'false'
             C:\Program Files\dotnet\packs\Microsoft.NETCore.App.Ref\9.0.11\ref/net9.0/System.Security.Cryptography.Csp.dll
                 Private = 'false'
             C:\Program Files\dotnet\packs\Microsoft.NETCore.App.Ref\9.0.11\ref/net9.0/System.Security.Cryptography.Encoding.dll
                 Private = 'false'
             C:\Program Files\dotnet\packs\Microsoft.NETCore.App.Ref\9.0.11\ref/net9.0/System.Security.Cryptography.OpenSsl.dll
                 Private = 'false'
             C:\Program Files\dotnet\packs\Microsoft.NETCore.App.Ref\9.0.11\ref/net9.0/System.Security.Cryptography.Primitives.dll
                 Private = 'false'
             C:\Program Files\dotnet\packs\Microsoft.NETCore.App.Ref\9.0.11\ref/net9.0/System.Security.Cryptography.X509Certificates.dll
                 Private = 'false'
             C:\Program Files\dotnet\packs\Microsoft.NETCore.App.Ref\9.0.11\ref/net9.0/System.Security.Cryptography.dll
                 Private = 'false'
             C:\Program Files\dotnet\packs\Microsoft.NETCore.App.Ref\9.0.11\ref/net9.0/System.Security.Principal.Windows.dll
                 Private = 'false'
             C:\Program Files\dotnet\packs\Microsoft.NETCore.App.Ref\9.0.11\ref/net9.0/System.Security.Principal.dll
                 Private = 'false'
             C:\Program Files\dotnet\packs\Microsoft.NETCore.App.Ref\9.0.11\ref/net9.0/System.Security.SecureString.dll
                 Private = 'false'
             C:\Program Files\dotnet\packs\Microsoft.NETCore.App.Ref\9.0.11\ref/net9.0/System.Security.dll
                 Private = 'false'
             C:\Program Files\dotnet\packs\Microsoft.NETCore.App.Ref\9.0.11\ref/net9.0/System.ServiceModel.Web.dll
                 Private = 'false'
             C:\Program Files\dotnet\packs\Microsoft.NETCore.App.Ref\9.0.11\ref/net9.0/System.ServiceProcess.dll
                 Private = 'false'
             C:\Program Files\dotnet\packs\Microsoft.NETCore.App.Ref\9.0.11\ref/net9.0/System.Text.Encoding.CodePages.dll
                 Private = 'false'
             C:\Program Files\dotnet\packs\Microsoft.NETCore.App.Ref\9.0.11\ref/net9.0/System.Text.Encoding.Extensions.dll
                 Private = 'false'
             C:\Program Files\dotnet\packs\Microsoft.NETCore.App.Ref\9.0.11\ref/net9.0/System.Text.Encoding.dll
                 Private = 'false'
             C:\Program Files\dotnet\packs\Microsoft.NETCore.App.Ref\9.0.11\ref/net9.0/System.Text.Encodings.Web.dll
                 Private = 'false'
             C:\Program Files\dotnet\packs\Microsoft.NETCore.App.Ref\9.0.11\ref/net9.0/System.Text.Json.dll
                 Private = 'false'
             C:\Program Files\dotnet\packs\Microsoft.NETCore.App.Ref\9.0.11\ref/net9.0/System.Text.RegularExpressions.dll
                 Private = 'false'
             C:\Program Files\dotnet\packs\Microsoft.NETCore.App.Ref\9.0.11\ref/net9.0/System.Threading.Channels.dll
                 Private = 'false'
             C:\Program Files\dotnet\packs\Microsoft.NETCore.App.Ref\9.0.11\ref/net9.0/System.Threading.Overlapped.dll
                 Private = 'false'
             C:\Program Files\dotnet\packs\Microsoft.NETCore.App.Ref\9.0.11\ref/net9.0/System.Threading.Tasks.Dataflow.dll
                 Private = 'false'
             C:\Program Files\dotnet\packs\Microsoft.NETCore.App.Ref\9.0.11\ref/net9.0/System.Threading.Tasks.Extensions.dll
                 Private = 'false'
             C:\Program Files\dotnet\packs\Microsoft.NETCore.App.Ref\9.0.11\ref/net9.0/System.Threading.Tasks.Parallel.dll
                 Private = 'false'
             C:\Program Files\dotnet\packs\Microsoft.NETCore.App.Ref\9.0.11\ref/net9.0/System.Threading.Tasks.dll
                 Private = 'false'
             C:\Program Files\dotnet\packs\Microsoft.NETCore.App.Ref\9.0.11\ref/net9.0/System.Threading.Thread.dll
                 Private = 'false'
             C:\Program Files\dotnet\packs\Microsoft.NETCore.App.Ref\9.0.11\ref/net9.0/System.Threading.ThreadPool.dll
                 Private = 'false'
             C:\Program Files\dotnet\packs\Microsoft.NETCore.App.Ref\9.0.11\ref/net9.0/System.Threading.Timer.dll
                 Private = 'false'
             C:\Program Files\dotnet\packs\Microsoft.NETCore.App.Ref\9.0.11\ref/net9.0/System.Threading.dll
                 Private = 'false'
             C:\Program Files\dotnet\packs\Microsoft.NETCore.App.Ref\9.0.11\ref/net9.0/System.Transactions.Local.dll
                 Private = 'false'
             C:\Program Files\dotnet\packs\Microsoft.NETCore.App.Ref\9.0.11\ref/net9.0/System.Transactions.dll
                 Private = 'false'
             C:\Program Files\dotnet\packs\Microsoft.NETCore.App.Ref\9.0.11\ref/net9.0/System.ValueTuple.dll
                 Private = 'false'
             C:\Program Files\dotnet\packs\Microsoft.NETCore.App.Ref\9.0.11\ref/net9.0/System.Web.HttpUtility.dll
                 Private = 'false'
             C:\Program Files\dotnet\packs\Microsoft.NETCore.App.Ref\9.0.11\ref/net9.0/System.Web.dll
                 Private = 'false'
             C:\Program Files\dotnet\packs\Microsoft.NETCore.App.Ref\9.0.11\ref/net9.0/System.Windows.dll
                 Private = 'false'
             C:\Program Files\dotnet\packs\Microsoft.NETCore.App.Ref\9.0.11\ref/net9.0/System.Xml.Linq.dll
                 Private = 'false'
             C:\Program Files\dotnet\packs\Microsoft.NETCore.App.Ref\9.0.11\ref/net9.0/System.Xml.ReaderWriter.dll
                 Private = 'false'
             C:\Program Files\dotnet\packs\Microsoft.NETCore.App.Ref\9.0.11\ref/net9.0/System.Xml.Serialization.dll
                 Private = 'false'
             C:\Program Files\dotnet\packs\Microsoft.NETCore.App.Ref\9.0.11\ref/net9.0/System.Xml.XDocument.dll
                 Private = 'false'
             C:\Program Files\dotnet\packs\Microsoft.NETCore.App.Ref\9.0.11\ref/net9.0/System.Xml.XPath.XDocument.dll
                 Private = 'false'
             C:\Program Files\dotnet\packs\Microsoft.NETCore.App.Ref\9.0.11\ref/net9.0/System.Xml.XPath.dll
                 Private = 'false'
             C:\Program Files\dotnet\packs\Microsoft.NETCore.App.Ref\9.0.11\ref/net9.0/System.Xml.XmlDocument.dll
                 Private = 'false'
             C:\Program Files\dotnet\packs\Microsoft.NETCore.App.Ref\9.0.11\ref/net9.0/System.Xml.XmlSerializer.dll
                 Private = 'false'
             C:\Program Files\dotnet\packs\Microsoft.NETCore.App.Ref\9.0.11\ref/net9.0/System.Xml.dll
                 Private = 'false'
             C:\Program Files\dotnet\packs\Microsoft.NETCore.App.Ref\9.0.11\ref/net9.0/System.dll
                 Private = 'false'
             C:\Program Files\dotnet\packs\Microsoft.NETCore.App.Ref\9.0.11\ref/net9.0/WindowsBase.dll
                 Private = 'false'
             C:\Program Files\dotnet\packs\Microsoft.NETCore.App.Ref\9.0.11\ref/net9.0/mscorlib.dll
                 Private = 'false'
             C:\Program Files\dotnet\packs\Microsoft.NETCore.App.Ref\9.0.11\ref/net9.0/netstandard.dll
                 Private = 'false'
         AssemblyFiles:
             D:\P.L\Flutter\fresh_produce_app\FreshProduce.Domain\bin\Debug\net9.0\FreshProduce.Domain.dll
         CandidateAssemblyFiles:
         TargetFrameworkDirectories:
             
         NonCultureResourceDirectories:
             
         InstalledAssemblyTables:
         IgnoreInstalledAssemblyTable:
             False
         SearchPaths:
             {CandidateAssemblyFiles}
             {HintPathFromItem}
             {TargetFrameworkDirectory}
             {RawFileName}
         AllowedAssemblyExtensions:
             .winmd
             .dll
             .exe
         AllowedRelatedFileExtensions:
             .pdb
             .xml
             .pri
             .dll.config
             .exe.config
         AppConfigFile:
             
         AutoUnify:
             True
         EnableCustomCulture:
             False
         EnableCustomCulture:
             False
         CopyLocalDependenciesWhenParentReferenceInGac:
             True
         FindDependencies:
             True
         TargetProcessorArchitecture:
             msil
         StateFile:
             obj\Debug\net9.0\FreshProduce.Application.csproj.AssemblyReference.cache
         InstalledAssemblySubsetTables:
         IgnoreInstalledAssemblySubsetTable:
             False
         TargetFrameworkSubsets:
         FullTargetFrameworkSubsetNames:
             Full
         ProfileName:
             
         FullFrameworkFolders:
         LatestTargetFrameworkDirectories:
         ProfileTablesLocation:
         Primary reference "FreshProduce.Domain, Version=1.0.0.0, Culture=neutral, PublicKeyToken=null".
             Resolved file path is "D:\P.L\Flutter\fresh_produce_app\FreshProduce.Domain\bin\Debug\net9.0\FreshProduce.Domain.dll".
             Reference found at search path location "D:\P.L\Flutter\fresh_produce_app\FreshProduce.Domain\bin\Debug\net9.0\FreshProduce.Domain.dll".
             Found related file "D:\P.L\Flutter\fresh_produce_app\FreshProduce.Domain\bin\Debug\net9.0\FreshProduce.Domain.pdb".
         Primary reference "Microsoft.CSharp, Version=9.0.0.0, Culture=neutral, PublicKeyToken=b03f5f7f11d50a3a".
             Resolved file path is "C:\Program Files\dotnet\packs\Microsoft.NETCore.App.Ref\9.0.11\ref\net9.0\Microsoft.CSharp.dll".
             Reference found at search path location "{RawFileName}".
             This reference is not "CopyLocal" because at least one source item had "Private" set to "false" and no source items had "Private" set to "true".
         Primary reference "Microsoft.VisualBasic.Core, Version=14.0.0.0, Culture=neutral, PublicKeyToken=b03f5f7f11d50a3a".
             Resolved file path is "C:\Program Files\dotnet\packs\Microsoft.NETCore.App.Ref\9.0.11\ref\net9.0\Microsoft.VisualBasic.Core.dll".
             Reference found at search path location "{RawFileName}".
             This reference is not "CopyLocal" because at least one source item had "Private" set to "false" and no source items had "Private" set to "true".
         Primary reference "Microsoft.VisualBasic, Version=10.0.0.0, Culture=neutral, PublicKeyToken=b03f5f7f11d50a3a".
             Resolved file path is "C:\Program Files\dotnet\packs\Microsoft.NETCore.App.Ref\9.0.11\ref\net9.0\Microsoft.VisualBasic.dll".
             Reference found at search path location "{RawFileName}".
             This reference is not "CopyLocal" because at least one source item had "Private" set to "false" and no source items had "Private" set to "true".
         Primary reference "Microsoft.Win32.Primitives, Version=9.0.0.0, Culture=neutral, PublicKeyToken=b03f5f7f11d50a3a".
             Resolved file path is "C:\Program Files\dotnet\packs\Microsoft.NETCore.App.Ref\9.0.11\ref\net9.0\Microsoft.Win32.Primitives.dll".
             Reference found at search path location "{RawFileName}".
             This reference is not "CopyLocal" because at least one source item had "Private" set to "false" and no source items had "Private" set to "true".
         Primary reference "Microsoft.Win32.Registry, Version=9.0.0.0, Culture=neutral, PublicKeyToken=b03f5f7f11d50a3a".
             Resolved file path is "C:\Program Files\dotnet\packs\Microsoft.NETCore.App.Ref\9.0.11\ref\net9.0\Microsoft.Win32.Registry.dll".
             Reference found at search path location "{RawFileName}".
             This reference is not "CopyLocal" because at least one source item had "Private" set to "false" and no source items had "Private" set to "true".
         Primary reference "System.AppContext, Version=9.0.0.0, Culture=neutral, PublicKeyToken=b03f5f7f11d50a3a".
             Resolved file path is "C:\Program Files\dotnet\packs\Microsoft.NETCore.App.Ref\9.0.11\ref\net9.0\System.AppContext.dll".
             Reference found at search path location "{RawFileName}".
             This reference is not "CopyLocal" because at least one source item had "Private" set to "false" and no source items had "Private" set to "true".
         Primary reference "System.Buffers, Version=9.0.0.0, Culture=neutral, PublicKeyToken=cc7b13ffcd2ddd51".
             Resolved file path is "C:\Program Files\dotnet\packs\Microsoft.NETCore.App.Ref\9.0.11\ref\net9.0\System.Buffers.dll".
             Reference found at search path location "{RawFileName}".
             This reference is not "CopyLocal" because at least one source item had "Private" set to "false" and no source items had "Private" set to "true".
         Primary reference "System.Collections.Concurrent, Version=9.0.0.0, Culture=neutral, PublicKeyToken=b03f5f7f11d50a3a".
             Resolved file path is "C:\Program Files\dotnet\packs\Microsoft.NETCore.App.Ref\9.0.11\ref\net9.0\System.Collections.Concurrent.dll".
             Reference found at search path location "{RawFileName}".
             This reference is not "CopyLocal" because at least one source item had "Private" set to "false" and no source items had "Private" set to "true".
         Primary reference "System.Collections.Immutable, Version=9.0.0.0, Culture=neutral, PublicKeyToken=b03f5f7f11d50a3a".
             Resolved file path is "C:\Program Files\dotnet\packs\Microsoft.NETCore.App.Ref\9.0.11\ref\net9.0\System.Collections.Immutable.dll".
             Reference found at search path location "{RawFileName}".
             This reference is not "CopyLocal" because at least one source item had "Private" set to "false" and no source items had "Private" set to "true".
         Primary reference "System.Collections.NonGeneric, Version=9.0.0.0, Culture=neutral, PublicKeyToken=b03f5f7f11d50a3a".
             Resolved file path is "C:\Program Files\dotnet\packs\Microsoft.NETCore.App.Ref\9.0.11\ref\net9.0\System.Collections.NonGeneric.dll".
             Reference found at search path location "{RawFileName}".
             This reference is not "CopyLocal" because at least one source item had "Private" set to "false" and no source items had "Private" set to "true".
         Primary reference "System.Collections.Specialized, Version=9.0.0.0, Culture=neutral, PublicKeyToken=b03f5f7f11d50a3a".
             Resolved file path is "C:\Program Files\dotnet\packs\Microsoft.NETCore.App.Ref\9.0.11\ref\net9.0\System.Collections.Specialized.dll".
             Reference found at search path location "{RawFileName}".
             This reference is not "CopyLocal" because at least one source item had "Private" set to "false" and no source items had "Private" set to "true".
         Primary reference "System.Collections, Version=9.0.0.0, Culture=neutral, PublicKeyToken=b03f5f7f11d50a3a".
             Resolved file path is "C:\Program Files\dotnet\packs\Microsoft.NETCore.App.Ref\9.0.11\ref\net9.0\System.Collections.dll".
             Reference found at search path location "{RawFileName}".
             This reference is not "CopyLocal" because at least one source item had "Private" set to "false" and no source items had "Private" set to "true".
         Primary reference "System.ComponentModel.Annotations, Version=9.0.0.0, Culture=neutral, PublicKeyToken=b03f5f7f11d50a3a".
             Resolved file path is "C:\Program Files\dotnet\packs\Microsoft.NETCore.App.Ref\9.0.11\ref\net9.0\System.ComponentModel.Annotations.dll".
             Reference found at search path location "{RawFileName}".
             This reference is not "CopyLocal" because at least one source item had "Private" set to "false" and no source items had "Private" set to "true".
         Primary reference "System.ComponentModel.DataAnnotations, Version=4.0.0.0, Culture=neutral, PublicKeyToken=31bf3856ad364e35".
             Resolved file path is "C:\Program Files\dotnet\packs\Microsoft.NETCore.App.Ref\9.0.11\ref\net9.0\System.ComponentModel.DataAnnotations.dll".
             Reference found at search path location "{RawFileName}".
             This reference is not "CopyLocal" because at least one source item had "Private" set to "false" and no source items had "Private" set to "true".
         Primary reference "System.ComponentModel.EventBasedAsync, Version=9.0.0.0, Culture=neutral, PublicKeyToken=b03f5f7f11d50a3a".
             Resolved file path is "C:\Program Files\dotnet\packs\Microsoft.NETCore.App.Ref\9.0.11\ref\net9.0\System.ComponentModel.EventBasedAsync.dll".
             Reference found at search path location "{RawFileName}".
             This reference is not "CopyLocal" because at least one source item had "Private" set to "false" and no source items had "Private" set to "true".
         Primary reference "System.ComponentModel.Primitives, Version=9.0.0.0, Culture=neutral, PublicKeyToken=b03f5f7f11d50a3a".
             Resolved file path is "C:\Program Files\dotnet\packs\Microsoft.NETCore.App.Ref\9.0.11\ref\net9.0\System.ComponentModel.Primitives.dll".
             Reference found at search path location "{RawFileName}".
             This reference is not "CopyLocal" because at least one source item had "Private" set to "false" and no source items had "Private" set to "true".
         Primary reference "System.ComponentModel.TypeConverter, Version=9.0.0.0, Culture=neutral, PublicKeyToken=b03f5f7f11d50a3a".
             Resolved file path is "C:\Program Files\dotnet\packs\Microsoft.NETCore.App.Ref\9.0.11\ref\net9.0\System.ComponentModel.TypeConverter.dll".
             Reference found at search path location "{RawFileName}".
             This reference is not "CopyLocal" because at least one source item had "Private" set to "false" and no source items had "Private" set to "true".
         Primary reference "System.ComponentModel, Version=9.0.0.0, Culture=neutral, PublicKeyToken=b03f5f7f11d50a3a".
             Resolved file path is "C:\Program Files\dotnet\packs\Microsoft.NETCore.App.Ref\9.0.11\ref\net9.0\System.ComponentModel.dll".
             Reference found at search path location "{RawFileName}".
             This reference is not "CopyLocal" because at least one source item had "Private" set to "false" and no source items had "Private" set to "true".
         Primary reference "System.Configuration, Version=4.0.0.0, Culture=neutral, PublicKeyToken=b03f5f7f11d50a3a".
             Resolved file path is "C:\Program Files\dotnet\packs\Microsoft.NETCore.App.Ref\9.0.11\ref\net9.0\System.Configuration.dll".
             Reference found at search path location "{RawFileName}".
             This reference is not "CopyLocal" because at least one source item had "Private" set to "false" and no source items had "Private" set to "true".
         Primary reference "System.Console, Version=9.0.0.0, Culture=neutral, PublicKeyToken=b03f5f7f11d50a3a".
             Resolved file path is "C:\Program Files\dotnet\packs\Microsoft.NETCore.App.Ref\9.0.11\ref\net9.0\System.Console.dll".
             Reference found at search path location "{RawFileName}".
             This reference is not "CopyLocal" because at least one source item had "Private" set to "false" and no source items had "Private" set to "true".
         Primary reference "System.Core, Version=4.0.0.0, Culture=neutral, PublicKeyToken=b77a5c561934e089".
             Resolved file path is "C:\Program Files\dotnet\packs\Microsoft.NETCore.App.Ref\9.0.11\ref\net9.0\System.Core.dll".
             Reference found at search path location "{RawFileName}".
             This reference is not "CopyLocal" because at least one source item had "Private" set to "false" and no source items had "Private" set to "true".
         Primary reference "System.Data.Common, Version=9.0.0.0, Culture=neutral, PublicKeyToken=b03f5f7f11d50a3a".
             Resolved file path is "C:\Program Files\dotnet\packs\Microsoft.NETCore.App.Ref\9.0.11\ref\net9.0\System.Data.Common.dll".
             Reference found at search path location "{RawFileName}".
             This reference is not "CopyLocal" because at least one source item had "Private" set to "false" and no source items had "Private" set to "true".
         Primary reference "System.Data.DataSetExtensions, Version=9.0.0.0, Culture=neutral, PublicKeyToken=b77a5c561934e089".
             Resolved file path is "C:\Program Files\dotnet\packs\Microsoft.NETCore.App.Ref\9.0.11\ref\net9.0\System.Data.DataSetExtensions.dll".
             Reference found at search path location "{RawFileName}".
             This reference is not "CopyLocal" because at least one source item had "Private" set to "false" and no source items had "Private" set to "true".
         Primary reference "System.Data, Version=4.0.0.0, Culture=neutral, PublicKeyToken=b77a5c561934e089".
             Resolved file path is "C:\Program Files\dotnet\packs\Microsoft.NETCore.App.Ref\9.0.11\ref\net9.0\System.Data.dll".
             Reference found at search path location "{RawFileName}".
             This reference is not "CopyLocal" because at least one source item had "Private" set to "false" and no source items had "Private" set to "true".
         Primary reference "System.Diagnostics.Contracts, Version=9.0.0.0, Culture=neutral, PublicKeyToken=b03f5f7f11d50a3a".
             Resolved file path is "C:\Program Files\dotnet\packs\Microsoft.NETCore.App.Ref\9.0.11\ref\net9.0\System.Diagnostics.Contracts.dll".
             Reference found at search path location "{RawFileName}".
             This reference is not "CopyLocal" because at least one source item had "Private" set to "false" and no source items had "Private" set to "true".
         Primary reference "System.Diagnostics.Debug, Version=9.0.0.0, Culture=neutral, PublicKeyToken=b03f5f7f11d50a3a".
             Resolved file path is "C:\Program Files\dotnet\packs\Microsoft.NETCore.App.Ref\9.0.11\ref\net9.0\System.Diagnostics.Debug.dll".
             Reference found at search path location "{RawFileName}".
             This reference is not "CopyLocal" because at least one source item had "Private" set to "false" and no source items had "Private" set to "true".
         Primary reference "System.Diagnostics.DiagnosticSource, Version=9.0.0.0, Culture=neutral, PublicKeyToken=cc7b13ffcd2ddd51".
             Resolved file path is "C:\Program Files\dotnet\packs\Microsoft.NETCore.App.Ref\9.0.11\ref\net9.0\System.Diagnostics.DiagnosticSource.dll".
             Reference found at search path location "{RawFileName}".
             This reference is not "CopyLocal" because at least one source item had "Private" set to "false" and no source items had "Private" set to "true".
         Primary reference "System.Diagnostics.FileVersionInfo, Version=9.0.0.0, Culture=neutral, PublicKeyToken=b03f5f7f11d50a3a".
             Resolved file path is "C:\Program Files\dotnet\packs\Microsoft.NETCore.App.Ref\9.0.11\ref\net9.0\System.Diagnostics.FileVersionInfo.dll".
             Reference found at search path location "{RawFileName}".
             This reference is not "CopyLocal" because at least one source item had "Private" set to "false" and no source items had "Private" set to "true".
         Primary reference "System.Diagnostics.Process, Version=9.0.0.0, Culture=neutral, PublicKeyToken=b03f5f7f11d50a3a".
             Resolved file path is "C:\Program Files\dotnet\packs\Microsoft.NETCore.App.Ref\9.0.11\ref\net9.0\System.Diagnostics.Process.dll".
             Reference found at search path location "{RawFileName}".
             This reference is not "CopyLocal" because at least one source item had "Private" set to "false" and no source items had "Private" set to "true".
         Primary reference "System.Diagnostics.StackTrace, Version=9.0.0.0, Culture=neutral, PublicKeyToken=b03f5f7f11d50a3a".
             Resolved file path is "C:\Program Files\dotnet\packs\Microsoft.NETCore.App.Ref\9.0.11\ref\net9.0\System.Diagnostics.StackTrace.dll".
             Reference found at search path location "{RawFileName}".
             This reference is not "CopyLocal" because at least one source item had "Private" set to "false" and no source items had "Private" set to "true".
         Primary reference "System.Diagnostics.TextWriterTraceListener, Version=9.0.0.0, Culture=neutral, PublicKeyToken=b03f5f7f11d50a3a".
             Resolved file path is "C:\Program Files\dotnet\packs\Microsoft.NETCore.App.Ref\9.0.11\ref\net9.0\System.Diagnostics.TextWriterTraceListener.dll".
             Reference found at search path location "{RawFileName}".
             This reference is not "CopyLocal" because at least one source item had "Private" set to "false" and no source items had "Private" set to "true".
         Primary reference "System.Diagnostics.Tools, Version=9.0.0.0, Culture=neutral, PublicKeyToken=b03f5f7f11d50a3a".
             Resolved file path is "C:\Program Files\dotnet\packs\Microsoft.NETCore.App.Ref\9.0.11\ref\net9.0\System.Diagnostics.Tools.dll".
             Reference found at search path location "{RawFileName}".
             This reference is not "CopyLocal" because at least one source item had "Private" set to "false" and no source items had "Private" set to "true".
         Primary reference "System.Diagnostics.TraceSource, Version=9.0.0.0, Culture=neutral, PublicKeyToken=b03f5f7f11d50a3a".
             Resolved file path is "C:\Program Files\dotnet\packs\Microsoft.NETCore.App.Ref\9.0.11\ref\net9.0\System.Diagnostics.TraceSource.dll".
             Reference found at search path location "{RawFileName}".
             This reference is not "CopyLocal" because at least one source item had "Private" set to "false" and no source items had "Private" set to "true".
         Primary reference "System.Diagnostics.Tracing, Version=9.0.0.0, Culture=neutral, PublicKeyToken=b03f5f7f11d50a3a".
             Resolved file path is "C:\Program Files\dotnet\packs\Microsoft.NETCore.App.Ref\9.0.11\ref\net9.0\System.Diagnostics.Tracing.dll".
             Reference found at search path location "{RawFileName}".
             This reference is not "CopyLocal" because at least one source item had "Private" set to "false" and no source items had "Private" set to "true".
         Primary reference "System.Drawing.Primitives, Version=9.0.0.0, Culture=neutral, PublicKeyToken=b03f5f7f11d50a3a".
             Resolved file path is "C:\Program Files\dotnet\packs\Microsoft.NETCore.App.Ref\9.0.11\ref\net9.0\System.Drawing.Primitives.dll".
             Reference found at search path location "{RawFileName}".
             This reference is not "CopyLocal" because at least one source item had "Private" set to "false" and no source items had "Private" set to "true".
         Primary reference "System.Drawing, Version=4.0.0.0, Culture=neutral, PublicKeyToken=b03f5f7f11d50a3a".
             Resolved file path is "C:\Program Files\dotnet\packs\Microsoft.NETCore.App.Ref\9.0.11\ref\net9.0\System.Drawing.dll".
             Reference found at search path location "{RawFileName}".
             This reference is not "CopyLocal" because at least one source item had "Private" set to "false" and no source items had "Private" set to "true".
         Primary reference "System.Dynamic.Runtime, Version=9.0.0.0, Culture=neutral, PublicKeyToken=b03f5f7f11d50a3a".
             Resolved file path is "C:\Program Files\dotnet\packs\Microsoft.NETCore.App.Ref\9.0.11\ref\net9.0\System.Dynamic.Runtime.dll".
             Reference found at search path location "{RawFileName}".
             This reference is not "CopyLocal" because at least one source item had "Private" set to "false" and no source items had "Private" set to "true".
         Primary reference "System.Formats.Asn1, Version=9.0.0.0, Culture=neutral, PublicKeyToken=cc7b13ffcd2ddd51".
             Resolved file path is "C:\Program Files\dotnet\packs\Microsoft.NETCore.App.Ref\9.0.11\ref\net9.0\System.Formats.Asn1.dll".
             Reference found at search path location "{RawFileName}".
             This reference is not "CopyLocal" because at least one source item had "Private" set to "false" and no source items had "Private" set to "true".
         Primary reference "System.Formats.Tar, Version=9.0.0.0, Culture=neutral, PublicKeyToken=cc7b13ffcd2ddd51".
             Resolved file path is "C:\Program Files\dotnet\packs\Microsoft.NETCore.App.Ref\9.0.11\ref\net9.0\System.Formats.Tar.dll".
             Reference found at search path location "{RawFileName}".
             This reference is not "CopyLocal" because at least one source item had "Private" set to "false" and no source items had "Private" set to "true".
         Primary reference "System.Globalization.Calendars, Version=9.0.0.0, Culture=neutral, PublicKeyToken=b03f5f7f11d50a3a".
             Resolved file path is "C:\Program Files\dotnet\packs\Microsoft.NETCore.App.Ref\9.0.11\ref\net9.0\System.Globalization.Calendars.dll".
             Reference found at search path location "{RawFileName}".
             This reference is not "CopyLocal" because at least one source item had "Private" set to "false" and no source items had "Private" set to "true".
         Primary reference "System.Globalization.Extensions, Version=9.0.0.0, Culture=neutral, PublicKeyToken=b03f5f7f11d50a3a".
             Resolved file path is "C:\Program Files\dotnet\packs\Microsoft.NETCore.App.Ref\9.0.11\ref\net9.0\System.Globalization.Extensions.dll".
             Reference found at search path location "{RawFileName}".
             This reference is not "CopyLocal" because at least one source item had "Private" set to "false" and no source items had "Private" set to "true".
         Primary reference "System.Globalization, Version=9.0.0.0, Culture=neutral, PublicKeyToken=b03f5f7f11d50a3a".
             Resolved file path is "C:\Program Files\dotnet\packs\Microsoft.NETCore.App.Ref\9.0.11\ref\net9.0\System.Globalization.dll".
             Reference found at search path location "{RawFileName}".
             This reference is not "CopyLocal" because at least one source item had "Private" set to "false" and no source items had "Private" set to "true".
         Primary reference "System.IO.Compression.Brotli, Version=9.0.0.0, Culture=neutral, PublicKeyToken=b77a5c561934e089".
             Resolved file path is "C:\Program Files\dotnet\packs\Microsoft.NETCore.App.Ref\9.0.11\ref\net9.0\System.IO.Compression.Brotli.dll".
             Reference found at search path location "{RawFileName}".
             This reference is not "CopyLocal" because at least one source item had "Private" set to "false" and no source items had "Private" set to "true".
         Primary reference "System.IO.Compression.FileSystem, Version=4.0.0.0, Culture=neutral, PublicKeyToken=b77a5c561934e089".
             Resolved file path is "C:\Program Files\dotnet\packs\Microsoft.NETCore.App.Ref\9.0.11\ref\net9.0\System.IO.Compression.FileSystem.dll".
             Reference found at search path location "{RawFileName}".
             This reference is not "CopyLocal" because at least one source item had "Private" set to "false" and no source items had "Private" set to "true".
         Primary reference "System.IO.Compression.ZipFile, Version=9.0.0.0, Culture=neutral, PublicKeyToken=b77a5c561934e089".
             Resolved file path is "C:\Program Files\dotnet\packs\Microsoft.NETCore.App.Ref\9.0.11\ref\net9.0\System.IO.Compression.ZipFile.dll".
             Reference found at search path location "{RawFileName}".
             This reference is not "CopyLocal" because at least one source item had "Private" set to "false" and no source items had "Private" set to "true".
         Primary reference "System.IO.Compression, Version=9.0.0.0, Culture=neutral, PublicKeyToken=b77a5c561934e089".
             Resolved file path is "C:\Program Files\dotnet\packs\Microsoft.NETCore.App.Ref\9.0.11\ref\net9.0\System.IO.Compression.dll".
             Reference found at search path location "{RawFileName}".
             This reference is not "CopyLocal" because at least one source item had "Private" set to "false" and no source items had "Private" set to "true".
         Primary reference "System.IO.FileSystem.AccessControl, Version=9.0.0.0, Culture=neutral, PublicKeyToken=b03f5f7f11d50a3a".
             Resolved file path is "C:\Program Files\dotnet\packs\Microsoft.NETCore.App.Ref\9.0.11\ref\net9.0\System.IO.FileSystem.AccessControl.dll".
             Reference found at search path location "{RawFileName}".
             This reference is not "CopyLocal" because at least one source item had "Private" set to "false" and no source items had "Private" set to "true".
         Primary reference "System.IO.FileSystem.DriveInfo, Version=9.0.0.0, Culture=neutral, PublicKeyToken=b03f5f7f11d50a3a".
             Resolved file path is "C:\Program Files\dotnet\packs\Microsoft.NETCore.App.Ref\9.0.11\ref\net9.0\System.IO.FileSystem.DriveInfo.dll".
             Reference found at search path location "{RawFileName}".
             This reference is not "CopyLocal" because at least one source item had "Private" set to "false" and no source items had "Private" set to "true".
         Primary reference "System.IO.FileSystem.Primitives, Version=9.0.0.0, Culture=neutral, PublicKeyToken=b03f5f7f11d50a3a".
             Resolved file path is "C:\Program Files\dotnet\packs\Microsoft.NETCore.App.Ref\9.0.11\ref\net9.0\System.IO.FileSystem.Primitives.dll".
             Reference found at search path location "{RawFileName}".
             This reference is not "CopyLocal" because at least one source item had "Private" set to "false" and no source items had "Private" set to "true".
         Primary reference "System.IO.FileSystem.Watcher, Version=9.0.0.0, Culture=neutral, PublicKeyToken=b03f5f7f11d50a3a".
             Resolved file path is "C:\Program Files\dotnet\packs\Microsoft.NETCore.App.Ref\9.0.11\ref\net9.0\System.IO.FileSystem.Watcher.dll".
             Reference found at search path location "{RawFileName}".
             This reference is not "CopyLocal" because at least one source item had "Private" set to "false" and no source items had "Private" set to "true".
         Primary reference "System.IO.FileSystem, Version=9.0.0.0, Culture=neutral, PublicKeyToken=b03f5f7f11d50a3a".
             Resolved file path is "C:\Program Files\dotnet\packs\Microsoft.NETCore.App.Ref\9.0.11\ref\net9.0\System.IO.FileSystem.dll".
             Reference found at search path location "{RawFileName}".
             This reference is not "CopyLocal" because at least one source item had "Private" set to "false" and no source items had "Private" set to "true".
         Primary reference "System.IO.IsolatedStorage, Version=9.0.0.0, Culture=neutral, PublicKeyToken=b03f5f7f11d50a3a".
             Resolved file path is "C:\Program Files\dotnet\packs\Microsoft.NETCore.App.Ref\9.0.11\ref\net9.0\System.IO.IsolatedStorage.dll".
             Reference found at search path location "{RawFileName}".
             This reference is not "CopyLocal" because at least one source item had "Private" set to "false" and no source items had "Private" set to "true".
         Primary reference "System.IO.MemoryMappedFiles, Version=9.0.0.0, Culture=neutral, PublicKeyToken=b03f5f7f11d50a3a".
             Resolved file path is "C:\Program Files\dotnet\packs\Microsoft.NETCore.App.Ref\9.0.11\ref\net9.0\System.IO.MemoryMappedFiles.dll".
             Reference found at search path location "{RawFileName}".
             This reference is not "CopyLocal" because at least one source item had "Private" set to "false" and no source items had "Private" set to "true".
         Primary reference "System.IO.Pipelines, Version=9.0.0.0, Culture=neutral, PublicKeyToken=cc7b13ffcd2ddd51".
             Resolved file path is "C:\Program Files\dotnet\packs\Microsoft.NETCore.App.Ref\9.0.11\ref\net9.0\System.IO.Pipelines.dll".
             Reference found at search path location "{RawFileName}".
             This reference is not "CopyLocal" because at least one source item had "Private" set to "false" and no source items had "Private" set to "true".
         Primary reference "System.IO.Pipes.AccessControl, Version=9.0.0.0, Culture=neutral, PublicKeyToken=b03f5f7f11d50a3a".
             Resolved file path is "C:\Program Files\dotnet\packs\Microsoft.NETCore.App.Ref\9.0.11\ref\net9.0\System.IO.Pipes.AccessControl.dll".
             Reference found at search path location "{RawFileName}".
             This reference is not "CopyLocal" because at least one source item had "Private" set to "false" and no source items had "Private" set to "true".
         Primary reference "System.IO.Pipes, Version=9.0.0.0, Culture=neutral, PublicKeyToken=b03f5f7f11d50a3a".
             Resolved file path is "C:\Program Files\dotnet\packs\Microsoft.NETCore.App.Ref\9.0.11\ref\net9.0\System.IO.Pipes.dll".
             Reference found at search path location "{RawFileName}".
             This reference is not "CopyLocal" because at least one source item had "Private" set to "false" and no source items had "Private" set to "true".
         Primary reference "System.IO.UnmanagedMemoryStream, Version=9.0.0.0, Culture=neutral, PublicKeyToken=b03f5f7f11d50a3a".
             Resolved file path is "C:\Program Files\dotnet\packs\Microsoft.NETCore.App.Ref\9.0.11\ref\net9.0\System.IO.UnmanagedMemoryStream.dll".
             Reference found at search path location "{RawFileName}".
             This reference is not "CopyLocal" because at least one source item had "Private" set to "false" and no source items had "Private" set to "true".
         Primary reference "System.IO, Version=9.0.0.0, Culture=neutral, PublicKeyToken=b03f5f7f11d50a3a".
             Resolved file path is "C:\Program Files\dotnet\packs\Microsoft.NETCore.App.Ref\9.0.11\ref\net9.0\System.IO.dll".
             Reference found at search path location "{RawFileName}".
             This reference is not "CopyLocal" because at least one source item had "Private" set to "false" and no source items had "Private" set to "true".
         Primary reference "System.Linq.Expressions, Version=9.0.0.0, Culture=neutral, PublicKeyToken=b03f5f7f11d50a3a".
             Resolved file path is "C:\Program Files\dotnet\packs\Microsoft.NETCore.App.Ref\9.0.11\ref\net9.0\System.Linq.Expressions.dll".
             Reference found at search path location "{RawFileName}".
             This reference is not "CopyLocal" because at least one source item had "Private" set to "false" and no source items had "Private" set to "true".
         Primary reference "System.Linq.Parallel, Version=9.0.0.0, Culture=neutral, PublicKeyToken=b03f5f7f11d50a3a".
             Resolved file path is "C:\Program Files\dotnet\packs\Microsoft.NETCore.App.Ref\9.0.11\ref\net9.0\System.Linq.Parallel.dll".
             Reference found at search path location "{RawFileName}".
             This reference is not "CopyLocal" because at least one source item had "Private" set to "false" and no source items had "Private" set to "true".
         Primary reference "System.Linq.Queryable, Version=9.0.0.0, Culture=neutral, PublicKeyToken=b03f5f7f11d50a3a".
             Resolved file path is "C:\Program Files\dotnet\packs\Microsoft.NETCore.App.Ref\9.0.11\ref\net9.0\System.Linq.Queryable.dll".
             Reference found at search path location "{RawFileName}".
             This reference is not "CopyLocal" because at least one source item had "Private" set to "false" and no source items had "Private" set to "true".
         Primary reference "System.Linq, Version=9.0.0.0, Culture=neutral, PublicKeyToken=b03f5f7f11d50a3a".
             Resolved file path is "C:\Program Files\dotnet\packs\Microsoft.NETCore.App.Ref\9.0.11\ref\net9.0\System.Linq.dll".
             Reference found at search path location "{RawFileName}".
             This reference is not "CopyLocal" because at least one source item had "Private" set to "false" and no source items had "Private" set to "true".
         Primary reference "System.Memory, Version=9.0.0.0, Culture=neutral, PublicKeyToken=cc7b13ffcd2ddd51".
             Resolved file path is "C:\Program Files\dotnet\packs\Microsoft.NETCore.App.Ref\9.0.11\ref\net9.0\System.Memory.dll".
             Reference found at search path location "{RawFileName}".
             This reference is not "CopyLocal" because at least one source item had "Private" set to "false" and no source items had "Private" set to "true".
         Primary reference "System.Net.Http.Json, Version=9.0.0.0, Culture=neutral, PublicKeyToken=cc7b13ffcd2ddd51".
             Resolved file path is "C:\Program Files\dotnet\packs\Microsoft.NETCore.App.Ref\9.0.11\ref\net9.0\System.Net.Http.Json.dll".
             Reference found at search path location "{RawFileName}".
             This reference is not "CopyLocal" because at least one source item had "Private" set to "false" and no source items had "Private" set to "true".
         Primary reference "System.Net.Http, Version=9.0.0.0, Culture=neutral, PublicKeyToken=b03f5f7f11d50a3a".
             Resolved file path is "C:\Program Files\dotnet\packs\Microsoft.NETCore.App.Ref\9.0.11\ref\net9.0\System.Net.Http.dll".
             Reference found at search path location "{RawFileName}".
             This reference is not "CopyLocal" because at least one source item had "Private" set to "false" and no source items had "Private" set to "true".
         Primary reference "System.Net.HttpListener, Version=9.0.0.0, Culture=neutral, PublicKeyToken=cc7b13ffcd2ddd51".
             Resolved file path is "C:\Program Files\dotnet\packs\Microsoft.NETCore.App.Ref\9.0.11\ref\net9.0\System.Net.HttpListener.dll".
             Reference found at search path location "{RawFileName}".
             This reference is not "CopyLocal" because at least one source item had "Private" set to "false" and no source items had "Private" set to "true".
         Primary reference "System.Net.Mail, Version=9.0.0.0, Culture=neutral, PublicKeyToken=cc7b13ffcd2ddd51".
             Resolved file path is "C:\Program Files\dotnet\packs\Microsoft.NETCore.App.Ref\9.0.11\ref\net9.0\System.Net.Mail.dll".
             Reference found at search path location "{RawFileName}".
             This reference is not "CopyLocal" because at least one source item had "Private" set to "false" and no source items had "Private" set to "true".
         Primary reference "System.Net.NameResolution, Version=9.0.0.0, Culture=neutral, PublicKeyToken=b03f5f7f11d50a3a".
             Resolved file path is "C:\Program Files\dotnet\packs\Microsoft.NETCore.App.Ref\9.0.11\ref\net9.0\System.Net.NameResolution.dll".
             Reference found at search path location "{RawFileName}".
             This reference is not "CopyLocal" because at least one source item had "Private" set to "false" and no source items had "Private" set to "true".
         Primary reference "System.Net.NetworkInformation, Version=9.0.0.0, Culture=neutral, PublicKeyToken=b03f5f7f11d50a3a".
             Resolved file path is "C:\Program Files\dotnet\packs\Microsoft.NETCore.App.Ref\9.0.11\ref\net9.0\System.Net.NetworkInformation.dll".
             Reference found at search path location "{RawFileName}".
             This reference is not "CopyLocal" because at least one source item had "Private" set to "false" and no source items had "Private" set to "true".
         Primary reference "System.Net.Ping, Version=9.0.0.0, Culture=neutral, PublicKeyToken=b03f5f7f11d50a3a".
             Resolved file path is "C:\Program Files\dotnet\packs\Microsoft.NETCore.App.Ref\9.0.11\ref\net9.0\System.Net.Ping.dll".
             Reference found at search path location "{RawFileName}".
             This reference is not "CopyLocal" because at least one source item had "Private" set to "false" and no source items had "Private" set to "true".
         Primary reference "System.Net.Primitives, Version=9.0.0.0, Culture=neutral, PublicKeyToken=b03f5f7f11d50a3a".
             Resolved file path is "C:\Program Files\dotnet\packs\Microsoft.NETCore.App.Ref\9.0.11\ref\net9.0\System.Net.Primitives.dll".
             Reference found at search path location "{RawFileName}".
             This reference is not "CopyLocal" because at least one source item had "Private" set to "false" and no source items had "Private" set to "true".
         Primary reference "System.Net.Quic, Version=9.0.0.0, Culture=neutral, PublicKeyToken=b03f5f7f11d50a3a".
             Resolved file path is "C:\Program Files\dotnet\packs\Microsoft.NETCore.App.Ref\9.0.11\ref\net9.0\System.Net.Quic.dll".
             Reference found at search path location "{RawFileName}".
             This reference is not "CopyLocal" because at least one source item had "Private" set to "false" and no source items had "Private" set to "true".
         Primary reference "System.Net.Requests, Version=9.0.0.0, Culture=neutral, PublicKeyToken=b03f5f7f11d50a3a".
             Resolved file path is "C:\Program Files\dotnet\packs\Microsoft.NETCore.App.Ref\9.0.11\ref\net9.0\System.Net.Requests.dll".
             Reference found at search path location "{RawFileName}".
             This reference is not "CopyLocal" because at least one source item had "Private" set to "false" and no source items had "Private" set to "true".
         Primary reference "System.Net.Security, Version=9.0.0.0, Culture=neutral, PublicKeyToken=b03f5f7f11d50a3a".
             Resolved file path is "C:\Program Files\dotnet\packs\Microsoft.NETCore.App.Ref\9.0.11\ref\net9.0\System.Net.Security.dll".
             Reference found at search path location "{RawFileName}".
             This reference is not "CopyLocal" because at least one source item had "Private" set to "false" and no source items had "Private" set to "true".
         Primary reference "System.Net.ServicePoint, Version=9.0.0.0, Culture=neutral, PublicKeyToken=cc7b13ffcd2ddd51".
             Resolved file path is "C:\Program Files\dotnet\packs\Microsoft.NETCore.App.Ref\9.0.11\ref\net9.0\System.Net.ServicePoint.dll".
             Reference found at search path location "{RawFileName}".
             This reference is not "CopyLocal" because at least one source item had "Private" set to "false" and no source items had "Private" set to "true".
         Primary reference "System.Net.Sockets, Version=9.0.0.0, Culture=neutral, PublicKeyToken=b03f5f7f11d50a3a".
             Resolved file path is "C:\Program Files\dotnet\packs\Microsoft.NETCore.App.Ref\9.0.11\ref\net9.0\System.Net.Sockets.dll".
             Reference found at search path location "{RawFileName}".
             This reference is not "CopyLocal" because at least one source item had "Private" set to "false" and no source items had "Private" set to "true".
         Primary reference "System.Net.WebClient, Version=9.0.0.0, Culture=neutral, PublicKeyToken=cc7b13ffcd2ddd51".
             Resolved file path is "C:\Program Files\dotnet\packs\Microsoft.NETCore.App.Ref\9.0.11\ref\net9.0\System.Net.WebClient.dll".
             Reference found at search path location "{RawFileName}".
             This reference is not "CopyLocal" because at least one source item had "Private" set to "false" and no source items had "Private" set to "true".
         Primary reference "System.Net.WebHeaderCollection, Version=9.0.0.0, Culture=neutral, PublicKeyToken=b03f5f7f11d50a3a".
             Resolved file path is "C:\Program Files\dotnet\packs\Microsoft.NETCore.App.Ref\9.0.11\ref\net9.0\System.Net.WebHeaderCollection.dll".
             Reference found at search path location "{RawFileName}".
             This reference is not "CopyLocal" because at least one source item had "Private" set to "false" and no source items had "Private" set to "true".
         Primary reference "System.Net.WebProxy, Version=9.0.0.0, Culture=neutral, PublicKeyToken=cc7b13ffcd2ddd51".
             Resolved file path is "C:\Program Files\dotnet\packs\Microsoft.NETCore.App.Ref\9.0.11\ref\net9.0\System.Net.WebProxy.dll".
             Reference found at search path location "{RawFileName}".
             This reference is not "CopyLocal" because at least one source item had "Private" set to "false" and no source items had "Private" set to "true".
         Primary reference "System.Net.WebSockets.Client, Version=9.0.0.0, Culture=neutral, PublicKeyToken=b03f5f7f11d50a3a".
             Resolved file path is "C:\Program Files\dotnet\packs\Microsoft.NETCore.App.Ref\9.0.11\ref\net9.0\System.Net.WebSockets.Client.dll".
             Reference found at search path location "{RawFileName}".
             This reference is not "CopyLocal" because at least one source item had "Private" set to "false" and no source items had "Private" set to "true".
         Primary reference "System.Net.WebSockets, Version=9.0.0.0, Culture=neutral, PublicKeyToken=b03f5f7f11d50a3a".
             Resolved file path is "C:\Program Files\dotnet\packs\Microsoft.NETCore.App.Ref\9.0.11\ref\net9.0\System.Net.WebSockets.dll".
             Reference found at search path location "{RawFileName}".
             This reference is not "CopyLocal" because at least one source item had "Private" set to "false" and no source items had "Private" set to "true".
         Primary reference "System.Net, Version=4.0.0.0, Culture=neutral, PublicKeyToken=b03f5f7f11d50a3a".
             Resolved file path is "C:\Program Files\dotnet\packs\Microsoft.NETCore.App.Ref\9.0.11\ref\net9.0\System.Net.dll".
             Reference found at search path location "{RawFileName}".
             This reference is not "CopyLocal" because at least one source item had "Private" set to "false" and no source items had "Private" set to "true".
         Primary reference "System.Numerics.Vectors, Version=9.0.0.0, Culture=neutral, PublicKeyToken=b03f5f7f11d50a3a".
             Resolved file path is "C:\Program Files\dotnet\packs\Microsoft.NETCore.App.Ref\9.0.11\ref\net9.0\System.Numerics.Vectors.dll".
             Reference found at search path location "{RawFileName}".
             This reference is not "CopyLocal" because at least one source item had "Private" set to "false" and no source items had "Private" set to "true".
         Primary reference "System.Numerics, Version=4.0.0.0, Culture=neutral, PublicKeyToken=b77a5c561934e089".
             Resolved file path is "C:\Program Files\dotnet\packs\Microsoft.NETCore.App.Ref\9.0.11\ref\net9.0\System.Numerics.dll".
             Reference found at search path location "{RawFileName}".
             This reference is not "CopyLocal" because at least one source item had "Private" set to "false" and no source items had "Private" set to "true".
         Primary reference "System.ObjectModel, Version=9.0.0.0, Culture=neutral, PublicKeyToken=b03f5f7f11d50a3a".
             Resolved file path is "C:\Program Files\dotnet\packs\Microsoft.NETCore.App.Ref\9.0.11\ref\net9.0\System.ObjectModel.dll".
             Reference found at search path location "{RawFileName}".
             This reference is not "CopyLocal" because at least one source item had "Private" set to "false" and no source items had "Private" set to "true".
         Primary reference "System.Reflection.DispatchProxy, Version=9.0.0.0, Culture=neutral, PublicKeyToken=b03f5f7f11d50a3a".
             Resolved file path is "C:\Program Files\dotnet\packs\Microsoft.NETCore.App.Ref\9.0.11\ref\net9.0\System.Reflection.DispatchProxy.dll".
             Reference found at search path location "{RawFileName}".
             This reference is not "CopyLocal" because at least one source item had "Private" set to "false" and no source items had "Private" set to "true".
         Primary reference "System.Reflection.Emit.ILGeneration, Version=9.0.0.0, Culture=neutral, PublicKeyToken=b03f5f7f11d50a3a".
             Resolved file path is "C:\Program Files\dotnet\packs\Microsoft.NETCore.App.Ref\9.0.11\ref\net9.0\System.Reflection.Emit.ILGeneration.dll".
             Reference found at search path location "{RawFileName}".
             This reference is not "CopyLocal" because at least one source item had "Private" set to "false" and no source items had "Private" set to "true".
         Primary reference "System.Reflection.Emit.Lightweight, Version=9.0.0.0, Culture=neutral, PublicKeyToken=b03f5f7f11d50a3a".
             Resolved file path is "C:\Program Files\dotnet\packs\Microsoft.NETCore.App.Ref\9.0.11\ref\net9.0\System.Reflection.Emit.Lightweight.dll".
             Reference found at search path location "{RawFileName}".
             This reference is not "CopyLocal" because at least one source item had "Private" set to "false" and no source items had "Private" set to "true".
         Primary reference "System.Reflection.Emit, Version=9.0.0.0, Culture=neutral, PublicKeyToken=b03f5f7f11d50a3a".
             Resolved file path is "C:\Program Files\dotnet\packs\Microsoft.NETCore.App.Ref\9.0.11\ref\net9.0\System.Reflection.Emit.dll".
             Reference found at search path location "{RawFileName}".
             This reference is not "CopyLocal" because at least one source item had "Private" set to "false" and no source items had "Private" set to "true".
         Primary reference "System.Reflection.Extensions, Version=9.0.0.0, Culture=neutral, PublicKeyToken=b03f5f7f11d50a3a".
             Resolved file path is "C:\Program Files\dotnet\packs\Microsoft.NETCore.App.Ref\9.0.11\ref\net9.0\System.Reflection.Extensions.dll".
             Reference found at search path location "{RawFileName}".
             This reference is not "CopyLocal" because at least one source item had "Private" set to "false" and no source items had "Private" set to "true".
         Primary reference "System.Reflection.Metadata, Version=9.0.0.0, Culture=neutral, PublicKeyToken=b03f5f7f11d50a3a".
             Resolved file path is "C:\Program Files\dotnet\packs\Microsoft.NETCore.App.Ref\9.0.11\ref\net9.0\System.Reflection.Metadata.dll".
             Reference found at search path location "{RawFileName}".
             This reference is not "CopyLocal" because at least one source item had "Private" set to "false" and no source items had "Private" set to "true".
         Primary reference "System.Reflection.Primitives, Version=9.0.0.0, Culture=neutral, PublicKeyToken=b03f5f7f11d50a3a".
             Resolved file path is "C:\Program Files\dotnet\packs\Microsoft.NETCore.App.Ref\9.0.11\ref\net9.0\System.Reflection.Primitives.dll".
             Reference found at search path location "{RawFileName}".
             This reference is not "CopyLocal" because at least one source item had "Private" set to "false" and no source items had "Private" set to "true".
         Primary reference "System.Reflection.TypeExtensions, Version=9.0.0.0, Culture=neutral, PublicKeyToken=b03f5f7f11d50a3a".
             Resolved file path is "C:\Program Files\dotnet\packs\Microsoft.NETCore.App.Ref\9.0.11\ref\net9.0\System.Reflection.TypeExtensions.dll".
             Reference found at search path location "{RawFileName}".
             This reference is not "CopyLocal" because at least one source item had "Private" set to "false" and no source items had "Private" set to "true".
         Primary reference "System.Reflection, Version=9.0.0.0, Culture=neutral, PublicKeyToken=b03f5f7f11d50a3a".
             Resolved file path is "C:\Program Files\dotnet\packs\Microsoft.NETCore.App.Ref\9.0.11\ref\net9.0\System.Reflection.dll".
             Reference found at search path location "{RawFileName}".
             This reference is not "CopyLocal" because at least one source item had "Private" set to "false" and no source items had "Private" set to "true".
         Primary reference "System.Resources.Reader, Version=9.0.0.0, Culture=neutral, PublicKeyToken=b03f5f7f11d50a3a".
             Resolved file path is "C:\Program Files\dotnet\packs\Microsoft.NETCore.App.Ref\9.0.11\ref\net9.0\System.Resources.Reader.dll".
             Reference found at search path location "{RawFileName}".
             This reference is not "CopyLocal" because at least one source item had "Private" set to "false" and no source items had "Private" set to "true".
         Primary reference "System.Resources.ResourceManager, Version=9.0.0.0, Culture=neutral, PublicKeyToken=b03f5f7f11d50a3a".
             Resolved file path is "C:\Program Files\dotnet\packs\Microsoft.NETCore.App.Ref\9.0.11\ref\net9.0\System.Resources.ResourceManager.dll".
             Reference found at search path location "{RawFileName}".
             This reference is not "CopyLocal" because at least one source item had "Private" set to "false" and no source items had "Private" set to "true".
         Primary reference "System.Resources.Writer, Version=9.0.0.0, Culture=neutral, PublicKeyToken=b03f5f7f11d50a3a".
             Resolved file path is "C:\Program Files\dotnet\packs\Microsoft.NETCore.App.Ref\9.0.11\ref\net9.0\System.Resources.Writer.dll".
             Reference found at search path location "{RawFileName}".
             This reference is not "CopyLocal" because at least one source item had "Private" set to "false" and no source items had "Private" set to "true".
         Primary reference "System.Runtime.CompilerServices.Unsafe, Version=9.0.0.0, Culture=neutral, PublicKeyToken=b03f5f7f11d50a3a".
             Resolved file path is "C:\Program Files\dotnet\packs\Microsoft.NETCore.App.Ref\9.0.11\ref\net9.0\System.Runtime.CompilerServices.Unsafe.dll".
             Reference found at search path location "{RawFileName}".
             This reference is not "CopyLocal" because at least one source item had "Private" set to "false" and no source items had "Private" set to "true".
         Primary reference "System.Runtime.CompilerServices.VisualC, Version=9.0.0.0, Culture=neutral, PublicKeyToken=b03f5f7f11d50a3a".
             Resolved file path is "C:\Program Files\dotnet\packs\Microsoft.NETCore.App.Ref\9.0.11\ref\net9.0\System.Runtime.CompilerServices.VisualC.dll".
             Reference found at search path location "{RawFileName}".
             This reference is not "CopyLocal" because at least one source item had "Private" set to "false" and no source items had "Private" set to "true".
         Primary reference "System.Runtime.Extensions, Version=9.0.0.0, Culture=neutral, PublicKeyToken=b03f5f7f11d50a3a".
             Resolved file path is "C:\Program Files\dotnet\packs\Microsoft.NETCore.App.Ref\9.0.11\ref\net9.0\System.Runtime.Extensions.dll".
             Reference found at search path location "{RawFileName}".
             This reference is not "CopyLocal" because at least one source item had "Private" set to "false" and no source items had "Private" set to "true".
         Primary reference "System.Runtime.Handles, Version=9.0.0.0, Culture=neutral, PublicKeyToken=b03f5f7f11d50a3a".
             Resolved file path is "C:\Program Files\dotnet\packs\Microsoft.NETCore.App.Ref\9.0.11\ref\net9.0\System.Runtime.Handles.dll".
             Reference found at search path location "{RawFileName}".
             This reference is not "CopyLocal" because at least one source item had "Private" set to "false" and no source items had "Private" set to "true".
         Primary reference "System.Runtime.InteropServices.JavaScript, Version=9.0.0.0, Culture=neutral, PublicKeyToken=b03f5f7f11d50a3a".
             Resolved file path is "C:\Program Files\dotnet\packs\Microsoft.NETCore.App.Ref\9.0.11\ref\net9.0\System.Runtime.InteropServices.JavaScript.dll".
             Reference found at search path location "{RawFileName}".
             This reference is not "CopyLocal" because at least one source item had "Private" set to "false" and no source items had "Private" set to "true".
         Primary reference "System.Runtime.InteropServices.RuntimeInformation, Version=9.0.0.0, Culture=neutral, PublicKeyToken=b03f5f7f11d50a3a".
             Resolved file path is "C:\Program Files\dotnet\packs\Microsoft.NETCore.App.Ref\9.0.11\ref\net9.0\System.Runtime.InteropServices.RuntimeInformation.dll".
             Reference found at search path location "{RawFileName}".
             This reference is not "CopyLocal" because at least one source item had "Private" set to "false" and no source items had "Private" set to "true".
         Primary reference "System.Runtime.InteropServices, Version=9.0.0.0, Culture=neutral, PublicKeyToken=b03f5f7f11d50a3a".
             Resolved file path is "C:\Program Files\dotnet\packs\Microsoft.NETCore.App.Ref\9.0.11\ref\net9.0\System.Runtime.InteropServices.dll".
             Reference found at search path location "{RawFileName}".
             This reference is not "CopyLocal" because at least one source item had "Private" set to "false" and no source items had "Private" set to "true".
         Primary reference "System.Runtime.Intrinsics, Version=9.0.0.0, Culture=neutral, PublicKeyToken=cc7b13ffcd2ddd51".
             Resolved file path is "C:\Program Files\dotnet\packs\Microsoft.NETCore.App.Ref\9.0.11\ref\net9.0\System.Runtime.Intrinsics.dll".
             Reference found at search path location "{RawFileName}".
             This reference is not "CopyLocal" because at least one source item had "Private" set to "false" and no source items had "Private" set to "true".
         Primary reference "System.Runtime.Loader, Version=9.0.0.0, Culture=neutral, PublicKeyToken=b03f5f7f11d50a3a".
             Resolved file path is "C:\Program Files\dotnet\packs\Microsoft.NETCore.App.Ref\9.0.11\ref\net9.0\System.Runtime.Loader.dll".
             Reference found at search path location "{RawFileName}".
             This reference is not "CopyLocal" because at least one source item had "Private" set to "false" and no source items had "Private" set to "true".
         Primary reference "System.Runtime.Numerics, Version=9.0.0.0, Culture=neutral, PublicKeyToken=b03f5f7f11d50a3a".
             Resolved file path is "C:\Program Files\dotnet\packs\Microsoft.NETCore.App.Ref\9.0.11\ref\net9.0\System.Runtime.Numerics.dll".
             Reference found at search path location "{RawFileName}".
             This reference is not "CopyLocal" because at least one source item had "Private" set to "false" and no source items had "Private" set to "true".
         Primary reference "System.Runtime.Serialization.Formatters, Version=8.1.0.0, Culture=neutral, PublicKeyToken=b03f5f7f11d50a3a".
             Resolved file path is "C:\Program Files\dotnet\packs\Microsoft.NETCore.App.Ref\9.0.11\ref\net9.0\System.Runtime.Serialization.Formatters.dll".
             Reference found at search path location "{RawFileName}".
             This reference is not "CopyLocal" because at least one source item had "Private" set to "false" and no source items had "Private" set to "true".
         Primary reference "System.Runtime.Serialization.Json, Version=9.0.0.0, Culture=neutral, PublicKeyToken=b03f5f7f11d50a3a".
             Resolved file path is "C:\Program Files\dotnet\packs\Microsoft.NETCore.App.Ref\9.0.11\ref\net9.0\System.Runtime.Serialization.Json.dll".
             Reference found at search path location "{RawFileName}".
             This reference is not "CopyLocal" because at least one source item had "Private" set to "false" and no source items had "Private" set to "true".
         Primary reference "System.Runtime.Serialization.Primitives, Version=9.0.0.0, Culture=neutral, PublicKeyToken=b03f5f7f11d50a3a".
             Resolved file path is "C:\Program Files\dotnet\packs\Microsoft.NETCore.App.Ref\9.0.11\ref\net9.0\System.Runtime.Serialization.Primitives.dll".
             Reference found at search path location "{RawFileName}".
             This reference is not "CopyLocal" because at least one source item had "Private" set to "false" and no source items had "Private" set to "true".
         Primary reference "System.Runtime.Serialization.Xml, Version=9.0.0.0, Culture=neutral, PublicKeyToken=b03f5f7f11d50a3a".
             Resolved file path is "C:\Program Files\dotnet\packs\Microsoft.NETCore.App.Ref\9.0.11\ref\net9.0\System.Runtime.Serialization.Xml.dll".
             Reference found at search path location "{RawFileName}".
             This reference is not "CopyLocal" because at least one source item had "Private" set to "false" and no source items had "Private" set to "true".
         Primary reference "System.Runtime.Serialization, Version=4.0.0.0, Culture=neutral, PublicKeyToken=b77a5c561934e089".
             Resolved file path is "C:\Program Files\dotnet\packs\Microsoft.NETCore.App.Ref\9.0.11\ref\net9.0\System.Runtime.Serialization.dll".
             Reference found at search path location "{RawFileName}".
             This reference is not "CopyLocal" because at least one source item had "Private" set to "false" and no source items had "Private" set to "true".
         Primary reference "System.Runtime, Version=9.0.0.0, Culture=neutral, PublicKeyToken=b03f5f7f11d50a3a".
             Resolved file path is "C:\Program Files\dotnet\packs\Microsoft.NETCore.App.Ref\9.0.11\ref\net9.0\System.Runtime.dll".
             Reference found at search path location "{RawFileName}".
             This reference is not "CopyLocal" because at least one source item had "Private" set to "false" and no source items had "Private" set to "true".
         Primary reference "System.Security.AccessControl, Version=9.0.0.0, Culture=neutral, PublicKeyToken=b03f5f7f11d50a3a".
             Resolved file path is "C:\Program Files\dotnet\packs\Microsoft.NETCore.App.Ref\9.0.11\ref\net9.0\System.Security.AccessControl.dll".
             Reference found at search path location "{RawFileName}".
             This reference is not "CopyLocal" because at least one source item had "Private" set to "false" and no source items had "Private" set to "true".
         Primary reference "System.Security.Claims, Version=9.0.0.0, Culture=neutral, PublicKeyToken=b03f5f7f11d50a3a".
             Resolved file path is "C:\Program Files\dotnet\packs\Microsoft.NETCore.App.Ref\9.0.11\ref\net9.0\System.Security.Claims.dll".
             Reference found at search path location "{RawFileName}".
             This reference is not "CopyLocal" because at least one source item had "Private" set to "false" and no source items had "Private" set to "true".
         Primary reference "System.Security.Cryptography.Algorithms, Version=9.0.0.0, Culture=neutral, PublicKeyToken=b03f5f7f11d50a3a".
             Resolved file path is "C:\Program Files\dotnet\packs\Microsoft.NETCore.App.Ref\9.0.11\ref\net9.0\System.Security.Cryptography.Algorithms.dll".
             Reference found at search path location "{RawFileName}".
             This reference is not "CopyLocal" because at least one source item had "Private" set to "false" and no source items had "Private" set to "true".
         Primary reference "System.Security.Cryptography.Cng, Version=9.0.0.0, Culture=neutral, PublicKeyToken=b03f5f7f11d50a3a".
             Resolved file path is "C:\Program Files\dotnet\packs\Microsoft.NETCore.App.Ref\9.0.11\ref\net9.0\System.Security.Cryptography.Cng.dll".
             Reference found at search path location "{RawFileName}".
             This reference is not "CopyLocal" because at least one source item had "Private" set to "false" and no source items had "Private" set to "true".
         Primary reference "System.Security.Cryptography.Csp, Version=9.0.0.0, Culture=neutral, PublicKeyToken=b03f5f7f11d50a3a".
             Resolved file path is "C:\Program Files\dotnet\packs\Microsoft.NETCore.App.Ref\9.0.11\ref\net9.0\System.Security.Cryptography.Csp.dll".
             Reference found at search path location "{RawFileName}".
             This reference is not "CopyLocal" because at least one source item had "Private" set to "false" and no source items had "Private" set to "true".
         Primary reference "System.Security.Cryptography.Encoding, Version=9.0.0.0, Culture=neutral, PublicKeyToken=b03f5f7f11d50a3a".
             Resolved file path is "C:\Program Files\dotnet\packs\Microsoft.NETCore.App.Ref\9.0.11\ref\net9.0\System.Security.Cryptography.Encoding.dll".
             Reference found at search path location "{RawFileName}".
             This reference is not "CopyLocal" because at least one source item had "Private" set to "false" and no source items had "Private" set to "true".
         Primary reference "System.Security.Cryptography.OpenSsl, Version=9.0.0.0, Culture=neutral, PublicKeyToken=b03f5f7f11d50a3a".
             Resolved file path is "C:\Program Files\dotnet\packs\Microsoft.NETCore.App.Ref\9.0.11\ref\net9.0\System.Security.Cryptography.OpenSsl.dll".
             Reference found at search path location "{RawFileName}".
             This reference is not "CopyLocal" because at least one source item had "Private" set to "false" and no source items had "Private" set to "true".
         Primary reference "System.Security.Cryptography.Primitives, Version=9.0.0.0, Culture=neutral, PublicKeyToken=b03f5f7f11d50a3a".
             Resolved file path is "C:\Program Files\dotnet\packs\Microsoft.NETCore.App.Ref\9.0.11\ref\net9.0\System.Security.Cryptography.Primitives.dll".
             Reference found at search path location "{RawFileName}".
             This reference is not "CopyLocal" because at least one source item had "Private" set to "false" and no source items had "Private" set to "true".
         Primary reference "System.Security.Cryptography.X509Certificates, Version=9.0.0.0, Culture=neutral, PublicKeyToken=b03f5f7f11d50a3a".
             Resolved file path is "C:\Program Files\dotnet\packs\Microsoft.NETCore.App.Ref\9.0.11\ref\net9.0\System.Security.Cryptography.X509Certificates.dll".
             Reference found at search path location "{RawFileName}".
             This reference is not "CopyLocal" because at least one source item had "Private" set to "false" and no source items had "Private" set to "true".
         Primary reference "System.Security.Cryptography, Version=9.0.0.0, Culture=neutral, PublicKeyToken=b03f5f7f11d50a3a".
             Resolved file path is "C:\Program Files\dotnet\packs\Microsoft.NETCore.App.Ref\9.0.11\ref\net9.0\System.Security.Cryptography.dll".
             Reference found at search path location "{RawFileName}".
             This reference is not "CopyLocal" because at least one source item had "Private" set to "false" and no source items had "Private" set to "true".
         Primary reference "System.Security.Principal.Windows, Version=9.0.0.0, Culture=neutral, PublicKeyToken=b03f5f7f11d50a3a".
             Resolved file path is "C:\Program Files\dotnet\packs\Microsoft.NETCore.App.Ref\9.0.11\ref\net9.0\System.Security.Principal.Windows.dll".
             Reference found at search path location "{RawFileName}".
             This reference is not "CopyLocal" because at least one source item had "Private" set to "false" and no source items had "Private" set to "true".
         Primary reference "System.Security.Principal, Version=9.0.0.0, Culture=neutral, PublicKeyToken=b03f5f7f11d50a3a".
             Resolved file path is "C:\Program Files\dotnet\packs\Microsoft.NETCore.App.Ref\9.0.11\ref\net9.0\System.Security.Principal.dll".
             Reference found at search path location "{RawFileName}".
             This reference is not "CopyLocal" because at least one source item had "Private" set to "false" and no source items had "Private" set to "true".
         Primary reference "System.Security.SecureString, Version=9.0.0.0, Culture=neutral, PublicKeyToken=b03f5f7f11d50a3a".
             Resolved file path is "C:\Program Files\dotnet\packs\Microsoft.NETCore.App.Ref\9.0.11\ref\net9.0\System.Security.SecureString.dll".
             Reference found at search path location "{RawFileName}".
             This reference is not "CopyLocal" because at least one source item had "Private" set to "false" and no source items had "Private" set to "true".
         Primary reference "System.Security, Version=4.0.0.0, Culture=neutral, PublicKeyToken=b03f5f7f11d50a3a".
             Resolved file path is "C:\Program Files\dotnet\packs\Microsoft.NETCore.App.Ref\9.0.11\ref\net9.0\System.Security.dll".
             Reference found at search path location "{RawFileName}".
             This reference is not "CopyLocal" because at least one source item had "Private" set to "false" and no source items had "Private" set to "true".
         Primary reference "System.ServiceModel.Web, Version=4.0.0.0, Culture=neutral, PublicKeyToken=31bf3856ad364e35".
             Resolved file path is "C:\Program Files\dotnet\packs\Microsoft.NETCore.App.Ref\9.0.11\ref\net9.0\System.ServiceModel.Web.dll".
             Reference found at search path location "{RawFileName}".
             This reference is not "CopyLocal" because at least one source item had "Private" set to "false" and no source items had "Private" set to "true".
         Primary reference "System.ServiceProcess, Version=4.0.0.0, Culture=neutral, PublicKeyToken=b03f5f7f11d50a3a".
             Resolved file path is "C:\Program Files\dotnet\packs\Microsoft.NETCore.App.Ref\9.0.11\ref\net9.0\System.ServiceProcess.dll".
             Reference found at search path location "{RawFileName}".
             This reference is not "CopyLocal" because at least one source item had "Private" set to "false" and no source items had "Private" set to "true".
         Primary reference "System.Text.Encoding.CodePages, Version=9.0.0.0, Culture=neutral, PublicKeyToken=b03f5f7f11d50a3a".
             Resolved file path is "C:\Program Files\dotnet\packs\Microsoft.NETCore.App.Ref\9.0.11\ref\net9.0\System.Text.Encoding.CodePages.dll".
             Reference found at search path location "{RawFileName}".
             This reference is not "CopyLocal" because at least one source item had "Private" set to "false" and no source items had "Private" set to "true".
         Primary reference "System.Text.Encoding.Extensions, Version=9.0.0.0, Culture=neutral, PublicKeyToken=b03f5f7f11d50a3a".
             Resolved file path is "C:\Program Files\dotnet\packs\Microsoft.NETCore.App.Ref\9.0.11\ref\net9.0\System.Text.Encoding.Extensions.dll".
             Reference found at search path location "{RawFileName}".
             This reference is not "CopyLocal" because at least one source item had "Private" set to "false" and no source items had "Private" set to "true".
         Primary reference "System.Text.Encoding, Version=9.0.0.0, Culture=neutral, PublicKeyToken=b03f5f7f11d50a3a".
             Resolved file path is "C:\Program Files\dotnet\packs\Microsoft.NETCore.App.Ref\9.0.11\ref\net9.0\System.Text.Encoding.dll".
             Reference found at search path location "{RawFileName}".
             This reference is not "CopyLocal" because at least one source item had "Private" set to "false" and no source items had "Private" set to "true".
         Primary reference "System.Text.Encodings.Web, Version=9.0.0.0, Culture=neutral, PublicKeyToken=cc7b13ffcd2ddd51".
             Resolved file path is "C:\Program Files\dotnet\packs\Microsoft.NETCore.App.Ref\9.0.11\ref\net9.0\System.Text.Encodings.Web.dll".
             Reference found at search path location "{RawFileName}".
             This reference is not "CopyLocal" because at least one source item had "Private" set to "false" and no source items had "Private" set to "true".
         Primary reference "System.Text.Json, Version=9.0.0.0, Culture=neutral, PublicKeyToken=cc7b13ffcd2ddd51".
             Resolved file path is "C:\Program Files\dotnet\packs\Microsoft.NETCore.App.Ref\9.0.11\ref\net9.0\System.Text.Json.dll".
             Reference found at search path location "{RawFileName}".
             This reference is not "CopyLocal" because at least one source item had "Private" set to "false" and no source items had "Private" set to "true".
         Primary reference "System.Text.RegularExpressions, Version=9.0.0.0, Culture=neutral, PublicKeyToken=b03f5f7f11d50a3a".
             Resolved file path is "C:\Program Files\dotnet\packs\Microsoft.NETCore.App.Ref\9.0.11\ref\net9.0\System.Text.RegularExpressions.dll".
             Reference found at search path location "{RawFileName}".
             This reference is not "CopyLocal" because at least one source item had "Private" set to "false" and no source items had "Private" set to "true".
         Primary reference "System.Threading.Channels, Version=9.0.0.0, Culture=neutral, PublicKeyToken=cc7b13ffcd2ddd51".
             Resolved file path is "C:\Program Files\dotnet\packs\Microsoft.NETCore.App.Ref\9.0.11\ref\net9.0\System.Threading.Channels.dll".
             Reference found at search path location "{RawFileName}".
             This reference is not "CopyLocal" because at least one source item had "Private" set to "false" and no source items had "Private" set to "true".
         Primary reference "System.Threading.Overlapped, Version=9.0.0.0, Culture=neutral, PublicKeyToken=b03f5f7f11d50a3a".
             Resolved file path is "C:\Program Files\dotnet\packs\Microsoft.NETCore.App.Ref\9.0.11\ref\net9.0\System.Threading.Overlapped.dll".
             Reference found at search path location "{RawFileName}".
             This reference is not "CopyLocal" because at least one source item had "Private" set to "false" and no source items had "Private" set to "true".
         Primary reference "System.Threading.Tasks.Dataflow, Version=9.0.0.0, Culture=neutral, PublicKeyToken=b03f5f7f11d50a3a".
             Resolved file path is "C:\Program Files\dotnet\packs\Microsoft.NETCore.App.Ref\9.0.11\ref\net9.0\System.Threading.Tasks.Dataflow.dll".
             Reference found at search path location "{RawFileName}".
             This reference is not "CopyLocal" because at least one source item had "Private" set to "false" and no source items had "Private" set to "true".
         Primary reference "System.Threading.Tasks.Extensions, Version=9.0.0.0, Culture=neutral, PublicKeyToken=cc7b13ffcd2ddd51".
             Resolved file path is "C:\Program Files\dotnet\packs\Microsoft.NETCore.App.Ref\9.0.11\ref\net9.0\System.Threading.Tasks.Extensions.dll".
             Reference found at search path location "{RawFileName}".
             This reference is not "CopyLocal" because at least one source item had "Private" set to "false" and no source items had "Private" set to "true".
         Primary reference "System.Threading.Tasks.Parallel, Version=9.0.0.0, Culture=neutral, PublicKeyToken=b03f5f7f11d50a3a".
             Resolved file path is "C:\Program Files\dotnet\packs\Microsoft.NETCore.App.Ref\9.0.11\ref\net9.0\System.Threading.Tasks.Parallel.dll".
             Reference found at search path location "{RawFileName}".
             This reference is not "CopyLocal" because at least one source item had "Private" set to "false" and no source items had "Private" set to "true".
         Primary reference "System.Threading.Tasks, Version=9.0.0.0, Culture=neutral, PublicKeyToken=b03f5f7f11d50a3a".
             Resolved file path is "C:\Program Files\dotnet\packs\Microsoft.NETCore.App.Ref\9.0.11\ref\net9.0\System.Threading.Tasks.dll".
             Reference found at search path location "{RawFileName}".
             This reference is not "CopyLocal" because at least one source item had "Private" set to "false" and no source items had "Private" set to "true".
         Primary reference "System.Threading.Thread, Version=9.0.0.0, Culture=neutral, PublicKeyToken=b03f5f7f11d50a3a".
             Resolved file path is "C:\Program Files\dotnet\packs\Microsoft.NETCore.App.Ref\9.0.11\ref\net9.0\System.Threading.Thread.dll".
             Reference found at search path location "{RawFileName}".
             This reference is not "CopyLocal" because at least one source item had "Private" set to "false" and no source items had "Private" set to "true".
         Primary reference "System.Threading.ThreadPool, Version=9.0.0.0, Culture=neutral, PublicKeyToken=b03f5f7f11d50a3a".
             Resolved file path is "C:\Program Files\dotnet\packs\Microsoft.NETCore.App.Ref\9.0.11\ref\net9.0\System.Threading.ThreadPool.dll".
             Reference found at search path location "{RawFileName}".
             This reference is not "CopyLocal" because at least one source item had "Private" set to "false" and no source items had "Private" set to "true".
         Primary reference "System.Threading.Timer, Version=9.0.0.0, Culture=neutral, PublicKeyToken=b03f5f7f11d50a3a".
             Resolved file path is "C:\Program Files\dotnet\packs\Microsoft.NETCore.App.Ref\9.0.11\ref\net9.0\System.Threading.Timer.dll".
             Reference found at search path location "{RawFileName}".
             This reference is not "CopyLocal" because at least one source item had "Private" set to "false" and no source items had "Private" set to "true".
         Primary reference "System.Threading, Version=9.0.0.0, Culture=neutral, PublicKeyToken=b03f5f7f11d50a3a".
             Resolved file path is "C:\Program Files\dotnet\packs\Microsoft.NETCore.App.Ref\9.0.11\ref\net9.0\System.Threading.dll".
             Reference found at search path location "{RawFileName}".
             This reference is not "CopyLocal" because at least one source item had "Private" set to "false" and no source items had "Private" set to "true".
         Primary reference "System.Transactions.Local, Version=9.0.0.0, Culture=neutral, PublicKeyToken=cc7b13ffcd2ddd51".
             Resolved file path is "C:\Program Files\dotnet\packs\Microsoft.NETCore.App.Ref\9.0.11\ref\net9.0\System.Transactions.Local.dll".
             Reference found at search path location "{RawFileName}".
             This reference is not "CopyLocal" because at least one source item had "Private" set to "false" and no source items had "Private" set to "true".
         Primary reference "System.Transactions, Version=4.0.0.0, Culture=neutral, PublicKeyToken=b77a5c561934e089".
             Resolved file path is "C:\Program Files\dotnet\packs\Microsoft.NETCore.App.Ref\9.0.11\ref\net9.0\System.Transactions.dll".
             Reference found at search path location "{RawFileName}".
             This reference is not "CopyLocal" because at least one source item had "Private" set to "false" and no source items had "Private" set to "true".
         Primary reference "System.ValueTuple, Version=9.0.0.0, Culture=neutral, PublicKeyToken=cc7b13ffcd2ddd51".
             Resolved file path is "C:\Program Files\dotnet\packs\Microsoft.NETCore.App.Ref\9.0.11\ref\net9.0\System.ValueTuple.dll".
             Reference found at search path location "{RawFileName}".
             This reference is not "CopyLocal" because at least one source item had "Private" set to "false" and no source items had "Private" set to "true".
         Primary reference "System.Web.HttpUtility, Version=9.0.0.0, Culture=neutral, PublicKeyToken=cc7b13ffcd2ddd51".
             Resolved file path is "C:\Program Files\dotnet\packs\Microsoft.NETCore.App.Ref\9.0.11\ref\net9.0\System.Web.HttpUtility.dll".
             Reference found at search path location "{RawFileName}".
             This reference is not "CopyLocal" because at least one source item had "Private" set to "false" and no source items had "Private" set to "true".
         Primary reference "System.Web, Version=4.0.0.0, Culture=neutral, PublicKeyToken=b03f5f7f11d50a3a".
             Resolved file path is "C:\Program Files\dotnet\packs\Microsoft.NETCore.App.Ref\9.0.11\ref\net9.0\System.Web.dll".
             Reference found at search path location "{RawFileName}".
             This reference is not "CopyLocal" because at least one source item had "Private" set to "false" and no source items had "Private" set to "true".
         Primary reference "System.Windows, Version=4.0.0.0, Culture=neutral, PublicKeyToken=b03f5f7f11d50a3a".
             Resolved file path is "C:\Program Files\dotnet\packs\Microsoft.NETCore.App.Ref\9.0.11\ref\net9.0\System.Windows.dll".
             Reference found at search path location "{RawFileName}".
             This reference is not "CopyLocal" because at least one source item had "Private" set to "false" and no source items had "Private" set to "true".
         Primary reference "System.Xml.Linq, Version=4.0.0.0, Culture=neutral, PublicKeyToken=b77a5c561934e089".
             Resolved file path is "C:\Program Files\dotnet\packs\Microsoft.NETCore.App.Ref\9.0.11\ref\net9.0\System.Xml.Linq.dll".
             Reference found at search path location "{RawFileName}".
             This reference is not "CopyLocal" because at least one source item had "Private" set to "false" and no source items had "Private" set to "true".
         Primary reference "System.Xml.ReaderWriter, Version=9.0.0.0, Culture=neutral, PublicKeyToken=b03f5f7f11d50a3a".
             Resolved file path is "C:\Program Files\dotnet\packs\Microsoft.NETCore.App.Ref\9.0.11\ref\net9.0\System.Xml.ReaderWriter.dll".
             Reference found at search path location "{RawFileName}".
             This reference is not "CopyLocal" because at least one source item had "Private" set to "false" and no source items had "Private" set to "true".
         Primary reference "System.Xml.Serialization, Version=4.0.0.0, Culture=neutral, PublicKeyToken=b77a5c561934e089".
             Resolved file path is "C:\Program Files\dotnet\packs\Microsoft.NETCore.App.Ref\9.0.11\ref\net9.0\System.Xml.Serialization.dll".
             Reference found at search path location "{RawFileName}".
             This reference is not "CopyLocal" because at least one source item had "Private" set to "false" and no source items had "Private" set to "true".
         Primary reference "System.Xml.XDocument, Version=9.0.0.0, Culture=neutral, PublicKeyToken=b03f5f7f11d50a3a".
             Resolved file path is "C:\Program Files\dotnet\packs\Microsoft.NETCore.App.Ref\9.0.11\ref\net9.0\System.Xml.XDocument.dll".
             Reference found at search path location "{RawFileName}".
             This reference is not "CopyLocal" because at least one source item had "Private" set to "false" and no source items had "Private" set to "true".
         Primary reference "System.Xml.XPath.XDocument, Version=9.0.0.0, Culture=neutral, PublicKeyToken=b03f5f7f11d50a3a".
             Resolved file path is "C:\Program Files\dotnet\packs\Microsoft.NETCore.App.Ref\9.0.11\ref\net9.0\System.Xml.XPath.XDocument.dll".
             Reference found at search path location "{RawFileName}".
             This reference is not "CopyLocal" because at least one source item had "Private" set to "false" and no source items had "Private" set to "true".
         Primary reference "System.Xml.XPath, Version=9.0.0.0, Culture=neutral, PublicKeyToken=b03f5f7f11d50a3a".
             Resolved file path is "C:\Program Files\dotnet\packs\Microsoft.NETCore.App.Ref\9.0.11\ref\net9.0\System.Xml.XPath.dll".
             Reference found at search path location "{RawFileName}".
             This reference is not "CopyLocal" because at least one source item had "Private" set to "false" and no source items had "Private" set to "true".
         Primary reference "System.Xml.XmlDocument, Version=9.0.0.0, Culture=neutral, PublicKeyToken=b03f5f7f11d50a3a".
             Resolved file path is "C:\Program Files\dotnet\packs\Microsoft.NETCore.App.Ref\9.0.11\ref\net9.0\System.Xml.XmlDocument.dll".
             Reference found at search path location "{RawFileName}".
             This reference is not "CopyLocal" because at least one source item had "Private" set to "false" and no source items had "Private" set to "true".
         Primary reference "System.Xml.XmlSerializer, Version=9.0.0.0, Culture=neutral, PublicKeyToken=b03f5f7f11d50a3a".
             Resolved file path is "C:\Program Files\dotnet\packs\Microsoft.NETCore.App.Ref\9.0.11\ref\net9.0\System.Xml.XmlSerializer.dll".
             Reference found at search path location "{RawFileName}".
             This reference is not "CopyLocal" because at least one source item had "Private" set to "false" and no source items had "Private" set to "true".
         Primary reference "System.Xml, Version=4.0.0.0, Culture=neutral, PublicKeyToken=b77a5c561934e089".
             Resolved file path is "C:\Program Files\dotnet\packs\Microsoft.NETCore.App.Ref\9.0.11\ref\net9.0\System.Xml.dll".
             Reference found at search path location "{RawFileName}".
             This reference is not "CopyLocal" because at least one source item had "Private" set to "false" and no source items had "Private" set to "true".
         Primary reference "System, Version=4.0.0.0, Culture=neutral, PublicKeyToken=b77a5c561934e089".
             Resolved file path is "C:\Program Files\dotnet\packs\Microsoft.NETCore.App.Ref\9.0.11\ref\net9.0\System.dll".
             Reference found at search path location "{RawFileName}".
             This reference is not "CopyLocal" because at least one source item had "Private" set to "false" and no source items had "Private" set to "true".
         Primary reference "WindowsBase, Version=4.0.0.0, Culture=neutral, PublicKeyToken=31bf3856ad364e35".
             Resolved file path is "C:\Program Files\dotnet\packs\Microsoft.NETCore.App.Ref\9.0.11\ref\net9.0\WindowsBase.dll".
             Reference found at search path location "{RawFileName}".
             This reference is not "CopyLocal" because at least one source item had "Private" set to "false" and no source items had "Private" set to "true".
         Primary reference "mscorlib, Version=4.0.0.0, Culture=neutral, PublicKeyToken=b77a5c561934e089".
             Resolved file path is "C:\Program Files\dotnet\packs\Microsoft.NETCore.App.Ref\9.0.11\ref\net9.0\mscorlib.dll".
             Reference found at search path location "{RawFileName}".
             This reference is not "CopyLocal" because at least one source item had "Private" set to "false" and no source items had "Private" set to "true".
         Primary reference "netstandard, Version=2.1.0.0, Culture=neutral, PublicKeyToken=cc7b13ffcd2ddd51".
             Resolved file path is "C:\Program Files\dotnet\packs\Microsoft.NETCore.App.Ref\9.0.11\ref\net9.0\netstandard.dll".
             Reference found at search path location "{RawFileName}".
             This reference is not "CopyLocal" because at least one source item had "Private" set to "false" and no source items had "Private" set to "true".
       Done executing task "ResolveAssemblyReference".
   2:7>Done building target "ResolveAssemblyReferences" in project "FreshProduce.Application.csproj".
   2:7>Target "AfterResolveReferences" in file "C:\Program Files\dotnet\sdk\10.0.101\Microsoft.Common.CurrentVersion.targets" from project "D:\P.L\Flutter\fresh_produce_app\FreshProduce.Application\FreshProduce.Application.csproj" (target "ResolveReferences" depends on it):
   2:7>Done building target "AfterResolveReferences" in project "FreshProduce.Application.csproj".
   2:7>Target "ResolveReferences" in file "C:\Program Files\dotnet\sdk\10.0.101\Microsoft.Common.CurrentVersion.targets" from project "D:\P.L\Flutter\fresh_produce_app\FreshProduce.Application\FreshProduce.Application.csproj" (target "_BlockWinMDsOnUnsupportedTFMs" depends on it):
   2:7>Done building target "ResolveReferences" in project "FreshProduce.Application.csproj".
   2:7>Target "_BlockWinMDsOnUnsupportedTFMs" in file "C:\Program Files\dotnet\sdk\10.0.101\Sdks\Microsoft.NET.Sdk\targets\Microsoft.NET.Sdk.targets" from project "D:\P.L\Flutter\fresh_produce_app\FreshProduce.Application\FreshProduce.Application.csproj" (target "CoreBuild" depends on it):
       Using "CheckForUnsupportedWinMDReferences" task from assembly "C:\Program Files\dotnet\sdk\10.0.101\Sdks\Microsoft.NET.Sdk\targets\..\tools\net10.0\Microsoft.NET.Build.Tasks.dll".
       Task "CheckForUnsupportedWinMDReferences"
       Done executing task "CheckForUnsupportedWinMDReferences".
   2:7>Done building target "_BlockWinMDsOnUnsupportedTFMs" in project "FreshProduce.Application.csproj".
       Target "ResolveReferences" skipped. Previously built successfully.
       Target "ResolvePackageDependenciesForBuild" skipped. Previously built successfully.
       Target "_HandlePackageFileConflicts" skipped. Previously built successfully.
   2:7>Target "CopyAdditionalFiles" in file "C:\Program Files\dotnet\sdk\10.0.101\Roslyn\Microsoft.Managed.Core.targets" from project "D:\P.L\Flutter\fresh_produce_app\FreshProduce.Application\FreshProduce.Application.csproj" (target "AssignTargetPaths" depends on it):
   2:7>Done building target "CopyAdditionalFiles" in project "FreshProduce.Application.csproj".
   2:7>Target "_ComputeNETCoreBuildOutputFiles" in file "C:\Program Files\dotnet\sdk\10.0.101\Sdks\Microsoft.NET.Sdk\targets\Microsoft.NET.Sdk.targets" from project "D:\P.L\Flutter\fresh_produce_app\FreshProduce.Application\FreshProduce.Application.csproj" (target "AssignTargetPaths" depends on it):
   2:7>Done building target "_ComputeNETCoreBuildOutputFiles" in project "FreshProduce.Application.csproj".
   2:7>Target "AssignTargetPaths" in file "C:\Program Files\dotnet\sdk\10.0.101\Microsoft.Common.CurrentVersion.targets" from project "D:\P.L\Flutter\fresh_produce_app\FreshProduce.Application\FreshProduce.Application.csproj" (target "PrepareResourceNames" depends on it):
       Using "AssignTargetPath" task from assembly "Microsoft.Build.Tasks.Core, Version=15.1.0.0, Culture=neutral, PublicKeyToken=b03f5f7f11d50a3a".
       Task "AssignTargetPath"
       Done executing task "AssignTargetPath".
       Task "AssignTargetPath"
       Done executing task "AssignTargetPath".
       Task "AssignTargetPath"
       Done executing task "AssignTargetPath".
       Task "AssignTargetPath"
       Done executing task "AssignTargetPath".
   2:7>Done building target "AssignTargetPaths" in project "FreshProduce.Application.csproj".
       Target "AssignTargetPaths" skipped. Previously built successfully.
   2:7>Target "SplitResourcesByCulture" in file "C:\Program Files\dotnet\sdk\10.0.101\Microsoft.Common.CurrentVersion.targets" from project "D:\P.L\Flutter\fresh_produce_app\FreshProduce.Application\FreshProduce.Application.csproj" (target "PrepareResourceNames" depends on it):
       Using "AssignCulture" task from assembly "Microsoft.Build.Tasks.Core, Version=15.1.0.0, Culture=neutral, PublicKeyToken=b03f5f7f11d50a3a".
       Task "AssignCulture"
       Done executing task "AssignCulture".
   2:7>Done building target "SplitResourcesByCulture" in project "FreshProduce.Application.csproj".
   2:7>Target "CreateCustomManifestResourceNames" in file "C:\Program Files\dotnet\sdk\10.0.101\Microsoft.Common.CurrentVersion.targets" from project "D:\P.L\Flutter\fresh_produce_app\FreshProduce.Application\FreshProduce.Application.csproj" (target "PrepareResourceNames" depends on it):
   2:7>Done building target "CreateCustomManifestResourceNames" in project "FreshProduce.Application.csproj".
   2:7>Target "PrepareResourceNames" in file "C:\Program Files\dotnet\sdk\10.0.101\Microsoft.Common.CurrentVersion.targets" from project "D:\P.L\Flutter\fresh_produce_app\FreshProduce.Application\FreshProduce.Application.csproj" (target "PrepareResources" depends on it):
   2:7>Done building target "PrepareResourceNames" in project "FreshProduce.Application.csproj".
       Target "ResolveAssemblyReferences" skipped. Previously built successfully.
       Target "SplitResourcesByCulture" skipped. Previously built successfully.
   2:7>Target "BeforeResGen" in file "C:\Program Files\dotnet\sdk\10.0.101\Microsoft.Common.CurrentVersion.targets" from project "D:\P.L\Flutter\fresh_produce_app\FreshProduce.Application\FreshProduce.Application.csproj" (target "ResGen" depends on it):
   2:7>Done building target "BeforeResGen" in project "FreshProduce.Application.csproj".
       Target "ResolveReferences" skipped. Previously built successfully.
   2:7>Target "FindReferenceAssembliesForReferences" in file "C:\Program Files\dotnet\sdk\10.0.101\Microsoft.Common.CurrentVersion.targets" from project "D:\P.L\Flutter\fresh_produce_app\FreshProduce.Application\FreshProduce.Application.csproj" (target "CoreResGen" depends on it):
   2:7>Done building target "FindReferenceAssembliesForReferences" in project "FreshProduce.Application.csproj".
   2:7>Target "CoreResGen" in file "C:\Program Files\dotnet\sdk\10.0.101\Microsoft.Common.CurrentVersion.targets" from project "D:\P.L\Flutter\fresh_produce_app\FreshProduce.Application\FreshProduce.Application.csproj" (target "ResGen" depends on it):
   2:7>Done building target "CoreResGen" in project "FreshProduce.Application.csproj".
   2:7>Target "AfterResGen" in file "C:\Program Files\dotnet\sdk\10.0.101\Microsoft.Common.CurrentVersion.targets" from project "D:\P.L\Flutter\fresh_produce_app\FreshProduce.Application\FreshProduce.Application.csproj" (target "ResGen" depends on it):
   2:7>Done building target "AfterResGen" in project "FreshProduce.Application.csproj".
   2:7>Target "ResGen" in file "C:\Program Files\dotnet\sdk\10.0.101\Microsoft.Common.CurrentVersion.targets" from project "D:\P.L\Flutter\fresh_produce_app\FreshProduce.Application\FreshProduce.Application.csproj" (target "PrepareResources" depends on it):
   2:7>Done building target "ResGen" in project "FreshProduce.Application.csproj".
   2:7>Target "PrepareResources" in file "C:\Program Files\dotnet\sdk\10.0.101\Microsoft.Common.CurrentVersion.targets" from project "D:\P.L\Flutter\fresh_produce_app\FreshProduce.Application\FreshProduce.Application.csproj" (target "CoreBuild" depends on it):
   2:7>Done building target "PrepareResources" in project "FreshProduce.Application.csproj".
       Target "ResolveReferences" skipped. Previously built successfully.
   2:7>Target "_SetEmbeddedWin32ManifestProperties" in file "C:\Program Files\dotnet\sdk\10.0.101\Microsoft.Common.CurrentVersion.targets" from project "D:\P.L\Flutter\fresh_produce_app\FreshProduce.Application\FreshProduce.Application.csproj" (target "SetWin32ManifestProperties" depends on it):
       Using "GetFrameworkPath" task from assembly "Microsoft.Build.Tasks.Core, Version=15.1.0.0, Culture=neutral, PublicKeyToken=b03f5f7f11d50a3a".
       Task "GetFrameworkPath"
       Done executing task "GetFrameworkPath".
   2:7>Done building target "_SetEmbeddedWin32ManifestProperties" in project "FreshProduce.Application.csproj".
   2:7>Target "SetWin32ManifestProperties" in file "C:\Program Files\dotnet\sdk\10.0.101\Microsoft.Common.CurrentVersion.targets" from project "D:\P.L\Flutter\fresh_produce_app\FreshProduce.Application\FreshProduce.Application.csproj" (target "Compile" depends on it):
   2:7>Done building target "SetWin32ManifestProperties" in project "FreshProduce.Application.csproj".
       Target "FindReferenceAssembliesForReferences" skipped. Previously built successfully.
   2:7>Target "_GenerateCompileInputs" in file "C:\Program Files\dotnet\sdk\10.0.101\Microsoft.Common.CurrentVersion.targets" from project "D:\P.L\Flutter\fresh_produce_app\FreshProduce.Application\FreshProduce.Application.csproj" (target "Compile" depends on it):
   2:7>Done building target "_GenerateCompileInputs" in project "FreshProduce.Application.csproj".
       Target "PrepareForBuild" skipped. Previously built successfully.
   2:7>Target "GenerateMSBuildEditorConfigFileShouldRun" in file "C:\Program Files\dotnet\sdk\10.0.101\Roslyn\Microsoft.Managed.Core.targets" from project "D:\P.L\Flutter\fresh_produce_app\FreshProduce.Application\FreshProduce.Application.csproj" (target "GenerateMSBuildEditorConfigFile" depends on it):
   2:7>Done building target "GenerateMSBuildEditorConfigFileShouldRun" in project "FreshProduce.Application.csproj".
   2:7>Target "AddGlobalAnalyzerConfigForPackage_MicrosoftCodeAnalysisCSharpCodeStyle" in file "C:\Program Files\dotnet\sdk\10.0.101\Sdks\Microsoft.NET.Sdk\codestyle\cs\build\Microsoft.CodeAnalysis.CSharp.CodeStyle.targets" from project "D:\P.L\Flutter\fresh_produce_app\FreshProduce.Application\FreshProduce.Application.csproj" (target "GenerateMSBuildEditorConfigFileCore" depends on it):
   2:7>Done building target "AddGlobalAnalyzerConfigForPackage_MicrosoftCodeAnalysisCSharpCodeStyle" in project "FreshProduce.Application.csproj".
   2:7>Target "GenerateMSBuildEditorConfigFileCore" in file "C:\Program Files\dotnet\sdk\10.0.101\Roslyn\Microsoft.Managed.Core.targets" from project "D:\P.L\Flutter\fresh_produce_app\FreshProduce.Application\FreshProduce.Application.csproj" (target "GenerateMSBuildEditorConfigFile" depends on it):
       Building target "GenerateMSBuildEditorConfigFileCore" completely.
       No input files were specified.
       Using "GenerateMSBuildEditorConfig" task from assembly "C:\Program Files\dotnet\sdk\10.0.101\Sdks\Microsoft.NET.Sdk\targets\..\..\..\Roslyn\Microsoft.Build.Tasks.CodeAnalysis.dll".
       Task "GenerateMSBuildEditorConfig"
       Done executing task "GenerateMSBuildEditorConfig".
   2:7>Done building target "GenerateMSBuildEditorConfigFileCore" in project "FreshProduce.Application.csproj".
   2:7>Target "GenerateMSBuildEditorConfigFile" in file "C:\Program Files\dotnet\sdk\10.0.101\Roslyn\Microsoft.Managed.Core.targets" from project "D:\P.L\Flutter\fresh_produce_app\FreshProduce.Application\FreshProduce.Application.csproj" (target "BeforeCompile" depends on it):
   2:7>Done building target "GenerateMSBuildEditorConfigFile" in project "FreshProduce.Application.csproj".
       Target "PrepareForBuild" skipped. Previously built successfully.
       Target "GetReferenceAssemblyPaths" skipped. Previously built successfully.
   2:7>Target "_SetTargetFrameworkMonikerAttribute" in file "C:\Program Files\dotnet\sdk\10.0.101\Microsoft.CSharp.CurrentVersion.targets" from project "D:\P.L\Flutter\fresh_produce_app\FreshProduce.Application\FreshProduce.Application.csproj" (target "GenerateTargetFrameworkMonikerAttribute" depends on it):
   2:7>Done building target "_SetTargetFrameworkMonikerAttribute" in project "FreshProduce.Application.csproj".
   2:7>Target "GenerateTargetFrameworkMonikerAttribute" in file "C:\Program Files\dotnet\sdk\10.0.101\Microsoft.Common.CurrentVersion.targets" from project "D:\P.L\Flutter\fresh_produce_app\FreshProduce.Application\FreshProduce.Application.csproj" (target "BeforeCompile" depends on it):
       Skipping target "GenerateTargetFrameworkMonikerAttribute" because all output files are up-to-date with respect to the input files.
       Input files: C:\Program Files\dotnet\sdk\10.0.101\Microsoft.Common.targets
       Output files: obj\Debug\net9.0\.NETCoreApp,Version=v9.0.AssemblyAttributes.cs
   2:7>Done building target "GenerateTargetFrameworkMonikerAttribute" in project "FreshProduce.Application.csproj".
       Target "PrepareForBuild" skipped. Previously built successfully.
   2:7>Target "GetAssemblyVersion" in file "C:\Program Files\dotnet\sdk\10.0.101\Sdks\Microsoft.NET.Sdk\targets\Microsoft.NET.GenerateAssemblyInfo.targets" from project "D:\P.L\Flutter\fresh_produce_app\FreshProduce.Application\FreshProduce.Application.csproj" (target "GetAssemblyAttributes" depends on it):
       Using "GetAssemblyVersion" task from assembly "C:\Program Files\dotnet\sdk\10.0.101\Sdks\Microsoft.NET.Sdk\targets\..\tools\net10.0\Microsoft.NET.Build.Tasks.dll".
       Task "GetAssemblyVersion"
       Done executing task "GetAssemblyVersion".
   2:7>Done building target "GetAssemblyVersion" in project "FreshProduce.Application.csproj".
   2:7>Target "InitializeSourceControlInformationFromSourceControlManager" in file "C:\Program Files\dotnet\sdk\10.0.101\Sdks\Microsoft.Build.Tasks.Git\build\Microsoft.Build.Tasks.Git.targets" from project "D:\P.L\Flutter\fresh_produce_app\FreshProduce.Application\FreshProduce.Application.csproj" (target "_InitializeSourceControlInformationFromSourceControlManager" depends on it):
       Using "Microsoft.Build.Tasks.Git.LocateRepository" task from assembly "C:\Program Files\dotnet\sdk\10.0.101\Sdks\Microsoft.Build.Tasks.Git\build\..\tools\net\Microsoft.Build.Tasks.Git.dll".
       Task "Microsoft.Build.Tasks.Git.LocateRepository"
       Done executing task "Microsoft.Build.Tasks.Git.LocateRepository".
   2:7>Done building target "InitializeSourceControlInformationFromSourceControlManager" in project "FreshProduce.Application.csproj".
   2:7>Target "_SourceLinkHasSingleProvider" in file "C:\Program Files\dotnet\sdk\10.0.101\Sdks\Microsoft.SourceLink.Common\build\InitializeSourceControlInformation.targets" from project "D:\P.L\Flutter\fresh_produce_app\FreshProduce.Application\FreshProduce.Application.csproj" (target "_InitializeSourceControlInformationFromSourceControlManager" depends on it):
       Using "Microsoft.SourceLink.Common.SourceLinkHasSingleProvider" task from assembly "C:\Program Files\dotnet\sdk\10.0.101\Sdks\Microsoft.SourceLink.Common\build\..\tools\net\Microsoft.SourceLink.Common.dll".
       Task "Microsoft.SourceLink.Common.SourceLinkHasSingleProvider"
       Done executing task "Microsoft.SourceLink.Common.SourceLinkHasSingleProvider".
   2:7>Done building target "_SourceLinkHasSingleProvider" in project "FreshProduce.Application.csproj".
   2:7>Target "TranslateGitHubUrlsInSourceControlInformation" in file "C:\Program Files\dotnet\sdk\10.0.101\Sdks\Microsoft.SourceLink.GitHub\build\Microsoft.SourceLink.GitHub.targets" from project "D:\P.L\Flutter\fresh_produce_app\FreshProduce.Application\FreshProduce.Application.csproj" (target "_InitializeSourceControlInformationFromSourceControlManager" depends on it):
       Using "Microsoft.SourceLink.GitHub.TranslateRepositoryUrls" task from assembly "C:\Program Files\dotnet\sdk\10.0.101\Sdks\Microsoft.SourceLink.GitHub\build\..\tools\net\Microsoft.SourceLink.GitHub.dll".
       Task "Microsoft.SourceLink.GitHub.TranslateRepositoryUrls"
       Done executing task "Microsoft.SourceLink.GitHub.TranslateRepositoryUrls".
   2:7>Done building target "TranslateGitHubUrlsInSourceControlInformation" in project "FreshProduce.Application.csproj".
   2:7>Target "TranslateGitLabUrlsInSourceControlInformation" in file "C:\Program Files\dotnet\sdk\10.0.101\Sdks\Microsoft.SourceLink.GitLab\build\Microsoft.SourceLink.GitLab.targets" from project "D:\P.L\Flutter\fresh_produce_app\FreshProduce.Application\FreshProduce.Application.csproj" (target "_InitializeSourceControlInformationFromSourceControlManager" depends on it):
       Using "Microsoft.SourceLink.GitLab.TranslateRepositoryUrls" task from assembly "C:\Program Files\dotnet\sdk\10.0.101\Sdks\Microsoft.SourceLink.GitLab\build\..\tools\net\Microsoft.SourceLink.GitLab.dll".
       Task "Microsoft.SourceLink.GitLab.TranslateRepositoryUrls"
       Done executing task "Microsoft.SourceLink.GitLab.TranslateRepositoryUrls".
   2:7>Done building target "TranslateGitLabUrlsInSourceControlInformation" in project "FreshProduce.Application.csproj".
   2:7>Target "TranslateAzureReposGitUrlsInSourceControlInformation" in file "C:\Program Files\dotnet\sdk\10.0.101\Sdks\Microsoft.SourceLink.AzureRepos.Git\build\Microsoft.SourceLink.AzureRepos.Git.targets" from project "D:\P.L\Flutter\fresh_produce_app\FreshProduce.Application\FreshProduce.Application.csproj" (target "_InitializeSourceControlInformationFromSourceControlManager" depends on it):
       Using "Microsoft.SourceLink.AzureRepos.Git.TranslateRepositoryUrls" task from assembly "C:\Program Files\dotnet\sdk\10.0.101\Sdks\Microsoft.SourceLink.AzureRepos.Git\build\..\tools\net\Microsoft.SourceLink.AzureRepos.Git.dll".
       Task "Microsoft.SourceLink.AzureRepos.Git.TranslateRepositoryUrls"
       Done executing task "Microsoft.SourceLink.AzureRepos.Git.TranslateRepositoryUrls".
   2:7>Done building target "TranslateAzureReposGitUrlsInSourceControlInformation" in project "FreshProduce.Application.csproj".
   2:7>Target "TranslateBitbucketGitUrlsInSourceControlInformation" in file "C:\Program Files\dotnet\sdk\10.0.101\Sdks\Microsoft.SourceLink.Bitbucket.Git\build\Microsoft.SourceLink.Bitbucket.Git.targets" from project "D:\P.L\Flutter\fresh_produce_app\FreshProduce.Application\FreshProduce.Application.csproj" (target "_InitializeSourceControlInformationFromSourceControlManager" depends on it):
       Using "Microsoft.SourceLink.Bitbucket.Git.TranslateRepositoryUrls" task from assembly "C:\Program Files\dotnet\sdk\10.0.101\Sdks\Microsoft.SourceLink.Bitbucket.Git\build\..\tools\net\Microsoft.SourceLink.Bitbucket.Git.dll".
       Task "Microsoft.SourceLink.Bitbucket.Git.TranslateRepositoryUrls"
       Done executing task "Microsoft.SourceLink.Bitbucket.Git.TranslateRepositoryUrls".
   2:7>Done building target "TranslateBitbucketGitUrlsInSourceControlInformation" in project "FreshProduce.Application.csproj".
   2:7>Target "SourceControlManagerPublishTranslatedUrls" in file "C:\Program Files\dotnet\sdk\10.0.101\Sdks\Microsoft.SourceLink.Common\build\InitializeSourceControlInformation.targets" from project "D:\P.L\Flutter\fresh_produce_app\FreshProduce.Application\FreshProduce.Application.csproj" (target "_InitializeSourceControlInformationFromSourceControlManager" depends on it):
   2:7>Done building target "SourceControlManagerPublishTranslatedUrls" in project "FreshProduce.Application.csproj".
   2:7>Target "_InitializeSourceControlInformationFromSourceControlManager" in file "C:\Program Files\dotnet\sdk\10.0.101\Sdks\Microsoft.SourceLink.Common\build\InitializeSourceControlInformation.targets" from project "D:\P.L\Flutter\fresh_produce_app\FreshProduce.Application\FreshProduce.Application.csproj" (target "InitializeSourceControlInformation" depends on it):
   2:7>Done building target "_InitializeSourceControlInformationFromSourceControlManager" in project "FreshProduce.Application.csproj".
   2:7>Target "InitializeSourceControlInformation" in file "C:\Program Files\dotnet\sdk\10.0.101\Microsoft.Common.CurrentVersion.targets" from project "D:\P.L\Flutter\fresh_produce_app\FreshProduce.Application\FreshProduce.Application.csproj" (target "GetAssemblyAttributes" depends on it):
   2:7>Done building target "InitializeSourceControlInformation" in project "FreshProduce.Application.csproj".
       Target "GetAssemblyVersion" skipped. Previously built successfully.
       Target "InitializeSourceControlInformation" skipped. Previously built successfully.
   2:7>Target "AddSourceRevisionToInformationalVersion" in file "C:\Program Files\dotnet\sdk\10.0.101\Sdks\Microsoft.NET.Sdk\targets\Microsoft.NET.GenerateAssemblyInfo.targets" from project "D:\P.L\Flutter\fresh_produce_app\FreshProduce.Application\FreshProduce.Application.csproj" (target "GetAssemblyAttributes" depends on it):
   2:7>Done building target "AddSourceRevisionToInformationalVersion" in project "FreshProduce.Application.csproj".
   2:7>Target "GetAssemblyAttributes" in file "C:\Program Files\dotnet\sdk\10.0.101\Sdks\Microsoft.NET.Sdk\targets\Microsoft.NET.GenerateAssemblyInfo.targets" from project "D:\P.L\Flutter\fresh_produce_app\FreshProduce.Application\FreshProduce.Application.csproj" (target "CreateGeneratedAssemblyInfoInputsCacheFile" depends on it):
   2:7>Done building target "GetAssemblyAttributes" in project "FreshProduce.Application.csproj".
   2:7>Target "CreateGeneratedAssemblyInfoInputsCacheFile" in file "C:\Program Files\dotnet\sdk\10.0.101\Sdks\Microsoft.NET.Sdk\targets\Microsoft.NET.GenerateAssemblyInfo.targets" from project "D:\P.L\Flutter\fresh_produce_app\FreshProduce.Application\FreshProduce.Application.csproj" (target "CoreGenerateAssemblyInfo" depends on it):
       Using "Hash" task from assembly "Microsoft.Build.Tasks.Core, Version=15.1.0.0, Culture=neutral, PublicKeyToken=b03f5f7f11d50a3a".
       Task "Hash"
       Done executing task "Hash".
       Task "WriteLinesToFile"
         Skipping write to file "obj\Debug\net9.0\FreshProduce.Application.AssemblyInfoInputs.cache" because content would not change.
       Done executing task "WriteLinesToFile".
   2:7>Done building target "CreateGeneratedAssemblyInfoInputsCacheFile" in project "FreshProduce.Application.csproj".
   2:7>Target "CoreGenerateAssemblyInfo" in file "C:\Program Files\dotnet\sdk\10.0.101\Sdks\Microsoft.NET.Sdk\targets\Microsoft.NET.GenerateAssemblyInfo.targets" from project "D:\P.L\Flutter\fresh_produce_app\FreshProduce.Application\FreshProduce.Application.csproj" (target "GenerateAssemblyInfo" depends on it):
       Skipping target "CoreGenerateAssemblyInfo" because all output files are up-to-date with respect to the input files.
       Input files: obj\Debug\net9.0\FreshProduce.Application.AssemblyInfoInputs.cache
       Output files: obj\Debug\net9.0\FreshProduce.Application.AssemblyInfo.cs
   2:7>Done building target "CoreGenerateAssemblyInfo" in project "FreshProduce.Application.csproj".
   2:7>Target "GenerateAssemblyInfo" in file "C:\Program Files\dotnet\sdk\10.0.101\Sdks\Microsoft.NET.Sdk\targets\Microsoft.NET.GenerateAssemblyInfo.targets" from project "D:\P.L\Flutter\fresh_produce_app\FreshProduce.Application\FreshProduce.Application.csproj" (target "BeforeCompile" depends on it):
   2:7>Done building target "GenerateAssemblyInfo" in project "FreshProduce.Application.csproj".
   2:7>Target "BeforeCompile" in file "C:\Program Files\dotnet\sdk\10.0.101\Microsoft.Common.CurrentVersion.targets" from project "D:\P.L\Flutter\fresh_produce_app\FreshProduce.Application\FreshProduce.Application.csproj" (target "Compile" depends on it):
   2:7>Done building target "BeforeCompile" in project "FreshProduce.Application.csproj".
       Target "ResolveAssemblyReferences" skipped. Previously built successfully.
       Target "_GenerateCompileInputs" skipped. Previously built successfully.
   2:7>Target "_GenerateCompileDependencyCache" in file "C:\Program Files\dotnet\sdk\10.0.101\Microsoft.Common.CurrentVersion.targets" from project "D:\P.L\Flutter\fresh_produce_app\FreshProduce.Application\FreshProduce.Application.csproj" (target "Compile" depends on it):
       Task "Hash"
       Done executing task "Hash".
       Task "WriteLinesToFile"
         Skipping write to file "obj\Debug\net9.0\FreshProduce.Application.csproj.CoreCompileInputs.cache" because content would not change.
       Done executing task "WriteLinesToFile".
   2:7>Done building target "_GenerateCompileDependencyCache" in project "FreshProduce.Application.csproj".
   2:7>Target "_BeforeVBCSCoreCompile" in file "C:\Program Files\dotnet\sdk\10.0.101\Roslyn\Microsoft.Managed.Core.targets" from project "D:\P.L\Flutter\fresh_produce_app\FreshProduce.Application\FreshProduce.Application.csproj" (target "CoreCompile" depends on it):
   2:7>Done building target "_BeforeVBCSCoreCompile" in project "FreshProduce.Application.csproj".
   2:7>Target "_ComputeSkipAnalyzers" in file "C:\Program Files\dotnet\sdk\10.0.101\Roslyn\Microsoft.Managed.Core.targets" from project "D:\P.L\Flutter\fresh_produce_app\FreshProduce.Application\FreshProduce.Application.csproj" (target "CoreCompile" depends on it):
   2:7>Done building target "_ComputeSkipAnalyzers" in project "FreshProduce.Application.csproj".
       Target "BeforeCompile" skipped. Previously built successfully.
       Target "InitializeSourceControlInformationFromSourceControlManager" skipped. Previously built successfully.
   2:7>Target "SetEmbeddedFilesFromSourceControlManagerUntrackedFiles" in file "C:\Program Files\dotnet\sdk\10.0.101\Sdks\Microsoft.Build.Tasks.Git\build\Microsoft.Build.Tasks.Git.targets" from project "D:\P.L\Flutter\fresh_produce_app\FreshProduce.Application\FreshProduce.Application.csproj" (target "_SetEmbeddedFilesFromSourceControlManagerUntrackedFiles" depends on it):
   2:7>Done building target "SetEmbeddedFilesFromSourceControlManagerUntrackedFiles" in project "FreshProduce.Application.csproj".
   2:7>Target "_SetEmbeddedFilesFromSourceControlManagerUntrackedFiles" in file "C:\Program Files\dotnet\sdk\10.0.101\Sdks\Microsoft.SourceLink.Common\build\Microsoft.SourceLink.Common.targets" from project "D:\P.L\Flutter\fresh_produce_app\FreshProduce.Application\FreshProduce.Application.csproj" (target "CoreCompile" depends on it):
   2:7>Done building target "_SetEmbeddedFilesFromSourceControlManagerUntrackedFiles" in project "FreshProduce.Application.csproj".
       Target "InitializeSourceControlInformation" skipped. Previously built successfully.
   2:7>Target "_SetSourceLinkFilePath" in file "C:\Program Files\dotnet\sdk\10.0.101\Sdks\Microsoft.SourceLink.Common\build\Microsoft.SourceLink.Common.targets" from project "D:\P.L\Flutter\fresh_produce_app\FreshProduce.Application\FreshProduce.Application.csproj" (target "_GenerateSourceLinkFile" depends on it):
   2:7>Done building target "_SetSourceLinkFilePath" in project "FreshProduce.Application.csproj".
       Target "InitializeSourceControlInformation" skipped. Previously built successfully.
   2:7>Target "_InitializeSourceRootMappedPathsFromSourceControl" in file "C:\Program Files\dotnet\sdk\10.0.101\Roslyn\Microsoft.Managed.Core.targets" from project "D:\P.L\Flutter\fresh_produce_app\FreshProduce.Application\FreshProduce.Application.csproj" (target "InitializeSourceRootMappedPaths" depends on it):
   2:7>Done building target "_InitializeSourceRootMappedPathsFromSourceControl" in project "FreshProduce.Application.csproj".
   2:7>Target "InitializeSourceRootMappedPaths" in file "C:\Program Files\dotnet\sdk\10.0.101\Roslyn\Microsoft.Managed.Core.targets" from project "D:\P.L\Flutter\fresh_produce_app\FreshProduce.Application\FreshProduce.Application.csproj" (target "_InitializeSourceRootMappedPathsOpt" depends on it):
       Using "Microsoft.CodeAnalysis.BuildTasks.MapSourceRoots" task from assembly "C:\Program Files\dotnet\sdk\10.0.101\Sdks\Microsoft.NET.Sdk\targets\..\..\..\Roslyn\Microsoft.Build.Tasks.CodeAnalysis.dll".
       Task "Microsoft.CodeAnalysis.BuildTasks.MapSourceRoots"
       Done executing task "Microsoft.CodeAnalysis.BuildTasks.MapSourceRoots".
   2:7>Done building target "InitializeSourceRootMappedPaths" in project "FreshProduce.Application.csproj".
   2:7>Target "_InitializeSourceRootMappedPathsOpt" in file "C:\Program Files\dotnet\sdk\10.0.101\Sdks\Microsoft.SourceLink.Common\build\Microsoft.SourceLink.Common.targets" from project "D:\P.L\Flutter\fresh_produce_app\FreshProduce.Application\FreshProduce.Application.csproj" (target "_GenerateSourceLinkFile" depends on it):
   2:7>Done building target "_InitializeSourceRootMappedPathsOpt" in project "FreshProduce.Application.csproj".
   2:7>Target "_InitializeGitHubSourceLinkUrl" in file "C:\Program Files\dotnet\sdk\10.0.101\Sdks\Microsoft.SourceLink.GitHub\build\Microsoft.SourceLink.GitHub.targets" from project "D:\P.L\Flutter\fresh_produce_app\FreshProduce.Application\FreshProduce.Application.csproj" (target "_GenerateSourceLinkFile" depends on it):
       Building target "_InitializeGitHubSourceLinkUrl" completely.
       No input files were specified.
       Using "Microsoft.SourceLink.GitHub.GetSourceLinkUrl" task from assembly "C:\Program Files\dotnet\sdk\10.0.101\Sdks\Microsoft.SourceLink.GitHub\build\..\tools\net\Microsoft.SourceLink.GitHub.dll".
       Task "Microsoft.SourceLink.GitHub.GetSourceLinkUrl"
       Done executing task "Microsoft.SourceLink.GitHub.GetSourceLinkUrl".
   2:7>Done building target "_InitializeGitHubSourceLinkUrl" in project "FreshProduce.Application.csproj".
   2:7>Target "_InitializeGitHubSourceLinkUrl" in file "C:\Program Files\dotnet\sdk\10.0.101\Sdks\Microsoft.SourceLink.GitHub\build\Microsoft.SourceLink.GitHub.targets" from project "D:\P.L\Flutter\fresh_produce_app\FreshProduce.Application\FreshProduce.Application.csproj" (target "_GenerateSourceLinkFile" depends on it):
       Building target "_InitializeGitHubSourceLinkUrl" completely.
       No input files were specified.
       Task "Microsoft.SourceLink.GitHub.GetSourceLinkUrl"
       Done executing task "Microsoft.SourceLink.GitHub.GetSourceLinkUrl".
   2:7>Done building target "_InitializeGitHubSourceLinkUrl" in project "FreshProduce.Application.csproj".
   2:7>Target "_InitializeGitLabSourceLinkUrl" in file "C:\Program Files\dotnet\sdk\10.0.101\Sdks\Microsoft.SourceLink.GitLab\build\Microsoft.SourceLink.GitLab.targets" from project "D:\P.L\Flutter\fresh_produce_app\FreshProduce.Application\FreshProduce.Application.csproj" (target "_GenerateSourceLinkFile" depends on it):
       Building target "_InitializeGitLabSourceLinkUrl" completely.
       No input files were specified.
       Using "Microsoft.SourceLink.GitLab.GetSourceLinkUrl" task from assembly "C:\Program Files\dotnet\sdk\10.0.101\Sdks\Microsoft.SourceLink.GitLab\build\..\tools\net\Microsoft.SourceLink.GitLab.dll".
       Task "Microsoft.SourceLink.GitLab.GetSourceLinkUrl"
       Done executing task "Microsoft.SourceLink.GitLab.GetSourceLinkUrl".
   2:7>Done building target "_InitializeGitLabSourceLinkUrl" in project "FreshProduce.Application.csproj".
   2:7>Target "_InitializeGitLabSourceLinkUrl" in file "C:\Program Files\dotnet\sdk\10.0.101\Sdks\Microsoft.SourceLink.GitLab\build\Microsoft.SourceLink.GitLab.targets" from project "D:\P.L\Flutter\fresh_produce_app\FreshProduce.Application\FreshProduce.Application.csproj" (target "_GenerateSourceLinkFile" depends on it):
       Building target "_InitializeGitLabSourceLinkUrl" completely.
       No input files were specified.
       Task "Microsoft.SourceLink.GitLab.GetSourceLinkUrl"
       Done executing task "Microsoft.SourceLink.GitLab.GetSourceLinkUrl".
   2:7>Done building target "_InitializeGitLabSourceLinkUrl" in project "FreshProduce.Application.csproj".
   2:7>Target "_InitializeAzureReposGitSourceLinkUrl" in file "C:\Program Files\dotnet\sdk\10.0.101\Sdks\Microsoft.SourceLink.AzureRepos.Git\build\Microsoft.SourceLink.AzureRepos.Git.targets" from project "D:\P.L\Flutter\fresh_produce_app\FreshProduce.Application\FreshProduce.Application.csproj" (target "_GenerateSourceLinkFile" depends on it):
       Building target "_InitializeAzureReposGitSourceLinkUrl" completely.
       No input files were specified.
       Using "Microsoft.SourceLink.AzureRepos.Git.GetSourceLinkUrl" task from assembly "C:\Program Files\dotnet\sdk\10.0.101\Sdks\Microsoft.SourceLink.AzureRepos.Git\build\..\tools\net\Microsoft.SourceLink.AzureRepos.Git.dll".
       Task "Microsoft.SourceLink.AzureRepos.Git.GetSourceLinkUrl"
       Done executing task "Microsoft.SourceLink.AzureRepos.Git.GetSourceLinkUrl".
   2:7>Done building target "_InitializeAzureReposGitSourceLinkUrl" in project "FreshProduce.Application.csproj".
   2:7>Target "_InitializeAzureReposGitSourceLinkUrl" in file "C:\Program Files\dotnet\sdk\10.0.101\Sdks\Microsoft.SourceLink.AzureRepos.Git\build\Microsoft.SourceLink.AzureRepos.Git.targets" from project "D:\P.L\Flutter\fresh_produce_app\FreshProduce.Application\FreshProduce.Application.csproj" (target "_GenerateSourceLinkFile" depends on it):
       Building target "_InitializeAzureReposGitSourceLinkUrl" completely.
       No input files were specified.
       Task "Microsoft.SourceLink.AzureRepos.Git.GetSourceLinkUrl"
       Done executing task "Microsoft.SourceLink.AzureRepos.Git.GetSourceLinkUrl".
   2:7>Done building target "_InitializeAzureReposGitSourceLinkUrl" in project "FreshProduce.Application.csproj".
   2:7>Target "_InitializeBitbucketGitSourceLinkUrl" in file "C:\Program Files\dotnet\sdk\10.0.101\Sdks\Microsoft.SourceLink.Bitbucket.Git\build\Microsoft.SourceLink.Bitbucket.Git.targets" from project "D:\P.L\Flutter\fresh_produce_app\FreshProduce.Application\FreshProduce.Application.csproj" (target "_GenerateSourceLinkFile" depends on it):
       Building target "_InitializeBitbucketGitSourceLinkUrl" completely.
       No input files were specified.
       Using "Microsoft.SourceLink.Bitbucket.Git.GetSourceLinkUrl" task from assembly "C:\Program Files\dotnet\sdk\10.0.101\Sdks\Microsoft.SourceLink.Bitbucket.Git\build\..\tools\net\Microsoft.SourceLink.Bitbucket.Git.dll".
       Task "Microsoft.SourceLink.Bitbucket.Git.GetSourceLinkUrl"
       Done executing task "Microsoft.SourceLink.Bitbucket.Git.GetSourceLinkUrl".
   2:7>Done building target "_InitializeBitbucketGitSourceLinkUrl" in project "FreshProduce.Application.csproj".
   2:7>Target "_InitializeBitbucketGitSourceLinkUrl" in file "C:\Program Files\dotnet\sdk\10.0.101\Sdks\Microsoft.SourceLink.Bitbucket.Git\build\Microsoft.SourceLink.Bitbucket.Git.targets" from project "D:\P.L\Flutter\fresh_produce_app\FreshProduce.Application\FreshProduce.Application.csproj" (target "_GenerateSourceLinkFile" depends on it):
       Building target "_InitializeBitbucketGitSourceLinkUrl" completely.
       No input files were specified.
       Task "Microsoft.SourceLink.Bitbucket.Git.GetSourceLinkUrl"
       Done executing task "Microsoft.SourceLink.Bitbucket.Git.GetSourceLinkUrl".
   2:7>Done building target "_InitializeBitbucketGitSourceLinkUrl" in project "FreshProduce.Application.csproj".
   2:7>Target "_GenerateSourceLinkFile" in file "C:\Program Files\dotnet\sdk\10.0.101\Sdks\Microsoft.SourceLink.Common\build\Microsoft.SourceLink.Common.targets" from project "D:\P.L\Flutter\fresh_produce_app\FreshProduce.Application\FreshProduce.Application.csproj" (target "GenerateSourceLinkFile" depends on it):
       Building target "_GenerateSourceLinkFile" completely.
       No input files were specified.
       Using "Microsoft.SourceLink.Common.GenerateSourceLinkFile" task from assembly "C:\Program Files\dotnet\sdk\10.0.101\Sdks\Microsoft.SourceLink.Common\build\..\tools\net\Microsoft.SourceLink.Common.dll".
       Task "Microsoft.SourceLink.Common.GenerateSourceLinkFile"
         Source Link is empty, file 'obj\Debug\net9.0\FreshProduce.Application.sourcelink.json' does not exist.
       Done executing task "Microsoft.SourceLink.Common.GenerateSourceLinkFile".
   2:7>Done building target "_GenerateSourceLinkFile" in project "FreshProduce.Application.csproj".
   2:7>Target "GenerateSourceLinkFile" in file "C:\Program Files\dotnet\sdk\10.0.101\Sdks\Microsoft.SourceLink.Common\build\Microsoft.SourceLink.Common.targets" from project "D:\P.L\Flutter\fresh_produce_app\FreshProduce.Application\FreshProduce.Application.csproj" (target "CoreCompile" depends on it):
   2:7>Done building target "GenerateSourceLinkFile" in project "FreshProduce.Application.csproj".
   2:7>Target "AddGlobalAnalyzerConfigForPackage_MicrosoftCodeAnalysisNetAnalyzers" in file "C:\Program Files\dotnet\sdk\10.0.101\Sdks\Microsoft.NET.Sdk\analyzers\build\Microsoft.CodeAnalysis.NetAnalyzers.targets" from project "D:\P.L\Flutter\fresh_produce_app\FreshProduce.Application\FreshProduce.Application.csproj" (target "CoreCompile" depends on it):
   2:7>Done building target "AddGlobalAnalyzerConfigForPackage_MicrosoftCodeAnalysisNetAnalyzers" in project "FreshProduce.Application.csproj".
   2:7>Target "CoreCompile" in file "C:\Program Files\dotnet\sdk\10.0.101\Roslyn\Microsoft.CSharp.Core.targets" from project "D:\P.L\Flutter\fresh_produce_app\FreshProduce.Application\FreshProduce.Application.csproj" (target "Compile" depends on it):
       Skipping target "CoreCompile" because all output files are up-to-date with respect to the input files.
       Input files: 
           Interfaces\IOrderService.cs
           Interfaces\IPricingService.cs
           Interfaces\IRepositories.cs
           Services\OrderService.cs
           Services\PricingService.cs
           Services\RoundService.cs
           obj\Debug\net9.0\FreshProduce.Application.GlobalUsings.g.cs
           obj\Debug\net9.0\.NETCoreApp,Version=v9.0.AssemblyAttributes.cs
           obj\Debug\net9.0\FreshProduce.Application.AssemblyInfo.cs
           D:\P.L\Flutter\fresh_produce_app\FreshProduce.Domain\obj\Debug\net9.0\ref\FreshProduce.Domain.dll
           C:\Program Files\dotnet\packs\Microsoft.NETCore.App.Ref\9.0.11\ref\net9.0\Microsoft.CSharp.dll
           C:\Program Files\dotnet\packs\Microsoft.NETCore.App.Ref\9.0.11\ref\net9.0\Microsoft.VisualBasic.Core.dll
           C:\Program Files\dotnet\packs\Microsoft.NETCore.App.Ref\9.0.11\ref\net9.0\Microsoft.VisualBasic.dll
           C:\Program Files\dotnet\packs\Microsoft.NETCore.App.Ref\9.0.11\ref\net9.0\Microsoft.Win32.Primitives.dll
           C:\Program Files\dotnet\packs\Microsoft.NETCore.App.Ref\9.0.11\ref\net9.0\Microsoft.Win32.Registry.dll
           C:\Program Files\dotnet\packs\Microsoft.NETCore.App.Ref\9.0.11\ref\net9.0\mscorlib.dll
           C:\Program Files\dotnet\packs\Microsoft.NETCore.App.Ref\9.0.11\ref\net9.0\netstandard.dll
           C:\Program Files\dotnet\packs\Microsoft.NETCore.App.Ref\9.0.11\ref\net9.0\System.AppContext.dll
           C:\Program Files\dotnet\packs\Microsoft.NETCore.App.Ref\9.0.11\ref\net9.0\System.Buffers.dll
           C:\Program Files\dotnet\packs\Microsoft.NETCore.App.Ref\9.0.11\ref\net9.0\System.Collections.Concurrent.dll
           C:\Program Files\dotnet\packs\Microsoft.NETCore.App.Ref\9.0.11\ref\net9.0\System.Collections.dll
           C:\Program Files\dotnet\packs\Microsoft.NETCore.App.Ref\9.0.11\ref\net9.0\System.Collections.Immutable.dll
           C:\Program Files\dotnet\packs\Microsoft.NETCore.App.Ref\9.0.11\ref\net9.0\System.Collections.NonGeneric.dll
           C:\Program Files\dotnet\packs\Microsoft.NETCore.App.Ref\9.0.11\ref\net9.0\System.Collections.Specialized.dll
           C:\Program Files\dotnet\packs\Microsoft.NETCore.App.Ref\9.0.11\ref\net9.0\System.ComponentModel.Annotations.dll
           C:\Program Files\dotnet\packs\Microsoft.NETCore.App.Ref\9.0.11\ref\net9.0\System.ComponentModel.DataAnnotations.dll
           C:\Program Files\dotnet\packs\Microsoft.NETCore.App.Ref\9.0.11\ref\net9.0\System.ComponentModel.dll
           C:\Program Files\dotnet\packs\Microsoft.NETCore.App.Ref\9.0.11\ref\net9.0\System.ComponentModel.EventBasedAsync.dll
           C:\Program Files\dotnet\packs\Microsoft.NETCore.App.Ref\9.0.11\ref\net9.0\System.ComponentModel.Primitives.dll
           C:\Program Files\dotnet\packs\Microsoft.NETCore.App.Ref\9.0.11\ref\net9.0\System.ComponentModel.TypeConverter.dll
           C:\Program Files\dotnet\packs\Microsoft.NETCore.App.Ref\9.0.11\ref\net9.0\System.Configuration.dll
           C:\Program Files\dotnet\packs\Microsoft.NETCore.App.Ref\9.0.11\ref\net9.0\System.Console.dll
           C:\Program Files\dotnet\packs\Microsoft.NETCore.App.Ref\9.0.11\ref\net9.0\System.Core.dll
           C:\Program Files\dotnet\packs\Microsoft.NETCore.App.Ref\9.0.11\ref\net9.0\System.Data.Common.dll
           C:\Program Files\dotnet\packs\Microsoft.NETCore.App.Ref\9.0.11\ref\net9.0\System.Data.DataSetExtensions.dll
           C:\Program Files\dotnet\packs\Microsoft.NETCore.App.Ref\9.0.11\ref\net9.0\System.Data.dll
           C:\Program Files\dotnet\packs\Microsoft.NETCore.App.Ref\9.0.11\ref\net9.0\System.Diagnostics.Contracts.dll
           C:\Program Files\dotnet\packs\Microsoft.NETCore.App.Ref\9.0.11\ref\net9.0\System.Diagnostics.Debug.dll
           C:\Program Files\dotnet\packs\Microsoft.NETCore.App.Ref\9.0.11\ref\net9.0\System.Diagnostics.DiagnosticSource.dll
           C:\Program Files\dotnet\packs\Microsoft.NETCore.App.Ref\9.0.11\ref\net9.0\System.Diagnostics.FileVersionInfo.dll
           C:\Program Files\dotnet\packs\Microsoft.NETCore.App.Ref\9.0.11\ref\net9.0\System.Diagnostics.Process.dll
           C:\Program Files\dotnet\packs\Microsoft.NETCore.App.Ref\9.0.11\ref\net9.0\System.Diagnostics.StackTrace.dll
           C:\Program Files\dotnet\packs\Microsoft.NETCore.App.Ref\9.0.11\ref\net9.0\System.Diagnostics.TextWriterTraceListener.dll
           C:\Program Files\dotnet\packs\Microsoft.NETCore.App.Ref\9.0.11\ref\net9.0\System.Diagnostics.Tools.dll
           C:\Program Files\dotnet\packs\Microsoft.NETCore.App.Ref\9.0.11\ref\net9.0\System.Diagnostics.TraceSource.dll
           C:\Program Files\dotnet\packs\Microsoft.NETCore.App.Ref\9.0.11\ref\net9.0\System.Diagnostics.Tracing.dll
           C:\Program Files\dotnet\packs\Microsoft.NETCore.App.Ref\9.0.11\ref\net9.0\System.dll
           C:\Program Files\dotnet\packs\Microsoft.NETCore.App.Ref\9.0.11\ref\net9.0\System.Drawing.dll
           C:\Program Files\dotnet\packs\Microsoft.NETCore.App.Ref\9.0.11\ref\net9.0\System.Drawing.Primitives.dll
           C:\Program Files\dotnet\packs\Microsoft.NETCore.App.Ref\9.0.11\ref\net9.0\System.Dynamic.Runtime.dll
           C:\Program Files\dotnet\packs\Microsoft.NETCore.App.Ref\9.0.11\ref\net9.0\System.Formats.Asn1.dll
           C:\Program Files\dotnet\packs\Microsoft.NETCore.App.Ref\9.0.11\ref\net9.0\System.Formats.Tar.dll
           C:\Program Files\dotnet\packs\Microsoft.NETCore.App.Ref\9.0.11\ref\net9.0\System.Globalization.Calendars.dll
           C:\Program Files\dotnet\packs\Microsoft.NETCore.App.Ref\9.0.11\ref\net9.0\System.Globalization.dll
           C:\Program Files\dotnet\packs\Microsoft.NETCore.App.Ref\9.0.11\ref\net9.0\System.Globalization.Extensions.dll
           C:\Program Files\dotnet\packs\Microsoft.NETCore.App.Ref\9.0.11\ref\net9.0\System.IO.Compression.Brotli.dll
           C:\Program Files\dotnet\packs\Microsoft.NETCore.App.Ref\9.0.11\ref\net9.0\System.IO.Compression.dll
           C:\Program Files\dotnet\packs\Microsoft.NETCore.App.Ref\9.0.11\ref\net9.0\System.IO.Compression.FileSystem.dll
           C:\Program Files\dotnet\packs\Microsoft.NETCore.App.Ref\9.0.11\ref\net9.0\System.IO.Compression.ZipFile.dll
           C:\Program Files\dotnet\packs\Microsoft.NETCore.App.Ref\9.0.11\ref\net9.0\System.IO.dll
           C:\Program Files\dotnet\packs\Microsoft.NETCore.App.Ref\9.0.11\ref\net9.0\System.IO.FileSystem.AccessControl.dll
           C:\Program Files\dotnet\packs\Microsoft.NETCore.App.Ref\9.0.11\ref\net9.0\System.IO.FileSystem.dll
           C:\Program Files\dotnet\packs\Microsoft.NETCore.App.Ref\9.0.11\ref\net9.0\System.IO.FileSystem.DriveInfo.dll
           C:\Program Files\dotnet\packs\Microsoft.NETCore.App.Ref\9.0.11\ref\net9.0\System.IO.FileSystem.Primitives.dll
           C:\Program Files\dotnet\packs\Microsoft.NETCore.App.Ref\9.0.11\ref\net9.0\System.IO.FileSystem.Watcher.dll
           C:\Program Files\dotnet\packs\Microsoft.NETCore.App.Ref\9.0.11\ref\net9.0\System.IO.IsolatedStorage.dll
           C:\Program Files\dotnet\packs\Microsoft.NETCore.App.Ref\9.0.11\ref\net9.0\System.IO.MemoryMappedFiles.dll
           C:\Program Files\dotnet\packs\Microsoft.NETCore.App.Ref\9.0.11\ref\net9.0\System.IO.Pipelines.dll
           C:\Program Files\dotnet\packs\Microsoft.NETCore.App.Ref\9.0.11\ref\net9.0\System.IO.Pipes.AccessControl.dll
           C:\Program Files\dotnet\packs\Microsoft.NETCore.App.Ref\9.0.11\ref\net9.0\System.IO.Pipes.dll
           C:\Program Files\dotnet\packs\Microsoft.NETCore.App.Ref\9.0.11\ref\net9.0\System.IO.UnmanagedMemoryStream.dll
           C:\Program Files\dotnet\packs\Microsoft.NETCore.App.Ref\9.0.11\ref\net9.0\System.Linq.dll
           C:\Program Files\dotnet\packs\Microsoft.NETCore.App.Ref\9.0.11\ref\net9.0\System.Linq.Expressions.dll
           C:\Program Files\dotnet\packs\Microsoft.NETCore.App.Ref\9.0.11\ref\net9.0\System.Linq.Parallel.dll
           C:\Program Files\dotnet\packs\Microsoft.NETCore.App.Ref\9.0.11\ref\net9.0\System.Linq.Queryable.dll
           C:\Program Files\dotnet\packs\Microsoft.NETCore.App.Ref\9.0.11\ref\net9.0\System.Memory.dll
           C:\Program Files\dotnet\packs\Microsoft.NETCore.App.Ref\9.0.11\ref\net9.0\System.Net.dll
           C:\Program Files\dotnet\packs\Microsoft.NETCore.App.Ref\9.0.11\ref\net9.0\System.Net.Http.dll
           C:\Program Files\dotnet\packs\Microsoft.NETCore.App.Ref\9.0.11\ref\net9.0\System.Net.Http.Json.dll
           C:\Program Files\dotnet\packs\Microsoft.NETCore.App.Ref\9.0.11\ref\net9.0\System.Net.HttpListener.dll
           C:\Program Files\dotnet\packs\Microsoft.NETCore.App.Ref\9.0.11\ref\net9.0\System.Net.Mail.dll
           C:\Program Files\dotnet\packs\Microsoft.NETCore.App.Ref\9.0.11\ref\net9.0\System.Net.NameResolution.dll
           C:\Program Files\dotnet\packs\Microsoft.NETCore.App.Ref\9.0.11\ref\net9.0\System.Net.NetworkInformation.dll
           C:\Program Files\dotnet\packs\Microsoft.NETCore.App.Ref\9.0.11\ref\net9.0\System.Net.Ping.dll
           C:\Program Files\dotnet\packs\Microsoft.NETCore.App.Ref\9.0.11\ref\net9.0\System.Net.Primitives.dll
           C:\Program Files\dotnet\packs\Microsoft.NETCore.App.Ref\9.0.11\ref\net9.0\System.Net.Quic.dll
           C:\Program Files\dotnet\packs\Microsoft.NETCore.App.Ref\9.0.11\ref\net9.0\System.Net.Requests.dll
           C:\Program Files\dotnet\packs\Microsoft.NETCore.App.Ref\9.0.11\ref\net9.0\System.Net.Security.dll
           C:\Program Files\dotnet\packs\Microsoft.NETCore.App.Ref\9.0.11\ref\net9.0\System.Net.ServicePoint.dll
           C:\Program Files\dotnet\packs\Microsoft.NETCore.App.Ref\9.0.11\ref\net9.0\System.Net.Sockets.dll
           C:\Program Files\dotnet\packs\Microsoft.NETCore.App.Ref\9.0.11\ref\net9.0\System.Net.WebClient.dll
           C:\Program Files\dotnet\packs\Microsoft.NETCore.App.Ref\9.0.11\ref\net9.0\System.Net.WebHeaderCollection.dll
           C:\Program Files\dotnet\packs\Microsoft.NETCore.App.Ref\9.0.11\ref\net9.0\System.Net.WebProxy.dll
           C:\Program Files\dotnet\packs\Microsoft.NETCore.App.Ref\9.0.11\ref\net9.0\System.Net.WebSockets.Client.dll
           C:\Program Files\dotnet\packs\Microsoft.NETCore.App.Ref\9.0.11\ref\net9.0\System.Net.WebSockets.dll
           C:\Program Files\dotnet\packs\Microsoft.NETCore.App.Ref\9.0.11\ref\net9.0\System.Numerics.dll
           C:\Program Files\dotnet\packs\Microsoft.NETCore.App.Ref\9.0.11\ref\net9.0\System.Numerics.Vectors.dll
           C:\Program Files\dotnet\packs\Microsoft.NETCore.App.Ref\9.0.11\ref\net9.0\System.ObjectModel.dll
           C:\Program Files\dotnet\packs\Microsoft.NETCore.App.Ref\9.0.11\ref\net9.0\System.Reflection.DispatchProxy.dll
           C:\Program Files\dotnet\packs\Microsoft.NETCore.App.Ref\9.0.11\ref\net9.0\System.Reflection.dll
           C:\Program Files\dotnet\packs\Microsoft.NETCore.App.Ref\9.0.11\ref\net9.0\System.Reflection.Emit.dll
           C:\Program Files\dotnet\packs\Microsoft.NETCore.App.Ref\9.0.11\ref\net9.0\System.Reflection.Emit.ILGeneration.dll
           C:\Program Files\dotnet\packs\Microsoft.NETCore.App.Ref\9.0.11\ref\net9.0\System.Reflection.Emit.Lightweight.dll
           C:\Program Files\dotnet\packs\Microsoft.NETCore.App.Ref\9.0.11\ref\net9.0\System.Reflection.Extensions.dll
           C:\Program Files\dotnet\packs\Microsoft.NETCore.App.Ref\9.0.11\ref\net9.0\System.Reflection.Metadata.dll
           C:\Program Files\dotnet\packs\Microsoft.NETCore.App.Ref\9.0.11\ref\net9.0\System.Reflection.Primitives.dll
           C:\Program Files\dotnet\packs\Microsoft.NETCore.App.Ref\9.0.11\ref\net9.0\System.Reflection.TypeExtensions.dll
           C:\Program Files\dotnet\packs\Microsoft.NETCore.App.Ref\9.0.11\ref\net9.0\System.Resources.Reader.dll
           C:\Program Files\dotnet\packs\Microsoft.NETCore.App.Ref\9.0.11\ref\net9.0\System.Resources.ResourceManager.dll
           C:\Program Files\dotnet\packs\Microsoft.NETCore.App.Ref\9.0.11\ref\net9.0\System.Resources.Writer.dll
           C:\Program Files\dotnet\packs\Microsoft.NETCore.App.Ref\9.0.11\ref\net9.0\System.Runtime.CompilerServices.Unsafe.dll
           C:\Program Files\dotnet\packs\Microsoft.NETCore.App.Ref\9.0.11\ref\net9.0\System.Runtime.CompilerServices.VisualC.dll
           C:\Program Files\dotnet\packs\Microsoft.NETCore.App.Ref\9.0.11\ref\net9.0\System.Runtime.dll
           C:\Program Files\dotnet\packs\Microsoft.NETCore.App.Ref\9.0.11\ref\net9.0\System.Runtime.Extensions.dll
           C:\Program Files\dotnet\packs\Microsoft.NETCore.App.Ref\9.0.11\ref\net9.0\System.Runtime.Handles.dll
           C:\Program Files\dotnet\packs\Microsoft.NETCore.App.Ref\9.0.11\ref\net9.0\System.Runtime.InteropServices.dll
           C:\Program Files\dotnet\packs\Microsoft.NETCore.App.Ref\9.0.11\ref\net9.0\System.Runtime.InteropServices.JavaScript.dll
           C:\Program Files\dotnet\packs\Microsoft.NETCore.App.Ref\9.0.11\ref\net9.0\System.Runtime.InteropServices.RuntimeInformation.dll
           C:\Program Files\dotnet\packs\Microsoft.NETCore.App.Ref\9.0.11\ref\net9.0\System.Runtime.Intrinsics.dll
           C:\Program Files\dotnet\packs\Microsoft.NETCore.App.Ref\9.0.11\ref\net9.0\System.Runtime.Loader.dll
           C:\Program Files\dotnet\packs\Microsoft.NETCore.App.Ref\9.0.11\ref\net9.0\System.Runtime.Numerics.dll
           C:\Program Files\dotnet\packs\Microsoft.NETCore.App.Ref\9.0.11\ref\net9.0\System.Runtime.Serialization.dll
           C:\Program Files\dotnet\packs\Microsoft.NETCore.App.Ref\9.0.11\ref\net9.0\System.Runtime.Serialization.Formatters.dll
           C:\Program Files\dotnet\packs\Microsoft.NETCore.App.Ref\9.0.11\ref\net9.0\System.Runtime.Serialization.Json.dll
           C:\Program Files\dotnet\packs\Microsoft.NETCore.App.Ref\9.0.11\ref\net9.0\System.Runtime.Serialization.Primitives.dll
           C:\Program Files\dotnet\packs\Microsoft.NETCore.App.Ref\9.0.11\ref\net9.0\System.Runtime.Serialization.Xml.dll
           C:\Program Files\dotnet\packs\Microsoft.NETCore.App.Ref\9.0.11\ref\net9.0\System.Security.AccessControl.dll
           C:\Program Files\dotnet\packs\Microsoft.NETCore.App.Ref\9.0.11\ref\net9.0\System.Security.Claims.dll
           C:\Program Files\dotnet\packs\Microsoft.NETCore.App.Ref\9.0.11\ref\net9.0\System.Security.Cryptography.Algorithms.dll
           C:\Program Files\dotnet\packs\Microsoft.NETCore.App.Ref\9.0.11\ref\net9.0\System.Security.Cryptography.Cng.dll
           C:\Program Files\dotnet\packs\Microsoft.NETCore.App.Ref\9.0.11\ref\net9.0\System.Security.Cryptography.Csp.dll
           C:\Program Files\dotnet\packs\Microsoft.NETCore.App.Ref\9.0.11\ref\net9.0\System.Security.Cryptography.dll
           C:\Program Files\dotnet\packs\Microsoft.NETCore.App.Ref\9.0.11\ref\net9.0\System.Security.Cryptography.Encoding.dll
           C:\Program Files\dotnet\packs\Microsoft.NETCore.App.Ref\9.0.11\ref\net9.0\System.Security.Cryptography.OpenSsl.dll
           C:\Program Files\dotnet\packs\Microsoft.NETCore.App.Ref\9.0.11\ref\net9.0\System.Security.Cryptography.Primitives.dll
           C:\Program Files\dotnet\packs\Microsoft.NETCore.App.Ref\9.0.11\ref\net9.0\System.Security.Cryptography.X509Certificates.dll
           C:\Program Files\dotnet\packs\Microsoft.NETCore.App.Ref\9.0.11\ref\net9.0\System.Security.dll
           C:\Program Files\dotnet\packs\Microsoft.NETCore.App.Ref\9.0.11\ref\net9.0\System.Security.Principal.dll
           C:\Program Files\dotnet\packs\Microsoft.NETCore.App.Ref\9.0.11\ref\net9.0\System.Security.Principal.Windows.dll
           C:\Program Files\dotnet\packs\Microsoft.NETCore.App.Ref\9.0.11\ref\net9.0\System.Security.SecureString.dll
           C:\Program Files\dotnet\packs\Microsoft.NETCore.App.Ref\9.0.11\ref\net9.0\System.ServiceModel.Web.dll
           C:\Program Files\dotnet\packs\Microsoft.NETCore.App.Ref\9.0.11\ref\net9.0\System.ServiceProcess.dll
           C:\Program Files\dotnet\packs\Microsoft.NETCore.App.Ref\9.0.11\ref\net9.0\System.Text.Encoding.CodePages.dll
           C:\Program Files\dotnet\packs\Microsoft.NETCore.App.Ref\9.0.11\ref\net9.0\System.Text.Encoding.dll
           C:\Program Files\dotnet\packs\Microsoft.NETCore.App.Ref\9.0.11\ref\net9.0\System.Text.Encoding.Extensions.dll
           C:\Program Files\dotnet\packs\Microsoft.NETCore.App.Ref\9.0.11\ref\net9.0\System.Text.Encodings.Web.dll
           C:\Program Files\dotnet\packs\Microsoft.NETCore.App.Ref\9.0.11\ref\net9.0\System.Text.Json.dll
           C:\Program Files\dotnet\packs\Microsoft.NETCore.App.Ref\9.0.11\ref\net9.0\System.Text.RegularExpressions.dll
           C:\Program Files\dotnet\packs\Microsoft.NETCore.App.Ref\9.0.11\ref\net9.0\System.Threading.Channels.dll
           C:\Program Files\dotnet\packs\Microsoft.NETCore.App.Ref\9.0.11\ref\net9.0\System.Threading.dll
           C:\Program Files\dotnet\packs\Microsoft.NETCore.App.Ref\9.0.11\ref\net9.0\System.Threading.Overlapped.dll
           C:\Program Files\dotnet\packs\Microsoft.NETCore.App.Ref\9.0.11\ref\net9.0\System.Threading.Tasks.Dataflow.dll
           C:\Program Files\dotnet\packs\Microsoft.NETCore.App.Ref\9.0.11\ref\net9.0\System.Threading.Tasks.dll
           C:\Program Files\dotnet\packs\Microsoft.NETCore.App.Ref\9.0.11\ref\net9.0\System.Threading.Tasks.Extensions.dll
           C:\Program Files\dotnet\packs\Microsoft.NETCore.App.Ref\9.0.11\ref\net9.0\System.Threading.Tasks.Parallel.dll
           C:\Program Files\dotnet\packs\Microsoft.NETCore.App.Ref\9.0.11\ref\net9.0\System.Threading.Thread.dll
           C:\Program Files\dotnet\packs\Microsoft.NETCore.App.Ref\9.0.11\ref\net9.0\System.Threading.ThreadPool.dll
           C:\Program Files\dotnet\packs\Microsoft.NETCore.App.Ref\9.0.11\ref\net9.0\System.Threading.Timer.dll
           C:\Program Files\dotnet\packs\Microsoft.NETCore.App.Ref\9.0.11\ref\net9.0\System.Transactions.dll
           C:\Program Files\dotnet\packs\Microsoft.NETCore.App.Ref\9.0.11\ref\net9.0\System.Transactions.Local.dll
           C:\Program Files\dotnet\packs\Microsoft.NETCore.App.Ref\9.0.11\ref\net9.0\System.ValueTuple.dll
           C:\Program Files\dotnet\packs\Microsoft.NETCore.App.Ref\9.0.11\ref\net9.0\System.Web.dll
           C:\Program Files\dotnet\packs\Microsoft.NETCore.App.Ref\9.0.11\ref\net9.0\System.Web.HttpUtility.dll
           C:\Program Files\dotnet\packs\Microsoft.NETCore.App.Ref\9.0.11\ref\net9.0\System.Windows.dll
           C:\Program Files\dotnet\packs\Microsoft.NETCore.App.Ref\9.0.11\ref\net9.0\System.Xml.dll
           C:\Program Files\dotnet\packs\Microsoft.NETCore.App.Ref\9.0.11\ref\net9.0\System.Xml.Linq.dll
           C:\Program Files\dotnet\packs\Microsoft.NETCore.App.Ref\9.0.11\ref\net9.0\System.Xml.ReaderWriter.dll
           C:\Program Files\dotnet\packs\Microsoft.NETCore.App.Ref\9.0.11\ref\net9.0\System.Xml.Serialization.dll
           C:\Program Files\dotnet\packs\Microsoft.NETCore.App.Ref\9.0.11\ref\net9.0\System.Xml.XDocument.dll
           C:\Program Files\dotnet\packs\Microsoft.NETCore.App.Ref\9.0.11\ref\net9.0\System.Xml.XmlDocument.dll
           C:\Program Files\dotnet\packs\Microsoft.NETCore.App.Ref\9.0.11\ref\net9.0\System.Xml.XmlSerializer.dll
           C:\Program Files\dotnet\packs\Microsoft.NETCore.App.Ref\9.0.11\ref\net9.0\System.Xml.XPath.dll
           C:\Program Files\dotnet\packs\Microsoft.NETCore.App.Ref\9.0.11\ref\net9.0\System.Xml.XPath.XDocument.dll
           C:\Program Files\dotnet\packs\Microsoft.NETCore.App.Ref\9.0.11\ref\net9.0\WindowsBase.dll
           obj\Debug\net9.0\FreshProduce.Application.csproj.CoreCompileInputs.cache
           obj\Debug\net9.0\FreshProduce.Application.csproj.BuildWithSkipAnalyzers
           C:\Program Files\dotnet\sdk\10.0.101\Sdks\Microsoft.NET.Sdk\targets\..\analyzers\Microsoft.CodeAnalysis.CSharp.NetAnalyzers.dll
           C:\Program Files\dotnet\sdk\10.0.101\Sdks\Microsoft.NET.Sdk\targets\..\analyzers\Microsoft.CodeAnalysis.NetAnalyzers.dll
           C:\Program Files\dotnet\packs\Microsoft.NETCore.App.Ref\9.0.11\analyzers/dotnet/cs/Microsoft.Interop.ComInterfaceGenerator.dll
           C:\Program Files\dotnet\packs\Microsoft.NETCore.App.Ref\9.0.11\analyzers/dotnet/cs/Microsoft.Interop.JavaScript.JSImportGenerator.dll
           C:\Program Files\dotnet\packs\Microsoft.NETCore.App.Ref\9.0.11\analyzers/dotnet/cs/Microsoft.Interop.LibraryImportGenerator.dll
           C:\Program Files\dotnet\packs\Microsoft.NETCore.App.Ref\9.0.11\analyzers/dotnet/cs/Microsoft.Interop.SourceGeneration.dll
           C:\Program Files\dotnet\packs\Microsoft.NETCore.App.Ref\9.0.11\analyzers/dotnet/cs/System.Text.Json.SourceGeneration.dll
           C:\Program Files\dotnet\packs\Microsoft.NETCore.App.Ref\9.0.11\analyzers/dotnet/cs/System.Text.RegularExpressions.Generator.dll
           obj\Debug\net9.0\FreshProduce.Application.GeneratedMSBuildEditorConfig.editorconfig
           C:\Program Files\dotnet\sdk\10.0.101\Sdks\Microsoft.NET.Sdk\analyzers\build\config\analysislevel_9_default.globalconfig
           D:\P.L\Flutter\fresh_produce_app\FreshProduce.Application\obj\FreshProduce.Application.csproj.nuget.g.props
           C:\Program Files\dotnet\sdk\10.0.101\Current\Microsoft.Common.targets\ImportAfter\Microsoft.TestPlatform.ImportAfter.targets
       Output files: 
           obj\Debug\net9.0\FreshProduce.Application.dll
           obj\Debug\net9.0\refint\FreshProduce.Application.dll
           obj\Debug\net9.0\FreshProduce.Application.pdb
       C:\Program Files\dotnet\sdk\10.0.101\Roslyn\Microsoft.CSharp.Core.targets(66,7): message : Property reassignment: $(NoWarn)="1701;1702;1701;1702" (previous value: "1701;1702") at C:\Program Files\dotnet\sdk\10.0.101\Roslyn\Microsoft.CSharp.Core.targets (66,7) [D:\P.L\Flutter\fresh_produce_app\FreshProduce.Application\FreshProduce.Application.csproj]
   2:7>Done building target "CoreCompile" in project "FreshProduce.Application.csproj".
   2:7>Target "AfterCompile" in file "C:\Program Files\dotnet\sdk\10.0.101\Microsoft.Common.CurrentVersion.targets" from project "D:\P.L\Flutter\fresh_produce_app\FreshProduce.Application\FreshProduce.Application.csproj" (target "Compile" depends on it):
   2:7>Done building target "AfterCompile" in project "FreshProduce.Application.csproj".
   2:7>Target "Compile" in file "C:\Program Files\dotnet\sdk\10.0.101\Microsoft.Common.CurrentVersion.targets" from project "D:\P.L\Flutter\fresh_produce_app\FreshProduce.Application\FreshProduce.Application.csproj" (target "CoreBuild" depends on it):
   2:7>Done building target "Compile" in project "FreshProduce.Application.csproj".
   2:7>Target "_GenerateSatelliteAssemblyInputs" in file "C:\Program Files\dotnet\sdk\10.0.101\Microsoft.Common.CurrentVersion.targets" from project "D:\P.L\Flutter\fresh_produce_app\FreshProduce.Application\FreshProduce.Application.csproj" (target "CreateSatelliteAssemblies" depends on it):
   2:7>Done building target "_GenerateSatelliteAssemblyInputs" in project "FreshProduce.Application.csproj".
   2:7>Target "CreateSatelliteAssemblies" in file "C:\Program Files\dotnet\sdk\10.0.101\Microsoft.Common.CurrentVersion.targets" from project "D:\P.L\Flutter\fresh_produce_app\FreshProduce.Application\FreshProduce.Application.csproj" (target "CoreBuild" depends on it):
   2:7>Done building target "CreateSatelliteAssemblies" in project "FreshProduce.Application.csproj".
   2:7>Target "GetTargetPathWithTargetPlatformMoniker" in file "C:\Program Files\dotnet\sdk\10.0.101\Microsoft.Common.CurrentVersion.targets" from project "D:\P.L\Flutter\fresh_produce_app\FreshProduce.Application\FreshProduce.Application.csproj" (target "GetTargetPath" depends on it):
   2:7>Done building target "GetTargetPathWithTargetPlatformMoniker" in project "FreshProduce.Application.csproj".
   2:7>Target "GetTargetPath" in file "C:\Program Files\dotnet\sdk\10.0.101\Microsoft.Common.CurrentVersion.targets" from project "D:\P.L\Flutter\fresh_produce_app\FreshProduce.Application\FreshProduce.Application.csproj" (target "CoreBuild" depends on it):
   2:7>Done building target "GetTargetPath" in project "FreshProduce.Application.csproj".
   2:7>Target "_CopyFilesMarkedCopyLocal" in file "C:\Program Files\dotnet\sdk\10.0.101\Microsoft.Common.CurrentVersion.targets" from project "D:\P.L\Flutter\fresh_produce_app\FreshProduce.Application\FreshProduce.Application.csproj" (target "CopyFilesToOutputDirectory" depends on it):
       Using "Copy" task from assembly "Microsoft.Build.Tasks.Core, Version=15.1.0.0, Culture=neutral, PublicKeyToken=b03f5f7f11d50a3a".
       Task "Copy"
         Did not copy from file "D:\P.L\Flutter\fresh_produce_app\FreshProduce.Domain\bin\Debug\net9.0\FreshProduce.Domain.dll" to file "bin\Debug\net9.0\FreshProduce.Domain.dll" because the "SkipUnchangedFiles" parameter was set to "true" in the project and the files' sizes and timestamps match.
         Did not copy from file "D:\P.L\Flutter\fresh_produce_app\FreshProduce.Domain\bin\Debug\net9.0\FreshProduce.Domain.pdb" to file "bin\Debug\net9.0\FreshProduce.Domain.pdb" because the "SkipUnchangedFiles" parameter was set to "true" in the project and the files' sizes and timestamps match.
       Done executing task "Copy".
   2:7>Done building target "_CopyFilesMarkedCopyLocal" in project "FreshProduce.Application.csproj".
       Target "AssignTargetPaths" skipped. Previously built successfully.
       Target "AssignProjectConfiguration" skipped. Previously built successfully.
       Target "_SplitProjectReferencesByFileExistence" skipped. Previously built successfully.
       Target "_GetProjectReferenceTargetFrameworkProperties" skipped. Previously built successfully.
   2:7>Target "_PopulateCommonStateForGetCopyToOutputDirectoryItems" in file "C:\Program Files\dotnet\sdk\10.0.101\Microsoft.Common.CurrentVersion.targets" from project "D:\P.L\Flutter\fresh_produce_app\FreshProduce.Application\FreshProduce.Application.csproj" (target "GetCopyToOutputDirectoryItems" depends on it):
   2:7>Done building target "_PopulateCommonStateForGetCopyToOutputDirectoryItems" in project "FreshProduce.Application.csproj".
   2:7>Target "GetCopyToOutputDirectoryItems" in file "C:\Program Files\dotnet\sdk\10.0.101\Microsoft.Common.CurrentVersion.targets" from project "D:\P.L\Flutter\fresh_produce_app\FreshProduce.Application\FreshProduce.Application.csproj" (target "_CopySourceItemsToOutputDirectory" depends on it):
       Using "CallTarget" task from assembly "Microsoft.Build.Tasks.Core, Version=15.1.0.0, Culture=neutral, PublicKeyToken=b03f5f7f11d50a3a".
       Task "CallTarget"
       Target "_PopulateCommonStateForGetCopyToOutputDirectoryItems" skipped. Previously built successfully.
       Target "_AddOutputPathToGlobalPropertiesToRemove" skipped. Previously built successfully.
   2:7>Target "_GetCopyToOutputDirectoryItemsFromTransitiveProjectReferences" in file "C:\Program Files\dotnet\sdk\10.0.101\Microsoft.Common.CurrentVersion.targets" from project "D:\P.L\Flutter\fresh_produce_app\FreshProduce.Application\FreshProduce.Application.csproj" (target "GetCopyToOutputDirectoryItems" depends on it):
       Task "MSBuild"
         Removing Properties for project "..\FreshProduce.Domain\FreshProduce.Domain.csproj":
           TargetFramework
           RuntimeIdentifier
           SelfContained
   2:7>Project "D:\P.L\Flutter\fresh_produce_app\FreshProduce.Application\FreshProduce.Application.csproj" (2:7) is building "D:\P.L\Flutter\fresh_produce_app\FreshProduce.Domain\FreshProduce.Domain.csproj" (3:13) on node 3 (GetCopyToOutputDirectoryItems target(s)).
  3:13>Target "GetCopyToOutputDirectoryItems" skipped. Previously built successfully.
  3:13>Done Building Project "D:\P.L\Flutter\fresh_produce_app\FreshProduce.Domain\FreshProduce.Domain.csproj" (GetCopyToOutputDirectoryItems target(s)).
   2:7>Done executing task "MSBuild".
       Task "AssignTargetPath"
       Done executing task "AssignTargetPath".
   2:7>Done building target "_GetCopyToOutputDirectoryItemsFromTransitiveProjectReferences" in project "FreshProduce.Application.csproj".
       Done executing task "CallTarget".
       Task "CallTarget"
       Target "AssignTargetPaths" skipped. Previously built successfully.
       Target "_PopulateCommonStateForGetCopyToOutputDirectoryItems" skipped. Previously built successfully.
   2:7>Target "_GetCopyToOutputDirectoryItemsFromThisProject" in file "C:\Program Files\dotnet\sdk\10.0.101\Microsoft.Common.CurrentVersion.targets" from project "D:\P.L\Flutter\fresh_produce_app\FreshProduce.Application\FreshProduce.Application.csproj" (target "GetCopyToOutputDirectoryItems" depends on it):
       Task "AssignTargetPath"
       Done executing task "AssignTargetPath".
   2:7>Done building target "_GetCopyToOutputDirectoryItemsFromThisProject" in project "FreshProduce.Application.csproj".
       Done executing task "CallTarget".
   2:7>Done building target "GetCopyToOutputDirectoryItems" in project "FreshProduce.Application.csproj".
   2:7>Target "_CopySourceItemsToOutputDirectory" in file "C:\Program Files\dotnet\sdk\10.0.101\Microsoft.Common.CurrentVersion.targets" from project "D:\P.L\Flutter\fresh_produce_app\FreshProduce.Application\FreshProduce.Application.csproj" (target "CopyFilesToOutputDirectory" depends on it):
   2:7>Done building target "_CopySourceItemsToOutputDirectory" in project "FreshProduce.Application.csproj".
   2:7>Target "_CheckForCompileOutputs" in file "C:\Program Files\dotnet\sdk\10.0.101\Microsoft.Common.CurrentVersion.targets" from project "D:\P.L\Flutter\fresh_produce_app\FreshProduce.Application\FreshProduce.Application.csproj" (target "CopyFilesToOutputDirectory" depends on it):
   2:7>Done building target "_CheckForCompileOutputs" in project "FreshProduce.Application.csproj".
       Target "_DefaultMicrosoftNETPlatformLibrary" skipped. Previously built successfully.
       Target "_HandlePackageFileConflicts" skipped. Previously built successfully.
       Target "ResolveAssemblyReferences" skipped. Previously built successfully.
   2:7>Target "_ComputeReferenceAssemblies" in file "C:\Program Files\dotnet\sdk\10.0.101\Sdks\Microsoft.NET.Sdk\targets\Microsoft.NET.Sdk.targets" from project "D:\P.L\Flutter\fresh_produce_app\FreshProduce.Application\FreshProduce.Application.csproj" (target "GenerateBuildDependencyFile" depends on it):
   2:7>Done building target "_ComputeReferenceAssemblies" in project "FreshProduce.Application.csproj".
   2:7>Target "_ComputeUserRuntimeAssemblies" in file "C:\Program Files\dotnet\sdk\10.0.101\Sdks\Microsoft.NET.Sdk\targets\Microsoft.NET.Sdk.targets" from project "D:\P.L\Flutter\fresh_produce_app\FreshProduce.Application\FreshProduce.Application.csproj" (target "GenerateBuildDependencyFile" depends on it):
   2:7>Done building target "_ComputeUserRuntimeAssemblies" in project "FreshProduce.Application.csproj".
       Target "_ComputePackageReferencePublish" skipped. Previously built successfully.
   2:7>Target "GenerateBuildDependencyFile" in file "C:\Program Files\dotnet\sdk\10.0.101\Sdks\Microsoft.NET.Sdk\targets\Microsoft.NET.Sdk.targets" from project "D:\P.L\Flutter\fresh_produce_app\FreshProduce.Application\FreshProduce.Application.csproj" (target "CopyFilesToOutputDirectory" depends on it):
       Skipping target "GenerateBuildDependencyFile" because all output files are up-to-date with respect to the input files.
       Input files: 
           D:\P.L\Flutter\fresh_produce_app\FreshProduce.Application\obj\project.assets.json
           D:\P.L\Flutter\fresh_produce_app\FreshProduce.Application\obj\Debug\net9.0\FreshProduce.Application.assets.cache
           D:\P.L\Flutter\fresh_produce_app\FreshProduce.Application\obj\FreshProduce.Application.csproj.nuget.g.props
           C:\Program Files\dotnet\sdk\10.0.101\Current\Microsoft.Common.targets\ImportAfter\Microsoft.TestPlatform.ImportAfter.targets
       Output files: D:\P.L\Flutter\fresh_produce_app\FreshProduce.Application\bin\Debug\net9.0\FreshProduce.Application.deps.json
   2:7>Done building target "GenerateBuildDependencyFile" in project "FreshProduce.Application.csproj".
   2:7>Target "CopyFilesToOutputDirectory" in file "C:\Program Files\dotnet\sdk\10.0.101\Microsoft.Common.CurrentVersion.targets" from project "D:\P.L\Flutter\fresh_produce_app\FreshProduce.Application\FreshProduce.Application.csproj" (target "PrepareForRun" depends on it):
       Task "Copy"
         Did not copy from file "obj\Debug\net9.0\FreshProduce.Application.dll" to file "bin\Debug\net9.0\FreshProduce.Application.dll" because the "SkipUnchangedFiles" parameter was set to "true" in the project and the files' sizes and timestamps match.
       Done executing task "Copy".
       Using "CopyRefAssembly" task from assembly "C:\Program Files\dotnet\sdk\10.0.101\Sdks\Microsoft.NET.Sdk\targets\..\..\..\Roslyn\Microsoft.Build.Tasks.CodeAnalysis.dll".
       Task "CopyRefAssembly"
         Reference assembly "D:\P.L\Flutter\fresh_produce_app\FreshProduce.Application\obj\Debug\net9.0\ref\FreshProduce.Application.dll" already has latest information. Leaving it untouched.
       Done executing task "CopyRefAssembly".
       Task "Message"
         FreshProduce.Application -> D:\P.L\Flutter\fresh_produce_app\FreshProduce.Application\bin\Debug\net9.0\FreshProduce.Application.dll
       Done executing task "Message".
       Task "Copy"
         Did not copy from file "obj\Debug\net9.0\FreshProduce.Application.pdb" to file "bin\Debug\net9.0\FreshProduce.Application.pdb" because the "SkipUnchangedFiles" parameter was set to "true" in the project and the files' sizes and timestamps match.
       Done executing task "Copy".
   2:7>Done building target "CopyFilesToOutputDirectory" in project "FreshProduce.Application.csproj".
   2:7>Target "PrepareForRun" in file "C:\Program Files\dotnet\sdk\10.0.101\Microsoft.Common.CurrentVersion.targets" from project "D:\P.L\Flutter\fresh_produce_app\FreshProduce.Application\FreshProduce.Application.csproj" (target "CoreBuild" depends on it):
   2:7>Done building target "PrepareForRun" in project "FreshProduce.Application.csproj".
       Target "_CheckForCompileOutputs" skipped. Previously built successfully.
   2:7>Target "_CleanGetCurrentAndPriorFileWrites" in file "C:\Program Files\dotnet\sdk\10.0.101\Microsoft.Common.CurrentVersion.targets" from project "D:\P.L\Flutter\fresh_produce_app\FreshProduce.Application\FreshProduce.Application.csproj" (target "IncrementalClean" depends on it):
       Using "ReadLinesFromFile" task from assembly "Microsoft.Build.Tasks.Core, Version=15.1.0.0, Culture=neutral, PublicKeyToken=b03f5f7f11d50a3a".
       Task "ReadLinesFromFile"
       Done executing task "ReadLinesFromFile".
       Task "ConvertToAbsolutePath"
       Done executing task "ConvertToAbsolutePath".
       Using "FindUnderPath" task from assembly "Microsoft.Build.Tasks.Core, Version=15.1.0.0, Culture=neutral, PublicKeyToken=b03f5f7f11d50a3a".
       Task "FindUnderPath"
         Comparison path is "D:\P.L\Flutter\fresh_produce_app\FreshProduce.Application".
       Done executing task "FindUnderPath".
       Task "FindUnderPath"
         Comparison path is "bin\Debug\net9.0\".
       Done executing task "FindUnderPath".
       Task "FindUnderPath"
         Comparison path is "obj\Debug\net9.0\".
       Done executing task "FindUnderPath".
       Task "RemoveDuplicates"
       Done executing task "RemoveDuplicates".
   2:7>Done building target "_CleanGetCurrentAndPriorFileWrites" in project "FreshProduce.Application.csproj".
   2:7>Target "IncrementalClean" in file "C:\Program Files\dotnet\sdk\10.0.101\Microsoft.Common.CurrentVersion.targets" from project "D:\P.L\Flutter\fresh_produce_app\FreshProduce.Application\FreshProduce.Application.csproj" (target "CoreBuild" depends on it):
       Task "FindUnderPath"
         Comparison path is "bin\Debug\net9.0\".
       Done executing task "FindUnderPath".
       Task "FindUnderPath"
         Comparison path is "obj\Debug\net9.0\".
       Done executing task "FindUnderPath".
       Using "Delete" task from assembly "Microsoft.Build.Tasks.Core, Version=15.1.0.0, Culture=neutral, PublicKeyToken=b03f5f7f11d50a3a".
       Task "Delete"
       Done executing task "Delete".
       Task "RemoveDuplicates"
       Done executing task "RemoveDuplicates".
   2:7>Done building target "IncrementalClean" in project "FreshProduce.Application.csproj".
       Target "GenerateBuildDependencyFile" skipped. Previously built successfully.
   2:7>Target "CoreBuild" in file "C:\Program Files\dotnet\sdk\10.0.101\Microsoft.Common.CurrentVersion.targets" from project "D:\P.L\Flutter\fresh_produce_app\FreshProduce.Application\FreshProduce.Application.csproj" (target "Build" depends on it):
   2:7>Done building target "CoreBuild" in project "FreshProduce.Application.csproj".
   2:7>Target "AfterBuild" in file "C:\Program Files\dotnet\sdk\10.0.101\Microsoft.Common.CurrentVersion.targets" from project "D:\P.L\Flutter\fresh_produce_app\FreshProduce.Application\FreshProduce.Application.csproj" (target "Build" depends on it):
   2:7>Done building target "AfterBuild" in project "FreshProduce.Application.csproj".
       Target "_CheckForInvalidConfigurationAndPlatform" skipped. Previously built successfully.
       Target "_CheckForInvalidConfigurationAndPlatform" skipped. Previously built successfully.
   2:7>Target "Build" in file "C:\Program Files\dotnet\sdk\10.0.101\Microsoft.Common.CurrentVersion.targets" from project "D:\P.L\Flutter\fresh_produce_app\FreshProduce.Application\FreshProduce.Application.csproj" (entry point):
   2:7>Done building target "Build" in project "FreshProduce.Application.csproj".
   2:7>Target "_CheckContainersPackage" in file "C:\Program Files\dotnet\sdk\10.0.101\Containers\build\Microsoft.NET.Build.Containers.targets" from project "D:\P.L\Flutter\fresh_produce_app\FreshProduce.Application\FreshProduce.Application.csproj" (entry point):
   2:7>Done building target "_CheckContainersPackage" in project "FreshProduce.Application.csproj".
   2:7>Done Building Project "D:\P.L\Flutter\fresh_produce_app\FreshProduce.Application\FreshProduce.Application.csproj" (default targets).
   4:6>Project "D:\P.L\Flutter\fresh_produce_app\FreshProduce.Infrastructure\FreshProduce.Infrastructure.csproj" (4:6) is building "D:\P.L\Flutter\fresh_produce_app\FreshProduce.Application\FreshProduce.Application.csproj" (2:9) on node 2 (default targets).
   2:9>Target "Build" skipped. Previously built successfully.
   2:9>Done Building Project "D:\P.L\Flutter\fresh_produce_app\FreshProduce.Application\FreshProduce.Application.csproj" (default targets).
   4:6>Done executing task "MSBuild".
       Task "MSBuild"
         Removing Properties for project "..\FreshProduce.Application\FreshProduce.Application.csproj":
           TargetFramework
           RuntimeIdentifier
           SelfContained
         Removing Properties for project "..\FreshProduce.Domain\FreshProduce.Domain.csproj":
           TargetFramework
           RuntimeIdentifier
           SelfContained
   4:6>Project "D:\P.L\Flutter\fresh_produce_app\FreshProduce.Infrastructure\FreshProduce.Infrastructure.csproj" (4:6) is building "D:\P.L\Flutter\fresh_produce_app\FreshProduce.Domain\FreshProduce.Domain.csproj" (3:14) on node 1 (GetNativeManifest target(s)).
  3:14>Target "GetNativeManifest" skipped. Previously built successfully.
  3:14>Done Building Project "D:\P.L\Flutter\fresh_produce_app\FreshProduce.Domain\FreshProduce.Domain.csproj" (GetNativeManifest target(s)).
   4:6>Project "D:\P.L\Flutter\fresh_produce_app\FreshProduce.Infrastructure\FreshProduce.Infrastructure.csproj" (4:6) is building "D:\P.L\Flutter\fresh_produce_app\FreshProduce.Application\FreshProduce.Application.csproj" (2:10) on node 2 (GetNativeManifest target(s)).
  2:10>Target "GetNativeManifest" in file "C:\Program Files\dotnet\sdk\10.0.101\Microsoft.Common.CurrentVersion.targets" from project "D:\P.L\Flutter\fresh_produce_app\FreshProduce.Application\FreshProduce.Application.csproj" (entry point):
  2:10>Done building target "GetNativeManifest" in project "FreshProduce.Application.csproj".
  2:10>Done Building Project "D:\P.L\Flutter\fresh_produce_app\FreshProduce.Application\FreshProduce.Application.csproj" (GetNativeManifest target(s)).
   4:6>Done executing task "MSBuild".
   4:6>Done building target "ResolveProjectReferences" in project "FreshProduce.Infrastructure.csproj".
       Target "ResolveProjectReferences" skipped. Previously built successfully.
       Target "GetFrameworkPaths" skipped. Previously built successfully.
       Target "GetReferenceAssemblyPaths" skipped. Previously built successfully.
       Target "PrepareForBuild" skipped. Previously built successfully.
   4:6>Target "ResolveSDKReferences" in file "C:\Program Files\dotnet\sdk\10.0.101\Microsoft.Common.CurrentVersion.targets" from project "D:\P.L\Flutter\fresh_produce_app\FreshProduce.Infrastructure\FreshProduce.Infrastructure.csproj" (target "ResolveAssemblyReferences" depends on it):
   4:6>Done building target "ResolveSDKReferences" in project "FreshProduce.Infrastructure.csproj".
       Target "ResolveSDKReferences" skipped. Previously built successfully.
   4:6>Target "ExpandSDKReferences" in file "C:\Program Files\dotnet\sdk\10.0.101\Microsoft.Common.CurrentVersion.targets" from project "D:\P.L\Flutter\fresh_produce_app\FreshProduce.Infrastructure\FreshProduce.Infrastructure.csproj" (target "ResolveAssemblyReferences" depends on it):
   4:6>Done building target "ExpandSDKReferences" in project "FreshProduce.Infrastructure.csproj".
       Target "ResolvePackageDependenciesForBuild" skipped. Previously built successfully.
       Target "GetFrameworkPaths" skipped. Previously built successfully.
       Target "GetReferenceAssemblyPaths" skipped. Previously built successfully.
       Target "ProcessFrameworkReferences" skipped. Previously built successfully.
       Target "ResolvePackageAssets" skipped. Previously built successfully.
   4:6>Target "ResolveFrameworkReferences" in file "C:\Program Files\dotnet\sdk\10.0.101\Sdks\Microsoft.NET.Sdk\targets\Microsoft.NET.Sdk.FrameworkReferenceResolution.targets" from project "D:\P.L\Flutter\fresh_produce_app\FreshProduce.Infrastructure\FreshProduce.Infrastructure.csproj" (target "ResolveTargetingPackAssets" depends on it):
       Using "GetPackageDirectory" task from assembly "C:\Program Files\dotnet\sdk\10.0.101\Sdks\Microsoft.NET.Sdk\targets\..\tools\net10.0\Microsoft.NET.Build.Tasks.dll".
       Task "GetPackageDirectory"
       Done executing task "GetPackageDirectory".
       Task "GetPackageDirectory"
       Done executing task "GetPackageDirectory".
       Task "GetPackageDirectory"
       Done executing task "GetPackageDirectory".
       Task "GetPackageDirectory"
       Done executing task "GetPackageDirectory".
       Task "GetPackageDirectory"
       Done executing task "GetPackageDirectory".
       Task "GetPackageDirectory"
       Done executing task "GetPackageDirectory".
       Task "GetPackageDirectory"
       Done executing task "GetPackageDirectory".
       Task "GetPackageDirectory"
       Done executing task "GetPackageDirectory".
       Task "GetPackageDirectory"
       Done executing task "GetPackageDirectory".
       Task "GetPackageDirectory"
       Done executing task "GetPackageDirectory".
       Using "ResolveFrameworkReferences" task from assembly "C:\Program Files\dotnet\sdk\10.0.101\Sdks\Microsoft.NET.Sdk\targets\..\tools\net10.0\Microsoft.NET.Build.Tasks.dll".
       Task "ResolveFrameworkReferences"
       Done executing task "ResolveFrameworkReferences".
   4:6>Done building target "ResolveFrameworkReferences" in project "FreshProduce.Infrastructure.csproj".
   4:6>Target "ResolveTargetingPackAssets" in file "C:\Program Files\dotnet\sdk\10.0.101\Sdks\Microsoft.NET.Sdk\targets\Microsoft.NET.Sdk.FrameworkReferenceResolution.targets" from project "D:\P.L\Flutter\fresh_produce_app\FreshProduce.Infrastructure\FreshProduce.Infrastructure.csproj" (target "_HandlePackageFileConflicts" depends on it):
       Using "ResolveTargetingPackAssets" task from assembly "C:\Program Files\dotnet\sdk\10.0.101\Sdks\Microsoft.NET.Sdk\targets\..\tools\net10.0\Microsoft.NET.Build.Tasks.dll".
       Task "ResolveTargetingPackAssets"
       Done executing task "ResolveTargetingPackAssets".
   4:6>Done building target "ResolveTargetingPackAssets" in project "FreshProduce.Infrastructure.csproj".
   4:6>Target "ResolveOffByDefaultAnalyzers" in file "C:\Program Files\dotnet\sdk\10.0.101\Sdks\Microsoft.NET.Sdk\targets\Microsoft.NET.Sdk.FrameworkReferenceResolution.targets" from project "D:\P.L\Flutter\fresh_produce_app\FreshProduce.Infrastructure\FreshProduce.Infrastructure.csproj" (target "_HandlePackageFileConflicts" depends on it):
   4:6>Done building target "ResolveOffByDefaultAnalyzers" in project "FreshProduce.Infrastructure.csproj".
   4:6>Target "_HandlePackageFileConflicts" in file "C:\Program Files\dotnet\sdk\10.0.101\Sdks\Microsoft.NET.Sdk\targets\Microsoft.NET.ConflictResolution.targets" from project "D:\P.L\Flutter\fresh_produce_app\FreshProduce.Infrastructure\FreshProduce.Infrastructure.csproj" (target "ResolveAssemblyReferences" depends on it):
       Using "ResolvePackageFileConflicts" task from assembly "C:\Program Files\dotnet\sdk\10.0.101\Sdks\Microsoft.NET.Sdk\targets\..\tools\net10.0\Microsoft.NET.Build.Tasks.dll".
       Task "ResolvePackageFileConflicts"
         Encountered conflict between 'Platform:mscorlib.dll' and 'Platform:mscorlib.dll'. Could not determine winner due to equal file and assembly versions.
         Encountered conflict between 'Platform:Microsoft.VisualBasic.dll' and 'Platform:Microsoft.VisualBasic.dll'. Could not determine winner due to equal file and assembly versions.
         Encountered conflict between 'Platform:System.dll' and 'Platform:System.dll'. Could not determine winner due to equal file and assembly versions.
         Encountered conflict between 'Platform:System.ComponentModel.DataAnnotations.dll' and 'Platform:System.ComponentModel.DataAnnotations.dll'. Could not determine winner due to equal file and assembly versions.
         Encountered conflict between 'Platform:System.Configuration.dll' and 'Platform:System.Configuration.dll'. Could not determine winner due to equal file and assembly versions.
         Encountered conflict between 'Platform:System.Core.dll' and 'Platform:System.Core.dll'. Could not determine winner due to equal file and assembly versions.
         Encountered conflict between 'Platform:System.Data.dll' and 'Platform:System.Data.dll'. Could not determine winner due to equal file and assembly versions.
         Encountered conflict between 'Platform:System.Drawing.dll' and 'Platform:System.Drawing.dll'. Could not determine winner due to equal file and assembly versions.
         Encountered conflict between 'Platform:System.IO.Compression.FileSystem.dll' and 'Platform:System.IO.Compression.FileSystem.dll'. Could not determine winner due to equal file and assembly versions.
         Encountered conflict between 'Platform:System.Net.dll' and 'Platform:System.Net.dll'. Could not determine winner due to equal file and assembly versions.
         Encountered conflict between 'Platform:System.Numerics.dll' and 'Platform:System.Numerics.dll'. Could not determine winner due to equal file and assembly versions.
         Encountered conflict between 'Platform:System.Runtime.Serialization.dll' and 'Platform:System.Runtime.Serialization.dll'. Could not determine winner due to equal file and assembly versions.
         Encountered conflict between 'Platform:System.Security.dll' and 'Platform:System.Security.dll'. Could not determine winner due to equal file and assembly versions.
         Encountered conflict between 'Platform:System.ServiceProcess.dll' and 'Platform:System.ServiceProcess.dll'. Could not determine winner due to equal file and assembly versions.
         Encountered conflict between 'Platform:System.ServiceModel.Web.dll' and 'Platform:System.ServiceModel.Web.dll'. Could not determine winner due to equal file and assembly versions.
         Encountered conflict between 'Platform:System.Transactions.dll' and 'Platform:System.Transactions.dll'. Could not determine winner due to equal file and assembly versions.
         Encountered conflict between 'Platform:System.Web.dll' and 'Platform:System.Web.dll'. Could not determine winner due to equal file and assembly versions.
         Encountered conflict between 'Platform:System.Windows.dll' and 'Platform:System.Windows.dll'. Could not determine winner due to equal file and assembly versions.
         Encountered conflict between 'Platform:System.Xml.dll' and 'Platform:System.Xml.dll'. Could not determine winner due to equal file and assembly versions.
         Encountered conflict between 'Platform:System.Xml.Serialization.dll' and 'Platform:System.Xml.Serialization.dll'. Could not determine winner due to equal file and assembly versions.
         Encountered conflict between 'Platform:System.Xml.Linq.dll' and 'Platform:System.Xml.Linq.dll'. Could not determine winner due to equal file and assembly versions.
         Encountered conflict between 'Platform:WindowsBase.dll' and 'Platform:WindowsBase.dll'. Could not determine winner due to equal file and assembly versions.
         Encountered conflict between 'Platform:netstandard.dll' and 'Platform:netstandard.dll'. Could not determine winner due to equal file and assembly versions.
         Encountered conflict between 'Platform:System.Private.CoreLib.dll' and 'Platform:System.Private.CoreLib.dll'. Could not determine winner due to equal file and assembly versions.
         Encountered conflict between 'Platform:System.Private.DataContractSerialization.dll' and 'Platform:System.Private.DataContractSerialization.dll'. Could not determine winner due to equal file and assembly versions.
         Encountered conflict between 'Platform:System.Private.Uri.dll' and 'Platform:System.Private.Uri.dll'. Could not determine winner due to equal file and assembly versions.
         Encountered conflict between 'Platform:System.Private.Xml.dll' and 'Platform:System.Private.Xml.dll'. Could not determine winner due to equal file and assembly versions.
         Encountered conflict between 'Platform:System.Private.Xml.Linq.dll' and 'Platform:System.Private.Xml.Linq.dll'. Could not determine winner due to equal file and assembly versions.
         Encountered conflict between 'Platform:mscordaccore_amd64_amd64_9.0.1125.51716.dll' and 'Platform:mscordaccore_amd64_amd64_9.0.1125.51716.dll'. Could not determine winner due to equal file and assembly versions.
       Done executing task "ResolvePackageFileConflicts".
   4:6>Done building target "_HandlePackageFileConflicts" in project "FreshProduce.Infrastructure.csproj".
       Target "ResolveTargetingPackAssets" skipped. Previously built successfully.
   4:6>Target "ResolveAssemblyReferences" in file "C:\Program Files\dotnet\sdk\10.0.101\Microsoft.Common.CurrentVersion.targets" from project "D:\P.L\Flutter\fresh_produce_app\FreshProduce.Infrastructure\FreshProduce.Infrastructure.csproj" (target "ResolveReferences" depends on it):
       Using "ResolveAssemblyReference" task from assembly "Microsoft.Build.Tasks.Core, Version=15.1.0.0, Culture=neutral, PublicKeyToken=b03f5f7f11d50a3a".
       Task "ResolveAssemblyReference"
         TargetFrameworkMoniker:
             .NETCoreApp,Version=v9.0
         TargetFrameworkMonikerDisplayName:
             .NET 9.0
         TargetedRuntimeVersion:
             
         Assemblies:
             C:\Users\Dell\.nuget\packages\azure.core\1.38.0\lib\net6.0\Azure.Core.dll
                 Private = 'false'
                 HintPath = 'C:\Users\Dell\.nuget\packages\azure.core\1.38.0\lib\net6.0\Azure.Core.dll'
             C:\Users\Dell\.nuget\packages\azure.identity\1.11.4\lib\netstandard2.0\Azure.Identity.dll
                 Private = 'false'
                 HintPath = 'C:\Users\Dell\.nuget\packages\azure.identity\1.11.4\lib\netstandard2.0\Azure.Identity.dll'
             C:\Users\Dell\.nuget\packages\microsoft.aspnetcore.cryptography.internal\9.0.0\lib\net9.0\Microsoft.AspNetCore.Cryptography.Internal.dll
                 Private = 'false'
                 HintPath = 'C:\Users\Dell\.nuget\packages\microsoft.aspnetcore.cryptography.internal\9.0.0\lib\net9.0\Microsoft.AspNetCore.Cryptography.Internal.dll'
             C:\Users\Dell\.nuget\packages\microsoft.aspnetcore.cryptography.keyderivation\9.0.0\lib\net9.0\Microsoft.AspNetCore.Cryptography.KeyDerivation.dll
                 Private = 'false'
                 HintPath = 'C:\Users\Dell\.nuget\packages\microsoft.aspnetcore.cryptography.keyderivation\9.0.0\lib\net9.0\Microsoft.AspNetCore.Cryptography.KeyDerivation.dll'
             C:\Users\Dell\.nuget\packages\microsoft.aspnetcore.identity.entityframeworkcore\9.0.0\lib\net9.0\Microsoft.AspNetCore.Identity.EntityFrameworkCore.dll
                 Private = 'false'
                 HintPath = 'C:\Users\Dell\.nuget\packages\microsoft.aspnetcore.identity.entityframeworkcore\9.0.0\lib\net9.0\Microsoft.AspNetCore.Identity.EntityFrameworkCore.dll'
             C:\Users\Dell\.nuget\packages\microsoft.bcl.asyncinterfaces\7.0.0\lib\netstandard2.1\Microsoft.Bcl.AsyncInterfaces.dll
                 Private = 'false'
                 HintPath = 'C:\Users\Dell\.nuget\packages\microsoft.bcl.asyncinterfaces\7.0.0\lib\netstandard2.1\Microsoft.Bcl.AsyncInterfaces.dll'
             C:\Users\Dell\.nuget\packages\microsoft.data.sqlclient\5.1.6\ref\net6.0\Microsoft.Data.SqlClient.dll
                 Private = 'false'
                 HintPath = 'C:\Users\Dell\.nuget\packages\microsoft.data.sqlclient\5.1.6\ref\net6.0\Microsoft.Data.SqlClient.dll'
             C:\Users\Dell\.nuget\packages\microsoft.entityframeworkcore\9.0.0\lib\net8.0\Microsoft.EntityFrameworkCore.dll
                 Private = 'false'
                 HintPath = 'C:\Users\Dell\.nuget\packages\microsoft.entityframeworkcore\9.0.0\lib\net8.0\Microsoft.EntityFrameworkCore.dll'
             C:\Users\Dell\.nuget\packages\microsoft.entityframeworkcore.abstractions\9.0.0\lib\net8.0\Microsoft.EntityFrameworkCore.Abstractions.dll
                 Private = 'false'
                 HintPath = 'C:\Users\Dell\.nuget\packages\microsoft.entityframeworkcore.abstractions\9.0.0\lib\net8.0\Microsoft.EntityFrameworkCore.Abstractions.dll'
             C:\Users\Dell\.nuget\packages\microsoft.entityframeworkcore.inmemory\9.0.0\lib\net8.0\Microsoft.EntityFrameworkCore.InMemory.dll
                 Private = 'false'
                 HintPath = 'C:\Users\Dell\.nuget\packages\microsoft.entityframeworkcore.inmemory\9.0.0\lib\net8.0\Microsoft.EntityFrameworkCore.InMemory.dll'
             C:\Users\Dell\.nuget\packages\microsoft.entityframeworkcore.relational\9.0.0\lib\net8.0\Microsoft.EntityFrameworkCore.Relational.dll
                 Private = 'false'
                 HintPath = 'C:\Users\Dell\.nuget\packages\microsoft.entityframeworkcore.relational\9.0.0\lib\net8.0\Microsoft.EntityFrameworkCore.Relational.dll'
             C:\Users\Dell\.nuget\packages\microsoft.entityframeworkcore.sqlserver\9.0.0\lib\net8.0\Microsoft.EntityFrameworkCore.SqlServer.dll
                 Private = 'false'
                 HintPath = 'C:\Users\Dell\.nuget\packages\microsoft.entityframeworkcore.sqlserver\9.0.0\lib\net8.0\Microsoft.EntityFrameworkCore.SqlServer.dll'
             C:\Users\Dell\.nuget\packages\microsoft.extensions.caching.abstractions\9.0.0\lib\net9.0\Microsoft.Extensions.Caching.Abstractions.dll
                 Private = 'false'
                 HintPath = 'C:\Users\Dell\.nuget\packages\microsoft.extensions.caching.abstractions\9.0.0\lib\net9.0\Microsoft.Extensions.Caching.Abstractions.dll'
             C:\Users\Dell\.nuget\packages\microsoft.extensions.caching.memory\9.0.0\lib\net9.0\Microsoft.Extensions.Caching.Memory.dll
                 Private = 'false'
                 HintPath = 'C:\Users\Dell\.nuget\packages\microsoft.extensions.caching.memory\9.0.0\lib\net9.0\Microsoft.Extensions.Caching.Memory.dll'
             C:\Users\Dell\.nuget\packages\microsoft.extensions.configuration.abstractions\9.0.0\lib\net9.0\Microsoft.Extensions.Configuration.Abstractions.dll
                 Private = 'false'
                 HintPath = 'C:\Users\Dell\.nuget\packages\microsoft.extensions.configuration.abstractions\9.0.0\lib\net9.0\Microsoft.Extensions.Configuration.Abstractions.dll'
             C:\Users\Dell\.nuget\packages\microsoft.extensions.dependencyinjection\9.0.0\lib\net9.0\Microsoft.Extensions.DependencyInjection.dll
                 Private = 'false'
                 HintPath = 'C:\Users\Dell\.nuget\packages\microsoft.extensions.dependencyinjection\9.0.0\lib\net9.0\Microsoft.Extensions.DependencyInjection.dll'
             C:\Users\Dell\.nuget\packages\microsoft.extensions.dependencyinjection.abstractions\9.0.0\lib\net9.0\Microsoft.Extensions.DependencyInjection.Abstractions.dll
                 Private = 'false'
                 HintPath = 'C:\Users\Dell\.nuget\packages\microsoft.extensions.dependencyinjection.abstractions\9.0.0\lib\net9.0\Microsoft.Extensions.DependencyInjection.Abstractions.dll'
             C:\Users\Dell\.nuget\packages\microsoft.extensions.identity.core\9.0.0\lib\net9.0\Microsoft.Extensions.Identity.Core.dll
                 Private = 'false'
                 HintPath = 'C:\Users\Dell\.nuget\packages\microsoft.extensions.identity.core\9.0.0\lib\net9.0\Microsoft.Extensions.Identity.Core.dll'
             C:\Users\Dell\.nuget\packages\microsoft.extensions.identity.stores\9.0.0\lib\net9.0\Microsoft.Extensions.Identity.Stores.dll
                 Private = 'false'
                 HintPath = 'C:\Users\Dell\.nuget\packages\microsoft.extensions.identity.stores\9.0.0\lib\net9.0\Microsoft.Extensions.Identity.Stores.dll'
             C:\Users\Dell\.nuget\packages\microsoft.extensions.logging\9.0.0\lib\net9.0\Microsoft.Extensions.Logging.dll
                 Private = 'false'
                 HintPath = 'C:\Users\Dell\.nuget\packages\microsoft.extensions.logging\9.0.0\lib\net9.0\Microsoft.Extensions.Logging.dll'
             C:\Users\Dell\.nuget\packages\microsoft.extensions.logging.abstractions\9.0.0\lib\net9.0\Microsoft.Extensions.Logging.Abstractions.dll
                 Private = 'false'
                 HintPath = 'C:\Users\Dell\.nuget\packages\microsoft.extensions.logging.abstractions\9.0.0\lib\net9.0\Microsoft.Extensions.Logging.Abstractions.dll'
             C:\Users\Dell\.nuget\packages\microsoft.extensions.options\9.0.0\lib\net9.0\Microsoft.Extensions.Options.dll
                 Private = 'false'
                 HintPath = 'C:\Users\Dell\.nuget\packages\microsoft.extensions.options\9.0.0\lib\net9.0\Microsoft.Extensions.Options.dll'
             C:\Users\Dell\.nuget\packages\microsoft.extensions.primitives\9.0.0\lib\net9.0\Microsoft.Extensions.Primitives.dll
                 Private = 'false'
                 HintPath = 'C:\Users\Dell\.nuget\packages\microsoft.extensions.primitives\9.0.0\lib\net9.0\Microsoft.Extensions.Primitives.dll'
             C:\Users\Dell\.nuget\packages\microsoft.identity.client\4.61.3\lib\net6.0\Microsoft.Identity.Client.dll
                 Private = 'false'
                 HintPath = 'C:\Users\Dell\.nuget\packages\microsoft.identity.client\4.61.3\lib\net6.0\Microsoft.Identity.Client.dll'
             C:\Users\Dell\.nuget\packages\microsoft.identity.client.extensions.msal\4.61.3\lib\net6.0\Microsoft.Identity.Client.Extensions.Msal.dll
                 Private = 'false'
                 HintPath = 'C:\Users\Dell\.nuget\packages\microsoft.identity.client.extensions.msal\4.61.3\lib\net6.0\Microsoft.Identity.Client.Extensions.Msal.dll'
             C:\Users\Dell\.nuget\packages\microsoft.identitymodel.abstractions\6.35.0\lib\net6.0\Microsoft.IdentityModel.Abstractions.dll
                 Private = 'false'
                 HintPath = 'C:\Users\Dell\.nuget\packages\microsoft.identitymodel.abstractions\6.35.0\lib\net6.0\Microsoft.IdentityModel.Abstractions.dll'
             C:\Users\Dell\.nuget\packages\microsoft.identitymodel.jsonwebtokens\6.35.0\lib\net6.0\Microsoft.IdentityModel.JsonWebTokens.dll
                 Private = 'false'
                 HintPath = 'C:\Users\Dell\.nuget\packages\microsoft.identitymodel.jsonwebtokens\6.35.0\lib\net6.0\Microsoft.IdentityModel.JsonWebTokens.dll'
             C:\Users\Dell\.nuget\packages\microsoft.identitymodel.logging\6.35.0\lib\net6.0\Microsoft.IdentityModel.Logging.dll
                 Private = 'false'
                 HintPath = 'C:\Users\Dell\.nuget\packages\microsoft.identitymodel.logging\6.35.0\lib\net6.0\Microsoft.IdentityModel.Logging.dll'
             C:\Users\Dell\.nuget\packages\microsoft.identitymodel.protocols\6.35.0\lib\net6.0\Microsoft.IdentityModel.Protocols.dll
                 Private = 'false'
                 HintPath = 'C:\Users\Dell\.nuget\packages\microsoft.identitymodel.protocols\6.35.0\lib\net6.0\Microsoft.IdentityModel.Protocols.dll'
             C:\Users\Dell\.nuget\packages\microsoft.identitymodel.protocols.openidconnect\6.35.0\lib\net6.0\Microsoft.IdentityModel.Protocols.OpenIdConnect.dll
                 Private = 'false'
                 HintPath = 'C:\Users\Dell\.nuget\packages\microsoft.identitymodel.protocols.openidconnect\6.35.0\lib\net6.0\Microsoft.IdentityModel.Protocols.OpenIdConnect.dll'
             C:\Users\Dell\.nuget\packages\microsoft.identitymodel.tokens\6.35.0\lib\net6.0\Microsoft.IdentityModel.Tokens.dll
                 Private = 'false'
                 HintPath = 'C:\Users\Dell\.nuget\packages\microsoft.identitymodel.tokens\6.35.0\lib\net6.0\Microsoft.IdentityModel.Tokens.dll'
             C:\Users\Dell\.nuget\packages\microsoft.sqlserver.server\1.0.0\lib\netstandard2.0\Microsoft.SqlServer.Server.dll
                 Private = 'false'
                 HintPath = 'C:\Users\Dell\.nuget\packages\microsoft.sqlserver.server\1.0.0\lib\netstandard2.0\Microsoft.SqlServer.Server.dll'
             C:\Users\Dell\.nuget\packages\system.clientmodel\1.0.0\lib\net6.0\System.ClientModel.dll
                 Private = 'false'
                 HintPath = 'C:\Users\Dell\.nuget\packages\system.clientmodel\1.0.0\lib\net6.0\System.ClientModel.dll'
             C:\Users\Dell\.nuget\packages\system.identitymodel.tokens.jwt\6.35.0\lib\net6.0\System.IdentityModel.Tokens.Jwt.dll
                 Private = 'false'
                 HintPath = 'C:\Users\Dell\.nuget\packages\system.identitymodel.tokens.jwt\6.35.0\lib\net6.0\System.IdentityModel.Tokens.Jwt.dll'
             C:\Users\Dell\.nuget\packages\system.memory.data\1.0.2\lib\netstandard2.0\System.Memory.Data.dll
                 Private = 'false'
                 HintPath = 'C:\Users\Dell\.nuget\packages\system.memory.data\1.0.2\lib\netstandard2.0\System.Memory.Data.dll'
             C:\Users\Dell\.nuget\packages\system.security.cryptography.protecteddata\6.0.0\lib\net6.0\System.Security.Cryptography.ProtectedData.dll
                 Private = 'false'
                 HintPath = 'C:\Users\Dell\.nuget\packages\system.security.cryptography.protecteddata\6.0.0\lib\net6.0\System.Security.Cryptography.ProtectedData.dll'
             C:\Program Files\dotnet\packs\Microsoft.NETCore.App.Ref\9.0.11\ref/net9.0/Microsoft.CSharp.dll
                 Private = 'false'
             C:\Program Files\dotnet\packs\Microsoft.NETCore.App.Ref\9.0.11\ref/net9.0/Microsoft.VisualBasic.Core.dll
                 Private = 'false'
             C:\Program Files\dotnet\packs\Microsoft.NETCore.App.Ref\9.0.11\ref/net9.0/Microsoft.VisualBasic.dll
                 Private = 'false'
             C:\Program Files\dotnet\packs\Microsoft.NETCore.App.Ref\9.0.11\ref/net9.0/Microsoft.Win32.Primitives.dll
                 Private = 'false'
             C:\Program Files\dotnet\packs\Microsoft.NETCore.App.Ref\9.0.11\ref/net9.0/Microsoft.Win32.Registry.dll
                 Private = 'false'
             C:\Program Files\dotnet\packs\Microsoft.NETCore.App.Ref\9.0.11\ref/net9.0/System.AppContext.dll
                 Private = 'false'
             C:\Program Files\dotnet\packs\Microsoft.NETCore.App.Ref\9.0.11\ref/net9.0/System.Buffers.dll
                 Private = 'false'
             C:\Program Files\dotnet\packs\Microsoft.NETCore.App.Ref\9.0.11\ref/net9.0/System.Collections.Concurrent.dll
                 Private = 'false'
             C:\Program Files\dotnet\packs\Microsoft.NETCore.App.Ref\9.0.11\ref/net9.0/System.Collections.Immutable.dll
                 Private = 'false'
             C:\Program Files\dotnet\packs\Microsoft.NETCore.App.Ref\9.0.11\ref/net9.0/System.Collections.NonGeneric.dll
                 Private = 'false'
             C:\Program Files\dotnet\packs\Microsoft.NETCore.App.Ref\9.0.11\ref/net9.0/System.Collections.Specialized.dll
                 Private = 'false'
             C:\Program Files\dotnet\packs\Microsoft.NETCore.App.Ref\9.0.11\ref/net9.0/System.Collections.dll
                 Private = 'false'
             C:\Program Files\dotnet\packs\Microsoft.NETCore.App.Ref\9.0.11\ref/net9.0/System.ComponentModel.Annotations.dll
                 Private = 'false'
             C:\Program Files\dotnet\packs\Microsoft.NETCore.App.Ref\9.0.11\ref/net9.0/System.ComponentModel.DataAnnotations.dll
                 Private = 'false'
             C:\Program Files\dotnet\packs\Microsoft.NETCore.App.Ref\9.0.11\ref/net9.0/System.ComponentModel.EventBasedAsync.dll
                 Private = 'false'
             C:\Program Files\dotnet\packs\Microsoft.NETCore.App.Ref\9.0.11\ref/net9.0/System.ComponentModel.Primitives.dll
                 Private = 'false'
             C:\Program Files\dotnet\packs\Microsoft.NETCore.App.Ref\9.0.11\ref/net9.0/System.ComponentModel.TypeConverter.dll
                 Private = 'false'
             C:\Program Files\dotnet\packs\Microsoft.NETCore.App.Ref\9.0.11\ref/net9.0/System.ComponentModel.dll
                 Private = 'false'
             C:\Program Files\dotnet\packs\Microsoft.NETCore.App.Ref\9.0.11\ref/net9.0/System.Configuration.dll
                 Private = 'false'
             C:\Program Files\dotnet\packs\Microsoft.NETCore.App.Ref\9.0.11\ref/net9.0/System.Console.dll
                 Private = 'false'
             C:\Program Files\dotnet\packs\Microsoft.NETCore.App.Ref\9.0.11\ref/net9.0/System.Core.dll
                 Private = 'false'
             C:\Program Files\dotnet\packs\Microsoft.NETCore.App.Ref\9.0.11\ref/net9.0/System.Data.Common.dll
                 Private = 'false'
             C:\Program Files\dotnet\packs\Microsoft.NETCore.App.Ref\9.0.11\ref/net9.0/System.Data.DataSetExtensions.dll
                 Private = 'false'
             C:\Program Files\dotnet\packs\Microsoft.NETCore.App.Ref\9.0.11\ref/net9.0/System.Data.dll
                 Private = 'false'
             C:\Program Files\dotnet\packs\Microsoft.NETCore.App.Ref\9.0.11\ref/net9.0/System.Diagnostics.Contracts.dll
                 Private = 'false'
             C:\Program Files\dotnet\packs\Microsoft.NETCore.App.Ref\9.0.11\ref/net9.0/System.Diagnostics.Debug.dll
                 Private = 'false'
             C:\Program Files\dotnet\packs\Microsoft.NETCore.App.Ref\9.0.11\ref/net9.0/System.Diagnostics.DiagnosticSource.dll
                 Private = 'false'
             C:\Program Files\dotnet\packs\Microsoft.NETCore.App.Ref\9.0.11\ref/net9.0/System.Diagnostics.FileVersionInfo.dll
                 Private = 'false'
             C:\Program Files\dotnet\packs\Microsoft.NETCore.App.Ref\9.0.11\ref/net9.0/System.Diagnostics.Process.dll
                 Private = 'false'
             C:\Program Files\dotnet\packs\Microsoft.NETCore.App.Ref\9.0.11\ref/net9.0/System.Diagnostics.StackTrace.dll
                 Private = 'false'
             C:\Program Files\dotnet\packs\Microsoft.NETCore.App.Ref\9.0.11\ref/net9.0/System.Diagnostics.TextWriterTraceListener.dll
                 Private = 'false'
             C:\Program Files\dotnet\packs\Microsoft.NETCore.App.Ref\9.0.11\ref/net9.0/System.Diagnostics.Tools.dll
                 Private = 'false'
             C:\Program Files\dotnet\packs\Microsoft.NETCore.App.Ref\9.0.11\ref/net9.0/System.Diagnostics.TraceSource.dll
                 Private = 'false'
             C:\Program Files\dotnet\packs\Microsoft.NETCore.App.Ref\9.0.11\ref/net9.0/System.Diagnostics.Tracing.dll
                 Private = 'false'
             C:\Program Files\dotnet\packs\Microsoft.NETCore.App.Ref\9.0.11\ref/net9.0/System.Drawing.Primitives.dll
                 Private = 'false'
             C:\Program Files\dotnet\packs\Microsoft.NETCore.App.Ref\9.0.11\ref/net9.0/System.Drawing.dll
                 Private = 'false'
             C:\Program Files\dotnet\packs\Microsoft.NETCore.App.Ref\9.0.11\ref/net9.0/System.Dynamic.Runtime.dll
                 Private = 'false'
             C:\Program Files\dotnet\packs\Microsoft.NETCore.App.Ref\9.0.11\ref/net9.0/System.Formats.Asn1.dll
                 Private = 'false'
             C:\Program Files\dotnet\packs\Microsoft.NETCore.App.Ref\9.0.11\ref/net9.0/System.Formats.Tar.dll
                 Private = 'false'
             C:\Program Files\dotnet\packs\Microsoft.NETCore.App.Ref\9.0.11\ref/net9.0/System.Globalization.Calendars.dll
                 Private = 'false'
             C:\Program Files\dotnet\packs\Microsoft.NETCore.App.Ref\9.0.11\ref/net9.0/System.Globalization.Extensions.dll
                 Private = 'false'
             C:\Program Files\dotnet\packs\Microsoft.NETCore.App.Ref\9.0.11\ref/net9.0/System.Globalization.dll
                 Private = 'false'
             C:\Program Files\dotnet\packs\Microsoft.NETCore.App.Ref\9.0.11\ref/net9.0/System.IO.Compression.Brotli.dll
                 Private = 'false'
             C:\Program Files\dotnet\packs\Microsoft.NETCore.App.Ref\9.0.11\ref/net9.0/System.IO.Compression.FileSystem.dll
                 Private = 'false'
             C:\Program Files\dotnet\packs\Microsoft.NETCore.App.Ref\9.0.11\ref/net9.0/System.IO.Compression.ZipFile.dll
                 Private = 'false'
             C:\Program Files\dotnet\packs\Microsoft.NETCore.App.Ref\9.0.11\ref/net9.0/System.IO.Compression.dll
                 Private = 'false'
             C:\Program Files\dotnet\packs\Microsoft.NETCore.App.Ref\9.0.11\ref/net9.0/System.IO.FileSystem.AccessControl.dll
                 Private = 'false'
             C:\Program Files\dotnet\packs\Microsoft.NETCore.App.Ref\9.0.11\ref/net9.0/System.IO.FileSystem.DriveInfo.dll
                 Private = 'false'
             C:\Program Files\dotnet\packs\Microsoft.NETCore.App.Ref\9.0.11\ref/net9.0/System.IO.FileSystem.Primitives.dll
                 Private = 'false'
             C:\Program Files\dotnet\packs\Microsoft.NETCore.App.Ref\9.0.11\ref/net9.0/System.IO.FileSystem.Watcher.dll
                 Private = 'false'
             C:\Program Files\dotnet\packs\Microsoft.NETCore.App.Ref\9.0.11\ref/net9.0/System.IO.FileSystem.dll
                 Private = 'false'
             C:\Program Files\dotnet\packs\Microsoft.NETCore.App.Ref\9.0.11\ref/net9.0/System.IO.IsolatedStorage.dll
                 Private = 'false'
             C:\Program Files\dotnet\packs\Microsoft.NETCore.App.Ref\9.0.11\ref/net9.0/System.IO.MemoryMappedFiles.dll
                 Private = 'false'
             C:\Program Files\dotnet\packs\Microsoft.NETCore.App.Ref\9.0.11\ref/net9.0/System.IO.Pipelines.dll
                 Private = 'false'
             C:\Program Files\dotnet\packs\Microsoft.NETCore.App.Ref\9.0.11\ref/net9.0/System.IO.Pipes.AccessControl.dll
                 Private = 'false'
             C:\Program Files\dotnet\packs\Microsoft.NETCore.App.Ref\9.0.11\ref/net9.0/System.IO.Pipes.dll
                 Private = 'false'
             C:\Program Files\dotnet\packs\Microsoft.NETCore.App.Ref\9.0.11\ref/net9.0/System.IO.UnmanagedMemoryStream.dll
                 Private = 'false'
             C:\Program Files\dotnet\packs\Microsoft.NETCore.App.Ref\9.0.11\ref/net9.0/System.IO.dll
                 Private = 'false'
             C:\Program Files\dotnet\packs\Microsoft.NETCore.App.Ref\9.0.11\ref/net9.0/System.Linq.Expressions.dll
                 Private = 'false'
             C:\Program Files\dotnet\packs\Microsoft.NETCore.App.Ref\9.0.11\ref/net9.0/System.Linq.Parallel.dll
                 Private = 'false'
             C:\Program Files\dotnet\packs\Microsoft.NETCore.App.Ref\9.0.11\ref/net9.0/System.Linq.Queryable.dll
                 Private = 'false'
             C:\Program Files\dotnet\packs\Microsoft.NETCore.App.Ref\9.0.11\ref/net9.0/System.Linq.dll
                 Private = 'false'
             C:\Program Files\dotnet\packs\Microsoft.NETCore.App.Ref\9.0.11\ref/net9.0/System.Memory.dll
                 Private = 'false'
             C:\Program Files\dotnet\packs\Microsoft.NETCore.App.Ref\9.0.11\ref/net9.0/System.Net.Http.Json.dll
                 Private = 'false'
             C:\Program Files\dotnet\packs\Microsoft.NETCore.App.Ref\9.0.11\ref/net9.0/System.Net.Http.dll
                 Private = 'false'
             C:\Program Files\dotnet\packs\Microsoft.NETCore.App.Ref\9.0.11\ref/net9.0/System.Net.HttpListener.dll
                 Private = 'false'
             C:\Program Files\dotnet\packs\Microsoft.NETCore.App.Ref\9.0.11\ref/net9.0/System.Net.Mail.dll
                 Private = 'false'
             C:\Program Files\dotnet\packs\Microsoft.NETCore.App.Ref\9.0.11\ref/net9.0/System.Net.NameResolution.dll
                 Private = 'false'
             C:\Program Files\dotnet\packs\Microsoft.NETCore.App.Ref\9.0.11\ref/net9.0/System.Net.NetworkInformation.dll
                 Private = 'false'
             C:\Program Files\dotnet\packs\Microsoft.NETCore.App.Ref\9.0.11\ref/net9.0/System.Net.Ping.dll
                 Private = 'false'
             C:\Program Files\dotnet\packs\Microsoft.NETCore.App.Ref\9.0.11\ref/net9.0/System.Net.Primitives.dll
                 Private = 'false'
             C:\Program Files\dotnet\packs\Microsoft.NETCore.App.Ref\9.0.11\ref/net9.0/System.Net.Quic.dll
                 Private = 'false'
             C:\Program Files\dotnet\packs\Microsoft.NETCore.App.Ref\9.0.11\ref/net9.0/System.Net.Requests.dll
                 Private = 'false'
             C:\Program Files\dotnet\packs\Microsoft.NETCore.App.Ref\9.0.11\ref/net9.0/System.Net.Security.dll
                 Private = 'false'
             C:\Program Files\dotnet\packs\Microsoft.NETCore.App.Ref\9.0.11\ref/net9.0/System.Net.ServicePoint.dll
                 Private = 'false'
             C:\Program Files\dotnet\packs\Microsoft.NETCore.App.Ref\9.0.11\ref/net9.0/System.Net.Sockets.dll
                 Private = 'false'
             C:\Program Files\dotnet\packs\Microsoft.NETCore.App.Ref\9.0.11\ref/net9.0/System.Net.WebClient.dll
                 Private = 'false'
             C:\Program Files\dotnet\packs\Microsoft.NETCore.App.Ref\9.0.11\ref/net9.0/System.Net.WebHeaderCollection.dll
                 Private = 'false'
             C:\Program Files\dotnet\packs\Microsoft.NETCore.App.Ref\9.0.11\ref/net9.0/System.Net.WebProxy.dll
                 Private = 'false'
             C:\Program Files\dotnet\packs\Microsoft.NETCore.App.Ref\9.0.11\ref/net9.0/System.Net.WebSockets.Client.dll
                 Private = 'false'
             C:\Program Files\dotnet\packs\Microsoft.NETCore.App.Ref\9.0.11\ref/net9.0/System.Net.WebSockets.dll
                 Private = 'false'
             C:\Program Files\dotnet\packs\Microsoft.NETCore.App.Ref\9.0.11\ref/net9.0/System.Net.dll
                 Private = 'false'
             C:\Program Files\dotnet\packs\Microsoft.NETCore.App.Ref\9.0.11\ref/net9.0/System.Numerics.Vectors.dll
                 Private = 'false'
             C:\Program Files\dotnet\packs\Microsoft.NETCore.App.Ref\9.0.11\ref/net9.0/System.Numerics.dll
                 Private = 'false'
             C:\Program Files\dotnet\packs\Microsoft.NETCore.App.Ref\9.0.11\ref/net9.0/System.ObjectModel.dll
                 Private = 'false'
             C:\Program Files\dotnet\packs\Microsoft.NETCore.App.Ref\9.0.11\ref/net9.0/System.Reflection.DispatchProxy.dll
                 Private = 'false'
             C:\Program Files\dotnet\packs\Microsoft.NETCore.App.Ref\9.0.11\ref/net9.0/System.Reflection.Emit.ILGeneration.dll
                 Private = 'false'
             C:\Program Files\dotnet\packs\Microsoft.NETCore.App.Ref\9.0.11\ref/net9.0/System.Reflection.Emit.Lightweight.dll
                 Private = 'false'
             C:\Program Files\dotnet\packs\Microsoft.NETCore.App.Ref\9.0.11\ref/net9.0/System.Reflection.Emit.dll
                 Private = 'false'
             C:\Program Files\dotnet\packs\Microsoft.NETCore.App.Ref\9.0.11\ref/net9.0/System.Reflection.Extensions.dll
                 Private = 'false'
             C:\Program Files\dotnet\packs\Microsoft.NETCore.App.Ref\9.0.11\ref/net9.0/System.Reflection.Metadata.dll
                 Private = 'false'
             C:\Program Files\dotnet\packs\Microsoft.NETCore.App.Ref\9.0.11\ref/net9.0/System.Reflection.Primitives.dll
                 Private = 'false'
             C:\Program Files\dotnet\packs\Microsoft.NETCore.App.Ref\9.0.11\ref/net9.0/System.Reflection.TypeExtensions.dll
                 Private = 'false'
             C:\Program Files\dotnet\packs\Microsoft.NETCore.App.Ref\9.0.11\ref/net9.0/System.Reflection.dll
                 Private = 'false'
             C:\Program Files\dotnet\packs\Microsoft.NETCore.App.Ref\9.0.11\ref/net9.0/System.Resources.Reader.dll
                 Private = 'false'
             C:\Program Files\dotnet\packs\Microsoft.NETCore.App.Ref\9.0.11\ref/net9.0/System.Resources.ResourceManager.dll
                 Private = 'false'
             C:\Program Files\dotnet\packs\Microsoft.NETCore.App.Ref\9.0.11\ref/net9.0/System.Resources.Writer.dll
                 Private = 'false'
             C:\Program Files\dotnet\packs\Microsoft.NETCore.App.Ref\9.0.11\ref/net9.0/System.Runtime.CompilerServices.Unsafe.dll
                 Private = 'false'
             C:\Program Files\dotnet\packs\Microsoft.NETCore.App.Ref\9.0.11\ref/net9.0/System.Runtime.CompilerServices.VisualC.dll
                 Private = 'false'
             C:\Program Files\dotnet\packs\Microsoft.NETCore.App.Ref\9.0.11\ref/net9.0/System.Runtime.Extensions.dll
                 Private = 'false'
             C:\Program Files\dotnet\packs\Microsoft.NETCore.App.Ref\9.0.11\ref/net9.0/System.Runtime.Handles.dll
                 Private = 'false'
             C:\Program Files\dotnet\packs\Microsoft.NETCore.App.Ref\9.0.11\ref/net9.0/System.Runtime.InteropServices.JavaScript.dll
                 Private = 'false'
             C:\Program Files\dotnet\packs\Microsoft.NETCore.App.Ref\9.0.11\ref/net9.0/System.Runtime.InteropServices.RuntimeInformation.dll
                 Private = 'false'
             C:\Program Files\dotnet\packs\Microsoft.NETCore.App.Ref\9.0.11\ref/net9.0/System.Runtime.InteropServices.dll
                 Private = 'false'
             C:\Program Files\dotnet\packs\Microsoft.NETCore.App.Ref\9.0.11\ref/net9.0/System.Runtime.Intrinsics.dll
                 Private = 'false'
             C:\Program Files\dotnet\packs\Microsoft.NETCore.App.Ref\9.0.11\ref/net9.0/System.Runtime.Loader.dll
                 Private = 'false'
             C:\Program Files\dotnet\packs\Microsoft.NETCore.App.Ref\9.0.11\ref/net9.0/System.Runtime.Numerics.dll
                 Private = 'false'
             C:\Program Files\dotnet\packs\Microsoft.NETCore.App.Ref\9.0.11\ref/net9.0/System.Runtime.Serialization.Formatters.dll
                 Private = 'false'
             C:\Program Files\dotnet\packs\Microsoft.NETCore.App.Ref\9.0.11\ref/net9.0/System.Runtime.Serialization.Json.dll
                 Private = 'false'
             C:\Program Files\dotnet\packs\Microsoft.NETCore.App.Ref\9.0.11\ref/net9.0/System.Runtime.Serialization.Primitives.dll
                 Private = 'false'
             C:\Program Files\dotnet\packs\Microsoft.NETCore.App.Ref\9.0.11\ref/net9.0/System.Runtime.Serialization.Xml.dll
                 Private = 'false'
             C:\Program Files\dotnet\packs\Microsoft.NETCore.App.Ref\9.0.11\ref/net9.0/System.Runtime.Serialization.dll
                 Private = 'false'
             C:\Program Files\dotnet\packs\Microsoft.NETCore.App.Ref\9.0.11\ref/net9.0/System.Runtime.dll
                 Private = 'false'
             C:\Program Files\dotnet\packs\Microsoft.NETCore.App.Ref\9.0.11\ref/net9.0/System.Security.AccessControl.dll
                 Private = 'false'
             C:\Program Files\dotnet\packs\Microsoft.NETCore.App.Ref\9.0.11\ref/net9.0/System.Security.Claims.dll
                 Private = 'false'
             C:\Program Files\dotnet\packs\Microsoft.NETCore.App.Ref\9.0.11\ref/net9.0/System.Security.Cryptography.Algorithms.dll
                 Private = 'false'
             C:\Program Files\dotnet\packs\Microsoft.NETCore.App.Ref\9.0.11\ref/net9.0/System.Security.Cryptography.Cng.dll
                 Private = 'false'
             C:\Program Files\dotnet\packs\Microsoft.NETCore.App.Ref\9.0.11\ref/net9.0/System.Security.Cryptography.Csp.dll
                 Private = 'false'
             C:\Program Files\dotnet\packs\Microsoft.NETCore.App.Ref\9.0.11\ref/net9.0/System.Security.Cryptography.Encoding.dll
                 Private = 'false'
             C:\Program Files\dotnet\packs\Microsoft.NETCore.App.Ref\9.0.11\ref/net9.0/System.Security.Cryptography.OpenSsl.dll
                 Private = 'false'
             C:\Program Files\dotnet\packs\Microsoft.NETCore.App.Ref\9.0.11\ref/net9.0/System.Security.Cryptography.Primitives.dll
                 Private = 'false'
             C:\Program Files\dotnet\packs\Microsoft.NETCore.App.Ref\9.0.11\ref/net9.0/System.Security.Cryptography.X509Certificates.dll
                 Private = 'false'
             C:\Program Files\dotnet\packs\Microsoft.NETCore.App.Ref\9.0.11\ref/net9.0/System.Security.Cryptography.dll
                 Private = 'false'
             C:\Program Files\dotnet\packs\Microsoft.NETCore.App.Ref\9.0.11\ref/net9.0/System.Security.Principal.Windows.dll
                 Private = 'false'
             C:\Program Files\dotnet\packs\Microsoft.NETCore.App.Ref\9.0.11\ref/net9.0/System.Security.Principal.dll
                 Private = 'false'
             C:\Program Files\dotnet\packs\Microsoft.NETCore.App.Ref\9.0.11\ref/net9.0/System.Security.SecureString.dll
                 Private = 'false'
             C:\Program Files\dotnet\packs\Microsoft.NETCore.App.Ref\9.0.11\ref/net9.0/System.Security.dll
                 Private = 'false'
             C:\Program Files\dotnet\packs\Microsoft.NETCore.App.Ref\9.0.11\ref/net9.0/System.ServiceModel.Web.dll
                 Private = 'false'
             C:\Program Files\dotnet\packs\Microsoft.NETCore.App.Ref\9.0.11\ref/net9.0/System.ServiceProcess.dll
                 Private = 'false'
             C:\Program Files\dotnet\packs\Microsoft.NETCore.App.Ref\9.0.11\ref/net9.0/System.Text.Encoding.CodePages.dll
                 Private = 'false'
             C:\Program Files\dotnet\packs\Microsoft.NETCore.App.Ref\9.0.11\ref/net9.0/System.Text.Encoding.Extensions.dll
                 Private = 'false'
             C:\Program Files\dotnet\packs\Microsoft.NETCore.App.Ref\9.0.11\ref/net9.0/System.Text.Encoding.dll
                 Private = 'false'
             C:\Program Files\dotnet\packs\Microsoft.NETCore.App.Ref\9.0.11\ref/net9.0/System.Text.Encodings.Web.dll
                 Private = 'false'
             C:\Program Files\dotnet\packs\Microsoft.NETCore.App.Ref\9.0.11\ref/net9.0/System.Text.Json.dll
                 Private = 'false'
             C:\Program Files\dotnet\packs\Microsoft.NETCore.App.Ref\9.0.11\ref/net9.0/System.Text.RegularExpressions.dll
                 Private = 'false'
             C:\Program Files\dotnet\packs\Microsoft.NETCore.App.Ref\9.0.11\ref/net9.0/System.Threading.Channels.dll
                 Private = 'false'
             C:\Program Files\dotnet\packs\Microsoft.NETCore.App.Ref\9.0.11\ref/net9.0/System.Threading.Overlapped.dll
                 Private = 'false'
             C:\Program Files\dotnet\packs\Microsoft.NETCore.App.Ref\9.0.11\ref/net9.0/System.Threading.Tasks.Dataflow.dll
                 Private = 'false'
             C:\Program Files\dotnet\packs\Microsoft.NETCore.App.Ref\9.0.11\ref/net9.0/System.Threading.Tasks.Extensions.dll
                 Private = 'false'
             C:\Program Files\dotnet\packs\Microsoft.NETCore.App.Ref\9.0.11\ref/net9.0/System.Threading.Tasks.Parallel.dll
                 Private = 'false'
             C:\Program Files\dotnet\packs\Microsoft.NETCore.App.Ref\9.0.11\ref/net9.0/System.Threading.Tasks.dll
                 Private = 'false'
             C:\Program Files\dotnet\packs\Microsoft.NETCore.App.Ref\9.0.11\ref/net9.0/System.Threading.Thread.dll
                 Private = 'false'
             C:\Program Files\dotnet\packs\Microsoft.NETCore.App.Ref\9.0.11\ref/net9.0/System.Threading.ThreadPool.dll
                 Private = 'false'
             C:\Program Files\dotnet\packs\Microsoft.NETCore.App.Ref\9.0.11\ref/net9.0/System.Threading.Timer.dll
                 Private = 'false'
             C:\Program Files\dotnet\packs\Microsoft.NETCore.App.Ref\9.0.11\ref/net9.0/System.Threading.dll
                 Private = 'false'
             C:\Program Files\dotnet\packs\Microsoft.NETCore.App.Ref\9.0.11\ref/net9.0/System.Transactions.Local.dll
                 Private = 'false'
             C:\Program Files\dotnet\packs\Microsoft.NETCore.App.Ref\9.0.11\ref/net9.0/System.Transactions.dll
                 Private = 'false'
             C:\Program Files\dotnet\packs\Microsoft.NETCore.App.Ref\9.0.11\ref/net9.0/System.ValueTuple.dll
                 Private = 'false'
             C:\Program Files\dotnet\packs\Microsoft.NETCore.App.Ref\9.0.11\ref/net9.0/System.Web.HttpUtility.dll
                 Private = 'false'
             C:\Program Files\dotnet\packs\Microsoft.NETCore.App.Ref\9.0.11\ref/net9.0/System.Web.dll
                 Private = 'false'
             C:\Program Files\dotnet\packs\Microsoft.NETCore.App.Ref\9.0.11\ref/net9.0/System.Windows.dll
                 Private = 'false'
             C:\Program Files\dotnet\packs\Microsoft.NETCore.App.Ref\9.0.11\ref/net9.0/System.Xml.Linq.dll
                 Private = 'false'
             C:\Program Files\dotnet\packs\Microsoft.NETCore.App.Ref\9.0.11\ref/net9.0/System.Xml.ReaderWriter.dll
                 Private = 'false'
             C:\Program Files\dotnet\packs\Microsoft.NETCore.App.Ref\9.0.11\ref/net9.0/System.Xml.Serialization.dll
                 Private = 'false'
             C:\Program Files\dotnet\packs\Microsoft.NETCore.App.Ref\9.0.11\ref/net9.0/System.Xml.XDocument.dll
                 Private = 'false'
             C:\Program Files\dotnet\packs\Microsoft.NETCore.App.Ref\9.0.11\ref/net9.0/System.Xml.XPath.XDocument.dll
                 Private = 'false'
             C:\Program Files\dotnet\packs\Microsoft.NETCore.App.Ref\9.0.11\ref/net9.0/System.Xml.XPath.dll
                 Private = 'false'
             C:\Program Files\dotnet\packs\Microsoft.NETCore.App.Ref\9.0.11\ref/net9.0/System.Xml.XmlDocument.dll
                 Private = 'false'
             C:\Program Files\dotnet\packs\Microsoft.NETCore.App.Ref\9.0.11\ref/net9.0/System.Xml.XmlSerializer.dll
                 Private = 'false'
             C:\Program Files\dotnet\packs\Microsoft.NETCore.App.Ref\9.0.11\ref/net9.0/System.Xml.dll
                 Private = 'false'
             C:\Program Files\dotnet\packs\Microsoft.NETCore.App.Ref\9.0.11\ref/net9.0/System.dll
                 Private = 'false'
             C:\Program Files\dotnet\packs\Microsoft.NETCore.App.Ref\9.0.11\ref/net9.0/WindowsBase.dll
                 Private = 'false'
             C:\Program Files\dotnet\packs\Microsoft.NETCore.App.Ref\9.0.11\ref/net9.0/mscorlib.dll
                 Private = 'false'
             C:\Program Files\dotnet\packs\Microsoft.NETCore.App.Ref\9.0.11\ref/net9.0/netstandard.dll
                 Private = 'false'
         AssemblyFiles:
             D:\P.L\Flutter\fresh_produce_app\FreshProduce.Application\bin\Debug\net9.0\FreshProduce.Application.dll
             D:\P.L\Flutter\fresh_produce_app\FreshProduce.Domain\bin\Debug\net9.0\FreshProduce.Domain.dll
         CandidateAssemblyFiles:
         TargetFrameworkDirectories:
             
         NonCultureResourceDirectories:
             
         InstalledAssemblyTables:
         IgnoreInstalledAssemblyTable:
             False
         SearchPaths:
             {CandidateAssemblyFiles}
             {HintPathFromItem}
             {TargetFrameworkDirectory}
             {RawFileName}
         AllowedAssemblyExtensions:
             .winmd
             .dll
             .exe
         AllowedRelatedFileExtensions:
             .pdb
             .xml
             .pri
             .dll.config
             .exe.config
         AppConfigFile:
             
         AutoUnify:
             True
         EnableCustomCulture:
             False
         EnableCustomCulture:
             False
         CopyLocalDependenciesWhenParentReferenceInGac:
             True
         FindDependencies:
             True
         TargetProcessorArchitecture:
             msil
         StateFile:
             obj\Debug\net9.0\FreshProduce.Infrastructure.csproj.AssemblyReference.cache
         InstalledAssemblySubsetTables:
         IgnoreInstalledAssemblySubsetTable:
             False
         TargetFrameworkSubsets:
         FullTargetFrameworkSubsetNames:
             Full
         ProfileName:
             
         FullFrameworkFolders:
         LatestTargetFrameworkDirectories:
         ProfileTablesLocation:
         Primary reference "FreshProduce.Application, Version=1.0.0.0, Culture=neutral, PublicKeyToken=null".
             Resolved file path is "D:\P.L\Flutter\fresh_produce_app\FreshProduce.Application\bin\Debug\net9.0\FreshProduce.Application.dll".
             Reference found at search path location "D:\P.L\Flutter\fresh_produce_app\FreshProduce.Application\bin\Debug\net9.0\FreshProduce.Application.dll".
             Found related file "D:\P.L\Flutter\fresh_produce_app\FreshProduce.Application\bin\Debug\net9.0\FreshProduce.Application.pdb".
         Primary reference "FreshProduce.Domain, Version=1.0.0.0, Culture=neutral, PublicKeyToken=null".
             Resolved file path is "D:\P.L\Flutter\fresh_produce_app\FreshProduce.Domain\bin\Debug\net9.0\FreshProduce.Domain.dll".
             Reference found at search path location "D:\P.L\Flutter\fresh_produce_app\FreshProduce.Domain\bin\Debug\net9.0\FreshProduce.Domain.dll".
             Found related file "D:\P.L\Flutter\fresh_produce_app\FreshProduce.Domain\bin\Debug\net9.0\FreshProduce.Domain.pdb".
         Primary reference "Azure.Core, Version=1.38.0.0, Culture=neutral, PublicKeyToken=92742159e12e44c8".
             Resolved file path is "C:\Users\Dell\.nuget\packages\azure.core\1.38.0\lib\net6.0\Azure.Core.dll".
             Reference found at search path location "{HintPathFromItem}".
             This reference is not "CopyLocal" because at least one source item had "Private" set to "false" and no source items had "Private" set to "true".
         Primary reference "Azure.Identity, Version=1.11.4.0, Culture=neutral, PublicKeyToken=92742159e12e44c8".
             Resolved file path is "C:\Users\Dell\.nuget\packages\azure.identity\1.11.4\lib\netstandard2.0\Azure.Identity.dll".
             Reference found at search path location "{HintPathFromItem}".
             This reference is not "CopyLocal" because at least one source item had "Private" set to "false" and no source items had "Private" set to "true".
         Primary reference "Microsoft.AspNetCore.Cryptography.Internal, Version=9.0.0.0, Culture=neutral, PublicKeyToken=adb9793829ddae60".
             Resolved file path is "C:\Users\Dell\.nuget\packages\microsoft.aspnetcore.cryptography.internal\9.0.0\lib\net9.0\Microsoft.AspNetCore.Cryptography.Internal.dll".
             Reference found at search path location "{HintPathFromItem}".
             This reference is not "CopyLocal" because at least one source item had "Private" set to "false" and no source items had "Private" set to "true".
         Primary reference "Microsoft.AspNetCore.Cryptography.KeyDerivation, Version=9.0.0.0, Culture=neutral, PublicKeyToken=adb9793829ddae60".
             Resolved file path is "C:\Users\Dell\.nuget\packages\microsoft.aspnetcore.cryptography.keyderivation\9.0.0\lib\net9.0\Microsoft.AspNetCore.Cryptography.KeyDerivation.dll".
             Reference found at search path location "{HintPathFromItem}".
             This reference is not "CopyLocal" because at least one source item had "Private" set to "false" and no source items had "Private" set to "true".
         Primary reference "Microsoft.AspNetCore.Identity.EntityFrameworkCore, Version=9.0.0.0, Culture=neutral, PublicKeyToken=adb9793829ddae60".
             Resolved file path is "C:\Users\Dell\.nuget\packages\microsoft.aspnetcore.identity.entityframeworkcore\9.0.0\lib\net9.0\Microsoft.AspNetCore.Identity.EntityFrameworkCore.dll".
             Reference found at search path location "{HintPathFromItem}".
             This reference is not "CopyLocal" because at least one source item had "Private" set to "false" and no source items had "Private" set to "true".
         Primary reference "Microsoft.Bcl.AsyncInterfaces, Version=7.0.0.0, Culture=neutral, PublicKeyToken=cc7b13ffcd2ddd51".
             Resolved file path is "C:\Users\Dell\.nuget\packages\microsoft.bcl.asyncinterfaces\7.0.0\lib\netstandard2.1\Microsoft.Bcl.AsyncInterfaces.dll".
             Reference found at search path location "{HintPathFromItem}".
             This reference is not "CopyLocal" because at least one source item had "Private" set to "false" and no source items had "Private" set to "true".
         Primary reference "Microsoft.Data.SqlClient, Version=5.0.0.0, Culture=neutral, PublicKeyToken=23ec7fc2d6eaa4a5".
             Resolved file path is "C:\Users\Dell\.nuget\packages\microsoft.data.sqlclient\5.1.6\ref\net6.0\Microsoft.Data.SqlClient.dll".
             Reference found at search path location "{HintPathFromItem}".
             This reference is not "CopyLocal" because at least one source item had "Private" set to "false" and no source items had "Private" set to "true".
         Primary reference "Microsoft.EntityFrameworkCore, Version=9.0.0.0, Culture=neutral, PublicKeyToken=adb9793829ddae60".
             Resolved file path is "C:\Users\Dell\.nuget\packages\microsoft.entityframeworkcore\9.0.0\lib\net8.0\Microsoft.EntityFrameworkCore.dll".
             Reference found at search path location "{HintPathFromItem}".
             This reference is not "CopyLocal" because at least one source item had "Private" set to "false" and no source items had "Private" set to "true".
         Primary reference "Microsoft.EntityFrameworkCore.Abstractions, Version=9.0.0.0, Culture=neutral, PublicKeyToken=adb9793829ddae60".
             Resolved file path is "C:\Users\Dell\.nuget\packages\microsoft.entityframeworkcore.abstractions\9.0.0\lib\net8.0\Microsoft.EntityFrameworkCore.Abstractions.dll".
             Reference found at search path location "{HintPathFromItem}".
             This reference is not "CopyLocal" because at least one source item had "Private" set to "false" and no source items had "Private" set to "true".
         Primary reference "Microsoft.EntityFrameworkCore.InMemory, Version=9.0.0.0, Culture=neutral, PublicKeyToken=adb9793829ddae60".
             Resolved file path is "C:\Users\Dell\.nuget\packages\microsoft.entityframeworkcore.inmemory\9.0.0\lib\net8.0\Microsoft.EntityFrameworkCore.InMemory.dll".
             Reference found at search path location "{HintPathFromItem}".
             This reference is not "CopyLocal" because at least one source item had "Private" set to "false" and no source items had "Private" set to "true".
         Primary reference "Microsoft.EntityFrameworkCore.Relational, Version=9.0.0.0, Culture=neutral, PublicKeyToken=adb9793829ddae60".
             Resolved file path is "C:\Users\Dell\.nuget\packages\microsoft.entityframeworkcore.relational\9.0.0\lib\net8.0\Microsoft.EntityFrameworkCore.Relational.dll".
             Reference found at search path location "{HintPathFromItem}".
             This reference is not "CopyLocal" because at least one source item had "Private" set to "false" and no source items had "Private" set to "true".
         Primary reference "Microsoft.EntityFrameworkCore.SqlServer, Version=9.0.0.0, Culture=neutral, PublicKeyToken=adb9793829ddae60".
             Resolved file path is "C:\Users\Dell\.nuget\packages\microsoft.entityframeworkcore.sqlserver\9.0.0\lib\net8.0\Microsoft.EntityFrameworkCore.SqlServer.dll".
             Reference found at search path location "{HintPathFromItem}".
             This reference is not "CopyLocal" because at least one source item had "Private" set to "false" and no source items had "Private" set to "true".
         Primary reference "Microsoft.Extensions.Caching.Abstractions, Version=9.0.0.0, Culture=neutral, PublicKeyToken=adb9793829ddae60".
             Resolved file path is "C:\Users\Dell\.nuget\packages\microsoft.extensions.caching.abstractions\9.0.0\lib\net9.0\Microsoft.Extensions.Caching.Abstractions.dll".
             Reference found at search path location "{HintPathFromItem}".
             This reference is not "CopyLocal" because at least one source item had "Private" set to "false" and no source items had "Private" set to "true".
         Primary reference "Microsoft.Extensions.Caching.Memory, Version=9.0.0.0, Culture=neutral, PublicKeyToken=adb9793829ddae60".
             Resolved file path is "C:\Users\Dell\.nuget\packages\microsoft.extensions.caching.memory\9.0.0\lib\net9.0\Microsoft.Extensions.Caching.Memory.dll".
             Reference found at search path location "{HintPathFromItem}".
             This reference is not "CopyLocal" because at least one source item had "Private" set to "false" and no source items had "Private" set to "true".
         Primary reference "Microsoft.Extensions.Configuration.Abstractions, Version=9.0.0.0, Culture=neutral, PublicKeyToken=adb9793829ddae60".
             Resolved file path is "C:\Users\Dell\.nuget\packages\microsoft.extensions.configuration.abstractions\9.0.0\lib\net9.0\Microsoft.Extensions.Configuration.Abstractions.dll".
             Reference found at search path location "{HintPathFromItem}".
             This reference is not "CopyLocal" because at least one source item had "Private" set to "false" and no source items had "Private" set to "true".
         Primary reference "Microsoft.Extensions.DependencyInjection, Version=9.0.0.0, Culture=neutral, PublicKeyToken=adb9793829ddae60".
             Resolved file path is "C:\Users\Dell\.nuget\packages\microsoft.extensions.dependencyinjection\9.0.0\lib\net9.0\Microsoft.Extensions.DependencyInjection.dll".
             Reference found at search path location "{HintPathFromItem}".
             This reference is not "CopyLocal" because at least one source item had "Private" set to "false" and no source items had "Private" set to "true".
         Primary reference "Microsoft.Extensions.DependencyInjection.Abstractions, Version=9.0.0.0, Culture=neutral, PublicKeyToken=adb9793829ddae60".
             Resolved file path is "C:\Users\Dell\.nuget\packages\microsoft.extensions.dependencyinjection.abstractions\9.0.0\lib\net9.0\Microsoft.Extensions.DependencyInjection.Abstractions.dll".
             Reference found at search path location "{HintPathFromItem}".
             This reference is not "CopyLocal" because at least one source item had "Private" set to "false" and no source items had "Private" set to "true".
         Primary reference "Microsoft.Extensions.Identity.Core, Version=9.0.0.0, Culture=neutral, PublicKeyToken=adb9793829ddae60".
             Resolved file path is "C:\Users\Dell\.nuget\packages\microsoft.extensions.identity.core\9.0.0\lib\net9.0\Microsoft.Extensions.Identity.Core.dll".
             Reference found at search path location "{HintPathFromItem}".
             This reference is not "CopyLocal" because at least one source item had "Private" set to "false" and no source items had "Private" set to "true".
         Primary reference "Microsoft.Extensions.Identity.Stores, Version=9.0.0.0, Culture=neutral, PublicKeyToken=adb9793829ddae60".
             Resolved file path is "C:\Users\Dell\.nuget\packages\microsoft.extensions.identity.stores\9.0.0\lib\net9.0\Microsoft.Extensions.Identity.Stores.dll".
             Reference found at search path location "{HintPathFromItem}".
             This reference is not "CopyLocal" because at least one source item had "Private" set to "false" and no source items had "Private" set to "true".
         Primary reference "Microsoft.Extensions.Logging, Version=9.0.0.0, Culture=neutral, PublicKeyToken=adb9793829ddae60".
             Resolved file path is "C:\Users\Dell\.nuget\packages\microsoft.extensions.logging\9.0.0\lib\net9.0\Microsoft.Extensions.Logging.dll".
             Reference found at search path location "{HintPathFromItem}".
             This reference is not "CopyLocal" because at least one source item had "Private" set to "false" and no source items had "Private" set to "true".
         Primary reference "Microsoft.Extensions.Logging.Abstractions, Version=9.0.0.0, Culture=neutral, PublicKeyToken=adb9793829ddae60".
             Resolved file path is "C:\Users\Dell\.nuget\packages\microsoft.extensions.logging.abstractions\9.0.0\lib\net9.0\Microsoft.Extensions.Logging.Abstractions.dll".
             Reference found at search path location "{HintPathFromItem}".
             This reference is not "CopyLocal" because at least one source item had "Private" set to "false" and no source items had "Private" set to "true".
         Primary reference "Microsoft.Extensions.Options, Version=9.0.0.0, Culture=neutral, PublicKeyToken=adb9793829ddae60".
             Resolved file path is "C:\Users\Dell\.nuget\packages\microsoft.extensions.options\9.0.0\lib\net9.0\Microsoft.Extensions.Options.dll".
             Reference found at search path location "{HintPathFromItem}".
             This reference is not "CopyLocal" because at least one source item had "Private" set to "false" and no source items had "Private" set to "true".
         Primary reference "Microsoft.Extensions.Primitives, Version=9.0.0.0, Culture=neutral, PublicKeyToken=adb9793829ddae60".
             Resolved file path is "C:\Users\Dell\.nuget\packages\microsoft.extensions.primitives\9.0.0\lib\net9.0\Microsoft.Extensions.Primitives.dll".
             Reference found at search path location "{HintPathFromItem}".
             This reference is not "CopyLocal" because at least one source item had "Private" set to "false" and no source items had "Private" set to "true".
         Primary reference "Microsoft.Identity.Client, Version=4.61.3.0, Culture=neutral, PublicKeyToken=0a613f4dd989e8ae".
             Resolved file path is "C:\Users\Dell\.nuget\packages\microsoft.identity.client\4.61.3\lib\net6.0\Microsoft.Identity.Client.dll".
             Reference found at search path location "{HintPathFromItem}".
             This reference is not "CopyLocal" because at least one source item had "Private" set to "false" and no source items had "Private" set to "true".
         Primary reference "Microsoft.Identity.Client.Extensions.Msal, Version=4.61.3.0, Culture=neutral, PublicKeyToken=0a613f4dd989e8ae".
             Resolved file path is "C:\Users\Dell\.nuget\packages\microsoft.identity.client.extensions.msal\4.61.3\lib\net6.0\Microsoft.Identity.Client.Extensions.Msal.dll".
             Reference found at search path location "{HintPathFromItem}".
             This reference is not "CopyLocal" because at least one source item had "Private" set to "false" and no source items had "Private" set to "true".
         Primary reference "Microsoft.IdentityModel.Abstractions, Version=6.35.0.0, Culture=neutral, PublicKeyToken=31bf3856ad364e35".
             Resolved file path is "C:\Users\Dell\.nuget\packages\microsoft.identitymodel.abstractions\6.35.0\lib\net6.0\Microsoft.IdentityModel.Abstractions.dll".
             Reference found at search path location "{HintPathFromItem}".
             This reference is not "CopyLocal" because at least one source item had "Private" set to "false" and no source items had "Private" set to "true".
         Primary reference "Microsoft.IdentityModel.JsonWebTokens, Version=6.35.0.0, Culture=neutral, PublicKeyToken=31bf3856ad364e35".
             Resolved file path is "C:\Users\Dell\.nuget\packages\microsoft.identitymodel.jsonwebtokens\6.35.0\lib\net6.0\Microsoft.IdentityModel.JsonWebTokens.dll".
             Reference found at search path location "{HintPathFromItem}".
             This reference is not "CopyLocal" because at least one source item had "Private" set to "false" and no source items had "Private" set to "true".
         Primary reference "Microsoft.IdentityModel.Logging, Version=6.35.0.0, Culture=neutral, PublicKeyToken=31bf3856ad364e35".
             Resolved file path is "C:\Users\Dell\.nuget\packages\microsoft.identitymodel.logging\6.35.0\lib\net6.0\Microsoft.IdentityModel.Logging.dll".
             Reference found at search path location "{HintPathFromItem}".
             This reference is not "CopyLocal" because at least one source item had "Private" set to "false" and no source items had "Private" set to "true".
         Primary reference "Microsoft.IdentityModel.Protocols, Version=6.35.0.0, Culture=neutral, PublicKeyToken=31bf3856ad364e35".
             Resolved file path is "C:\Users\Dell\.nuget\packages\microsoft.identitymodel.protocols\6.35.0\lib\net6.0\Microsoft.IdentityModel.Protocols.dll".
             Reference found at search path location "{HintPathFromItem}".
             This reference is not "CopyLocal" because at least one source item had "Private" set to "false" and no source items had "Private" set to "true".
         Primary reference "Microsoft.IdentityModel.Protocols.OpenIdConnect, Version=6.35.0.0, Culture=neutral, PublicKeyToken=31bf3856ad364e35".
             Resolved file path is "C:\Users\Dell\.nuget\packages\microsoft.identitymodel.protocols.openidconnect\6.35.0\lib\net6.0\Microsoft.IdentityModel.Protocols.OpenIdConnect.dll".
             Reference found at search path location "{HintPathFromItem}".
             This reference is not "CopyLocal" because at least one source item had "Private" set to "false" and no source items had "Private" set to "true".
         Primary reference "Microsoft.IdentityModel.Tokens, Version=6.35.0.0, Culture=neutral, PublicKeyToken=31bf3856ad364e35".
             Resolved file path is "C:\Users\Dell\.nuget\packages\microsoft.identitymodel.tokens\6.35.0\lib\net6.0\Microsoft.IdentityModel.Tokens.dll".
             Reference found at search path location "{HintPathFromItem}".
             This reference is not "CopyLocal" because at least one source item had "Private" set to "false" and no source items had "Private" set to "true".
         Primary reference "Microsoft.SqlServer.Server, Version=1.0.0.0, Culture=neutral, PublicKeyToken=23ec7fc2d6eaa4a5".
             Resolved file path is "C:\Users\Dell\.nuget\packages\microsoft.sqlserver.server\1.0.0\lib\netstandard2.0\Microsoft.SqlServer.Server.dll".
             Reference found at search path location "{HintPathFromItem}".
             This reference is not "CopyLocal" because at least one source item had "Private" set to "false" and no source items had "Private" set to "true".
         Primary reference "System.ClientModel, Version=1.0.0.0, Culture=neutral, PublicKeyToken=92742159e12e44c8".
             Resolved file path is "C:\Users\Dell\.nuget\packages\system.clientmodel\1.0.0\lib\net6.0\System.ClientModel.dll".
             Reference found at search path location "{HintPathFromItem}".
             This reference is not "CopyLocal" because at least one source item had "Private" set to "false" and no source items had "Private" set to "true".
         Primary reference "System.IdentityModel.Tokens.Jwt, Version=6.35.0.0, Culture=neutral, PublicKeyToken=31bf3856ad364e35".
             Resolved file path is "C:\Users\Dell\.nuget\packages\system.identitymodel.tokens.jwt\6.35.0\lib\net6.0\System.IdentityModel.Tokens.Jwt.dll".
             Reference found at search path location "{HintPathFromItem}".
             This reference is not "CopyLocal" because at least one source item had "Private" set to "false" and no source items had "Private" set to "true".
         Primary reference "System.Memory.Data, Version=1.0.2.0, Culture=neutral, PublicKeyToken=cc7b13ffcd2ddd51".
             Resolved file path is "C:\Users\Dell\.nuget\packages\system.memory.data\1.0.2\lib\netstandard2.0\System.Memory.Data.dll".
             Reference found at search path location "{HintPathFromItem}".
             This reference is not "CopyLocal" because at least one source item had "Private" set to "false" and no source items had "Private" set to "true".
         Primary reference "System.Security.Cryptography.ProtectedData, Version=6.0.0.0, Culture=neutral, PublicKeyToken=b03f5f7f11d50a3a".
             Resolved file path is "C:\Users\Dell\.nuget\packages\system.security.cryptography.protecteddata\6.0.0\lib\net6.0\System.Security.Cryptography.ProtectedData.dll".
             Reference found at search path location "{HintPathFromItem}".
             This reference is not "CopyLocal" because at least one source item had "Private" set to "false" and no source items had "Private" set to "true".
         Primary reference "Microsoft.CSharp, Version=9.0.0.0, Culture=neutral, PublicKeyToken=b03f5f7f11d50a3a".
             Resolved file path is "C:\Program Files\dotnet\packs\Microsoft.NETCore.App.Ref\9.0.11\ref\net9.0\Microsoft.CSharp.dll".
             Reference found at search path location "{RawFileName}".
             This reference is not "CopyLocal" because at least one source item had "Private" set to "false" and no source items had "Private" set to "true".
         Primary reference "Microsoft.VisualBasic.Core, Version=14.0.0.0, Culture=neutral, PublicKeyToken=b03f5f7f11d50a3a".
             Resolved file path is "C:\Program Files\dotnet\packs\Microsoft.NETCore.App.Ref\9.0.11\ref\net9.0\Microsoft.VisualBasic.Core.dll".
             Reference found at search path location "{RawFileName}".
             This reference is not "CopyLocal" because at least one source item had "Private" set to "false" and no source items had "Private" set to "true".
         Primary reference "Microsoft.VisualBasic, Version=10.0.0.0, Culture=neutral, PublicKeyToken=b03f5f7f11d50a3a".
             Resolved file path is "C:\Program Files\dotnet\packs\Microsoft.NETCore.App.Ref\9.0.11\ref\net9.0\Microsoft.VisualBasic.dll".
             Reference found at search path location "{RawFileName}".
             This reference is not "CopyLocal" because at least one source item had "Private" set to "false" and no source items had "Private" set to "true".
         Primary reference "Microsoft.Win32.Primitives, Version=9.0.0.0, Culture=neutral, PublicKeyToken=b03f5f7f11d50a3a".
             Resolved file path is "C:\Program Files\dotnet\packs\Microsoft.NETCore.App.Ref\9.0.11\ref\net9.0\Microsoft.Win32.Primitives.dll".
             Reference found at search path location "{RawFileName}".
             This reference is not "CopyLocal" because at least one source item had "Private" set to "false" and no source items had "Private" set to "true".
         Primary reference "Microsoft.Win32.Registry, Version=9.0.0.0, Culture=neutral, PublicKeyToken=b03f5f7f11d50a3a".
             Resolved file path is "C:\Program Files\dotnet\packs\Microsoft.NETCore.App.Ref\9.0.11\ref\net9.0\Microsoft.Win32.Registry.dll".
             Reference found at search path location "{RawFileName}".
             This reference is not "CopyLocal" because at least one source item had "Private" set to "false" and no source items had "Private" set to "true".
         Primary reference "System.AppContext, Version=9.0.0.0, Culture=neutral, PublicKeyToken=b03f5f7f11d50a3a".
             Resolved file path is "C:\Program Files\dotnet\packs\Microsoft.NETCore.App.Ref\9.0.11\ref\net9.0\System.AppContext.dll".
             Reference found at search path location "{RawFileName}".
             This reference is not "CopyLocal" because at least one source item had "Private" set to "false" and no source items had "Private" set to "true".
         Primary reference "System.Buffers, Version=9.0.0.0, Culture=neutral, PublicKeyToken=cc7b13ffcd2ddd51".
             Resolved file path is "C:\Program Files\dotnet\packs\Microsoft.NETCore.App.Ref\9.0.11\ref\net9.0\System.Buffers.dll".
             Reference found at search path location "{RawFileName}".
             This reference is not "CopyLocal" because at least one source item had "Private" set to "false" and no source items had "Private" set to "true".
         Primary reference "System.Collections.Concurrent, Version=9.0.0.0, Culture=neutral, PublicKeyToken=b03f5f7f11d50a3a".
             Resolved file path is "C:\Program Files\dotnet\packs\Microsoft.NETCore.App.Ref\9.0.11\ref\net9.0\System.Collections.Concurrent.dll".
             Reference found at search path location "{RawFileName}".
             This reference is not "CopyLocal" because at least one source item had "Private" set to "false" and no source items had "Private" set to "true".
         Primary reference "System.Collections.Immutable, Version=9.0.0.0, Culture=neutral, PublicKeyToken=b03f5f7f11d50a3a".
             Resolved file path is "C:\Program Files\dotnet\packs\Microsoft.NETCore.App.Ref\9.0.11\ref\net9.0\System.Collections.Immutable.dll".
             Reference found at search path location "{RawFileName}".
             This reference is not "CopyLocal" because at least one source item had "Private" set to "false" and no source items had "Private" set to "true".
         Primary reference "System.Collections.NonGeneric, Version=9.0.0.0, Culture=neutral, PublicKeyToken=b03f5f7f11d50a3a".
             Resolved file path is "C:\Program Files\dotnet\packs\Microsoft.NETCore.App.Ref\9.0.11\ref\net9.0\System.Collections.NonGeneric.dll".
             Reference found at search path location "{RawFileName}".
             This reference is not "CopyLocal" because at least one source item had "Private" set to "false" and no source items had "Private" set to "true".
         Primary reference "System.Collections.Specialized, Version=9.0.0.0, Culture=neutral, PublicKeyToken=b03f5f7f11d50a3a".
             Resolved file path is "C:\Program Files\dotnet\packs\Microsoft.NETCore.App.Ref\9.0.11\ref\net9.0\System.Collections.Specialized.dll".
             Reference found at search path location "{RawFileName}".
             This reference is not "CopyLocal" because at least one source item had "Private" set to "false" and no source items had "Private" set to "true".
         Primary reference "System.Collections, Version=9.0.0.0, Culture=neutral, PublicKeyToken=b03f5f7f11d50a3a".
             Resolved file path is "C:\Program Files\dotnet\packs\Microsoft.NETCore.App.Ref\9.0.11\ref\net9.0\System.Collections.dll".
             Reference found at search path location "{RawFileName}".
             This reference is not "CopyLocal" because at least one source item had "Private" set to "false" and no source items had "Private" set to "true".
         Primary reference "System.ComponentModel.Annotations, Version=9.0.0.0, Culture=neutral, PublicKeyToken=b03f5f7f11d50a3a".
             Resolved file path is "C:\Program Files\dotnet\packs\Microsoft.NETCore.App.Ref\9.0.11\ref\net9.0\System.ComponentModel.Annotations.dll".
             Reference found at search path location "{RawFileName}".
             This reference is not "CopyLocal" because at least one source item had "Private" set to "false" and no source items had "Private" set to "true".
         Primary reference "System.ComponentModel.DataAnnotations, Version=4.0.0.0, Culture=neutral, PublicKeyToken=31bf3856ad364e35".
             Resolved file path is "C:\Program Files\dotnet\packs\Microsoft.NETCore.App.Ref\9.0.11\ref\net9.0\System.ComponentModel.DataAnnotations.dll".
             Reference found at search path location "{RawFileName}".
             This reference is not "CopyLocal" because at least one source item had "Private" set to "false" and no source items had "Private" set to "true".
         Primary reference "System.ComponentModel.EventBasedAsync, Version=9.0.0.0, Culture=neutral, PublicKeyToken=b03f5f7f11d50a3a".
             Resolved file path is "C:\Program Files\dotnet\packs\Microsoft.NETCore.App.Ref\9.0.11\ref\net9.0\System.ComponentModel.EventBasedAsync.dll".
             Reference found at search path location "{RawFileName}".
             This reference is not "CopyLocal" because at least one source item had "Private" set to "false" and no source items had "Private" set to "true".
         Primary reference "System.ComponentModel.Primitives, Version=9.0.0.0, Culture=neutral, PublicKeyToken=b03f5f7f11d50a3a".
             Resolved file path is "C:\Program Files\dotnet\packs\Microsoft.NETCore.App.Ref\9.0.11\ref\net9.0\System.ComponentModel.Primitives.dll".
             Reference found at search path location "{RawFileName}".
             This reference is not "CopyLocal" because at least one source item had "Private" set to "false" and no source items had "Private" set to "true".
         Primary reference "System.ComponentModel.TypeConverter, Version=9.0.0.0, Culture=neutral, PublicKeyToken=b03f5f7f11d50a3a".
             Resolved file path is "C:\Program Files\dotnet\packs\Microsoft.NETCore.App.Ref\9.0.11\ref\net9.0\System.ComponentModel.TypeConverter.dll".
             Reference found at search path location "{RawFileName}".
             This reference is not "CopyLocal" because at least one source item had "Private" set to "false" and no source items had "Private" set to "true".
         Primary reference "System.ComponentModel, Version=9.0.0.0, Culture=neutral, PublicKeyToken=b03f5f7f11d50a3a".
             Resolved file path is "C:\Program Files\dotnet\packs\Microsoft.NETCore.App.Ref\9.0.11\ref\net9.0\System.ComponentModel.dll".
             Reference found at search path location "{RawFileName}".
             This reference is not "CopyLocal" because at least one source item had "Private" set to "false" and no source items had "Private" set to "true".
         Primary reference "System.Configuration, Version=4.0.0.0, Culture=neutral, PublicKeyToken=b03f5f7f11d50a3a".
             Resolved file path is "C:\Program Files\dotnet\packs\Microsoft.NETCore.App.Ref\9.0.11\ref\net9.0\System.Configuration.dll".
             Reference found at search path location "{RawFileName}".
             This reference is not "CopyLocal" because at least one source item had "Private" set to "false" and no source items had "Private" set to "true".
         Primary reference "System.Console, Version=9.0.0.0, Culture=neutral, PublicKeyToken=b03f5f7f11d50a3a".
             Resolved file path is "C:\Program Files\dotnet\packs\Microsoft.NETCore.App.Ref\9.0.11\ref\net9.0\System.Console.dll".
             Reference found at search path location "{RawFileName}".
             This reference is not "CopyLocal" because at least one source item had "Private" set to "false" and no source items had "Private" set to "true".
         Primary reference "System.Core, Version=4.0.0.0, Culture=neutral, PublicKeyToken=b77a5c561934e089".
             Resolved file path is "C:\Program Files\dotnet\packs\Microsoft.NETCore.App.Ref\9.0.11\ref\net9.0\System.Core.dll".
             Reference found at search path location "{RawFileName}".
             This reference is not "CopyLocal" because at least one source item had "Private" set to "false" and no source items had "Private" set to "true".
         Primary reference "System.Data.Common, Version=9.0.0.0, Culture=neutral, PublicKeyToken=b03f5f7f11d50a3a".
             Resolved file path is "C:\Program Files\dotnet\packs\Microsoft.NETCore.App.Ref\9.0.11\ref\net9.0\System.Data.Common.dll".
             Reference found at search path location "{RawFileName}".
             This reference is not "CopyLocal" because at least one source item had "Private" set to "false" and no source items had "Private" set to "true".
         Primary reference "System.Data.DataSetExtensions, Version=9.0.0.0, Culture=neutral, PublicKeyToken=b77a5c561934e089".
             Resolved file path is "C:\Program Files\dotnet\packs\Microsoft.NETCore.App.Ref\9.0.11\ref\net9.0\System.Data.DataSetExtensions.dll".
             Reference found at search path location "{RawFileName}".
             This reference is not "CopyLocal" because at least one source item had "Private" set to "false" and no source items had "Private" set to "true".
         Primary reference "System.Data, Version=4.0.0.0, Culture=neutral, PublicKeyToken=b77a5c561934e089".
             Resolved file path is "C:\Program Files\dotnet\packs\Microsoft.NETCore.App.Ref\9.0.11\ref\net9.0\System.Data.dll".
             Reference found at search path location "{RawFileName}".
             This reference is not "CopyLocal" because at least one source item had "Private" set to "false" and no source items had "Private" set to "true".
         Primary reference "System.Diagnostics.Contracts, Version=9.0.0.0, Culture=neutral, PublicKeyToken=b03f5f7f11d50a3a".
             Resolved file path is "C:\Program Files\dotnet\packs\Microsoft.NETCore.App.Ref\9.0.11\ref\net9.0\System.Diagnostics.Contracts.dll".
             Reference found at search path location "{RawFileName}".
             This reference is not "CopyLocal" because at least one source item had "Private" set to "false" and no source items had "Private" set to "true".
         Primary reference "System.Diagnostics.Debug, Version=9.0.0.0, Culture=neutral, PublicKeyToken=b03f5f7f11d50a3a".
             Resolved file path is "C:\Program Files\dotnet\packs\Microsoft.NETCore.App.Ref\9.0.11\ref\net9.0\System.Diagnostics.Debug.dll".
             Reference found at search path location "{RawFileName}".
             This reference is not "CopyLocal" because at least one source item had "Private" set to "false" and no source items had "Private" set to "true".
         Primary reference "System.Diagnostics.DiagnosticSource, Version=9.0.0.0, Culture=neutral, PublicKeyToken=cc7b13ffcd2ddd51".
             Resolved file path is "C:\Program Files\dotnet\packs\Microsoft.NETCore.App.Ref\9.0.11\ref\net9.0\System.Diagnostics.DiagnosticSource.dll".
             Reference found at search path location "{RawFileName}".
             This reference is not "CopyLocal" because at least one source item had "Private" set to "false" and no source items had "Private" set to "true".
         Primary reference "System.Diagnostics.FileVersionInfo, Version=9.0.0.0, Culture=neutral, PublicKeyToken=b03f5f7f11d50a3a".
             Resolved file path is "C:\Program Files\dotnet\packs\Microsoft.NETCore.App.Ref\9.0.11\ref\net9.0\System.Diagnostics.FileVersionInfo.dll".
             Reference found at search path location "{RawFileName}".
             This reference is not "CopyLocal" because at least one source item had "Private" set to "false" and no source items had "Private" set to "true".
         Primary reference "System.Diagnostics.Process, Version=9.0.0.0, Culture=neutral, PublicKeyToken=b03f5f7f11d50a3a".
             Resolved file path is "C:\Program Files\dotnet\packs\Microsoft.NETCore.App.Ref\9.0.11\ref\net9.0\System.Diagnostics.Process.dll".
             Reference found at search path location "{RawFileName}".
             This reference is not "CopyLocal" because at least one source item had "Private" set to "false" and no source items had "Private" set to "true".
         Primary reference "System.Diagnostics.StackTrace, Version=9.0.0.0, Culture=neutral, PublicKeyToken=b03f5f7f11d50a3a".
             Resolved file path is "C:\Program Files\dotnet\packs\Microsoft.NETCore.App.Ref\9.0.11\ref\net9.0\System.Diagnostics.StackTrace.dll".
             Reference found at search path location "{RawFileName}".
             This reference is not "CopyLocal" because at least one source item had "Private" set to "false" and no source items had "Private" set to "true".
         Primary reference "System.Diagnostics.TextWriterTraceListener, Version=9.0.0.0, Culture=neutral, PublicKeyToken=b03f5f7f11d50a3a".
             Resolved file path is "C:\Program Files\dotnet\packs\Microsoft.NETCore.App.Ref\9.0.11\ref\net9.0\System.Diagnostics.TextWriterTraceListener.dll".
             Reference found at search path location "{RawFileName}".
             This reference is not "CopyLocal" because at least one source item had "Private" set to "false" and no source items had "Private" set to "true".
         Primary reference "System.Diagnostics.Tools, Version=9.0.0.0, Culture=neutral, PublicKeyToken=b03f5f7f11d50a3a".
             Resolved file path is "C:\Program Files\dotnet\packs\Microsoft.NETCore.App.Ref\9.0.11\ref\net9.0\System.Diagnostics.Tools.dll".
             Reference found at search path location "{RawFileName}".
             This reference is not "CopyLocal" because at least one source item had "Private" set to "false" and no source items had "Private" set to "true".
         Primary reference "System.Diagnostics.TraceSource, Version=9.0.0.0, Culture=neutral, PublicKeyToken=b03f5f7f11d50a3a".
             Resolved file path is "C:\Program Files\dotnet\packs\Microsoft.NETCore.App.Ref\9.0.11\ref\net9.0\System.Diagnostics.TraceSource.dll".
             Reference found at search path location "{RawFileName}".
             This reference is not "CopyLocal" because at least one source item had "Private" set to "false" and no source items had "Private" set to "true".
         Primary reference "System.Diagnostics.Tracing, Version=9.0.0.0, Culture=neutral, PublicKeyToken=b03f5f7f11d50a3a".
             Resolved file path is "C:\Program Files\dotnet\packs\Microsoft.NETCore.App.Ref\9.0.11\ref\net9.0\System.Diagnostics.Tracing.dll".
             Reference found at search path location "{RawFileName}".
             This reference is not "CopyLocal" because at least one source item had "Private" set to "false" and no source items had "Private" set to "true".
         Primary reference "System.Drawing.Primitives, Version=9.0.0.0, Culture=neutral, PublicKeyToken=b03f5f7f11d50a3a".
             Resolved file path is "C:\Program Files\dotnet\packs\Microsoft.NETCore.App.Ref\9.0.11\ref\net9.0\System.Drawing.Primitives.dll".
             Reference found at search path location "{RawFileName}".
             This reference is not "CopyLocal" because at least one source item had "Private" set to "false" and no source items had "Private" set to "true".
         Primary reference "System.Drawing, Version=4.0.0.0, Culture=neutral, PublicKeyToken=b03f5f7f11d50a3a".
             Resolved file path is "C:\Program Files\dotnet\packs\Microsoft.NETCore.App.Ref\9.0.11\ref\net9.0\System.Drawing.dll".
             Reference found at search path location "{RawFileName}".
             This reference is not "CopyLocal" because at least one source item had "Private" set to "false" and no source items had "Private" set to "true".
         Primary reference "System.Dynamic.Runtime, Version=9.0.0.0, Culture=neutral, PublicKeyToken=b03f5f7f11d50a3a".
             Resolved file path is "C:\Program Files\dotnet\packs\Microsoft.NETCore.App.Ref\9.0.11\ref\net9.0\System.Dynamic.Runtime.dll".
             Reference found at search path location "{RawFileName}".
             This reference is not "CopyLocal" because at least one source item had "Private" set to "false" and no source items had "Private" set to "true".
         Primary reference "System.Formats.Asn1, Version=9.0.0.0, Culture=neutral, PublicKeyToken=cc7b13ffcd2ddd51".
             Resolved file path is "C:\Program Files\dotnet\packs\Microsoft.NETCore.App.Ref\9.0.11\ref\net9.0\System.Formats.Asn1.dll".
             Reference found at search path location "{RawFileName}".
             This reference is not "CopyLocal" because at least one source item had "Private" set to "false" and no source items had "Private" set to "true".
         Primary reference "System.Formats.Tar, Version=9.0.0.0, Culture=neutral, PublicKeyToken=cc7b13ffcd2ddd51".
             Resolved file path is "C:\Program Files\dotnet\packs\Microsoft.NETCore.App.Ref\9.0.11\ref\net9.0\System.Formats.Tar.dll".
             Reference found at search path location "{RawFileName}".
             This reference is not "CopyLocal" because at least one source item had "Private" set to "false" and no source items had "Private" set to "true".
         Primary reference "System.Globalization.Calendars, Version=9.0.0.0, Culture=neutral, PublicKeyToken=b03f5f7f11d50a3a".
             Resolved file path is "C:\Program Files\dotnet\packs\Microsoft.NETCore.App.Ref\9.0.11\ref\net9.0\System.Globalization.Calendars.dll".
             Reference found at search path location "{RawFileName}".
             This reference is not "CopyLocal" because at least one source item had "Private" set to "false" and no source items had "Private" set to "true".
         Primary reference "System.Globalization.Extensions, Version=9.0.0.0, Culture=neutral, PublicKeyToken=b03f5f7f11d50a3a".
             Resolved file path is "C:\Program Files\dotnet\packs\Microsoft.NETCore.App.Ref\9.0.11\ref\net9.0\System.Globalization.Extensions.dll".
             Reference found at search path location "{RawFileName}".
             This reference is not "CopyLocal" because at least one source item had "Private" set to "false" and no source items had "Private" set to "true".
         Primary reference "System.Globalization, Version=9.0.0.0, Culture=neutral, PublicKeyToken=b03f5f7f11d50a3a".
             Resolved file path is "C:\Program Files\dotnet\packs\Microsoft.NETCore.App.Ref\9.0.11\ref\net9.0\System.Globalization.dll".
             Reference found at search path location "{RawFileName}".
             This reference is not "CopyLocal" because at least one source item had "Private" set to "false" and no source items had "Private" set to "true".
         Primary reference "System.IO.Compression.Brotli, Version=9.0.0.0, Culture=neutral, PublicKeyToken=b77a5c561934e089".
             Resolved file path is "C:\Program Files\dotnet\packs\Microsoft.NETCore.App.Ref\9.0.11\ref\net9.0\System.IO.Compression.Brotli.dll".
             Reference found at search path location "{RawFileName}".
             This reference is not "CopyLocal" because at least one source item had "Private" set to "false" and no source items had "Private" set to "true".
         Primary reference "System.IO.Compression.FileSystem, Version=4.0.0.0, Culture=neutral, PublicKeyToken=b77a5c561934e089".
             Resolved file path is "C:\Program Files\dotnet\packs\Microsoft.NETCore.App.Ref\9.0.11\ref\net9.0\System.IO.Compression.FileSystem.dll".
             Reference found at search path location "{RawFileName}".
             This reference is not "CopyLocal" because at least one source item had "Private" set to "false" and no source items had "Private" set to "true".
         Primary reference "System.IO.Compression.ZipFile, Version=9.0.0.0, Culture=neutral, PublicKeyToken=b77a5c561934e089".
             Resolved file path is "C:\Program Files\dotnet\packs\Microsoft.NETCore.App.Ref\9.0.11\ref\net9.0\System.IO.Compression.ZipFile.dll".
             Reference found at search path location "{RawFileName}".
             This reference is not "CopyLocal" because at least one source item had "Private" set to "false" and no source items had "Private" set to "true".
         Primary reference "System.IO.Compression, Version=9.0.0.0, Culture=neutral, PublicKeyToken=b77a5c561934e089".
             Resolved file path is "C:\Program Files\dotnet\packs\Microsoft.NETCore.App.Ref\9.0.11\ref\net9.0\System.IO.Compression.dll".
             Reference found at search path location "{RawFileName}".
             This reference is not "CopyLocal" because at least one source item had "Private" set to "false" and no source items had "Private" set to "true".
         Primary reference "System.IO.FileSystem.AccessControl, Version=9.0.0.0, Culture=neutral, PublicKeyToken=b03f5f7f11d50a3a".
             Resolved file path is "C:\Program Files\dotnet\packs\Microsoft.NETCore.App.Ref\9.0.11\ref\net9.0\System.IO.FileSystem.AccessControl.dll".
             Reference found at search path location "{RawFileName}".
             This reference is not "CopyLocal" because at least one source item had "Private" set to "false" and no source items had "Private" set to "true".
         Primary reference "System.IO.FileSystem.DriveInfo, Version=9.0.0.0, Culture=neutral, PublicKeyToken=b03f5f7f11d50a3a".
             Resolved file path is "C:\Program Files\dotnet\packs\Microsoft.NETCore.App.Ref\9.0.11\ref\net9.0\System.IO.FileSystem.DriveInfo.dll".
             Reference found at search path location "{RawFileName}".
             This reference is not "CopyLocal" because at least one source item had "Private" set to "false" and no source items had "Private" set to "true".
         Primary reference "System.IO.FileSystem.Primitives, Version=9.0.0.0, Culture=neutral, PublicKeyToken=b03f5f7f11d50a3a".
             Resolved file path is "C:\Program Files\dotnet\packs\Microsoft.NETCore.App.Ref\9.0.11\ref\net9.0\System.IO.FileSystem.Primitives.dll".
             Reference found at search path location "{RawFileName}".
             This reference is not "CopyLocal" because at least one source item had "Private" set to "false" and no source items had "Private" set to "true".
         Primary reference "System.IO.FileSystem.Watcher, Version=9.0.0.0, Culture=neutral, PublicKeyToken=b03f5f7f11d50a3a".
             Resolved file path is "C:\Program Files\dotnet\packs\Microsoft.NETCore.App.Ref\9.0.11\ref\net9.0\System.IO.FileSystem.Watcher.dll".
             Reference found at search path location "{RawFileName}".
             This reference is not "CopyLocal" because at least one source item had "Private" set to "false" and no source items had "Private" set to "true".
         Primary reference "System.IO.FileSystem, Version=9.0.0.0, Culture=neutral, PublicKeyToken=b03f5f7f11d50a3a".
             Resolved file path is "C:\Program Files\dotnet\packs\Microsoft.NETCore.App.Ref\9.0.11\ref\net9.0\System.IO.FileSystem.dll".
             Reference found at search path location "{RawFileName}".
             This reference is not "CopyLocal" because at least one source item had "Private" set to "false" and no source items had "Private" set to "true".
         Primary reference "System.IO.IsolatedStorage, Version=9.0.0.0, Culture=neutral, PublicKeyToken=b03f5f7f11d50a3a".
             Resolved file path is "C:\Program Files\dotnet\packs\Microsoft.NETCore.App.Ref\9.0.11\ref\net9.0\System.IO.IsolatedStorage.dll".
             Reference found at search path location "{RawFileName}".
             This reference is not "CopyLocal" because at least one source item had "Private" set to "false" and no source items had "Private" set to "true".
         Primary reference "System.IO.MemoryMappedFiles, Version=9.0.0.0, Culture=neutral, PublicKeyToken=b03f5f7f11d50a3a".
             Resolved file path is "C:\Program Files\dotnet\packs\Microsoft.NETCore.App.Ref\9.0.11\ref\net9.0\System.IO.MemoryMappedFiles.dll".
             Reference found at search path location "{RawFileName}".
             This reference is not "CopyLocal" because at least one source item had "Private" set to "false" and no source items had "Private" set to "true".
         Primary reference "System.IO.Pipelines, Version=9.0.0.0, Culture=neutral, PublicKeyToken=cc7b13ffcd2ddd51".
             Resolved file path is "C:\Program Files\dotnet\packs\Microsoft.NETCore.App.Ref\9.0.11\ref\net9.0\System.IO.Pipelines.dll".
             Reference found at search path location "{RawFileName}".
             This reference is not "CopyLocal" because at least one source item had "Private" set to "false" and no source items had "Private" set to "true".
         Primary reference "System.IO.Pipes.AccessControl, Version=9.0.0.0, Culture=neutral, PublicKeyToken=b03f5f7f11d50a3a".
             Resolved file path is "C:\Program Files\dotnet\packs\Microsoft.NETCore.App.Ref\9.0.11\ref\net9.0\System.IO.Pipes.AccessControl.dll".
             Reference found at search path location "{RawFileName}".
             This reference is not "CopyLocal" because at least one source item had "Private" set to "false" and no source items had "Private" set to "true".
         Primary reference "System.IO.Pipes, Version=9.0.0.0, Culture=neutral, PublicKeyToken=b03f5f7f11d50a3a".
             Resolved file path is "C:\Program Files\dotnet\packs\Microsoft.NETCore.App.Ref\9.0.11\ref\net9.0\System.IO.Pipes.dll".
             Reference found at search path location "{RawFileName}".
             This reference is not "CopyLocal" because at least one source item had "Private" set to "false" and no source items had "Private" set to "true".
         Primary reference "System.IO.UnmanagedMemoryStream, Version=9.0.0.0, Culture=neutral, PublicKeyToken=b03f5f7f11d50a3a".
             Resolved file path is "C:\Program Files\dotnet\packs\Microsoft.NETCore.App.Ref\9.0.11\ref\net9.0\System.IO.UnmanagedMemoryStream.dll".
             Reference found at search path location "{RawFileName}".
             This reference is not "CopyLocal" because at least one source item had "Private" set to "false" and no source items had "Private" set to "true".
         Primary reference "System.IO, Version=9.0.0.0, Culture=neutral, PublicKeyToken=b03f5f7f11d50a3a".
             Resolved file path is "C:\Program Files\dotnet\packs\Microsoft.NETCore.App.Ref\9.0.11\ref\net9.0\System.IO.dll".
             Reference found at search path location "{RawFileName}".
             This reference is not "CopyLocal" because at least one source item had "Private" set to "false" and no source items had "Private" set to "true".
         Primary reference "System.Linq.Expressions, Version=9.0.0.0, Culture=neutral, PublicKeyToken=b03f5f7f11d50a3a".
             Resolved file path is "C:\Program Files\dotnet\packs\Microsoft.NETCore.App.Ref\9.0.11\ref\net9.0\System.Linq.Expressions.dll".
             Reference found at search path location "{RawFileName}".
             This reference is not "CopyLocal" because at least one source item had "Private" set to "false" and no source items had "Private" set to "true".
         Primary reference "System.Linq.Parallel, Version=9.0.0.0, Culture=neutral, PublicKeyToken=b03f5f7f11d50a3a".
             Resolved file path is "C:\Program Files\dotnet\packs\Microsoft.NETCore.App.Ref\9.0.11\ref\net9.0\System.Linq.Parallel.dll".
             Reference found at search path location "{RawFileName}".
             This reference is not "CopyLocal" because at least one source item had "Private" set to "false" and no source items had "Private" set to "true".
         Primary reference "System.Linq.Queryable, Version=9.0.0.0, Culture=neutral, PublicKeyToken=b03f5f7f11d50a3a".
             Resolved file path is "C:\Program Files\dotnet\packs\Microsoft.NETCore.App.Ref\9.0.11\ref\net9.0\System.Linq.Queryable.dll".
             Reference found at search path location "{RawFileName}".
             This reference is not "CopyLocal" because at least one source item had "Private" set to "false" and no source items had "Private" set to "true".
         Primary reference "System.Linq, Version=9.0.0.0, Culture=neutral, PublicKeyToken=b03f5f7f11d50a3a".
             Resolved file path is "C:\Program Files\dotnet\packs\Microsoft.NETCore.App.Ref\9.0.11\ref\net9.0\System.Linq.dll".
             Reference found at search path location "{RawFileName}".
             This reference is not "CopyLocal" because at least one source item had "Private" set to "false" and no source items had "Private" set to "true".
         Primary reference "System.Memory, Version=9.0.0.0, Culture=neutral, PublicKeyToken=cc7b13ffcd2ddd51".
             Resolved file path is "C:\Program Files\dotnet\packs\Microsoft.NETCore.App.Ref\9.0.11\ref\net9.0\System.Memory.dll".
             Reference found at search path location "{RawFileName}".
             This reference is not "CopyLocal" because at least one source item had "Private" set to "false" and no source items had "Private" set to "true".
         Primary reference "System.Net.Http.Json, Version=9.0.0.0, Culture=neutral, PublicKeyToken=cc7b13ffcd2ddd51".
             Resolved file path is "C:\Program Files\dotnet\packs\Microsoft.NETCore.App.Ref\9.0.11\ref\net9.0\System.Net.Http.Json.dll".
             Reference found at search path location "{RawFileName}".
             This reference is not "CopyLocal" because at least one source item had "Private" set to "false" and no source items had "Private" set to "true".
         Primary reference "System.Net.Http, Version=9.0.0.0, Culture=neutral, PublicKeyToken=b03f5f7f11d50a3a".
             Resolved file path is "C:\Program Files\dotnet\packs\Microsoft.NETCore.App.Ref\9.0.11\ref\net9.0\System.Net.Http.dll".
             Reference found at search path location "{RawFileName}".
             This reference is not "CopyLocal" because at least one source item had "Private" set to "false" and no source items had "Private" set to "true".
         Primary reference "System.Net.HttpListener, Version=9.0.0.0, Culture=neutral, PublicKeyToken=cc7b13ffcd2ddd51".
             Resolved file path is "C:\Program Files\dotnet\packs\Microsoft.NETCore.App.Ref\9.0.11\ref\net9.0\System.Net.HttpListener.dll".
             Reference found at search path location "{RawFileName}".
             This reference is not "CopyLocal" because at least one source item had "Private" set to "false" and no source items had "Private" set to "true".
         Primary reference "System.Net.Mail, Version=9.0.0.0, Culture=neutral, PublicKeyToken=cc7b13ffcd2ddd51".
             Resolved file path is "C:\Program Files\dotnet\packs\Microsoft.NETCore.App.Ref\9.0.11\ref\net9.0\System.Net.Mail.dll".
             Reference found at search path location "{RawFileName}".
             This reference is not "CopyLocal" because at least one source item had "Private" set to "false" and no source items had "Private" set to "true".
         Primary reference "System.Net.NameResolution, Version=9.0.0.0, Culture=neutral, PublicKeyToken=b03f5f7f11d50a3a".
             Resolved file path is "C:\Program Files\dotnet\packs\Microsoft.NETCore.App.Ref\9.0.11\ref\net9.0\System.Net.NameResolution.dll".
             Reference found at search path location "{RawFileName}".
             This reference is not "CopyLocal" because at least one source item had "Private" set to "false" and no source items had "Private" set to "true".
         Primary reference "System.Net.NetworkInformation, Version=9.0.0.0, Culture=neutral, PublicKeyToken=b03f5f7f11d50a3a".
             Resolved file path is "C:\Program Files\dotnet\packs\Microsoft.NETCore.App.Ref\9.0.11\ref\net9.0\System.Net.NetworkInformation.dll".
             Reference found at search path location "{RawFileName}".
             This reference is not "CopyLocal" because at least one source item had "Private" set to "false" and no source items had "Private" set to "true".
         Primary reference "System.Net.Ping, Version=9.0.0.0, Culture=neutral, PublicKeyToken=b03f5f7f11d50a3a".
             Resolved file path is "C:\Program Files\dotnet\packs\Microsoft.NETCore.App.Ref\9.0.11\ref\net9.0\System.Net.Ping.dll".
             Reference found at search path location "{RawFileName}".
             This reference is not "CopyLocal" because at least one source item had "Private" set to "false" and no source items had "Private" set to "true".
         Primary reference "System.Net.Primitives, Version=9.0.0.0, Culture=neutral, PublicKeyToken=b03f5f7f11d50a3a".
             Resolved file path is "C:\Program Files\dotnet\packs\Microsoft.NETCore.App.Ref\9.0.11\ref\net9.0\System.Net.Primitives.dll".
             Reference found at search path location "{RawFileName}".
             This reference is not "CopyLocal" because at least one source item had "Private" set to "false" and no source items had "Private" set to "true".
         Primary reference "System.Net.Quic, Version=9.0.0.0, Culture=neutral, PublicKeyToken=b03f5f7f11d50a3a".
             Resolved file path is "C:\Program Files\dotnet\packs\Microsoft.NETCore.App.Ref\9.0.11\ref\net9.0\System.Net.Quic.dll".
             Reference found at search path location "{RawFileName}".
             This reference is not "CopyLocal" because at least one source item had "Private" set to "false" and no source items had "Private" set to "true".
         Primary reference "System.Net.Requests, Version=9.0.0.0, Culture=neutral, PublicKeyToken=b03f5f7f11d50a3a".
             Resolved file path is "C:\Program Files\dotnet\packs\Microsoft.NETCore.App.Ref\9.0.11\ref\net9.0\System.Net.Requests.dll".
             Reference found at search path location "{RawFileName}".
             This reference is not "CopyLocal" because at least one source item had "Private" set to "false" and no source items had "Private" set to "true".
         Primary reference "System.Net.Security, Version=9.0.0.0, Culture=neutral, PublicKeyToken=b03f5f7f11d50a3a".
             Resolved file path is "C:\Program Files\dotnet\packs\Microsoft.NETCore.App.Ref\9.0.11\ref\net9.0\System.Net.Security.dll".
             Reference found at search path location "{RawFileName}".
             This reference is not "CopyLocal" because at least one source item had "Private" set to "false" and no source items had "Private" set to "true".
         Primary reference "System.Net.ServicePoint, Version=9.0.0.0, Culture=neutral, PublicKeyToken=cc7b13ffcd2ddd51".
             Resolved file path is "C:\Program Files\dotnet\packs\Microsoft.NETCore.App.Ref\9.0.11\ref\net9.0\System.Net.ServicePoint.dll".
             Reference found at search path location "{RawFileName}".
             This reference is not "CopyLocal" because at least one source item had "Private" set to "false" and no source items had "Private" set to "true".
         Primary reference "System.Net.Sockets, Version=9.0.0.0, Culture=neutral, PublicKeyToken=b03f5f7f11d50a3a".
             Resolved file path is "C:\Program Files\dotnet\packs\Microsoft.NETCore.App.Ref\9.0.11\ref\net9.0\System.Net.Sockets.dll".
             Reference found at search path location "{RawFileName}".
             This reference is not "CopyLocal" because at least one source item had "Private" set to "false" and no source items had "Private" set to "true".
         Primary reference "System.Net.WebClient, Version=9.0.0.0, Culture=neutral, PublicKeyToken=cc7b13ffcd2ddd51".
             Resolved file path is "C:\Program Files\dotnet\packs\Microsoft.NETCore.App.Ref\9.0.11\ref\net9.0\System.Net.WebClient.dll".
             Reference found at search path location "{RawFileName}".
             This reference is not "CopyLocal" because at least one source item had "Private" set to "false" and no source items had "Private" set to "true".
         Primary reference "System.Net.WebHeaderCollection, Version=9.0.0.0, Culture=neutral, PublicKeyToken=b03f5f7f11d50a3a".
             Resolved file path is "C:\Program Files\dotnet\packs\Microsoft.NETCore.App.Ref\9.0.11\ref\net9.0\System.Net.WebHeaderCollection.dll".
             Reference found at search path location "{RawFileName}".
             This reference is not "CopyLocal" because at least one source item had "Private" set to "false" and no source items had "Private" set to "true".
         Primary reference "System.Net.WebProxy, Version=9.0.0.0, Culture=neutral, PublicKeyToken=cc7b13ffcd2ddd51".
             Resolved file path is "C:\Program Files\dotnet\packs\Microsoft.NETCore.App.Ref\9.0.11\ref\net9.0\System.Net.WebProxy.dll".
             Reference found at search path location "{RawFileName}".
             This reference is not "CopyLocal" because at least one source item had "Private" set to "false" and no source items had "Private" set to "true".
         Primary reference "System.Net.WebSockets.Client, Version=9.0.0.0, Culture=neutral, PublicKeyToken=b03f5f7f11d50a3a".
             Resolved file path is "C:\Program Files\dotnet\packs\Microsoft.NETCore.App.Ref\9.0.11\ref\net9.0\System.Net.WebSockets.Client.dll".
             Reference found at search path location "{RawFileName}".
             This reference is not "CopyLocal" because at least one source item had "Private" set to "false" and no source items had "Private" set to "true".
         Primary reference "System.Net.WebSockets, Version=9.0.0.0, Culture=neutral, PublicKeyToken=b03f5f7f11d50a3a".
             Resolved file path is "C:\Program Files\dotnet\packs\Microsoft.NETCore.App.Ref\9.0.11\ref\net9.0\System.Net.WebSockets.dll".
             Reference found at search path location "{RawFileName}".
             This reference is not "CopyLocal" because at least one source item had "Private" set to "false" and no source items had "Private" set to "true".
         Primary reference "System.Net, Version=4.0.0.0, Culture=neutral, PublicKeyToken=b03f5f7f11d50a3a".
             Resolved file path is "C:\Program Files\dotnet\packs\Microsoft.NETCore.App.Ref\9.0.11\ref\net9.0\System.Net.dll".
             Reference found at search path location "{RawFileName}".
             This reference is not "CopyLocal" because at least one source item had "Private" set to "false" and no source items had "Private" set to "true".
         Primary reference "System.Numerics.Vectors, Version=9.0.0.0, Culture=neutral, PublicKeyToken=b03f5f7f11d50a3a".
             Resolved file path is "C:\Program Files\dotnet\packs\Microsoft.NETCore.App.Ref\9.0.11\ref\net9.0\System.Numerics.Vectors.dll".
             Reference found at search path location "{RawFileName}".
             This reference is not "CopyLocal" because at least one source item had "Private" set to "false" and no source items had "Private" set to "true".
         Primary reference "System.Numerics, Version=4.0.0.0, Culture=neutral, PublicKeyToken=b77a5c561934e089".
             Resolved file path is "C:\Program Files\dotnet\packs\Microsoft.NETCore.App.Ref\9.0.11\ref\net9.0\System.Numerics.dll".
             Reference found at search path location "{RawFileName}".
             This reference is not "CopyLocal" because at least one source item had "Private" set to "false" and no source items had "Private" set to "true".
         Primary reference "System.ObjectModel, Version=9.0.0.0, Culture=neutral, PublicKeyToken=b03f5f7f11d50a3a".
             Resolved file path is "C:\Program Files\dotnet\packs\Microsoft.NETCore.App.Ref\9.0.11\ref\net9.0\System.ObjectModel.dll".
             Reference found at search path location "{RawFileName}".
             This reference is not "CopyLocal" because at least one source item had "Private" set to "false" and no source items had "Private" set to "true".
         Primary reference "System.Reflection.DispatchProxy, Version=9.0.0.0, Culture=neutral, PublicKeyToken=b03f5f7f11d50a3a".
             Resolved file path is "C:\Program Files\dotnet\packs\Microsoft.NETCore.App.Ref\9.0.11\ref\net9.0\System.Reflection.DispatchProxy.dll".
             Reference found at search path location "{RawFileName}".
             This reference is not "CopyLocal" because at least one source item had "Private" set to "false" and no source items had "Private" set to "true".
         Primary reference "System.Reflection.Emit.ILGeneration, Version=9.0.0.0, Culture=neutral, PublicKeyToken=b03f5f7f11d50a3a".
             Resolved file path is "C:\Program Files\dotnet\packs\Microsoft.NETCore.App.Ref\9.0.11\ref\net9.0\System.Reflection.Emit.ILGeneration.dll".
             Reference found at search path location "{RawFileName}".
             This reference is not "CopyLocal" because at least one source item had "Private" set to "false" and no source items had "Private" set to "true".
         Primary reference "System.Reflection.Emit.Lightweight, Version=9.0.0.0, Culture=neutral, PublicKeyToken=b03f5f7f11d50a3a".
             Resolved file path is "C:\Program Files\dotnet\packs\Microsoft.NETCore.App.Ref\9.0.11\ref\net9.0\System.Reflection.Emit.Lightweight.dll".
             Reference found at search path location "{RawFileName}".
             This reference is not "CopyLocal" because at least one source item had "Private" set to "false" and no source items had "Private" set to "true".
         Primary reference "System.Reflection.Emit, Version=9.0.0.0, Culture=neutral, PublicKeyToken=b03f5f7f11d50a3a".
             Resolved file path is "C:\Program Files\dotnet\packs\Microsoft.NETCore.App.Ref\9.0.11\ref\net9.0\System.Reflection.Emit.dll".
             Reference found at search path location "{RawFileName}".
             This reference is not "CopyLocal" because at least one source item had "Private" set to "false" and no source items had "Private" set to "true".
         Primary reference "System.Reflection.Extensions, Version=9.0.0.0, Culture=neutral, PublicKeyToken=b03f5f7f11d50a3a".
             Resolved file path is "C:\Program Files\dotnet\packs\Microsoft.NETCore.App.Ref\9.0.11\ref\net9.0\System.Reflection.Extensions.dll".
             Reference found at search path location "{RawFileName}".
             This reference is not "CopyLocal" because at least one source item had "Private" set to "false" and no source items had "Private" set to "true".
         Primary reference "System.Reflection.Metadata, Version=9.0.0.0, Culture=neutral, PublicKeyToken=b03f5f7f11d50a3a".
             Resolved file path is "C:\Program Files\dotnet\packs\Microsoft.NETCore.App.Ref\9.0.11\ref\net9.0\System.Reflection.Metadata.dll".
             Reference found at search path location "{RawFileName}".
             This reference is not "CopyLocal" because at least one source item had "Private" set to "false" and no source items had "Private" set to "true".
         Primary reference "System.Reflection.Primitives, Version=9.0.0.0, Culture=neutral, PublicKeyToken=b03f5f7f11d50a3a".
             Resolved file path is "C:\Program Files\dotnet\packs\Microsoft.NETCore.App.Ref\9.0.11\ref\net9.0\System.Reflection.Primitives.dll".
             Reference found at search path location "{RawFileName}".
             This reference is not "CopyLocal" because at least one source item had "Private" set to "false" and no source items had "Private" set to "true".
         Primary reference "System.Reflection.TypeExtensions, Version=9.0.0.0, Culture=neutral, PublicKeyToken=b03f5f7f11d50a3a".
             Resolved file path is "C:\Program Files\dotnet\packs\Microsoft.NETCore.App.Ref\9.0.11\ref\net9.0\System.Reflection.TypeExtensions.dll".
             Reference found at search path location "{RawFileName}".
             This reference is not "CopyLocal" because at least one source item had "Private" set to "false" and no source items had "Private" set to "true".
         Primary reference "System.Reflection, Version=9.0.0.0, Culture=neutral, PublicKeyToken=b03f5f7f11d50a3a".
             Resolved file path is "C:\Program Files\dotnet\packs\Microsoft.NETCore.App.Ref\9.0.11\ref\net9.0\System.Reflection.dll".
             Reference found at search path location "{RawFileName}".
             This reference is not "CopyLocal" because at least one source item had "Private" set to "false" and no source items had "Private" set to "true".
         Primary reference "System.Resources.Reader, Version=9.0.0.0, Culture=neutral, PublicKeyToken=b03f5f7f11d50a3a".
             Resolved file path is "C:\Program Files\dotnet\packs\Microsoft.NETCore.App.Ref\9.0.11\ref\net9.0\System.Resources.Reader.dll".
             Reference found at search path location "{RawFileName}".
             This reference is not "CopyLocal" because at least one source item had "Private" set to "false" and no source items had "Private" set to "true".
         Primary reference "System.Resources.ResourceManager, Version=9.0.0.0, Culture=neutral, PublicKeyToken=b03f5f7f11d50a3a".
             Resolved file path is "C:\Program Files\dotnet\packs\Microsoft.NETCore.App.Ref\9.0.11\ref\net9.0\System.Resources.ResourceManager.dll".
             Reference found at search path location "{RawFileName}".
             This reference is not "CopyLocal" because at least one source item had "Private" set to "false" and no source items had "Private" set to "true".
         Primary reference "System.Resources.Writer, Version=9.0.0.0, Culture=neutral, PublicKeyToken=b03f5f7f11d50a3a".
             Resolved file path is "C:\Program Files\dotnet\packs\Microsoft.NETCore.App.Ref\9.0.11\ref\net9.0\System.Resources.Writer.dll".
             Reference found at search path location "{RawFileName}".
             This reference is not "CopyLocal" because at least one source item had "Private" set to "false" and no source items had "Private" set to "true".
         Primary reference "System.Runtime.CompilerServices.Unsafe, Version=9.0.0.0, Culture=neutral, PublicKeyToken=b03f5f7f11d50a3a".
             Resolved file path is "C:\Program Files\dotnet\packs\Microsoft.NETCore.App.Ref\9.0.11\ref\net9.0\System.Runtime.CompilerServices.Unsafe.dll".
             Reference found at search path location "{RawFileName}".
             This reference is not "CopyLocal" because at least one source item had "Private" set to "false" and no source items had "Private" set to "true".
         Primary reference "System.Runtime.CompilerServices.VisualC, Version=9.0.0.0, Culture=neutral, PublicKeyToken=b03f5f7f11d50a3a".
             Resolved file path is "C:\Program Files\dotnet\packs\Microsoft.NETCore.App.Ref\9.0.11\ref\net9.0\System.Runtime.CompilerServices.VisualC.dll".
             Reference found at search path location "{RawFileName}".
             This reference is not "CopyLocal" because at least one source item had "Private" set to "false" and no source items had "Private" set to "true".
         Primary reference "System.Runtime.Extensions, Version=9.0.0.0, Culture=neutral, PublicKeyToken=b03f5f7f11d50a3a".
             Resolved file path is "C:\Program Files\dotnet\packs\Microsoft.NETCore.App.Ref\9.0.11\ref\net9.0\System.Runtime.Extensions.dll".
             Reference found at search path location "{RawFileName}".
             This reference is not "CopyLocal" because at least one source item had "Private" set to "false" and no source items had "Private" set to "true".
         Primary reference "System.Runtime.Handles, Version=9.0.0.0, Culture=neutral, PublicKeyToken=b03f5f7f11d50a3a".
             Resolved file path is "C:\Program Files\dotnet\packs\Microsoft.NETCore.App.Ref\9.0.11\ref\net9.0\System.Runtime.Handles.dll".
             Reference found at search path location "{RawFileName}".
             This reference is not "CopyLocal" because at least one source item had "Private" set to "false" and no source items had "Private" set to "true".
         Primary reference "System.Runtime.InteropServices.JavaScript, Version=9.0.0.0, Culture=neutral, PublicKeyToken=b03f5f7f11d50a3a".
             Resolved file path is "C:\Program Files\dotnet\packs\Microsoft.NETCore.App.Ref\9.0.11\ref\net9.0\System.Runtime.InteropServices.JavaScript.dll".
             Reference found at search path location "{RawFileName}".
             This reference is not "CopyLocal" because at least one source item had "Private" set to "false" and no source items had "Private" set to "true".
         Primary reference "System.Runtime.InteropServices.RuntimeInformation, Version=9.0.0.0, Culture=neutral, PublicKeyToken=b03f5f7f11d50a3a".
             Resolved file path is "C:\Program Files\dotnet\packs\Microsoft.NETCore.App.Ref\9.0.11\ref\net9.0\System.Runtime.InteropServices.RuntimeInformation.dll".
             Reference found at search path location "{RawFileName}".
             This reference is not "CopyLocal" because at least one source item had "Private" set to "false" and no source items had "Private" set to "true".
         Primary reference "System.Runtime.InteropServices, Version=9.0.0.0, Culture=neutral, PublicKeyToken=b03f5f7f11d50a3a".
             Resolved file path is "C:\Program Files\dotnet\packs\Microsoft.NETCore.App.Ref\9.0.11\ref\net9.0\System.Runtime.InteropServices.dll".
             Reference found at search path location "{RawFileName}".
             This reference is not "CopyLocal" because at least one source item had "Private" set to "false" and no source items had "Private" set to "true".
         Primary reference "System.Runtime.Intrinsics, Version=9.0.0.0, Culture=neutral, PublicKeyToken=cc7b13ffcd2ddd51".
             Resolved file path is "C:\Program Files\dotnet\packs\Microsoft.NETCore.App.Ref\9.0.11\ref\net9.0\System.Runtime.Intrinsics.dll".
             Reference found at search path location "{RawFileName}".
             This reference is not "CopyLocal" because at least one source item had "Private" set to "false" and no source items had "Private" set to "true".
         Primary reference "System.Runtime.Loader, Version=9.0.0.0, Culture=neutral, PublicKeyToken=b03f5f7f11d50a3a".
             Resolved file path is "C:\Program Files\dotnet\packs\Microsoft.NETCore.App.Ref\9.0.11\ref\net9.0\System.Runtime.Loader.dll".
             Reference found at search path location "{RawFileName}".
             This reference is not "CopyLocal" because at least one source item had "Private" set to "false" and no source items had "Private" set to "true".
         Primary reference "System.Runtime.Numerics, Version=9.0.0.0, Culture=neutral, PublicKeyToken=b03f5f7f11d50a3a".
             Resolved file path is "C:\Program Files\dotnet\packs\Microsoft.NETCore.App.Ref\9.0.11\ref\net9.0\System.Runtime.Numerics.dll".
             Reference found at search path location "{RawFileName}".
             This reference is not "CopyLocal" because at least one source item had "Private" set to "false" and no source items had "Private" set to "true".
         Primary reference "System.Runtime.Serialization.Formatters, Version=8.1.0.0, Culture=neutral, PublicKeyToken=b03f5f7f11d50a3a".
             Resolved file path is "C:\Program Files\dotnet\packs\Microsoft.NETCore.App.Ref\9.0.11\ref\net9.0\System.Runtime.Serialization.Formatters.dll".
             Reference found at search path location "{RawFileName}".
             This reference is not "CopyLocal" because at least one source item had "Private" set to "false" and no source items had "Private" set to "true".
         Primary reference "System.Runtime.Serialization.Json, Version=9.0.0.0, Culture=neutral, PublicKeyToken=b03f5f7f11d50a3a".
             Resolved file path is "C:\Program Files\dotnet\packs\Microsoft.NETCore.App.Ref\9.0.11\ref\net9.0\System.Runtime.Serialization.Json.dll".
             Reference found at search path location "{RawFileName}".
             This reference is not "CopyLocal" because at least one source item had "Private" set to "false" and no source items had "Private" set to "true".
         Primary reference "System.Runtime.Serialization.Primitives, Version=9.0.0.0, Culture=neutral, PublicKeyToken=b03f5f7f11d50a3a".
             Resolved file path is "C:\Program Files\dotnet\packs\Microsoft.NETCore.App.Ref\9.0.11\ref\net9.0\System.Runtime.Serialization.Primitives.dll".
             Reference found at search path location "{RawFileName}".
             This reference is not "CopyLocal" because at least one source item had "Private" set to "false" and no source items had "Private" set to "true".
         Primary reference "System.Runtime.Serialization.Xml, Version=9.0.0.0, Culture=neutral, PublicKeyToken=b03f5f7f11d50a3a".
             Resolved file path is "C:\Program Files\dotnet\packs\Microsoft.NETCore.App.Ref\9.0.11\ref\net9.0\System.Runtime.Serialization.Xml.dll".
             Reference found at search path location "{RawFileName}".
             This reference is not "CopyLocal" because at least one source item had "Private" set to "false" and no source items had "Private" set to "true".
         Primary reference "System.Runtime.Serialization, Version=4.0.0.0, Culture=neutral, PublicKeyToken=b77a5c561934e089".
             Resolved file path is "C:\Program Files\dotnet\packs\Microsoft.NETCore.App.Ref\9.0.11\ref\net9.0\System.Runtime.Serialization.dll".
             Reference found at search path location "{RawFileName}".
             This reference is not "CopyLocal" because at least one source item had "Private" set to "false" and no source items had "Private" set to "true".
         Primary reference "System.Runtime, Version=9.0.0.0, Culture=neutral, PublicKeyToken=b03f5f7f11d50a3a".
             Resolved file path is "C:\Program Files\dotnet\packs\Microsoft.NETCore.App.Ref\9.0.11\ref\net9.0\System.Runtime.dll".
             Reference found at search path location "{RawFileName}".
             This reference is not "CopyLocal" because at least one source item had "Private" set to "false" and no source items had "Private" set to "true".
         Primary reference "System.Security.AccessControl, Version=9.0.0.0, Culture=neutral, PublicKeyToken=b03f5f7f11d50a3a".
             Resolved file path is "C:\Program Files\dotnet\packs\Microsoft.NETCore.App.Ref\9.0.11\ref\net9.0\System.Security.AccessControl.dll".
             Reference found at search path location "{RawFileName}".
             This reference is not "CopyLocal" because at least one source item had "Private" set to "false" and no source items had "Private" set to "true".
         Primary reference "System.Security.Claims, Version=9.0.0.0, Culture=neutral, PublicKeyToken=b03f5f7f11d50a3a".
             Resolved file path is "C:\Program Files\dotnet\packs\Microsoft.NETCore.App.Ref\9.0.11\ref\net9.0\System.Security.Claims.dll".
             Reference found at search path location "{RawFileName}".
             This reference is not "CopyLocal" because at least one source item had "Private" set to "false" and no source items had "Private" set to "true".
         Primary reference "System.Security.Cryptography.Algorithms, Version=9.0.0.0, Culture=neutral, PublicKeyToken=b03f5f7f11d50a3a".
             Resolved file path is "C:\Program Files\dotnet\packs\Microsoft.NETCore.App.Ref\9.0.11\ref\net9.0\System.Security.Cryptography.Algorithms.dll".
             Reference found at search path location "{RawFileName}".
             This reference is not "CopyLocal" because at least one source item had "Private" set to "false" and no source items had "Private" set to "true".
         Primary reference "System.Security.Cryptography.Cng, Version=9.0.0.0, Culture=neutral, PublicKeyToken=b03f5f7f11d50a3a".
             Resolved file path is "C:\Program Files\dotnet\packs\Microsoft.NETCore.App.Ref\9.0.11\ref\net9.0\System.Security.Cryptography.Cng.dll".
             Reference found at search path location "{RawFileName}".
             This reference is not "CopyLocal" because at least one source item had "Private" set to "false" and no source items had "Private" set to "true".
         Primary reference "System.Security.Cryptography.Csp, Version=9.0.0.0, Culture=neutral, PublicKeyToken=b03f5f7f11d50a3a".
             Resolved file path is "C:\Program Files\dotnet\packs\Microsoft.NETCore.App.Ref\9.0.11\ref\net9.0\System.Security.Cryptography.Csp.dll".
             Reference found at search path location "{RawFileName}".
             This reference is not "CopyLocal" because at least one source item had "Private" set to "false" and no source items had "Private" set to "true".
         Primary reference "System.Security.Cryptography.Encoding, Version=9.0.0.0, Culture=neutral, PublicKeyToken=b03f5f7f11d50a3a".
             Resolved file path is "C:\Program Files\dotnet\packs\Microsoft.NETCore.App.Ref\9.0.11\ref\net9.0\System.Security.Cryptography.Encoding.dll".
             Reference found at search path location "{RawFileName}".
             This reference is not "CopyLocal" because at least one source item had "Private" set to "false" and no source items had "Private" set to "true".
         Primary reference "System.Security.Cryptography.OpenSsl, Version=9.0.0.0, Culture=neutral, PublicKeyToken=b03f5f7f11d50a3a".
             Resolved file path is "C:\Program Files\dotnet\packs\Microsoft.NETCore.App.Ref\9.0.11\ref\net9.0\System.Security.Cryptography.OpenSsl.dll".
             Reference found at search path location "{RawFileName}".
             This reference is not "CopyLocal" because at least one source item had "Private" set to "false" and no source items had "Private" set to "true".
         Primary reference "System.Security.Cryptography.Primitives, Version=9.0.0.0, Culture=neutral, PublicKeyToken=b03f5f7f11d50a3a".
             Resolved file path is "C:\Program Files\dotnet\packs\Microsoft.NETCore.App.Ref\9.0.11\ref\net9.0\System.Security.Cryptography.Primitives.dll".
             Reference found at search path location "{RawFileName}".
             This reference is not "CopyLocal" because at least one source item had "Private" set to "false" and no source items had "Private" set to "true".
         Primary reference "System.Security.Cryptography.X509Certificates, Version=9.0.0.0, Culture=neutral, PublicKeyToken=b03f5f7f11d50a3a".
             Resolved file path is "C:\Program Files\dotnet\packs\Microsoft.NETCore.App.Ref\9.0.11\ref\net9.0\System.Security.Cryptography.X509Certificates.dll".
             Reference found at search path location "{RawFileName}".
             This reference is not "CopyLocal" because at least one source item had "Private" set to "false" and no source items had "Private" set to "true".
         Primary reference "System.Security.Cryptography, Version=9.0.0.0, Culture=neutral, PublicKeyToken=b03f5f7f11d50a3a".
             Resolved file path is "C:\Program Files\dotnet\packs\Microsoft.NETCore.App.Ref\9.0.11\ref\net9.0\System.Security.Cryptography.dll".
             Reference found at search path location "{RawFileName}".
             This reference is not "CopyLocal" because at least one source item had "Private" set to "false" and no source items had "Private" set to "true".
         Primary reference "System.Security.Principal.Windows, Version=9.0.0.0, Culture=neutral, PublicKeyToken=b03f5f7f11d50a3a".
             Resolved file path is "C:\Program Files\dotnet\packs\Microsoft.NETCore.App.Ref\9.0.11\ref\net9.0\System.Security.Principal.Windows.dll".
             Reference found at search path location "{RawFileName}".
             This reference is not "CopyLocal" because at least one source item had "Private" set to "false" and no source items had "Private" set to "true".
         Primary reference "System.Security.Principal, Version=9.0.0.0, Culture=neutral, PublicKeyToken=b03f5f7f11d50a3a".
             Resolved file path is "C:\Program Files\dotnet\packs\Microsoft.NETCore.App.Ref\9.0.11\ref\net9.0\System.Security.Principal.dll".
             Reference found at search path location "{RawFileName}".
             This reference is not "CopyLocal" because at least one source item had "Private" set to "false" and no source items had "Private" set to "true".
         Primary reference "System.Security.SecureString, Version=9.0.0.0, Culture=neutral, PublicKeyToken=b03f5f7f11d50a3a".
             Resolved file path is "C:\Program Files\dotnet\packs\Microsoft.NETCore.App.Ref\9.0.11\ref\net9.0\System.Security.SecureString.dll".
             Reference found at search path location "{RawFileName}".
             This reference is not "CopyLocal" because at least one source item had "Private" set to "false" and no source items had "Private" set to "true".
         Primary reference "System.Security, Version=4.0.0.0, Culture=neutral, PublicKeyToken=b03f5f7f11d50a3a".
             Resolved file path is "C:\Program Files\dotnet\packs\Microsoft.NETCore.App.Ref\9.0.11\ref\net9.0\System.Security.dll".
             Reference found at search path location "{RawFileName}".
             This reference is not "CopyLocal" because at least one source item had "Private" set to "false" and no source items had "Private" set to "true".
         Primary reference "System.ServiceModel.Web, Version=4.0.0.0, Culture=neutral, PublicKeyToken=31bf3856ad364e35".
             Resolved file path is "C:\Program Files\dotnet\packs\Microsoft.NETCore.App.Ref\9.0.11\ref\net9.0\System.ServiceModel.Web.dll".
             Reference found at search path location "{RawFileName}".
             This reference is not "CopyLocal" because at least one source item had "Private" set to "false" and no source items had "Private" set to "true".
         Primary reference "System.ServiceProcess, Version=4.0.0.0, Culture=neutral, PublicKeyToken=b03f5f7f11d50a3a".
             Resolved file path is "C:\Program Files\dotnet\packs\Microsoft.NETCore.App.Ref\9.0.11\ref\net9.0\System.ServiceProcess.dll".
             Reference found at search path location "{RawFileName}".
             This reference is not "CopyLocal" because at least one source item had "Private" set to "false" and no source items had "Private" set to "true".
         Primary reference "System.Text.Encoding.CodePages, Version=9.0.0.0, Culture=neutral, PublicKeyToken=b03f5f7f11d50a3a".
             Resolved file path is "C:\Program Files\dotnet\packs\Microsoft.NETCore.App.Ref\9.0.11\ref\net9.0\System.Text.Encoding.CodePages.dll".
             Reference found at search path location "{RawFileName}".
             This reference is not "CopyLocal" because at least one source item had "Private" set to "false" and no source items had "Private" set to "true".
         Primary reference "System.Text.Encoding.Extensions, Version=9.0.0.0, Culture=neutral, PublicKeyToken=b03f5f7f11d50a3a".
             Resolved file path is "C:\Program Files\dotnet\packs\Microsoft.NETCore.App.Ref\9.0.11\ref\net9.0\System.Text.Encoding.Extensions.dll".
             Reference found at search path location "{RawFileName}".
             This reference is not "CopyLocal" because at least one source item had "Private" set to "false" and no source items had "Private" set to "true".
         Primary reference "System.Text.Encoding, Version=9.0.0.0, Culture=neutral, PublicKeyToken=b03f5f7f11d50a3a".
             Resolved file path is "C:\Program Files\dotnet\packs\Microsoft.NETCore.App.Ref\9.0.11\ref\net9.0\System.Text.Encoding.dll".
             Reference found at search path location "{RawFileName}".
             This reference is not "CopyLocal" because at least one source item had "Private" set to "false" and no source items had "Private" set to "true".
         Primary reference "System.Text.Encodings.Web, Version=9.0.0.0, Culture=neutral, PublicKeyToken=cc7b13ffcd2ddd51".
             Resolved file path is "C:\Program Files\dotnet\packs\Microsoft.NETCore.App.Ref\9.0.11\ref\net9.0\System.Text.Encodings.Web.dll".
             Reference found at search path location "{RawFileName}".
             This reference is not "CopyLocal" because at least one source item had "Private" set to "false" and no source items had "Private" set to "true".
         Primary reference "System.Text.Json, Version=9.0.0.0, Culture=neutral, PublicKeyToken=cc7b13ffcd2ddd51".
             Resolved file path is "C:\Program Files\dotnet\packs\Microsoft.NETCore.App.Ref\9.0.11\ref\net9.0\System.Text.Json.dll".
             Reference found at search path location "{RawFileName}".
             This reference is not "CopyLocal" because at least one source item had "Private" set to "false" and no source items had "Private" set to "true".
         Primary reference "System.Text.RegularExpressions, Version=9.0.0.0, Culture=neutral, PublicKeyToken=b03f5f7f11d50a3a".
             Resolved file path is "C:\Program Files\dotnet\packs\Microsoft.NETCore.App.Ref\9.0.11\ref\net9.0\System.Text.RegularExpressions.dll".
             Reference found at search path location "{RawFileName}".
             This reference is not "CopyLocal" because at least one source item had "Private" set to "false" and no source items had "Private" set to "true".
         Primary reference "System.Threading.Channels, Version=9.0.0.0, Culture=neutral, PublicKeyToken=cc7b13ffcd2ddd51".
             Resolved file path is "C:\Program Files\dotnet\packs\Microsoft.NETCore.App.Ref\9.0.11\ref\net9.0\System.Threading.Channels.dll".
             Reference found at search path location "{RawFileName}".
             This reference is not "CopyLocal" because at least one source item had "Private" set to "false" and no source items had "Private" set to "true".
         Primary reference "System.Threading.Overlapped, Version=9.0.0.0, Culture=neutral, PublicKeyToken=b03f5f7f11d50a3a".
             Resolved file path is "C:\Program Files\dotnet\packs\Microsoft.NETCore.App.Ref\9.0.11\ref\net9.0\System.Threading.Overlapped.dll".
             Reference found at search path location "{RawFileName}".
             This reference is not "CopyLocal" because at least one source item had "Private" set to "false" and no source items had "Private" set to "true".
         Primary reference "System.Threading.Tasks.Dataflow, Version=9.0.0.0, Culture=neutral, PublicKeyToken=b03f5f7f11d50a3a".
             Resolved file path is "C:\Program Files\dotnet\packs\Microsoft.NETCore.App.Ref\9.0.11\ref\net9.0\System.Threading.Tasks.Dataflow.dll".
             Reference found at search path location "{RawFileName}".
             This reference is not "CopyLocal" because at least one source item had "Private" set to "false" and no source items had "Private" set to "true".
         Primary reference "System.Threading.Tasks.Extensions, Version=9.0.0.0, Culture=neutral, PublicKeyToken=cc7b13ffcd2ddd51".
             Resolved file path is "C:\Program Files\dotnet\packs\Microsoft.NETCore.App.Ref\9.0.11\ref\net9.0\System.Threading.Tasks.Extensions.dll".
             Reference found at search path location "{RawFileName}".
             This reference is not "CopyLocal" because at least one source item had "Private" set to "false" and no source items had "Private" set to "true".
         Primary reference "System.Threading.Tasks.Parallel, Version=9.0.0.0, Culture=neutral, PublicKeyToken=b03f5f7f11d50a3a".
             Resolved file path is "C:\Program Files\dotnet\packs\Microsoft.NETCore.App.Ref\9.0.11\ref\net9.0\System.Threading.Tasks.Parallel.dll".
             Reference found at search path location "{RawFileName}".
             This reference is not "CopyLocal" because at least one source item had "Private" set to "false" and no source items had "Private" set to "true".
         Primary reference "System.Threading.Tasks, Version=9.0.0.0, Culture=neutral, PublicKeyToken=b03f5f7f11d50a3a".
             Resolved file path is "C:\Program Files\dotnet\packs\Microsoft.NETCore.App.Ref\9.0.11\ref\net9.0\System.Threading.Tasks.dll".
             Reference found at search path location "{RawFileName}".
             This reference is not "CopyLocal" because at least one source item had "Private" set to "false" and no source items had "Private" set to "true".
         Primary reference "System.Threading.Thread, Version=9.0.0.0, Culture=neutral, PublicKeyToken=b03f5f7f11d50a3a".
             Resolved file path is "C:\Program Files\dotnet\packs\Microsoft.NETCore.App.Ref\9.0.11\ref\net9.0\System.Threading.Thread.dll".
             Reference found at search path location "{RawFileName}".
             This reference is not "CopyLocal" because at least one source item had "Private" set to "false" and no source items had "Private" set to "true".
         Primary reference "System.Threading.ThreadPool, Version=9.0.0.0, Culture=neutral, PublicKeyToken=b03f5f7f11d50a3a".
             Resolved file path is "C:\Program Files\dotnet\packs\Microsoft.NETCore.App.Ref\9.0.11\ref\net9.0\System.Threading.ThreadPool.dll".
             Reference found at search path location "{RawFileName}".
             This reference is not "CopyLocal" because at least one source item had "Private" set to "false" and no source items had "Private" set to "true".
         Primary reference "System.Threading.Timer, Version=9.0.0.0, Culture=neutral, PublicKeyToken=b03f5f7f11d50a3a".
             Resolved file path is "C:\Program Files\dotnet\packs\Microsoft.NETCore.App.Ref\9.0.11\ref\net9.0\System.Threading.Timer.dll".
             Reference found at search path location "{RawFileName}".
             This reference is not "CopyLocal" because at least one source item had "Private" set to "false" and no source items had "Private" set to "true".
         Primary reference "System.Threading, Version=9.0.0.0, Culture=neutral, PublicKeyToken=b03f5f7f11d50a3a".
             Resolved file path is "C:\Program Files\dotnet\packs\Microsoft.NETCore.App.Ref\9.0.11\ref\net9.0\System.Threading.dll".
             Reference found at search path location "{RawFileName}".
             This reference is not "CopyLocal" because at least one source item had "Private" set to "false" and no source items had "Private" set to "true".
         Primary reference "System.Transactions.Local, Version=9.0.0.0, Culture=neutral, PublicKeyToken=cc7b13ffcd2ddd51".
             Resolved file path is "C:\Program Files\dotnet\packs\Microsoft.NETCore.App.Ref\9.0.11\ref\net9.0\System.Transactions.Local.dll".
             Reference found at search path location "{RawFileName}".
             This reference is not "CopyLocal" because at least one source item had "Private" set to "false" and no source items had "Private" set to "true".
         Primary reference "System.Transactions, Version=4.0.0.0, Culture=neutral, PublicKeyToken=b77a5c561934e089".
             Resolved file path is "C:\Program Files\dotnet\packs\Microsoft.NETCore.App.Ref\9.0.11\ref\net9.0\System.Transactions.dll".
             Reference found at search path location "{RawFileName}".
             This reference is not "CopyLocal" because at least one source item had "Private" set to "false" and no source items had "Private" set to "true".
         Primary reference "System.ValueTuple, Version=9.0.0.0, Culture=neutral, PublicKeyToken=cc7b13ffcd2ddd51".
             Resolved file path is "C:\Program Files\dotnet\packs\Microsoft.NETCore.App.Ref\9.0.11\ref\net9.0\System.ValueTuple.dll".
             Reference found at search path location "{RawFileName}".
             This reference is not "CopyLocal" because at least one source item had "Private" set to "false" and no source items had "Private" set to "true".
         Primary reference "System.Web.HttpUtility, Version=9.0.0.0, Culture=neutral, PublicKeyToken=cc7b13ffcd2ddd51".
             Resolved file path is "C:\Program Files\dotnet\packs\Microsoft.NETCore.App.Ref\9.0.11\ref\net9.0\System.Web.HttpUtility.dll".
             Reference found at search path location "{RawFileName}".
             This reference is not "CopyLocal" because at least one source item had "Private" set to "false" and no source items had "Private" set to "true".
         Primary reference "System.Web, Version=4.0.0.0, Culture=neutral, PublicKeyToken=b03f5f7f11d50a3a".
             Resolved file path is "C:\Program Files\dotnet\packs\Microsoft.NETCore.App.Ref\9.0.11\ref\net9.0\System.Web.dll".
             Reference found at search path location "{RawFileName}".
             This reference is not "CopyLocal" because at least one source item had "Private" set to "false" and no source items had "Private" set to "true".
         Primary reference "System.Windows, Version=4.0.0.0, Culture=neutral, PublicKeyToken=b03f5f7f11d50a3a".
             Resolved file path is "C:\Program Files\dotnet\packs\Microsoft.NETCore.App.Ref\9.0.11\ref\net9.0\System.Windows.dll".
             Reference found at search path location "{RawFileName}".
             This reference is not "CopyLocal" because at least one source item had "Private" set to "false" and no source items had "Private" set to "true".
         Primary reference "System.Xml.Linq, Version=4.0.0.0, Culture=neutral, PublicKeyToken=b77a5c561934e089".
             Resolved file path is "C:\Program Files\dotnet\packs\Microsoft.NETCore.App.Ref\9.0.11\ref\net9.0\System.Xml.Linq.dll".
             Reference found at search path location "{RawFileName}".
             This reference is not "CopyLocal" because at least one source item had "Private" set to "false" and no source items had "Private" set to "true".
         Primary reference "System.Xml.ReaderWriter, Version=9.0.0.0, Culture=neutral, PublicKeyToken=b03f5f7f11d50a3a".
             Resolved file path is "C:\Program Files\dotnet\packs\Microsoft.NETCore.App.Ref\9.0.11\ref\net9.0\System.Xml.ReaderWriter.dll".
             Reference found at search path location "{RawFileName}".
             This reference is not "CopyLocal" because at least one source item had "Private" set to "false" and no source items had "Private" set to "true".
         Primary reference "System.Xml.Serialization, Version=4.0.0.0, Culture=neutral, PublicKeyToken=b77a5c561934e089".
             Resolved file path is "C:\Program Files\dotnet\packs\Microsoft.NETCore.App.Ref\9.0.11\ref\net9.0\System.Xml.Serialization.dll".
             Reference found at search path location "{RawFileName}".
             This reference is not "CopyLocal" because at least one source item had "Private" set to "false" and no source items had "Private" set to "true".
         Primary reference "System.Xml.XDocument, Version=9.0.0.0, Culture=neutral, PublicKeyToken=b03f5f7f11d50a3a".
             Resolved file path is "C:\Program Files\dotnet\packs\Microsoft.NETCore.App.Ref\9.0.11\ref\net9.0\System.Xml.XDocument.dll".
             Reference found at search path location "{RawFileName}".
             This reference is not "CopyLocal" because at least one source item had "Private" set to "false" and no source items had "Private" set to "true".
         Primary reference "System.Xml.XPath.XDocument, Version=9.0.0.0, Culture=neutral, PublicKeyToken=b03f5f7f11d50a3a".
             Resolved file path is "C:\Program Files\dotnet\packs\Microsoft.NETCore.App.Ref\9.0.11\ref\net9.0\System.Xml.XPath.XDocument.dll".
             Reference found at search path location "{RawFileName}".
             This reference is not "CopyLocal" because at least one source item had "Private" set to "false" and no source items had "Private" set to "true".
         Primary reference "System.Xml.XPath, Version=9.0.0.0, Culture=neutral, PublicKeyToken=b03f5f7f11d50a3a".
             Resolved file path is "C:\Program Files\dotnet\packs\Microsoft.NETCore.App.Ref\9.0.11\ref\net9.0\System.Xml.XPath.dll".
             Reference found at search path location "{RawFileName}".
             This reference is not "CopyLocal" because at least one source item had "Private" set to "false" and no source items had "Private" set to "true".
         Primary reference "System.Xml.XmlDocument, Version=9.0.0.0, Culture=neutral, PublicKeyToken=b03f5f7f11d50a3a".
             Resolved file path is "C:\Program Files\dotnet\packs\Microsoft.NETCore.App.Ref\9.0.11\ref\net9.0\System.Xml.XmlDocument.dll".
             Reference found at search path location "{RawFileName}".
             This reference is not "CopyLocal" because at least one source item had "Private" set to "false" and no source items had "Private" set to "true".
         Primary reference "System.Xml.XmlSerializer, Version=9.0.0.0, Culture=neutral, PublicKeyToken=b03f5f7f11d50a3a".
             Resolved file path is "C:\Program Files\dotnet\packs\Microsoft.NETCore.App.Ref\9.0.11\ref\net9.0\System.Xml.XmlSerializer.dll".
             Reference found at search path location "{RawFileName}".
             This reference is not "CopyLocal" because at least one source item had "Private" set to "false" and no source items had "Private" set to "true".
         Primary reference "System.Xml, Version=4.0.0.0, Culture=neutral, PublicKeyToken=b77a5c561934e089".
             Resolved file path is "C:\Program Files\dotnet\packs\Microsoft.NETCore.App.Ref\9.0.11\ref\net9.0\System.Xml.dll".
             Reference found at search path location "{RawFileName}".
             This reference is not "CopyLocal" because at least one source item had "Private" set to "false" and no source items had "Private" set to "true".
         Primary reference "System, Version=4.0.0.0, Culture=neutral, PublicKeyToken=b77a5c561934e089".
             Resolved file path is "C:\Program Files\dotnet\packs\Microsoft.NETCore.App.Ref\9.0.11\ref\net9.0\System.dll".
             Reference found at search path location "{RawFileName}".
             This reference is not "CopyLocal" because at least one source item had "Private" set to "false" and no source items had "Private" set to "true".
         Primary reference "WindowsBase, Version=4.0.0.0, Culture=neutral, PublicKeyToken=31bf3856ad364e35".
             Resolved file path is "C:\Program Files\dotnet\packs\Microsoft.NETCore.App.Ref\9.0.11\ref\net9.0\WindowsBase.dll".
             Reference found at search path location "{RawFileName}".
             This reference is not "CopyLocal" because at least one source item had "Private" set to "false" and no source items had "Private" set to "true".
         Primary reference "mscorlib, Version=4.0.0.0, Culture=neutral, PublicKeyToken=b77a5c561934e089".
             Resolved file path is "C:\Program Files\dotnet\packs\Microsoft.NETCore.App.Ref\9.0.11\ref\net9.0\mscorlib.dll".
             Reference found at search path location "{RawFileName}".
             This reference is not "CopyLocal" because at least one source item had "Private" set to "false" and no source items had "Private" set to "true".
         Primary reference "netstandard, Version=2.1.0.0, Culture=neutral, PublicKeyToken=cc7b13ffcd2ddd51".
             Resolved file path is "C:\Program Files\dotnet\packs\Microsoft.NETCore.App.Ref\9.0.11\ref\net9.0\netstandard.dll".
             Reference found at search path location "{RawFileName}".
             This reference is not "CopyLocal" because at least one source item had "Private" set to "false" and no source items had "Private" set to "true".
       Done executing task "ResolveAssemblyReference".
   4:6>Done building target "ResolveAssemblyReferences" in project "FreshProduce.Infrastructure.csproj".
   4:6>Target "AfterResolveReferences" in file "C:\Program Files\dotnet\sdk\10.0.101\Microsoft.Common.CurrentVersion.targets" from project "D:\P.L\Flutter\fresh_produce_app\FreshProduce.Infrastructure\FreshProduce.Infrastructure.csproj" (target "ResolveReferences" depends on it):
   4:6>Done building target "AfterResolveReferences" in project "FreshProduce.Infrastructure.csproj".
   4:6>Target "ResolveReferences" in file "C:\Program Files\dotnet\sdk\10.0.101\Microsoft.Common.CurrentVersion.targets" from project "D:\P.L\Flutter\fresh_produce_app\FreshProduce.Infrastructure\FreshProduce.Infrastructure.csproj" (target "_BlockWinMDsOnUnsupportedTFMs" depends on it):
   4:6>Done building target "ResolveReferences" in project "FreshProduce.Infrastructure.csproj".
   4:6>Target "_BlockWinMDsOnUnsupportedTFMs" in file "C:\Program Files\dotnet\sdk\10.0.101\Sdks\Microsoft.NET.Sdk\targets\Microsoft.NET.Sdk.targets" from project "D:\P.L\Flutter\fresh_produce_app\FreshProduce.Infrastructure\FreshProduce.Infrastructure.csproj" (target "CoreBuild" depends on it):
       Using "CheckForUnsupportedWinMDReferences" task from assembly "C:\Program Files\dotnet\sdk\10.0.101\Sdks\Microsoft.NET.Sdk\targets\..\tools\net10.0\Microsoft.NET.Build.Tasks.dll".
       Task "CheckForUnsupportedWinMDReferences"
       Done executing task "CheckForUnsupportedWinMDReferences".
   4:6>Done building target "_BlockWinMDsOnUnsupportedTFMs" in project "FreshProduce.Infrastructure.csproj".
       Target "ResolveReferences" skipped. Previously built successfully.
       Target "ResolvePackageDependenciesForBuild" skipped. Previously built successfully.
       Target "_HandlePackageFileConflicts" skipped. Previously built successfully.
   4:6>Target "CopyAdditionalFiles" in file "C:\Program Files\dotnet\sdk\10.0.101\Roslyn\Microsoft.Managed.Core.targets" from project "D:\P.L\Flutter\fresh_produce_app\FreshProduce.Infrastructure\FreshProduce.Infrastructure.csproj" (target "AssignTargetPaths" depends on it):
   4:6>Done building target "CopyAdditionalFiles" in project "FreshProduce.Infrastructure.csproj".
   4:6>Target "_ComputeNETCoreBuildOutputFiles" in file "C:\Program Files\dotnet\sdk\10.0.101\Sdks\Microsoft.NET.Sdk\targets\Microsoft.NET.Sdk.targets" from project "D:\P.L\Flutter\fresh_produce_app\FreshProduce.Infrastructure\FreshProduce.Infrastructure.csproj" (target "AssignTargetPaths" depends on it):
   4:6>Done building target "_ComputeNETCoreBuildOutputFiles" in project "FreshProduce.Infrastructure.csproj".
   4:6>Target "AssignTargetPaths" in file "C:\Program Files\dotnet\sdk\10.0.101\Microsoft.Common.CurrentVersion.targets" from project "D:\P.L\Flutter\fresh_produce_app\FreshProduce.Infrastructure\FreshProduce.Infrastructure.csproj" (target "PrepareResourceNames" depends on it):
       Using "AssignTargetPath" task from assembly "Microsoft.Build.Tasks.Core, Version=15.1.0.0, Culture=neutral, PublicKeyToken=b03f5f7f11d50a3a".
       Task "AssignTargetPath"
       Done executing task "AssignTargetPath".
       Task "AssignTargetPath"
       Done executing task "AssignTargetPath".
       Task "AssignTargetPath"
       Done executing task "AssignTargetPath".
       Task "AssignTargetPath"
       Done executing task "AssignTargetPath".
   4:6>Done building target "AssignTargetPaths" in project "FreshProduce.Infrastructure.csproj".
       Target "AssignTargetPaths" skipped. Previously built successfully.
   4:6>Target "SplitResourcesByCulture" in file "C:\Program Files\dotnet\sdk\10.0.101\Microsoft.Common.CurrentVersion.targets" from project "D:\P.L\Flutter\fresh_produce_app\FreshProduce.Infrastructure\FreshProduce.Infrastructure.csproj" (target "PrepareResourceNames" depends on it):
       Using "AssignCulture" task from assembly "Microsoft.Build.Tasks.Core, Version=15.1.0.0, Culture=neutral, PublicKeyToken=b03f5f7f11d50a3a".
       Task "AssignCulture"
       Done executing task "AssignCulture".
   4:6>Done building target "SplitResourcesByCulture" in project "FreshProduce.Infrastructure.csproj".
   4:6>Target "CreateCustomManifestResourceNames" in file "C:\Program Files\dotnet\sdk\10.0.101\Microsoft.Common.CurrentVersion.targets" from project "D:\P.L\Flutter\fresh_produce_app\FreshProduce.Infrastructure\FreshProduce.Infrastructure.csproj" (target "PrepareResourceNames" depends on it):
   4:6>Done building target "CreateCustomManifestResourceNames" in project "FreshProduce.Infrastructure.csproj".
   4:6>Target "PrepareResourceNames" in file "C:\Program Files\dotnet\sdk\10.0.101\Microsoft.Common.CurrentVersion.targets" from project "D:\P.L\Flutter\fresh_produce_app\FreshProduce.Infrastructure\FreshProduce.Infrastructure.csproj" (target "PrepareResources" depends on it):
   4:6>Done building target "PrepareResourceNames" in project "FreshProduce.Infrastructure.csproj".
       Target "ResolveAssemblyReferences" skipped. Previously built successfully.
       Target "SplitResourcesByCulture" skipped. Previously built successfully.
   4:6>Target "BeforeResGen" in file "C:\Program Files\dotnet\sdk\10.0.101\Microsoft.Common.CurrentVersion.targets" from project "D:\P.L\Flutter\fresh_produce_app\FreshProduce.Infrastructure\FreshProduce.Infrastructure.csproj" (target "ResGen" depends on it):
   4:6>Done building target "BeforeResGen" in project "FreshProduce.Infrastructure.csproj".
       Target "ResolveReferences" skipped. Previously built successfully.
   4:6>Target "FindReferenceAssembliesForReferences" in file "C:\Program Files\dotnet\sdk\10.0.101\Microsoft.Common.CurrentVersion.targets" from project "D:\P.L\Flutter\fresh_produce_app\FreshProduce.Infrastructure\FreshProduce.Infrastructure.csproj" (target "CoreResGen" depends on it):
   4:6>Done building target "FindReferenceAssembliesForReferences" in project "FreshProduce.Infrastructure.csproj".
   4:6>Target "CoreResGen" in file "C:\Program Files\dotnet\sdk\10.0.101\Microsoft.Common.CurrentVersion.targets" from project "D:\P.L\Flutter\fresh_produce_app\FreshProduce.Infrastructure\FreshProduce.Infrastructure.csproj" (target "ResGen" depends on it):
   4:6>Done building target "CoreResGen" in project "FreshProduce.Infrastructure.csproj".
   4:6>Target "AfterResGen" in file "C:\Program Files\dotnet\sdk\10.0.101\Microsoft.Common.CurrentVersion.targets" from project "D:\P.L\Flutter\fresh_produce_app\FreshProduce.Infrastructure\FreshProduce.Infrastructure.csproj" (target "ResGen" depends on it):
   4:6>Done building target "AfterResGen" in project "FreshProduce.Infrastructure.csproj".
   4:6>Target "ResGen" in file "C:\Program Files\dotnet\sdk\10.0.101\Microsoft.Common.CurrentVersion.targets" from project "D:\P.L\Flutter\fresh_produce_app\FreshProduce.Infrastructure\FreshProduce.Infrastructure.csproj" (target "PrepareResources" depends on it):
   4:6>Done building target "ResGen" in project "FreshProduce.Infrastructure.csproj".
   4:6>Target "PrepareResources" in file "C:\Program Files\dotnet\sdk\10.0.101\Microsoft.Common.CurrentVersion.targets" from project "D:\P.L\Flutter\fresh_produce_app\FreshProduce.Infrastructure\FreshProduce.Infrastructure.csproj" (target "CoreBuild" depends on it):
   4:6>Done building target "PrepareResources" in project "FreshProduce.Infrastructure.csproj".
       Target "ResolveReferences" skipped. Previously built successfully.
   4:6>Target "_SetEmbeddedWin32ManifestProperties" in file "C:\Program Files\dotnet\sdk\10.0.101\Microsoft.Common.CurrentVersion.targets" from project "D:\P.L\Flutter\fresh_produce_app\FreshProduce.Infrastructure\FreshProduce.Infrastructure.csproj" (target "SetWin32ManifestProperties" depends on it):
       Using "GetFrameworkPath" task from assembly "Microsoft.Build.Tasks.Core, Version=15.1.0.0, Culture=neutral, PublicKeyToken=b03f5f7f11d50a3a".
       Task "GetFrameworkPath"
       Done executing task "GetFrameworkPath".
   4:6>Done building target "_SetEmbeddedWin32ManifestProperties" in project "FreshProduce.Infrastructure.csproj".
   4:6>Target "SetWin32ManifestProperties" in file "C:\Program Files\dotnet\sdk\10.0.101\Microsoft.Common.CurrentVersion.targets" from project "D:\P.L\Flutter\fresh_produce_app\FreshProduce.Infrastructure\FreshProduce.Infrastructure.csproj" (target "Compile" depends on it):
   4:6>Done building target "SetWin32ManifestProperties" in project "FreshProduce.Infrastructure.csproj".
       Target "FindReferenceAssembliesForReferences" skipped. Previously built successfully.
   4:6>Target "_GenerateCompileInputs" in file "C:\Program Files\dotnet\sdk\10.0.101\Microsoft.Common.CurrentVersion.targets" from project "D:\P.L\Flutter\fresh_produce_app\FreshProduce.Infrastructure\FreshProduce.Infrastructure.csproj" (target "Compile" depends on it):
   4:6>Done building target "_GenerateCompileInputs" in project "FreshProduce.Infrastructure.csproj".
       Target "PrepareForBuild" skipped. Previously built successfully.
   4:6>Target "GenerateMSBuildEditorConfigFileShouldRun" in file "C:\Program Files\dotnet\sdk\10.0.101\Roslyn\Microsoft.Managed.Core.targets" from project "D:\P.L\Flutter\fresh_produce_app\FreshProduce.Infrastructure\FreshProduce.Infrastructure.csproj" (target "GenerateMSBuildEditorConfigFile" depends on it):
   4:6>Done building target "GenerateMSBuildEditorConfigFileShouldRun" in project "FreshProduce.Infrastructure.csproj".
   4:6>Target "AddGlobalAnalyzerConfigForPackage_MicrosoftCodeAnalysisCSharpCodeStyle" in file "C:\Program Files\dotnet\sdk\10.0.101\Sdks\Microsoft.NET.Sdk\codestyle\cs\build\Microsoft.CodeAnalysis.CSharp.CodeStyle.targets" from project "D:\P.L\Flutter\fresh_produce_app\FreshProduce.Infrastructure\FreshProduce.Infrastructure.csproj" (target "GenerateMSBuildEditorConfigFileCore" depends on it):
   4:6>Done building target "AddGlobalAnalyzerConfigForPackage_MicrosoftCodeAnalysisCSharpCodeStyle" in project "FreshProduce.Infrastructure.csproj".
   4:6>Target "GenerateMSBuildEditorConfigFileCore" in file "C:\Program Files\dotnet\sdk\10.0.101\Roslyn\Microsoft.Managed.Core.targets" from project "D:\P.L\Flutter\fresh_produce_app\FreshProduce.Infrastructure\FreshProduce.Infrastructure.csproj" (target "GenerateMSBuildEditorConfigFile" depends on it):
       Building target "GenerateMSBuildEditorConfigFileCore" completely.
       No input files were specified.
       Using "GenerateMSBuildEditorConfig" task from assembly "C:\Program Files\dotnet\sdk\10.0.101\Sdks\Microsoft.NET.Sdk\targets\..\..\..\Roslyn\Microsoft.Build.Tasks.CodeAnalysis.dll".
       Task "GenerateMSBuildEditorConfig"
       Done executing task "GenerateMSBuildEditorConfig".
   4:6>Done building target "GenerateMSBuildEditorConfigFileCore" in project "FreshProduce.Infrastructure.csproj".
   4:6>Target "GenerateMSBuildEditorConfigFile" in file "C:\Program Files\dotnet\sdk\10.0.101\Roslyn\Microsoft.Managed.Core.targets" from project "D:\P.L\Flutter\fresh_produce_app\FreshProduce.Infrastructure\FreshProduce.Infrastructure.csproj" (target "BeforeCompile" depends on it):
   4:6>Done building target "GenerateMSBuildEditorConfigFile" in project "FreshProduce.Infrastructure.csproj".
       Target "PrepareForBuild" skipped. Previously built successfully.
       Target "GetReferenceAssemblyPaths" skipped. Previously built successfully.
   4:6>Target "_SetTargetFrameworkMonikerAttribute" in file "C:\Program Files\dotnet\sdk\10.0.101\Microsoft.CSharp.CurrentVersion.targets" from project "D:\P.L\Flutter\fresh_produce_app\FreshProduce.Infrastructure\FreshProduce.Infrastructure.csproj" (target "GenerateTargetFrameworkMonikerAttribute" depends on it):
   4:6>Done building target "_SetTargetFrameworkMonikerAttribute" in project "FreshProduce.Infrastructure.csproj".
   4:6>Target "GenerateTargetFrameworkMonikerAttribute" in file "C:\Program Files\dotnet\sdk\10.0.101\Microsoft.Common.CurrentVersion.targets" from project "D:\P.L\Flutter\fresh_produce_app\FreshProduce.Infrastructure\FreshProduce.Infrastructure.csproj" (target "BeforeCompile" depends on it):
       Skipping target "GenerateTargetFrameworkMonikerAttribute" because all output files are up-to-date with respect to the input files.
       Input files: C:\Program Files\dotnet\sdk\10.0.101\Microsoft.Common.targets
       Output files: obj\Debug\net9.0\.NETCoreApp,Version=v9.0.AssemblyAttributes.cs
   4:6>Done building target "GenerateTargetFrameworkMonikerAttribute" in project "FreshProduce.Infrastructure.csproj".
       Target "PrepareForBuild" skipped. Previously built successfully.
   4:6>Target "GetAssemblyVersion" in file "C:\Program Files\dotnet\sdk\10.0.101\Sdks\Microsoft.NET.Sdk\targets\Microsoft.NET.GenerateAssemblyInfo.targets" from project "D:\P.L\Flutter\fresh_produce_app\FreshProduce.Infrastructure\FreshProduce.Infrastructure.csproj" (target "GetAssemblyAttributes" depends on it):
       Using "GetAssemblyVersion" task from assembly "C:\Program Files\dotnet\sdk\10.0.101\Sdks\Microsoft.NET.Sdk\targets\..\tools\net10.0\Microsoft.NET.Build.Tasks.dll".
       Task "GetAssemblyVersion"
       Done executing task "GetAssemblyVersion".
   4:6>Done building target "GetAssemblyVersion" in project "FreshProduce.Infrastructure.csproj".
   4:6>Target "InitializeSourceControlInformationFromSourceControlManager" in file "C:\Program Files\dotnet\sdk\10.0.101\Sdks\Microsoft.Build.Tasks.Git\build\Microsoft.Build.Tasks.Git.targets" from project "D:\P.L\Flutter\fresh_produce_app\FreshProduce.Infrastructure\FreshProduce.Infrastructure.csproj" (target "_InitializeSourceControlInformationFromSourceControlManager" depends on it):
       Using "Microsoft.Build.Tasks.Git.LocateRepository" task from assembly "C:\Program Files\dotnet\sdk\10.0.101\Sdks\Microsoft.Build.Tasks.Git\build\..\tools\net\Microsoft.Build.Tasks.Git.dll".
       Task "Microsoft.Build.Tasks.Git.LocateRepository"
       Done executing task "Microsoft.Build.Tasks.Git.LocateRepository".
   4:6>Done building target "InitializeSourceControlInformationFromSourceControlManager" in project "FreshProduce.Infrastructure.csproj".
   4:6>Target "_SourceLinkHasSingleProvider" in file "C:\Program Files\dotnet\sdk\10.0.101\Sdks\Microsoft.SourceLink.Common\build\InitializeSourceControlInformation.targets" from project "D:\P.L\Flutter\fresh_produce_app\FreshProduce.Infrastructure\FreshProduce.Infrastructure.csproj" (target "_InitializeSourceControlInformationFromSourceControlManager" depends on it):
       Assembly loaded during TaskRun: Microsoft.SourceLink.Common, Version=10.0.13.7005, Culture=neutral, PublicKeyToken=31bf3856ad364e35 (location: C:\Program Files\dotnet\sdk\10.0.101\Sdks\Microsoft.SourceLink.Common\tools\net\Microsoft.SourceLink.Common.dll, MVID: 3cb9be59-45f3-469a-bcf6-c9ffcd17a00c, AssemblyLoadContext: MSBuild plugin C:\Program Files\dotnet\sdk\10.0.101\Sdks\Microsoft.SourceLink.Common\tools\net\Microsoft.SourceLink.Common.dll)
       Using "Microsoft.SourceLink.Common.SourceLinkHasSingleProvider" task from assembly "C:\Program Files\dotnet\sdk\10.0.101\Sdks\Microsoft.SourceLink.Common\build\..\tools\net\Microsoft.SourceLink.Common.dll".
       Task "Microsoft.SourceLink.Common.SourceLinkHasSingleProvider"
       Done executing task "Microsoft.SourceLink.Common.SourceLinkHasSingleProvider".
   4:6>Done building target "_SourceLinkHasSingleProvider" in project "FreshProduce.Infrastructure.csproj".
   4:6>Target "TranslateGitHubUrlsInSourceControlInformation" in file "C:\Program Files\dotnet\sdk\10.0.101\Sdks\Microsoft.SourceLink.GitHub\build\Microsoft.SourceLink.GitHub.targets" from project "D:\P.L\Flutter\fresh_produce_app\FreshProduce.Infrastructure\FreshProduce.Infrastructure.csproj" (target "_InitializeSourceControlInformationFromSourceControlManager" depends on it):
       Assembly loaded during TaskRun: Microsoft.SourceLink.GitHub, Version=10.0.13.7005, Culture=neutral, PublicKeyToken=31bf3856ad364e35 (location: C:\Program Files\dotnet\sdk\10.0.101\Sdks\Microsoft.SourceLink.GitHub\tools\net\Microsoft.SourceLink.GitHub.dll, MVID: 36076676-40e3-4132-a682-ec33e7c38cb5, AssemblyLoadContext: MSBuild plugin C:\Program Files\dotnet\sdk\10.0.101\Sdks\Microsoft.SourceLink.GitHub\tools\net\Microsoft.SourceLink.GitHub.dll)
       Using "Microsoft.SourceLink.GitHub.TranslateRepositoryUrls" task from assembly "C:\Program Files\dotnet\sdk\10.0.101\Sdks\Microsoft.SourceLink.GitHub\build\..\tools\net\Microsoft.SourceLink.GitHub.dll".
       Task "Microsoft.SourceLink.GitHub.TranslateRepositoryUrls"
       Done executing task "Microsoft.SourceLink.GitHub.TranslateRepositoryUrls".
   4:6>Done building target "TranslateGitHubUrlsInSourceControlInformation" in project "FreshProduce.Infrastructure.csproj".
   4:6>Target "TranslateGitLabUrlsInSourceControlInformation" in file "C:\Program Files\dotnet\sdk\10.0.101\Sdks\Microsoft.SourceLink.GitLab\build\Microsoft.SourceLink.GitLab.targets" from project "D:\P.L\Flutter\fresh_produce_app\FreshProduce.Infrastructure\FreshProduce.Infrastructure.csproj" (target "_InitializeSourceControlInformationFromSourceControlManager" depends on it):
       Assembly loaded during TaskRun: Microsoft.SourceLink.GitLab, Version=10.0.13.7005, Culture=neutral, PublicKeyToken=31bf3856ad364e35 (location: C:\Program Files\dotnet\sdk\10.0.101\Sdks\Microsoft.SourceLink.GitLab\tools\net\Microsoft.SourceLink.GitLab.dll, MVID: ecde11a6-fe59-46bf-9fae-7364c94777ba, AssemblyLoadContext: MSBuild plugin C:\Program Files\dotnet\sdk\10.0.101\Sdks\Microsoft.SourceLink.GitLab\tools\net\Microsoft.SourceLink.GitLab.dll)
       Using "Microsoft.SourceLink.GitLab.TranslateRepositoryUrls" task from assembly "C:\Program Files\dotnet\sdk\10.0.101\Sdks\Microsoft.SourceLink.GitLab\build\..\tools\net\Microsoft.SourceLink.GitLab.dll".
       Task "Microsoft.SourceLink.GitLab.TranslateRepositoryUrls"
       Done executing task "Microsoft.SourceLink.GitLab.TranslateRepositoryUrls".
   4:6>Done building target "TranslateGitLabUrlsInSourceControlInformation" in project "FreshProduce.Infrastructure.csproj".
   4:6>Target "TranslateAzureReposGitUrlsInSourceControlInformation" in file "C:\Program Files\dotnet\sdk\10.0.101\Sdks\Microsoft.SourceLink.AzureRepos.Git\build\Microsoft.SourceLink.AzureRepos.Git.targets" from project "D:\P.L\Flutter\fresh_produce_app\FreshProduce.Infrastructure\FreshProduce.Infrastructure.csproj" (target "_InitializeSourceControlInformationFromSourceControlManager" depends on it):
       Assembly loaded during TaskRun: Microsoft.SourceLink.AzureRepos.Git, Version=10.0.13.7005, Culture=neutral, PublicKeyToken=31bf3856ad364e35 (location: C:\Program Files\dotnet\sdk\10.0.101\Sdks\Microsoft.SourceLink.AzureRepos.Git\tools\net\Microsoft.SourceLink.AzureRepos.Git.dll, MVID: 0c017808-bddf-44d0-8d72-b0d1c8417eac, AssemblyLoadContext: MSBuild plugin C:\Program Files\dotnet\sdk\10.0.101\Sdks\Microsoft.SourceLink.AzureRepos.Git\tools\net\Microsoft.SourceLink.AzureRepos.Git.dll)
       Using "Microsoft.SourceLink.AzureRepos.Git.TranslateRepositoryUrls" task from assembly "C:\Program Files\dotnet\sdk\10.0.101\Sdks\Microsoft.SourceLink.AzureRepos.Git\build\..\tools\net\Microsoft.SourceLink.AzureRepos.Git.dll".
       Task "Microsoft.SourceLink.AzureRepos.Git.TranslateRepositoryUrls"
       Done executing task "Microsoft.SourceLink.AzureRepos.Git.TranslateRepositoryUrls".
   4:6>Done building target "TranslateAzureReposGitUrlsInSourceControlInformation" in project "FreshProduce.Infrastructure.csproj".
   4:6>Target "TranslateBitbucketGitUrlsInSourceControlInformation" in file "C:\Program Files\dotnet\sdk\10.0.101\Sdks\Microsoft.SourceLink.Bitbucket.Git\build\Microsoft.SourceLink.Bitbucket.Git.targets" from project "D:\P.L\Flutter\fresh_produce_app\FreshProduce.Infrastructure\FreshProduce.Infrastructure.csproj" (target "_InitializeSourceControlInformationFromSourceControlManager" depends on it):
       Assembly loaded during TaskRun: Microsoft.SourceLink.Bitbucket.Git, Version=10.0.13.7005, Culture=neutral, PublicKeyToken=31bf3856ad364e35 (location: C:\Program Files\dotnet\sdk\10.0.101\Sdks\Microsoft.SourceLink.Bitbucket.Git\tools\net\Microsoft.SourceLink.Bitbucket.Git.dll, MVID: 4b52ed62-9a3e-4649-b031-80835f902681, AssemblyLoadContext: MSBuild plugin C:\Program Files\dotnet\sdk\10.0.101\Sdks\Microsoft.SourceLink.Bitbucket.Git\tools\net\Microsoft.SourceLink.Bitbucket.Git.dll)
       Using "Microsoft.SourceLink.Bitbucket.Git.TranslateRepositoryUrls" task from assembly "C:\Program Files\dotnet\sdk\10.0.101\Sdks\Microsoft.SourceLink.Bitbucket.Git\build\..\tools\net\Microsoft.SourceLink.Bitbucket.Git.dll".
       Task "Microsoft.SourceLink.Bitbucket.Git.TranslateRepositoryUrls"
       Done executing task "Microsoft.SourceLink.Bitbucket.Git.TranslateRepositoryUrls".
   4:6>Done building target "TranslateBitbucketGitUrlsInSourceControlInformation" in project "FreshProduce.Infrastructure.csproj".
   4:6>Target "SourceControlManagerPublishTranslatedUrls" in file "C:\Program Files\dotnet\sdk\10.0.101\Sdks\Microsoft.SourceLink.Common\build\InitializeSourceControlInformation.targets" from project "D:\P.L\Flutter\fresh_produce_app\FreshProduce.Infrastructure\FreshProduce.Infrastructure.csproj" (target "_InitializeSourceControlInformationFromSourceControlManager" depends on it):
   4:6>Done building target "SourceControlManagerPublishTranslatedUrls" in project "FreshProduce.Infrastructure.csproj".
   4:6>Target "_InitializeSourceControlInformationFromSourceControlManager" in file "C:\Program Files\dotnet\sdk\10.0.101\Sdks\Microsoft.SourceLink.Common\build\InitializeSourceControlInformation.targets" from project "D:\P.L\Flutter\fresh_produce_app\FreshProduce.Infrastructure\FreshProduce.Infrastructure.csproj" (target "InitializeSourceControlInformation" depends on it):
   4:6>Done building target "_InitializeSourceControlInformationFromSourceControlManager" in project "FreshProduce.Infrastructure.csproj".
   4:6>Target "InitializeSourceControlInformation" in file "C:\Program Files\dotnet\sdk\10.0.101\Microsoft.Common.CurrentVersion.targets" from project "D:\P.L\Flutter\fresh_produce_app\FreshProduce.Infrastructure\FreshProduce.Infrastructure.csproj" (target "GetAssemblyAttributes" depends on it):
   4:6>Done building target "InitializeSourceControlInformation" in project "FreshProduce.Infrastructure.csproj".
       Target "GetAssemblyVersion" skipped. Previously built successfully.
       Target "InitializeSourceControlInformation" skipped. Previously built successfully.
   4:6>Target "AddSourceRevisionToInformationalVersion" in file "C:\Program Files\dotnet\sdk\10.0.101\Sdks\Microsoft.NET.Sdk\targets\Microsoft.NET.GenerateAssemblyInfo.targets" from project "D:\P.L\Flutter\fresh_produce_app\FreshProduce.Infrastructure\FreshProduce.Infrastructure.csproj" (target "GetAssemblyAttributes" depends on it):
   4:6>Done building target "AddSourceRevisionToInformationalVersion" in project "FreshProduce.Infrastructure.csproj".
   4:6>Target "GetAssemblyAttributes" in file "C:\Program Files\dotnet\sdk\10.0.101\Sdks\Microsoft.NET.Sdk\targets\Microsoft.NET.GenerateAssemblyInfo.targets" from project "D:\P.L\Flutter\fresh_produce_app\FreshProduce.Infrastructure\FreshProduce.Infrastructure.csproj" (target "CreateGeneratedAssemblyInfoInputsCacheFile" depends on it):
   4:6>Done building target "GetAssemblyAttributes" in project "FreshProduce.Infrastructure.csproj".
   4:6>Target "CreateGeneratedAssemblyInfoInputsCacheFile" in file "C:\Program Files\dotnet\sdk\10.0.101\Sdks\Microsoft.NET.Sdk\targets\Microsoft.NET.GenerateAssemblyInfo.targets" from project "D:\P.L\Flutter\fresh_produce_app\FreshProduce.Infrastructure\FreshProduce.Infrastructure.csproj" (target "CoreGenerateAssemblyInfo" depends on it):
       Using "Hash" task from assembly "Microsoft.Build.Tasks.Core, Version=15.1.0.0, Culture=neutral, PublicKeyToken=b03f5f7f11d50a3a".
       Task "Hash"
       Done executing task "Hash".
       Task "WriteLinesToFile"
         Skipping write to file "obj\Debug\net9.0\FreshProduce.Infrastructure.AssemblyInfoInputs.cache" because content would not change.
       Done executing task "WriteLinesToFile".
   4:6>Done building target "CreateGeneratedAssemblyInfoInputsCacheFile" in project "FreshProduce.Infrastructure.csproj".
   4:6>Target "CoreGenerateAssemblyInfo" in file "C:\Program Files\dotnet\sdk\10.0.101\Sdks\Microsoft.NET.Sdk\targets\Microsoft.NET.GenerateAssemblyInfo.targets" from project "D:\P.L\Flutter\fresh_produce_app\FreshProduce.Infrastructure\FreshProduce.Infrastructure.csproj" (target "GenerateAssemblyInfo" depends on it):
       Skipping target "CoreGenerateAssemblyInfo" because all output files are up-to-date with respect to the input files.
       Input files: obj\Debug\net9.0\FreshProduce.Infrastructure.AssemblyInfoInputs.cache
       Output files: obj\Debug\net9.0\FreshProduce.Infrastructure.AssemblyInfo.cs
   4:6>Done building target "CoreGenerateAssemblyInfo" in project "FreshProduce.Infrastructure.csproj".
   4:6>Target "GenerateAssemblyInfo" in file "C:\Program Files\dotnet\sdk\10.0.101\Sdks\Microsoft.NET.Sdk\targets\Microsoft.NET.GenerateAssemblyInfo.targets" from project "D:\P.L\Flutter\fresh_produce_app\FreshProduce.Infrastructure\FreshProduce.Infrastructure.csproj" (target "BeforeCompile" depends on it):
   4:6>Done building target "GenerateAssemblyInfo" in project "FreshProduce.Infrastructure.csproj".
   4:6>Target "BeforeCompile" in file "C:\Program Files\dotnet\sdk\10.0.101\Microsoft.Common.CurrentVersion.targets" from project "D:\P.L\Flutter\fresh_produce_app\FreshProduce.Infrastructure\FreshProduce.Infrastructure.csproj" (target "Compile" depends on it):
   4:6>Done building target "BeforeCompile" in project "FreshProduce.Infrastructure.csproj".
       Target "ResolveAssemblyReferences" skipped. Previously built successfully.
       Target "_GenerateCompileInputs" skipped. Previously built successfully.
   4:6>Target "_GenerateCompileDependencyCache" in file "C:\Program Files\dotnet\sdk\10.0.101\Microsoft.Common.CurrentVersion.targets" from project "D:\P.L\Flutter\fresh_produce_app\FreshProduce.Infrastructure\FreshProduce.Infrastructure.csproj" (target "Compile" depends on it):
       Task "Hash"
       Done executing task "Hash".
       Task "WriteLinesToFile"
         Skipping write to file "obj\Debug\net9.0\FreshProduce.Infrastructure.csproj.CoreCompileInputs.cache" because content would not change.
       Done executing task "WriteLinesToFile".
   4:6>Done building target "_GenerateCompileDependencyCache" in project "FreshProduce.Infrastructure.csproj".
   4:6>Target "_BeforeVBCSCoreCompile" in file "C:\Program Files\dotnet\sdk\10.0.101\Roslyn\Microsoft.Managed.Core.targets" from project "D:\P.L\Flutter\fresh_produce_app\FreshProduce.Infrastructure\FreshProduce.Infrastructure.csproj" (target "CoreCompile" depends on it):
   4:6>Done building target "_BeforeVBCSCoreCompile" in project "FreshProduce.Infrastructure.csproj".
   4:6>Target "_ComputeSkipAnalyzers" in file "C:\Program Files\dotnet\sdk\10.0.101\Roslyn\Microsoft.Managed.Core.targets" from project "D:\P.L\Flutter\fresh_produce_app\FreshProduce.Infrastructure\FreshProduce.Infrastructure.csproj" (target "CoreCompile" depends on it):
   4:6>Done building target "_ComputeSkipAnalyzers" in project "FreshProduce.Infrastructure.csproj".
   4:6>Target "AddGlobalAnalyzerConfigForPackage_MicrosoftCodeAnalysisAnalyzers" in file "C:\Users\Dell\.nuget\packages\microsoft.codeanalysis.analyzers\3.3.4\buildTransitive\Microsoft.CodeAnalysis.Analyzers.targets" from project "D:\P.L\Flutter\fresh_produce_app\FreshProduce.Infrastructure\FreshProduce.Infrastructure.csproj" (target "CoreCompile" depends on it):
   4:6>Done building target "AddGlobalAnalyzerConfigForPackage_MicrosoftCodeAnalysisAnalyzers" in project "FreshProduce.Infrastructure.csproj".
       Target "BeforeCompile" skipped. Previously built successfully.
       Target "InitializeSourceControlInformationFromSourceControlManager" skipped. Previously built successfully.
   4:6>Target "SetEmbeddedFilesFromSourceControlManagerUntrackedFiles" in file "C:\Program Files\dotnet\sdk\10.0.101\Sdks\Microsoft.Build.Tasks.Git\build\Microsoft.Build.Tasks.Git.targets" from project "D:\P.L\Flutter\fresh_produce_app\FreshProduce.Infrastructure\FreshProduce.Infrastructure.csproj" (target "_SetEmbeddedFilesFromSourceControlManagerUntrackedFiles" depends on it):
   4:6>Done building target "SetEmbeddedFilesFromSourceControlManagerUntrackedFiles" in project "FreshProduce.Infrastructure.csproj".
   4:6>Target "_SetEmbeddedFilesFromSourceControlManagerUntrackedFiles" in file "C:\Program Files\dotnet\sdk\10.0.101\Sdks\Microsoft.SourceLink.Common\build\Microsoft.SourceLink.Common.targets" from project "D:\P.L\Flutter\fresh_produce_app\FreshProduce.Infrastructure\FreshProduce.Infrastructure.csproj" (target "CoreCompile" depends on it):
   4:6>Done building target "_SetEmbeddedFilesFromSourceControlManagerUntrackedFiles" in project "FreshProduce.Infrastructure.csproj".
       Target "InitializeSourceControlInformation" skipped. Previously built successfully.
   4:6>Target "_SetSourceLinkFilePath" in file "C:\Program Files\dotnet\sdk\10.0.101\Sdks\Microsoft.SourceLink.Common\build\Microsoft.SourceLink.Common.targets" from project "D:\P.L\Flutter\fresh_produce_app\FreshProduce.Infrastructure\FreshProduce.Infrastructure.csproj" (target "_GenerateSourceLinkFile" depends on it):
   4:6>Done building target "_SetSourceLinkFilePath" in project "FreshProduce.Infrastructure.csproj".
       Target "InitializeSourceControlInformation" skipped. Previously built successfully.
   4:6>Target "_InitializeSourceRootMappedPathsFromSourceControl" in file "C:\Program Files\dotnet\sdk\10.0.101\Roslyn\Microsoft.Managed.Core.targets" from project "D:\P.L\Flutter\fresh_produce_app\FreshProduce.Infrastructure\FreshProduce.Infrastructure.csproj" (target "InitializeSourceRootMappedPaths" depends on it):
   4:6>Done building target "_InitializeSourceRootMappedPathsFromSourceControl" in project "FreshProduce.Infrastructure.csproj".
   4:6>Target "InitializeSourceRootMappedPaths" in file "C:\Program Files\dotnet\sdk\10.0.101\Roslyn\Microsoft.Managed.Core.targets" from project "D:\P.L\Flutter\fresh_produce_app\FreshProduce.Infrastructure\FreshProduce.Infrastructure.csproj" (target "_InitializeSourceRootMappedPathsOpt" depends on it):
       Using "Microsoft.CodeAnalysis.BuildTasks.MapSourceRoots" task from assembly "C:\Program Files\dotnet\sdk\10.0.101\Sdks\Microsoft.NET.Sdk\targets\..\..\..\Roslyn\Microsoft.Build.Tasks.CodeAnalysis.dll".
       Task "Microsoft.CodeAnalysis.BuildTasks.MapSourceRoots"
       Done executing task "Microsoft.CodeAnalysis.BuildTasks.MapSourceRoots".
   4:6>Done building target "InitializeSourceRootMappedPaths" in project "FreshProduce.Infrastructure.csproj".
   4:6>Target "_InitializeSourceRootMappedPathsOpt" in file "C:\Program Files\dotnet\sdk\10.0.101\Sdks\Microsoft.SourceLink.Common\build\Microsoft.SourceLink.Common.targets" from project "D:\P.L\Flutter\fresh_produce_app\FreshProduce.Infrastructure\FreshProduce.Infrastructure.csproj" (target "_GenerateSourceLinkFile" depends on it):
   4:6>Done building target "_InitializeSourceRootMappedPathsOpt" in project "FreshProduce.Infrastructure.csproj".
   4:6>Target "_InitializeGitHubSourceLinkUrl" in file "C:\Program Files\dotnet\sdk\10.0.101\Sdks\Microsoft.SourceLink.GitHub\build\Microsoft.SourceLink.GitHub.targets" from project "D:\P.L\Flutter\fresh_produce_app\FreshProduce.Infrastructure\FreshProduce.Infrastructure.csproj" (target "_GenerateSourceLinkFile" depends on it):
       Building target "_InitializeGitHubSourceLinkUrl" completely.
       No input files were specified.
       Using "Microsoft.SourceLink.GitHub.GetSourceLinkUrl" task from assembly "C:\Program Files\dotnet\sdk\10.0.101\Sdks\Microsoft.SourceLink.GitHub\build\..\tools\net\Microsoft.SourceLink.GitHub.dll".
       Task "Microsoft.SourceLink.GitHub.GetSourceLinkUrl"
       Done executing task "Microsoft.SourceLink.GitHub.GetSourceLinkUrl".
   4:6>Done building target "_InitializeGitHubSourceLinkUrl" in project "FreshProduce.Infrastructure.csproj".
   4:6>Target "_InitializeGitHubSourceLinkUrl" in file "C:\Program Files\dotnet\sdk\10.0.101\Sdks\Microsoft.SourceLink.GitHub\build\Microsoft.SourceLink.GitHub.targets" from project "D:\P.L\Flutter\fresh_produce_app\FreshProduce.Infrastructure\FreshProduce.Infrastructure.csproj" (target "_GenerateSourceLinkFile" depends on it):
       Building target "_InitializeGitHubSourceLinkUrl" completely.
       No input files were specified.
       Task "Microsoft.SourceLink.GitHub.GetSourceLinkUrl"
       Done executing task "Microsoft.SourceLink.GitHub.GetSourceLinkUrl".
   4:6>Done building target "_InitializeGitHubSourceLinkUrl" in project "FreshProduce.Infrastructure.csproj".
   4:6>Target "_InitializeGitLabSourceLinkUrl" in file "C:\Program Files\dotnet\sdk\10.0.101\Sdks\Microsoft.SourceLink.GitLab\build\Microsoft.SourceLink.GitLab.targets" from project "D:\P.L\Flutter\fresh_produce_app\FreshProduce.Infrastructure\FreshProduce.Infrastructure.csproj" (target "_GenerateSourceLinkFile" depends on it):
       Building target "_InitializeGitLabSourceLinkUrl" completely.
       No input files were specified.
       Using "Microsoft.SourceLink.GitLab.GetSourceLinkUrl" task from assembly "C:\Program Files\dotnet\sdk\10.0.101\Sdks\Microsoft.SourceLink.GitLab\build\..\tools\net\Microsoft.SourceLink.GitLab.dll".
       Task "Microsoft.SourceLink.GitLab.GetSourceLinkUrl"
       Done executing task "Microsoft.SourceLink.GitLab.GetSourceLinkUrl".
   4:6>Done building target "_InitializeGitLabSourceLinkUrl" in project "FreshProduce.Infrastructure.csproj".
   4:6>Target "_InitializeGitLabSourceLinkUrl" in file "C:\Program Files\dotnet\sdk\10.0.101\Sdks\Microsoft.SourceLink.GitLab\build\Microsoft.SourceLink.GitLab.targets" from project "D:\P.L\Flutter\fresh_produce_app\FreshProduce.Infrastructure\FreshProduce.Infrastructure.csproj" (target "_GenerateSourceLinkFile" depends on it):
       Building target "_InitializeGitLabSourceLinkUrl" completely.
       No input files were specified.
       Task "Microsoft.SourceLink.GitLab.GetSourceLinkUrl"
       Done executing task "Microsoft.SourceLink.GitLab.GetSourceLinkUrl".
   4:6>Done building target "_InitializeGitLabSourceLinkUrl" in project "FreshProduce.Infrastructure.csproj".
   4:6>Target "_InitializeAzureReposGitSourceLinkUrl" in file "C:\Program Files\dotnet\sdk\10.0.101\Sdks\Microsoft.SourceLink.AzureRepos.Git\build\Microsoft.SourceLink.AzureRepos.Git.targets" from project "D:\P.L\Flutter\fresh_produce_app\FreshProduce.Infrastructure\FreshProduce.Infrastructure.csproj" (target "_GenerateSourceLinkFile" depends on it):
       Building target "_InitializeAzureReposGitSourceLinkUrl" completely.
       No input files were specified.
       Using "Microsoft.SourceLink.AzureRepos.Git.GetSourceLinkUrl" task from assembly "C:\Program Files\dotnet\sdk\10.0.101\Sdks\Microsoft.SourceLink.AzureRepos.Git\build\..\tools\net\Microsoft.SourceLink.AzureRepos.Git.dll".
       Task "Microsoft.SourceLink.AzureRepos.Git.GetSourceLinkUrl"
       Done executing task "Microsoft.SourceLink.AzureRepos.Git.GetSourceLinkUrl".
   4:6>Done building target "_InitializeAzureReposGitSourceLinkUrl" in project "FreshProduce.Infrastructure.csproj".
   4:6>Target "_InitializeAzureReposGitSourceLinkUrl" in file "C:\Program Files\dotnet\sdk\10.0.101\Sdks\Microsoft.SourceLink.AzureRepos.Git\build\Microsoft.SourceLink.AzureRepos.Git.targets" from project "D:\P.L\Flutter\fresh_produce_app\FreshProduce.Infrastructure\FreshProduce.Infrastructure.csproj" (target "_GenerateSourceLinkFile" depends on it):
       Building target "_InitializeAzureReposGitSourceLinkUrl" completely.
       No input files were specified.
       Task "Microsoft.SourceLink.AzureRepos.Git.GetSourceLinkUrl"
       Done executing task "Microsoft.SourceLink.AzureRepos.Git.GetSourceLinkUrl".
   4:6>Done building target "_InitializeAzureReposGitSourceLinkUrl" in project "FreshProduce.Infrastructure.csproj".
   4:6>Target "_InitializeBitbucketGitSourceLinkUrl" in file "C:\Program Files\dotnet\sdk\10.0.101\Sdks\Microsoft.SourceLink.Bitbucket.Git\build\Microsoft.SourceLink.Bitbucket.Git.targets" from project "D:\P.L\Flutter\fresh_produce_app\FreshProduce.Infrastructure\FreshProduce.Infrastructure.csproj" (target "_GenerateSourceLinkFile" depends on it):
       Building target "_InitializeBitbucketGitSourceLinkUrl" completely.
       No input files were specified.
       Using "Microsoft.SourceLink.Bitbucket.Git.GetSourceLinkUrl" task from assembly "C:\Program Files\dotnet\sdk\10.0.101\Sdks\Microsoft.SourceLink.Bitbucket.Git\build\..\tools\net\Microsoft.SourceLink.Bitbucket.Git.dll".
       Task "Microsoft.SourceLink.Bitbucket.Git.GetSourceLinkUrl"
       Done executing task "Microsoft.SourceLink.Bitbucket.Git.GetSourceLinkUrl".
   4:6>Done building target "_InitializeBitbucketGitSourceLinkUrl" in project "FreshProduce.Infrastructure.csproj".
   4:6>Target "_InitializeBitbucketGitSourceLinkUrl" in file "C:\Program Files\dotnet\sdk\10.0.101\Sdks\Microsoft.SourceLink.Bitbucket.Git\build\Microsoft.SourceLink.Bitbucket.Git.targets" from project "D:\P.L\Flutter\fresh_produce_app\FreshProduce.Infrastructure\FreshProduce.Infrastructure.csproj" (target "_GenerateSourceLinkFile" depends on it):
       Building target "_InitializeBitbucketGitSourceLinkUrl" completely.
       No input files were specified.
       Task "Microsoft.SourceLink.Bitbucket.Git.GetSourceLinkUrl"
       Done executing task "Microsoft.SourceLink.Bitbucket.Git.GetSourceLinkUrl".
   4:6>Done building target "_InitializeBitbucketGitSourceLinkUrl" in project "FreshProduce.Infrastructure.csproj".
   4:6>Target "_GenerateSourceLinkFile" in file "C:\Program Files\dotnet\sdk\10.0.101\Sdks\Microsoft.SourceLink.Common\build\Microsoft.SourceLink.Common.targets" from project "D:\P.L\Flutter\fresh_produce_app\FreshProduce.Infrastructure\FreshProduce.Infrastructure.csproj" (target "GenerateSourceLinkFile" depends on it):
       Building target "_GenerateSourceLinkFile" completely.
       No input files were specified.
       Using "Microsoft.SourceLink.Common.GenerateSourceLinkFile" task from assembly "C:\Program Files\dotnet\sdk\10.0.101\Sdks\Microsoft.SourceLink.Common\build\..\tools\net\Microsoft.SourceLink.Common.dll".
       Task "Microsoft.SourceLink.Common.GenerateSourceLinkFile"
         Source Link is empty, file 'obj\Debug\net9.0\FreshProduce.Infrastructure.sourcelink.json' does not exist.
       Done executing task "Microsoft.SourceLink.Common.GenerateSourceLinkFile".
   4:6>Done building target "_GenerateSourceLinkFile" in project "FreshProduce.Infrastructure.csproj".
   4:6>Target "GenerateSourceLinkFile" in file "C:\Program Files\dotnet\sdk\10.0.101\Sdks\Microsoft.SourceLink.Common\build\Microsoft.SourceLink.Common.targets" from project "D:\P.L\Flutter\fresh_produce_app\FreshProduce.Infrastructure\FreshProduce.Infrastructure.csproj" (target "CoreCompile" depends on it):
   4:6>Done building target "GenerateSourceLinkFile" in project "FreshProduce.Infrastructure.csproj".
   4:6>Target "AddGlobalAnalyzerConfigForPackage_MicrosoftCodeAnalysisNetAnalyzers" in file "C:\Program Files\dotnet\sdk\10.0.101\Sdks\Microsoft.NET.Sdk\analyzers\build\Microsoft.CodeAnalysis.NetAnalyzers.targets" from project "D:\P.L\Flutter\fresh_produce_app\FreshProduce.Infrastructure\FreshProduce.Infrastructure.csproj" (target "CoreCompile" depends on it):
   4:6>Done building target "AddGlobalAnalyzerConfigForPackage_MicrosoftCodeAnalysisNetAnalyzers" in project "FreshProduce.Infrastructure.csproj".
   4:6>Target "CoreCompile" in file "C:\Program Files\dotnet\sdk\10.0.101\Roslyn\Microsoft.CSharp.Core.targets" from project "D:\P.L\Flutter\fresh_produce_app\FreshProduce.Infrastructure\FreshProduce.Infrastructure.csproj" (target "Compile" depends on it):
       Skipping target "CoreCompile" because all output files are up-to-date with respect to the input files.
       Input files: 
           Migrations\20251226134825_InitialCreate.cs
           Migrations\20251226134825_InitialCreate.Designer.cs
           Migrations\20251226214125_AddIdentity.cs
           Migrations\20251226214125_AddIdentity.Designer.cs
           Migrations\20251227161230_AddRefreshTokens.cs
           Migrations\20251227161230_AddRefreshTokens.Designer.cs
           Migrations\20260103172846_UpdateExistingDataToArabic.cs
           Migrations\20260103172846_UpdateExistingDataToArabic.Designer.cs
           Migrations\FreshProduceDbContextModelSnapshot.cs
           Persistence\ApplicationUser.cs
           Persistence\DbInitializer.cs
           Persistence\FreshProduceDbContext.cs
           Persistence\Repositories\EFRepositories.cs
           obj\Debug\net9.0\FreshProduce.Infrastructure.GlobalUsings.g.cs
           obj\Debug\net9.0\.NETCoreApp,Version=v9.0.AssemblyAttributes.cs
           obj\Debug\net9.0\FreshProduce.Infrastructure.AssemblyInfo.cs
           C:\Users\Dell\.nuget\packages\azure.core\1.38.0\lib\net6.0\Azure.Core.dll
           C:\Users\Dell\.nuget\packages\azure.identity\1.11.4\lib\netstandard2.0\Azure.Identity.dll
           D:\P.L\Flutter\fresh_produce_app\FreshProduce.Application\obj\Debug\net9.0\ref\FreshProduce.Application.dll
           D:\P.L\Flutter\fresh_produce_app\FreshProduce.Domain\obj\Debug\net9.0\ref\FreshProduce.Domain.dll
           C:\Users\Dell\.nuget\packages\microsoft.aspnetcore.cryptography.internal\9.0.0\lib\net9.0\Microsoft.AspNetCore.Cryptography.Internal.dll
           C:\Users\Dell\.nuget\packages\microsoft.aspnetcore.cryptography.keyderivation\9.0.0\lib\net9.0\Microsoft.AspNetCore.Cryptography.KeyDerivation.dll
           C:\Users\Dell\.nuget\packages\microsoft.aspnetcore.identity.entityframeworkcore\9.0.0\lib\net9.0\Microsoft.AspNetCore.Identity.EntityFrameworkCore.dll
           C:\Users\Dell\.nuget\packages\microsoft.bcl.asyncinterfaces\7.0.0\lib\netstandard2.1\Microsoft.Bcl.AsyncInterfaces.dll
           C:\Program Files\dotnet\packs\Microsoft.NETCore.App.Ref\9.0.11\ref\net9.0\Microsoft.CSharp.dll
           C:\Users\Dell\.nuget\packages\microsoft.data.sqlclient\5.1.6\ref\net6.0\Microsoft.Data.SqlClient.dll
           C:\Users\Dell\.nuget\packages\microsoft.entityframeworkcore.abstractions\9.0.0\lib\net8.0\Microsoft.EntityFrameworkCore.Abstractions.dll
           C:\Users\Dell\.nuget\packages\microsoft.entityframeworkcore\9.0.0\lib\net8.0\Microsoft.EntityFrameworkCore.dll
           C:\Users\Dell\.nuget\packages\microsoft.entityframeworkcore.inmemory\9.0.0\lib\net8.0\Microsoft.EntityFrameworkCore.InMemory.dll
           C:\Users\Dell\.nuget\packages\microsoft.entityframeworkcore.relational\9.0.0\lib\net8.0\Microsoft.EntityFrameworkCore.Relational.dll
           C:\Users\Dell\.nuget\packages\microsoft.entityframeworkcore.sqlserver\9.0.0\lib\net8.0\Microsoft.EntityFrameworkCore.SqlServer.dll
           C:\Users\Dell\.nuget\packages\microsoft.extensions.caching.abstractions\9.0.0\lib\net9.0\Microsoft.Extensions.Caching.Abstractions.dll
           C:\Users\Dell\.nuget\packages\microsoft.extensions.caching.memory\9.0.0\lib\net9.0\Microsoft.Extensions.Caching.Memory.dll
           C:\Users\Dell\.nuget\packages\microsoft.extensions.configuration.abstractions\9.0.0\lib\net9.0\Microsoft.Extensions.Configuration.Abstractions.dll
           C:\Users\Dell\.nuget\packages\microsoft.extensions.dependencyinjection.abstractions\9.0.0\lib\net9.0\Microsoft.Extensions.DependencyInjection.Abstractions.dll
           C:\Users\Dell\.nuget\packages\microsoft.extensions.dependencyinjection\9.0.0\lib\net9.0\Microsoft.Extensions.DependencyInjection.dll
           C:\Users\Dell\.nuget\packages\microsoft.extensions.identity.core\9.0.0\lib\net9.0\Microsoft.Extensions.Identity.Core.dll
           C:\Users\Dell\.nuget\packages\microsoft.extensions.identity.stores\9.0.0\lib\net9.0\Microsoft.Extensions.Identity.Stores.dll
           C:\Users\Dell\.nuget\packages\microsoft.extensions.logging.abstractions\9.0.0\lib\net9.0\Microsoft.Extensions.Logging.Abstractions.dll
           C:\Users\Dell\.nuget\packages\microsoft.extensions.logging\9.0.0\lib\net9.0\Microsoft.Extensions.Logging.dll
           C:\Users\Dell\.nuget\packages\microsoft.extensions.options\9.0.0\lib\net9.0\Microsoft.Extensions.Options.dll
           C:\Users\Dell\.nuget\packages\microsoft.extensions.primitives\9.0.0\lib\net9.0\Microsoft.Extensions.Primitives.dll
           C:\Users\Dell\.nuget\packages\microsoft.identity.client\4.61.3\lib\net6.0\Microsoft.Identity.Client.dll
           C:\Users\Dell\.nuget\packages\microsoft.identity.client.extensions.msal\4.61.3\lib\net6.0\Microsoft.Identity.Client.Extensions.Msal.dll
           C:\Users\Dell\.nuget\packages\microsoft.identitymodel.abstractions\6.35.0\lib\net6.0\Microsoft.IdentityModel.Abstractions.dll
           C:\Users\Dell\.nuget\packages\microsoft.identitymodel.jsonwebtokens\6.35.0\lib\net6.0\Microsoft.IdentityModel.JsonWebTokens.dll
           C:\Users\Dell\.nuget\packages\microsoft.identitymodel.logging\6.35.0\lib\net6.0\Microsoft.IdentityModel.Logging.dll
           C:\Users\Dell\.nuget\packages\microsoft.identitymodel.protocols\6.35.0\lib\net6.0\Microsoft.IdentityModel.Protocols.dll
           C:\Users\Dell\.nuget\packages\microsoft.identitymodel.protocols.openidconnect\6.35.0\lib\net6.0\Microsoft.IdentityModel.Protocols.OpenIdConnect.dll
           C:\Users\Dell\.nuget\packages\microsoft.identitymodel.tokens\6.35.0\lib\net6.0\Microsoft.IdentityModel.Tokens.dll
           C:\Users\Dell\.nuget\packages\microsoft.sqlserver.server\1.0.0\lib\netstandard2.0\Microsoft.SqlServer.Server.dll
           C:\Program Files\dotnet\packs\Microsoft.NETCore.App.Ref\9.0.11\ref\net9.0\Microsoft.VisualBasic.Core.dll
           C:\Program Files\dotnet\packs\Microsoft.NETCore.App.Ref\9.0.11\ref\net9.0\Microsoft.VisualBasic.dll
           C:\Program Files\dotnet\packs\Microsoft.NETCore.App.Ref\9.0.11\ref\net9.0\Microsoft.Win32.Primitives.dll
           C:\Program Files\dotnet\packs\Microsoft.NETCore.App.Ref\9.0.11\ref\net9.0\Microsoft.Win32.Registry.dll
           C:\Program Files\dotnet\packs\Microsoft.NETCore.App.Ref\9.0.11\ref\net9.0\mscorlib.dll
           C:\Program Files\dotnet\packs\Microsoft.NETCore.App.Ref\9.0.11\ref\net9.0\netstandard.dll
           C:\Program Files\dotnet\packs\Microsoft.NETCore.App.Ref\9.0.11\ref\net9.0\System.AppContext.dll
           C:\Program Files\dotnet\packs\Microsoft.NETCore.App.Ref\9.0.11\ref\net9.0\System.Buffers.dll
           C:\Users\Dell\.nuget\packages\system.clientmodel\1.0.0\lib\net6.0\System.ClientModel.dll
           C:\Program Files\dotnet\packs\Microsoft.NETCore.App.Ref\9.0.11\ref\net9.0\System.Collections.Concurrent.dll
           C:\Program Files\dotnet\packs\Microsoft.NETCore.App.Ref\9.0.11\ref\net9.0\System.Collections.dll
           C:\Program Files\dotnet\packs\Microsoft.NETCore.App.Ref\9.0.11\ref\net9.0\System.Collections.Immutable.dll
           C:\Program Files\dotnet\packs\Microsoft.NETCore.App.Ref\9.0.11\ref\net9.0\System.Collections.NonGeneric.dll
           C:\Program Files\dotnet\packs\Microsoft.NETCore.App.Ref\9.0.11\ref\net9.0\System.Collections.Specialized.dll
           C:\Program Files\dotnet\packs\Microsoft.NETCore.App.Ref\9.0.11\ref\net9.0\System.ComponentModel.Annotations.dll
           C:\Program Files\dotnet\packs\Microsoft.NETCore.App.Ref\9.0.11\ref\net9.0\System.ComponentModel.DataAnnotations.dll
           C:\Program Files\dotnet\packs\Microsoft.NETCore.App.Ref\9.0.11\ref\net9.0\System.ComponentModel.dll
           C:\Program Files\dotnet\packs\Microsoft.NETCore.App.Ref\9.0.11\ref\net9.0\System.ComponentModel.EventBasedAsync.dll
           C:\Program Files\dotnet\packs\Microsoft.NETCore.App.Ref\9.0.11\ref\net9.0\System.ComponentModel.Primitives.dll
           C:\Program Files\dotnet\packs\Microsoft.NETCore.App.Ref\9.0.11\ref\net9.0\System.ComponentModel.TypeConverter.dll
           C:\Program Files\dotnet\packs\Microsoft.NETCore.App.Ref\9.0.11\ref\net9.0\System.Configuration.dll
           C:\Program Files\dotnet\packs\Microsoft.NETCore.App.Ref\9.0.11\ref\net9.0\System.Console.dll
           C:\Program Files\dotnet\packs\Microsoft.NETCore.App.Ref\9.0.11\ref\net9.0\System.Core.dll
           C:\Program Files\dotnet\packs\Microsoft.NETCore.App.Ref\9.0.11\ref\net9.0\System.Data.Common.dll
           C:\Program Files\dotnet\packs\Microsoft.NETCore.App.Ref\9.0.11\ref\net9.0\System.Data.DataSetExtensions.dll
           C:\Program Files\dotnet\packs\Microsoft.NETCore.App.Ref\9.0.11\ref\net9.0\System.Data.dll
           C:\Program Files\dotnet\packs\Microsoft.NETCore.App.Ref\9.0.11\ref\net9.0\System.Diagnostics.Contracts.dll
           C:\Program Files\dotnet\packs\Microsoft.NETCore.App.Ref\9.0.11\ref\net9.0\System.Diagnostics.Debug.dll
           C:\Program Files\dotnet\packs\Microsoft.NETCore.App.Ref\9.0.11\ref\net9.0\System.Diagnostics.DiagnosticSource.dll
           C:\Program Files\dotnet\packs\Microsoft.NETCore.App.Ref\9.0.11\ref\net9.0\System.Diagnostics.FileVersionInfo.dll
           C:\Program Files\dotnet\packs\Microsoft.NETCore.App.Ref\9.0.11\ref\net9.0\System.Diagnostics.Process.dll
           C:\Program Files\dotnet\packs\Microsoft.NETCore.App.Ref\9.0.11\ref\net9.0\System.Diagnostics.StackTrace.dll
           C:\Program Files\dotnet\packs\Microsoft.NETCore.App.Ref\9.0.11\ref\net9.0\System.Diagnostics.TextWriterTraceListener.dll
           C:\Program Files\dotnet\packs\Microsoft.NETCore.App.Ref\9.0.11\ref\net9.0\System.Diagnostics.Tools.dll
           C:\Program Files\dotnet\packs\Microsoft.NETCore.App.Ref\9.0.11\ref\net9.0\System.Diagnostics.TraceSource.dll
           C:\Program Files\dotnet\packs\Microsoft.NETCore.App.Ref\9.0.11\ref\net9.0\System.Diagnostics.Tracing.dll
           C:\Program Files\dotnet\packs\Microsoft.NETCore.App.Ref\9.0.11\ref\net9.0\System.dll
           C:\Program Files\dotnet\packs\Microsoft.NETCore.App.Ref\9.0.11\ref\net9.0\System.Drawing.dll
           C:\Program Files\dotnet\packs\Microsoft.NETCore.App.Ref\9.0.11\ref\net9.0\System.Drawing.Primitives.dll
           C:\Program Files\dotnet\packs\Microsoft.NETCore.App.Ref\9.0.11\ref\net9.0\System.Dynamic.Runtime.dll
           C:\Program Files\dotnet\packs\Microsoft.NETCore.App.Ref\9.0.11\ref\net9.0\System.Formats.Asn1.dll
           C:\Program Files\dotnet\packs\Microsoft.NETCore.App.Ref\9.0.11\ref\net9.0\System.Formats.Tar.dll
           C:\Program Files\dotnet\packs\Microsoft.NETCore.App.Ref\9.0.11\ref\net9.0\System.Globalization.Calendars.dll
           C:\Program Files\dotnet\packs\Microsoft.NETCore.App.Ref\9.0.11\ref\net9.0\System.Globalization.dll
           C:\Program Files\dotnet\packs\Microsoft.NETCore.App.Ref\9.0.11\ref\net9.0\System.Globalization.Extensions.dll
           C:\Users\Dell\.nuget\packages\system.identitymodel.tokens.jwt\6.35.0\lib\net6.0\System.IdentityModel.Tokens.Jwt.dll
           C:\Program Files\dotnet\packs\Microsoft.NETCore.App.Ref\9.0.11\ref\net9.0\System.IO.Compression.Brotli.dll
           C:\Program Files\dotnet\packs\Microsoft.NETCore.App.Ref\9.0.11\ref\net9.0\System.IO.Compression.dll
           C:\Program Files\dotnet\packs\Microsoft.NETCore.App.Ref\9.0.11\ref\net9.0\System.IO.Compression.FileSystem.dll
           C:\Program Files\dotnet\packs\Microsoft.NETCore.App.Ref\9.0.11\ref\net9.0\System.IO.Compression.ZipFile.dll
           C:\Program Files\dotnet\packs\Microsoft.NETCore.App.Ref\9.0.11\ref\net9.0\System.IO.dll
           C:\Program Files\dotnet\packs\Microsoft.NETCore.App.Ref\9.0.11\ref\net9.0\System.IO.FileSystem.AccessControl.dll
           C:\Program Files\dotnet\packs\Microsoft.NETCore.App.Ref\9.0.11\ref\net9.0\System.IO.FileSystem.dll
           C:\Program Files\dotnet\packs\Microsoft.NETCore.App.Ref\9.0.11\ref\net9.0\System.IO.FileSystem.DriveInfo.dll
           C:\Program Files\dotnet\packs\Microsoft.NETCore.App.Ref\9.0.11\ref\net9.0\System.IO.FileSystem.Primitives.dll
           C:\Program Files\dotnet\packs\Microsoft.NETCore.App.Ref\9.0.11\ref\net9.0\System.IO.FileSystem.Watcher.dll
           C:\Program Files\dotnet\packs\Microsoft.NETCore.App.Ref\9.0.11\ref\net9.0\System.IO.IsolatedStorage.dll
           C:\Program Files\dotnet\packs\Microsoft.NETCore.App.Ref\9.0.11\ref\net9.0\System.IO.MemoryMappedFiles.dll
           C:\Program Files\dotnet\packs\Microsoft.NETCore.App.Ref\9.0.11\ref\net9.0\System.IO.Pipelines.dll
           C:\Program Files\dotnet\packs\Microsoft.NETCore.App.Ref\9.0.11\ref\net9.0\System.IO.Pipes.AccessControl.dll
           C:\Program Files\dotnet\packs\Microsoft.NETCore.App.Ref\9.0.11\ref\net9.0\System.IO.Pipes.dll
           C:\Program Files\dotnet\packs\Microsoft.NETCore.App.Ref\9.0.11\ref\net9.0\System.IO.UnmanagedMemoryStream.dll
           C:\Program Files\dotnet\packs\Microsoft.NETCore.App.Ref\9.0.11\ref\net9.0\System.Linq.dll
           C:\Program Files\dotnet\packs\Microsoft.NETCore.App.Ref\9.0.11\ref\net9.0\System.Linq.Expressions.dll
           C:\Program Files\dotnet\packs\Microsoft.NETCore.App.Ref\9.0.11\ref\net9.0\System.Linq.Parallel.dll
           C:\Program Files\dotnet\packs\Microsoft.NETCore.App.Ref\9.0.11\ref\net9.0\System.Linq.Queryable.dll
           C:\Users\Dell\.nuget\packages\system.memory.data\1.0.2\lib\netstandard2.0\System.Memory.Data.dll
           C:\Program Files\dotnet\packs\Microsoft.NETCore.App.Ref\9.0.11\ref\net9.0\System.Memory.dll
           C:\Program Files\dotnet\packs\Microsoft.NETCore.App.Ref\9.0.11\ref\net9.0\System.Net.dll
           C:\Program Files\dotnet\packs\Microsoft.NETCore.App.Ref\9.0.11\ref\net9.0\System.Net.Http.dll
           C:\Program Files\dotnet\packs\Microsoft.NETCore.App.Ref\9.0.11\ref\net9.0\System.Net.Http.Json.dll
           C:\Program Files\dotnet\packs\Microsoft.NETCore.App.Ref\9.0.11\ref\net9.0\System.Net.HttpListener.dll
           C:\Program Files\dotnet\packs\Microsoft.NETCore.App.Ref\9.0.11\ref\net9.0\System.Net.Mail.dll
           C:\Program Files\dotnet\packs\Microsoft.NETCore.App.Ref\9.0.11\ref\net9.0\System.Net.NameResolution.dll
           C:\Program Files\dotnet\packs\Microsoft.NETCore.App.Ref\9.0.11\ref\net9.0\System.Net.NetworkInformation.dll
           C:\Program Files\dotnet\packs\Microsoft.NETCore.App.Ref\9.0.11\ref\net9.0\System.Net.Ping.dll
           C:\Program Files\dotnet\packs\Microsoft.NETCore.App.Ref\9.0.11\ref\net9.0\System.Net.Primitives.dll
           C:\Program Files\dotnet\packs\Microsoft.NETCore.App.Ref\9.0.11\ref\net9.0\System.Net.Quic.dll
           C:\Program Files\dotnet\packs\Microsoft.NETCore.App.Ref\9.0.11\ref\net9.0\System.Net.Requests.dll
           C:\Program Files\dotnet\packs\Microsoft.NETCore.App.Ref\9.0.11\ref\net9.0\System.Net.Security.dll
           C:\Program Files\dotnet\packs\Microsoft.NETCore.App.Ref\9.0.11\ref\net9.0\System.Net.ServicePoint.dll
           C:\Program Files\dotnet\packs\Microsoft.NETCore.App.Ref\9.0.11\ref\net9.0\System.Net.Sockets.dll
           C:\Program Files\dotnet\packs\Microsoft.NETCore.App.Ref\9.0.11\ref\net9.0\System.Net.WebClient.dll
           C:\Program Files\dotnet\packs\Microsoft.NETCore.App.Ref\9.0.11\ref\net9.0\System.Net.WebHeaderCollection.dll
           C:\Program Files\dotnet\packs\Microsoft.NETCore.App.Ref\9.0.11\ref\net9.0\System.Net.WebProxy.dll
           C:\Program Files\dotnet\packs\Microsoft.NETCore.App.Ref\9.0.11\ref\net9.0\System.Net.WebSockets.Client.dll
           C:\Program Files\dotnet\packs\Microsoft.NETCore.App.Ref\9.0.11\ref\net9.0\System.Net.WebSockets.dll
           C:\Program Files\dotnet\packs\Microsoft.NETCore.App.Ref\9.0.11\ref\net9.0\System.Numerics.dll
           C:\Program Files\dotnet\packs\Microsoft.NETCore.App.Ref\9.0.11\ref\net9.0\System.Numerics.Vectors.dll
           C:\Program Files\dotnet\packs\Microsoft.NETCore.App.Ref\9.0.11\ref\net9.0\System.ObjectModel.dll
           C:\Program Files\dotnet\packs\Microsoft.NETCore.App.Ref\9.0.11\ref\net9.0\System.Reflection.DispatchProxy.dll
           C:\Program Files\dotnet\packs\Microsoft.NETCore.App.Ref\9.0.11\ref\net9.0\System.Reflection.dll
           C:\Program Files\dotnet\packs\Microsoft.NETCore.App.Ref\9.0.11\ref\net9.0\System.Reflection.Emit.dll
           C:\Program Files\dotnet\packs\Microsoft.NETCore.App.Ref\9.0.11\ref\net9.0\System.Reflection.Emit.ILGeneration.dll
           C:\Program Files\dotnet\packs\Microsoft.NETCore.App.Ref\9.0.11\ref\net9.0\System.Reflection.Emit.Lightweight.dll
           C:\Program Files\dotnet\packs\Microsoft.NETCore.App.Ref\9.0.11\ref\net9.0\System.Reflection.Extensions.dll
           C:\Program Files\dotnet\packs\Microsoft.NETCore.App.Ref\9.0.11\ref\net9.0\System.Reflection.Metadata.dll
           C:\Program Files\dotnet\packs\Microsoft.NETCore.App.Ref\9.0.11\ref\net9.0\System.Reflection.Primitives.dll
           C:\Program Files\dotnet\packs\Microsoft.NETCore.App.Ref\9.0.11\ref\net9.0\System.Reflection.TypeExtensions.dll
           C:\Program Files\dotnet\packs\Microsoft.NETCore.App.Ref\9.0.11\ref\net9.0\System.Resources.Reader.dll
           C:\Program Files\dotnet\packs\Microsoft.NETCore.App.Ref\9.0.11\ref\net9.0\System.Resources.ResourceManager.dll
           C:\Program Files\dotnet\packs\Microsoft.NETCore.App.Ref\9.0.11\ref\net9.0\System.Resources.Writer.dll
           C:\Program Files\dotnet\packs\Microsoft.NETCore.App.Ref\9.0.11\ref\net9.0\System.Runtime.CompilerServices.Unsafe.dll
           C:\Program Files\dotnet\packs\Microsoft.NETCore.App.Ref\9.0.11\ref\net9.0\System.Runtime.CompilerServices.VisualC.dll
           C:\Program Files\dotnet\packs\Microsoft.NETCore.App.Ref\9.0.11\ref\net9.0\System.Runtime.dll
           C:\Program Files\dotnet\packs\Microsoft.NETCore.App.Ref\9.0.11\ref\net9.0\System.Runtime.Extensions.dll
           C:\Program Files\dotnet\packs\Microsoft.NETCore.App.Ref\9.0.11\ref\net9.0\System.Runtime.Handles.dll
           C:\Program Files\dotnet\packs\Microsoft.NETCore.App.Ref\9.0.11\ref\net9.0\System.Runtime.InteropServices.dll
           C:\Program Files\dotnet\packs\Microsoft.NETCore.App.Ref\9.0.11\ref\net9.0\System.Runtime.InteropServices.JavaScript.dll
           C:\Program Files\dotnet\packs\Microsoft.NETCore.App.Ref\9.0.11\ref\net9.0\System.Runtime.InteropServices.RuntimeInformation.dll
           C:\Program Files\dotnet\packs\Microsoft.NETCore.App.Ref\9.0.11\ref\net9.0\System.Runtime.Intrinsics.dll
           C:\Program Files\dotnet\packs\Microsoft.NETCore.App.Ref\9.0.11\ref\net9.0\System.Runtime.Loader.dll
           C:\Program Files\dotnet\packs\Microsoft.NETCore.App.Ref\9.0.11\ref\net9.0\System.Runtime.Numerics.dll
           C:\Program Files\dotnet\packs\Microsoft.NETCore.App.Ref\9.0.11\ref\net9.0\System.Runtime.Serialization.dll
           C:\Program Files\dotnet\packs\Microsoft.NETCore.App.Ref\9.0.11\ref\net9.0\System.Runtime.Serialization.Formatters.dll
           C:\Program Files\dotnet\packs\Microsoft.NETCore.App.Ref\9.0.11\ref\net9.0\System.Runtime.Serialization.Json.dll
           C:\Program Files\dotnet\packs\Microsoft.NETCore.App.Ref\9.0.11\ref\net9.0\System.Runtime.Serialization.Primitives.dll
           C:\Program Files\dotnet\packs\Microsoft.NETCore.App.Ref\9.0.11\ref\net9.0\System.Runtime.Serialization.Xml.dll
           C:\Program Files\dotnet\packs\Microsoft.NETCore.App.Ref\9.0.11\ref\net9.0\System.Security.AccessControl.dll
           C:\Program Files\dotnet\packs\Microsoft.NETCore.App.Ref\9.0.11\ref\net9.0\System.Security.Claims.dll
           C:\Program Files\dotnet\packs\Microsoft.NETCore.App.Ref\9.0.11\ref\net9.0\System.Security.Cryptography.Algorithms.dll
           C:\Program Files\dotnet\packs\Microsoft.NETCore.App.Ref\9.0.11\ref\net9.0\System.Security.Cryptography.Cng.dll
           C:\Program Files\dotnet\packs\Microsoft.NETCore.App.Ref\9.0.11\ref\net9.0\System.Security.Cryptography.Csp.dll
           C:\Program Files\dotnet\packs\Microsoft.NETCore.App.Ref\9.0.11\ref\net9.0\System.Security.Cryptography.dll
           C:\Program Files\dotnet\packs\Microsoft.NETCore.App.Ref\9.0.11\ref\net9.0\System.Security.Cryptography.Encoding.dll
           C:\Program Files\dotnet\packs\Microsoft.NETCore.App.Ref\9.0.11\ref\net9.0\System.Security.Cryptography.OpenSsl.dll
           C:\Program Files\dotnet\packs\Microsoft.NETCore.App.Ref\9.0.11\ref\net9.0\System.Security.Cryptography.Primitives.dll
           C:\Users\Dell\.nuget\packages\system.security.cryptography.protecteddata\6.0.0\lib\net6.0\System.Security.Cryptography.ProtectedData.dll
           C:\Program Files\dotnet\packs\Microsoft.NETCore.App.Ref\9.0.11\ref\net9.0\System.Security.Cryptography.X509Certificates.dll
           C:\Program Files\dotnet\packs\Microsoft.NETCore.App.Ref\9.0.11\ref\net9.0\System.Security.dll
           C:\Program Files\dotnet\packs\Microsoft.NETCore.App.Ref\9.0.11\ref\net9.0\System.Security.Principal.dll
           C:\Program Files\dotnet\packs\Microsoft.NETCore.App.Ref\9.0.11\ref\net9.0\System.Security.Principal.Windows.dll
           C:\Program Files\dotnet\packs\Microsoft.NETCore.App.Ref\9.0.11\ref\net9.0\System.Security.SecureString.dll
           C:\Program Files\dotnet\packs\Microsoft.NETCore.App.Ref\9.0.11\ref\net9.0\System.ServiceModel.Web.dll
           C:\Program Files\dotnet\packs\Microsoft.NETCore.App.Ref\9.0.11\ref\net9.0\System.ServiceProcess.dll
           C:\Program Files\dotnet\packs\Microsoft.NETCore.App.Ref\9.0.11\ref\net9.0\System.Text.Encoding.CodePages.dll
           C:\Program Files\dotnet\packs\Microsoft.NETCore.App.Ref\9.0.11\ref\net9.0\System.Text.Encoding.dll
           C:\Program Files\dotnet\packs\Microsoft.NETCore.App.Ref\9.0.11\ref\net9.0\System.Text.Encoding.Extensions.dll
           C:\Program Files\dotnet\packs\Microsoft.NETCore.App.Ref\9.0.11\ref\net9.0\System.Text.Encodings.Web.dll
           C:\Program Files\dotnet\packs\Microsoft.NETCore.App.Ref\9.0.11\ref\net9.0\System.Text.Json.dll
           C:\Program Files\dotnet\packs\Microsoft.NETCore.App.Ref\9.0.11\ref\net9.0\System.Text.RegularExpressions.dll
           C:\Program Files\dotnet\packs\Microsoft.NETCore.App.Ref\9.0.11\ref\net9.0\System.Threading.Channels.dll
           C:\Program Files\dotnet\packs\Microsoft.NETCore.App.Ref\9.0.11\ref\net9.0\System.Threading.dll
           C:\Program Files\dotnet\packs\Microsoft.NETCore.App.Ref\9.0.11\ref\net9.0\System.Threading.Overlapped.dll
           C:\Program Files\dotnet\packs\Microsoft.NETCore.App.Ref\9.0.11\ref\net9.0\System.Threading.Tasks.Dataflow.dll
           C:\Program Files\dotnet\packs\Microsoft.NETCore.App.Ref\9.0.11\ref\net9.0\System.Threading.Tasks.dll
           C:\Program Files\dotnet\packs\Microsoft.NETCore.App.Ref\9.0.11\ref\net9.0\System.Threading.Tasks.Extensions.dll
           C:\Program Files\dotnet\packs\Microsoft.NETCore.App.Ref\9.0.11\ref\net9.0\System.Threading.Tasks.Parallel.dll
           C:\Program Files\dotnet\packs\Microsoft.NETCore.App.Ref\9.0.11\ref\net9.0\System.Threading.Thread.dll
           C:\Program Files\dotnet\packs\Microsoft.NETCore.App.Ref\9.0.11\ref\net9.0\System.Threading.ThreadPool.dll
           C:\Program Files\dotnet\packs\Microsoft.NETCore.App.Ref\9.0.11\ref\net9.0\System.Threading.Timer.dll
           C:\Program Files\dotnet\packs\Microsoft.NETCore.App.Ref\9.0.11\ref\net9.0\System.Transactions.dll
           C:\Program Files\dotnet\packs\Microsoft.NETCore.App.Ref\9.0.11\ref\net9.0\System.Transactions.Local.dll
           C:\Program Files\dotnet\packs\Microsoft.NETCore.App.Ref\9.0.11\ref\net9.0\System.ValueTuple.dll
           C:\Program Files\dotnet\packs\Microsoft.NETCore.App.Ref\9.0.11\ref\net9.0\System.Web.dll
           C:\Program Files\dotnet\packs\Microsoft.NETCore.App.Ref\9.0.11\ref\net9.0\System.Web.HttpUtility.dll
           C:\Program Files\dotnet\packs\Microsoft.NETCore.App.Ref\9.0.11\ref\net9.0\System.Windows.dll
           C:\Program Files\dotnet\packs\Microsoft.NETCore.App.Ref\9.0.11\ref\net9.0\System.Xml.dll
           C:\Program Files\dotnet\packs\Microsoft.NETCore.App.Ref\9.0.11\ref\net9.0\System.Xml.Linq.dll
           C:\Program Files\dotnet\packs\Microsoft.NETCore.App.Ref\9.0.11\ref\net9.0\System.Xml.ReaderWriter.dll
           C:\Program Files\dotnet\packs\Microsoft.NETCore.App.Ref\9.0.11\ref\net9.0\System.Xml.Serialization.dll
           C:\Program Files\dotnet\packs\Microsoft.NETCore.App.Ref\9.0.11\ref\net9.0\System.Xml.XDocument.dll
           C:\Program Files\dotnet\packs\Microsoft.NETCore.App.Ref\9.0.11\ref\net9.0\System.Xml.XmlDocument.dll
           C:\Program Files\dotnet\packs\Microsoft.NETCore.App.Ref\9.0.11\ref\net9.0\System.Xml.XmlSerializer.dll
           C:\Program Files\dotnet\packs\Microsoft.NETCore.App.Ref\9.0.11\ref\net9.0\System.Xml.XPath.dll
           C:\Program Files\dotnet\packs\Microsoft.NETCore.App.Ref\9.0.11\ref\net9.0\System.Xml.XPath.XDocument.dll
           C:\Program Files\dotnet\packs\Microsoft.NETCore.App.Ref\9.0.11\ref\net9.0\WindowsBase.dll
           obj\Debug\net9.0\FreshProduce.Infrastructure.csproj.CoreCompileInputs.cache
           obj\Debug\net9.0\FreshProduce.Infrastructure.csproj.BuildWithSkipAnalyzers
           C:\Program Files\dotnet\sdk\10.0.101\Sdks\Microsoft.NET.Sdk\targets\..\analyzers\Microsoft.CodeAnalysis.CSharp.NetAnalyzers.dll
           C:\Program Files\dotnet\sdk\10.0.101\Sdks\Microsoft.NET.Sdk\targets\..\analyzers\Microsoft.CodeAnalysis.NetAnalyzers.dll
           C:\Users\Dell\.nuget\packages\microsoft.codeanalysis.analyzers\3.3.4\analyzers\dotnet\cs\Microsoft.CodeAnalysis.Analyzers.dll
           C:\Users\Dell\.nuget\packages\microsoft.codeanalysis.analyzers\3.3.4\analyzers\dotnet\cs\Microsoft.CodeAnalysis.CSharp.Analyzers.dll
           C:\Users\Dell\.nuget\packages\microsoft.entityframeworkcore.analyzers\9.0.0\analyzers\dotnet\cs\Microsoft.EntityFrameworkCore.Analyzers.dll
           C:\Users\Dell\.nuget\packages\microsoft.extensions.logging.abstractions\9.0.0\analyzers\dotnet\roslyn4.4\cs\Microsoft.Extensions.Logging.Generators.dll
           C:\Users\Dell\.nuget\packages\microsoft.extensions.options\9.0.0\analyzers\dotnet\roslyn4.4\cs\Microsoft.Extensions.Options.SourceGeneration.dll
           C:\Program Files\dotnet\packs\Microsoft.NETCore.App.Ref\9.0.11\analyzers/dotnet/cs/Microsoft.Interop.ComInterfaceGenerator.dll
           C:\Program Files\dotnet\packs\Microsoft.NETCore.App.Ref\9.0.11\analyzers/dotnet/cs/Microsoft.Interop.JavaScript.JSImportGenerator.dll
           C:\Program Files\dotnet\packs\Microsoft.NETCore.App.Ref\9.0.11\analyzers/dotnet/cs/Microsoft.Interop.LibraryImportGenerator.dll
           C:\Program Files\dotnet\packs\Microsoft.NETCore.App.Ref\9.0.11\analyzers/dotnet/cs/Microsoft.Interop.SourceGeneration.dll
           C:\Program Files\dotnet\packs\Microsoft.NETCore.App.Ref\9.0.11\analyzers/dotnet/cs/System.Text.Json.SourceGeneration.dll
           C:\Program Files\dotnet\packs\Microsoft.NETCore.App.Ref\9.0.11\analyzers/dotnet/cs/System.Text.RegularExpressions.Generator.dll
           obj\Debug\net9.0\FreshProduce.Infrastructure.GeneratedMSBuildEditorConfig.editorconfig
           C:\Program Files\dotnet\sdk\10.0.101\Sdks\Microsoft.NET.Sdk\analyzers\build\config\analysislevel_9_default.globalconfig
           D:\P.L\Flutter\fresh_produce_app\FreshProduce.Infrastructure\obj\FreshProduce.Infrastructure.csproj.nuget.g.props
           C:\Program Files\dotnet\sdk\10.0.101\Current\Microsoft.Common.targets\ImportAfter\Microsoft.TestPlatform.ImportAfter.targets
       Output files: 
           obj\Debug\net9.0\FreshProduce.Infrastructure.dll
           obj\Debug\net9.0\refint\FreshProduce.Infrastructure.dll
           obj\Debug\net9.0\FreshProduce.Infrastructure.pdb
       C:\Program Files\dotnet\sdk\10.0.101\Roslyn\Microsoft.CSharp.Core.targets(66,7): message : Property reassignment: $(NoWarn)="1701;1702;1701;1702" (previous value: "1701;1702") at C:\Program Files\dotnet\sdk\10.0.101\Roslyn\Microsoft.CSharp.Core.targets (66,7) [D:\P.L\Flutter\fresh_produce_app\FreshProduce.Infrastructure\FreshProduce.Infrastructure.csproj]
   4:6>Done building target "CoreCompile" in project "FreshProduce.Infrastructure.csproj".
   4:6>Target "AfterCompile" in file "C:\Program Files\dotnet\sdk\10.0.101\Microsoft.Common.CurrentVersion.targets" from project "D:\P.L\Flutter\fresh_produce_app\FreshProduce.Infrastructure\FreshProduce.Infrastructure.csproj" (target "Compile" depends on it):
   4:6>Done building target "AfterCompile" in project "FreshProduce.Infrastructure.csproj".
   4:6>Target "Compile" in file "C:\Program Files\dotnet\sdk\10.0.101\Microsoft.Common.CurrentVersion.targets" from project "D:\P.L\Flutter\fresh_produce_app\FreshProduce.Infrastructure\FreshProduce.Infrastructure.csproj" (target "CoreBuild" depends on it):
   4:6>Done building target "Compile" in project "FreshProduce.Infrastructure.csproj".
   4:6>Target "_GenerateSatelliteAssemblyInputs" in file "C:\Program Files\dotnet\sdk\10.0.101\Microsoft.Common.CurrentVersion.targets" from project "D:\P.L\Flutter\fresh_produce_app\FreshProduce.Infrastructure\FreshProduce.Infrastructure.csproj" (target "CreateSatelliteAssemblies" depends on it):
   4:6>Done building target "_GenerateSatelliteAssemblyInputs" in project "FreshProduce.Infrastructure.csproj".
   4:6>Target "CreateSatelliteAssemblies" in file "C:\Program Files\dotnet\sdk\10.0.101\Microsoft.Common.CurrentVersion.targets" from project "D:\P.L\Flutter\fresh_produce_app\FreshProduce.Infrastructure\FreshProduce.Infrastructure.csproj" (target "CoreBuild" depends on it):
   4:6>Done building target "CreateSatelliteAssemblies" in project "FreshProduce.Infrastructure.csproj".
   4:6>Target "GetTargetPathWithTargetPlatformMoniker" in file "C:\Program Files\dotnet\sdk\10.0.101\Microsoft.Common.CurrentVersion.targets" from project "D:\P.L\Flutter\fresh_produce_app\FreshProduce.Infrastructure\FreshProduce.Infrastructure.csproj" (target "GetTargetPath" depends on it):
   4:6>Done building target "GetTargetPathWithTargetPlatformMoniker" in project "FreshProduce.Infrastructure.csproj".
   4:6>Target "GetTargetPath" in file "C:\Program Files\dotnet\sdk\10.0.101\Microsoft.Common.CurrentVersion.targets" from project "D:\P.L\Flutter\fresh_produce_app\FreshProduce.Infrastructure\FreshProduce.Infrastructure.csproj" (target "CoreBuild" depends on it):
   4:6>Done building target "GetTargetPath" in project "FreshProduce.Infrastructure.csproj".
   4:6>Target "_CopyFilesMarkedCopyLocal" in file "C:\Program Files\dotnet\sdk\10.0.101\Microsoft.Common.CurrentVersion.targets" from project "D:\P.L\Flutter\fresh_produce_app\FreshProduce.Infrastructure\FreshProduce.Infrastructure.csproj" (target "CopyFilesToOutputDirectory" depends on it):
       Using "Copy" task from assembly "Microsoft.Build.Tasks.Core, Version=15.1.0.0, Culture=neutral, PublicKeyToken=b03f5f7f11d50a3a".
       Task "Copy"
         Did not copy from file "D:\P.L\Flutter\fresh_produce_app\FreshProduce.Domain\bin\Debug\net9.0\FreshProduce.Domain.dll" to file "bin\Debug\net9.0\FreshProduce.Domain.dll" because the "SkipUnchangedFiles" parameter was set to "true" in the project and the files' sizes and timestamps match.
         Did not copy from file "D:\P.L\Flutter\fresh_produce_app\FreshProduce.Application\bin\Debug\net9.0\FreshProduce.Application.dll" to file "bin\Debug\net9.0\FreshProduce.Application.dll" because the "SkipUnchangedFiles" parameter was set to "true" in the project and the files' sizes and timestamps match.
         Did not copy from file "D:\P.L\Flutter\fresh_produce_app\FreshProduce.Application\bin\Debug\net9.0\FreshProduce.Application.pdb" to file "bin\Debug\net9.0\FreshProduce.Application.pdb" because the "SkipUnchangedFiles" parameter was set to "true" in the project and the files' sizes and timestamps match.
         Did not copy from file "D:\P.L\Flutter\fresh_produce_app\FreshProduce.Domain\bin\Debug\net9.0\FreshProduce.Domain.pdb" to file "bin\Debug\net9.0\FreshProduce.Domain.pdb" because the "SkipUnchangedFiles" parameter was set to "true" in the project and the files' sizes and timestamps match.
       Done executing task "Copy".
   4:6>Done building target "_CopyFilesMarkedCopyLocal" in project "FreshProduce.Infrastructure.csproj".
       Target "AssignTargetPaths" skipped. Previously built successfully.
       Target "AssignProjectConfiguration" skipped. Previously built successfully.
       Target "_SplitProjectReferencesByFileExistence" skipped. Previously built successfully.
       Target "_GetProjectReferenceTargetFrameworkProperties" skipped. Previously built successfully.
   4:6>Target "_PopulateCommonStateForGetCopyToOutputDirectoryItems" in file "C:\Program Files\dotnet\sdk\10.0.101\Microsoft.Common.CurrentVersion.targets" from project "D:\P.L\Flutter\fresh_produce_app\FreshProduce.Infrastructure\FreshProduce.Infrastructure.csproj" (target "GetCopyToOutputDirectoryItems" depends on it):
   4:6>Done building target "_PopulateCommonStateForGetCopyToOutputDirectoryItems" in project "FreshProduce.Infrastructure.csproj".
   4:6>Target "GetCopyToOutputDirectoryItems" in file "C:\Program Files\dotnet\sdk\10.0.101\Microsoft.Common.CurrentVersion.targets" from project "D:\P.L\Flutter\fresh_produce_app\FreshProduce.Infrastructure\FreshProduce.Infrastructure.csproj" (target "_CopySourceItemsToOutputDirectory" depends on it):
       Using "CallTarget" task from assembly "Microsoft.Build.Tasks.Core, Version=15.1.0.0, Culture=neutral, PublicKeyToken=b03f5f7f11d50a3a".
       Task "CallTarget"
       Target "_PopulateCommonStateForGetCopyToOutputDirectoryItems" skipped. Previously built successfully.
       Target "_AddOutputPathToGlobalPropertiesToRemove" skipped. Previously built successfully.
   4:6>Target "_GetCopyToOutputDirectoryItemsFromTransitiveProjectReferences" in file "C:\Program Files\dotnet\sdk\10.0.101\Microsoft.Common.CurrentVersion.targets" from project "D:\P.L\Flutter\fresh_produce_app\FreshProduce.Infrastructure\FreshProduce.Infrastructure.csproj" (target "GetCopyToOutputDirectoryItems" depends on it):
       Task "MSBuild"
         Removing Properties for project "..\FreshProduce.Application\FreshProduce.Application.csproj":
           TargetFramework
           RuntimeIdentifier
           SelfContained
         Removing Properties for project "..\FreshProduce.Domain\FreshProduce.Domain.csproj":
           TargetFramework
           RuntimeIdentifier
           SelfContained
   4:6>Project "D:\P.L\Flutter\fresh_produce_app\FreshProduce.Infrastructure\FreshProduce.Infrastructure.csproj" (4:6) is building "D:\P.L\Flutter\fresh_produce_app\FreshProduce.Domain\FreshProduce.Domain.csproj" (3:15) on node 1 (GetCopyToOutputDirectoryItems target(s)).
  3:15>Target "GetCopyToOutputDirectoryItems" skipped. Previously built successfully.
  3:15>Done Building Project "D:\P.L\Flutter\fresh_produce_app\FreshProduce.Domain\FreshProduce.Domain.csproj" (GetCopyToOutputDirectoryItems target(s)).
   4:6>Project "D:\P.L\Flutter\fresh_produce_app\FreshProduce.Infrastructure\FreshProduce.Infrastructure.csproj" (4:6) is building "D:\P.L\Flutter\fresh_produce_app\FreshProduce.Application\FreshProduce.Application.csproj" (2:11) on node 2 (GetCopyToOutputDirectoryItems target(s)).
  2:11>Target "GetCopyToOutputDirectoryItems" skipped. Previously built successfully.
  2:11>Done Building Project "D:\P.L\Flutter\fresh_produce_app\FreshProduce.Application\FreshProduce.Application.csproj" (GetCopyToOutputDirectoryItems target(s)).
   4:6>Done executing task "MSBuild".
       Task "AssignTargetPath"
       Done executing task "AssignTargetPath".
   4:6>Done building target "_GetCopyToOutputDirectoryItemsFromTransitiveProjectReferences" in project "FreshProduce.Infrastructure.csproj".
       Done executing task "CallTarget".
       Task "CallTarget"
       Target "AssignTargetPaths" skipped. Previously built successfully.
       Target "_PopulateCommonStateForGetCopyToOutputDirectoryItems" skipped. Previously built successfully.
   4:6>Target "_GetCopyToOutputDirectoryItemsFromThisProject" in file "C:\Program Files\dotnet\sdk\10.0.101\Microsoft.Common.CurrentVersion.targets" from project "D:\P.L\Flutter\fresh_produce_app\FreshProduce.Infrastructure\FreshProduce.Infrastructure.csproj" (target "GetCopyToOutputDirectoryItems" depends on it):
       Task "AssignTargetPath"
       Done executing task "AssignTargetPath".
   4:6>Done building target "_GetCopyToOutputDirectoryItemsFromThisProject" in project "FreshProduce.Infrastructure.csproj".
       Done executing task "CallTarget".
   4:6>Done building target "GetCopyToOutputDirectoryItems" in project "FreshProduce.Infrastructure.csproj".
   4:6>Target "_CopySourceItemsToOutputDirectory" in file "C:\Program Files\dotnet\sdk\10.0.101\Microsoft.Common.CurrentVersion.targets" from project "D:\P.L\Flutter\fresh_produce_app\FreshProduce.Infrastructure\FreshProduce.Infrastructure.csproj" (target "CopyFilesToOutputDirectory" depends on it):
   4:6>Done building target "_CopySourceItemsToOutputDirectory" in project "FreshProduce.Infrastructure.csproj".
   4:6>Target "_CheckForCompileOutputs" in file "C:\Program Files\dotnet\sdk\10.0.101\Microsoft.Common.CurrentVersion.targets" from project "D:\P.L\Flutter\fresh_produce_app\FreshProduce.Infrastructure\FreshProduce.Infrastructure.csproj" (target "CopyFilesToOutputDirectory" depends on it):
   4:6>Done building target "_CheckForCompileOutputs" in project "FreshProduce.Infrastructure.csproj".
       Target "_DefaultMicrosoftNETPlatformLibrary" skipped. Previously built successfully.
       Target "_HandlePackageFileConflicts" skipped. Previously built successfully.
       Target "ResolveAssemblyReferences" skipped. Previously built successfully.
   4:6>Target "_ComputeReferenceAssemblies" in file "C:\Program Files\dotnet\sdk\10.0.101\Sdks\Microsoft.NET.Sdk\targets\Microsoft.NET.Sdk.targets" from project "D:\P.L\Flutter\fresh_produce_app\FreshProduce.Infrastructure\FreshProduce.Infrastructure.csproj" (target "GenerateBuildDependencyFile" depends on it):
   4:6>Done building target "_ComputeReferenceAssemblies" in project "FreshProduce.Infrastructure.csproj".
   4:6>Target "_ComputeUserRuntimeAssemblies" in file "C:\Program Files\dotnet\sdk\10.0.101\Sdks\Microsoft.NET.Sdk\targets\Microsoft.NET.Sdk.targets" from project "D:\P.L\Flutter\fresh_produce_app\FreshProduce.Infrastructure\FreshProduce.Infrastructure.csproj" (target "GenerateBuildDependencyFile" depends on it):
   4:6>Done building target "_ComputeUserRuntimeAssemblies" in project "FreshProduce.Infrastructure.csproj".
       Target "_ComputePackageReferencePublish" skipped. Previously built successfully.
   4:6>Target "GenerateBuildDependencyFile" in file "C:\Program Files\dotnet\sdk\10.0.101\Sdks\Microsoft.NET.Sdk\targets\Microsoft.NET.Sdk.targets" from project "D:\P.L\Flutter\fresh_produce_app\FreshProduce.Infrastructure\FreshProduce.Infrastructure.csproj" (target "CopyFilesToOutputDirectory" depends on it):
       Skipping target "GenerateBuildDependencyFile" because all output files are up-to-date with respect to the input files.
       Input files: 
           D:\P.L\Flutter\fresh_produce_app\FreshProduce.Infrastructure\obj\project.assets.json
           D:\P.L\Flutter\fresh_produce_app\FreshProduce.Infrastructure\obj\Debug\net9.0\FreshProduce.Infrastructure.assets.cache
           D:\P.L\Flutter\fresh_produce_app\FreshProduce.Infrastructure\obj\FreshProduce.Infrastructure.csproj.nuget.g.props
           C:\Program Files\dotnet\sdk\10.0.101\Current\Microsoft.Common.targets\ImportAfter\Microsoft.TestPlatform.ImportAfter.targets
       Output files: D:\P.L\Flutter\fresh_produce_app\FreshProduce.Infrastructure\bin\Debug\net9.0\FreshProduce.Infrastructure.deps.json
   4:6>Done building target "GenerateBuildDependencyFile" in project "FreshProduce.Infrastructure.csproj".
       Target "_DefaultMicrosoftNETPlatformLibrary" skipped. Previously built successfully.
   4:6>Target "_GenerateRuntimeConfigurationFilesInputCache" in file "C:\Program Files\dotnet\sdk\10.0.101\Sdks\Microsoft.NET.Sdk\targets\Microsoft.NET.Sdk.targets" from project "D:\P.L\Flutter\fresh_produce_app\FreshProduce.Infrastructure\FreshProduce.Infrastructure.csproj" (target "GenerateBuildRuntimeConfigurationFiles" depends on it):
       Task "Hash"
       Done executing task "Hash".
       Task "WriteLinesToFile"
         Skipping write to file "D:\P.L\Flutter\fresh_produce_app\FreshProduce.Infrastructure\obj\Debug\net9.0\FreshProduce.Infrastructure.genruntimeconfig.cache" because content would not change.
       Done executing task "WriteLinesToFile".
   4:6>Done building target "_GenerateRuntimeConfigurationFilesInputCache" in project "FreshProduce.Infrastructure.csproj".
   4:6>Target "GenerateBuildRuntimeConfigurationFiles" in file "C:\Program Files\dotnet\sdk\10.0.101\Sdks\Microsoft.NET.Sdk\targets\Microsoft.NET.Sdk.targets" from project "D:\P.L\Flutter\fresh_produce_app\FreshProduce.Infrastructure\FreshProduce.Infrastructure.csproj" (target "CopyFilesToOutputDirectory" depends on it):
       Skipping target "GenerateBuildRuntimeConfigurationFiles" because all output files are up-to-date with respect to the input files.
       Input files: 
           D:\P.L\Flutter\fresh_produce_app\FreshProduce.Infrastructure\obj\project.assets.json
           D:\P.L\Flutter\fresh_produce_app\FreshProduce.Infrastructure\obj\Debug\net9.0\FreshProduce.Infrastructure.assets.cache
           D:\P.L\Flutter\fresh_produce_app\FreshProduce.Infrastructure\obj\Debug\net9.0\FreshProduce.Infrastructure.genruntimeconfig.cache
       Output files: D:\P.L\Flutter\fresh_produce_app\FreshProduce.Infrastructure\bin\Debug\net9.0\FreshProduce.Infrastructure.runtimeconfig.json
   4:6>Done building target "GenerateBuildRuntimeConfigurationFiles" in project "FreshProduce.Infrastructure.csproj".
   4:6>Target "CopyFilesToOutputDirectory" in file "C:\Program Files\dotnet\sdk\10.0.101\Microsoft.Common.CurrentVersion.targets" from project "D:\P.L\Flutter\fresh_produce_app\FreshProduce.Infrastructure\FreshProduce.Infrastructure.csproj" (target "PrepareForRun" depends on it):
       Task "Copy"
         Did not copy from file "obj\Debug\net9.0\FreshProduce.Infrastructure.dll" to file "bin\Debug\net9.0\FreshProduce.Infrastructure.dll" because the "SkipUnchangedFiles" parameter was set to "true" in the project and the files' sizes and timestamps match.
       Done executing task "Copy".
       Using "CopyRefAssembly" task from assembly "C:\Program Files\dotnet\sdk\10.0.101\Sdks\Microsoft.NET.Sdk\targets\..\..\..\Roslyn\Microsoft.Build.Tasks.CodeAnalysis.dll".
       Task "CopyRefAssembly"
         Reference assembly "D:\P.L\Flutter\fresh_produce_app\FreshProduce.Infrastructure\obj\Debug\net9.0\ref\FreshProduce.Infrastructure.dll" already has latest information. Leaving it untouched.
       Done executing task "CopyRefAssembly".
       Task "Message"
         FreshProduce.Infrastructure -> D:\P.L\Flutter\fresh_produce_app\FreshProduce.Infrastructure\bin\Debug\net9.0\FreshProduce.Infrastructure.dll
       Done executing task "Message".
       Task "Copy"
         Did not copy from file "obj\Debug\net9.0\FreshProduce.Infrastructure.pdb" to file "bin\Debug\net9.0\FreshProduce.Infrastructure.pdb" because the "SkipUnchangedFiles" parameter was set to "true" in the project and the files' sizes and timestamps match.
       Done executing task "Copy".
   4:6>Done building target "CopyFilesToOutputDirectory" in project "FreshProduce.Infrastructure.csproj".
   4:6>Target "PrepareForRun" in file "C:\Program Files\dotnet\sdk\10.0.101\Microsoft.Common.CurrentVersion.targets" from project "D:\P.L\Flutter\fresh_produce_app\FreshProduce.Infrastructure\FreshProduce.Infrastructure.csproj" (target "CoreBuild" depends on it):
   4:6>Done building target "PrepareForRun" in project "FreshProduce.Infrastructure.csproj".
       Target "_CheckForCompileOutputs" skipped. Previously built successfully.
   4:6>Target "_CleanGetCurrentAndPriorFileWrites" in file "C:\Program Files\dotnet\sdk\10.0.101\Microsoft.Common.CurrentVersion.targets" from project "D:\P.L\Flutter\fresh_produce_app\FreshProduce.Infrastructure\FreshProduce.Infrastructure.csproj" (target "IncrementalClean" depends on it):
       Using "ReadLinesFromFile" task from assembly "Microsoft.Build.Tasks.Core, Version=15.1.0.0, Culture=neutral, PublicKeyToken=b03f5f7f11d50a3a".
       Task "ReadLinesFromFile"
       Done executing task "ReadLinesFromFile".
       Task "ConvertToAbsolutePath"
       Done executing task "ConvertToAbsolutePath".
       Using "FindUnderPath" task from assembly "Microsoft.Build.Tasks.Core, Version=15.1.0.0, Culture=neutral, PublicKeyToken=b03f5f7f11d50a3a".
       Task "FindUnderPath"
         Comparison path is "D:\P.L\Flutter\fresh_produce_app\FreshProduce.Infrastructure".
       Done executing task "FindUnderPath".
       Task "FindUnderPath"
         Comparison path is "bin\Debug\net9.0\".
       Done executing task "FindUnderPath".
       Task "FindUnderPath"
         Comparison path is "obj\Debug\net9.0\".
       Done executing task "FindUnderPath".
       Task "RemoveDuplicates"
       Done executing task "RemoveDuplicates".
   4:6>Done building target "_CleanGetCurrentAndPriorFileWrites" in project "FreshProduce.Infrastructure.csproj".
   4:6>Target "IncrementalClean" in file "C:\Program Files\dotnet\sdk\10.0.101\Microsoft.Common.CurrentVersion.targets" from project "D:\P.L\Flutter\fresh_produce_app\FreshProduce.Infrastructure\FreshProduce.Infrastructure.csproj" (target "CoreBuild" depends on it):
       Task "FindUnderPath"
         Comparison path is "bin\Debug\net9.0\".
       Done executing task "FindUnderPath".
       Task "FindUnderPath"
         Comparison path is "obj\Debug\net9.0\".
       Done executing task "FindUnderPath".
       Using "Delete" task from assembly "Microsoft.Build.Tasks.Core, Version=15.1.0.0, Culture=neutral, PublicKeyToken=b03f5f7f11d50a3a".
       Task "Delete"
       Done executing task "Delete".
       Task "RemoveDuplicates"
       Done executing task "RemoveDuplicates".
   4:6>Done building target "IncrementalClean" in project "FreshProduce.Infrastructure.csproj".
       Target "GenerateBuildDependencyFile" skipped. Previously built successfully.
       Target "GenerateBuildRuntimeConfigurationFiles" skipped. Previously built successfully.
   4:6>Target "CoreBuild" in file "C:\Program Files\dotnet\sdk\10.0.101\Microsoft.Common.CurrentVersion.targets" from project "D:\P.L\Flutter\fresh_produce_app\FreshProduce.Infrastructure\FreshProduce.Infrastructure.csproj" (target "Build" depends on it):
   4:6>Done building target "CoreBuild" in project "FreshProduce.Infrastructure.csproj".
   4:6>Target "AfterBuild" in file "C:\Program Files\dotnet\sdk\10.0.101\Microsoft.Common.CurrentVersion.targets" from project "D:\P.L\Flutter\fresh_produce_app\FreshProduce.Infrastructure\FreshProduce.Infrastructure.csproj" (target "Build" depends on it):
   4:6>Done building target "AfterBuild" in project "FreshProduce.Infrastructure.csproj".
       Target "_CheckForInvalidConfigurationAndPlatform" skipped. Previously built successfully.
       Target "_CheckForInvalidConfigurationAndPlatform" skipped. Previously built successfully.
   4:6>Target "Build" in file "C:\Program Files\dotnet\sdk\10.0.101\Microsoft.Common.CurrentVersion.targets" from project "D:\P.L\Flutter\fresh_produce_app\FreshProduce.Infrastructure\FreshProduce.Infrastructure.csproj" (entry point):
   4:6>Done building target "Build" in project "FreshProduce.Infrastructure.csproj".
   4:6>Target "_CheckContainersPackage" in file "C:\Program Files\dotnet\sdk\10.0.101\Containers\build\Microsoft.NET.Build.Containers.targets" from project "D:\P.L\Flutter\fresh_produce_app\FreshProduce.Infrastructure\FreshProduce.Infrastructure.csproj" (entry point):
   4:6>Done building target "_CheckContainersPackage" in project "FreshProduce.Infrastructure.csproj".
   4:6>Done Building Project "D:\P.L\Flutter\fresh_produce_app\FreshProduce.Infrastructure\FreshProduce.Infrastructure.csproj" (default targets).
   1:7>Done executing task "MSBuild".
       Task "MSBuild"
         Removing Properties:
           WebPublishProfileFile
         Removing Properties for project "..\FreshProduce.Application\FreshProduce.Application.csproj":
           TargetFramework
           RuntimeIdentifier
           SelfContained
         Removing Properties for project "..\FreshProduce.Infrastructure\FreshProduce.Infrastructure.csproj":
           TargetFramework
           RuntimeIdentifier
           SelfContained
         Removing Properties for project "..\FreshProduce.Domain\FreshProduce.Domain.csproj":
           TargetFramework
           RuntimeIdentifier
           SelfContained
   1:7>Project "D:\P.L\Flutter\fresh_produce_app\FreshProduce.Api\FreshProduce.Api.csproj" (1:7) is building "D:\P.L\Flutter\fresh_produce_app\FreshProduce.Domain\FreshProduce.Domain.csproj" (3:16) on node 3 (GetNativeManifest target(s)).
  3:16>Target "GetNativeManifest" skipped. Previously built successfully.
  3:16>Done Building Project "D:\P.L\Flutter\fresh_produce_app\FreshProduce.Domain\FreshProduce.Domain.csproj" (GetNativeManifest target(s)).
   1:7>Project "D:\P.L\Flutter\fresh_produce_app\FreshProduce.Api\FreshProduce.Api.csproj" (1:7) is building "D:\P.L\Flutter\fresh_produce_app\FreshProduce.Application\FreshProduce.Application.csproj" (2:12) on node 2 (GetNativeManifest target(s)).
  2:12>Target "GetNativeManifest" skipped. Previously built successfully.
  2:12>Done Building Project "D:\P.L\Flutter\fresh_produce_app\FreshProduce.Application\FreshProduce.Application.csproj" (GetNativeManifest target(s)).
   1:7>Project "D:\P.L\Flutter\fresh_produce_app\FreshProduce.Api\FreshProduce.Api.csproj" (1:7) is building "D:\P.L\Flutter\fresh_produce_app\FreshProduce.Infrastructure\FreshProduce.Infrastructure.csproj" (4:7) on node 1 (GetNativeManifest target(s)).
   4:7>Target "NETStandardCompatError_Mono_TextTemplating_net6_0" skipped. Previously built successfully.
   4:7>Target "GetNativeManifest" in file "C:\Program Files\dotnet\sdk\10.0.101\Microsoft.Common.CurrentVersion.targets" from project "D:\P.L\Flutter\fresh_produce_app\FreshProduce.Infrastructure\FreshProduce.Infrastructure.csproj" (entry point):
   4:7>Done building target "GetNativeManifest" in project "FreshProduce.Infrastructure.csproj".
   4:7>Done Building Project "D:\P.L\Flutter\fresh_produce_app\FreshProduce.Infrastructure\FreshProduce.Infrastructure.csproj" (GetNativeManifest target(s)).
   1:7>Done executing task "MSBuild".
   1:7>Done building target "ResolveProjectReferences" in project "FreshProduce.Api.csproj".
       Target "ResolveProjectReferences" skipped. Previously built successfully.
       Target "GetFrameworkPaths" skipped. Previously built successfully.
       Target "GetReferenceAssemblyPaths" skipped. Previously built successfully.
       Target "PrepareForBuild" skipped. Previously built successfully.
   1:7>Target "ResolveSDKReferences" in file "C:\Program Files\dotnet\sdk\10.0.101\Microsoft.Common.CurrentVersion.targets" from project "D:\P.L\Flutter\fresh_produce_app\FreshProduce.Api\FreshProduce.Api.csproj" (target "ResolveAssemblyReferences" depends on it):
   1:7>Done building target "ResolveSDKReferences" in project "FreshProduce.Api.csproj".
       Target "ResolveSDKReferences" skipped. Previously built successfully.
   1:7>Target "ExpandSDKReferences" in file "C:\Program Files\dotnet\sdk\10.0.101\Microsoft.Common.CurrentVersion.targets" from project "D:\P.L\Flutter\fresh_produce_app\FreshProduce.Api\FreshProduce.Api.csproj" (target "ResolveAssemblyReferences" depends on it):
   1:7>Done building target "ExpandSDKReferences" in project "FreshProduce.Api.csproj".
       Target "ResolvePackageDependenciesForBuild" skipped. Previously built successfully.
       Target "GetFrameworkPaths" skipped. Previously built successfully.
       Target "GetReferenceAssemblyPaths" skipped. Previously built successfully.
       Target "ProcessFrameworkReferences" skipped. Previously built successfully.
       Target "ResolvePackageAssets" skipped. Previously built successfully.
   1:7>Target "ResolveFrameworkReferences" in file "C:\Program Files\dotnet\sdk\10.0.101\Sdks\Microsoft.NET.Sdk\targets\Microsoft.NET.Sdk.FrameworkReferenceResolution.targets" from project "D:\P.L\Flutter\fresh_produce_app\FreshProduce.Api\FreshProduce.Api.csproj" (target "ResolveTargetingPackAssets" depends on it):
       Using "GetPackageDirectory" task from assembly "C:\Program Files\dotnet\sdk\10.0.101\Sdks\Microsoft.NET.Sdk\targets\..\tools\net10.0\Microsoft.NET.Build.Tasks.dll".
       Task "GetPackageDirectory"
       Done executing task "GetPackageDirectory".
       Task "GetPackageDirectory"
       Done executing task "GetPackageDirectory".
       Task "GetPackageDirectory"
       Done executing task "GetPackageDirectory".
       Task "GetPackageDirectory"
       Done executing task "GetPackageDirectory".
       Task "GetPackageDirectory"
       Done executing task "GetPackageDirectory".
       Task "GetPackageDirectory"
       Done executing task "GetPackageDirectory".
       Task "GetPackageDirectory"
       Done executing task "GetPackageDirectory".
       Task "GetPackageDirectory"
       Done executing task "GetPackageDirectory".
       Task "GetPackageDirectory"
       Done executing task "GetPackageDirectory".
       Task "GetPackageDirectory"
       Done executing task "GetPackageDirectory".
       Using "ResolveFrameworkReferences" task from assembly "C:\Program Files\dotnet\sdk\10.0.101\Sdks\Microsoft.NET.Sdk\targets\..\tools\net10.0\Microsoft.NET.Build.Tasks.dll".
       Task "ResolveFrameworkReferences"
       Done executing task "ResolveFrameworkReferences".
   1:7>Done building target "ResolveFrameworkReferences" in project "FreshProduce.Api.csproj".
   1:7>Target "ResolveTargetingPackAssets" in file "C:\Program Files\dotnet\sdk\10.0.101\Sdks\Microsoft.NET.Sdk\targets\Microsoft.NET.Sdk.FrameworkReferenceResolution.targets" from project "D:\P.L\Flutter\fresh_produce_app\FreshProduce.Api\FreshProduce.Api.csproj" (target "_HandlePackageFileConflicts" depends on it):
       Using "ResolveTargetingPackAssets" task from assembly "C:\Program Files\dotnet\sdk\10.0.101\Sdks\Microsoft.NET.Sdk\targets\..\tools\net10.0\Microsoft.NET.Build.Tasks.dll".
       Task "ResolveTargetingPackAssets"
       Done executing task "ResolveTargetingPackAssets".
   1:7>Done building target "ResolveTargetingPackAssets" in project "FreshProduce.Api.csproj".
   1:7>Target "ResolveOffByDefaultAnalyzers" in file "C:\Program Files\dotnet\sdk\10.0.101\Sdks\Microsoft.NET.Sdk\targets\Microsoft.NET.Sdk.FrameworkReferenceResolution.targets" from project "D:\P.L\Flutter\fresh_produce_app\FreshProduce.Api\FreshProduce.Api.csproj" (target "_HandlePackageFileConflicts" depends on it):
   1:7>Done building target "ResolveOffByDefaultAnalyzers" in project "FreshProduce.Api.csproj".
   1:7>Target "_HandlePackageFileConflicts" in file "C:\Program Files\dotnet\sdk\10.0.101\Sdks\Microsoft.NET.Sdk\targets\Microsoft.NET.ConflictResolution.targets" from project "D:\P.L\Flutter\fresh_produce_app\FreshProduce.Api\FreshProduce.Api.csproj" (target "ResolveAssemblyReferences" depends on it):
       Using "ResolvePackageFileConflicts" task from assembly "C:\Program Files\dotnet\sdk\10.0.101\Sdks\Microsoft.NET.Sdk\targets\..\tools\net10.0\Microsoft.NET.Build.Tasks.dll".
       Task "ResolvePackageFileConflicts"
         Encountered conflict between 'Platform:mscorlib.dll' and 'Platform:mscorlib.dll'. Could not determine winner due to equal file and assembly versions.
         Encountered conflict between 'Platform:Microsoft.VisualBasic.dll' and 'Platform:Microsoft.VisualBasic.dll'. Could not determine winner due to equal file and assembly versions.
         Encountered conflict between 'Platform:System.dll' and 'Platform:System.dll'. Could not determine winner due to equal file and assembly versions.
         Encountered conflict between 'Platform:System.ComponentModel.DataAnnotations.dll' and 'Platform:System.ComponentModel.DataAnnotations.dll'. Could not determine winner due to equal file and assembly versions.
         Encountered conflict between 'Platform:System.Configuration.dll' and 'Platform:System.Configuration.dll'. Could not determine winner due to equal file and assembly versions.
         Encountered conflict between 'Platform:System.Core.dll' and 'Platform:System.Core.dll'. Could not determine winner due to equal file and assembly versions.
         Encountered conflict between 'Platform:System.Data.dll' and 'Platform:System.Data.dll'. Could not determine winner due to equal file and assembly versions.
         Encountered conflict between 'Platform:System.Drawing.dll' and 'Platform:System.Drawing.dll'. Could not determine winner due to equal file and assembly versions.
         Encountered conflict between 'Platform:System.IO.Compression.FileSystem.dll' and 'Platform:System.IO.Compression.FileSystem.dll'. Could not determine winner due to equal file and assembly versions.
         Encountered conflict between 'Platform:System.Net.dll' and 'Platform:System.Net.dll'. Could not determine winner due to equal file and assembly versions.
         Encountered conflict between 'Platform:System.Numerics.dll' and 'Platform:System.Numerics.dll'. Could not determine winner due to equal file and assembly versions.
         Encountered conflict between 'Platform:System.Runtime.Serialization.dll' and 'Platform:System.Runtime.Serialization.dll'. Could not determine winner due to equal file and assembly versions.
         Encountered conflict between 'Platform:System.Security.dll' and 'Platform:System.Security.dll'. Could not determine winner due to equal file and assembly versions.
         Encountered conflict between 'Platform:System.ServiceProcess.dll' and 'Platform:System.ServiceProcess.dll'. Could not determine winner due to equal file and assembly versions.
         Encountered conflict between 'Platform:System.ServiceModel.Web.dll' and 'Platform:System.ServiceModel.Web.dll'. Could not determine winner due to equal file and assembly versions.
         Encountered conflict between 'Platform:System.Transactions.dll' and 'Platform:System.Transactions.dll'. Could not determine winner due to equal file and assembly versions.
         Encountered conflict between 'Platform:System.Web.dll' and 'Platform:System.Web.dll'. Could not determine winner due to equal file and assembly versions.
         Encountered conflict between 'Platform:System.Windows.dll' and 'Platform:System.Windows.dll'. Could not determine winner due to equal file and assembly versions.
         Encountered conflict between 'Platform:System.Xml.dll' and 'Platform:System.Xml.dll'. Could not determine winner due to equal file and assembly versions.
         Encountered conflict between 'Platform:System.Xml.Serialization.dll' and 'Platform:System.Xml.Serialization.dll'. Could not determine winner due to equal file and assembly versions.
         Encountered conflict between 'Platform:System.Xml.Linq.dll' and 'Platform:System.Xml.Linq.dll'. Could not determine winner due to equal file and assembly versions.
         Encountered conflict between 'Platform:WindowsBase.dll' and 'Platform:WindowsBase.dll'. Could not determine winner due to equal file and assembly versions.
         Encountered conflict between 'Platform:netstandard.dll' and 'Platform:netstandard.dll'. Could not determine winner due to equal file and assembly versions.
         Encountered conflict between 'Platform:System.Private.CoreLib.dll' and 'Platform:System.Private.CoreLib.dll'. Could not determine winner due to equal file and assembly versions.
         Encountered conflict between 'Platform:System.Private.DataContractSerialization.dll' and 'Platform:System.Private.DataContractSerialization.dll'. Could not determine winner due to equal file and assembly versions.
         Encountered conflict between 'Platform:System.Private.Uri.dll' and 'Platform:System.Private.Uri.dll'. Could not determine winner due to equal file and assembly versions.
         Encountered conflict between 'Platform:System.Private.Xml.dll' and 'Platform:System.Private.Xml.dll'. Could not determine winner due to equal file and assembly versions.
         Encountered conflict between 'Platform:System.Private.Xml.Linq.dll' and 'Platform:System.Private.Xml.Linq.dll'. Could not determine winner due to equal file and assembly versions.
         Encountered conflict between 'Platform:mscordaccore_amd64_amd64_9.0.1125.51716.dll' and 'Platform:mscordaccore_amd64_amd64_9.0.1125.51716.dll'. Could not determine winner due to equal file and assembly versions.
       Done executing task "ResolvePackageFileConflicts".
   1:7>Done building target "_HandlePackageFileConflicts" in project "FreshProduce.Api.csproj".
       Target "ResolveTargetingPackAssets" skipped. Previously built successfully.
   1:7>Target "ResolveAssemblyReferences" in file "C:\Program Files\dotnet\sdk\10.0.101\Microsoft.Common.CurrentVersion.targets" from project "D:\P.L\Flutter\fresh_produce_app\FreshProduce.Api\FreshProduce.Api.csproj" (target "ResolveReferences" depends on it):
       Task "ResolveAssemblyReference"
         TargetFrameworkMoniker:
             .NETCoreApp,Version=v9.0
         TargetFrameworkMonikerDisplayName:
             .NET 9.0
         TargetedRuntimeVersion:
             
         Assemblies:
             C:\Users\Dell\.nuget\packages\azure.core\1.38.0\lib\net6.0\Azure.Core.dll
                 Private = 'false'
                 HintPath = 'C:\Users\Dell\.nuget\packages\azure.core\1.38.0\lib\net6.0\Azure.Core.dll'
             C:\Users\Dell\.nuget\packages\azure.identity\1.11.4\lib\netstandard2.0\Azure.Identity.dll
                 Private = 'false'
                 HintPath = 'C:\Users\Dell\.nuget\packages\azure.identity\1.11.4\lib\netstandard2.0\Azure.Identity.dll'
             C:\Users\Dell\.nuget\packages\microsoft.aspnetcore.authentication.jwtbearer\9.0.0\lib\net9.0\Microsoft.AspNetCore.Authentication.JwtBearer.dll
                 Private = 'false'
                 HintPath = 'C:\Users\Dell\.nuget\packages\microsoft.aspnetcore.authentication.jwtbearer\9.0.0\lib\net9.0\Microsoft.AspNetCore.Authentication.JwtBearer.dll'
             C:\Users\Dell\.nuget\packages\microsoft.aspnetcore.identity.entityframeworkcore\9.0.0\lib\net9.0\Microsoft.AspNetCore.Identity.EntityFrameworkCore.dll
                 Private = 'false'
                 HintPath = 'C:\Users\Dell\.nuget\packages\microsoft.aspnetcore.identity.entityframeworkcore\9.0.0\lib\net9.0\Microsoft.AspNetCore.Identity.EntityFrameworkCore.dll'
             C:\Users\Dell\.nuget\packages\microsoft.aspnetcore.openapi\9.0.0\lib\net9.0\Microsoft.AspNetCore.OpenApi.dll
                 Private = 'false'
                 HintPath = 'C:\Users\Dell\.nuget\packages\microsoft.aspnetcore.openapi\9.0.0\lib\net9.0\Microsoft.AspNetCore.OpenApi.dll'
             C:\Users\Dell\.nuget\packages\microsoft.bcl.asyncinterfaces\7.0.0\lib\netstandard2.1\Microsoft.Bcl.AsyncInterfaces.dll
                 Private = 'false'
                 HintPath = 'C:\Users\Dell\.nuget\packages\microsoft.bcl.asyncinterfaces\7.0.0\lib\netstandard2.1\Microsoft.Bcl.AsyncInterfaces.dll'
             C:\Users\Dell\.nuget\packages\microsoft.data.sqlclient\5.1.6\ref\net6.0\Microsoft.Data.SqlClient.dll
                 Private = 'false'
                 HintPath = 'C:\Users\Dell\.nuget\packages\microsoft.data.sqlclient\5.1.6\ref\net6.0\Microsoft.Data.SqlClient.dll'
             C:\Users\Dell\.nuget\packages\microsoft.entityframeworkcore\9.0.0\lib\net8.0\Microsoft.EntityFrameworkCore.dll
                 Private = 'false'
                 HintPath = 'C:\Users\Dell\.nuget\packages\microsoft.entityframeworkcore\9.0.0\lib\net8.0\Microsoft.EntityFrameworkCore.dll'
             C:\Users\Dell\.nuget\packages\microsoft.entityframeworkcore.abstractions\9.0.0\lib\net8.0\Microsoft.EntityFrameworkCore.Abstractions.dll
                 Private = 'false'
                 HintPath = 'C:\Users\Dell\.nuget\packages\microsoft.entityframeworkcore.abstractions\9.0.0\lib\net8.0\Microsoft.EntityFrameworkCore.Abstractions.dll'
             C:\Users\Dell\.nuget\packages\microsoft.entityframeworkcore.inmemory\9.0.0\lib\net8.0\Microsoft.EntityFrameworkCore.InMemory.dll
                 Private = 'false'
                 HintPath = 'C:\Users\Dell\.nuget\packages\microsoft.entityframeworkcore.inmemory\9.0.0\lib\net8.0\Microsoft.EntityFrameworkCore.InMemory.dll'
             C:\Users\Dell\.nuget\packages\microsoft.entityframeworkcore.relational\9.0.0\lib\net8.0\Microsoft.EntityFrameworkCore.Relational.dll
                 Private = 'false'
                 HintPath = 'C:\Users\Dell\.nuget\packages\microsoft.entityframeworkcore.relational\9.0.0\lib\net8.0\Microsoft.EntityFrameworkCore.Relational.dll'
             C:\Users\Dell\.nuget\packages\microsoft.entityframeworkcore.sqlserver\9.0.0\lib\net8.0\Microsoft.EntityFrameworkCore.SqlServer.dll
                 Private = 'false'
                 HintPath = 'C:\Users\Dell\.nuget\packages\microsoft.entityframeworkcore.sqlserver\9.0.0\lib\net8.0\Microsoft.EntityFrameworkCore.SqlServer.dll'
             C:\Users\Dell\.nuget\packages\microsoft.identity.client\4.61.3\lib\net6.0\Microsoft.Identity.Client.dll
                 Private = 'false'
                 HintPath = 'C:\Users\Dell\.nuget\packages\microsoft.identity.client\4.61.3\lib\net6.0\Microsoft.Identity.Client.dll'
             C:\Users\Dell\.nuget\packages\microsoft.identity.client.extensions.msal\4.61.3\lib\net6.0\Microsoft.Identity.Client.Extensions.Msal.dll
                 Private = 'false'
                 HintPath = 'C:\Users\Dell\.nuget\packages\microsoft.identity.client.extensions.msal\4.61.3\lib\net6.0\Microsoft.Identity.Client.Extensions.Msal.dll'
             C:\Users\Dell\.nuget\packages\microsoft.identitymodel.abstractions\8.0.1\lib\net9.0\Microsoft.IdentityModel.Abstractions.dll
                 Private = 'false'
                 HintPath = 'C:\Users\Dell\.nuget\packages\microsoft.identitymodel.abstractions\8.0.1\lib\net9.0\Microsoft.IdentityModel.Abstractions.dll'
             C:\Users\Dell\.nuget\packages\microsoft.identitymodel.jsonwebtokens\8.0.1\lib\net9.0\Microsoft.IdentityModel.JsonWebTokens.dll
                 Private = 'false'
                 HintPath = 'C:\Users\Dell\.nuget\packages\microsoft.identitymodel.jsonwebtokens\8.0.1\lib\net9.0\Microsoft.IdentityModel.JsonWebTokens.dll'
             C:\Users\Dell\.nuget\packages\microsoft.identitymodel.logging\8.0.1\lib\net9.0\Microsoft.IdentityModel.Logging.dll
                 Private = 'false'
                 HintPath = 'C:\Users\Dell\.nuget\packages\microsoft.identitymodel.logging\8.0.1\lib\net9.0\Microsoft.IdentityModel.Logging.dll'
             C:\Users\Dell\.nuget\packages\microsoft.identitymodel.protocols\8.0.1\lib\net9.0\Microsoft.IdentityModel.Protocols.dll
                 Private = 'false'
                 HintPath = 'C:\Users\Dell\.nuget\packages\microsoft.identitymodel.protocols\8.0.1\lib\net9.0\Microsoft.IdentityModel.Protocols.dll'
             C:\Users\Dell\.nuget\packages\microsoft.identitymodel.protocols.openidconnect\8.0.1\lib\net9.0\Microsoft.IdentityModel.Protocols.OpenIdConnect.dll
                 Private = 'false'
                 HintPath = 'C:\Users\Dell\.nuget\packages\microsoft.identitymodel.protocols.openidconnect\8.0.1\lib\net9.0\Microsoft.IdentityModel.Protocols.OpenIdConnect.dll'
             C:\Users\Dell\.nuget\packages\microsoft.identitymodel.tokens\8.0.1\lib\net9.0\Microsoft.IdentityModel.Tokens.dll
                 Private = 'false'
                 HintPath = 'C:\Users\Dell\.nuget\packages\microsoft.identitymodel.tokens\8.0.1\lib\net9.0\Microsoft.IdentityModel.Tokens.dll'
             C:\Users\Dell\.nuget\packages\microsoft.openapi\1.6.17\lib\netstandard2.0\Microsoft.OpenApi.dll
                 Private = 'false'
                 HintPath = 'C:\Users\Dell\.nuget\packages\microsoft.openapi\1.6.17\lib\netstandard2.0\Microsoft.OpenApi.dll'
             C:\Users\Dell\.nuget\packages\microsoft.sqlserver.server\1.0.0\lib\netstandard2.0\Microsoft.SqlServer.Server.dll
                 Private = 'false'
                 HintPath = 'C:\Users\Dell\.nuget\packages\microsoft.sqlserver.server\1.0.0\lib\netstandard2.0\Microsoft.SqlServer.Server.dll'
             C:\Users\Dell\.nuget\packages\swashbuckle.aspnetcore.swagger\6.5.0\lib\net7.0\Swashbuckle.AspNetCore.Swagger.dll
                 Private = 'false'
                 HintPath = 'C:\Users\Dell\.nuget\packages\swashbuckle.aspnetcore.swagger\6.5.0\lib\net7.0\Swashbuckle.AspNetCore.Swagger.dll'
             C:\Users\Dell\.nuget\packages\swashbuckle.aspnetcore.swaggergen\6.5.0\lib\net7.0\Swashbuckle.AspNetCore.SwaggerGen.dll
                 Private = 'false'
                 HintPath = 'C:\Users\Dell\.nuget\packages\swashbuckle.aspnetcore.swaggergen\6.5.0\lib\net7.0\Swashbuckle.AspNetCore.SwaggerGen.dll'
             C:\Users\Dell\.nuget\packages\swashbuckle.aspnetcore.swaggerui\6.5.0\lib\net7.0\Swashbuckle.AspNetCore.SwaggerUI.dll
                 Private = 'false'
                 HintPath = 'C:\Users\Dell\.nuget\packages\swashbuckle.aspnetcore.swaggerui\6.5.0\lib\net7.0\Swashbuckle.AspNetCore.SwaggerUI.dll'
             C:\Users\Dell\.nuget\packages\system.clientmodel\1.0.0\lib\net6.0\System.ClientModel.dll
                 Private = 'false'
                 HintPath = 'C:\Users\Dell\.nuget\packages\system.clientmodel\1.0.0\lib\net6.0\System.ClientModel.dll'
             C:\Users\Dell\.nuget\packages\system.identitymodel.tokens.jwt\8.0.1\lib\net9.0\System.IdentityModel.Tokens.Jwt.dll
                 Private = 'false'
                 HintPath = 'C:\Users\Dell\.nuget\packages\system.identitymodel.tokens.jwt\8.0.1\lib\net9.0\System.IdentityModel.Tokens.Jwt.dll'
             C:\Users\Dell\.nuget\packages\system.memory.data\1.0.2\lib\netstandard2.0\System.Memory.Data.dll
                 Private = 'false'
                 HintPath = 'C:\Users\Dell\.nuget\packages\system.memory.data\1.0.2\lib\netstandard2.0\System.Memory.Data.dll'
             C:\Users\Dell\.nuget\packages\system.security.cryptography.protecteddata\6.0.0\lib\net6.0\System.Security.Cryptography.ProtectedData.dll
                 Private = 'false'
                 HintPath = 'C:\Users\Dell\.nuget\packages\system.security.cryptography.protecteddata\6.0.0\lib\net6.0\System.Security.Cryptography.ProtectedData.dll'
             C:\Program Files\dotnet\packs\Microsoft.NETCore.App.Ref\9.0.11\ref/net9.0/Microsoft.CSharp.dll
                 Private = 'false'
             C:\Program Files\dotnet\packs\Microsoft.NETCore.App.Ref\9.0.11\ref/net9.0/Microsoft.VisualBasic.Core.dll
                 Private = 'false'
             C:\Program Files\dotnet\packs\Microsoft.NETCore.App.Ref\9.0.11\ref/net9.0/Microsoft.VisualBasic.dll
                 Private = 'false'
             C:\Program Files\dotnet\packs\Microsoft.NETCore.App.Ref\9.0.11\ref/net9.0/Microsoft.Win32.Primitives.dll
                 Private = 'false'
             C:\Program Files\dotnet\packs\Microsoft.NETCore.App.Ref\9.0.11\ref/net9.0/Microsoft.Win32.Registry.dll
                 Private = 'false'
             C:\Program Files\dotnet\packs\Microsoft.NETCore.App.Ref\9.0.11\ref/net9.0/System.AppContext.dll
                 Private = 'false'
             C:\Program Files\dotnet\packs\Microsoft.NETCore.App.Ref\9.0.11\ref/net9.0/System.Buffers.dll
                 Private = 'false'
             C:\Program Files\dotnet\packs\Microsoft.NETCore.App.Ref\9.0.11\ref/net9.0/System.Collections.Concurrent.dll
                 Private = 'false'
             C:\Program Files\dotnet\packs\Microsoft.NETCore.App.Ref\9.0.11\ref/net9.0/System.Collections.Immutable.dll
                 Private = 'false'
             C:\Program Files\dotnet\packs\Microsoft.NETCore.App.Ref\9.0.11\ref/net9.0/System.Collections.NonGeneric.dll
                 Private = 'false'
             C:\Program Files\dotnet\packs\Microsoft.NETCore.App.Ref\9.0.11\ref/net9.0/System.Collections.Specialized.dll
                 Private = 'false'
             C:\Program Files\dotnet\packs\Microsoft.NETCore.App.Ref\9.0.11\ref/net9.0/System.Collections.dll
                 Private = 'false'
             C:\Program Files\dotnet\packs\Microsoft.NETCore.App.Ref\9.0.11\ref/net9.0/System.ComponentModel.Annotations.dll
                 Private = 'false'
             C:\Program Files\dotnet\packs\Microsoft.NETCore.App.Ref\9.0.11\ref/net9.0/System.ComponentModel.DataAnnotations.dll
                 Private = 'false'
             C:\Program Files\dotnet\packs\Microsoft.NETCore.App.Ref\9.0.11\ref/net9.0/System.ComponentModel.EventBasedAsync.dll
                 Private = 'false'
             C:\Program Files\dotnet\packs\Microsoft.NETCore.App.Ref\9.0.11\ref/net9.0/System.ComponentModel.Primitives.dll
                 Private = 'false'
             C:\Program Files\dotnet\packs\Microsoft.NETCore.App.Ref\9.0.11\ref/net9.0/System.ComponentModel.TypeConverter.dll
                 Private = 'false'
             C:\Program Files\dotnet\packs\Microsoft.NETCore.App.Ref\9.0.11\ref/net9.0/System.ComponentModel.dll
                 Private = 'false'
             C:\Program Files\dotnet\packs\Microsoft.NETCore.App.Ref\9.0.11\ref/net9.0/System.Configuration.dll
                 Private = 'false'
             C:\Program Files\dotnet\packs\Microsoft.NETCore.App.Ref\9.0.11\ref/net9.0/System.Console.dll
                 Private = 'false'
             C:\Program Files\dotnet\packs\Microsoft.NETCore.App.Ref\9.0.11\ref/net9.0/System.Core.dll
                 Private = 'false'
             C:\Program Files\dotnet\packs\Microsoft.NETCore.App.Ref\9.0.11\ref/net9.0/System.Data.Common.dll
                 Private = 'false'
             C:\Program Files\dotnet\packs\Microsoft.NETCore.App.Ref\9.0.11\ref/net9.0/System.Data.DataSetExtensions.dll
                 Private = 'false'
             C:\Program Files\dotnet\packs\Microsoft.NETCore.App.Ref\9.0.11\ref/net9.0/System.Data.dll
                 Private = 'false'
             C:\Program Files\dotnet\packs\Microsoft.NETCore.App.Ref\9.0.11\ref/net9.0/System.Diagnostics.Contracts.dll
                 Private = 'false'
             C:\Program Files\dotnet\packs\Microsoft.NETCore.App.Ref\9.0.11\ref/net9.0/System.Diagnostics.Debug.dll
                 Private = 'false'
             C:\Program Files\dotnet\packs\Microsoft.NETCore.App.Ref\9.0.11\ref/net9.0/System.Diagnostics.DiagnosticSource.dll
                 Private = 'false'
             C:\Program Files\dotnet\packs\Microsoft.NETCore.App.Ref\9.0.11\ref/net9.0/System.Diagnostics.FileVersionInfo.dll
                 Private = 'false'
             C:\Program Files\dotnet\packs\Microsoft.NETCore.App.Ref\9.0.11\ref/net9.0/System.Diagnostics.Process.dll
                 Private = 'false'
             C:\Program Files\dotnet\packs\Microsoft.NETCore.App.Ref\9.0.11\ref/net9.0/System.Diagnostics.StackTrace.dll
                 Private = 'false'
             C:\Program Files\dotnet\packs\Microsoft.NETCore.App.Ref\9.0.11\ref/net9.0/System.Diagnostics.TextWriterTraceListener.dll
                 Private = 'false'
             C:\Program Files\dotnet\packs\Microsoft.NETCore.App.Ref\9.0.11\ref/net9.0/System.Diagnostics.Tools.dll
                 Private = 'false'
             C:\Program Files\dotnet\packs\Microsoft.NETCore.App.Ref\9.0.11\ref/net9.0/System.Diagnostics.TraceSource.dll
                 Private = 'false'
             C:\Program Files\dotnet\packs\Microsoft.NETCore.App.Ref\9.0.11\ref/net9.0/System.Diagnostics.Tracing.dll
                 Private = 'false'
             C:\Program Files\dotnet\packs\Microsoft.NETCore.App.Ref\9.0.11\ref/net9.0/System.Drawing.Primitives.dll
                 Private = 'false'
             C:\Program Files\dotnet\packs\Microsoft.NETCore.App.Ref\9.0.11\ref/net9.0/System.Drawing.dll
                 Private = 'false'
             C:\Program Files\dotnet\packs\Microsoft.NETCore.App.Ref\9.0.11\ref/net9.0/System.Dynamic.Runtime.dll
                 Private = 'false'
             C:\Program Files\dotnet\packs\Microsoft.NETCore.App.Ref\9.0.11\ref/net9.0/System.Formats.Asn1.dll
                 Private = 'false'
             C:\Program Files\dotnet\packs\Microsoft.NETCore.App.Ref\9.0.11\ref/net9.0/System.Formats.Tar.dll
                 Private = 'false'
             C:\Program Files\dotnet\packs\Microsoft.NETCore.App.Ref\9.0.11\ref/net9.0/System.Globalization.Calendars.dll
                 Private = 'false'
             C:\Program Files\dotnet\packs\Microsoft.NETCore.App.Ref\9.0.11\ref/net9.0/System.Globalization.Extensions.dll
                 Private = 'false'
             C:\Program Files\dotnet\packs\Microsoft.NETCore.App.Ref\9.0.11\ref/net9.0/System.Globalization.dll
                 Private = 'false'
             C:\Program Files\dotnet\packs\Microsoft.NETCore.App.Ref\9.0.11\ref/net9.0/System.IO.Compression.Brotli.dll
                 Private = 'false'
             C:\Program Files\dotnet\packs\Microsoft.NETCore.App.Ref\9.0.11\ref/net9.0/System.IO.Compression.FileSystem.dll
                 Private = 'false'
             C:\Program Files\dotnet\packs\Microsoft.NETCore.App.Ref\9.0.11\ref/net9.0/System.IO.Compression.ZipFile.dll
                 Private = 'false'
             C:\Program Files\dotnet\packs\Microsoft.NETCore.App.Ref\9.0.11\ref/net9.0/System.IO.Compression.dll
                 Private = 'false'
             C:\Program Files\dotnet\packs\Microsoft.NETCore.App.Ref\9.0.11\ref/net9.0/System.IO.FileSystem.AccessControl.dll
                 Private = 'false'
             C:\Program Files\dotnet\packs\Microsoft.NETCore.App.Ref\9.0.11\ref/net9.0/System.IO.FileSystem.DriveInfo.dll
                 Private = 'false'
             C:\Program Files\dotnet\packs\Microsoft.NETCore.App.Ref\9.0.11\ref/net9.0/System.IO.FileSystem.Primitives.dll
                 Private = 'false'
             C:\Program Files\dotnet\packs\Microsoft.NETCore.App.Ref\9.0.11\ref/net9.0/System.IO.FileSystem.Watcher.dll
                 Private = 'false'
             C:\Program Files\dotnet\packs\Microsoft.NETCore.App.Ref\9.0.11\ref/net9.0/System.IO.FileSystem.dll
                 Private = 'false'
             C:\Program Files\dotnet\packs\Microsoft.NETCore.App.Ref\9.0.11\ref/net9.0/System.IO.IsolatedStorage.dll
                 Private = 'false'
             C:\Program Files\dotnet\packs\Microsoft.NETCore.App.Ref\9.0.11\ref/net9.0/System.IO.MemoryMappedFiles.dll
                 Private = 'false'
             C:\Program Files\dotnet\packs\Microsoft.NETCore.App.Ref\9.0.11\ref/net9.0/System.IO.Pipelines.dll
                 Private = 'false'
             C:\Program Files\dotnet\packs\Microsoft.NETCore.App.Ref\9.0.11\ref/net9.0/System.IO.Pipes.AccessControl.dll
                 Private = 'false'
             C:\Program Files\dotnet\packs\Microsoft.NETCore.App.Ref\9.0.11\ref/net9.0/System.IO.Pipes.dll
                 Private = 'false'
             C:\Program Files\dotnet\packs\Microsoft.NETCore.App.Ref\9.0.11\ref/net9.0/System.IO.UnmanagedMemoryStream.dll
                 Private = 'false'
             C:\Program Files\dotnet\packs\Microsoft.NETCore.App.Ref\9.0.11\ref/net9.0/System.IO.dll
                 Private = 'false'
             C:\Program Files\dotnet\packs\Microsoft.NETCore.App.Ref\9.0.11\ref/net9.0/System.Linq.Expressions.dll
                 Private = 'false'
             C:\Program Files\dotnet\packs\Microsoft.NETCore.App.Ref\9.0.11\ref/net9.0/System.Linq.Parallel.dll
                 Private = 'false'
             C:\Program Files\dotnet\packs\Microsoft.NETCore.App.Ref\9.0.11\ref/net9.0/System.Linq.Queryable.dll
                 Private = 'false'
             C:\Program Files\dotnet\packs\Microsoft.NETCore.App.Ref\9.0.11\ref/net9.0/System.Linq.dll
                 Private = 'false'
             C:\Program Files\dotnet\packs\Microsoft.NETCore.App.Ref\9.0.11\ref/net9.0/System.Memory.dll
                 Private = 'false'
             C:\Program Files\dotnet\packs\Microsoft.NETCore.App.Ref\9.0.11\ref/net9.0/System.Net.Http.Json.dll
                 Private = 'false'
             C:\Program Files\dotnet\packs\Microsoft.NETCore.App.Ref\9.0.11\ref/net9.0/System.Net.Http.dll
                 Private = 'false'
             C:\Program Files\dotnet\packs\Microsoft.NETCore.App.Ref\9.0.11\ref/net9.0/System.Net.HttpListener.dll
                 Private = 'false'
             C:\Program Files\dotnet\packs\Microsoft.NETCore.App.Ref\9.0.11\ref/net9.0/System.Net.Mail.dll
                 Private = 'false'
             C:\Program Files\dotnet\packs\Microsoft.NETCore.App.Ref\9.0.11\ref/net9.0/System.Net.NameResolution.dll
                 Private = 'false'
             C:\Program Files\dotnet\packs\Microsoft.NETCore.App.Ref\9.0.11\ref/net9.0/System.Net.NetworkInformation.dll
                 Private = 'false'
             C:\Program Files\dotnet\packs\Microsoft.NETCore.App.Ref\9.0.11\ref/net9.0/System.Net.Ping.dll
                 Private = 'false'
             C:\Program Files\dotnet\packs\Microsoft.NETCore.App.Ref\9.0.11\ref/net9.0/System.Net.Primitives.dll
                 Private = 'false'
             C:\Program Files\dotnet\packs\Microsoft.NETCore.App.Ref\9.0.11\ref/net9.0/System.Net.Quic.dll
                 Private = 'false'
             C:\Program Files\dotnet\packs\Microsoft.NETCore.App.Ref\9.0.11\ref/net9.0/System.Net.Requests.dll
                 Private = 'false'
             C:\Program Files\dotnet\packs\Microsoft.NETCore.App.Ref\9.0.11\ref/net9.0/System.Net.Security.dll
                 Private = 'false'
             C:\Program Files\dotnet\packs\Microsoft.NETCore.App.Ref\9.0.11\ref/net9.0/System.Net.ServicePoint.dll
                 Private = 'false'
             C:\Program Files\dotnet\packs\Microsoft.NETCore.App.Ref\9.0.11\ref/net9.0/System.Net.Sockets.dll
                 Private = 'false'
             C:\Program Files\dotnet\packs\Microsoft.NETCore.App.Ref\9.0.11\ref/net9.0/System.Net.WebClient.dll
                 Private = 'false'
             C:\Program Files\dotnet\packs\Microsoft.NETCore.App.Ref\9.0.11\ref/net9.0/System.Net.WebHeaderCollection.dll
                 Private = 'false'
             C:\Program Files\dotnet\packs\Microsoft.NETCore.App.Ref\9.0.11\ref/net9.0/System.Net.WebProxy.dll
                 Private = 'false'
             C:\Program Files\dotnet\packs\Microsoft.NETCore.App.Ref\9.0.11\ref/net9.0/System.Net.WebSockets.Client.dll
                 Private = 'false'
             C:\Program Files\dotnet\packs\Microsoft.NETCore.App.Ref\9.0.11\ref/net9.0/System.Net.WebSockets.dll
                 Private = 'false'
             C:\Program Files\dotnet\packs\Microsoft.NETCore.App.Ref\9.0.11\ref/net9.0/System.Net.dll
                 Private = 'false'
             C:\Program Files\dotnet\packs\Microsoft.NETCore.App.Ref\9.0.11\ref/net9.0/System.Numerics.Vectors.dll
                 Private = 'false'
             C:\Program Files\dotnet\packs\Microsoft.NETCore.App.Ref\9.0.11\ref/net9.0/System.Numerics.dll
                 Private = 'false'
             C:\Program Files\dotnet\packs\Microsoft.NETCore.App.Ref\9.0.11\ref/net9.0/System.ObjectModel.dll
                 Private = 'false'
             C:\Program Files\dotnet\packs\Microsoft.NETCore.App.Ref\9.0.11\ref/net9.0/System.Reflection.DispatchProxy.dll
                 Private = 'false'
             C:\Program Files\dotnet\packs\Microsoft.NETCore.App.Ref\9.0.11\ref/net9.0/System.Reflection.Emit.ILGeneration.dll
                 Private = 'false'
             C:\Program Files\dotnet\packs\Microsoft.NETCore.App.Ref\9.0.11\ref/net9.0/System.Reflection.Emit.Lightweight.dll
                 Private = 'false'
             C:\Program Files\dotnet\packs\Microsoft.NETCore.App.Ref\9.0.11\ref/net9.0/System.Reflection.Emit.dll
                 Private = 'false'
             C:\Program Files\dotnet\packs\Microsoft.NETCore.App.Ref\9.0.11\ref/net9.0/System.Reflection.Extensions.dll
                 Private = 'false'
             C:\Program Files\dotnet\packs\Microsoft.NETCore.App.Ref\9.0.11\ref/net9.0/System.Reflection.Metadata.dll
                 Private = 'false'
             C:\Program Files\dotnet\packs\Microsoft.NETCore.App.Ref\9.0.11\ref/net9.0/System.Reflection.Primitives.dll
                 Private = 'false'
             C:\Program Files\dotnet\packs\Microsoft.NETCore.App.Ref\9.0.11\ref/net9.0/System.Reflection.TypeExtensions.dll
                 Private = 'false'
             C:\Program Files\dotnet\packs\Microsoft.NETCore.App.Ref\9.0.11\ref/net9.0/System.Reflection.dll
                 Private = 'false'
             C:\Program Files\dotnet\packs\Microsoft.NETCore.App.Ref\9.0.11\ref/net9.0/System.Resources.Reader.dll
                 Private = 'false'
             C:\Program Files\dotnet\packs\Microsoft.NETCore.App.Ref\9.0.11\ref/net9.0/System.Resources.ResourceManager.dll
                 Private = 'false'
             C:\Program Files\dotnet\packs\Microsoft.NETCore.App.Ref\9.0.11\ref/net9.0/System.Resources.Writer.dll
                 Private = 'false'
             C:\Program Files\dotnet\packs\Microsoft.NETCore.App.Ref\9.0.11\ref/net9.0/System.Runtime.CompilerServices.Unsafe.dll
                 Private = 'false'
             C:\Program Files\dotnet\packs\Microsoft.NETCore.App.Ref\9.0.11\ref/net9.0/System.Runtime.CompilerServices.VisualC.dll
                 Private = 'false'
             C:\Program Files\dotnet\packs\Microsoft.NETCore.App.Ref\9.0.11\ref/net9.0/System.Runtime.Extensions.dll
                 Private = 'false'
             C:\Program Files\dotnet\packs\Microsoft.NETCore.App.Ref\9.0.11\ref/net9.0/System.Runtime.Handles.dll
                 Private = 'false'
             C:\Program Files\dotnet\packs\Microsoft.NETCore.App.Ref\9.0.11\ref/net9.0/System.Runtime.InteropServices.JavaScript.dll
                 Private = 'false'
             C:\Program Files\dotnet\packs\Microsoft.NETCore.App.Ref\9.0.11\ref/net9.0/System.Runtime.InteropServices.RuntimeInformation.dll
                 Private = 'false'
             C:\Program Files\dotnet\packs\Microsoft.NETCore.App.Ref\9.0.11\ref/net9.0/System.Runtime.InteropServices.dll
                 Private = 'false'
             C:\Program Files\dotnet\packs\Microsoft.NETCore.App.Ref\9.0.11\ref/net9.0/System.Runtime.Intrinsics.dll
                 Private = 'false'
             C:\Program Files\dotnet\packs\Microsoft.NETCore.App.Ref\9.0.11\ref/net9.0/System.Runtime.Loader.dll
                 Private = 'false'
             C:\Program Files\dotnet\packs\Microsoft.NETCore.App.Ref\9.0.11\ref/net9.0/System.Runtime.Numerics.dll
                 Private = 'false'
             C:\Program Files\dotnet\packs\Microsoft.NETCore.App.Ref\9.0.11\ref/net9.0/System.Runtime.Serialization.Formatters.dll
                 Private = 'false'
             C:\Program Files\dotnet\packs\Microsoft.NETCore.App.Ref\9.0.11\ref/net9.0/System.Runtime.Serialization.Json.dll
                 Private = 'false'
             C:\Program Files\dotnet\packs\Microsoft.NETCore.App.Ref\9.0.11\ref/net9.0/System.Runtime.Serialization.Primitives.dll
                 Private = 'false'
             C:\Program Files\dotnet\packs\Microsoft.NETCore.App.Ref\9.0.11\ref/net9.0/System.Runtime.Serialization.Xml.dll
                 Private = 'false'
             C:\Program Files\dotnet\packs\Microsoft.NETCore.App.Ref\9.0.11\ref/net9.0/System.Runtime.Serialization.dll
                 Private = 'false'
             C:\Program Files\dotnet\packs\Microsoft.NETCore.App.Ref\9.0.11\ref/net9.0/System.Runtime.dll
                 Private = 'false'
             C:\Program Files\dotnet\packs\Microsoft.NETCore.App.Ref\9.0.11\ref/net9.0/System.Security.AccessControl.dll
                 Private = 'false'
             C:\Program Files\dotnet\packs\Microsoft.NETCore.App.Ref\9.0.11\ref/net9.0/System.Security.Claims.dll
                 Private = 'false'
             C:\Program Files\dotnet\packs\Microsoft.NETCore.App.Ref\9.0.11\ref/net9.0/System.Security.Cryptography.Algorithms.dll
                 Private = 'false'
             C:\Program Files\dotnet\packs\Microsoft.NETCore.App.Ref\9.0.11\ref/net9.0/System.Security.Cryptography.Cng.dll
                 Private = 'false'
             C:\Program Files\dotnet\packs\Microsoft.NETCore.App.Ref\9.0.11\ref/net9.0/System.Security.Cryptography.Csp.dll
                 Private = 'false'
             C:\Program Files\dotnet\packs\Microsoft.NETCore.App.Ref\9.0.11\ref/net9.0/System.Security.Cryptography.Encoding.dll
                 Private = 'false'
             C:\Program Files\dotnet\packs\Microsoft.NETCore.App.Ref\9.0.11\ref/net9.0/System.Security.Cryptography.OpenSsl.dll
                 Private = 'false'
             C:\Program Files\dotnet\packs\Microsoft.NETCore.App.Ref\9.0.11\ref/net9.0/System.Security.Cryptography.Primitives.dll
                 Private = 'false'
             C:\Program Files\dotnet\packs\Microsoft.NETCore.App.Ref\9.0.11\ref/net9.0/System.Security.Cryptography.X509Certificates.dll
                 Private = 'false'
             C:\Program Files\dotnet\packs\Microsoft.NETCore.App.Ref\9.0.11\ref/net9.0/System.Security.Cryptography.dll
                 Private = 'false'
             C:\Program Files\dotnet\packs\Microsoft.NETCore.App.Ref\9.0.11\ref/net9.0/System.Security.Principal.Windows.dll
                 Private = 'false'
             C:\Program Files\dotnet\packs\Microsoft.NETCore.App.Ref\9.0.11\ref/net9.0/System.Security.Principal.dll
                 Private = 'false'
             C:\Program Files\dotnet\packs\Microsoft.NETCore.App.Ref\9.0.11\ref/net9.0/System.Security.SecureString.dll
                 Private = 'false'
             C:\Program Files\dotnet\packs\Microsoft.NETCore.App.Ref\9.0.11\ref/net9.0/System.Security.dll
                 Private = 'false'
             C:\Program Files\dotnet\packs\Microsoft.NETCore.App.Ref\9.0.11\ref/net9.0/System.ServiceModel.Web.dll
                 Private = 'false'
             C:\Program Files\dotnet\packs\Microsoft.NETCore.App.Ref\9.0.11\ref/net9.0/System.ServiceProcess.dll
                 Private = 'false'
             C:\Program Files\dotnet\packs\Microsoft.NETCore.App.Ref\9.0.11\ref/net9.0/System.Text.Encoding.CodePages.dll
                 Private = 'false'
             C:\Program Files\dotnet\packs\Microsoft.NETCore.App.Ref\9.0.11\ref/net9.0/System.Text.Encoding.Extensions.dll
                 Private = 'false'
             C:\Program Files\dotnet\packs\Microsoft.NETCore.App.Ref\9.0.11\ref/net9.0/System.Text.Encoding.dll
                 Private = 'false'
             C:\Program Files\dotnet\packs\Microsoft.NETCore.App.Ref\9.0.11\ref/net9.0/System.Text.Encodings.Web.dll
                 Private = 'false'
             C:\Program Files\dotnet\packs\Microsoft.NETCore.App.Ref\9.0.11\ref/net9.0/System.Text.Json.dll
                 Private = 'false'
             C:\Program Files\dotnet\packs\Microsoft.NETCore.App.Ref\9.0.11\ref/net9.0/System.Text.RegularExpressions.dll
                 Private = 'false'
             C:\Program Files\dotnet\packs\Microsoft.NETCore.App.Ref\9.0.11\ref/net9.0/System.Threading.Channels.dll
                 Private = 'false'
             C:\Program Files\dotnet\packs\Microsoft.NETCore.App.Ref\9.0.11\ref/net9.0/System.Threading.Overlapped.dll
                 Private = 'false'
             C:\Program Files\dotnet\packs\Microsoft.NETCore.App.Ref\9.0.11\ref/net9.0/System.Threading.Tasks.Dataflow.dll
                 Private = 'false'
             C:\Program Files\dotnet\packs\Microsoft.NETCore.App.Ref\9.0.11\ref/net9.0/System.Threading.Tasks.Extensions.dll
                 Private = 'false'
             C:\Program Files\dotnet\packs\Microsoft.NETCore.App.Ref\9.0.11\ref/net9.0/System.Threading.Tasks.Parallel.dll
                 Private = 'false'
             C:\Program Files\dotnet\packs\Microsoft.NETCore.App.Ref\9.0.11\ref/net9.0/System.Threading.Tasks.dll
                 Private = 'false'
             C:\Program Files\dotnet\packs\Microsoft.NETCore.App.Ref\9.0.11\ref/net9.0/System.Threading.Thread.dll
                 Private = 'false'
             C:\Program Files\dotnet\packs\Microsoft.NETCore.App.Ref\9.0.11\ref/net9.0/System.Threading.ThreadPool.dll
                 Private = 'false'
             C:\Program Files\dotnet\packs\Microsoft.NETCore.App.Ref\9.0.11\ref/net9.0/System.Threading.Timer.dll
                 Private = 'false'
             C:\Program Files\dotnet\packs\Microsoft.NETCore.App.Ref\9.0.11\ref/net9.0/System.Threading.dll
                 Private = 'false'
             C:\Program Files\dotnet\packs\Microsoft.NETCore.App.Ref\9.0.11\ref/net9.0/System.Transactions.Local.dll
                 Private = 'false'
             C:\Program Files\dotnet\packs\Microsoft.NETCore.App.Ref\9.0.11\ref/net9.0/System.Transactions.dll
                 Private = 'false'
             C:\Program Files\dotnet\packs\Microsoft.NETCore.App.Ref\9.0.11\ref/net9.0/System.ValueTuple.dll
                 Private = 'false'
             C:\Program Files\dotnet\packs\Microsoft.NETCore.App.Ref\9.0.11\ref/net9.0/System.Web.HttpUtility.dll
                 Private = 'false'
             C:\Program Files\dotnet\packs\Microsoft.NETCore.App.Ref\9.0.11\ref/net9.0/System.Web.dll
                 Private = 'false'
             C:\Program Files\dotnet\packs\Microsoft.NETCore.App.Ref\9.0.11\ref/net9.0/System.Windows.dll
                 Private = 'false'
             C:\Program Files\dotnet\packs\Microsoft.NETCore.App.Ref\9.0.11\ref/net9.0/System.Xml.Linq.dll
                 Private = 'false'
             C:\Program Files\dotnet\packs\Microsoft.NETCore.App.Ref\9.0.11\ref/net9.0/System.Xml.ReaderWriter.dll
                 Private = 'false'
             C:\Program Files\dotnet\packs\Microsoft.NETCore.App.Ref\9.0.11\ref/net9.0/System.Xml.Serialization.dll
                 Private = 'false'
             C:\Program Files\dotnet\packs\Microsoft.NETCore.App.Ref\9.0.11\ref/net9.0/System.Xml.XDocument.dll
                 Private = 'false'
             C:\Program Files\dotnet\packs\Microsoft.NETCore.App.Ref\9.0.11\ref/net9.0/System.Xml.XPath.XDocument.dll
                 Private = 'false'
             C:\Program Files\dotnet\packs\Microsoft.NETCore.App.Ref\9.0.11\ref/net9.0/System.Xml.XPath.dll
                 Private = 'false'
             C:\Program Files\dotnet\packs\Microsoft.NETCore.App.Ref\9.0.11\ref/net9.0/System.Xml.XmlDocument.dll
                 Private = 'false'
             C:\Program Files\dotnet\packs\Microsoft.NETCore.App.Ref\9.0.11\ref/net9.0/System.Xml.XmlSerializer.dll
                 Private = 'false'
             C:\Program Files\dotnet\packs\Microsoft.NETCore.App.Ref\9.0.11\ref/net9.0/System.Xml.dll
                 Private = 'false'
             C:\Program Files\dotnet\packs\Microsoft.NETCore.App.Ref\9.0.11\ref/net9.0/System.dll
                 Private = 'false'
             C:\Program Files\dotnet\packs\Microsoft.NETCore.App.Ref\9.0.11\ref/net9.0/WindowsBase.dll
                 Private = 'false'
             C:\Program Files\dotnet\packs\Microsoft.NETCore.App.Ref\9.0.11\ref/net9.0/mscorlib.dll
                 Private = 'false'
             C:\Program Files\dotnet\packs\Microsoft.NETCore.App.Ref\9.0.11\ref/net9.0/netstandard.dll
                 Private = 'false'
             C:\Program Files\dotnet\packs\Microsoft.AspNetCore.App.Ref\9.0.11\ref\net9.0\Microsoft.AspNetCore.Antiforgery.dll
                 Private = 'false'
             C:\Program Files\dotnet\packs\Microsoft.AspNetCore.App.Ref\9.0.11\ref\net9.0\Microsoft.AspNetCore.Authentication.Abstractions.dll
                 Private = 'false'
             C:\Program Files\dotnet\packs\Microsoft.AspNetCore.App.Ref\9.0.11\ref\net9.0\Microsoft.AspNetCore.Authentication.BearerToken.dll
                 Private = 'false'
             C:\Program Files\dotnet\packs\Microsoft.AspNetCore.App.Ref\9.0.11\ref\net9.0\Microsoft.AspNetCore.Authentication.Cookies.dll
                 Private = 'false'
             C:\Program Files\dotnet\packs\Microsoft.AspNetCore.App.Ref\9.0.11\ref\net9.0\Microsoft.AspNetCore.Authentication.Core.dll
                 Private = 'false'
             C:\Program Files\dotnet\packs\Microsoft.AspNetCore.App.Ref\9.0.11\ref\net9.0\Microsoft.AspNetCore.Authentication.OAuth.dll
                 Private = 'false'
             C:\Program Files\dotnet\packs\Microsoft.AspNetCore.App.Ref\9.0.11\ref\net9.0\Microsoft.AspNetCore.Authentication.dll
                 Private = 'false'
             C:\Program Files\dotnet\packs\Microsoft.AspNetCore.App.Ref\9.0.11\ref\net9.0\Microsoft.AspNetCore.Authorization.Policy.dll
                 Private = 'false'
             C:\Program Files\dotnet\packs\Microsoft.AspNetCore.App.Ref\9.0.11\ref\net9.0\Microsoft.AspNetCore.Authorization.dll
                 Private = 'false'
             C:\Program Files\dotnet\packs\Microsoft.AspNetCore.App.Ref\9.0.11\ref\net9.0\Microsoft.AspNetCore.Components.Authorization.dll
                 Private = 'false'
             C:\Program Files\dotnet\packs\Microsoft.AspNetCore.App.Ref\9.0.11\ref\net9.0\Microsoft.AspNetCore.Components.Endpoints.dll
                 Private = 'false'
             C:\Program Files\dotnet\packs\Microsoft.AspNetCore.App.Ref\9.0.11\ref\net9.0\Microsoft.AspNetCore.Components.Forms.dll
                 Private = 'false'
             C:\Program Files\dotnet\packs\Microsoft.AspNetCore.App.Ref\9.0.11\ref\net9.0\Microsoft.AspNetCore.Components.Server.dll
                 Private = 'false'
             C:\Program Files\dotnet\packs\Microsoft.AspNetCore.App.Ref\9.0.11\ref\net9.0\Microsoft.AspNetCore.Components.Web.dll
                 Private = 'false'
             C:\Program Files\dotnet\packs\Microsoft.AspNetCore.App.Ref\9.0.11\ref\net9.0\Microsoft.AspNetCore.Components.dll
                 Private = 'false'
             C:\Program Files\dotnet\packs\Microsoft.AspNetCore.App.Ref\9.0.11\ref\net9.0\Microsoft.AspNetCore.Connections.Abstractions.dll
                 Private = 'false'
             C:\Program Files\dotnet\packs\Microsoft.AspNetCore.App.Ref\9.0.11\ref\net9.0\Microsoft.AspNetCore.CookiePolicy.dll
                 Private = 'false'
             C:\Program Files\dotnet\packs\Microsoft.AspNetCore.App.Ref\9.0.11\ref\net9.0\Microsoft.AspNetCore.Cors.dll
                 Private = 'false'
             C:\Program Files\dotnet\packs\Microsoft.AspNetCore.App.Ref\9.0.11\ref\net9.0\Microsoft.AspNetCore.Cryptography.Internal.dll
                 Private = 'false'
             C:\Program Files\dotnet\packs\Microsoft.AspNetCore.App.Ref\9.0.11\ref\net9.0\Microsoft.AspNetCore.Cryptography.KeyDerivation.dll
                 Private = 'false'
             C:\Program Files\dotnet\packs\Microsoft.AspNetCore.App.Ref\9.0.11\ref\net9.0\Microsoft.AspNetCore.DataProtection.Abstractions.dll
                 Private = 'false'
             C:\Program Files\dotnet\packs\Microsoft.AspNetCore.App.Ref\9.0.11\ref\net9.0\Microsoft.AspNetCore.DataProtection.Extensions.dll
                 Private = 'false'
             C:\Program Files\dotnet\packs\Microsoft.AspNetCore.App.Ref\9.0.11\ref\net9.0\Microsoft.AspNetCore.DataProtection.dll
                 Private = 'false'
             C:\Program Files\dotnet\packs\Microsoft.AspNetCore.App.Ref\9.0.11\ref\net9.0\Microsoft.AspNetCore.Diagnostics.Abstractions.dll
                 Private = 'false'
             C:\Program Files\dotnet\packs\Microsoft.AspNetCore.App.Ref\9.0.11\ref\net9.0\Microsoft.AspNetCore.Diagnostics.HealthChecks.dll
                 Private = 'false'
             C:\Program Files\dotnet\packs\Microsoft.AspNetCore.App.Ref\9.0.11\ref\net9.0\Microsoft.AspNetCore.Diagnostics.dll
                 Private = 'false'
             C:\Program Files\dotnet\packs\Microsoft.AspNetCore.App.Ref\9.0.11\ref\net9.0\Microsoft.AspNetCore.HostFiltering.dll
                 Private = 'false'
             C:\Program Files\dotnet\packs\Microsoft.AspNetCore.App.Ref\9.0.11\ref\net9.0\Microsoft.AspNetCore.Hosting.Abstractions.dll
                 Private = 'false'
             C:\Program Files\dotnet\packs\Microsoft.AspNetCore.App.Ref\9.0.11\ref\net9.0\Microsoft.AspNetCore.Hosting.Server.Abstractions.dll
                 Private = 'false'
             C:\Program Files\dotnet\packs\Microsoft.AspNetCore.App.Ref\9.0.11\ref\net9.0\Microsoft.AspNetCore.Hosting.dll
                 Private = 'false'
             C:\Program Files\dotnet\packs\Microsoft.AspNetCore.App.Ref\9.0.11\ref\net9.0\Microsoft.AspNetCore.Html.Abstractions.dll
                 Private = 'false'
             C:\Program Files\dotnet\packs\Microsoft.AspNetCore.App.Ref\9.0.11\ref\net9.0\Microsoft.AspNetCore.Http.Abstractions.dll
                 Private = 'false'
             C:\Program Files\dotnet\packs\Microsoft.AspNetCore.App.Ref\9.0.11\ref\net9.0\Microsoft.AspNetCore.Http.Connections.Common.dll
                 Private = 'false'
             C:\Program Files\dotnet\packs\Microsoft.AspNetCore.App.Ref\9.0.11\ref\net9.0\Microsoft.AspNetCore.Http.Connections.dll
                 Private = 'false'
             C:\Program Files\dotnet\packs\Microsoft.AspNetCore.App.Ref\9.0.11\ref\net9.0\Microsoft.AspNetCore.Http.Extensions.dll
                 Private = 'false'
             C:\Program Files\dotnet\packs\Microsoft.AspNetCore.App.Ref\9.0.11\ref\net9.0\Microsoft.AspNetCore.Http.Features.dll
                 Private = 'false'
             C:\Program Files\dotnet\packs\Microsoft.AspNetCore.App.Ref\9.0.11\ref\net9.0\Microsoft.AspNetCore.Http.Results.dll
                 Private = 'false'
             C:\Program Files\dotnet\packs\Microsoft.AspNetCore.App.Ref\9.0.11\ref\net9.0\Microsoft.AspNetCore.Http.dll
                 Private = 'false'
             C:\Program Files\dotnet\packs\Microsoft.AspNetCore.App.Ref\9.0.11\ref\net9.0\Microsoft.AspNetCore.HttpLogging.dll
                 Private = 'false'
             C:\Program Files\dotnet\packs\Microsoft.AspNetCore.App.Ref\9.0.11\ref\net9.0\Microsoft.AspNetCore.HttpOverrides.dll
                 Private = 'false'
             C:\Program Files\dotnet\packs\Microsoft.AspNetCore.App.Ref\9.0.11\ref\net9.0\Microsoft.AspNetCore.HttpsPolicy.dll
                 Private = 'false'
             C:\Program Files\dotnet\packs\Microsoft.AspNetCore.App.Ref\9.0.11\ref\net9.0\Microsoft.AspNetCore.Identity.dll
                 Private = 'false'
             C:\Program Files\dotnet\packs\Microsoft.AspNetCore.App.Ref\9.0.11\ref\net9.0\Microsoft.AspNetCore.Localization.Routing.dll
                 Private = 'false'
             C:\Program Files\dotnet\packs\Microsoft.AspNetCore.App.Ref\9.0.11\ref\net9.0\Microsoft.AspNetCore.Localization.dll
                 Private = 'false'
             C:\Program Files\dotnet\packs\Microsoft.AspNetCore.App.Ref\9.0.11\ref\net9.0\Microsoft.AspNetCore.Metadata.dll
                 Private = 'false'
             C:\Program Files\dotnet\packs\Microsoft.AspNetCore.App.Ref\9.0.11\ref\net9.0\Microsoft.AspNetCore.Mvc.Abstractions.dll
                 Private = 'false'
             C:\Program Files\dotnet\packs\Microsoft.AspNetCore.App.Ref\9.0.11\ref\net9.0\Microsoft.AspNetCore.Mvc.ApiExplorer.dll
                 Private = 'false'
             C:\Program Files\dotnet\packs\Microsoft.AspNetCore.App.Ref\9.0.11\ref\net9.0\Microsoft.AspNetCore.Mvc.Core.dll
                 Private = 'false'
             C:\Program Files\dotnet\packs\Microsoft.AspNetCore.App.Ref\9.0.11\ref\net9.0\Microsoft.AspNetCore.Mvc.Cors.dll
                 Private = 'false'
             C:\Program Files\dotnet\packs\Microsoft.AspNetCore.App.Ref\9.0.11\ref\net9.0\Microsoft.AspNetCore.Mvc.DataAnnotations.dll
                 Private = 'false'
             C:\Program Files\dotnet\packs\Microsoft.AspNetCore.App.Ref\9.0.11\ref\net9.0\Microsoft.AspNetCore.Mvc.Formatters.Json.dll
                 Private = 'false'
             C:\Program Files\dotnet\packs\Microsoft.AspNetCore.App.Ref\9.0.11\ref\net9.0\Microsoft.AspNetCore.Mvc.Formatters.Xml.dll
                 Private = 'false'
             C:\Program Files\dotnet\packs\Microsoft.AspNetCore.App.Ref\9.0.11\ref\net9.0\Microsoft.AspNetCore.Mvc.Localization.dll
                 Private = 'false'
             C:\Program Files\dotnet\packs\Microsoft.AspNetCore.App.Ref\9.0.11\ref\net9.0\Microsoft.AspNetCore.Mvc.Razor.dll
                 Private = 'false'
             C:\Program Files\dotnet\packs\Microsoft.AspNetCore.App.Ref\9.0.11\ref\net9.0\Microsoft.AspNetCore.Mvc.RazorPages.dll
                 Private = 'false'
             C:\Program Files\dotnet\packs\Microsoft.AspNetCore.App.Ref\9.0.11\ref\net9.0\Microsoft.AspNetCore.Mvc.TagHelpers.dll
                 Private = 'false'
             C:\Program Files\dotnet\packs\Microsoft.AspNetCore.App.Ref\9.0.11\ref\net9.0\Microsoft.AspNetCore.Mvc.ViewFeatures.dll
                 Private = 'false'
             C:\Program Files\dotnet\packs\Microsoft.AspNetCore.App.Ref\9.0.11\ref\net9.0\Microsoft.AspNetCore.Mvc.dll
                 Private = 'false'
             C:\Program Files\dotnet\packs\Microsoft.AspNetCore.App.Ref\9.0.11\ref\net9.0\Microsoft.AspNetCore.OutputCaching.dll
                 Private = 'false'
             C:\Program Files\dotnet\packs\Microsoft.AspNetCore.App.Ref\9.0.11\ref\net9.0\Microsoft.AspNetCore.RateLimiting.dll
                 Private = 'false'
             C:\Program Files\dotnet\packs\Microsoft.AspNetCore.App.Ref\9.0.11\ref\net9.0\Microsoft.AspNetCore.Razor.Runtime.dll
                 Private = 'false'
             C:\Program Files\dotnet\packs\Microsoft.AspNetCore.App.Ref\9.0.11\ref\net9.0\Microsoft.AspNetCore.Razor.dll
                 Private = 'false'
             C:\Program Files\dotnet\packs\Microsoft.AspNetCore.App.Ref\9.0.11\ref\net9.0\Microsoft.AspNetCore.RequestDecompression.dll
                 Private = 'false'
             C:\Program Files\dotnet\packs\Microsoft.AspNetCore.App.Ref\9.0.11\ref\net9.0\Microsoft.AspNetCore.ResponseCaching.Abstractions.dll
                 Private = 'false'
             C:\Program Files\dotnet\packs\Microsoft.AspNetCore.App.Ref\9.0.11\ref\net9.0\Microsoft.AspNetCore.ResponseCaching.dll
                 Private = 'false'
             C:\Program Files\dotnet\packs\Microsoft.AspNetCore.App.Ref\9.0.11\ref\net9.0\Microsoft.AspNetCore.ResponseCompression.dll
                 Private = 'false'
             C:\Program Files\dotnet\packs\Microsoft.AspNetCore.App.Ref\9.0.11\ref\net9.0\Microsoft.AspNetCore.Rewrite.dll
                 Private = 'false'
             C:\Program Files\dotnet\packs\Microsoft.AspNetCore.App.Ref\9.0.11\ref\net9.0\Microsoft.AspNetCore.Routing.Abstractions.dll
                 Private = 'false'
             C:\Program Files\dotnet\packs\Microsoft.AspNetCore.App.Ref\9.0.11\ref\net9.0\Microsoft.AspNetCore.Routing.dll
                 Private = 'false'
             C:\Program Files\dotnet\packs\Microsoft.AspNetCore.App.Ref\9.0.11\ref\net9.0\Microsoft.AspNetCore.Server.HttpSys.dll
                 Private = 'false'
             C:\Program Files\dotnet\packs\Microsoft.AspNetCore.App.Ref\9.0.11\ref\net9.0\Microsoft.AspNetCore.Server.IIS.dll
                 Private = 'false'
             C:\Program Files\dotnet\packs\Microsoft.AspNetCore.App.Ref\9.0.11\ref\net9.0\Microsoft.AspNetCore.Server.IISIntegration.dll
                 Private = 'false'
             C:\Program Files\dotnet\packs\Microsoft.AspNetCore.App.Ref\9.0.11\ref\net9.0\Microsoft.AspNetCore.Server.Kestrel.Core.dll
                 Private = 'false'
             C:\Program Files\dotnet\packs\Microsoft.AspNetCore.App.Ref\9.0.11\ref\net9.0\Microsoft.AspNetCore.Server.Kestrel.Transport.NamedPipes.dll
                 Private = 'false'
             C:\Program Files\dotnet\packs\Microsoft.AspNetCore.App.Ref\9.0.11\ref\net9.0\Microsoft.AspNetCore.Server.Kestrel.Transport.Quic.dll
                 Private = 'false'
             C:\Program Files\dotnet\packs\Microsoft.AspNetCore.App.Ref\9.0.11\ref\net9.0\Microsoft.AspNetCore.Server.Kestrel.Transport.Sockets.dll
                 Private = 'false'
             C:\Program Files\dotnet\packs\Microsoft.AspNetCore.App.Ref\9.0.11\ref\net9.0\Microsoft.AspNetCore.Server.Kestrel.dll
                 Private = 'false'
             C:\Program Files\dotnet\packs\Microsoft.AspNetCore.App.Ref\9.0.11\ref\net9.0\Microsoft.AspNetCore.Session.dll
                 Private = 'false'
             C:\Program Files\dotnet\packs\Microsoft.AspNetCore.App.Ref\9.0.11\ref\net9.0\Microsoft.AspNetCore.SignalR.Common.dll
                 Private = 'false'
             C:\Program Files\dotnet\packs\Microsoft.AspNetCore.App.Ref\9.0.11\ref\net9.0\Microsoft.AspNetCore.SignalR.Core.dll
                 Private = 'false'
             C:\Program Files\dotnet\packs\Microsoft.AspNetCore.App.Ref\9.0.11\ref\net9.0\Microsoft.AspNetCore.SignalR.Protocols.Json.dll
                 Private = 'false'
             C:\Program Files\dotnet\packs\Microsoft.AspNetCore.App.Ref\9.0.11\ref\net9.0\Microsoft.AspNetCore.SignalR.dll
                 Private = 'false'
             C:\Program Files\dotnet\packs\Microsoft.AspNetCore.App.Ref\9.0.11\ref\net9.0\Microsoft.AspNetCore.StaticAssets.dll
                 Private = 'false'
             C:\Program Files\dotnet\packs\Microsoft.AspNetCore.App.Ref\9.0.11\ref\net9.0\Microsoft.AspNetCore.StaticFiles.dll
                 Private = 'false'
             C:\Program Files\dotnet\packs\Microsoft.AspNetCore.App.Ref\9.0.11\ref\net9.0\Microsoft.AspNetCore.WebSockets.dll
                 Private = 'false'
             C:\Program Files\dotnet\packs\Microsoft.AspNetCore.App.Ref\9.0.11\ref\net9.0\Microsoft.AspNetCore.WebUtilities.dll
                 Private = 'false'
             C:\Program Files\dotnet\packs\Microsoft.AspNetCore.App.Ref\9.0.11\ref\net9.0\Microsoft.AspNetCore.dll
                 Private = 'false'
             C:\Program Files\dotnet\packs\Microsoft.AspNetCore.App.Ref\9.0.11\ref\net9.0\Microsoft.Extensions.Caching.Abstractions.dll
                 Private = 'false'
             C:\Program Files\dotnet\packs\Microsoft.AspNetCore.App.Ref\9.0.11\ref\net9.0\Microsoft.Extensions.Caching.Memory.dll
                 Private = 'false'
             C:\Program Files\dotnet\packs\Microsoft.AspNetCore.App.Ref\9.0.11\ref\net9.0\Microsoft.Extensions.Configuration.Abstractions.dll
                 Private = 'false'
             C:\Program Files\dotnet\packs\Microsoft.AspNetCore.App.Ref\9.0.11\ref\net9.0\Microsoft.Extensions.Configuration.Binder.dll
                 Private = 'false'
             C:\Program Files\dotnet\packs\Microsoft.AspNetCore.App.Ref\9.0.11\ref\net9.0\Microsoft.Extensions.Configuration.CommandLine.dll
                 Private = 'false'
             C:\Program Files\dotnet\packs\Microsoft.AspNetCore.App.Ref\9.0.11\ref\net9.0\Microsoft.Extensions.Configuration.EnvironmentVariables.dll
                 Private = 'false'
             C:\Program Files\dotnet\packs\Microsoft.AspNetCore.App.Ref\9.0.11\ref\net9.0\Microsoft.Extensions.Configuration.FileExtensions.dll
                 Private = 'false'
             C:\Program Files\dotnet\packs\Microsoft.AspNetCore.App.Ref\9.0.11\ref\net9.0\Microsoft.Extensions.Configuration.Ini.dll
                 Private = 'false'
             C:\Program Files\dotnet\packs\Microsoft.AspNetCore.App.Ref\9.0.11\ref\net9.0\Microsoft.Extensions.Configuration.Json.dll
                 Private = 'false'
             C:\Program Files\dotnet\packs\Microsoft.AspNetCore.App.Ref\9.0.11\ref\net9.0\Microsoft.Extensions.Configuration.KeyPerFile.dll
                 Private = 'false'
             C:\Program Files\dotnet\packs\Microsoft.AspNetCore.App.Ref\9.0.11\ref\net9.0\Microsoft.Extensions.Configuration.UserSecrets.dll
                 Private = 'false'
             C:\Program Files\dotnet\packs\Microsoft.AspNetCore.App.Ref\9.0.11\ref\net9.0\Microsoft.Extensions.Configuration.Xml.dll
                 Private = 'false'
             C:\Program Files\dotnet\packs\Microsoft.AspNetCore.App.Ref\9.0.11\ref\net9.0\Microsoft.Extensions.Configuration.dll
                 Private = 'false'
             C:\Program Files\dotnet\packs\Microsoft.AspNetCore.App.Ref\9.0.11\ref\net9.0\Microsoft.Extensions.DependencyInjection.Abstractions.dll
                 Private = 'false'
             C:\Program Files\dotnet\packs\Microsoft.AspNetCore.App.Ref\9.0.11\ref\net9.0\Microsoft.Extensions.DependencyInjection.dll
                 Private = 'false'
             C:\Program Files\dotnet\packs\Microsoft.AspNetCore.App.Ref\9.0.11\ref\net9.0\Microsoft.Extensions.Diagnostics.Abstractions.dll
                 Private = 'false'
             C:\Program Files\dotnet\packs\Microsoft.AspNetCore.App.Ref\9.0.11\ref\net9.0\Microsoft.Extensions.Diagnostics.HealthChecks.Abstractions.dll
                 Private = 'false'
             C:\Program Files\dotnet\packs\Microsoft.AspNetCore.App.Ref\9.0.11\ref\net9.0\Microsoft.Extensions.Diagnostics.HealthChecks.dll
                 Private = 'false'
             C:\Program Files\dotnet\packs\Microsoft.AspNetCore.App.Ref\9.0.11\ref\net9.0\Microsoft.Extensions.Diagnostics.dll
                 Private = 'false'
             C:\Program Files\dotnet\packs\Microsoft.AspNetCore.App.Ref\9.0.11\ref\net9.0\Microsoft.Extensions.Features.dll
                 Private = 'false'
             C:\Program Files\dotnet\packs\Microsoft.AspNetCore.App.Ref\9.0.11\ref\net9.0\Microsoft.Extensions.FileProviders.Abstractions.dll
                 Private = 'false'
             C:\Program Files\dotnet\packs\Microsoft.AspNetCore.App.Ref\9.0.11\ref\net9.0\Microsoft.Extensions.FileProviders.Composite.dll
                 Private = 'false'
             C:\Program Files\dotnet\packs\Microsoft.AspNetCore.App.Ref\9.0.11\ref\net9.0\Microsoft.Extensions.FileProviders.Embedded.dll
                 Private = 'false'
             C:\Program Files\dotnet\packs\Microsoft.AspNetCore.App.Ref\9.0.11\ref\net9.0\Microsoft.Extensions.FileProviders.Physical.dll
                 Private = 'false'
             C:\Program Files\dotnet\packs\Microsoft.AspNetCore.App.Ref\9.0.11\ref\net9.0\Microsoft.Extensions.FileSystemGlobbing.dll
                 Private = 'false'
             C:\Program Files\dotnet\packs\Microsoft.AspNetCore.App.Ref\9.0.11\ref\net9.0\Microsoft.Extensions.Hosting.Abstractions.dll
                 Private = 'false'
             C:\Program Files\dotnet\packs\Microsoft.AspNetCore.App.Ref\9.0.11\ref\net9.0\Microsoft.Extensions.Hosting.dll
                 Private = 'false'
             C:\Program Files\dotnet\packs\Microsoft.AspNetCore.App.Ref\9.0.11\ref\net9.0\Microsoft.Extensions.Http.dll
                 Private = 'false'
             C:\Program Files\dotnet\packs\Microsoft.AspNetCore.App.Ref\9.0.11\ref\net9.0\Microsoft.Extensions.Identity.Core.dll
                 Private = 'false'
             C:\Program Files\dotnet\packs\Microsoft.AspNetCore.App.Ref\9.0.11\ref\net9.0\Microsoft.Extensions.Identity.Stores.dll
                 Private = 'false'
             C:\Program Files\dotnet\packs\Microsoft.AspNetCore.App.Ref\9.0.11\ref\net9.0\Microsoft.Extensions.Localization.Abstractions.dll
                 Private = 'false'
             C:\Program Files\dotnet\packs\Microsoft.AspNetCore.App.Ref\9.0.11\ref\net9.0\Microsoft.Extensions.Localization.dll
                 Private = 'false'
             C:\Program Files\dotnet\packs\Microsoft.AspNetCore.App.Ref\9.0.11\ref\net9.0\Microsoft.Extensions.Logging.Abstractions.dll
                 Private = 'false'
             C:\Program Files\dotnet\packs\Microsoft.AspNetCore.App.Ref\9.0.11\ref\net9.0\Microsoft.Extensions.Logging.Configuration.dll
                 Private = 'false'
             C:\Program Files\dotnet\packs\Microsoft.AspNetCore.App.Ref\9.0.11\ref\net9.0\Microsoft.Extensions.Logging.Console.dll
                 Private = 'false'
             C:\Program Files\dotnet\packs\Microsoft.AspNetCore.App.Ref\9.0.11\ref\net9.0\Microsoft.Extensions.Logging.Debug.dll
                 Private = 'false'
             C:\Program Files\dotnet\packs\Microsoft.AspNetCore.App.Ref\9.0.11\ref\net9.0\Microsoft.Extensions.Logging.EventLog.dll
                 Private = 'false'
             C:\Program Files\dotnet\packs\Microsoft.AspNetCore.App.Ref\9.0.11\ref\net9.0\Microsoft.Extensions.Logging.EventSource.dll
                 Private = 'false'
             C:\Program Files\dotnet\packs\Microsoft.AspNetCore.App.Ref\9.0.11\ref\net9.0\Microsoft.Extensions.Logging.TraceSource.dll
                 Private = 'false'
             C:\Program Files\dotnet\packs\Microsoft.AspNetCore.App.Ref\9.0.11\ref\net9.0\Microsoft.Extensions.Logging.dll
                 Private = 'false'
             C:\Program Files\dotnet\packs\Microsoft.AspNetCore.App.Ref\9.0.11\ref\net9.0\Microsoft.Extensions.ObjectPool.dll
                 Private = 'false'
             C:\Program Files\dotnet\packs\Microsoft.AspNetCore.App.Ref\9.0.11\ref\net9.0\Microsoft.Extensions.Options.ConfigurationExtensions.dll
                 Private = 'false'
             C:\Program Files\dotnet\packs\Microsoft.AspNetCore.App.Ref\9.0.11\ref\net9.0\Microsoft.Extensions.Options.DataAnnotations.dll
                 Private = 'false'
             C:\Program Files\dotnet\packs\Microsoft.AspNetCore.App.Ref\9.0.11\ref\net9.0\Microsoft.Extensions.Options.dll
                 Private = 'false'
             C:\Program Files\dotnet\packs\Microsoft.AspNetCore.App.Ref\9.0.11\ref\net9.0\Microsoft.Extensions.Primitives.dll
                 Private = 'false'
             C:\Program Files\dotnet\packs\Microsoft.AspNetCore.App.Ref\9.0.11\ref\net9.0\Microsoft.Extensions.WebEncoders.dll
                 Private = 'false'
             C:\Program Files\dotnet\packs\Microsoft.AspNetCore.App.Ref\9.0.11\ref\net9.0\Microsoft.JSInterop.dll
                 Private = 'false'
             C:\Program Files\dotnet\packs\Microsoft.AspNetCore.App.Ref\9.0.11\ref\net9.0\Microsoft.Net.Http.Headers.dll
                 Private = 'false'
             C:\Program Files\dotnet\packs\Microsoft.AspNetCore.App.Ref\9.0.11\ref\net9.0\System.Diagnostics.EventLog.dll
                 Private = 'false'
             C:\Program Files\dotnet\packs\Microsoft.AspNetCore.App.Ref\9.0.11\ref\net9.0\System.Security.Cryptography.Xml.dll
                 Private = 'false'
             C:\Program Files\dotnet\packs\Microsoft.AspNetCore.App.Ref\9.0.11\ref\net9.0\System.Threading.RateLimiting.dll
                 Private = 'false'
         AssemblyFiles:
             D:\P.L\Flutter\fresh_produce_app\FreshProduce.Application\bin\Debug\net9.0\FreshProduce.Application.dll
             D:\P.L\Flutter\fresh_produce_app\FreshProduce.Infrastructure\bin\Debug\net9.0\FreshProduce.Infrastructure.dll
             D:\P.L\Flutter\fresh_produce_app\FreshProduce.Domain\bin\Debug\net9.0\FreshProduce.Domain.dll
         CandidateAssemblyFiles:
         TargetFrameworkDirectories:
             
         NonCultureResourceDirectories:
             
         InstalledAssemblyTables:
         IgnoreInstalledAssemblyTable:
             False
         SearchPaths:
             {CandidateAssemblyFiles}
             {HintPathFromItem}
             {TargetFrameworkDirectory}
             {RawFileName}
         AllowedAssemblyExtensions:
             .winmd
             .dll
             .exe
         AllowedRelatedFileExtensions:
             .pdb
             .xml
             .pri
             .dll.config
             .exe.config
         AppConfigFile:
             
         AutoUnify:
             True
         EnableCustomCulture:
             False
         EnableCustomCulture:
             False
         CopyLocalDependenciesWhenParentReferenceInGac:
             True
         FindDependencies:
             True
         TargetProcessorArchitecture:
             msil
         StateFile:
             obj\Debug\net9.0\FreshProduce.Api.csproj.AssemblyReference.cache
         InstalledAssemblySubsetTables:
         IgnoreInstalledAssemblySubsetTable:
             False
         TargetFrameworkSubsets:
         FullTargetFrameworkSubsetNames:
             Full
         ProfileName:
             
         FullFrameworkFolders:
         LatestTargetFrameworkDirectories:
         ProfileTablesLocation:
         Primary reference "FreshProduce.Application, Version=1.0.0.0, Culture=neutral, PublicKeyToken=null".
             Resolved file path is "D:\P.L\Flutter\fresh_produce_app\FreshProduce.Application\bin\Debug\net9.0\FreshProduce.Application.dll".
             Reference found at search path location "D:\P.L\Flutter\fresh_produce_app\FreshProduce.Application\bin\Debug\net9.0\FreshProduce.Application.dll".
             Found related file "D:\P.L\Flutter\fresh_produce_app\FreshProduce.Application\bin\Debug\net9.0\FreshProduce.Application.pdb".
         Primary reference "FreshProduce.Infrastructure, Version=1.0.0.0, Culture=neutral, PublicKeyToken=null".
             Resolved file path is "D:\P.L\Flutter\fresh_produce_app\FreshProduce.Infrastructure\bin\Debug\net9.0\FreshProduce.Infrastructure.dll".
             Reference found at search path location "D:\P.L\Flutter\fresh_produce_app\FreshProduce.Infrastructure\bin\Debug\net9.0\FreshProduce.Infrastructure.dll".
             Found related file "D:\P.L\Flutter\fresh_produce_app\FreshProduce.Infrastructure\bin\Debug\net9.0\FreshProduce.Infrastructure.pdb".
         Primary reference "FreshProduce.Domain, Version=1.0.0.0, Culture=neutral, PublicKeyToken=null".
             Resolved file path is "D:\P.L\Flutter\fresh_produce_app\FreshProduce.Domain\bin\Debug\net9.0\FreshProduce.Domain.dll".
             Reference found at search path location "D:\P.L\Flutter\fresh_produce_app\FreshProduce.Domain\bin\Debug\net9.0\FreshProduce.Domain.dll".
             Found related file "D:\P.L\Flutter\fresh_produce_app\FreshProduce.Domain\bin\Debug\net9.0\FreshProduce.Domain.pdb".
         Primary reference "Azure.Core, Version=1.38.0.0, Culture=neutral, PublicKeyToken=92742159e12e44c8".
             Resolved file path is "C:\Users\Dell\.nuget\packages\azure.core\1.38.0\lib\net6.0\Azure.Core.dll".
             Reference found at search path location "{HintPathFromItem}".
             This reference is not "CopyLocal" because at least one source item had "Private" set to "false" and no source items had "Private" set to "true".
         Primary reference "Azure.Identity, Version=1.11.4.0, Culture=neutral, PublicKeyToken=92742159e12e44c8".
             Resolved file path is "C:\Users\Dell\.nuget\packages\azure.identity\1.11.4\lib\netstandard2.0\Azure.Identity.dll".
             Reference found at search path location "{HintPathFromItem}".
             This reference is not "CopyLocal" because at least one source item had "Private" set to "false" and no source items had "Private" set to "true".
         Primary reference "Microsoft.AspNetCore.Authentication.JwtBearer, Version=9.0.0.0, Culture=neutral, PublicKeyToken=adb9793829ddae60".
             Resolved file path is "C:\Users\Dell\.nuget\packages\microsoft.aspnetcore.authentication.jwtbearer\9.0.0\lib\net9.0\Microsoft.AspNetCore.Authentication.JwtBearer.dll".
             Reference found at search path location "{HintPathFromItem}".
             This reference is not "CopyLocal" because at least one source item had "Private" set to "false" and no source items had "Private" set to "true".
         Primary reference "Microsoft.AspNetCore.Identity.EntityFrameworkCore, Version=9.0.0.0, Culture=neutral, PublicKeyToken=adb9793829ddae60".
             Resolved file path is "C:\Users\Dell\.nuget\packages\microsoft.aspnetcore.identity.entityframeworkcore\9.0.0\lib\net9.0\Microsoft.AspNetCore.Identity.EntityFrameworkCore.dll".
             Reference found at search path location "{HintPathFromItem}".
             This reference is not "CopyLocal" because at least one source item had "Private" set to "false" and no source items had "Private" set to "true".
         Primary reference "Microsoft.AspNetCore.OpenApi, Version=9.0.0.0, Culture=neutral, PublicKeyToken=adb9793829ddae60".
             Resolved file path is "C:\Users\Dell\.nuget\packages\microsoft.aspnetcore.openapi\9.0.0\lib\net9.0\Microsoft.AspNetCore.OpenApi.dll".
             Reference found at search path location "{HintPathFromItem}".
             This reference is not "CopyLocal" because at least one source item had "Private" set to "false" and no source items had "Private" set to "true".
         Primary reference "Microsoft.Bcl.AsyncInterfaces, Version=7.0.0.0, Culture=neutral, PublicKeyToken=cc7b13ffcd2ddd51".
             Resolved file path is "C:\Users\Dell\.nuget\packages\microsoft.bcl.asyncinterfaces\7.0.0\lib\netstandard2.1\Microsoft.Bcl.AsyncInterfaces.dll".
             Reference found at search path location "{HintPathFromItem}".
             This reference is not "CopyLocal" because at least one source item had "Private" set to "false" and no source items had "Private" set to "true".
         Primary reference "Microsoft.Data.SqlClient, Version=5.0.0.0, Culture=neutral, PublicKeyToken=23ec7fc2d6eaa4a5".
             Resolved file path is "C:\Users\Dell\.nuget\packages\microsoft.data.sqlclient\5.1.6\ref\net6.0\Microsoft.Data.SqlClient.dll".
             Reference found at search path location "{HintPathFromItem}".
             This reference is not "CopyLocal" because at least one source item had "Private" set to "false" and no source items had "Private" set to "true".
         Primary reference "Microsoft.EntityFrameworkCore, Version=9.0.0.0, Culture=neutral, PublicKeyToken=adb9793829ddae60".
             Resolved file path is "C:\Users\Dell\.nuget\packages\microsoft.entityframeworkcore\9.0.0\lib\net8.0\Microsoft.EntityFrameworkCore.dll".
             Reference found at search path location "{HintPathFromItem}".
             This reference is not "CopyLocal" because at least one source item had "Private" set to "false" and no source items had "Private" set to "true".
         Primary reference "Microsoft.EntityFrameworkCore.Abstractions, Version=9.0.0.0, Culture=neutral, PublicKeyToken=adb9793829ddae60".
             Resolved file path is "C:\Users\Dell\.nuget\packages\microsoft.entityframeworkcore.abstractions\9.0.0\lib\net8.0\Microsoft.EntityFrameworkCore.Abstractions.dll".
             Reference found at search path location "{HintPathFromItem}".
             This reference is not "CopyLocal" because at least one source item had "Private" set to "false" and no source items had "Private" set to "true".
         Primary reference "Microsoft.EntityFrameworkCore.InMemory, Version=9.0.0.0, Culture=neutral, PublicKeyToken=adb9793829ddae60".
             Resolved file path is "C:\Users\Dell\.nuget\packages\microsoft.entityframeworkcore.inmemory\9.0.0\lib\net8.0\Microsoft.EntityFrameworkCore.InMemory.dll".
             Reference found at search path location "{HintPathFromItem}".
             This reference is not "CopyLocal" because at least one source item had "Private" set to "false" and no source items had "Private" set to "true".
         Primary reference "Microsoft.EntityFrameworkCore.Relational, Version=9.0.0.0, Culture=neutral, PublicKeyToken=adb9793829ddae60".
             Resolved file path is "C:\Users\Dell\.nuget\packages\microsoft.entityframeworkcore.relational\9.0.0\lib\net8.0\Microsoft.EntityFrameworkCore.Relational.dll".
             Reference found at search path location "{HintPathFromItem}".
             This reference is not "CopyLocal" because at least one source item had "Private" set to "false" and no source items had "Private" set to "true".
         Primary reference "Microsoft.EntityFrameworkCore.SqlServer, Version=9.0.0.0, Culture=neutral, PublicKeyToken=adb9793829ddae60".
             Resolved file path is "C:\Users\Dell\.nuget\packages\microsoft.entityframeworkcore.sqlserver\9.0.0\lib\net8.0\Microsoft.EntityFrameworkCore.SqlServer.dll".
             Reference found at search path location "{HintPathFromItem}".
             This reference is not "CopyLocal" because at least one source item had "Private" set to "false" and no source items had "Private" set to "true".
         Primary reference "Microsoft.Identity.Client, Version=4.61.3.0, Culture=neutral, PublicKeyToken=0a613f4dd989e8ae".
             Resolved file path is "C:\Users\Dell\.nuget\packages\microsoft.identity.client\4.61.3\lib\net6.0\Microsoft.Identity.Client.dll".
             Reference found at search path location "{HintPathFromItem}".
             This reference is not "CopyLocal" because at least one source item had "Private" set to "false" and no source items had "Private" set to "true".
         Primary reference "Microsoft.Identity.Client.Extensions.Msal, Version=4.61.3.0, Culture=neutral, PublicKeyToken=0a613f4dd989e8ae".
             Resolved file path is "C:\Users\Dell\.nuget\packages\microsoft.identity.client.extensions.msal\4.61.3\lib\net6.0\Microsoft.Identity.Client.Extensions.Msal.dll".
             Reference found at search path location "{HintPathFromItem}".
             This reference is not "CopyLocal" because at least one source item had "Private" set to "false" and no source items had "Private" set to "true".
         Primary reference "Microsoft.IdentityModel.Abstractions, Version=8.0.1.0, Culture=neutral, PublicKeyToken=31bf3856ad364e35".
             Resolved file path is "C:\Users\Dell\.nuget\packages\microsoft.identitymodel.abstractions\8.0.1\lib\net9.0\Microsoft.IdentityModel.Abstractions.dll".
             Reference found at search path location "{HintPathFromItem}".
             This reference is not "CopyLocal" because at least one source item had "Private" set to "false" and no source items had "Private" set to "true".
         Primary reference "Microsoft.IdentityModel.JsonWebTokens, Version=8.0.1.0, Culture=neutral, PublicKeyToken=31bf3856ad364e35".
             Resolved file path is "C:\Users\Dell\.nuget\packages\microsoft.identitymodel.jsonwebtokens\8.0.1\lib\net9.0\Microsoft.IdentityModel.JsonWebTokens.dll".
             Reference found at search path location "{HintPathFromItem}".
             This reference is not "CopyLocal" because at least one source item had "Private" set to "false" and no source items had "Private" set to "true".
         Primary reference "Microsoft.IdentityModel.Logging, Version=8.0.1.0, Culture=neutral, PublicKeyToken=31bf3856ad364e35".
             Resolved file path is "C:\Users\Dell\.nuget\packages\microsoft.identitymodel.logging\8.0.1\lib\net9.0\Microsoft.IdentityModel.Logging.dll".
             Reference found at search path location "{HintPathFromItem}".
             This reference is not "CopyLocal" because at least one source item had "Private" set to "false" and no source items had "Private" set to "true".
         Primary reference "Microsoft.IdentityModel.Protocols, Version=8.0.1.0, Culture=neutral, PublicKeyToken=31bf3856ad364e35".
             Resolved file path is "C:\Users\Dell\.nuget\packages\microsoft.identitymodel.protocols\8.0.1\lib\net9.0\Microsoft.IdentityModel.Protocols.dll".
             Reference found at search path location "{HintPathFromItem}".
             This reference is not "CopyLocal" because at least one source item had "Private" set to "false" and no source items had "Private" set to "true".
         Primary reference "Microsoft.IdentityModel.Protocols.OpenIdConnect, Version=8.0.1.0, Culture=neutral, PublicKeyToken=31bf3856ad364e35".
             Resolved file path is "C:\Users\Dell\.nuget\packages\microsoft.identitymodel.protocols.openidconnect\8.0.1\lib\net9.0\Microsoft.IdentityModel.Protocols.OpenIdConnect.dll".
             Reference found at search path location "{HintPathFromItem}".
             This reference is not "CopyLocal" because at least one source item had "Private" set to "false" and no source items had "Private" set to "true".
         Primary reference "Microsoft.IdentityModel.Tokens, Version=8.0.1.0, Culture=neutral, PublicKeyToken=31bf3856ad364e35".
             Resolved file path is "C:\Users\Dell\.nuget\packages\microsoft.identitymodel.tokens\8.0.1\lib\net9.0\Microsoft.IdentityModel.Tokens.dll".
             Reference found at search path location "{HintPathFromItem}".
             This reference is not "CopyLocal" because at least one source item had "Private" set to "false" and no source items had "Private" set to "true".
         Primary reference "Microsoft.OpenApi, Version=1.6.17.0, Culture=neutral, PublicKeyToken=3f5743946376f042".
             Resolved file path is "C:\Users\Dell\.nuget\packages\microsoft.openapi\1.6.17\lib\netstandard2.0\Microsoft.OpenApi.dll".
             Reference found at search path location "{HintPathFromItem}".
             This reference is not "CopyLocal" because at least one source item had "Private" set to "false" and no source items had "Private" set to "true".
         Primary reference "Microsoft.SqlServer.Server, Version=1.0.0.0, Culture=neutral, PublicKeyToken=23ec7fc2d6eaa4a5".
             Resolved file path is "C:\Users\Dell\.nuget\packages\microsoft.sqlserver.server\1.0.0\lib\netstandard2.0\Microsoft.SqlServer.Server.dll".
             Reference found at search path location "{HintPathFromItem}".
             This reference is not "CopyLocal" because at least one source item had "Private" set to "false" and no source items had "Private" set to "true".
         Primary reference "Swashbuckle.AspNetCore.Swagger, Version=6.5.0.0, Culture=neutral, PublicKeyToken=62657d7474907593".
             Resolved file path is "C:\Users\Dell\.nuget\packages\swashbuckle.aspnetcore.swagger\6.5.0\lib\net7.0\Swashbuckle.AspNetCore.Swagger.dll".
             Reference found at search path location "{HintPathFromItem}".
             This reference is not "CopyLocal" because at least one source item had "Private" set to "false" and no source items had "Private" set to "true".
         Primary reference "Swashbuckle.AspNetCore.SwaggerGen, Version=6.5.0.0, Culture=neutral, PublicKeyToken=d84d99fb0135530a".
             Resolved file path is "C:\Users\Dell\.nuget\packages\swashbuckle.aspnetcore.swaggergen\6.5.0\lib\net7.0\Swashbuckle.AspNetCore.SwaggerGen.dll".
             Reference found at search path location "{HintPathFromItem}".
             This reference is not "CopyLocal" because at least one source item had "Private" set to "false" and no source items had "Private" set to "true".
         Primary reference "Swashbuckle.AspNetCore.SwaggerUI, Version=6.5.0.0, Culture=neutral, PublicKeyToken=4232c99127b3c254".
             Resolved file path is "C:\Users\Dell\.nuget\packages\swashbuckle.aspnetcore.swaggerui\6.5.0\lib\net7.0\Swashbuckle.AspNetCore.SwaggerUI.dll".
             Reference found at search path location "{HintPathFromItem}".
             This reference is not "CopyLocal" because at least one source item had "Private" set to "false" and no source items had "Private" set to "true".
         Primary reference "System.ClientModel, Version=1.0.0.0, Culture=neutral, PublicKeyToken=92742159e12e44c8".
             Resolved file path is "C:\Users\Dell\.nuget\packages\system.clientmodel\1.0.0\lib\net6.0\System.ClientModel.dll".
             Reference found at search path location "{HintPathFromItem}".
             This reference is not "CopyLocal" because at least one source item had "Private" set to "false" and no source items had "Private" set to "true".
         Primary reference "System.IdentityModel.Tokens.Jwt, Version=8.0.1.0, Culture=neutral, PublicKeyToken=31bf3856ad364e35".
             Resolved file path is "C:\Users\Dell\.nuget\packages\system.identitymodel.tokens.jwt\8.0.1\lib\net9.0\System.IdentityModel.Tokens.Jwt.dll".
             Reference found at search path location "{HintPathFromItem}".
             This reference is not "CopyLocal" because at least one source item had "Private" set to "false" and no source items had "Private" set to "true".
         Primary reference "System.Memory.Data, Version=1.0.2.0, Culture=neutral, PublicKeyToken=cc7b13ffcd2ddd51".
             Resolved file path is "C:\Users\Dell\.nuget\packages\system.memory.data\1.0.2\lib\netstandard2.0\System.Memory.Data.dll".
             Reference found at search path location "{HintPathFromItem}".
             This reference is not "CopyLocal" because at least one source item had "Private" set to "false" and no source items had "Private" set to "true".
         Primary reference "System.Security.Cryptography.ProtectedData, Version=6.0.0.0, Culture=neutral, PublicKeyToken=b03f5f7f11d50a3a".
             Resolved file path is "C:\Users\Dell\.nuget\packages\system.security.cryptography.protecteddata\6.0.0\lib\net6.0\System.Security.Cryptography.ProtectedData.dll".
             Reference found at search path location "{HintPathFromItem}".
             This reference is not "CopyLocal" because at least one source item had "Private" set to "false" and no source items had "Private" set to "true".
         Primary reference "Microsoft.CSharp, Version=9.0.0.0, Culture=neutral, PublicKeyToken=b03f5f7f11d50a3a".
             Resolved file path is "C:\Program Files\dotnet\packs\Microsoft.NETCore.App.Ref\9.0.11\ref\net9.0\Microsoft.CSharp.dll".
             Reference found at search path location "{RawFileName}".
             This reference is not "CopyLocal" because at least one source item had "Private" set to "false" and no source items had "Private" set to "true".
         Primary reference "Microsoft.VisualBasic.Core, Version=14.0.0.0, Culture=neutral, PublicKeyToken=b03f5f7f11d50a3a".
             Resolved file path is "C:\Program Files\dotnet\packs\Microsoft.NETCore.App.Ref\9.0.11\ref\net9.0\Microsoft.VisualBasic.Core.dll".
             Reference found at search path location "{RawFileName}".
             This reference is not "CopyLocal" because at least one source item had "Private" set to "false" and no source items had "Private" set to "true".
         Primary reference "Microsoft.VisualBasic, Version=10.0.0.0, Culture=neutral, PublicKeyToken=b03f5f7f11d50a3a".
             Resolved file path is "C:\Program Files\dotnet\packs\Microsoft.NETCore.App.Ref\9.0.11\ref\net9.0\Microsoft.VisualBasic.dll".
             Reference found at search path location "{RawFileName}".
             This reference is not "CopyLocal" because at least one source item had "Private" set to "false" and no source items had "Private" set to "true".
         Primary reference "Microsoft.Win32.Primitives, Version=9.0.0.0, Culture=neutral, PublicKeyToken=b03f5f7f11d50a3a".
             Resolved file path is "C:\Program Files\dotnet\packs\Microsoft.NETCore.App.Ref\9.0.11\ref\net9.0\Microsoft.Win32.Primitives.dll".
             Reference found at search path location "{RawFileName}".
             This reference is not "CopyLocal" because at least one source item had "Private" set to "false" and no source items had "Private" set to "true".
         Primary reference "Microsoft.Win32.Registry, Version=9.0.0.0, Culture=neutral, PublicKeyToken=b03f5f7f11d50a3a".
             Resolved file path is "C:\Program Files\dotnet\packs\Microsoft.NETCore.App.Ref\9.0.11\ref\net9.0\Microsoft.Win32.Registry.dll".
             Reference found at search path location "{RawFileName}".
             This reference is not "CopyLocal" because at least one source item had "Private" set to "false" and no source items had "Private" set to "true".
         Primary reference "System.AppContext, Version=9.0.0.0, Culture=neutral, PublicKeyToken=b03f5f7f11d50a3a".
             Resolved file path is "C:\Program Files\dotnet\packs\Microsoft.NETCore.App.Ref\9.0.11\ref\net9.0\System.AppContext.dll".
             Reference found at search path location "{RawFileName}".
             This reference is not "CopyLocal" because at least one source item had "Private" set to "false" and no source items had "Private" set to "true".
         Primary reference "System.Buffers, Version=9.0.0.0, Culture=neutral, PublicKeyToken=cc7b13ffcd2ddd51".
             Resolved file path is "C:\Program Files\dotnet\packs\Microsoft.NETCore.App.Ref\9.0.11\ref\net9.0\System.Buffers.dll".
             Reference found at search path location "{RawFileName}".
             This reference is not "CopyLocal" because at least one source item had "Private" set to "false" and no source items had "Private" set to "true".
         Primary reference "System.Collections.Concurrent, Version=9.0.0.0, Culture=neutral, PublicKeyToken=b03f5f7f11d50a3a".
             Resolved file path is "C:\Program Files\dotnet\packs\Microsoft.NETCore.App.Ref\9.0.11\ref\net9.0\System.Collections.Concurrent.dll".
             Reference found at search path location "{RawFileName}".
             This reference is not "CopyLocal" because at least one source item had "Private" set to "false" and no source items had "Private" set to "true".
         Primary reference "System.Collections.Immutable, Version=9.0.0.0, Culture=neutral, PublicKeyToken=b03f5f7f11d50a3a".
             Resolved file path is "C:\Program Files\dotnet\packs\Microsoft.NETCore.App.Ref\9.0.11\ref\net9.0\System.Collections.Immutable.dll".
             Reference found at search path location "{RawFileName}".
             This reference is not "CopyLocal" because at least one source item had "Private" set to "false" and no source items had "Private" set to "true".
         Primary reference "System.Collections.NonGeneric, Version=9.0.0.0, Culture=neutral, PublicKeyToken=b03f5f7f11d50a3a".
             Resolved file path is "C:\Program Files\dotnet\packs\Microsoft.NETCore.App.Ref\9.0.11\ref\net9.0\System.Collections.NonGeneric.dll".
             Reference found at search path location "{RawFileName}".
             This reference is not "CopyLocal" because at least one source item had "Private" set to "false" and no source items had "Private" set to "true".
         Primary reference "System.Collections.Specialized, Version=9.0.0.0, Culture=neutral, PublicKeyToken=b03f5f7f11d50a3a".
             Resolved file path is "C:\Program Files\dotnet\packs\Microsoft.NETCore.App.Ref\9.0.11\ref\net9.0\System.Collections.Specialized.dll".
             Reference found at search path location "{RawFileName}".
             This reference is not "CopyLocal" because at least one source item had "Private" set to "false" and no source items had "Private" set to "true".
         Primary reference "System.Collections, Version=9.0.0.0, Culture=neutral, PublicKeyToken=b03f5f7f11d50a3a".
             Resolved file path is "C:\Program Files\dotnet\packs\Microsoft.NETCore.App.Ref\9.0.11\ref\net9.0\System.Collections.dll".
             Reference found at search path location "{RawFileName}".
             This reference is not "CopyLocal" because at least one source item had "Private" set to "false" and no source items had "Private" set to "true".
         Primary reference "System.ComponentModel.Annotations, Version=9.0.0.0, Culture=neutral, PublicKeyToken=b03f5f7f11d50a3a".
             Resolved file path is "C:\Program Files\dotnet\packs\Microsoft.NETCore.App.Ref\9.0.11\ref\net9.0\System.ComponentModel.Annotations.dll".
             Reference found at search path location "{RawFileName}".
             This reference is not "CopyLocal" because at least one source item had "Private" set to "false" and no source items had "Private" set to "true".
         Primary reference "System.ComponentModel.DataAnnotations, Version=4.0.0.0, Culture=neutral, PublicKeyToken=31bf3856ad364e35".
             Resolved file path is "C:\Program Files\dotnet\packs\Microsoft.NETCore.App.Ref\9.0.11\ref\net9.0\System.ComponentModel.DataAnnotations.dll".
             Reference found at search path location "{RawFileName}".
             This reference is not "CopyLocal" because at least one source item had "Private" set to "false" and no source items had "Private" set to "true".
         Primary reference "System.ComponentModel.EventBasedAsync, Version=9.0.0.0, Culture=neutral, PublicKeyToken=b03f5f7f11d50a3a".
             Resolved file path is "C:\Program Files\dotnet\packs\Microsoft.NETCore.App.Ref\9.0.11\ref\net9.0\System.ComponentModel.EventBasedAsync.dll".
             Reference found at search path location "{RawFileName}".
             This reference is not "CopyLocal" because at least one source item had "Private" set to "false" and no source items had "Private" set to "true".
         Primary reference "System.ComponentModel.Primitives, Version=9.0.0.0, Culture=neutral, PublicKeyToken=b03f5f7f11d50a3a".
             Resolved file path is "C:\Program Files\dotnet\packs\Microsoft.NETCore.App.Ref\9.0.11\ref\net9.0\System.ComponentModel.Primitives.dll".
             Reference found at search path location "{RawFileName}".
             This reference is not "CopyLocal" because at least one source item had "Private" set to "false" and no source items had "Private" set to "true".
         Primary reference "System.ComponentModel.TypeConverter, Version=9.0.0.0, Culture=neutral, PublicKeyToken=b03f5f7f11d50a3a".
             Resolved file path is "C:\Program Files\dotnet\packs\Microsoft.NETCore.App.Ref\9.0.11\ref\net9.0\System.ComponentModel.TypeConverter.dll".
             Reference found at search path location "{RawFileName}".
             This reference is not "CopyLocal" because at least one source item had "Private" set to "false" and no source items had "Private" set to "true".
         Primary reference "System.ComponentModel, Version=9.0.0.0, Culture=neutral, PublicKeyToken=b03f5f7f11d50a3a".
             Resolved file path is "C:\Program Files\dotnet\packs\Microsoft.NETCore.App.Ref\9.0.11\ref\net9.0\System.ComponentModel.dll".
             Reference found at search path location "{RawFileName}".
             This reference is not "CopyLocal" because at least one source item had "Private" set to "false" and no source items had "Private" set to "true".
         Primary reference "System.Configuration, Version=4.0.0.0, Culture=neutral, PublicKeyToken=b03f5f7f11d50a3a".
             Resolved file path is "C:\Program Files\dotnet\packs\Microsoft.NETCore.App.Ref\9.0.11\ref\net9.0\System.Configuration.dll".
             Reference found at search path location "{RawFileName}".
             This reference is not "CopyLocal" because at least one source item had "Private" set to "false" and no source items had "Private" set to "true".
         Primary reference "System.Console, Version=9.0.0.0, Culture=neutral, PublicKeyToken=b03f5f7f11d50a3a".
             Resolved file path is "C:\Program Files\dotnet\packs\Microsoft.NETCore.App.Ref\9.0.11\ref\net9.0\System.Console.dll".
             Reference found at search path location "{RawFileName}".
             This reference is not "CopyLocal" because at least one source item had "Private" set to "false" and no source items had "Private" set to "true".
         Primary reference "System.Core, Version=4.0.0.0, Culture=neutral, PublicKeyToken=b77a5c561934e089".
             Resolved file path is "C:\Program Files\dotnet\packs\Microsoft.NETCore.App.Ref\9.0.11\ref\net9.0\System.Core.dll".
             Reference found at search path location "{RawFileName}".
             This reference is not "CopyLocal" because at least one source item had "Private" set to "false" and no source items had "Private" set to "true".
         Primary reference "System.Data.Common, Version=9.0.0.0, Culture=neutral, PublicKeyToken=b03f5f7f11d50a3a".
             Resolved file path is "C:\Program Files\dotnet\packs\Microsoft.NETCore.App.Ref\9.0.11\ref\net9.0\System.Data.Common.dll".
             Reference found at search path location "{RawFileName}".
             This reference is not "CopyLocal" because at least one source item had "Private" set to "false" and no source items had "Private" set to "true".
         Primary reference "System.Data.DataSetExtensions, Version=9.0.0.0, Culture=neutral, PublicKeyToken=b77a5c561934e089".
             Resolved file path is "C:\Program Files\dotnet\packs\Microsoft.NETCore.App.Ref\9.0.11\ref\net9.0\System.Data.DataSetExtensions.dll".
             Reference found at search path location "{RawFileName}".
             This reference is not "CopyLocal" because at least one source item had "Private" set to "false" and no source items had "Private" set to "true".
         Primary reference "System.Data, Version=4.0.0.0, Culture=neutral, PublicKeyToken=b77a5c561934e089".
             Resolved file path is "C:\Program Files\dotnet\packs\Microsoft.NETCore.App.Ref\9.0.11\ref\net9.0\System.Data.dll".
             Reference found at search path location "{RawFileName}".
             This reference is not "CopyLocal" because at least one source item had "Private" set to "false" and no source items had "Private" set to "true".
         Primary reference "System.Diagnostics.Contracts, Version=9.0.0.0, Culture=neutral, PublicKeyToken=b03f5f7f11d50a3a".
             Resolved file path is "C:\Program Files\dotnet\packs\Microsoft.NETCore.App.Ref\9.0.11\ref\net9.0\System.Diagnostics.Contracts.dll".
             Reference found at search path location "{RawFileName}".
             This reference is not "CopyLocal" because at least one source item had "Private" set to "false" and no source items had "Private" set to "true".
         Primary reference "System.Diagnostics.Debug, Version=9.0.0.0, Culture=neutral, PublicKeyToken=b03f5f7f11d50a3a".
             Resolved file path is "C:\Program Files\dotnet\packs\Microsoft.NETCore.App.Ref\9.0.11\ref\net9.0\System.Diagnostics.Debug.dll".
             Reference found at search path location "{RawFileName}".
             This reference is not "CopyLocal" because at least one source item had "Private" set to "false" and no source items had "Private" set to "true".
         Primary reference "System.Diagnostics.DiagnosticSource, Version=9.0.0.0, Culture=neutral, PublicKeyToken=cc7b13ffcd2ddd51".
             Resolved file path is "C:\Program Files\dotnet\packs\Microsoft.NETCore.App.Ref\9.0.11\ref\net9.0\System.Diagnostics.DiagnosticSource.dll".
             Reference found at search path location "{RawFileName}".
             This reference is not "CopyLocal" because at least one source item had "Private" set to "false" and no source items had "Private" set to "true".
         Primary reference "System.Diagnostics.FileVersionInfo, Version=9.0.0.0, Culture=neutral, PublicKeyToken=b03f5f7f11d50a3a".
             Resolved file path is "C:\Program Files\dotnet\packs\Microsoft.NETCore.App.Ref\9.0.11\ref\net9.0\System.Diagnostics.FileVersionInfo.dll".
             Reference found at search path location "{RawFileName}".
             This reference is not "CopyLocal" because at least one source item had "Private" set to "false" and no source items had "Private" set to "true".
         Primary reference "System.Diagnostics.Process, Version=9.0.0.0, Culture=neutral, PublicKeyToken=b03f5f7f11d50a3a".
             Resolved file path is "C:\Program Files\dotnet\packs\Microsoft.NETCore.App.Ref\9.0.11\ref\net9.0\System.Diagnostics.Process.dll".
             Reference found at search path location "{RawFileName}".
             This reference is not "CopyLocal" because at least one source item had "Private" set to "false" and no source items had "Private" set to "true".
         Primary reference "System.Diagnostics.StackTrace, Version=9.0.0.0, Culture=neutral, PublicKeyToken=b03f5f7f11d50a3a".
             Resolved file path is "C:\Program Files\dotnet\packs\Microsoft.NETCore.App.Ref\9.0.11\ref\net9.0\System.Diagnostics.StackTrace.dll".
             Reference found at search path location "{RawFileName}".
             This reference is not "CopyLocal" because at least one source item had "Private" set to "false" and no source items had "Private" set to "true".
         Primary reference "System.Diagnostics.TextWriterTraceListener, Version=9.0.0.0, Culture=neutral, PublicKeyToken=b03f5f7f11d50a3a".
             Resolved file path is "C:\Program Files\dotnet\packs\Microsoft.NETCore.App.Ref\9.0.11\ref\net9.0\System.Diagnostics.TextWriterTraceListener.dll".
             Reference found at search path location "{RawFileName}".
             This reference is not "CopyLocal" because at least one source item had "Private" set to "false" and no source items had "Private" set to "true".
         Primary reference "System.Diagnostics.Tools, Version=9.0.0.0, Culture=neutral, PublicKeyToken=b03f5f7f11d50a3a".
             Resolved file path is "C:\Program Files\dotnet\packs\Microsoft.NETCore.App.Ref\9.0.11\ref\net9.0\System.Diagnostics.Tools.dll".
             Reference found at search path location "{RawFileName}".
             This reference is not "CopyLocal" because at least one source item had "Private" set to "false" and no source items had "Private" set to "true".
         Primary reference "System.Diagnostics.TraceSource, Version=9.0.0.0, Culture=neutral, PublicKeyToken=b03f5f7f11d50a3a".
             Resolved file path is "C:\Program Files\dotnet\packs\Microsoft.NETCore.App.Ref\9.0.11\ref\net9.0\System.Diagnostics.TraceSource.dll".
             Reference found at search path location "{RawFileName}".
             This reference is not "CopyLocal" because at least one source item had "Private" set to "false" and no source items had "Private" set to "true".
         Primary reference "System.Diagnostics.Tracing, Version=9.0.0.0, Culture=neutral, PublicKeyToken=b03f5f7f11d50a3a".
             Resolved file path is "C:\Program Files\dotnet\packs\Microsoft.NETCore.App.Ref\9.0.11\ref\net9.0\System.Diagnostics.Tracing.dll".
             Reference found at search path location "{RawFileName}".
             This reference is not "CopyLocal" because at least one source item had "Private" set to "false" and no source items had "Private" set to "true".
         Primary reference "System.Drawing.Primitives, Version=9.0.0.0, Culture=neutral, PublicKeyToken=b03f5f7f11d50a3a".
             Resolved file path is "C:\Program Files\dotnet\packs\Microsoft.NETCore.App.Ref\9.0.11\ref\net9.0\System.Drawing.Primitives.dll".
             Reference found at search path location "{RawFileName}".
             This reference is not "CopyLocal" because at least one source item had "Private" set to "false" and no source items had "Private" set to "true".
         Primary reference "System.Drawing, Version=4.0.0.0, Culture=neutral, PublicKeyToken=b03f5f7f11d50a3a".
             Resolved file path is "C:\Program Files\dotnet\packs\Microsoft.NETCore.App.Ref\9.0.11\ref\net9.0\System.Drawing.dll".
             Reference found at search path location "{RawFileName}".
             This reference is not "CopyLocal" because at least one source item had "Private" set to "false" and no source items had "Private" set to "true".
         Primary reference "System.Dynamic.Runtime, Version=9.0.0.0, Culture=neutral, PublicKeyToken=b03f5f7f11d50a3a".
             Resolved file path is "C:\Program Files\dotnet\packs\Microsoft.NETCore.App.Ref\9.0.11\ref\net9.0\System.Dynamic.Runtime.dll".
             Reference found at search path location "{RawFileName}".
             This reference is not "CopyLocal" because at least one source item had "Private" set to "false" and no source items had "Private" set to "true".
         Primary reference "System.Formats.Asn1, Version=9.0.0.0, Culture=neutral, PublicKeyToken=cc7b13ffcd2ddd51".
             Resolved file path is "C:\Program Files\dotnet\packs\Microsoft.NETCore.App.Ref\9.0.11\ref\net9.0\System.Formats.Asn1.dll".
             Reference found at search path location "{RawFileName}".
             This reference is not "CopyLocal" because at least one source item had "Private" set to "false" and no source items had "Private" set to "true".
         Primary reference "System.Formats.Tar, Version=9.0.0.0, Culture=neutral, PublicKeyToken=cc7b13ffcd2ddd51".
             Resolved file path is "C:\Program Files\dotnet\packs\Microsoft.NETCore.App.Ref\9.0.11\ref\net9.0\System.Formats.Tar.dll".
             Reference found at search path location "{RawFileName}".
             This reference is not "CopyLocal" because at least one source item had "Private" set to "false" and no source items had "Private" set to "true".
         Primary reference "System.Globalization.Calendars, Version=9.0.0.0, Culture=neutral, PublicKeyToken=b03f5f7f11d50a3a".
             Resolved file path is "C:\Program Files\dotnet\packs\Microsoft.NETCore.App.Ref\9.0.11\ref\net9.0\System.Globalization.Calendars.dll".
             Reference found at search path location "{RawFileName}".
             This reference is not "CopyLocal" because at least one source item had "Private" set to "false" and no source items had "Private" set to "true".
         Primary reference "System.Globalization.Extensions, Version=9.0.0.0, Culture=neutral, PublicKeyToken=b03f5f7f11d50a3a".
             Resolved file path is "C:\Program Files\dotnet\packs\Microsoft.NETCore.App.Ref\9.0.11\ref\net9.0\System.Globalization.Extensions.dll".
             Reference found at search path location "{RawFileName}".
             This reference is not "CopyLocal" because at least one source item had "Private" set to "false" and no source items had "Private" set to "true".
         Primary reference "System.Globalization, Version=9.0.0.0, Culture=neutral, PublicKeyToken=b03f5f7f11d50a3a".
             Resolved file path is "C:\Program Files\dotnet\packs\Microsoft.NETCore.App.Ref\9.0.11\ref\net9.0\System.Globalization.dll".
             Reference found at search path location "{RawFileName}".
             This reference is not "CopyLocal" because at least one source item had "Private" set to "false" and no source items had "Private" set to "true".
         Primary reference "System.IO.Compression.Brotli, Version=9.0.0.0, Culture=neutral, PublicKeyToken=b77a5c561934e089".
             Resolved file path is "C:\Program Files\dotnet\packs\Microsoft.NETCore.App.Ref\9.0.11\ref\net9.0\System.IO.Compression.Brotli.dll".
             Reference found at search path location "{RawFileName}".
             This reference is not "CopyLocal" because at least one source item had "Private" set to "false" and no source items had "Private" set to "true".
         Primary reference "System.IO.Compression.FileSystem, Version=4.0.0.0, Culture=neutral, PublicKeyToken=b77a5c561934e089".
             Resolved file path is "C:\Program Files\dotnet\packs\Microsoft.NETCore.App.Ref\9.0.11\ref\net9.0\System.IO.Compression.FileSystem.dll".
             Reference found at search path location "{RawFileName}".
             This reference is not "CopyLocal" because at least one source item had "Private" set to "false" and no source items had "Private" set to "true".
         Primary reference "System.IO.Compression.ZipFile, Version=9.0.0.0, Culture=neutral, PublicKeyToken=b77a5c561934e089".
             Resolved file path is "C:\Program Files\dotnet\packs\Microsoft.NETCore.App.Ref\9.0.11\ref\net9.0\System.IO.Compression.ZipFile.dll".
             Reference found at search path location "{RawFileName}".
             This reference is not "CopyLocal" because at least one source item had "Private" set to "false" and no source items had "Private" set to "true".
         Primary reference "System.IO.Compression, Version=9.0.0.0, Culture=neutral, PublicKeyToken=b77a5c561934e089".
             Resolved file path is "C:\Program Files\dotnet\packs\Microsoft.NETCore.App.Ref\9.0.11\ref\net9.0\System.IO.Compression.dll".
             Reference found at search path location "{RawFileName}".
             This reference is not "CopyLocal" because at least one source item had "Private" set to "false" and no source items had "Private" set to "true".
         Primary reference "System.IO.FileSystem.AccessControl, Version=9.0.0.0, Culture=neutral, PublicKeyToken=b03f5f7f11d50a3a".
             Resolved file path is "C:\Program Files\dotnet\packs\Microsoft.NETCore.App.Ref\9.0.11\ref\net9.0\System.IO.FileSystem.AccessControl.dll".
             Reference found at search path location "{RawFileName}".
             This reference is not "CopyLocal" because at least one source item had "Private" set to "false" and no source items had "Private" set to "true".
         Primary reference "System.IO.FileSystem.DriveInfo, Version=9.0.0.0, Culture=neutral, PublicKeyToken=b03f5f7f11d50a3a".
             Resolved file path is "C:\Program Files\dotnet\packs\Microsoft.NETCore.App.Ref\9.0.11\ref\net9.0\System.IO.FileSystem.DriveInfo.dll".
             Reference found at search path location "{RawFileName}".
             This reference is not "CopyLocal" because at least one source item had "Private" set to "false" and no source items had "Private" set to "true".
         Primary reference "System.IO.FileSystem.Primitives, Version=9.0.0.0, Culture=neutral, PublicKeyToken=b03f5f7f11d50a3a".
             Resolved file path is "C:\Program Files\dotnet\packs\Microsoft.NETCore.App.Ref\9.0.11\ref\net9.0\System.IO.FileSystem.Primitives.dll".
             Reference found at search path location "{RawFileName}".
             This reference is not "CopyLocal" because at least one source item had "Private" set to "false" and no source items had "Private" set to "true".
         Primary reference "System.IO.FileSystem.Watcher, Version=9.0.0.0, Culture=neutral, PublicKeyToken=b03f5f7f11d50a3a".
             Resolved file path is "C:\Program Files\dotnet\packs\Microsoft.NETCore.App.Ref\9.0.11\ref\net9.0\System.IO.FileSystem.Watcher.dll".
             Reference found at search path location "{RawFileName}".
             This reference is not "CopyLocal" because at least one source item had "Private" set to "false" and no source items had "Private" set to "true".
         Primary reference "System.IO.FileSystem, Version=9.0.0.0, Culture=neutral, PublicKeyToken=b03f5f7f11d50a3a".
             Resolved file path is "C:\Program Files\dotnet\packs\Microsoft.NETCore.App.Ref\9.0.11\ref\net9.0\System.IO.FileSystem.dll".
             Reference found at search path location "{RawFileName}".
             This reference is not "CopyLocal" because at least one source item had "Private" set to "false" and no source items had "Private" set to "true".
         Primary reference "System.IO.IsolatedStorage, Version=9.0.0.0, Culture=neutral, PublicKeyToken=b03f5f7f11d50a3a".
             Resolved file path is "C:\Program Files\dotnet\packs\Microsoft.NETCore.App.Ref\9.0.11\ref\net9.0\System.IO.IsolatedStorage.dll".
             Reference found at search path location "{RawFileName}".
             This reference is not "CopyLocal" because at least one source item had "Private" set to "false" and no source items had "Private" set to "true".
         Primary reference "System.IO.MemoryMappedFiles, Version=9.0.0.0, Culture=neutral, PublicKeyToken=b03f5f7f11d50a3a".
             Resolved file path is "C:\Program Files\dotnet\packs\Microsoft.NETCore.App.Ref\9.0.11\ref\net9.0\System.IO.MemoryMappedFiles.dll".
             Reference found at search path location "{RawFileName}".
             This reference is not "CopyLocal" because at least one source item had "Private" set to "false" and no source items had "Private" set to "true".
         Primary reference "System.IO.Pipelines, Version=9.0.0.0, Culture=neutral, PublicKeyToken=cc7b13ffcd2ddd51".
             Resolved file path is "C:\Program Files\dotnet\packs\Microsoft.NETCore.App.Ref\9.0.11\ref\net9.0\System.IO.Pipelines.dll".
             Reference found at search path location "{RawFileName}".
             This reference is not "CopyLocal" because at least one source item had "Private" set to "false" and no source items had "Private" set to "true".
         Primary reference "System.IO.Pipes.AccessControl, Version=9.0.0.0, Culture=neutral, PublicKeyToken=b03f5f7f11d50a3a".
             Resolved file path is "C:\Program Files\dotnet\packs\Microsoft.NETCore.App.Ref\9.0.11\ref\net9.0\System.IO.Pipes.AccessControl.dll".
             Reference found at search path location "{RawFileName}".
             This reference is not "CopyLocal" because at least one source item had "Private" set to "false" and no source items had "Private" set to "true".
         Primary reference "System.IO.Pipes, Version=9.0.0.0, Culture=neutral, PublicKeyToken=b03f5f7f11d50a3a".
             Resolved file path is "C:\Program Files\dotnet\packs\Microsoft.NETCore.App.Ref\9.0.11\ref\net9.0\System.IO.Pipes.dll".
             Reference found at search path location "{RawFileName}".
             This reference is not "CopyLocal" because at least one source item had "Private" set to "false" and no source items had "Private" set to "true".
         Primary reference "System.IO.UnmanagedMemoryStream, Version=9.0.0.0, Culture=neutral, PublicKeyToken=b03f5f7f11d50a3a".
             Resolved file path is "C:\Program Files\dotnet\packs\Microsoft.NETCore.App.Ref\9.0.11\ref\net9.0\System.IO.UnmanagedMemoryStream.dll".
             Reference found at search path location "{RawFileName}".
             This reference is not "CopyLocal" because at least one source item had "Private" set to "false" and no source items had "Private" set to "true".
         Primary reference "System.IO, Version=9.0.0.0, Culture=neutral, PublicKeyToken=b03f5f7f11d50a3a".
             Resolved file path is "C:\Program Files\dotnet\packs\Microsoft.NETCore.App.Ref\9.0.11\ref\net9.0\System.IO.dll".
             Reference found at search path location "{RawFileName}".
             This reference is not "CopyLocal" because at least one source item had "Private" set to "false" and no source items had "Private" set to "true".
         Primary reference "System.Linq.Expressions, Version=9.0.0.0, Culture=neutral, PublicKeyToken=b03f5f7f11d50a3a".
             Resolved file path is "C:\Program Files\dotnet\packs\Microsoft.NETCore.App.Ref\9.0.11\ref\net9.0\System.Linq.Expressions.dll".
             Reference found at search path location "{RawFileName}".
             This reference is not "CopyLocal" because at least one source item had "Private" set to "false" and no source items had "Private" set to "true".
         Primary reference "System.Linq.Parallel, Version=9.0.0.0, Culture=neutral, PublicKeyToken=b03f5f7f11d50a3a".
             Resolved file path is "C:\Program Files\dotnet\packs\Microsoft.NETCore.App.Ref\9.0.11\ref\net9.0\System.Linq.Parallel.dll".
             Reference found at search path location "{RawFileName}".
             This reference is not "CopyLocal" because at least one source item had "Private" set to "false" and no source items had "Private" set to "true".
         Primary reference "System.Linq.Queryable, Version=9.0.0.0, Culture=neutral, PublicKeyToken=b03f5f7f11d50a3a".
             Resolved file path is "C:\Program Files\dotnet\packs\Microsoft.NETCore.App.Ref\9.0.11\ref\net9.0\System.Linq.Queryable.dll".
             Reference found at search path location "{RawFileName}".
             This reference is not "CopyLocal" because at least one source item had "Private" set to "false" and no source items had "Private" set to "true".
         Primary reference "System.Linq, Version=9.0.0.0, Culture=neutral, PublicKeyToken=b03f5f7f11d50a3a".
             Resolved file path is "C:\Program Files\dotnet\packs\Microsoft.NETCore.App.Ref\9.0.11\ref\net9.0\System.Linq.dll".
             Reference found at search path location "{RawFileName}".
             This reference is not "CopyLocal" because at least one source item had "Private" set to "false" and no source items had "Private" set to "true".
         Primary reference "System.Memory, Version=9.0.0.0, Culture=neutral, PublicKeyToken=cc7b13ffcd2ddd51".
             Resolved file path is "C:\Program Files\dotnet\packs\Microsoft.NETCore.App.Ref\9.0.11\ref\net9.0\System.Memory.dll".
             Reference found at search path location "{RawFileName}".
             This reference is not "CopyLocal" because at least one source item had "Private" set to "false" and no source items had "Private" set to "true".
         Primary reference "System.Net.Http.Json, Version=9.0.0.0, Culture=neutral, PublicKeyToken=cc7b13ffcd2ddd51".
             Resolved file path is "C:\Program Files\dotnet\packs\Microsoft.NETCore.App.Ref\9.0.11\ref\net9.0\System.Net.Http.Json.dll".
             Reference found at search path location "{RawFileName}".
             This reference is not "CopyLocal" because at least one source item had "Private" set to "false" and no source items had "Private" set to "true".
         Primary reference "System.Net.Http, Version=9.0.0.0, Culture=neutral, PublicKeyToken=b03f5f7f11d50a3a".
             Resolved file path is "C:\Program Files\dotnet\packs\Microsoft.NETCore.App.Ref\9.0.11\ref\net9.0\System.Net.Http.dll".
             Reference found at search path location "{RawFileName}".
             This reference is not "CopyLocal" because at least one source item had "Private" set to "false" and no source items had "Private" set to "true".
         Primary reference "System.Net.HttpListener, Version=9.0.0.0, Culture=neutral, PublicKeyToken=cc7b13ffcd2ddd51".
             Resolved file path is "C:\Program Files\dotnet\packs\Microsoft.NETCore.App.Ref\9.0.11\ref\net9.0\System.Net.HttpListener.dll".
             Reference found at search path location "{RawFileName}".
             This reference is not "CopyLocal" because at least one source item had "Private" set to "false" and no source items had "Private" set to "true".
         Primary reference "System.Net.Mail, Version=9.0.0.0, Culture=neutral, PublicKeyToken=cc7b13ffcd2ddd51".
             Resolved file path is "C:\Program Files\dotnet\packs\Microsoft.NETCore.App.Ref\9.0.11\ref\net9.0\System.Net.Mail.dll".
             Reference found at search path location "{RawFileName}".
             This reference is not "CopyLocal" because at least one source item had "Private" set to "false" and no source items had "Private" set to "true".
         Primary reference "System.Net.NameResolution, Version=9.0.0.0, Culture=neutral, PublicKeyToken=b03f5f7f11d50a3a".
             Resolved file path is "C:\Program Files\dotnet\packs\Microsoft.NETCore.App.Ref\9.0.11\ref\net9.0\System.Net.NameResolution.dll".
             Reference found at search path location "{RawFileName}".
             This reference is not "CopyLocal" because at least one source item had "Private" set to "false" and no source items had "Private" set to "true".
         Primary reference "System.Net.NetworkInformation, Version=9.0.0.0, Culture=neutral, PublicKeyToken=b03f5f7f11d50a3a".
             Resolved file path is "C:\Program Files\dotnet\packs\Microsoft.NETCore.App.Ref\9.0.11\ref\net9.0\System.Net.NetworkInformation.dll".
             Reference found at search path location "{RawFileName}".
             This reference is not "CopyLocal" because at least one source item had "Private" set to "false" and no source items had "Private" set to "true".
         Primary reference "System.Net.Ping, Version=9.0.0.0, Culture=neutral, PublicKeyToken=b03f5f7f11d50a3a".
             Resolved file path is "C:\Program Files\dotnet\packs\Microsoft.NETCore.App.Ref\9.0.11\ref\net9.0\System.Net.Ping.dll".
             Reference found at search path location "{RawFileName}".
             This reference is not "CopyLocal" because at least one source item had "Private" set to "false" and no source items had "Private" set to "true".
         Primary reference "System.Net.Primitives, Version=9.0.0.0, Culture=neutral, PublicKeyToken=b03f5f7f11d50a3a".
             Resolved file path is "C:\Program Files\dotnet\packs\Microsoft.NETCore.App.Ref\9.0.11\ref\net9.0\System.Net.Primitives.dll".
             Reference found at search path location "{RawFileName}".
             This reference is not "CopyLocal" because at least one source item had "Private" set to "false" and no source items had "Private" set to "true".
         Primary reference "System.Net.Quic, Version=9.0.0.0, Culture=neutral, PublicKeyToken=b03f5f7f11d50a3a".
             Resolved file path is "C:\Program Files\dotnet\packs\Microsoft.NETCore.App.Ref\9.0.11\ref\net9.0\System.Net.Quic.dll".
             Reference found at search path location "{RawFileName}".
             This reference is not "CopyLocal" because at least one source item had "Private" set to "false" and no source items had "Private" set to "true".
         Primary reference "System.Net.Requests, Version=9.0.0.0, Culture=neutral, PublicKeyToken=b03f5f7f11d50a3a".
             Resolved file path is "C:\Program Files\dotnet\packs\Microsoft.NETCore.App.Ref\9.0.11\ref\net9.0\System.Net.Requests.dll".
             Reference found at search path location "{RawFileName}".
             This reference is not "CopyLocal" because at least one source item had "Private" set to "false" and no source items had "Private" set to "true".
         Primary reference "System.Net.Security, Version=9.0.0.0, Culture=neutral, PublicKeyToken=b03f5f7f11d50a3a".
             Resolved file path is "C:\Program Files\dotnet\packs\Microsoft.NETCore.App.Ref\9.0.11\ref\net9.0\System.Net.Security.dll".
             Reference found at search path location "{RawFileName}".
             This reference is not "CopyLocal" because at least one source item had "Private" set to "false" and no source items had "Private" set to "true".
         Primary reference "System.Net.ServicePoint, Version=9.0.0.0, Culture=neutral, PublicKeyToken=cc7b13ffcd2ddd51".
             Resolved file path is "C:\Program Files\dotnet\packs\Microsoft.NETCore.App.Ref\9.0.11\ref\net9.0\System.Net.ServicePoint.dll".
             Reference found at search path location "{RawFileName}".
             This reference is not "CopyLocal" because at least one source item had "Private" set to "false" and no source items had "Private" set to "true".
         Primary reference "System.Net.Sockets, Version=9.0.0.0, Culture=neutral, PublicKeyToken=b03f5f7f11d50a3a".
             Resolved file path is "C:\Program Files\dotnet\packs\Microsoft.NETCore.App.Ref\9.0.11\ref\net9.0\System.Net.Sockets.dll".
             Reference found at search path location "{RawFileName}".
             This reference is not "CopyLocal" because at least one source item had "Private" set to "false" and no source items had "Private" set to "true".
         Primary reference "System.Net.WebClient, Version=9.0.0.0, Culture=neutral, PublicKeyToken=cc7b13ffcd2ddd51".
             Resolved file path is "C:\Program Files\dotnet\packs\Microsoft.NETCore.App.Ref\9.0.11\ref\net9.0\System.Net.WebClient.dll".
             Reference found at search path location "{RawFileName}".
             This reference is not "CopyLocal" because at least one source item had "Private" set to "false" and no source items had "Private" set to "true".
         Primary reference "System.Net.WebHeaderCollection, Version=9.0.0.0, Culture=neutral, PublicKeyToken=b03f5f7f11d50a3a".
             Resolved file path is "C:\Program Files\dotnet\packs\Microsoft.NETCore.App.Ref\9.0.11\ref\net9.0\System.Net.WebHeaderCollection.dll".
             Reference found at search path location "{RawFileName}".
             This reference is not "CopyLocal" because at least one source item had "Private" set to "false" and no source items had "Private" set to "true".
         Primary reference "System.Net.WebProxy, Version=9.0.0.0, Culture=neutral, PublicKeyToken=cc7b13ffcd2ddd51".
             Resolved file path is "C:\Program Files\dotnet\packs\Microsoft.NETCore.App.Ref\9.0.11\ref\net9.0\System.Net.WebProxy.dll".
             Reference found at search path location "{RawFileName}".
             This reference is not "CopyLocal" because at least one source item had "Private" set to "false" and no source items had "Private" set to "true".
         Primary reference "System.Net.WebSockets.Client, Version=9.0.0.0, Culture=neutral, PublicKeyToken=b03f5f7f11d50a3a".
             Resolved file path is "C:\Program Files\dotnet\packs\Microsoft.NETCore.App.Ref\9.0.11\ref\net9.0\System.Net.WebSockets.Client.dll".
             Reference found at search path location "{RawFileName}".
             This reference is not "CopyLocal" because at least one source item had "Private" set to "false" and no source items had "Private" set to "true".
         Primary reference "System.Net.WebSockets, Version=9.0.0.0, Culture=neutral, PublicKeyToken=b03f5f7f11d50a3a".
             Resolved file path is "C:\Program Files\dotnet\packs\Microsoft.NETCore.App.Ref\9.0.11\ref\net9.0\System.Net.WebSockets.dll".
             Reference found at search path location "{RawFileName}".
             This reference is not "CopyLocal" because at least one source item had "Private" set to "false" and no source items had "Private" set to "true".
         Primary reference "System.Net, Version=4.0.0.0, Culture=neutral, PublicKeyToken=b03f5f7f11d50a3a".
             Resolved file path is "C:\Program Files\dotnet\packs\Microsoft.NETCore.App.Ref\9.0.11\ref\net9.0\System.Net.dll".
             Reference found at search path location "{RawFileName}".
             This reference is not "CopyLocal" because at least one source item had "Private" set to "false" and no source items had "Private" set to "true".
         Primary reference "System.Numerics.Vectors, Version=9.0.0.0, Culture=neutral, PublicKeyToken=b03f5f7f11d50a3a".
             Resolved file path is "C:\Program Files\dotnet\packs\Microsoft.NETCore.App.Ref\9.0.11\ref\net9.0\System.Numerics.Vectors.dll".
             Reference found at search path location "{RawFileName}".
             This reference is not "CopyLocal" because at least one source item had "Private" set to "false" and no source items had "Private" set to "true".
         Primary reference "System.Numerics, Version=4.0.0.0, Culture=neutral, PublicKeyToken=b77a5c561934e089".
             Resolved file path is "C:\Program Files\dotnet\packs\Microsoft.NETCore.App.Ref\9.0.11\ref\net9.0\System.Numerics.dll".
             Reference found at search path location "{RawFileName}".
             This reference is not "CopyLocal" because at least one source item had "Private" set to "false" and no source items had "Private" set to "true".
         Primary reference "System.ObjectModel, Version=9.0.0.0, Culture=neutral, PublicKeyToken=b03f5f7f11d50a3a".
             Resolved file path is "C:\Program Files\dotnet\packs\Microsoft.NETCore.App.Ref\9.0.11\ref\net9.0\System.ObjectModel.dll".
             Reference found at search path location "{RawFileName}".
             This reference is not "CopyLocal" because at least one source item had "Private" set to "false" and no source items had "Private" set to "true".
         Primary reference "System.Reflection.DispatchProxy, Version=9.0.0.0, Culture=neutral, PublicKeyToken=b03f5f7f11d50a3a".
             Resolved file path is "C:\Program Files\dotnet\packs\Microsoft.NETCore.App.Ref\9.0.11\ref\net9.0\System.Reflection.DispatchProxy.dll".
             Reference found at search path location "{RawFileName}".
             This reference is not "CopyLocal" because at least one source item had "Private" set to "false" and no source items had "Private" set to "true".
         Primary reference "System.Reflection.Emit.ILGeneration, Version=9.0.0.0, Culture=neutral, PublicKeyToken=b03f5f7f11d50a3a".
             Resolved file path is "C:\Program Files\dotnet\packs\Microsoft.NETCore.App.Ref\9.0.11\ref\net9.0\System.Reflection.Emit.ILGeneration.dll".
             Reference found at search path location "{RawFileName}".
             This reference is not "CopyLocal" because at least one source item had "Private" set to "false" and no source items had "Private" set to "true".
         Primary reference "System.Reflection.Emit.Lightweight, Version=9.0.0.0, Culture=neutral, PublicKeyToken=b03f5f7f11d50a3a".
             Resolved file path is "C:\Program Files\dotnet\packs\Microsoft.NETCore.App.Ref\9.0.11\ref\net9.0\System.Reflection.Emit.Lightweight.dll".
             Reference found at search path location "{RawFileName}".
             This reference is not "CopyLocal" because at least one source item had "Private" set to "false" and no source items had "Private" set to "true".
         Primary reference "System.Reflection.Emit, Version=9.0.0.0, Culture=neutral, PublicKeyToken=b03f5f7f11d50a3a".
             Resolved file path is "C:\Program Files\dotnet\packs\Microsoft.NETCore.App.Ref\9.0.11\ref\net9.0\System.Reflection.Emit.dll".
             Reference found at search path location "{RawFileName}".
             This reference is not "CopyLocal" because at least one source item had "Private" set to "false" and no source items had "Private" set to "true".
         Primary reference "System.Reflection.Extensions, Version=9.0.0.0, Culture=neutral, PublicKeyToken=b03f5f7f11d50a3a".
             Resolved file path is "C:\Program Files\dotnet\packs\Microsoft.NETCore.App.Ref\9.0.11\ref\net9.0\System.Reflection.Extensions.dll".
             Reference found at search path location "{RawFileName}".
             This reference is not "CopyLocal" because at least one source item had "Private" set to "false" and no source items had "Private" set to "true".
         Primary reference "System.Reflection.Metadata, Version=9.0.0.0, Culture=neutral, PublicKeyToken=b03f5f7f11d50a3a".
             Resolved file path is "C:\Program Files\dotnet\packs\Microsoft.NETCore.App.Ref\9.0.11\ref\net9.0\System.Reflection.Metadata.dll".
             Reference found at search path location "{RawFileName}".
             This reference is not "CopyLocal" because at least one source item had "Private" set to "false" and no source items had "Private" set to "true".
         Primary reference "System.Reflection.Primitives, Version=9.0.0.0, Culture=neutral, PublicKeyToken=b03f5f7f11d50a3a".
             Resolved file path is "C:\Program Files\dotnet\packs\Microsoft.NETCore.App.Ref\9.0.11\ref\net9.0\System.Reflection.Primitives.dll".
             Reference found at search path location "{RawFileName}".
             This reference is not "CopyLocal" because at least one source item had "Private" set to "false" and no source items had "Private" set to "true".
         Primary reference "System.Reflection.TypeExtensions, Version=9.0.0.0, Culture=neutral, PublicKeyToken=b03f5f7f11d50a3a".
             Resolved file path is "C:\Program Files\dotnet\packs\Microsoft.NETCore.App.Ref\9.0.11\ref\net9.0\System.Reflection.TypeExtensions.dll".
             Reference found at search path location "{RawFileName}".
             This reference is not "CopyLocal" because at least one source item had "Private" set to "false" and no source items had "Private" set to "true".
         Primary reference "System.Reflection, Version=9.0.0.0, Culture=neutral, PublicKeyToken=b03f5f7f11d50a3a".
             Resolved file path is "C:\Program Files\dotnet\packs\Microsoft.NETCore.App.Ref\9.0.11\ref\net9.0\System.Reflection.dll".
             Reference found at search path location "{RawFileName}".
             This reference is not "CopyLocal" because at least one source item had "Private" set to "false" and no source items had "Private" set to "true".
         Primary reference "System.Resources.Reader, Version=9.0.0.0, Culture=neutral, PublicKeyToken=b03f5f7f11d50a3a".
             Resolved file path is "C:\Program Files\dotnet\packs\Microsoft.NETCore.App.Ref\9.0.11\ref\net9.0\System.Resources.Reader.dll".
             Reference found at search path location "{RawFileName}".
             This reference is not "CopyLocal" because at least one source item had "Private" set to "false" and no source items had "Private" set to "true".
         Primary reference "System.Resources.ResourceManager, Version=9.0.0.0, Culture=neutral, PublicKeyToken=b03f5f7f11d50a3a".
             Resolved file path is "C:\Program Files\dotnet\packs\Microsoft.NETCore.App.Ref\9.0.11\ref\net9.0\System.Resources.ResourceManager.dll".
             Reference found at search path location "{RawFileName}".
             This reference is not "CopyLocal" because at least one source item had "Private" set to "false" and no source items had "Private" set to "true".
         Primary reference "System.Resources.Writer, Version=9.0.0.0, Culture=neutral, PublicKeyToken=b03f5f7f11d50a3a".
             Resolved file path is "C:\Program Files\dotnet\packs\Microsoft.NETCore.App.Ref\9.0.11\ref\net9.0\System.Resources.Writer.dll".
             Reference found at search path location "{RawFileName}".
             This reference is not "CopyLocal" because at least one source item had "Private" set to "false" and no source items had "Private" set to "true".
         Primary reference "System.Runtime.CompilerServices.Unsafe, Version=9.0.0.0, Culture=neutral, PublicKeyToken=b03f5f7f11d50a3a".
             Resolved file path is "C:\Program Files\dotnet\packs\Microsoft.NETCore.App.Ref\9.0.11\ref\net9.0\System.Runtime.CompilerServices.Unsafe.dll".
             Reference found at search path location "{RawFileName}".
             This reference is not "CopyLocal" because at least one source item had "Private" set to "false" and no source items had "Private" set to "true".
         Primary reference "System.Runtime.CompilerServices.VisualC, Version=9.0.0.0, Culture=neutral, PublicKeyToken=b03f5f7f11d50a3a".
             Resolved file path is "C:\Program Files\dotnet\packs\Microsoft.NETCore.App.Ref\9.0.11\ref\net9.0\System.Runtime.CompilerServices.VisualC.dll".
             Reference found at search path location "{RawFileName}".
             This reference is not "CopyLocal" because at least one source item had "Private" set to "false" and no source items had "Private" set to "true".
         Primary reference "System.Runtime.Extensions, Version=9.0.0.0, Culture=neutral, PublicKeyToken=b03f5f7f11d50a3a".
             Resolved file path is "C:\Program Files\dotnet\packs\Microsoft.NETCore.App.Ref\9.0.11\ref\net9.0\System.Runtime.Extensions.dll".
             Reference found at search path location "{RawFileName}".
             This reference is not "CopyLocal" because at least one source item had "Private" set to "false" and no source items had "Private" set to "true".
         Primary reference "System.Runtime.Handles, Version=9.0.0.0, Culture=neutral, PublicKeyToken=b03f5f7f11d50a3a".
             Resolved file path is "C:\Program Files\dotnet\packs\Microsoft.NETCore.App.Ref\9.0.11\ref\net9.0\System.Runtime.Handles.dll".
             Reference found at search path location "{RawFileName}".
             This reference is not "CopyLocal" because at least one source item had "Private" set to "false" and no source items had "Private" set to "true".
         Primary reference "System.Runtime.InteropServices.JavaScript, Version=9.0.0.0, Culture=neutral, PublicKeyToken=b03f5f7f11d50a3a".
             Resolved file path is "C:\Program Files\dotnet\packs\Microsoft.NETCore.App.Ref\9.0.11\ref\net9.0\System.Runtime.InteropServices.JavaScript.dll".
             Reference found at search path location "{RawFileName}".
             This reference is not "CopyLocal" because at least one source item had "Private" set to "false" and no source items had "Private" set to "true".
         Primary reference "System.Runtime.InteropServices.RuntimeInformation, Version=9.0.0.0, Culture=neutral, PublicKeyToken=b03f5f7f11d50a3a".
             Resolved file path is "C:\Program Files\dotnet\packs\Microsoft.NETCore.App.Ref\9.0.11\ref\net9.0\System.Runtime.InteropServices.RuntimeInformation.dll".
             Reference found at search path location "{RawFileName}".
             This reference is not "CopyLocal" because at least one source item had "Private" set to "false" and no source items had "Private" set to "true".
         Primary reference "System.Runtime.InteropServices, Version=9.0.0.0, Culture=neutral, PublicKeyToken=b03f5f7f11d50a3a".
             Resolved file path is "C:\Program Files\dotnet\packs\Microsoft.NETCore.App.Ref\9.0.11\ref\net9.0\System.Runtime.InteropServices.dll".
             Reference found at search path location "{RawFileName}".
             This reference is not "CopyLocal" because at least one source item had "Private" set to "false" and no source items had "Private" set to "true".
         Primary reference "System.Runtime.Intrinsics, Version=9.0.0.0, Culture=neutral, PublicKeyToken=cc7b13ffcd2ddd51".
             Resolved file path is "C:\Program Files\dotnet\packs\Microsoft.NETCore.App.Ref\9.0.11\ref\net9.0\System.Runtime.Intrinsics.dll".
             Reference found at search path location "{RawFileName}".
             This reference is not "CopyLocal" because at least one source item had "Private" set to "false" and no source items had "Private" set to "true".
         Primary reference "System.Runtime.Loader, Version=9.0.0.0, Culture=neutral, PublicKeyToken=b03f5f7f11d50a3a".
             Resolved file path is "C:\Program Files\dotnet\packs\Microsoft.NETCore.App.Ref\9.0.11\ref\net9.0\System.Runtime.Loader.dll".
             Reference found at search path location "{RawFileName}".
             This reference is not "CopyLocal" because at least one source item had "Private" set to "false" and no source items had "Private" set to "true".
         Primary reference "System.Runtime.Numerics, Version=9.0.0.0, Culture=neutral, PublicKeyToken=b03f5f7f11d50a3a".
             Resolved file path is "C:\Program Files\dotnet\packs\Microsoft.NETCore.App.Ref\9.0.11\ref\net9.0\System.Runtime.Numerics.dll".
             Reference found at search path location "{RawFileName}".
             This reference is not "CopyLocal" because at least one source item had "Private" set to "false" and no source items had "Private" set to "true".
         Primary reference "System.Runtime.Serialization.Formatters, Version=8.1.0.0, Culture=neutral, PublicKeyToken=b03f5f7f11d50a3a".
             Resolved file path is "C:\Program Files\dotnet\packs\Microsoft.NETCore.App.Ref\9.0.11\ref\net9.0\System.Runtime.Serialization.Formatters.dll".
             Reference found at search path location "{RawFileName}".
             This reference is not "CopyLocal" because at least one source item had "Private" set to "false" and no source items had "Private" set to "true".
         Primary reference "System.Runtime.Serialization.Json, Version=9.0.0.0, Culture=neutral, PublicKeyToken=b03f5f7f11d50a3a".
             Resolved file path is "C:\Program Files\dotnet\packs\Microsoft.NETCore.App.Ref\9.0.11\ref\net9.0\System.Runtime.Serialization.Json.dll".
             Reference found at search path location "{RawFileName}".
             This reference is not "CopyLocal" because at least one source item had "Private" set to "false" and no source items had "Private" set to "true".
         Primary reference "System.Runtime.Serialization.Primitives, Version=9.0.0.0, Culture=neutral, PublicKeyToken=b03f5f7f11d50a3a".
             Resolved file path is "C:\Program Files\dotnet\packs\Microsoft.NETCore.App.Ref\9.0.11\ref\net9.0\System.Runtime.Serialization.Primitives.dll".
             Reference found at search path location "{RawFileName}".
             This reference is not "CopyLocal" because at least one source item had "Private" set to "false" and no source items had "Private" set to "true".
         Primary reference "System.Runtime.Serialization.Xml, Version=9.0.0.0, Culture=neutral, PublicKeyToken=b03f5f7f11d50a3a".
             Resolved file path is "C:\Program Files\dotnet\packs\Microsoft.NETCore.App.Ref\9.0.11\ref\net9.0\System.Runtime.Serialization.Xml.dll".
             Reference found at search path location "{RawFileName}".
             This reference is not "CopyLocal" because at least one source item had "Private" set to "false" and no source items had "Private" set to "true".
         Primary reference "System.Runtime.Serialization, Version=4.0.0.0, Culture=neutral, PublicKeyToken=b77a5c561934e089".
             Resolved file path is "C:\Program Files\dotnet\packs\Microsoft.NETCore.App.Ref\9.0.11\ref\net9.0\System.Runtime.Serialization.dll".
             Reference found at search path location "{RawFileName}".
             This reference is not "CopyLocal" because at least one source item had "Private" set to "false" and no source items had "Private" set to "true".
         Primary reference "System.Runtime, Version=9.0.0.0, Culture=neutral, PublicKeyToken=b03f5f7f11d50a3a".
             Resolved file path is "C:\Program Files\dotnet\packs\Microsoft.NETCore.App.Ref\9.0.11\ref\net9.0\System.Runtime.dll".
             Reference found at search path location "{RawFileName}".
             This reference is not "CopyLocal" because at least one source item had "Private" set to "false" and no source items had "Private" set to "true".
         Primary reference "System.Security.AccessControl, Version=9.0.0.0, Culture=neutral, PublicKeyToken=b03f5f7f11d50a3a".
             Resolved file path is "C:\Program Files\dotnet\packs\Microsoft.NETCore.App.Ref\9.0.11\ref\net9.0\System.Security.AccessControl.dll".
             Reference found at search path location "{RawFileName}".
             This reference is not "CopyLocal" because at least one source item had "Private" set to "false" and no source items had "Private" set to "true".
         Primary reference "System.Security.Claims, Version=9.0.0.0, Culture=neutral, PublicKeyToken=b03f5f7f11d50a3a".
             Resolved file path is "C:\Program Files\dotnet\packs\Microsoft.NETCore.App.Ref\9.0.11\ref\net9.0\System.Security.Claims.dll".
             Reference found at search path location "{RawFileName}".
             This reference is not "CopyLocal" because at least one source item had "Private" set to "false" and no source items had "Private" set to "true".
         Primary reference "System.Security.Cryptography.Algorithms, Version=9.0.0.0, Culture=neutral, PublicKeyToken=b03f5f7f11d50a3a".
             Resolved file path is "C:\Program Files\dotnet\packs\Microsoft.NETCore.App.Ref\9.0.11\ref\net9.0\System.Security.Cryptography.Algorithms.dll".
             Reference found at search path location "{RawFileName}".
             This reference is not "CopyLocal" because at least one source item had "Private" set to "false" and no source items had "Private" set to "true".
         Primary reference "System.Security.Cryptography.Cng, Version=9.0.0.0, Culture=neutral, PublicKeyToken=b03f5f7f11d50a3a".
             Resolved file path is "C:\Program Files\dotnet\packs\Microsoft.NETCore.App.Ref\9.0.11\ref\net9.0\System.Security.Cryptography.Cng.dll".
             Reference found at search path location "{RawFileName}".
             This reference is not "CopyLocal" because at least one source item had "Private" set to "false" and no source items had "Private" set to "true".
         Primary reference "System.Security.Cryptography.Csp, Version=9.0.0.0, Culture=neutral, PublicKeyToken=b03f5f7f11d50a3a".
             Resolved file path is "C:\Program Files\dotnet\packs\Microsoft.NETCore.App.Ref\9.0.11\ref\net9.0\System.Security.Cryptography.Csp.dll".
             Reference found at search path location "{RawFileName}".
             This reference is not "CopyLocal" because at least one source item had "Private" set to "false" and no source items had "Private" set to "true".
         Primary reference "System.Security.Cryptography.Encoding, Version=9.0.0.0, Culture=neutral, PublicKeyToken=b03f5f7f11d50a3a".
             Resolved file path is "C:\Program Files\dotnet\packs\Microsoft.NETCore.App.Ref\9.0.11\ref\net9.0\System.Security.Cryptography.Encoding.dll".
             Reference found at search path location "{RawFileName}".
             This reference is not "CopyLocal" because at least one source item had "Private" set to "false" and no source items had "Private" set to "true".
         Primary reference "System.Security.Cryptography.OpenSsl, Version=9.0.0.0, Culture=neutral, PublicKeyToken=b03f5f7f11d50a3a".
             Resolved file path is "C:\Program Files\dotnet\packs\Microsoft.NETCore.App.Ref\9.0.11\ref\net9.0\System.Security.Cryptography.OpenSsl.dll".
             Reference found at search path location "{RawFileName}".
             This reference is not "CopyLocal" because at least one source item had "Private" set to "false" and no source items had "Private" set to "true".
         Primary reference "System.Security.Cryptography.Primitives, Version=9.0.0.0, Culture=neutral, PublicKeyToken=b03f5f7f11d50a3a".
             Resolved file path is "C:\Program Files\dotnet\packs\Microsoft.NETCore.App.Ref\9.0.11\ref\net9.0\System.Security.Cryptography.Primitives.dll".
             Reference found at search path location "{RawFileName}".
             This reference is not "CopyLocal" because at least one source item had "Private" set to "false" and no source items had "Private" set to "true".
         Primary reference "System.Security.Cryptography.X509Certificates, Version=9.0.0.0, Culture=neutral, PublicKeyToken=b03f5f7f11d50a3a".
             Resolved file path is "C:\Program Files\dotnet\packs\Microsoft.NETCore.App.Ref\9.0.11\ref\net9.0\System.Security.Cryptography.X509Certificates.dll".
             Reference found at search path location "{RawFileName}".
             This reference is not "CopyLocal" because at least one source item had "Private" set to "false" and no source items had "Private" set to "true".
         Primary reference "System.Security.Cryptography, Version=9.0.0.0, Culture=neutral, PublicKeyToken=b03f5f7f11d50a3a".
             Resolved file path is "C:\Program Files\dotnet\packs\Microsoft.NETCore.App.Ref\9.0.11\ref\net9.0\System.Security.Cryptography.dll".
             Reference found at search path location "{RawFileName}".
             This reference is not "CopyLocal" because at least one source item had "Private" set to "false" and no source items had "Private" set to "true".
         Primary reference "System.Security.Principal.Windows, Version=9.0.0.0, Culture=neutral, PublicKeyToken=b03f5f7f11d50a3a".
             Resolved file path is "C:\Program Files\dotnet\packs\Microsoft.NETCore.App.Ref\9.0.11\ref\net9.0\System.Security.Principal.Windows.dll".
             Reference found at search path location "{RawFileName}".
             This reference is not "CopyLocal" because at least one source item had "Private" set to "false" and no source items had "Private" set to "true".
         Primary reference "System.Security.Principal, Version=9.0.0.0, Culture=neutral, PublicKeyToken=b03f5f7f11d50a3a".
             Resolved file path is "C:\Program Files\dotnet\packs\Microsoft.NETCore.App.Ref\9.0.11\ref\net9.0\System.Security.Principal.dll".
             Reference found at search path location "{RawFileName}".
             This reference is not "CopyLocal" because at least one source item had "Private" set to "false" and no source items had "Private" set to "true".
         Primary reference "System.Security.SecureString, Version=9.0.0.0, Culture=neutral, PublicKeyToken=b03f5f7f11d50a3a".
             Resolved file path is "C:\Program Files\dotnet\packs\Microsoft.NETCore.App.Ref\9.0.11\ref\net9.0\System.Security.SecureString.dll".
             Reference found at search path location "{RawFileName}".
             This reference is not "CopyLocal" because at least one source item had "Private" set to "false" and no source items had "Private" set to "true".
         Primary reference "System.Security, Version=4.0.0.0, Culture=neutral, PublicKeyToken=b03f5f7f11d50a3a".
             Resolved file path is "C:\Program Files\dotnet\packs\Microsoft.NETCore.App.Ref\9.0.11\ref\net9.0\System.Security.dll".
             Reference found at search path location "{RawFileName}".
             This reference is not "CopyLocal" because at least one source item had "Private" set to "false" and no source items had "Private" set to "true".
         Primary reference "System.ServiceModel.Web, Version=4.0.0.0, Culture=neutral, PublicKeyToken=31bf3856ad364e35".
             Resolved file path is "C:\Program Files\dotnet\packs\Microsoft.NETCore.App.Ref\9.0.11\ref\net9.0\System.ServiceModel.Web.dll".
             Reference found at search path location "{RawFileName}".
             This reference is not "CopyLocal" because at least one source item had "Private" set to "false" and no source items had "Private" set to "true".
         Primary reference "System.ServiceProcess, Version=4.0.0.0, Culture=neutral, PublicKeyToken=b03f5f7f11d50a3a".
             Resolved file path is "C:\Program Files\dotnet\packs\Microsoft.NETCore.App.Ref\9.0.11\ref\net9.0\System.ServiceProcess.dll".
             Reference found at search path location "{RawFileName}".
             This reference is not "CopyLocal" because at least one source item had "Private" set to "false" and no source items had "Private" set to "true".
         Primary reference "System.Text.Encoding.CodePages, Version=9.0.0.0, Culture=neutral, PublicKeyToken=b03f5f7f11d50a3a".
             Resolved file path is "C:\Program Files\dotnet\packs\Microsoft.NETCore.App.Ref\9.0.11\ref\net9.0\System.Text.Encoding.CodePages.dll".
             Reference found at search path location "{RawFileName}".
             This reference is not "CopyLocal" because at least one source item had "Private" set to "false" and no source items had "Private" set to "true".
         Primary reference "System.Text.Encoding.Extensions, Version=9.0.0.0, Culture=neutral, PublicKeyToken=b03f5f7f11d50a3a".
             Resolved file path is "C:\Program Files\dotnet\packs\Microsoft.NETCore.App.Ref\9.0.11\ref\net9.0\System.Text.Encoding.Extensions.dll".
             Reference found at search path location "{RawFileName}".
             This reference is not "CopyLocal" because at least one source item had "Private" set to "false" and no source items had "Private" set to "true".
         Primary reference "System.Text.Encoding, Version=9.0.0.0, Culture=neutral, PublicKeyToken=b03f5f7f11d50a3a".
             Resolved file path is "C:\Program Files\dotnet\packs\Microsoft.NETCore.App.Ref\9.0.11\ref\net9.0\System.Text.Encoding.dll".
             Reference found at search path location "{RawFileName}".
             This reference is not "CopyLocal" because at least one source item had "Private" set to "false" and no source items had "Private" set to "true".
         Primary reference "System.Text.Encodings.Web, Version=9.0.0.0, Culture=neutral, PublicKeyToken=cc7b13ffcd2ddd51".
             Resolved file path is "C:\Program Files\dotnet\packs\Microsoft.NETCore.App.Ref\9.0.11\ref\net9.0\System.Text.Encodings.Web.dll".
             Reference found at search path location "{RawFileName}".
             This reference is not "CopyLocal" because at least one source item had "Private" set to "false" and no source items had "Private" set to "true".
         Primary reference "System.Text.Json, Version=9.0.0.0, Culture=neutral, PublicKeyToken=cc7b13ffcd2ddd51".
             Resolved file path is "C:\Program Files\dotnet\packs\Microsoft.NETCore.App.Ref\9.0.11\ref\net9.0\System.Text.Json.dll".
             Reference found at search path location "{RawFileName}".
             This reference is not "CopyLocal" because at least one source item had "Private" set to "false" and no source items had "Private" set to "true".
         Primary reference "System.Text.RegularExpressions, Version=9.0.0.0, Culture=neutral, PublicKeyToken=b03f5f7f11d50a3a".
             Resolved file path is "C:\Program Files\dotnet\packs\Microsoft.NETCore.App.Ref\9.0.11\ref\net9.0\System.Text.RegularExpressions.dll".
             Reference found at search path location "{RawFileName}".
             This reference is not "CopyLocal" because at least one source item had "Private" set to "false" and no source items had "Private" set to "true".
         Primary reference "System.Threading.Channels, Version=9.0.0.0, Culture=neutral, PublicKeyToken=cc7b13ffcd2ddd51".
             Resolved file path is "C:\Program Files\dotnet\packs\Microsoft.NETCore.App.Ref\9.0.11\ref\net9.0\System.Threading.Channels.dll".
             Reference found at search path location "{RawFileName}".
             This reference is not "CopyLocal" because at least one source item had "Private" set to "false" and no source items had "Private" set to "true".
         Primary reference "System.Threading.Overlapped, Version=9.0.0.0, Culture=neutral, PublicKeyToken=b03f5f7f11d50a3a".
             Resolved file path is "C:\Program Files\dotnet\packs\Microsoft.NETCore.App.Ref\9.0.11\ref\net9.0\System.Threading.Overlapped.dll".
             Reference found at search path location "{RawFileName}".
             This reference is not "CopyLocal" because at least one source item had "Private" set to "false" and no source items had "Private" set to "true".
         Primary reference "System.Threading.Tasks.Dataflow, Version=9.0.0.0, Culture=neutral, PublicKeyToken=b03f5f7f11d50a3a".
             Resolved file path is "C:\Program Files\dotnet\packs\Microsoft.NETCore.App.Ref\9.0.11\ref\net9.0\System.Threading.Tasks.Dataflow.dll".
             Reference found at search path location "{RawFileName}".
             This reference is not "CopyLocal" because at least one source item had "Private" set to "false" and no source items had "Private" set to "true".
         Primary reference "System.Threading.Tasks.Extensions, Version=9.0.0.0, Culture=neutral, PublicKeyToken=cc7b13ffcd2ddd51".
             Resolved file path is "C:\Program Files\dotnet\packs\Microsoft.NETCore.App.Ref\9.0.11\ref\net9.0\System.Threading.Tasks.Extensions.dll".
             Reference found at search path location "{RawFileName}".
             This reference is not "CopyLocal" because at least one source item had "Private" set to "false" and no source items had "Private" set to "true".
         Primary reference "System.Threading.Tasks.Parallel, Version=9.0.0.0, Culture=neutral, PublicKeyToken=b03f5f7f11d50a3a".
             Resolved file path is "C:\Program Files\dotnet\packs\Microsoft.NETCore.App.Ref\9.0.11\ref\net9.0\System.Threading.Tasks.Parallel.dll".
             Reference found at search path location "{RawFileName}".
             This reference is not "CopyLocal" because at least one source item had "Private" set to "false" and no source items had "Private" set to "true".
         Primary reference "System.Threading.Tasks, Version=9.0.0.0, Culture=neutral, PublicKeyToken=b03f5f7f11d50a3a".
             Resolved file path is "C:\Program Files\dotnet\packs\Microsoft.NETCore.App.Ref\9.0.11\ref\net9.0\System.Threading.Tasks.dll".
             Reference found at search path location "{RawFileName}".
             This reference is not "CopyLocal" because at least one source item had "Private" set to "false" and no source items had "Private" set to "true".
         Primary reference "System.Threading.Thread, Version=9.0.0.0, Culture=neutral, PublicKeyToken=b03f5f7f11d50a3a".
             Resolved file path is "C:\Program Files\dotnet\packs\Microsoft.NETCore.App.Ref\9.0.11\ref\net9.0\System.Threading.Thread.dll".
             Reference found at search path location "{RawFileName}".
             This reference is not "CopyLocal" because at least one source item had "Private" set to "false" and no source items had "Private" set to "true".
         Primary reference "System.Threading.ThreadPool, Version=9.0.0.0, Culture=neutral, PublicKeyToken=b03f5f7f11d50a3a".
             Resolved file path is "C:\Program Files\dotnet\packs\Microsoft.NETCore.App.Ref\9.0.11\ref\net9.0\System.Threading.ThreadPool.dll".
             Reference found at search path location "{RawFileName}".
             This reference is not "CopyLocal" because at least one source item had "Private" set to "false" and no source items had "Private" set to "true".
         Primary reference "System.Threading.Timer, Version=9.0.0.0, Culture=neutral, PublicKeyToken=b03f5f7f11d50a3a".
             Resolved file path is "C:\Program Files\dotnet\packs\Microsoft.NETCore.App.Ref\9.0.11\ref\net9.0\System.Threading.Timer.dll".
             Reference found at search path location "{RawFileName}".
             This reference is not "CopyLocal" because at least one source item had "Private" set to "false" and no source items had "Private" set to "true".
         Primary reference "System.Threading, Version=9.0.0.0, Culture=neutral, PublicKeyToken=b03f5f7f11d50a3a".
             Resolved file path is "C:\Program Files\dotnet\packs\Microsoft.NETCore.App.Ref\9.0.11\ref\net9.0\System.Threading.dll".
             Reference found at search path location "{RawFileName}".
             This reference is not "CopyLocal" because at least one source item had "Private" set to "false" and no source items had "Private" set to "true".
         Primary reference "System.Transactions.Local, Version=9.0.0.0, Culture=neutral, PublicKeyToken=cc7b13ffcd2ddd51".
             Resolved file path is "C:\Program Files\dotnet\packs\Microsoft.NETCore.App.Ref\9.0.11\ref\net9.0\System.Transactions.Local.dll".
             Reference found at search path location "{RawFileName}".
             This reference is not "CopyLocal" because at least one source item had "Private" set to "false" and no source items had "Private" set to "true".
         Primary reference "System.Transactions, Version=4.0.0.0, Culture=neutral, PublicKeyToken=b77a5c561934e089".
             Resolved file path is "C:\Program Files\dotnet\packs\Microsoft.NETCore.App.Ref\9.0.11\ref\net9.0\System.Transactions.dll".
             Reference found at search path location "{RawFileName}".
             This reference is not "CopyLocal" because at least one source item had "Private" set to "false" and no source items had "Private" set to "true".
         Primary reference "System.ValueTuple, Version=9.0.0.0, Culture=neutral, PublicKeyToken=cc7b13ffcd2ddd51".
             Resolved file path is "C:\Program Files\dotnet\packs\Microsoft.NETCore.App.Ref\9.0.11\ref\net9.0\System.ValueTuple.dll".
             Reference found at search path location "{RawFileName}".
             This reference is not "CopyLocal" because at least one source item had "Private" set to "false" and no source items had "Private" set to "true".
         Primary reference "System.Web.HttpUtility, Version=9.0.0.0, Culture=neutral, PublicKeyToken=cc7b13ffcd2ddd51".
             Resolved file path is "C:\Program Files\dotnet\packs\Microsoft.NETCore.App.Ref\9.0.11\ref\net9.0\System.Web.HttpUtility.dll".
             Reference found at search path location "{RawFileName}".
             This reference is not "CopyLocal" because at least one source item had "Private" set to "false" and no source items had "Private" set to "true".
         Primary reference "System.Web, Version=4.0.0.0, Culture=neutral, PublicKeyToken=b03f5f7f11d50a3a".
             Resolved file path is "C:\Program Files\dotnet\packs\Microsoft.NETCore.App.Ref\9.0.11\ref\net9.0\System.Web.dll".
             Reference found at search path location "{RawFileName}".
             This reference is not "CopyLocal" because at least one source item had "Private" set to "false" and no source items had "Private" set to "true".
         Primary reference "System.Windows, Version=4.0.0.0, Culture=neutral, PublicKeyToken=b03f5f7f11d50a3a".
             Resolved file path is "C:\Program Files\dotnet\packs\Microsoft.NETCore.App.Ref\9.0.11\ref\net9.0\System.Windows.dll".
             Reference found at search path location "{RawFileName}".
             This reference is not "CopyLocal" because at least one source item had "Private" set to "false" and no source items had "Private" set to "true".
         Primary reference "System.Xml.Linq, Version=4.0.0.0, Culture=neutral, PublicKeyToken=b77a5c561934e089".
             Resolved file path is "C:\Program Files\dotnet\packs\Microsoft.NETCore.App.Ref\9.0.11\ref\net9.0\System.Xml.Linq.dll".
             Reference found at search path location "{RawFileName}".
             This reference is not "CopyLocal" because at least one source item had "Private" set to "false" and no source items had "Private" set to "true".
         Primary reference "System.Xml.ReaderWriter, Version=9.0.0.0, Culture=neutral, PublicKeyToken=b03f5f7f11d50a3a".
             Resolved file path is "C:\Program Files\dotnet\packs\Microsoft.NETCore.App.Ref\9.0.11\ref\net9.0\System.Xml.ReaderWriter.dll".
             Reference found at search path location "{RawFileName}".
             This reference is not "CopyLocal" because at least one source item had "Private" set to "false" and no source items had "Private" set to "true".
         Primary reference "System.Xml.Serialization, Version=4.0.0.0, Culture=neutral, PublicKeyToken=b77a5c561934e089".
             Resolved file path is "C:\Program Files\dotnet\packs\Microsoft.NETCore.App.Ref\9.0.11\ref\net9.0\System.Xml.Serialization.dll".
             Reference found at search path location "{RawFileName}".
             This reference is not "CopyLocal" because at least one source item had "Private" set to "false" and no source items had "Private" set to "true".
         Primary reference "System.Xml.XDocument, Version=9.0.0.0, Culture=neutral, PublicKeyToken=b03f5f7f11d50a3a".
             Resolved file path is "C:\Program Files\dotnet\packs\Microsoft.NETCore.App.Ref\9.0.11\ref\net9.0\System.Xml.XDocument.dll".
             Reference found at search path location "{RawFileName}".
             This reference is not "CopyLocal" because at least one source item had "Private" set to "false" and no source items had "Private" set to "true".
         Primary reference "System.Xml.XPath.XDocument, Version=9.0.0.0, Culture=neutral, PublicKeyToken=b03f5f7f11d50a3a".
             Resolved file path is "C:\Program Files\dotnet\packs\Microsoft.NETCore.App.Ref\9.0.11\ref\net9.0\System.Xml.XPath.XDocument.dll".
             Reference found at search path location "{RawFileName}".
             This reference is not "CopyLocal" because at least one source item had "Private" set to "false" and no source items had "Private" set to "true".
         Primary reference "System.Xml.XPath, Version=9.0.0.0, Culture=neutral, PublicKeyToken=b03f5f7f11d50a3a".
             Resolved file path is "C:\Program Files\dotnet\packs\Microsoft.NETCore.App.Ref\9.0.11\ref\net9.0\System.Xml.XPath.dll".
             Reference found at search path location "{RawFileName}".
             This reference is not "CopyLocal" because at least one source item had "Private" set to "false" and no source items had "Private" set to "true".
         Primary reference "System.Xml.XmlDocument, Version=9.0.0.0, Culture=neutral, PublicKeyToken=b03f5f7f11d50a3a".
             Resolved file path is "C:\Program Files\dotnet\packs\Microsoft.NETCore.App.Ref\9.0.11\ref\net9.0\System.Xml.XmlDocument.dll".
             Reference found at search path location "{RawFileName}".
             This reference is not "CopyLocal" because at least one source item had "Private" set to "false" and no source items had "Private" set to "true".
         Primary reference "System.Xml.XmlSerializer, Version=9.0.0.0, Culture=neutral, PublicKeyToken=b03f5f7f11d50a3a".
             Resolved file path is "C:\Program Files\dotnet\packs\Microsoft.NETCore.App.Ref\9.0.11\ref\net9.0\System.Xml.XmlSerializer.dll".
             Reference found at search path location "{RawFileName}".
             This reference is not "CopyLocal" because at least one source item had "Private" set to "false" and no source items had "Private" set to "true".
         Primary reference "System.Xml, Version=4.0.0.0, Culture=neutral, PublicKeyToken=b77a5c561934e089".
             Resolved file path is "C:\Program Files\dotnet\packs\Microsoft.NETCore.App.Ref\9.0.11\ref\net9.0\System.Xml.dll".
             Reference found at search path location "{RawFileName}".
             This reference is not "CopyLocal" because at least one source item had "Private" set to "false" and no source items had "Private" set to "true".
         Primary reference "System, Version=4.0.0.0, Culture=neutral, PublicKeyToken=b77a5c561934e089".
             Resolved file path is "C:\Program Files\dotnet\packs\Microsoft.NETCore.App.Ref\9.0.11\ref\net9.0\System.dll".
             Reference found at search path location "{RawFileName}".
             This reference is not "CopyLocal" because at least one source item had "Private" set to "false" and no source items had "Private" set to "true".
         Primary reference "WindowsBase, Version=4.0.0.0, Culture=neutral, PublicKeyToken=31bf3856ad364e35".
             Resolved file path is "C:\Program Files\dotnet\packs\Microsoft.NETCore.App.Ref\9.0.11\ref\net9.0\WindowsBase.dll".
             Reference found at search path location "{RawFileName}".
             This reference is not "CopyLocal" because at least one source item had "Private" set to "false" and no source items had "Private" set to "true".
         Primary reference "mscorlib, Version=4.0.0.0, Culture=neutral, PublicKeyToken=b77a5c561934e089".
             Resolved file path is "C:\Program Files\dotnet\packs\Microsoft.NETCore.App.Ref\9.0.11\ref\net9.0\mscorlib.dll".
             Reference found at search path location "{RawFileName}".
             This reference is not "CopyLocal" because at least one source item had "Private" set to "false" and no source items had "Private" set to "true".
         Primary reference "netstandard, Version=2.1.0.0, Culture=neutral, PublicKeyToken=cc7b13ffcd2ddd51".
             Resolved file path is "C:\Program Files\dotnet\packs\Microsoft.NETCore.App.Ref\9.0.11\ref\net9.0\netstandard.dll".
             Reference found at search path location "{RawFileName}".
             This reference is not "CopyLocal" because at least one source item had "Private" set to "false" and no source items had "Private" set to "true".
         Primary reference "Microsoft.AspNetCore.Antiforgery, Version=9.0.0.0, Culture=neutral, PublicKeyToken=adb9793829ddae60".
             Resolved file path is "C:\Program Files\dotnet\packs\Microsoft.AspNetCore.App.Ref\9.0.11\ref\net9.0\Microsoft.AspNetCore.Antiforgery.dll".
             Reference found at search path location "{RawFileName}".
             This reference is not "CopyLocal" because at least one source item had "Private" set to "false" and no source items had "Private" set to "true".
         Primary reference "Microsoft.AspNetCore.Authentication.Abstractions, Version=9.0.0.0, Culture=neutral, PublicKeyToken=adb9793829ddae60".
             Resolved file path is "C:\Program Files\dotnet\packs\Microsoft.AspNetCore.App.Ref\9.0.11\ref\net9.0\Microsoft.AspNetCore.Authentication.Abstractions.dll".
             Reference found at search path location "{RawFileName}".
             This reference is not "CopyLocal" because at least one source item had "Private" set to "false" and no source items had "Private" set to "true".
         Primary reference "Microsoft.AspNetCore.Authentication.BearerToken, Version=9.0.0.0, Culture=neutral, PublicKeyToken=adb9793829ddae60".
             Resolved file path is "C:\Program Files\dotnet\packs\Microsoft.AspNetCore.App.Ref\9.0.11\ref\net9.0\Microsoft.AspNetCore.Authentication.BearerToken.dll".
             Reference found at search path location "{RawFileName}".
             This reference is not "CopyLocal" because at least one source item had "Private" set to "false" and no source items had "Private" set to "true".
         Primary reference "Microsoft.AspNetCore.Authentication.Cookies, Version=9.0.0.0, Culture=neutral, PublicKeyToken=adb9793829ddae60".
             Resolved file path is "C:\Program Files\dotnet\packs\Microsoft.AspNetCore.App.Ref\9.0.11\ref\net9.0\Microsoft.AspNetCore.Authentication.Cookies.dll".
             Reference found at search path location "{RawFileName}".
             This reference is not "CopyLocal" because at least one source item had "Private" set to "false" and no source items had "Private" set to "true".
         Primary reference "Microsoft.AspNetCore.Authentication.Core, Version=9.0.0.0, Culture=neutral, PublicKeyToken=adb9793829ddae60".
             Resolved file path is "C:\Program Files\dotnet\packs\Microsoft.AspNetCore.App.Ref\9.0.11\ref\net9.0\Microsoft.AspNetCore.Authentication.Core.dll".
             Reference found at search path location "{RawFileName}".
             This reference is not "CopyLocal" because at least one source item had "Private" set to "false" and no source items had "Private" set to "true".
         Primary reference "Microsoft.AspNetCore.Authentication.OAuth, Version=9.0.0.0, Culture=neutral, PublicKeyToken=adb9793829ddae60".
             Resolved file path is "C:\Program Files\dotnet\packs\Microsoft.AspNetCore.App.Ref\9.0.11\ref\net9.0\Microsoft.AspNetCore.Authentication.OAuth.dll".
             Reference found at search path location "{RawFileName}".
             This reference is not "CopyLocal" because at least one source item had "Private" set to "false" and no source items had "Private" set to "true".
         Primary reference "Microsoft.AspNetCore.Authentication, Version=9.0.0.0, Culture=neutral, PublicKeyToken=adb9793829ddae60".
             Resolved file path is "C:\Program Files\dotnet\packs\Microsoft.AspNetCore.App.Ref\9.0.11\ref\net9.0\Microsoft.AspNetCore.Authentication.dll".
             Reference found at search path location "{RawFileName}".
             This reference is not "CopyLocal" because at least one source item had "Private" set to "false" and no source items had "Private" set to "true".
         Primary reference "Microsoft.AspNetCore.Authorization.Policy, Version=9.0.0.0, Culture=neutral, PublicKeyToken=adb9793829ddae60".
             Resolved file path is "C:\Program Files\dotnet\packs\Microsoft.AspNetCore.App.Ref\9.0.11\ref\net9.0\Microsoft.AspNetCore.Authorization.Policy.dll".
             Reference found at search path location "{RawFileName}".
             This reference is not "CopyLocal" because at least one source item had "Private" set to "false" and no source items had "Private" set to "true".
         Primary reference "Microsoft.AspNetCore.Authorization, Version=9.0.0.0, Culture=neutral, PublicKeyToken=adb9793829ddae60".
             Resolved file path is "C:\Program Files\dotnet\packs\Microsoft.AspNetCore.App.Ref\9.0.11\ref\net9.0\Microsoft.AspNetCore.Authorization.dll".
             Reference found at search path location "{RawFileName}".
             This reference is not "CopyLocal" because at least one source item had "Private" set to "false" and no source items had "Private" set to "true".
         Primary reference "Microsoft.AspNetCore.Components.Authorization, Version=9.0.0.0, Culture=neutral, PublicKeyToken=adb9793829ddae60".
             Resolved file path is "C:\Program Files\dotnet\packs\Microsoft.AspNetCore.App.Ref\9.0.11\ref\net9.0\Microsoft.AspNetCore.Components.Authorization.dll".
             Reference found at search path location "{RawFileName}".
             This reference is not "CopyLocal" because at least one source item had "Private" set to "false" and no source items had "Private" set to "true".
         Primary reference "Microsoft.AspNetCore.Components.Endpoints, Version=9.0.0.0, Culture=neutral, PublicKeyToken=adb9793829ddae60".
             Resolved file path is "C:\Program Files\dotnet\packs\Microsoft.AspNetCore.App.Ref\9.0.11\ref\net9.0\Microsoft.AspNetCore.Components.Endpoints.dll".
             Reference found at search path location "{RawFileName}".
             This reference is not "CopyLocal" because at least one source item had "Private" set to "false" and no source items had "Private" set to "true".
         Primary reference "Microsoft.AspNetCore.Components.Forms, Version=9.0.0.0, Culture=neutral, PublicKeyToken=adb9793829ddae60".
             Resolved file path is "C:\Program Files\dotnet\packs\Microsoft.AspNetCore.App.Ref\9.0.11\ref\net9.0\Microsoft.AspNetCore.Components.Forms.dll".
             Reference found at search path location "{RawFileName}".
             This reference is not "CopyLocal" because at least one source item had "Private" set to "false" and no source items had "Private" set to "true".
         Primary reference "Microsoft.AspNetCore.Components.Server, Version=9.0.0.0, Culture=neutral, PublicKeyToken=adb9793829ddae60".
             Resolved file path is "C:\Program Files\dotnet\packs\Microsoft.AspNetCore.App.Ref\9.0.11\ref\net9.0\Microsoft.AspNetCore.Components.Server.dll".
             Reference found at search path location "{RawFileName}".
             This reference is not "CopyLocal" because at least one source item had "Private" set to "false" and no source items had "Private" set to "true".
         Primary reference "Microsoft.AspNetCore.Components.Web, Version=9.0.0.0, Culture=neutral, PublicKeyToken=adb9793829ddae60".
             Resolved file path is "C:\Program Files\dotnet\packs\Microsoft.AspNetCore.App.Ref\9.0.11\ref\net9.0\Microsoft.AspNetCore.Components.Web.dll".
             Reference found at search path location "{RawFileName}".
             This reference is not "CopyLocal" because at least one source item had "Private" set to "false" and no source items had "Private" set to "true".
         Primary reference "Microsoft.AspNetCore.Components, Version=9.0.0.0, Culture=neutral, PublicKeyToken=adb9793829ddae60".
             Resolved file path is "C:\Program Files\dotnet\packs\Microsoft.AspNetCore.App.Ref\9.0.11\ref\net9.0\Microsoft.AspNetCore.Components.dll".
             Reference found at search path location "{RawFileName}".
             This reference is not "CopyLocal" because at least one source item had "Private" set to "false" and no source items had "Private" set to "true".
         Primary reference "Microsoft.AspNetCore.Connections.Abstractions, Version=9.0.0.0, Culture=neutral, PublicKeyToken=adb9793829ddae60".
             Resolved file path is "C:\Program Files\dotnet\packs\Microsoft.AspNetCore.App.Ref\9.0.11\ref\net9.0\Microsoft.AspNetCore.Connections.Abstractions.dll".
             Reference found at search path location "{RawFileName}".
             This reference is not "CopyLocal" because at least one source item had "Private" set to "false" and no source items had "Private" set to "true".
         Primary reference "Microsoft.AspNetCore.CookiePolicy, Version=9.0.0.0, Culture=neutral, PublicKeyToken=adb9793829ddae60".
             Resolved file path is "C:\Program Files\dotnet\packs\Microsoft.AspNetCore.App.Ref\9.0.11\ref\net9.0\Microsoft.AspNetCore.CookiePolicy.dll".
             Reference found at search path location "{RawFileName}".
             This reference is not "CopyLocal" because at least one source item had "Private" set to "false" and no source items had "Private" set to "true".
         Primary reference "Microsoft.AspNetCore.Cors, Version=9.0.0.0, Culture=neutral, PublicKeyToken=adb9793829ddae60".
             Resolved file path is "C:\Program Files\dotnet\packs\Microsoft.AspNetCore.App.Ref\9.0.11\ref\net9.0\Microsoft.AspNetCore.Cors.dll".
             Reference found at search path location "{RawFileName}".
             This reference is not "CopyLocal" because at least one source item had "Private" set to "false" and no source items had "Private" set to "true".
         Primary reference "Microsoft.AspNetCore.Cryptography.Internal, Version=9.0.0.0, Culture=neutral, PublicKeyToken=adb9793829ddae60".
             Resolved file path is "C:\Program Files\dotnet\packs\Microsoft.AspNetCore.App.Ref\9.0.11\ref\net9.0\Microsoft.AspNetCore.Cryptography.Internal.dll".
             Reference found at search path location "{RawFileName}".
             This reference is not "CopyLocal" because at least one source item had "Private" set to "false" and no source items had "Private" set to "true".
         Primary reference "Microsoft.AspNetCore.Cryptography.KeyDerivation, Version=9.0.0.0, Culture=neutral, PublicKeyToken=adb9793829ddae60".
             Resolved file path is "C:\Program Files\dotnet\packs\Microsoft.AspNetCore.App.Ref\9.0.11\ref\net9.0\Microsoft.AspNetCore.Cryptography.KeyDerivation.dll".
             Reference found at search path location "{RawFileName}".
             This reference is not "CopyLocal" because at least one source item had "Private" set to "false" and no source items had "Private" set to "true".
         Primary reference "Microsoft.AspNetCore.DataProtection.Abstractions, Version=9.0.0.0, Culture=neutral, PublicKeyToken=adb9793829ddae60".
             Resolved file path is "C:\Program Files\dotnet\packs\Microsoft.AspNetCore.App.Ref\9.0.11\ref\net9.0\Microsoft.AspNetCore.DataProtection.Abstractions.dll".
             Reference found at search path location "{RawFileName}".
             This reference is not "CopyLocal" because at least one source item had "Private" set to "false" and no source items had "Private" set to "true".
         Primary reference "Microsoft.AspNetCore.DataProtection.Extensions, Version=9.0.0.0, Culture=neutral, PublicKeyToken=adb9793829ddae60".
             Resolved file path is "C:\Program Files\dotnet\packs\Microsoft.AspNetCore.App.Ref\9.0.11\ref\net9.0\Microsoft.AspNetCore.DataProtection.Extensions.dll".
             Reference found at search path location "{RawFileName}".
             This reference is not "CopyLocal" because at least one source item had "Private" set to "false" and no source items had "Private" set to "true".
         Primary reference "Microsoft.AspNetCore.DataProtection, Version=9.0.0.0, Culture=neutral, PublicKeyToken=adb9793829ddae60".
             Resolved file path is "C:\Program Files\dotnet\packs\Microsoft.AspNetCore.App.Ref\9.0.11\ref\net9.0\Microsoft.AspNetCore.DataProtection.dll".
             Reference found at search path location "{RawFileName}".
             This reference is not "CopyLocal" because at least one source item had "Private" set to "false" and no source items had "Private" set to "true".
         Primary reference "Microsoft.AspNetCore.Diagnostics.Abstractions, Version=9.0.0.0, Culture=neutral, PublicKeyToken=adb9793829ddae60".
             Resolved file path is "C:\Program Files\dotnet\packs\Microsoft.AspNetCore.App.Ref\9.0.11\ref\net9.0\Microsoft.AspNetCore.Diagnostics.Abstractions.dll".
             Reference found at search path location "{RawFileName}".
             This reference is not "CopyLocal" because at least one source item had "Private" set to "false" and no source items had "Private" set to "true".
         Primary reference "Microsoft.AspNetCore.Diagnostics.HealthChecks, Version=9.0.0.0, Culture=neutral, PublicKeyToken=adb9793829ddae60".
             Resolved file path is "C:\Program Files\dotnet\packs\Microsoft.AspNetCore.App.Ref\9.0.11\ref\net9.0\Microsoft.AspNetCore.Diagnostics.HealthChecks.dll".
             Reference found at search path location "{RawFileName}".
             This reference is not "CopyLocal" because at least one source item had "Private" set to "false" and no source items had "Private" set to "true".
         Primary reference "Microsoft.AspNetCore.Diagnostics, Version=9.0.0.0, Culture=neutral, PublicKeyToken=adb9793829ddae60".
             Resolved file path is "C:\Program Files\dotnet\packs\Microsoft.AspNetCore.App.Ref\9.0.11\ref\net9.0\Microsoft.AspNetCore.Diagnostics.dll".
             Reference found at search path location "{RawFileName}".
             This reference is not "CopyLocal" because at least one source item had "Private" set to "false" and no source items had "Private" set to "true".
         Primary reference "Microsoft.AspNetCore.HostFiltering, Version=9.0.0.0, Culture=neutral, PublicKeyToken=adb9793829ddae60".
             Resolved file path is "C:\Program Files\dotnet\packs\Microsoft.AspNetCore.App.Ref\9.0.11\ref\net9.0\Microsoft.AspNetCore.HostFiltering.dll".
             Reference found at search path location "{RawFileName}".
             This reference is not "CopyLocal" because at least one source item had "Private" set to "false" and no source items had "Private" set to "true".
         Primary reference "Microsoft.AspNetCore.Hosting.Abstractions, Version=9.0.0.0, Culture=neutral, PublicKeyToken=adb9793829ddae60".
             Resolved file path is "C:\Program Files\dotnet\packs\Microsoft.AspNetCore.App.Ref\9.0.11\ref\net9.0\Microsoft.AspNetCore.Hosting.Abstractions.dll".
             Reference found at search path location "{RawFileName}".
             This reference is not "CopyLocal" because at least one source item had "Private" set to "false" and no source items had "Private" set to "true".
         Primary reference "Microsoft.AspNetCore.Hosting.Server.Abstractions, Version=9.0.0.0, Culture=neutral, PublicKeyToken=adb9793829ddae60".
             Resolved file path is "C:\Program Files\dotnet\packs\Microsoft.AspNetCore.App.Ref\9.0.11\ref\net9.0\Microsoft.AspNetCore.Hosting.Server.Abstractions.dll".
             Reference found at search path location "{RawFileName}".
             This reference is not "CopyLocal" because at least one source item had "Private" set to "false" and no source items had "Private" set to "true".
         Primary reference "Microsoft.AspNetCore.Hosting, Version=9.0.0.0, Culture=neutral, PublicKeyToken=adb9793829ddae60".
             Resolved file path is "C:\Program Files\dotnet\packs\Microsoft.AspNetCore.App.Ref\9.0.11\ref\net9.0\Microsoft.AspNetCore.Hosting.dll".
             Reference found at search path location "{RawFileName}".
             This reference is not "CopyLocal" because at least one source item had "Private" set to "false" and no source items had "Private" set to "true".
         Primary reference "Microsoft.AspNetCore.Html.Abstractions, Version=9.0.0.0, Culture=neutral, PublicKeyToken=adb9793829ddae60".
             Resolved file path is "C:\Program Files\dotnet\packs\Microsoft.AspNetCore.App.Ref\9.0.11\ref\net9.0\Microsoft.AspNetCore.Html.Abstractions.dll".
             Reference found at search path location "{RawFileName}".
             This reference is not "CopyLocal" because at least one source item had "Private" set to "false" and no source items had "Private" set to "true".
         Primary reference "Microsoft.AspNetCore.Http.Abstractions, Version=9.0.0.0, Culture=neutral, PublicKeyToken=adb9793829ddae60".
             Resolved file path is "C:\Program Files\dotnet\packs\Microsoft.AspNetCore.App.Ref\9.0.11\ref\net9.0\Microsoft.AspNetCore.Http.Abstractions.dll".
             Reference found at search path location "{RawFileName}".
             This reference is not "CopyLocal" because at least one source item had "Private" set to "false" and no source items had "Private" set to "true".
         Primary reference "Microsoft.AspNetCore.Http.Connections.Common, Version=9.0.0.0, Culture=neutral, PublicKeyToken=adb9793829ddae60".
             Resolved file path is "C:\Program Files\dotnet\packs\Microsoft.AspNetCore.App.Ref\9.0.11\ref\net9.0\Microsoft.AspNetCore.Http.Connections.Common.dll".
             Reference found at search path location "{RawFileName}".
             This reference is not "CopyLocal" because at least one source item had "Private" set to "false" and no source items had "Private" set to "true".
         Primary reference "Microsoft.AspNetCore.Http.Connections, Version=9.0.0.0, Culture=neutral, PublicKeyToken=adb9793829ddae60".
             Resolved file path is "C:\Program Files\dotnet\packs\Microsoft.AspNetCore.App.Ref\9.0.11\ref\net9.0\Microsoft.AspNetCore.Http.Connections.dll".
             Reference found at search path location "{RawFileName}".
             This reference is not "CopyLocal" because at least one source item had "Private" set to "false" and no source items had "Private" set to "true".
         Primary reference "Microsoft.AspNetCore.Http.Extensions, Version=9.0.0.0, Culture=neutral, PublicKeyToken=adb9793829ddae60".
             Resolved file path is "C:\Program Files\dotnet\packs\Microsoft.AspNetCore.App.Ref\9.0.11\ref\net9.0\Microsoft.AspNetCore.Http.Extensions.dll".
             Reference found at search path location "{RawFileName}".
             This reference is not "CopyLocal" because at least one source item had "Private" set to "false" and no source items had "Private" set to "true".
         Primary reference "Microsoft.AspNetCore.Http.Features, Version=9.0.0.0, Culture=neutral, PublicKeyToken=adb9793829ddae60".
             Resolved file path is "C:\Program Files\dotnet\packs\Microsoft.AspNetCore.App.Ref\9.0.11\ref\net9.0\Microsoft.AspNetCore.Http.Features.dll".
             Reference found at search path location "{RawFileName}".
             This reference is not "CopyLocal" because at least one source item had "Private" set to "false" and no source items had "Private" set to "true".
         Primary reference "Microsoft.AspNetCore.Http.Results, Version=9.0.0.0, Culture=neutral, PublicKeyToken=adb9793829ddae60".
             Resolved file path is "C:\Program Files\dotnet\packs\Microsoft.AspNetCore.App.Ref\9.0.11\ref\net9.0\Microsoft.AspNetCore.Http.Results.dll".
             Reference found at search path location "{RawFileName}".
             This reference is not "CopyLocal" because at least one source item had "Private" set to "false" and no source items had "Private" set to "true".
         Primary reference "Microsoft.AspNetCore.Http, Version=9.0.0.0, Culture=neutral, PublicKeyToken=adb9793829ddae60".
             Resolved file path is "C:\Program Files\dotnet\packs\Microsoft.AspNetCore.App.Ref\9.0.11\ref\net9.0\Microsoft.AspNetCore.Http.dll".
             Reference found at search path location "{RawFileName}".
             This reference is not "CopyLocal" because at least one source item had "Private" set to "false" and no source items had "Private" set to "true".
         Primary reference "Microsoft.AspNetCore.HttpLogging, Version=9.0.0.0, Culture=neutral, PublicKeyToken=adb9793829ddae60".
             Resolved file path is "C:\Program Files\dotnet\packs\Microsoft.AspNetCore.App.Ref\9.0.11\ref\net9.0\Microsoft.AspNetCore.HttpLogging.dll".
             Reference found at search path location "{RawFileName}".
             This reference is not "CopyLocal" because at least one source item had "Private" set to "false" and no source items had "Private" set to "true".
         Primary reference "Microsoft.AspNetCore.HttpOverrides, Version=9.0.0.0, Culture=neutral, PublicKeyToken=adb9793829ddae60".
             Resolved file path is "C:\Program Files\dotnet\packs\Microsoft.AspNetCore.App.Ref\9.0.11\ref\net9.0\Microsoft.AspNetCore.HttpOverrides.dll".
             Reference found at search path location "{RawFileName}".
             This reference is not "CopyLocal" because at least one source item had "Private" set to "false" and no source items had "Private" set to "true".
         Primary reference "Microsoft.AspNetCore.HttpsPolicy, Version=9.0.0.0, Culture=neutral, PublicKeyToken=adb9793829ddae60".
             Resolved file path is "C:\Program Files\dotnet\packs\Microsoft.AspNetCore.App.Ref\9.0.11\ref\net9.0\Microsoft.AspNetCore.HttpsPolicy.dll".
             Reference found at search path location "{RawFileName}".
             This reference is not "CopyLocal" because at least one source item had "Private" set to "false" and no source items had "Private" set to "true".
         Primary reference "Microsoft.AspNetCore.Identity, Version=9.0.0.0, Culture=neutral, PublicKeyToken=adb9793829ddae60".
             Resolved file path is "C:\Program Files\dotnet\packs\Microsoft.AspNetCore.App.Ref\9.0.11\ref\net9.0\Microsoft.AspNetCore.Identity.dll".
             Reference found at search path location "{RawFileName}".
             This reference is not "CopyLocal" because at least one source item had "Private" set to "false" and no source items had "Private" set to "true".
         Primary reference "Microsoft.AspNetCore.Localization.Routing, Version=9.0.0.0, Culture=neutral, PublicKeyToken=adb9793829ddae60".
             Resolved file path is "C:\Program Files\dotnet\packs\Microsoft.AspNetCore.App.Ref\9.0.11\ref\net9.0\Microsoft.AspNetCore.Localization.Routing.dll".
             Reference found at search path location "{RawFileName}".
             This reference is not "CopyLocal" because at least one source item had "Private" set to "false" and no source items had "Private" set to "true".
         Primary reference "Microsoft.AspNetCore.Localization, Version=9.0.0.0, Culture=neutral, PublicKeyToken=adb9793829ddae60".
             Resolved file path is "C:\Program Files\dotnet\packs\Microsoft.AspNetCore.App.Ref\9.0.11\ref\net9.0\Microsoft.AspNetCore.Localization.dll".
             Reference found at search path location "{RawFileName}".
             This reference is not "CopyLocal" because at least one source item had "Private" set to "false" and no source items had "Private" set to "true".
         Primary reference "Microsoft.AspNetCore.Metadata, Version=9.0.0.0, Culture=neutral, PublicKeyToken=adb9793829ddae60".
             Resolved file path is "C:\Program Files\dotnet\packs\Microsoft.AspNetCore.App.Ref\9.0.11\ref\net9.0\Microsoft.AspNetCore.Metadata.dll".
             Reference found at search path location "{RawFileName}".
             This reference is not "CopyLocal" because at least one source item had "Private" set to "false" and no source items had "Private" set to "true".
         Primary reference "Microsoft.AspNetCore.Mvc.Abstractions, Version=9.0.0.0, Culture=neutral, PublicKeyToken=adb9793829ddae60".
             Resolved file path is "C:\Program Files\dotnet\packs\Microsoft.AspNetCore.App.Ref\9.0.11\ref\net9.0\Microsoft.AspNetCore.Mvc.Abstractions.dll".
             Reference found at search path location "{RawFileName}".
             This reference is not "CopyLocal" because at least one source item had "Private" set to "false" and no source items had "Private" set to "true".
         Primary reference "Microsoft.AspNetCore.Mvc.ApiExplorer, Version=9.0.0.0, Culture=neutral, PublicKeyToken=adb9793829ddae60".
             Resolved file path is "C:\Program Files\dotnet\packs\Microsoft.AspNetCore.App.Ref\9.0.11\ref\net9.0\Microsoft.AspNetCore.Mvc.ApiExplorer.dll".
             Reference found at search path location "{RawFileName}".
             This reference is not "CopyLocal" because at least one source item had "Private" set to "false" and no source items had "Private" set to "true".
         Primary reference "Microsoft.AspNetCore.Mvc.Core, Version=9.0.0.0, Culture=neutral, PublicKeyToken=adb9793829ddae60".
             Resolved file path is "C:\Program Files\dotnet\packs\Microsoft.AspNetCore.App.Ref\9.0.11\ref\net9.0\Microsoft.AspNetCore.Mvc.Core.dll".
             Reference found at search path location "{RawFileName}".
             This reference is not "CopyLocal" because at least one source item had "Private" set to "false" and no source items had "Private" set to "true".
         Primary reference "Microsoft.AspNetCore.Mvc.Cors, Version=9.0.0.0, Culture=neutral, PublicKeyToken=adb9793829ddae60".
             Resolved file path is "C:\Program Files\dotnet\packs\Microsoft.AspNetCore.App.Ref\9.0.11\ref\net9.0\Microsoft.AspNetCore.Mvc.Cors.dll".
             Reference found at search path location "{RawFileName}".
             This reference is not "CopyLocal" because at least one source item had "Private" set to "false" and no source items had "Private" set to "true".
         Primary reference "Microsoft.AspNetCore.Mvc.DataAnnotations, Version=9.0.0.0, Culture=neutral, PublicKeyToken=adb9793829ddae60".
             Resolved file path is "C:\Program Files\dotnet\packs\Microsoft.AspNetCore.App.Ref\9.0.11\ref\net9.0\Microsoft.AspNetCore.Mvc.DataAnnotations.dll".
             Reference found at search path location "{RawFileName}".
             This reference is not "CopyLocal" because at least one source item had "Private" set to "false" and no source items had "Private" set to "true".
         Primary reference "Microsoft.AspNetCore.Mvc.Formatters.Json, Version=9.0.0.0, Culture=neutral, PublicKeyToken=adb9793829ddae60".
             Resolved file path is "C:\Program Files\dotnet\packs\Microsoft.AspNetCore.App.Ref\9.0.11\ref\net9.0\Microsoft.AspNetCore.Mvc.Formatters.Json.dll".
             Reference found at search path location "{RawFileName}".
             This reference is not "CopyLocal" because at least one source item had "Private" set to "false" and no source items had "Private" set to "true".
         Primary reference "Microsoft.AspNetCore.Mvc.Formatters.Xml, Version=9.0.0.0, Culture=neutral, PublicKeyToken=adb9793829ddae60".
             Resolved file path is "C:\Program Files\dotnet\packs\Microsoft.AspNetCore.App.Ref\9.0.11\ref\net9.0\Microsoft.AspNetCore.Mvc.Formatters.Xml.dll".
             Reference found at search path location "{RawFileName}".
             This reference is not "CopyLocal" because at least one source item had "Private" set to "false" and no source items had "Private" set to "true".
         Primary reference "Microsoft.AspNetCore.Mvc.Localization, Version=9.0.0.0, Culture=neutral, PublicKeyToken=adb9793829ddae60".
             Resolved file path is "C:\Program Files\dotnet\packs\Microsoft.AspNetCore.App.Ref\9.0.11\ref\net9.0\Microsoft.AspNetCore.Mvc.Localization.dll".
             Reference found at search path location "{RawFileName}".
             This reference is not "CopyLocal" because at least one source item had "Private" set to "false" and no source items had "Private" set to "true".
         Primary reference "Microsoft.AspNetCore.Mvc.Razor, Version=9.0.0.0, Culture=neutral, PublicKeyToken=adb9793829ddae60".
             Resolved file path is "C:\Program Files\dotnet\packs\Microsoft.AspNetCore.App.Ref\9.0.11\ref\net9.0\Microsoft.AspNetCore.Mvc.Razor.dll".
             Reference found at search path location "{RawFileName}".
             This reference is not "CopyLocal" because at least one source item had "Private" set to "false" and no source items had "Private" set to "true".
         Primary reference "Microsoft.AspNetCore.Mvc.RazorPages, Version=9.0.0.0, Culture=neutral, PublicKeyToken=adb9793829ddae60".
             Resolved file path is "C:\Program Files\dotnet\packs\Microsoft.AspNetCore.App.Ref\9.0.11\ref\net9.0\Microsoft.AspNetCore.Mvc.RazorPages.dll".
             Reference found at search path location "{RawFileName}".
             This reference is not "CopyLocal" because at least one source item had "Private" set to "false" and no source items had "Private" set to "true".
         Primary reference "Microsoft.AspNetCore.Mvc.TagHelpers, Version=9.0.0.0, Culture=neutral, PublicKeyToken=adb9793829ddae60".
             Resolved file path is "C:\Program Files\dotnet\packs\Microsoft.AspNetCore.App.Ref\9.0.11\ref\net9.0\Microsoft.AspNetCore.Mvc.TagHelpers.dll".
             Reference found at search path location "{RawFileName}".
             This reference is not "CopyLocal" because at least one source item had "Private" set to "false" and no source items had "Private" set to "true".
         Primary reference "Microsoft.AspNetCore.Mvc.ViewFeatures, Version=9.0.0.0, Culture=neutral, PublicKeyToken=adb9793829ddae60".
             Resolved file path is "C:\Program Files\dotnet\packs\Microsoft.AspNetCore.App.Ref\9.0.11\ref\net9.0\Microsoft.AspNetCore.Mvc.ViewFeatures.dll".
             Reference found at search path location "{RawFileName}".
             This reference is not "CopyLocal" because at least one source item had "Private" set to "false" and no source items had "Private" set to "true".
         Primary reference "Microsoft.AspNetCore.Mvc, Version=9.0.0.0, Culture=neutral, PublicKeyToken=adb9793829ddae60".
             Resolved file path is "C:\Program Files\dotnet\packs\Microsoft.AspNetCore.App.Ref\9.0.11\ref\net9.0\Microsoft.AspNetCore.Mvc.dll".
             Reference found at search path location "{RawFileName}".
             This reference is not "CopyLocal" because at least one source item had "Private" set to "false" and no source items had "Private" set to "true".
         Primary reference "Microsoft.AspNetCore.OutputCaching, Version=9.0.0.0, Culture=neutral, PublicKeyToken=adb9793829ddae60".
             Resolved file path is "C:\Program Files\dotnet\packs\Microsoft.AspNetCore.App.Ref\9.0.11\ref\net9.0\Microsoft.AspNetCore.OutputCaching.dll".
             Reference found at search path location "{RawFileName}".
             This reference is not "CopyLocal" because at least one source item had "Private" set to "false" and no source items had "Private" set to "true".
         Primary reference "Microsoft.AspNetCore.RateLimiting, Version=9.0.0.0, Culture=neutral, PublicKeyToken=adb9793829ddae60".
             Resolved file path is "C:\Program Files\dotnet\packs\Microsoft.AspNetCore.App.Ref\9.0.11\ref\net9.0\Microsoft.AspNetCore.RateLimiting.dll".
             Reference found at search path location "{RawFileName}".
             This reference is not "CopyLocal" because at least one source item had "Private" set to "false" and no source items had "Private" set to "true".
         Primary reference "Microsoft.AspNetCore.Razor.Runtime, Version=9.0.0.0, Culture=neutral, PublicKeyToken=adb9793829ddae60".
             Resolved file path is "C:\Program Files\dotnet\packs\Microsoft.AspNetCore.App.Ref\9.0.11\ref\net9.0\Microsoft.AspNetCore.Razor.Runtime.dll".
             Reference found at search path location "{RawFileName}".
             This reference is not "CopyLocal" because at least one source item had "Private" set to "false" and no source items had "Private" set to "true".
         Primary reference "Microsoft.AspNetCore.Razor, Version=9.0.0.0, Culture=neutral, PublicKeyToken=adb9793829ddae60".
             Resolved file path is "C:\Program Files\dotnet\packs\Microsoft.AspNetCore.App.Ref\9.0.11\ref\net9.0\Microsoft.AspNetCore.Razor.dll".
             Reference found at search path location "{RawFileName}".
             This reference is not "CopyLocal" because at least one source item had "Private" set to "false" and no source items had "Private" set to "true".
         Primary reference "Microsoft.AspNetCore.RequestDecompression, Version=9.0.0.0, Culture=neutral, PublicKeyToken=adb9793829ddae60".
             Resolved file path is "C:\Program Files\dotnet\packs\Microsoft.AspNetCore.App.Ref\9.0.11\ref\net9.0\Microsoft.AspNetCore.RequestDecompression.dll".
             Reference found at search path location "{RawFileName}".
             This reference is not "CopyLocal" because at least one source item had "Private" set to "false" and no source items had "Private" set to "true".
         Primary reference "Microsoft.AspNetCore.ResponseCaching.Abstractions, Version=9.0.0.0, Culture=neutral, PublicKeyToken=adb9793829ddae60".
             Resolved file path is "C:\Program Files\dotnet\packs\Microsoft.AspNetCore.App.Ref\9.0.11\ref\net9.0\Microsoft.AspNetCore.ResponseCaching.Abstractions.dll".
             Reference found at search path location "{RawFileName}".
             This reference is not "CopyLocal" because at least one source item had "Private" set to "false" and no source items had "Private" set to "true".
         Primary reference "Microsoft.AspNetCore.ResponseCaching, Version=9.0.0.0, Culture=neutral, PublicKeyToken=adb9793829ddae60".
             Resolved file path is "C:\Program Files\dotnet\packs\Microsoft.AspNetCore.App.Ref\9.0.11\ref\net9.0\Microsoft.AspNetCore.ResponseCaching.dll".
             Reference found at search path location "{RawFileName}".
             This reference is not "CopyLocal" because at least one source item had "Private" set to "false" and no source items had "Private" set to "true".
         Primary reference "Microsoft.AspNetCore.ResponseCompression, Version=9.0.0.0, Culture=neutral, PublicKeyToken=adb9793829ddae60".
             Resolved file path is "C:\Program Files\dotnet\packs\Microsoft.AspNetCore.App.Ref\9.0.11\ref\net9.0\Microsoft.AspNetCore.ResponseCompression.dll".
             Reference found at search path location "{RawFileName}".
             This reference is not "CopyLocal" because at least one source item had "Private" set to "false" and no source items had "Private" set to "true".
         Primary reference "Microsoft.AspNetCore.Rewrite, Version=9.0.0.0, Culture=neutral, PublicKeyToken=adb9793829ddae60".
             Resolved file path is "C:\Program Files\dotnet\packs\Microsoft.AspNetCore.App.Ref\9.0.11\ref\net9.0\Microsoft.AspNetCore.Rewrite.dll".
             Reference found at search path location "{RawFileName}".
             This reference is not "CopyLocal" because at least one source item had "Private" set to "false" and no source items had "Private" set to "true".
         Primary reference "Microsoft.AspNetCore.Routing.Abstractions, Version=9.0.0.0, Culture=neutral, PublicKeyToken=adb9793829ddae60".
             Resolved file path is "C:\Program Files\dotnet\packs\Microsoft.AspNetCore.App.Ref\9.0.11\ref\net9.0\Microsoft.AspNetCore.Routing.Abstractions.dll".
             Reference found at search path location "{RawFileName}".
             This reference is not "CopyLocal" because at least one source item had "Private" set to "false" and no source items had "Private" set to "true".
         Primary reference "Microsoft.AspNetCore.Routing, Version=9.0.0.0, Culture=neutral, PublicKeyToken=adb9793829ddae60".
             Resolved file path is "C:\Program Files\dotnet\packs\Microsoft.AspNetCore.App.Ref\9.0.11\ref\net9.0\Microsoft.AspNetCore.Routing.dll".
             Reference found at search path location "{RawFileName}".
             This reference is not "CopyLocal" because at least one source item had "Private" set to "false" and no source items had "Private" set to "true".
         Primary reference "Microsoft.AspNetCore.Server.HttpSys, Version=9.0.0.0, Culture=neutral, PublicKeyToken=adb9793829ddae60".
             Resolved file path is "C:\Program Files\dotnet\packs\Microsoft.AspNetCore.App.Ref\9.0.11\ref\net9.0\Microsoft.AspNetCore.Server.HttpSys.dll".
             Reference found at search path location "{RawFileName}".
             This reference is not "CopyLocal" because at least one source item had "Private" set to "false" and no source items had "Private" set to "true".
         Primary reference "Microsoft.AspNetCore.Server.IIS, Version=9.0.0.0, Culture=neutral, PublicKeyToken=adb9793829ddae60".
             Resolved file path is "C:\Program Files\dotnet\packs\Microsoft.AspNetCore.App.Ref\9.0.11\ref\net9.0\Microsoft.AspNetCore.Server.IIS.dll".
             Reference found at search path location "{RawFileName}".
             This reference is not "CopyLocal" because at least one source item had "Private" set to "false" and no source items had "Private" set to "true".
         Primary reference "Microsoft.AspNetCore.Server.IISIntegration, Version=9.0.0.0, Culture=neutral, PublicKeyToken=adb9793829ddae60".
             Resolved file path is "C:\Program Files\dotnet\packs\Microsoft.AspNetCore.App.Ref\9.0.11\ref\net9.0\Microsoft.AspNetCore.Server.IISIntegration.dll".
             Reference found at search path location "{RawFileName}".
             This reference is not "CopyLocal" because at least one source item had "Private" set to "false" and no source items had "Private" set to "true".
         Primary reference "Microsoft.AspNetCore.Server.Kestrel.Core, Version=9.0.0.0, Culture=neutral, PublicKeyToken=adb9793829ddae60".
             Resolved file path is "C:\Program Files\dotnet\packs\Microsoft.AspNetCore.App.Ref\9.0.11\ref\net9.0\Microsoft.AspNetCore.Server.Kestrel.Core.dll".
             Reference found at search path location "{RawFileName}".
             This reference is not "CopyLocal" because at least one source item had "Private" set to "false" and no source items had "Private" set to "true".
         Primary reference "Microsoft.AspNetCore.Server.Kestrel.Transport.NamedPipes, Version=9.0.0.0, Culture=neutral, PublicKeyToken=adb9793829ddae60".
             Resolved file path is "C:\Program Files\dotnet\packs\Microsoft.AspNetCore.App.Ref\9.0.11\ref\net9.0\Microsoft.AspNetCore.Server.Kestrel.Transport.NamedPipes.dll".
             Reference found at search path location "{RawFileName}".
             This reference is not "CopyLocal" because at least one source item had "Private" set to "false" and no source items had "Private" set to "true".
         Primary reference "Microsoft.AspNetCore.Server.Kestrel.Transport.Quic, Version=9.0.0.0, Culture=neutral, PublicKeyToken=adb9793829ddae60".
             Resolved file path is "C:\Program Files\dotnet\packs\Microsoft.AspNetCore.App.Ref\9.0.11\ref\net9.0\Microsoft.AspNetCore.Server.Kestrel.Transport.Quic.dll".
             Reference found at search path location "{RawFileName}".
             This reference is not "CopyLocal" because at least one source item had "Private" set to "false" and no source items had "Private" set to "true".
         Primary reference "Microsoft.AspNetCore.Server.Kestrel.Transport.Sockets, Version=9.0.0.0, Culture=neutral, PublicKeyToken=adb9793829ddae60".
             Resolved file path is "C:\Program Files\dotnet\packs\Microsoft.AspNetCore.App.Ref\9.0.11\ref\net9.0\Microsoft.AspNetCore.Server.Kestrel.Transport.Sockets.dll".
             Reference found at search path location "{RawFileName}".
             This reference is not "CopyLocal" because at least one source item had "Private" set to "false" and no source items had "Private" set to "true".
         Primary reference "Microsoft.AspNetCore.Server.Kestrel, Version=9.0.0.0, Culture=neutral, PublicKeyToken=adb9793829ddae60".
             Resolved file path is "C:\Program Files\dotnet\packs\Microsoft.AspNetCore.App.Ref\9.0.11\ref\net9.0\Microsoft.AspNetCore.Server.Kestrel.dll".
             Reference found at search path location "{RawFileName}".
             This reference is not "CopyLocal" because at least one source item had "Private" set to "false" and no source items had "Private" set to "true".
         Primary reference "Microsoft.AspNetCore.Session, Version=9.0.0.0, Culture=neutral, PublicKeyToken=adb9793829ddae60".
             Resolved file path is "C:\Program Files\dotnet\packs\Microsoft.AspNetCore.App.Ref\9.0.11\ref\net9.0\Microsoft.AspNetCore.Session.dll".
             Reference found at search path location "{RawFileName}".
             This reference is not "CopyLocal" because at least one source item had "Private" set to "false" and no source items had "Private" set to "true".
         Primary reference "Microsoft.AspNetCore.SignalR.Common, Version=9.0.0.0, Culture=neutral, PublicKeyToken=adb9793829ddae60".
             Resolved file path is "C:\Program Files\dotnet\packs\Microsoft.AspNetCore.App.Ref\9.0.11\ref\net9.0\Microsoft.AspNetCore.SignalR.Common.dll".
             Reference found at search path location "{RawFileName}".
             This reference is not "CopyLocal" because at least one source item had "Private" set to "false" and no source items had "Private" set to "true".
         Primary reference "Microsoft.AspNetCore.SignalR.Core, Version=9.0.0.0, Culture=neutral, PublicKeyToken=adb9793829ddae60".
             Resolved file path is "C:\Program Files\dotnet\packs\Microsoft.AspNetCore.App.Ref\9.0.11\ref\net9.0\Microsoft.AspNetCore.SignalR.Core.dll".
             Reference found at search path location "{RawFileName}".
             This reference is not "CopyLocal" because at least one source item had "Private" set to "false" and no source items had "Private" set to "true".
         Primary reference "Microsoft.AspNetCore.SignalR.Protocols.Json, Version=9.0.0.0, Culture=neutral, PublicKeyToken=adb9793829ddae60".
             Resolved file path is "C:\Program Files\dotnet\packs\Microsoft.AspNetCore.App.Ref\9.0.11\ref\net9.0\Microsoft.AspNetCore.SignalR.Protocols.Json.dll".
             Reference found at search path location "{RawFileName}".
             This reference is not "CopyLocal" because at least one source item had "Private" set to "false" and no source items had "Private" set to "true".
         Primary reference "Microsoft.AspNetCore.SignalR, Version=9.0.0.0, Culture=neutral, PublicKeyToken=adb9793829ddae60".
             Resolved file path is "C:\Program Files\dotnet\packs\Microsoft.AspNetCore.App.Ref\9.0.11\ref\net9.0\Microsoft.AspNetCore.SignalR.dll".
             Reference found at search path location "{RawFileName}".
             This reference is not "CopyLocal" because at least one source item had "Private" set to "false" and no source items had "Private" set to "true".
         Primary reference "Microsoft.AspNetCore.StaticAssets, Version=9.0.0.0, Culture=neutral, PublicKeyToken=adb9793829ddae60".
             Resolved file path is "C:\Program Files\dotnet\packs\Microsoft.AspNetCore.App.Ref\9.0.11\ref\net9.0\Microsoft.AspNetCore.StaticAssets.dll".
             Reference found at search path location "{RawFileName}".
             This reference is not "CopyLocal" because at least one source item had "Private" set to "false" and no source items had "Private" set to "true".
         Primary reference "Microsoft.AspNetCore.StaticFiles, Version=9.0.0.0, Culture=neutral, PublicKeyToken=adb9793829ddae60".
             Resolved file path is "C:\Program Files\dotnet\packs\Microsoft.AspNetCore.App.Ref\9.0.11\ref\net9.0\Microsoft.AspNetCore.StaticFiles.dll".
             Reference found at search path location "{RawFileName}".
             This reference is not "CopyLocal" because at least one source item had "Private" set to "false" and no source items had "Private" set to "true".
         Primary reference "Microsoft.AspNetCore.WebSockets, Version=9.0.0.0, Culture=neutral, PublicKeyToken=adb9793829ddae60".
             Resolved file path is "C:\Program Files\dotnet\packs\Microsoft.AspNetCore.App.Ref\9.0.11\ref\net9.0\Microsoft.AspNetCore.WebSockets.dll".
             Reference found at search path location "{RawFileName}".
             This reference is not "CopyLocal" because at least one source item had "Private" set to "false" and no source items had "Private" set to "true".
         Primary reference "Microsoft.AspNetCore.WebUtilities, Version=9.0.0.0, Culture=neutral, PublicKeyToken=adb9793829ddae60".
             Resolved file path is "C:\Program Files\dotnet\packs\Microsoft.AspNetCore.App.Ref\9.0.11\ref\net9.0\Microsoft.AspNetCore.WebUtilities.dll".
             Reference found at search path location "{RawFileName}".
             This reference is not "CopyLocal" because at least one source item had "Private" set to "false" and no source items had "Private" set to "true".
         Primary reference "Microsoft.AspNetCore, Version=9.0.0.0, Culture=neutral, PublicKeyToken=adb9793829ddae60".
             Resolved file path is "C:\Program Files\dotnet\packs\Microsoft.AspNetCore.App.Ref\9.0.11\ref\net9.0\Microsoft.AspNetCore.dll".
             Reference found at search path location "{RawFileName}".
             This reference is not "CopyLocal" because at least one source item had "Private" set to "false" and no source items had "Private" set to "true".
         Primary reference "Microsoft.Extensions.Caching.Abstractions, Version=9.0.0.0, Culture=neutral, PublicKeyToken=adb9793829ddae60".
             Resolved file path is "C:\Program Files\dotnet\packs\Microsoft.AspNetCore.App.Ref\9.0.11\ref\net9.0\Microsoft.Extensions.Caching.Abstractions.dll".
             Reference found at search path location "{RawFileName}".
             This reference is not "CopyLocal" because at least one source item had "Private" set to "false" and no source items had "Private" set to "true".
         Primary reference "Microsoft.Extensions.Caching.Memory, Version=9.0.0.0, Culture=neutral, PublicKeyToken=adb9793829ddae60".
             Resolved file path is "C:\Program Files\dotnet\packs\Microsoft.AspNetCore.App.Ref\9.0.11\ref\net9.0\Microsoft.Extensions.Caching.Memory.dll".
             Reference found at search path location "{RawFileName}".
             This reference is not "CopyLocal" because at least one source item had "Private" set to "false" and no source items had "Private" set to "true".
         Primary reference "Microsoft.Extensions.Configuration.Abstractions, Version=9.0.0.0, Culture=neutral, PublicKeyToken=adb9793829ddae60".
             Resolved file path is "C:\Program Files\dotnet\packs\Microsoft.AspNetCore.App.Ref\9.0.11\ref\net9.0\Microsoft.Extensions.Configuration.Abstractions.dll".
             Reference found at search path location "{RawFileName}".
             This reference is not "CopyLocal" because at least one source item had "Private" set to "false" and no source items had "Private" set to "true".
         Primary reference "Microsoft.Extensions.Configuration.Binder, Version=9.0.0.0, Culture=neutral, PublicKeyToken=adb9793829ddae60".
             Resolved file path is "C:\Program Files\dotnet\packs\Microsoft.AspNetCore.App.Ref\9.0.11\ref\net9.0\Microsoft.Extensions.Configuration.Binder.dll".
             Reference found at search path location "{RawFileName}".
             This reference is not "CopyLocal" because at least one source item had "Private" set to "false" and no source items had "Private" set to "true".
         Primary reference "Microsoft.Extensions.Configuration.CommandLine, Version=9.0.0.0, Culture=neutral, PublicKeyToken=adb9793829ddae60".
             Resolved file path is "C:\Program Files\dotnet\packs\Microsoft.AspNetCore.App.Ref\9.0.11\ref\net9.0\Microsoft.Extensions.Configuration.CommandLine.dll".
             Reference found at search path location "{RawFileName}".
             This reference is not "CopyLocal" because at least one source item had "Private" set to "false" and no source items had "Private" set to "true".
         Primary reference "Microsoft.Extensions.Configuration.EnvironmentVariables, Version=9.0.0.0, Culture=neutral, PublicKeyToken=adb9793829ddae60".
             Resolved file path is "C:\Program Files\dotnet\packs\Microsoft.AspNetCore.App.Ref\9.0.11\ref\net9.0\Microsoft.Extensions.Configuration.EnvironmentVariables.dll".
             Reference found at search path location "{RawFileName}".
             This reference is not "CopyLocal" because at least one source item had "Private" set to "false" and no source items had "Private" set to "true".
         Primary reference "Microsoft.Extensions.Configuration.FileExtensions, Version=9.0.0.0, Culture=neutral, PublicKeyToken=adb9793829ddae60".
             Resolved file path is "C:\Program Files\dotnet\packs\Microsoft.AspNetCore.App.Ref\9.0.11\ref\net9.0\Microsoft.Extensions.Configuration.FileExtensions.dll".
             Reference found at search path location "{RawFileName}".
             This reference is not "CopyLocal" because at least one source item had "Private" set to "false" and no source items had "Private" set to "true".
         Primary reference "Microsoft.Extensions.Configuration.Ini, Version=9.0.0.0, Culture=neutral, PublicKeyToken=adb9793829ddae60".
             Resolved file path is "C:\Program Files\dotnet\packs\Microsoft.AspNetCore.App.Ref\9.0.11\ref\net9.0\Microsoft.Extensions.Configuration.Ini.dll".
             Reference found at search path location "{RawFileName}".
             This reference is not "CopyLocal" because at least one source item had "Private" set to "false" and no source items had "Private" set to "true".
         Primary reference "Microsoft.Extensions.Configuration.Json, Version=9.0.0.0, Culture=neutral, PublicKeyToken=adb9793829ddae60".
             Resolved file path is "C:\Program Files\dotnet\packs\Microsoft.AspNetCore.App.Ref\9.0.11\ref\net9.0\Microsoft.Extensions.Configuration.Json.dll".
             Reference found at search path location "{RawFileName}".
             This reference is not "CopyLocal" because at least one source item had "Private" set to "false" and no source items had "Private" set to "true".
         Primary reference "Microsoft.Extensions.Configuration.KeyPerFile, Version=9.0.0.0, Culture=neutral, PublicKeyToken=adb9793829ddae60".
             Resolved file path is "C:\Program Files\dotnet\packs\Microsoft.AspNetCore.App.Ref\9.0.11\ref\net9.0\Microsoft.Extensions.Configuration.KeyPerFile.dll".
             Reference found at search path location "{RawFileName}".
             This reference is not "CopyLocal" because at least one source item had "Private" set to "false" and no source items had "Private" set to "true".
         Primary reference "Microsoft.Extensions.Configuration.UserSecrets, Version=9.0.0.0, Culture=neutral, PublicKeyToken=adb9793829ddae60".
             Resolved file path is "C:\Program Files\dotnet\packs\Microsoft.AspNetCore.App.Ref\9.0.11\ref\net9.0\Microsoft.Extensions.Configuration.UserSecrets.dll".
             Reference found at search path location "{RawFileName}".
             This reference is not "CopyLocal" because at least one source item had "Private" set to "false" and no source items had "Private" set to "true".
         Primary reference "Microsoft.Extensions.Configuration.Xml, Version=9.0.0.0, Culture=neutral, PublicKeyToken=adb9793829ddae60".
             Resolved file path is "C:\Program Files\dotnet\packs\Microsoft.AspNetCore.App.Ref\9.0.11\ref\net9.0\Microsoft.Extensions.Configuration.Xml.dll".
             Reference found at search path location "{RawFileName}".
             This reference is not "CopyLocal" because at least one source item had "Private" set to "false" and no source items had "Private" set to "true".
         Primary reference "Microsoft.Extensions.Configuration, Version=9.0.0.0, Culture=neutral, PublicKeyToken=adb9793829ddae60".
             Resolved file path is "C:\Program Files\dotnet\packs\Microsoft.AspNetCore.App.Ref\9.0.11\ref\net9.0\Microsoft.Extensions.Configuration.dll".
             Reference found at search path location "{RawFileName}".
             This reference is not "CopyLocal" because at least one source item had "Private" set to "false" and no source items had "Private" set to "true".
         Primary reference "Microsoft.Extensions.DependencyInjection.Abstractions, Version=9.0.0.0, Culture=neutral, PublicKeyToken=adb9793829ddae60".
             Resolved file path is "C:\Program Files\dotnet\packs\Microsoft.AspNetCore.App.Ref\9.0.11\ref\net9.0\Microsoft.Extensions.DependencyInjection.Abstractions.dll".
             Reference found at search path location "{RawFileName}".
             This reference is not "CopyLocal" because at least one source item had "Private" set to "false" and no source items had "Private" set to "true".
         Primary reference "Microsoft.Extensions.DependencyInjection, Version=9.0.0.0, Culture=neutral, PublicKeyToken=adb9793829ddae60".
             Resolved file path is "C:\Program Files\dotnet\packs\Microsoft.AspNetCore.App.Ref\9.0.11\ref\net9.0\Microsoft.Extensions.DependencyInjection.dll".
             Reference found at search path location "{RawFileName}".
             This reference is not "CopyLocal" because at least one source item had "Private" set to "false" and no source items had "Private" set to "true".
         Primary reference "Microsoft.Extensions.Diagnostics.Abstractions, Version=9.0.0.0, Culture=neutral, PublicKeyToken=adb9793829ddae60".
             Resolved file path is "C:\Program Files\dotnet\packs\Microsoft.AspNetCore.App.Ref\9.0.11\ref\net9.0\Microsoft.Extensions.Diagnostics.Abstractions.dll".
             Reference found at search path location "{RawFileName}".
             This reference is not "CopyLocal" because at least one source item had "Private" set to "false" and no source items had "Private" set to "true".
         Primary reference "Microsoft.Extensions.Diagnostics.HealthChecks.Abstractions, Version=9.0.0.0, Culture=neutral, PublicKeyToken=adb9793829ddae60".
             Resolved file path is "C:\Program Files\dotnet\packs\Microsoft.AspNetCore.App.Ref\9.0.11\ref\net9.0\Microsoft.Extensions.Diagnostics.HealthChecks.Abstractions.dll".
             Reference found at search path location "{RawFileName}".
             This reference is not "CopyLocal" because at least one source item had "Private" set to "false" and no source items had "Private" set to "true".
         Primary reference "Microsoft.Extensions.Diagnostics.HealthChecks, Version=9.0.0.0, Culture=neutral, PublicKeyToken=adb9793829ddae60".
             Resolved file path is "C:\Program Files\dotnet\packs\Microsoft.AspNetCore.App.Ref\9.0.11\ref\net9.0\Microsoft.Extensions.Diagnostics.HealthChecks.dll".
             Reference found at search path location "{RawFileName}".
             This reference is not "CopyLocal" because at least one source item had "Private" set to "false" and no source items had "Private" set to "true".
         Primary reference "Microsoft.Extensions.Diagnostics, Version=9.0.0.0, Culture=neutral, PublicKeyToken=adb9793829ddae60".
             Resolved file path is "C:\Program Files\dotnet\packs\Microsoft.AspNetCore.App.Ref\9.0.11\ref\net9.0\Microsoft.Extensions.Diagnostics.dll".
             Reference found at search path location "{RawFileName}".
             This reference is not "CopyLocal" because at least one source item had "Private" set to "false" and no source items had "Private" set to "true".
         Primary reference "Microsoft.Extensions.Features, Version=9.0.0.0, Culture=neutral, PublicKeyToken=adb9793829ddae60".
             Resolved file path is "C:\Program Files\dotnet\packs\Microsoft.AspNetCore.App.Ref\9.0.11\ref\net9.0\Microsoft.Extensions.Features.dll".
             Reference found at search path location "{RawFileName}".
             This reference is not "CopyLocal" because at least one source item had "Private" set to "false" and no source items had "Private" set to "true".
         Primary reference "Microsoft.Extensions.FileProviders.Abstractions, Version=9.0.0.0, Culture=neutral, PublicKeyToken=adb9793829ddae60".
             Resolved file path is "C:\Program Files\dotnet\packs\Microsoft.AspNetCore.App.Ref\9.0.11\ref\net9.0\Microsoft.Extensions.FileProviders.Abstractions.dll".
             Reference found at search path location "{RawFileName}".
             This reference is not "CopyLocal" because at least one source item had "Private" set to "false" and no source items had "Private" set to "true".
         Primary reference "Microsoft.Extensions.FileProviders.Composite, Version=9.0.0.0, Culture=neutral, PublicKeyToken=adb9793829ddae60".
             Resolved file path is "C:\Program Files\dotnet\packs\Microsoft.AspNetCore.App.Ref\9.0.11\ref\net9.0\Microsoft.Extensions.FileProviders.Composite.dll".
             Reference found at search path location "{RawFileName}".
             This reference is not "CopyLocal" because at least one source item had "Private" set to "false" and no source items had "Private" set to "true".
         Primary reference "Microsoft.Extensions.FileProviders.Embedded, Version=9.0.0.0, Culture=neutral, PublicKeyToken=adb9793829ddae60".
             Resolved file path is "C:\Program Files\dotnet\packs\Microsoft.AspNetCore.App.Ref\9.0.11\ref\net9.0\Microsoft.Extensions.FileProviders.Embedded.dll".
             Reference found at search path location "{RawFileName}".
             This reference is not "CopyLocal" because at least one source item had "Private" set to "false" and no source items had "Private" set to "true".
         Primary reference "Microsoft.Extensions.FileProviders.Physical, Version=9.0.0.0, Culture=neutral, PublicKeyToken=adb9793829ddae60".
             Resolved file path is "C:\Program Files\dotnet\packs\Microsoft.AspNetCore.App.Ref\9.0.11\ref\net9.0\Microsoft.Extensions.FileProviders.Physical.dll".
             Reference found at search path location "{RawFileName}".
             This reference is not "CopyLocal" because at least one source item had "Private" set to "false" and no source items had "Private" set to "true".
         Primary reference "Microsoft.Extensions.FileSystemGlobbing, Version=9.0.0.0, Culture=neutral, PublicKeyToken=adb9793829ddae60".
             Resolved file path is "C:\Program Files\dotnet\packs\Microsoft.AspNetCore.App.Ref\9.0.11\ref\net9.0\Microsoft.Extensions.FileSystemGlobbing.dll".
             Reference found at search path location "{RawFileName}".
             This reference is not "CopyLocal" because at least one source item had "Private" set to "false" and no source items had "Private" set to "true".
         Primary reference "Microsoft.Extensions.Hosting.Abstractions, Version=9.0.0.0, Culture=neutral, PublicKeyToken=adb9793829ddae60".
             Resolved file path is "C:\Program Files\dotnet\packs\Microsoft.AspNetCore.App.Ref\9.0.11\ref\net9.0\Microsoft.Extensions.Hosting.Abstractions.dll".
             Reference found at search path location "{RawFileName}".
             This reference is not "CopyLocal" because at least one source item had "Private" set to "false" and no source items had "Private" set to "true".
         Primary reference "Microsoft.Extensions.Hosting, Version=9.0.0.0, Culture=neutral, PublicKeyToken=adb9793829ddae60".
             Resolved file path is "C:\Program Files\dotnet\packs\Microsoft.AspNetCore.App.Ref\9.0.11\ref\net9.0\Microsoft.Extensions.Hosting.dll".
             Reference found at search path location "{RawFileName}".
             This reference is not "CopyLocal" because at least one source item had "Private" set to "false" and no source items had "Private" set to "true".
         Primary reference "Microsoft.Extensions.Http, Version=9.0.0.0, Culture=neutral, PublicKeyToken=adb9793829ddae60".
             Resolved file path is "C:\Program Files\dotnet\packs\Microsoft.AspNetCore.App.Ref\9.0.11\ref\net9.0\Microsoft.Extensions.Http.dll".
             Reference found at search path location "{RawFileName}".
             This reference is not "CopyLocal" because at least one source item had "Private" set to "false" and no source items had "Private" set to "true".
         Primary reference "Microsoft.Extensions.Identity.Core, Version=9.0.0.0, Culture=neutral, PublicKeyToken=adb9793829ddae60".
             Resolved file path is "C:\Program Files\dotnet\packs\Microsoft.AspNetCore.App.Ref\9.0.11\ref\net9.0\Microsoft.Extensions.Identity.Core.dll".
             Reference found at search path location "{RawFileName}".
             This reference is not "CopyLocal" because at least one source item had "Private" set to "false" and no source items had "Private" set to "true".
         Primary reference "Microsoft.Extensions.Identity.Stores, Version=9.0.0.0, Culture=neutral, PublicKeyToken=adb9793829ddae60".
             Resolved file path is "C:\Program Files\dotnet\packs\Microsoft.AspNetCore.App.Ref\9.0.11\ref\net9.0\Microsoft.Extensions.Identity.Stores.dll".
             Reference found at search path location "{RawFileName}".
             This reference is not "CopyLocal" because at least one source item had "Private" set to "false" and no source items had "Private" set to "true".
         Primary reference "Microsoft.Extensions.Localization.Abstractions, Version=9.0.0.0, Culture=neutral, PublicKeyToken=adb9793829ddae60".
             Resolved file path is "C:\Program Files\dotnet\packs\Microsoft.AspNetCore.App.Ref\9.0.11\ref\net9.0\Microsoft.Extensions.Localization.Abstractions.dll".
             Reference found at search path location "{RawFileName}".
             This reference is not "CopyLocal" because at least one source item had "Private" set to "false" and no source items had "Private" set to "true".
         Primary reference "Microsoft.Extensions.Localization, Version=9.0.0.0, Culture=neutral, PublicKeyToken=adb9793829ddae60".
             Resolved file path is "C:\Program Files\dotnet\packs\Microsoft.AspNetCore.App.Ref\9.0.11\ref\net9.0\Microsoft.Extensions.Localization.dll".
             Reference found at search path location "{RawFileName}".
             This reference is not "CopyLocal" because at least one source item had "Private" set to "false" and no source items had "Private" set to "true".
         Primary reference "Microsoft.Extensions.Logging.Abstractions, Version=9.0.0.0, Culture=neutral, PublicKeyToken=adb9793829ddae60".
             Resolved file path is "C:\Program Files\dotnet\packs\Microsoft.AspNetCore.App.Ref\9.0.11\ref\net9.0\Microsoft.Extensions.Logging.Abstractions.dll".
             Reference found at search path location "{RawFileName}".
             This reference is not "CopyLocal" because at least one source item had "Private" set to "false" and no source items had "Private" set to "true".
         Primary reference "Microsoft.Extensions.Logging.Configuration, Version=9.0.0.0, Culture=neutral, PublicKeyToken=adb9793829ddae60".
             Resolved file path is "C:\Program Files\dotnet\packs\Microsoft.AspNetCore.App.Ref\9.0.11\ref\net9.0\Microsoft.Extensions.Logging.Configuration.dll".
             Reference found at search path location "{RawFileName}".
             This reference is not "CopyLocal" because at least one source item had "Private" set to "false" and no source items had "Private" set to "true".
         Primary reference "Microsoft.Extensions.Logging.Console, Version=9.0.0.0, Culture=neutral, PublicKeyToken=adb9793829ddae60".
             Resolved file path is "C:\Program Files\dotnet\packs\Microsoft.AspNetCore.App.Ref\9.0.11\ref\net9.0\Microsoft.Extensions.Logging.Console.dll".
             Reference found at search path location "{RawFileName}".
             This reference is not "CopyLocal" because at least one source item had "Private" set to "false" and no source items had "Private" set to "true".
         Primary reference "Microsoft.Extensions.Logging.Debug, Version=9.0.0.0, Culture=neutral, PublicKeyToken=adb9793829ddae60".
             Resolved file path is "C:\Program Files\dotnet\packs\Microsoft.AspNetCore.App.Ref\9.0.11\ref\net9.0\Microsoft.Extensions.Logging.Debug.dll".
             Reference found at search path location "{RawFileName}".
             This reference is not "CopyLocal" because at least one source item had "Private" set to "false" and no source items had "Private" set to "true".
         Primary reference "Microsoft.Extensions.Logging.EventLog, Version=9.0.0.0, Culture=neutral, PublicKeyToken=adb9793829ddae60".
             Resolved file path is "C:\Program Files\dotnet\packs\Microsoft.AspNetCore.App.Ref\9.0.11\ref\net9.0\Microsoft.Extensions.Logging.EventLog.dll".
             Reference found at search path location "{RawFileName}".
             This reference is not "CopyLocal" because at least one source item had "Private" set to "false" and no source items had "Private" set to "true".
         Primary reference "Microsoft.Extensions.Logging.EventSource, Version=9.0.0.0, Culture=neutral, PublicKeyToken=adb9793829ddae60".
             Resolved file path is "C:\Program Files\dotnet\packs\Microsoft.AspNetCore.App.Ref\9.0.11\ref\net9.0\Microsoft.Extensions.Logging.EventSource.dll".
             Reference found at search path location "{RawFileName}".
             This reference is not "CopyLocal" because at least one source item had "Private" set to "false" and no source items had "Private" set to "true".
         Primary reference "Microsoft.Extensions.Logging.TraceSource, Version=9.0.0.0, Culture=neutral, PublicKeyToken=adb9793829ddae60".
             Resolved file path is "C:\Program Files\dotnet\packs\Microsoft.AspNetCore.App.Ref\9.0.11\ref\net9.0\Microsoft.Extensions.Logging.TraceSource.dll".
             Reference found at search path location "{RawFileName}".
             This reference is not "CopyLocal" because at least one source item had "Private" set to "false" and no source items had "Private" set to "true".
         Primary reference "Microsoft.Extensions.Logging, Version=9.0.0.0, Culture=neutral, PublicKeyToken=adb9793829ddae60".
             Resolved file path is "C:\Program Files\dotnet\packs\Microsoft.AspNetCore.App.Ref\9.0.11\ref\net9.0\Microsoft.Extensions.Logging.dll".
             Reference found at search path location "{RawFileName}".
             This reference is not "CopyLocal" because at least one source item had "Private" set to "false" and no source items had "Private" set to "true".
         Primary reference "Microsoft.Extensions.ObjectPool, Version=9.0.0.0, Culture=neutral, PublicKeyToken=adb9793829ddae60".
             Resolved file path is "C:\Program Files\dotnet\packs\Microsoft.AspNetCore.App.Ref\9.0.11\ref\net9.0\Microsoft.Extensions.ObjectPool.dll".
             Reference found at search path location "{RawFileName}".
             This reference is not "CopyLocal" because at least one source item had "Private" set to "false" and no source items had "Private" set to "true".
         Primary reference "Microsoft.Extensions.Options.ConfigurationExtensions, Version=9.0.0.0, Culture=neutral, PublicKeyToken=adb9793829ddae60".
             Resolved file path is "C:\Program Files\dotnet\packs\Microsoft.AspNetCore.App.Ref\9.0.11\ref\net9.0\Microsoft.Extensions.Options.ConfigurationExtensions.dll".
             Reference found at search path location "{RawFileName}".
             This reference is not "CopyLocal" because at least one source item had "Private" set to "false" and no source items had "Private" set to "true".
         Primary reference "Microsoft.Extensions.Options.DataAnnotations, Version=9.0.0.0, Culture=neutral, PublicKeyToken=adb9793829ddae60".
             Resolved file path is "C:\Program Files\dotnet\packs\Microsoft.AspNetCore.App.Ref\9.0.11\ref\net9.0\Microsoft.Extensions.Options.DataAnnotations.dll".
             Reference found at search path location "{RawFileName}".
             This reference is not "CopyLocal" because at least one source item had "Private" set to "false" and no source items had "Private" set to "true".
         Primary reference "Microsoft.Extensions.Options, Version=9.0.0.0, Culture=neutral, PublicKeyToken=adb9793829ddae60".
             Resolved file path is "C:\Program Files\dotnet\packs\Microsoft.AspNetCore.App.Ref\9.0.11\ref\net9.0\Microsoft.Extensions.Options.dll".
             Reference found at search path location "{RawFileName}".
             This reference is not "CopyLocal" because at least one source item had "Private" set to "false" and no source items had "Private" set to "true".
         Primary reference "Microsoft.Extensions.Primitives, Version=9.0.0.0, Culture=neutral, PublicKeyToken=adb9793829ddae60".
             Resolved file path is "C:\Program Files\dotnet\packs\Microsoft.AspNetCore.App.Ref\9.0.11\ref\net9.0\Microsoft.Extensions.Primitives.dll".
             Reference found at search path location "{RawFileName}".
             This reference is not "CopyLocal" because at least one source item had "Private" set to "false" and no source items had "Private" set to "true".
         Primary reference "Microsoft.Extensions.WebEncoders, Version=9.0.0.0, Culture=neutral, PublicKeyToken=adb9793829ddae60".
             Resolved file path is "C:\Program Files\dotnet\packs\Microsoft.AspNetCore.App.Ref\9.0.11\ref\net9.0\Microsoft.Extensions.WebEncoders.dll".
             Reference found at search path location "{RawFileName}".
             This reference is not "CopyLocal" because at least one source item had "Private" set to "false" and no source items had "Private" set to "true".
         Primary reference "Microsoft.JSInterop, Version=9.0.0.0, Culture=neutral, PublicKeyToken=adb9793829ddae60".
             Resolved file path is "C:\Program Files\dotnet\packs\Microsoft.AspNetCore.App.Ref\9.0.11\ref\net9.0\Microsoft.JSInterop.dll".
             Reference found at search path location "{RawFileName}".
             This reference is not "CopyLocal" because at least one source item had "Private" set to "false" and no source items had "Private" set to "true".
         Primary reference "Microsoft.Net.Http.Headers, Version=9.0.0.0, Culture=neutral, PublicKeyToken=adb9793829ddae60".
             Resolved file path is "C:\Program Files\dotnet\packs\Microsoft.AspNetCore.App.Ref\9.0.11\ref\net9.0\Microsoft.Net.Http.Headers.dll".
             Reference found at search path location "{RawFileName}".
             This reference is not "CopyLocal" because at least one source item had "Private" set to "false" and no source items had "Private" set to "true".
         Primary reference "System.Diagnostics.EventLog, Version=9.0.0.0, Culture=neutral, PublicKeyToken=cc7b13ffcd2ddd51".
             Resolved file path is "C:\Program Files\dotnet\packs\Microsoft.AspNetCore.App.Ref\9.0.11\ref\net9.0\System.Diagnostics.EventLog.dll".
             Reference found at search path location "{RawFileName}".
             This reference is not "CopyLocal" because at least one source item had "Private" set to "false" and no source items had "Private" set to "true".
         Primary reference "System.Security.Cryptography.Xml, Version=9.0.0.0, Culture=neutral, PublicKeyToken=cc7b13ffcd2ddd51".
             Resolved file path is "C:\Program Files\dotnet\packs\Microsoft.AspNetCore.App.Ref\9.0.11\ref\net9.0\System.Security.Cryptography.Xml.dll".
             Reference found at search path location "{RawFileName}".
             This reference is not "CopyLocal" because at least one source item had "Private" set to "false" and no source items had "Private" set to "true".
         Primary reference "System.Threading.RateLimiting, Version=9.0.0.0, Culture=neutral, PublicKeyToken=cc7b13ffcd2ddd51".
             Resolved file path is "C:\Program Files\dotnet\packs\Microsoft.AspNetCore.App.Ref\9.0.11\ref\net9.0\System.Threading.RateLimiting.dll".
             Reference found at search path location "{RawFileName}".
             This reference is not "CopyLocal" because at least one source item had "Private" set to "false" and no source items had "Private" set to "true".
       Done executing task "ResolveAssemblyReference".
   1:7>Done building target "ResolveAssemblyReferences" in project "FreshProduce.Api.csproj".
   1:7>Target "AfterResolveReferences" in file "C:\Program Files\dotnet\sdk\10.0.101\Microsoft.Common.CurrentVersion.targets" from project "D:\P.L\Flutter\fresh_produce_app\FreshProduce.Api\FreshProduce.Api.csproj" (target "ResolveReferences" depends on it):
   1:7>Done building target "AfterResolveReferences" in project "FreshProduce.Api.csproj".
   1:7>Target "ResolveReferences" in file "C:\Program Files\dotnet\sdk\10.0.101\Microsoft.Common.CurrentVersion.targets" from project "D:\P.L\Flutter\fresh_produce_app\FreshProduce.Api\FreshProduce.Api.csproj" (target "_BlockWinMDsOnUnsupportedTFMs" depends on it):
   1:7>Done building target "ResolveReferences" in project "FreshProduce.Api.csproj".
   1:7>Target "_BlockWinMDsOnUnsupportedTFMs" in file "C:\Program Files\dotnet\sdk\10.0.101\Sdks\Microsoft.NET.Sdk\targets\Microsoft.NET.Sdk.targets" from project "D:\P.L\Flutter\fresh_produce_app\FreshProduce.Api\FreshProduce.Api.csproj" (target "CoreBuild" depends on it):
       Using "CheckForUnsupportedWinMDReferences" task from assembly "C:\Program Files\dotnet\sdk\10.0.101\Sdks\Microsoft.NET.Sdk\targets\..\tools\net10.0\Microsoft.NET.Build.Tasks.dll".
       Task "CheckForUnsupportedWinMDReferences"
       Done executing task "CheckForUnsupportedWinMDReferences".
   1:7>Done building target "_BlockWinMDsOnUnsupportedTFMs" in project "FreshProduce.Api.csproj".
       Target "ResolveReferences" skipped. Previously built successfully.
       Target "ResolvePackageDependenciesForBuild" skipped. Previously built successfully.
       Target "_HandlePackageFileConflicts" skipped. Previously built successfully.
   1:7>Target "CopyAdditionalFiles" in file "C:\Program Files\dotnet\sdk\10.0.101\Roslyn\Microsoft.Managed.Core.targets" from project "D:\P.L\Flutter\fresh_produce_app\FreshProduce.Api\FreshProduce.Api.csproj" (target "AssignTargetPaths" depends on it):
   1:7>Done building target "CopyAdditionalFiles" in project "FreshProduce.Api.csproj".
       Target "ResolvePackageAssets" skipped. Previously built successfully.
       Target "ResolveFrameworkReferences" skipped. Previously built successfully.
   1:7>Target "_GetAppHostPaths" in file "C:\Program Files\dotnet\sdk\10.0.101\Sdks\Microsoft.NET.Sdk\targets\Microsoft.NET.Sdk.targets" from project "D:\P.L\Flutter\fresh_produce_app\FreshProduce.Api\FreshProduce.Api.csproj" (target "_ComputeNETCoreBuildOutputFiles" depends on it):
   1:7>Done building target "_GetAppHostPaths" in project "FreshProduce.Api.csproj".
   1:7>Target "_GetAppHostCreationConfiguration" in file "C:\Program Files\dotnet\sdk\10.0.101\Sdks\Microsoft.NET.Sdk\targets\Microsoft.NET.Sdk.targets" from project "D:\P.L\Flutter\fresh_produce_app\FreshProduce.Api\FreshProduce.Api.csproj" (target "_ComputeNETCoreBuildOutputFiles" depends on it):
   1:7>Done building target "_GetAppHostCreationConfiguration" in project "FreshProduce.Api.csproj".
   1:7>Target "_ComputeNETCoreBuildOutputFiles" in file "C:\Program Files\dotnet\sdk\10.0.101\Sdks\Microsoft.NET.Sdk\targets\Microsoft.NET.Sdk.targets" from project "D:\P.L\Flutter\fresh_produce_app\FreshProduce.Api\FreshProduce.Api.csproj" (target "AssignTargetPaths" depends on it):
   1:7>Done building target "_ComputeNETCoreBuildOutputFiles" in project "FreshProduce.Api.csproj".
   1:7>Target "ResolveStaticWebAssetsConfiguration" in file "C:\Program Files\dotnet\sdk\10.0.101\Sdks\Microsoft.NET.Sdk.StaticWebAssets\targets\Microsoft.NET.Sdk.StaticWebAssets.targets" from project "D:\P.L\Flutter\fresh_produce_app\FreshProduce.Api\FreshProduce.Api.csproj" (target "ResolveProjectStaticWebAssets" depends on it):
   1:7>Done building target "ResolveStaticWebAssetsConfiguration" in project "FreshProduce.Api.csproj".
   1:7>Target "UpdateExistingPackageStaticWebAssets" in file "C:\Program Files\dotnet\sdk\10.0.101\Sdks\Microsoft.NET.Sdk.StaticWebAssets\targets\Microsoft.NET.Sdk.StaticWebAssets.targets" from project "D:\P.L\Flutter\fresh_produce_app\FreshProduce.Api\FreshProduce.Api.csproj" (target "ResolveProjectStaticWebAssets" depends on it):
       Using "UpdatePackageStaticWebAssets" task from assembly "C:\Program Files\dotnet\sdk\10.0.101\Sdks\Microsoft.NET.Sdk.StaticWebAssets\targets\..\tasks\net10.0\Microsoft.NET.Sdk.StaticWebAssets.Tasks.dll".
       Task "UpdatePackageStaticWebAssets"
       Done executing task "UpdatePackageStaticWebAssets".
       Using "DefineStaticWebAssetEndpoints" task from assembly "C:\Program Files\dotnet\sdk\10.0.101\Sdks\Microsoft.NET.Sdk.StaticWebAssets\targets\..\tasks\net10.0\Microsoft.NET.Sdk.StaticWebAssets.Tasks.dll".
       Task "DefineStaticWebAssetEndpoints"
       Done executing task "DefineStaticWebAssetEndpoints".
   1:7>Done building target "UpdateExistingPackageStaticWebAssets" in project "FreshProduce.Api.csproj".
   1:7>Target "ResolveProjectStaticWebAssets" in file "C:\Program Files\dotnet\sdk\10.0.101\Sdks\Microsoft.NET.Sdk.StaticWebAssets\targets\Microsoft.NET.Sdk.StaticWebAssets.targets" from project "D:\P.L\Flutter\fresh_produce_app\FreshProduce.Api\FreshProduce.Api.csproj" (target "AssignTargetPaths" depends on it):
       Using "DefineStaticWebAssets" task from assembly "C:\Program Files\dotnet\sdk\10.0.101\Sdks\Microsoft.NET.Sdk.StaticWebAssets\targets\..\tasks\net10.0\Microsoft.NET.Sdk.StaticWebAssets.Tasks.dll".
       Task "DefineStaticWebAssets"
         Assembly loaded during TaskRun (Microsoft.AspNetCore.StaticWebAssets.Tasks.DefineStaticWebAssets): System.Text.Encodings.Web, Version=10.0.0.0, Culture=neutral, PublicKeyToken=cc7b13ffcd2ddd51 (location: C:\Program Files\dotnet\shared\Microsoft.NETCore.App\10.0.1\System.Text.Encodings.Web.dll, MVID: 989cf696-308d-45ef-a7d8-f629ee2e0d57, AssemblyLoadContext: Default)
         Cache is fully up to date.
       Done executing task "DefineStaticWebAssets".
       Task "DefineStaticWebAssetEndpoints"
         No match for assets/NOTICES. Using default content type 'application/octet-stream'
         No match for admin/assets/NOTICES. Using default content type 'application/octet-stream'
         No match for admin/.last_build_id. Using default content type 'application/octet-stream'
         No match for admin/canvaskit/canvaskit.js.symbols. Using default content type 'application/octet-stream'
         No match for .last_build_id. Using default content type 'application/octet-stream'
         No match for admin/assets/shaders/stretch_effect.frag. Using default content type 'application/octet-stream'
         No match for canvaskit/skwasm.js.symbols. Using default content type 'application/octet-stream'
         No match for canvaskit/skwasm_heavy.js.symbols. Using default content type 'application/octet-stream'
         No match for canvaskit/chromium/canvaskit.js.symbols. Using default content type 'application/octet-stream'
         No match for admin/canvaskit/chromium/canvaskit.js.symbols. Using default content type 'application/octet-stream'
         No match for admin/canvaskit/skwasm.js.symbols. Using default content type 'application/octet-stream'
         No match for admin/canvaskit/skwasm_heavy.js.symbols. Using default content type 'application/octet-stream'
         No match for canvaskit/canvaskit.js.symbols. Using default content type 'application/octet-stream'
         No match for assets/shaders/stretch_effect.frag. Using default content type 'application/octet-stream'
         No match for assets/shaders/ink_sparkle.frag. Using default content type 'application/octet-stream'
         No match for admin/assets/shaders/ink_sparkle.frag. Using default content type 'application/octet-stream'
         Matched admin/assets/fonts/MaterialIcons-Regular.otf to font/otf using pattern *.otf
         Matched admin/icons/Icon-192.png to image/png using pattern *.png
         Matched admin/canvaskit/skwasm_heavy.wasm to application/wasm using pattern *.wasm
         Matched admin/version.json to application/json using pattern *.json
         Matched admin/canvaskit/chromium/canvaskit.wasm to application/wasm using pattern *.wasm
         Matched admin/assets/AssetManifest.bin.json to application/json using pattern *.json
         Matched assets/AssetManifest.json to application/json using pattern *.json
         Matched canvaskit/canvaskit.wasm to application/wasm using pattern *.wasm
         Matched icons/Icon-192.png to image/png using pattern *.png
         Matched admin/canvaskit/canvaskit.wasm to application/wasm using pattern *.wasm
         Matched canvaskit/chromium/canvaskit.wasm to application/wasm using pattern *.wasm
         Matched admin/flutter.js to text/javascript using pattern *.js
         Matched admin/flutter_bootstrap.js to text/javascript using pattern *.js
         Matched admin/icons/Icon-512.png to image/png using pattern *.png
         Matched flutter.js to text/javascript using pattern *.js
         Matched assets/AssetManifest.bin.json to application/json using pattern *.json
         Matched admin/icons/Icon-maskable-512.png to image/png using pattern *.png
         Matched admin/manifest.json to application/json using pattern *.json
         Matched canvaskit/skwasm.wasm to application/wasm using pattern *.wasm
         Matched assets/fonts/MaterialIcons-Regular.otf to font/otf using pattern *.otf
         Matched admin/index.html to text/html using pattern *.html
         Matched admin/assets/AssetManifest.json to application/json using pattern *.json
         Matched admin/canvaskit/skwasm.wasm to application/wasm using pattern *.wasm
         Matched manifest.json to application/json using pattern *.json
         Matched icons/Icon-maskable-512.png to image/png using pattern *.png
         Adding endpoint canvaskit/chromium/canvaskit.wasm for asset D:\P.L\Flutter\fresh_produce_app\FreshProduce.Api\wwwroot\canvaskit\chromium\canvaskit.wasm.
         Adding endpoint admin/icons/Icon-maskable-512.png for asset D:\P.L\Flutter\fresh_produce_app\FreshProduce.Api\wwwroot\admin\icons\Icon-maskable-512.png.
         Adding endpoint admin/icons/Icon-512.png for asset D:\P.L\Flutter\fresh_produce_app\FreshProduce.Api\wwwroot\admin\icons\Icon-512.png.
         Adding endpoint canvaskit/skwasm.wasm for asset D:\P.L\Flutter\fresh_produce_app\FreshProduce.Api\wwwroot\canvaskit\skwasm.wasm.
         Adding endpoint admin/assets/AssetManifest.json for asset D:\P.L\Flutter\fresh_produce_app\FreshProduce.Api\wwwroot\admin\assets\AssetManifest.json.
         Adding endpoint admin/canvaskit/canvaskit.js.symbols for asset D:\P.L\Flutter\fresh_produce_app\FreshProduce.Api\wwwroot\admin\canvaskit\canvaskit.js.symbols.
         Adding endpoint assets/shaders/ink_sparkle.frag for asset D:\P.L\Flutter\fresh_produce_app\FreshProduce.Api\wwwroot\assets\shaders\ink_sparkle.frag.
         Adding endpoint admin/flutter_bootstrap.js for asset D:\P.L\Flutter\fresh_produce_app\FreshProduce.Api\wwwroot\admin\flutter_bootstrap.js.
         Adding endpoint admin/.last_build_id for asset D:\P.L\Flutter\fresh_produce_app\FreshProduce.Api\wwwroot\admin\.last_build_id.
         Adding endpoint canvaskit/chromium/canvaskit.js.symbols for asset D:\P.L\Flutter\fresh_produce_app\FreshProduce.Api\wwwroot\canvaskit\chromium\canvaskit.js.symbols.
         Adding endpoint assets/shaders/stretch_effect.frag for asset D:\P.L\Flutter\fresh_produce_app\FreshProduce.Api\wwwroot\assets\shaders\stretch_effect.frag.
         Matched canvaskit/chromium/canvaskit.wasm to application/wasm using pattern *.wasm
         Adding endpoint admin/canvaskit/skwasm.wasm for asset D:\P.L\Flutter\fresh_produce_app\FreshProduce.Api\wwwroot\admin\canvaskit\skwasm.wasm.
         Adding endpoint admin/version.json for asset D:\P.L\Flutter\fresh_produce_app\FreshProduce.Api\wwwroot\admin\version.json.
         Adding endpoint admin/canvaskit/chromium/canvaskit.js.symbols for asset D:\P.L\Flutter\fresh_produce_app\FreshProduce.Api\wwwroot\admin\canvaskit\chromium\canvaskit.js.symbols.
         Adding endpoint .last_build_id for asset D:\P.L\Flutter\fresh_produce_app\FreshProduce.Api\wwwroot\.last_build_id.
         Matched canvaskit/skwasm.wasm to application/wasm using pattern *.wasm
         Matched admin/icons/Icon-512.png to image/png using pattern *.png
         Adding endpoint assets/AssetManifest.json for asset D:\P.L\Flutter\fresh_produce_app\FreshProduce.Api\wwwroot\assets\AssetManifest.json.
         Adding endpoint admin/assets/AssetManifest.bin.json for asset D:\P.L\Flutter\fresh_produce_app\FreshProduce.Api\wwwroot\admin\assets\AssetManifest.bin.json.
         Adding endpoint admin/canvaskit/skwasm_heavy.js.symbols for asset D:\P.L\Flutter\fresh_produce_app\FreshProduce.Api\wwwroot\admin\canvaskit\skwasm_heavy.js.symbols.
         Adding endpoint admin/assets/shaders/stretch_effect.frag for asset D:\P.L\Flutter\fresh_produce_app\FreshProduce.Api\wwwroot\admin\assets\shaders\stretch_effect.frag.
         No match for canvaskit/chromium/canvaskit.js.symbols. Using default content type 'application/octet-stream'
         No match for assets/shaders/stretch_effect.frag. Using default content type 'application/octet-stream'
         No match for admin/assets/shaders/stretch_effect.frag. Using default content type 'application/octet-stream'
         Adding endpoint admin/canvaskit/skwasm.js.symbols for asset D:\P.L\Flutter\fresh_produce_app\FreshProduce.Api\wwwroot\admin\canvaskit\skwasm.js.symbols.
         Adding endpoint admin/index.html for asset D:\P.L\Flutter\fresh_produce_app\FreshProduce.Api\wwwroot\admin\index.html.
         No match for admin/canvaskit/skwasm.js.symbols. Using default content type 'application/octet-stream'
         Adding endpoint assets/AssetManifest.bin.json for asset D:\P.L\Flutter\fresh_produce_app\FreshProduce.Api\wwwroot\assets\AssetManifest.bin.json.
         Matched admin/index.html to text/html using pattern *.html
         Adding endpoint admin/icons/Icon-192.png for asset D:\P.L\Flutter\fresh_produce_app\FreshProduce.Api\wwwroot\admin\icons\Icon-192.png.
         Matched assets/AssetManifest.json to application/json using pattern *.json
         Matched assets/AssetManifest.bin.json to application/json using pattern *.json
         Matched admin/icons/Icon-192.png to image/png using pattern *.png
         Adding endpoint admin/flutter.js for asset D:\P.L\Flutter\fresh_produce_app\FreshProduce.Api\wwwroot\admin\flutter.js.
         Adding endpoint manifest.json for asset D:\P.L\Flutter\fresh_produce_app\FreshProduce.Api\wwwroot\manifest.json.
         Matched admin/flutter.js to text/javascript using pattern *.js
         Adding endpoint admin/canvaskit/canvaskit.wasm for asset D:\P.L\Flutter\fresh_produce_app\FreshProduce.Api\wwwroot\admin\canvaskit\canvaskit.wasm.
         Matched admin/canvaskit/canvaskit.wasm to application/wasm using pattern *.wasm
         Adding endpoint canvaskit/canvaskit.js.symbols for asset D:\P.L\Flutter\fresh_produce_app\FreshProduce.Api\wwwroot\canvaskit\canvaskit.js.symbols.
         Adding endpoint canvaskit/skwasm_heavy.js.symbols for asset D:\P.L\Flutter\fresh_produce_app\FreshProduce.Api\wwwroot\canvaskit\skwasm_heavy.js.symbols.
         Matched manifest.json to application/json using pattern *.json
         Adding endpoint admin/canvaskit/chromium/canvaskit.wasm for asset D:\P.L\Flutter\fresh_produce_app\FreshProduce.Api\wwwroot\admin\canvaskit\chromium\canvaskit.wasm.
         Adding endpoint icons/Icon-maskable-512.png for asset D:\P.L\Flutter\fresh_produce_app\FreshProduce.Api\wwwroot\icons\Icon-maskable-512.png.
         No match for canvaskit/canvaskit.js.symbols. Using default content type 'application/octet-stream'
         Matched admin/canvaskit/chromium/canvaskit.wasm to application/wasm using pattern *.wasm
         Adding endpoint admin/assets/shaders/ink_sparkle.frag for asset D:\P.L\Flutter\fresh_produce_app\FreshProduce.Api\wwwroot\admin\assets\shaders\ink_sparkle.frag.
         No match for canvaskit/skwasm_heavy.js.symbols. Using default content type 'application/octet-stream'
         No match for admin/assets/shaders/ink_sparkle.frag. Using default content type 'application/octet-stream'
         Adding endpoint canvaskit/canvaskit.wasm for asset D:\P.L\Flutter\fresh_produce_app\FreshProduce.Api\wwwroot\canvaskit\canvaskit.wasm.
         Matched icons/Icon-maskable-512.png to image/png using pattern *.png
         Matched admin/icons/Icon-maskable-512.png to image/png using pattern *.png
         Matched canvaskit/canvaskit.wasm to application/wasm using pattern *.wasm
         Adding endpoint admin/assets/fonts/MaterialIcons-Regular.otf for asset D:\P.L\Flutter\fresh_produce_app\FreshProduce.Api\wwwroot\admin\assets\fonts\MaterialIcons-Regular.otf.
         Adding endpoint assets/NOTICES for asset D:\P.L\Flutter\fresh_produce_app\FreshProduce.Api\wwwroot\assets\NOTICES.
         Matched admin/assets/fonts/MaterialIcons-Regular.otf to font/otf using pattern *.otf
         Adding endpoint admin/manifest.json for asset D:\P.L\Flutter\fresh_produce_app\FreshProduce.Api\wwwroot\admin\manifest.json.
         No match for admin/.last_build_id. Using default content type 'application/octet-stream'
         Matched admin/manifest.json to application/json using pattern *.json
         No match for assets/shaders/ink_sparkle.frag. Using default content type 'application/octet-stream'
         No match for admin/canvaskit/canvaskit.js.symbols. Using default content type 'application/octet-stream'
         No match for assets/NOTICES. Using default content type 'application/octet-stream'
         Adding endpoint flutter.js for asset D:\P.L\Flutter\fresh_produce_app\FreshProduce.Api\wwwroot\flutter.js.
         Matched admin/assets/AssetManifest.json to application/json using pattern *.json
         Matched admin/flutter_bootstrap.js to text/javascript using pattern *.js
         Adding endpoint icons/Icon-192.png for asset D:\P.L\Flutter\fresh_produce_app\FreshProduce.Api\wwwroot\icons\Icon-192.png.
         Adding endpoint admin/assets/NOTICES for asset D:\P.L\Flutter\fresh_produce_app\FreshProduce.Api\wwwroot\admin\assets\NOTICES.
         Matched flutter.js to text/javascript using pattern *.js
         Matched icons/Icon-192.png to image/png using pattern *.png
         Matched admin/canvaskit/skwasm.wasm to application/wasm using pattern *.wasm
         No match for admin/assets/NOTICES. Using default content type 'application/octet-stream'
         Adding endpoint admin/canvaskit/skwasm_heavy.wasm for asset D:\P.L\Flutter\fresh_produce_app\FreshProduce.Api\wwwroot\admin\canvaskit\skwasm_heavy.wasm.
         No match for admin/canvaskit/chromium/canvaskit.js.symbols. Using default content type 'application/octet-stream'
         Matched admin/version.json to application/json using pattern *.json
         Matched admin/canvaskit/skwasm_heavy.wasm to application/wasm using pattern *.wasm
         No match for .last_build_id. Using default content type 'application/octet-stream'
         Adding endpoint assets/fonts/MaterialIcons-Regular.otf for asset D:\P.L\Flutter\fresh_produce_app\FreshProduce.Api\wwwroot\assets\fonts\MaterialIcons-Regular.otf.
         Matched admin/assets/AssetManifest.bin.json to application/json using pattern *.json
         Matched assets/fonts/MaterialIcons-Regular.otf to font/otf using pattern *.otf
         No match for admin/canvaskit/skwasm_heavy.js.symbols. Using default content type 'application/octet-stream'
         Adding endpoint canvaskit/skwasm.js.symbols for asset D:\P.L\Flutter\fresh_produce_app\FreshProduce.Api\wwwroot\canvaskit\skwasm.js.symbols.
         No match for canvaskit/skwasm.js.symbols. Using default content type 'application/octet-stream'
         Adding endpoint admin/canvaskit/chromium/canvaskit.js.evl8ubaqjm.symbols for asset D:\P.L\Flutter\fresh_produce_app\FreshProduce.Api\wwwroot\admin\canvaskit\chromium\canvaskit.js.symbols.
         Adding endpoint admin/assets/shaders/stretch_effect.6tucqzn5it.frag for asset D:\P.L\Flutter\fresh_produce_app\FreshProduce.Api\wwwroot\admin\assets\shaders\stretch_effect.frag.
         Adding endpoint admin/canvaskit/skwasm.kqd8e0b56y.wasm for asset D:\P.L\Flutter\fresh_produce_app\FreshProduce.Api\wwwroot\admin\canvaskit\skwasm.wasm.
         Adding endpoint admin/canvaskit/canvaskit.js.79ruxxn65d.symbols for asset D:\P.L\Flutter\fresh_produce_app\FreshProduce.Api\wwwroot\admin\canvaskit\canvaskit.js.symbols.
         Adding endpoint admin/index.4iau0ph7rf.html for asset D:\P.L\Flutter\fresh_produce_app\FreshProduce.Api\wwwroot\admin\index.html.
         Adding endpoint admin/canvaskit/chromium/canvaskit.udn3qxhb0n.wasm for asset D:\P.L\Flutter\fresh_produce_app\FreshProduce.Api\wwwroot\admin\canvaskit\chromium\canvaskit.wasm.
         Adding endpoint admin/assets/shaders/ink_sparkle.oqqudnd64v.frag for asset D:\P.L\Flutter\fresh_produce_app\FreshProduce.Api\wwwroot\admin\assets\shaders\ink_sparkle.frag.
         Adding endpoint admin/assets/AssetManifest.bin.s6lxjtj78i.json for asset D:\P.L\Flutter\fresh_produce_app\FreshProduce.Api\wwwroot\admin\assets\AssetManifest.bin.json.
         Adding endpoint admin/canvaskit/skwasm.js.en7qdszbfn.symbols for asset D:\P.L\Flutter\fresh_produce_app\FreshProduce.Api\wwwroot\admin\canvaskit\skwasm.js.symbols.
         Adding endpoint canvaskit/chromium/canvaskit.udn3qxhb0n.wasm for asset D:\P.L\Flutter\fresh_produce_app\FreshProduce.Api\wwwroot\canvaskit\chromium\canvaskit.wasm.
         Adding endpoint assets/NOTICES.x6s01ctcyv for asset D:\P.L\Flutter\fresh_produce_app\FreshProduce.Api\wwwroot\assets\NOTICES.
         Matched admin/canvaskit/skwasm.js to text/javascript using pattern *.js
         Matched admin/canvaskit/canvaskit.js to text/javascript using pattern *.js
         Matched admin/canvaskit/skwasm_heavy.js to text/javascript using pattern *.js
         Matched admin/canvaskit/chromium/canvaskit.js to text/javascript using pattern *.js
         Adding endpoint admin/canvaskit/skwasm.js for asset D:\P.L\Flutter\fresh_produce_app\FreshProduce.Api\wwwroot\admin\canvaskit\skwasm.js.
         Adding endpoint admin/canvaskit/canvaskit.js for asset D:\P.L\Flutter\fresh_produce_app\FreshProduce.Api\wwwroot\admin\canvaskit\canvaskit.js.
         Adding endpoint admin/canvaskit/skwasm_heavy.js for asset D:\P.L\Flutter\fresh_produce_app\FreshProduce.Api\wwwroot\admin\canvaskit\skwasm_heavy.js.
         Adding endpoint admin/canvaskit/chromium/canvaskit.js for asset D:\P.L\Flutter\fresh_produce_app\FreshProduce.Api\wwwroot\admin\canvaskit\chromium\canvaskit.js.
         Matched admin/assets/FontManifest.json to application/json using pattern *.json
         Matched admin/main.dart.js to text/javascript using pattern *.js
         Adding endpoint admin/assets/FontManifest.json for asset D:\P.L\Flutter\fresh_produce_app\FreshProduce.Api\wwwroot\admin\assets\FontManifest.json.
         Adding endpoint icons/Icon-192.95g6nwwdkp.png for asset D:\P.L\Flutter\fresh_produce_app\FreshProduce.Api\wwwroot\icons\Icon-192.png.
         Adding endpoint admin/main.dart.js for asset D:\P.L\Flutter\fresh_produce_app\FreshProduce.Api\wwwroot\admin\main.dart.js.
         Matched admin/canvaskit/skwasm_heavy.js to text/javascript using pattern *.js
         Matched admin/assets/FontManifest.json to application/json using pattern *.json
         Adding endpoint admin/canvaskit/skwasm_heavy.pt7u1aviqz.js for asset D:\P.L\Flutter\fresh_produce_app\FreshProduce.Api\wwwroot\admin\canvaskit\skwasm_heavy.js.
         Adding endpoint admin/assets/FontManifest.7zwdxe6uef.json for asset D:\P.L\Flutter\fresh_produce_app\FreshProduce.Api\wwwroot\admin\assets\FontManifest.json.
         Adding endpoint admin/icons/Icon-512.65kj86cdaw.png for asset D:\P.L\Flutter\fresh_produce_app\FreshProduce.Api\wwwroot\admin\icons\Icon-512.png.
         Adding endpoint admin/assets/AssetManifest.eq001w4kze.json for asset D:\P.L\Flutter\fresh_produce_app\FreshProduce.Api\wwwroot\admin\assets\AssetManifest.json.
         Adding endpoint .i8w3bhlobq.last_build_id for asset D:\P.L\Flutter\fresh_produce_app\FreshProduce.Api\wwwroot\.last_build_id.
         Matched admin/main.dart.js to text/javascript using pattern *.js
         Adding endpoint admin/main.dart.zev5p1fizo.js for asset D:\P.L\Flutter\fresh_produce_app\FreshProduce.Api\wwwroot\admin\main.dart.js.
         Matched assets/AssetManifest.bin to application/octet-stream using pattern *.bin
         Adding endpoint assets/AssetManifest.bin for asset D:\P.L\Flutter\fresh_produce_app\FreshProduce.Api\wwwroot\assets\AssetManifest.bin.
         Matched assets/FontManifest.json to application/json using pattern *.json
         Adding endpoint assets/FontManifest.json for asset D:\P.L\Flutter\fresh_produce_app\FreshProduce.Api\wwwroot\assets\FontManifest.json.
         Matched assets/AssetManifest.bin to application/octet-stream using pattern *.bin
         Matched canvaskit/canvaskit.js to text/javascript using pattern *.js
         Adding endpoint assets/AssetManifest.gwvyzyvbzd.bin for asset D:\P.L\Flutter\fresh_produce_app\FreshProduce.Api\wwwroot\assets\AssetManifest.bin.
         Matched admin/assets/packages/cupertino_icons/assets/CupertinoIcons.ttf to application/x-font-ttf using pattern *.ttf
         Adding endpoint canvaskit/canvaskit.js for asset D:\P.L\Flutter\fresh_produce_app\FreshProduce.Api\wwwroot\canvaskit\canvaskit.js.
         Matched admin/assets/AssetManifest.bin to application/octet-stream using pattern *.bin
         Adding endpoint admin/assets/packages/cupertino_icons/assets/CupertinoIcons.ttf for asset D:\P.L\Flutter\fresh_produce_app\FreshProduce.Api\wwwroot\admin\assets\packages\cupertino_icons\assets\CupertinoIcons.ttf.
         Matched assets/FontManifest.json to application/json using pattern *.json
         Adding endpoint admin/assets/AssetManifest.bin for asset D:\P.L\Flutter\fresh_produce_app\FreshProduce.Api\wwwroot\admin\assets\AssetManifest.bin.
         Matched canvaskit/chromium/canvaskit.js to text/javascript using pattern *.js
         Matched canvaskit/canvaskit.js to text/javascript using pattern *.js
         Adding endpoint assets/FontManifest.7zwdxe6uef.json for asset D:\P.L\Flutter\fresh_produce_app\FreshProduce.Api\wwwroot\assets\FontManifest.json.
         Matched admin/assets/packages/cupertino_icons/assets/CupertinoIcons.ttf to application/x-font-ttf using pattern *.ttf
         Adding endpoint canvaskit/canvaskit.ji893wmxdy.js for asset D:\P.L\Flutter\fresh_produce_app\FreshProduce.Api\wwwroot\canvaskit\canvaskit.js.
         Adding endpoint canvaskit/chromium/canvaskit.js for asset D:\P.L\Flutter\fresh_produce_app\FreshProduce.Api\wwwroot\canvaskit\chromium\canvaskit.js.
         Matched admin/assets/AssetManifest.bin to application/octet-stream using pattern *.bin
         Adding endpoint admin/assets/packages/cupertino_icons/assets/CupertinoIcons.zsr07n893a.ttf for asset D:\P.L\Flutter\fresh_produce_app\FreshProduce.Api\wwwroot\admin\assets\packages\cupertino_icons\assets\CupertinoIcons.ttf.
         Matched admin/favicon.png to image/png using pattern *.png
         Matched canvaskit/skwasm_heavy.js to text/javascript using pattern *.js
         Matched admin/flutter_service_worker.js to text/javascript using pattern *.js
         Matched canvaskit/skwasm_heavy.wasm to application/wasm using pattern *.wasm
         Adding endpoint admin/version.fugllc50rj.json for asset D:\P.L\Flutter\fresh_produce_app\FreshProduce.Api\wwwroot\admin\version.json.
         Matched flutter_bootstrap.js to text/javascript using pattern *.js
         Adding endpoint canvaskit/skwasm_heavy.wasm for asset D:\P.L\Flutter\fresh_produce_app\FreshProduce.Api\wwwroot\canvaskit\skwasm_heavy.wasm.
         Adding endpoint admin/canvaskit/canvaskit.o0khchddlv.wasm for asset D:\P.L\Flutter\fresh_produce_app\FreshProduce.Api\wwwroot\admin\canvaskit\canvaskit.wasm.
         Adding endpoint flutter_bootstrap.js for asset D:\P.L\Flutter\fresh_produce_app\FreshProduce.Api\wwwroot\flutter_bootstrap.js.
         Matched index.html to text/html using pattern *.html
         Adding endpoint admin/favicon.png for asset D:\P.L\Flutter\fresh_produce_app\FreshProduce.Api\wwwroot\admin\favicon.png.
         Adding endpoint assets/fonts/MaterialIcons-Regular.xcq4gn48vx.otf for asset D:\P.L\Flutter\fresh_produce_app\FreshProduce.Api\wwwroot\assets\fonts\MaterialIcons-Regular.otf.
         Adding endpoint index.html for asset D:\P.L\Flutter\fresh_produce_app\FreshProduce.Api\wwwroot\index.html.
         Matched flutter_bootstrap.js to text/javascript using pattern *.js
         Adding endpoint admin/flutter_service_worker.js for asset D:\P.L\Flutter\fresh_produce_app\FreshProduce.Api\wwwroot\admin\flutter_service_worker.js.
         Matched index.html to text/html using pattern *.html
         Adding endpoint admin/.lc574dsyne.last_build_id for asset D:\P.L\Flutter\fresh_produce_app\FreshProduce.Api\wwwroot\admin\.last_build_id.
         Adding endpoint flutter_bootstrap.fgu7z2inz0.js for asset D:\P.L\Flutter\fresh_produce_app\FreshProduce.Api\wwwroot\flutter_bootstrap.js.
         Matched version.json to application/json using pattern *.json
         Matched admin/icons/Icon-maskable-192.png to image/png using pattern *.png
         Adding endpoint version.json for asset D:\P.L\Flutter\fresh_produce_app\FreshProduce.Api\wwwroot\version.json.
         Matched assets/packages/cupertino_icons/assets/CupertinoIcons.ttf to application/x-font-ttf using pattern *.ttf
         Adding endpoint admin/canvaskit/skwasm_heavy.som1pkmtep.wasm for asset D:\P.L\Flutter\fresh_produce_app\FreshProduce.Api\wwwroot\admin\canvaskit\skwasm_heavy.wasm.
         Adding endpoint admin/canvaskit/skwasm_heavy.js.zduch6b60a.symbols for asset D:\P.L\Flutter\fresh_produce_app\FreshProduce.Api\wwwroot\admin\canvaskit\skwasm_heavy.js.symbols.
         Matched version.json to application/json using pattern *.json
         Matched admin/flutter_service_worker.js to text/javascript using pattern *.js
         Adding endpoint version.ytdqykxoj9.json for asset D:\P.L\Flutter\fresh_produce_app\FreshProduce.Api\wwwroot\version.json.
         Adding endpoint admin/icons/Icon-maskable-192.png for asset D:\P.L\Flutter\fresh_produce_app\FreshProduce.Api\wwwroot\admin\icons\Icon-maskable-192.png.
         Adding endpoint assets/shaders/ink_sparkle.oqqudnd64v.frag for asset D:\P.L\Flutter\fresh_produce_app\FreshProduce.Api\wwwroot\assets\shaders\ink_sparkle.frag.
         Adding endpoint assets/packages/cupertino_icons/assets/CupertinoIcons.ttf for asset D:\P.L\Flutter\fresh_produce_app\FreshProduce.Api\wwwroot\assets\packages\cupertino_icons\assets\CupertinoIcons.ttf.
         Adding endpoint admin/flutter_service_worker.9phf0g8y9f.js for asset D:\P.L\Flutter\fresh_produce_app\FreshProduce.Api\wwwroot\admin\flutter_service_worker.js.
         Adding endpoint assets/AssetManifest.bin.s6lxjtj78i.json for asset D:\P.L\Flutter\fresh_produce_app\FreshProduce.Api\wwwroot\assets\AssetManifest.bin.json.
         Adding endpoint admin/assets/NOTICES.voqmd1bkxl for asset D:\P.L\Flutter\fresh_produce_app\FreshProduce.Api\wwwroot\admin\assets\NOTICES.
         Adding endpoint admin/icons/Icon-192.95g6nwwdkp.png for asset D:\P.L\Flutter\fresh_produce_app\FreshProduce.Api\wwwroot\admin\icons\Icon-192.png.
         Matched admin/icons/Icon-maskable-192.png to image/png using pattern *.png
         Adding endpoint admin/flutter.z4ueicp6lb.js for asset D:\P.L\Flutter\fresh_produce_app\FreshProduce.Api\wwwroot\admin\flutter.js.
         Matched assets/packages/cupertino_icons/assets/CupertinoIcons.ttf to application/x-font-ttf using pattern *.ttf
         Adding endpoint admin/manifest.18v5h0bqdt.json for asset D:\P.L\Flutter\fresh_produce_app\FreshProduce.Api\wwwroot\admin\manifest.json.
         Adding endpoint admin/icons/Icon-maskable-192.ucuqntxc4q.png for asset D:\P.L\Flutter\fresh_produce_app\FreshProduce.Api\wwwroot\admin\icons\Icon-maskable-192.png.
         Adding endpoint admin/flutter_bootstrap.398akf0vg5.js for asset D:\P.L\Flutter\fresh_produce_app\FreshProduce.Api\wwwroot\admin\flutter_bootstrap.js.
         Adding endpoint manifest.xliufgw85g.json for asset D:\P.L\Flutter\fresh_produce_app\FreshProduce.Api\wwwroot\manifest.json.
         Adding endpoint assets/packages/cupertino_icons/assets/CupertinoIcons.zsr07n893a.ttf for asset D:\P.L\Flutter\fresh_produce_app\FreshProduce.Api\wwwroot\assets\packages\cupertino_icons\assets\CupertinoIcons.ttf.
         Adding endpoint admin/icons/Icon-maskable-512.eaet8zjikg.png for asset D:\P.L\Flutter\fresh_produce_app\FreshProduce.Api\wwwroot\admin\icons\Icon-maskable-512.png.
         Adding endpoint canvaskit/canvaskit.js.79ruxxn65d.symbols for asset D:\P.L\Flutter\fresh_produce_app\FreshProduce.Api\wwwroot\canvaskit\canvaskit.js.symbols.
         Adding endpoint assets/shaders/stretch_effect.6tucqzn5it.frag for asset D:\P.L\Flutter\fresh_produce_app\FreshProduce.Api\wwwroot\assets\shaders\stretch_effect.frag.
         Adding endpoint canvaskit/skwasm.js.en7qdszbfn.symbols for asset D:\P.L\Flutter\fresh_produce_app\FreshProduce.Api\wwwroot\canvaskit\skwasm.js.symbols.
         Adding endpoint icons/Icon-maskable-512.eaet8zjikg.png for asset D:\P.L\Flutter\fresh_produce_app\FreshProduce.Api\wwwroot\icons\Icon-maskable-512.png.
         Adding endpoint assets/AssetManifest.eq001w4kze.json for asset D:\P.L\Flutter\fresh_produce_app\FreshProduce.Api\wwwroot\assets\AssetManifest.json.
         Adding endpoint flutter.z4ueicp6lb.js for asset D:\P.L\Flutter\fresh_produce_app\FreshProduce.Api\wwwroot\flutter.js.
         Adding endpoint admin/assets/fonts/MaterialIcons-Regular.i38f925a2v.otf for asset D:\P.L\Flutter\fresh_produce_app\FreshProduce.Api\wwwroot\admin\assets\fonts\MaterialIcons-Regular.otf.
         Adding endpoint canvaskit/chromium/canvaskit.js.evl8ubaqjm.symbols for asset D:\P.L\Flutter\fresh_produce_app\FreshProduce.Api\wwwroot\canvaskit\chromium\canvaskit.js.symbols.
         Adding endpoint canvaskit/canvaskit.o0khchddlv.wasm for asset D:\P.L\Flutter\fresh_produce_app\FreshProduce.Api\wwwroot\canvaskit\canvaskit.wasm.
         Matched admin/canvaskit/skwasm.js to text/javascript using pattern *.js
         Adding endpoint admin/canvaskit/skwasm.65lfexcvp7.js for asset D:\P.L\Flutter\fresh_produce_app\FreshProduce.Api\wwwroot\admin\canvaskit\skwasm.js.
         Matched admin/canvaskit/canvaskit.js to text/javascript using pattern *.js
         Matched admin/canvaskit/chromium/canvaskit.js to text/javascript using pattern *.js
         Adding endpoint admin/canvaskit/chromium/canvaskit.z548inb4f8.js for asset D:\P.L\Flutter\fresh_produce_app\FreshProduce.Api\wwwroot\admin\canvaskit\chromium\canvaskit.js.
         Adding endpoint admin/canvaskit/canvaskit.ji893wmxdy.js for asset D:\P.L\Flutter\fresh_produce_app\FreshProduce.Api\wwwroot\admin\canvaskit\canvaskit.js.
         Adding endpoint admin/assets/AssetManifest.gwvyzyvbzd.bin for asset D:\P.L\Flutter\fresh_produce_app\FreshProduce.Api\wwwroot\admin\assets\AssetManifest.bin.
         Matched canvaskit/chromium/canvaskit.js to text/javascript using pattern *.js
         Adding endpoint canvaskit/skwasm_heavy.js for asset D:\P.L\Flutter\fresh_produce_app\FreshProduce.Api\wwwroot\canvaskit\skwasm_heavy.js.
         Adding endpoint canvaskit/chromium/canvaskit.z548inb4f8.js for asset D:\P.L\Flutter\fresh_produce_app\FreshProduce.Api\wwwroot\canvaskit\chromium\canvaskit.js.
         Matched canvaskit/skwasm_heavy.wasm to application/wasm using pattern *.wasm
         Matched canvaskit/skwasm_heavy.js to text/javascript using pattern *.js
         Adding endpoint canvaskit/skwasm_heavy.som1pkmtep.wasm for asset D:\P.L\Flutter\fresh_produce_app\FreshProduce.Api\wwwroot\canvaskit\skwasm_heavy.wasm.
         Adding endpoint canvaskit/skwasm_heavy.pt7u1aviqz.js for asset D:\P.L\Flutter\fresh_produce_app\FreshProduce.Api\wwwroot\canvaskit\skwasm_heavy.js.
         Matched canvaskit/skwasm.js to text/javascript using pattern *.js
         Matched favicon.png to image/png using pattern *.png
         Adding endpoint index.ayvu4txshl.html for asset D:\P.L\Flutter\fresh_produce_app\FreshProduce.Api\wwwroot\index.html.
         Adding endpoint favicon.png for asset D:\P.L\Flutter\fresh_produce_app\FreshProduce.Api\wwwroot\favicon.png.
         Matched flutter_service_worker.js to text/javascript using pattern *.js
         Matched favicon.png to image/png using pattern *.png
         Adding endpoint canvaskit/skwasm.js for asset D:\P.L\Flutter\fresh_produce_app\FreshProduce.Api\wwwroot\canvaskit\skwasm.js.
         Adding endpoint favicon.uvwkz3ynv3.png for asset D:\P.L\Flutter\fresh_produce_app\FreshProduce.Api\wwwroot\favicon.png.
         Adding endpoint flutter_service_worker.js for asset D:\P.L\Flutter\fresh_produce_app\FreshProduce.Api\wwwroot\flutter_service_worker.js.
         Matched icons/Icon-512.png to image/png using pattern *.png
         Matched flutter_service_worker.js to text/javascript using pattern *.js
         Matched main.dart.js to text/javascript using pattern *.js
         Adding endpoint flutter_service_worker.vdsimdjcro.js for asset D:\P.L\Flutter\fresh_produce_app\FreshProduce.Api\wwwroot\flutter_service_worker.js.
         Adding endpoint main.dart.js for asset D:\P.L\Flutter\fresh_produce_app\FreshProduce.Api\wwwroot\main.dart.js.
         Matched admin/favicon.png to image/png using pattern *.png
         Matched canvaskit/skwasm.js to text/javascript using pattern *.js
         Matched main.dart.js to text/javascript using pattern *.js
         Adding endpoint icons/Icon-512.png for asset D:\P.L\Flutter\fresh_produce_app\FreshProduce.Api\wwwroot\icons\Icon-512.png.
         Adding endpoint main.dart.9jhojib2f9.js for asset D:\P.L\Flutter\fresh_produce_app\FreshProduce.Api\wwwroot\main.dart.js.
         Adding endpoint admin/favicon.uvwkz3ynv3.png for asset D:\P.L\Flutter\fresh_produce_app\FreshProduce.Api\wwwroot\admin\favicon.png.
         Adding endpoint canvaskit/skwasm.65lfexcvp7.js for asset D:\P.L\Flutter\fresh_produce_app\FreshProduce.Api\wwwroot\canvaskit\skwasm.js.
         Adding endpoint canvaskit/skwasm.kqd8e0b56y.wasm for asset D:\P.L\Flutter\fresh_produce_app\FreshProduce.Api\wwwroot\canvaskit\skwasm.wasm.
         Matched icons/Icon-512.png to image/png using pattern *.png
         Adding endpoint icons/Icon-512.65kj86cdaw.png for asset D:\P.L\Flutter\fresh_produce_app\FreshProduce.Api\wwwroot\icons\Icon-512.png.
         Adding endpoint canvaskit/skwasm_heavy.js.zduch6b60a.symbols for asset D:\P.L\Flutter\fresh_produce_app\FreshProduce.Api\wwwroot\canvaskit\skwasm_heavy.js.symbols.
         Matched icons/Icon-maskable-192.png to image/png using pattern *.png
         Adding endpoint icons/Icon-maskable-192.png for asset D:\P.L\Flutter\fresh_produce_app\FreshProduce.Api\wwwroot\icons\Icon-maskable-192.png.
         Matched icons/Icon-maskable-192.png to image/png using pattern *.png
         Adding endpoint icons/Icon-maskable-192.ucuqntxc4q.png for asset D:\P.L\Flutter\fresh_produce_app\FreshProduce.Api\wwwroot\icons\Icon-maskable-192.png.
         Assembly loaded during TaskRun (Microsoft.AspNetCore.StaticWebAssets.Tasks.DefineStaticWebAssetEndpoints): System.IO.Pipelines, Version=10.0.0.0, Culture=neutral, PublicKeyToken=cc7b13ffcd2ddd51 (location: C:\Program Files\dotnet\shared\Microsoft.NETCore.App\10.0.1\System.IO.Pipelines.dll, MVID: 006963d0-f696-4038-8cbb-4596a6aedc7d, AssemblyLoadContext: Default)
       Done executing task "DefineStaticWebAssetEndpoints".
   1:7>Done building target "ResolveProjectStaticWebAssets" in project "FreshProduce.Api.csproj".
   1:7>Target "AssignTargetPaths" in file "C:\Program Files\dotnet\sdk\10.0.101\Microsoft.Common.CurrentVersion.targets" from project "D:\P.L\Flutter\fresh_produce_app\FreshProduce.Api\FreshProduce.Api.csproj" (target "PrepareResourceNames" depends on it):
       Task "AssignTargetPath"
       Done executing task "AssignTargetPath".
       Task "AssignTargetPath"
       Done executing task "AssignTargetPath".
       Task "AssignTargetPath"
       Done executing task "AssignTargetPath".
       Task "AssignTargetPath"
       Done executing task "AssignTargetPath".
   1:7>Done building target "AssignTargetPaths" in project "FreshProduce.Api.csproj".
       Target "AssignTargetPaths" skipped. Previously built successfully.
   1:7>Target "SplitResourcesByCulture" in file "C:\Program Files\dotnet\sdk\10.0.101\Microsoft.Common.CurrentVersion.targets" from project "D:\P.L\Flutter\fresh_produce_app\FreshProduce.Api\FreshProduce.Api.csproj" (target "PrepareResourceNames" depends on it):
       Task "AssignCulture"
       Done executing task "AssignCulture".
   1:7>Done building target "SplitResourcesByCulture" in project "FreshProduce.Api.csproj".
   1:7>Target "CreateCustomManifestResourceNames" in file "C:\Program Files\dotnet\sdk\10.0.101\Microsoft.Common.CurrentVersion.targets" from project "D:\P.L\Flutter\fresh_produce_app\FreshProduce.Api\FreshProduce.Api.csproj" (target "PrepareResourceNames" depends on it):
   1:7>Done building target "CreateCustomManifestResourceNames" in project "FreshProduce.Api.csproj".
   1:7>Target "PrepareResourceNames" in file "C:\Program Files\dotnet\sdk\10.0.101\Microsoft.Common.CurrentVersion.targets" from project "D:\P.L\Flutter\fresh_produce_app\FreshProduce.Api\FreshProduce.Api.csproj" (target "PrepareResources" depends on it):
   1:7>Done building target "PrepareResourceNames" in project "FreshProduce.Api.csproj".
       Target "ResolveAssemblyReferences" skipped. Previously built successfully.
       Target "SplitResourcesByCulture" skipped. Previously built successfully.
   1:7>Target "BeforeResGen" in file "C:\Program Files\dotnet\sdk\10.0.101\Microsoft.Common.CurrentVersion.targets" from project "D:\P.L\Flutter\fresh_produce_app\FreshProduce.Api\FreshProduce.Api.csproj" (target "ResGen" depends on it):
   1:7>Done building target "BeforeResGen" in project "FreshProduce.Api.csproj".
       Target "ResolveReferences" skipped. Previously built successfully.
   1:7>Target "FindReferenceAssembliesForReferences" in file "C:\Program Files\dotnet\sdk\10.0.101\Microsoft.Common.CurrentVersion.targets" from project "D:\P.L\Flutter\fresh_produce_app\FreshProduce.Api\FreshProduce.Api.csproj" (target "CoreResGen" depends on it):
   1:7>Done building target "FindReferenceAssembliesForReferences" in project "FreshProduce.Api.csproj".
   1:7>Target "CoreResGen" in file "C:\Program Files\dotnet\sdk\10.0.101\Microsoft.Common.CurrentVersion.targets" from project "D:\P.L\Flutter\fresh_produce_app\FreshProduce.Api\FreshProduce.Api.csproj" (target "ResGen" depends on it):
   1:7>Done building target "CoreResGen" in project "FreshProduce.Api.csproj".
   1:7>Target "AfterResGen" in file "C:\Program Files\dotnet\sdk\10.0.101\Microsoft.Common.CurrentVersion.targets" from project "D:\P.L\Flutter\fresh_produce_app\FreshProduce.Api\FreshProduce.Api.csproj" (target "ResGen" depends on it):
   1:7>Done building target "AfterResGen" in project "FreshProduce.Api.csproj".
   1:7>Target "ResGen" in file "C:\Program Files\dotnet\sdk\10.0.101\Microsoft.Common.CurrentVersion.targets" from project "D:\P.L\Flutter\fresh_produce_app\FreshProduce.Api\FreshProduce.Api.csproj" (target "PrepareResources" depends on it):
   1:7>Done building target "ResGen" in project "FreshProduce.Api.csproj".
   1:7>Target "PrepareResources" in file "C:\Program Files\dotnet\sdk\10.0.101\Microsoft.Common.CurrentVersion.targets" from project "D:\P.L\Flutter\fresh_produce_app\FreshProduce.Api\FreshProduce.Api.csproj" (target "CoreBuild" depends on it):
   1:7>Done building target "PrepareResources" in project "FreshProduce.Api.csproj".
       Target "ResolveReferences" skipped. Previously built successfully.
   1:7>Target "_SetEmbeddedWin32ManifestProperties" in file "C:\Program Files\dotnet\sdk\10.0.101\Microsoft.Common.CurrentVersion.targets" from project "D:\P.L\Flutter\fresh_produce_app\FreshProduce.Api\FreshProduce.Api.csproj" (target "SetWin32ManifestProperties" depends on it):
       Task "GetFrameworkPath"
       Done executing task "GetFrameworkPath".
   1:7>Done building target "_SetEmbeddedWin32ManifestProperties" in project "FreshProduce.Api.csproj".
   1:7>Target "SetWin32ManifestProperties" in file "C:\Program Files\dotnet\sdk\10.0.101\Microsoft.Common.CurrentVersion.targets" from project "D:\P.L\Flutter\fresh_produce_app\FreshProduce.Api\FreshProduce.Api.csproj" (target "Compile" depends on it):
   1:7>Done building target "SetWin32ManifestProperties" in project "FreshProduce.Api.csproj".
       Target "FindReferenceAssembliesForReferences" skipped. Previously built successfully.
   1:7>Target "_GenerateCompileInputs" in file "C:\Program Files\dotnet\sdk\10.0.101\Microsoft.Common.CurrentVersion.targets" from project "D:\P.L\Flutter\fresh_produce_app\FreshProduce.Api\FreshProduce.Api.csproj" (target "Compile" depends on it):
   1:7>Done building target "_GenerateCompileInputs" in project "FreshProduce.Api.csproj".
       Target "PrepareForBuild" skipped. Previously built successfully.
   1:7>Target "ResolveRazorConfiguration" in file "C:\Program Files\dotnet\sdk\10.0.101\Sdks\Microsoft.NET.Sdk.Razor\targets\Sdk.Razor.CurrentVersion.targets" from project "D:\P.L\Flutter\fresh_produce_app\FreshProduce.Api\FreshProduce.Api.csproj" (target "PrepareForRazorGenerate" depends on it):
       Using "FindInList" task from assembly "Microsoft.Build.Tasks.Core, Version=15.1.0.0, Culture=neutral, PublicKeyToken=b03f5f7f11d50a3a".
       Task "FindInList"
         Found "MVC-3.0".
       Done executing task "FindInList".
   1:7>Done building target "ResolveRazorConfiguration" in project "FreshProduce.Api.csproj".
       Target "ResolveRazorGenerateInputs" skipped. Previously built successfully.
   1:7>Target "ResolveScopedCssInputs" in file "C:\Program Files\dotnet\sdk\10.0.101\Sdks\Microsoft.NET.Sdk.StaticWebAssets\targets\Microsoft.NET.Sdk.StaticWebAssets.ScopedCss.targets" from project "D:\P.L\Flutter\fresh_produce_app\FreshProduce.Api\FreshProduce.Api.csproj" (target "ComputeCssScope" depends on it):
       Using "DiscoverDefaultScopedCssItems" task from assembly "C:\Program Files\dotnet\sdk\10.0.101\Sdks\Microsoft.NET.Sdk.StaticWebAssets\targets\..\tasks\net10.0\Microsoft.NET.Sdk.StaticWebAssets.Tasks.dll".
       Task "DiscoverDefaultScopedCssItems"
       Done executing task "DiscoverDefaultScopedCssItems".
   1:7>Done building target "ResolveScopedCssInputs" in project "FreshProduce.Api.csproj".
   1:7>Target "ComputeCssScope" in file "C:\Program Files\dotnet\sdk\10.0.101\Sdks\Microsoft.NET.Sdk.StaticWebAssets\targets\Microsoft.NET.Sdk.StaticWebAssets.ScopedCss.targets" from project "D:\P.L\Flutter\fresh_produce_app\FreshProduce.Api\FreshProduce.Api.csproj" (target "ResolveCssScopes" depends on it):
       Using "ComputeCssScope" task from assembly "C:\Program Files\dotnet\sdk\10.0.101\Sdks\Microsoft.NET.Sdk.StaticWebAssets\targets\..\tasks\net10.0\Microsoft.NET.Sdk.StaticWebAssets.Tasks.dll".
       Task "ComputeCssScope"
       Done executing task "ComputeCssScope".
   1:7>Done building target "ComputeCssScope" in project "FreshProduce.Api.csproj".
       Target "ResolveRazorComponentInputs" skipped. Previously built successfully.
       Target "ResolveRazorGenerateInputs" skipped. Previously built successfully.
   1:7>Target "ResolveCssScopes" in file "C:\Program Files\dotnet\sdk\10.0.101\Sdks\Microsoft.NET.Sdk.Razor\targets\Sdk.Razor.CurrentVersion.targets" from project "D:\P.L\Flutter\fresh_produce_app\FreshProduce.Api\FreshProduce.Api.csproj" (target "AssignRazorGenerateTargetPaths" depends on it):
       Using "ApplyCssScopes" task from assembly "C:\Program Files\dotnet\sdk\10.0.101\Sdks\Microsoft.NET.Sdk.StaticWebAssets\targets\..\tasks\net10.0\Microsoft.NET.Sdk.StaticWebAssets.Tasks.dll".
       Task "ApplyCssScopes"
       Done executing task "ApplyCssScopes".
   1:7>Done building target "ResolveCssScopes" in project "FreshProduce.Api.csproj".
   1:7>Target "_ResolveGeneratedRazorCompileInputs" in file "C:\Program Files\dotnet\sdk\10.0.101\Sdks\Microsoft.NET.Sdk.Razor\targets\Sdk.Razor.CurrentVersion.targets" from project "D:\P.L\Flutter\fresh_produce_app\FreshProduce.Api\FreshProduce.Api.csproj" (target "PrepareForRazorGenerate" depends on it):
   1:7>Done building target "_ResolveGeneratedRazorCompileInputs" in project "FreshProduce.Api.csproj".
   1:7>Target "PrepareForRazorGenerate" in file "C:\Program Files\dotnet\sdk\10.0.101\Sdks\Microsoft.NET.Sdk.Razor\targets\Sdk.Razor.CurrentVersion.targets" from project "D:\P.L\Flutter\fresh_produce_app\FreshProduce.Api\FreshProduce.Api.csproj" (target "_PrepareRazorSourceGenerators" depends on it):
   1:7>Done building target "PrepareForRazorGenerate" in project "FreshProduce.Api.csproj".
       Target "ResolveRazorConfiguration" skipped. Previously built successfully.
       Target "ResolveRazorComponentInputs" skipped. Previously built successfully.
   1:7>Target "PrepareForRazorComponentGenerate" in file "C:\Program Files\dotnet\sdk\10.0.101\Sdks\Microsoft.NET.Sdk.Razor\targets\Sdk.Razor.CurrentVersion.targets" from project "D:\P.L\Flutter\fresh_produce_app\FreshProduce.Api\FreshProduce.Api.csproj" (target "_PrepareRazorSourceGenerators" depends on it):
   1:7>Done building target "PrepareForRazorComponentGenerate" in project "FreshProduce.Api.csproj".
   1:7>Target "_PrepareRazorSourceGenerators" in file "C:\Program Files\dotnet\sdk\10.0.101\Sdks\Microsoft.NET.Sdk.Razor\targets\Microsoft.NET.Sdk.Razor.SourceGenerators.targets" from project "D:\P.L\Flutter\fresh_produce_app\FreshProduce.Api\FreshProduce.Api.csproj" (target "GenerateMSBuildEditorConfigFileShouldRun" depends on it):
       Using "EncodeRazorInputItem" task from assembly "C:\Program Files\dotnet\sdk\10.0.101\Sdks\Microsoft.NET.Sdk.Razor\targets\..\tasks\net10.0\Microsoft.NET.Sdk.Razor.Tasks.dll".
       Task "EncodeRazorInputItem"
       Done executing task "EncodeRazorInputItem".
   1:7>Done building target "_PrepareRazorSourceGenerators" in project "FreshProduce.Api.csproj".
   1:7>Target "GenerateMSBuildEditorConfigFileShouldRun" in file "C:\Program Files\dotnet\sdk\10.0.101\Roslyn\Microsoft.Managed.Core.targets" from project "D:\P.L\Flutter\fresh_produce_app\FreshProduce.Api\FreshProduce.Api.csproj" (target "GenerateMSBuildEditorConfigFile" depends on it):
   1:7>Done building target "GenerateMSBuildEditorConfigFileShouldRun" in project "FreshProduce.Api.csproj".
   1:7>Target "AddGlobalAnalyzerConfigForPackage_MicrosoftCodeAnalysisCSharpCodeStyle" in file "C:\Program Files\dotnet\sdk\10.0.101\Sdks\Microsoft.NET.Sdk\codestyle\cs\build\Microsoft.CodeAnalysis.CSharp.CodeStyle.targets" from project "D:\P.L\Flutter\fresh_produce_app\FreshProduce.Api\FreshProduce.Api.csproj" (target "GenerateMSBuildEditorConfigFileCore" depends on it):
   1:7>Done building target "AddGlobalAnalyzerConfigForPackage_MicrosoftCodeAnalysisCSharpCodeStyle" in project "FreshProduce.Api.csproj".
   1:7>Target "GenerateMSBuildEditorConfigFileCore" in file "C:\Program Files\dotnet\sdk\10.0.101\Roslyn\Microsoft.Managed.Core.targets" from project "D:\P.L\Flutter\fresh_produce_app\FreshProduce.Api\FreshProduce.Api.csproj" (target "GenerateMSBuildEditorConfigFile" depends on it):
       Building target "GenerateMSBuildEditorConfigFileCore" completely.
       No input files were specified.
       Using "GenerateMSBuildEditorConfig" task from assembly "C:\Program Files\dotnet\sdk\10.0.101\Sdks\Microsoft.NET.Sdk\targets\..\..\..\Roslyn\Microsoft.Build.Tasks.CodeAnalysis.dll".
       Task "GenerateMSBuildEditorConfig"
       Done executing task "GenerateMSBuildEditorConfig".
   1:7>Done building target "GenerateMSBuildEditorConfigFileCore" in project "FreshProduce.Api.csproj".
   1:7>Target "GenerateMSBuildEditorConfigFile" in file "C:\Program Files\dotnet\sdk\10.0.101\Roslyn\Microsoft.Managed.Core.targets" from project "D:\P.L\Flutter\fresh_produce_app\FreshProduce.Api\FreshProduce.Api.csproj" (target "BeforeCompile" depends on it):
   1:7>Done building target "GenerateMSBuildEditorConfigFile" in project "FreshProduce.Api.csproj".
       Target "PrepareForBuild" skipped. Previously built successfully.
       Target "GetReferenceAssemblyPaths" skipped. Previously built successfully.
   1:7>Target "_SetTargetFrameworkMonikerAttribute" in file "C:\Program Files\dotnet\sdk\10.0.101\Microsoft.CSharp.CurrentVersion.targets" from project "D:\P.L\Flutter\fresh_produce_app\FreshProduce.Api\FreshProduce.Api.csproj" (target "GenerateTargetFrameworkMonikerAttribute" depends on it):
   1:7>Done building target "_SetTargetFrameworkMonikerAttribute" in project "FreshProduce.Api.csproj".
   1:7>Target "GenerateTargetFrameworkMonikerAttribute" in file "C:\Program Files\dotnet\sdk\10.0.101\Microsoft.Common.CurrentVersion.targets" from project "D:\P.L\Flutter\fresh_produce_app\FreshProduce.Api\FreshProduce.Api.csproj" (target "BeforeCompile" depends on it):
       Skipping target "GenerateTargetFrameworkMonikerAttribute" because all output files are up-to-date with respect to the input files.
       Input files: C:\Program Files\dotnet\sdk\10.0.101\Microsoft.Common.targets
       Output files: obj\Debug\net9.0\.NETCoreApp,Version=v9.0.AssemblyAttributes.cs
   1:7>Done building target "GenerateTargetFrameworkMonikerAttribute" in project "FreshProduce.Api.csproj".
       Target "PrepareForBuild" skipped. Previously built successfully.
   1:7>Target "GetAssemblyVersion" in file "C:\Program Files\dotnet\sdk\10.0.101\Sdks\Microsoft.NET.Sdk\targets\Microsoft.NET.GenerateAssemblyInfo.targets" from project "D:\P.L\Flutter\fresh_produce_app\FreshProduce.Api\FreshProduce.Api.csproj" (target "GetAssemblyAttributes" depends on it):
       Using "GetAssemblyVersion" task from assembly "C:\Program Files\dotnet\sdk\10.0.101\Sdks\Microsoft.NET.Sdk\targets\..\tools\net10.0\Microsoft.NET.Build.Tasks.dll".
       Task "GetAssemblyVersion"
       Done executing task "GetAssemblyVersion".
   1:7>Done building target "GetAssemblyVersion" in project "FreshProduce.Api.csproj".
   1:7>Target "InitializeSourceControlInformationFromSourceControlManager" in file "C:\Program Files\dotnet\sdk\10.0.101\Sdks\Microsoft.Build.Tasks.Git\build\Microsoft.Build.Tasks.Git.targets" from project "D:\P.L\Flutter\fresh_produce_app\FreshProduce.Api\FreshProduce.Api.csproj" (target "_InitializeSourceControlInformationFromSourceControlManager" depends on it):
       Using "Microsoft.Build.Tasks.Git.LocateRepository" task from assembly "C:\Program Files\dotnet\sdk\10.0.101\Sdks\Microsoft.Build.Tasks.Git\build\..\tools\net\Microsoft.Build.Tasks.Git.dll".
       Task "Microsoft.Build.Tasks.Git.LocateRepository"
       Done executing task "Microsoft.Build.Tasks.Git.LocateRepository".
   1:7>Done building target "InitializeSourceControlInformationFromSourceControlManager" in project "FreshProduce.Api.csproj".
   1:7>Target "_SourceLinkHasSingleProvider" in file "C:\Program Files\dotnet\sdk\10.0.101\Sdks\Microsoft.SourceLink.Common\build\InitializeSourceControlInformation.targets" from project "D:\P.L\Flutter\fresh_produce_app\FreshProduce.Api\FreshProduce.Api.csproj" (target "_InitializeSourceControlInformationFromSourceControlManager" depends on it):
       Using "Microsoft.SourceLink.Common.SourceLinkHasSingleProvider" task from assembly "C:\Program Files\dotnet\sdk\10.0.101\Sdks\Microsoft.SourceLink.Common\build\..\tools\net\Microsoft.SourceLink.Common.dll".
       Task "Microsoft.SourceLink.Common.SourceLinkHasSingleProvider"
       Done executing task "Microsoft.SourceLink.Common.SourceLinkHasSingleProvider".
   1:7>Done building target "_SourceLinkHasSingleProvider" in project "FreshProduce.Api.csproj".
   1:7>Target "TranslateGitHubUrlsInSourceControlInformation" in file "C:\Program Files\dotnet\sdk\10.0.101\Sdks\Microsoft.SourceLink.GitHub\build\Microsoft.SourceLink.GitHub.targets" from project "D:\P.L\Flutter\fresh_produce_app\FreshProduce.Api\FreshProduce.Api.csproj" (target "_InitializeSourceControlInformationFromSourceControlManager" depends on it):
       Using "Microsoft.SourceLink.GitHub.TranslateRepositoryUrls" task from assembly "C:\Program Files\dotnet\sdk\10.0.101\Sdks\Microsoft.SourceLink.GitHub\build\..\tools\net\Microsoft.SourceLink.GitHub.dll".
       Task "Microsoft.SourceLink.GitHub.TranslateRepositoryUrls"
       Done executing task "Microsoft.SourceLink.GitHub.TranslateRepositoryUrls".
   1:7>Done building target "TranslateGitHubUrlsInSourceControlInformation" in project "FreshProduce.Api.csproj".
   1:7>Target "TranslateGitLabUrlsInSourceControlInformation" in file "C:\Program Files\dotnet\sdk\10.0.101\Sdks\Microsoft.SourceLink.GitLab\build\Microsoft.SourceLink.GitLab.targets" from project "D:\P.L\Flutter\fresh_produce_app\FreshProduce.Api\FreshProduce.Api.csproj" (target "_InitializeSourceControlInformationFromSourceControlManager" depends on it):
       Using "Microsoft.SourceLink.GitLab.TranslateRepositoryUrls" task from assembly "C:\Program Files\dotnet\sdk\10.0.101\Sdks\Microsoft.SourceLink.GitLab\build\..\tools\net\Microsoft.SourceLink.GitLab.dll".
       Task "Microsoft.SourceLink.GitLab.TranslateRepositoryUrls"
       Done executing task "Microsoft.SourceLink.GitLab.TranslateRepositoryUrls".
   1:7>Done building target "TranslateGitLabUrlsInSourceControlInformation" in project "FreshProduce.Api.csproj".
   1:7>Target "TranslateAzureReposGitUrlsInSourceControlInformation" in file "C:\Program Files\dotnet\sdk\10.0.101\Sdks\Microsoft.SourceLink.AzureRepos.Git\build\Microsoft.SourceLink.AzureRepos.Git.targets" from project "D:\P.L\Flutter\fresh_produce_app\FreshProduce.Api\FreshProduce.Api.csproj" (target "_InitializeSourceControlInformationFromSourceControlManager" depends on it):
       Using "Microsoft.SourceLink.AzureRepos.Git.TranslateRepositoryUrls" task from assembly "C:\Program Files\dotnet\sdk\10.0.101\Sdks\Microsoft.SourceLink.AzureRepos.Git\build\..\tools\net\Microsoft.SourceLink.AzureRepos.Git.dll".
       Task "Microsoft.SourceLink.AzureRepos.Git.TranslateRepositoryUrls"
       Done executing task "Microsoft.SourceLink.AzureRepos.Git.TranslateRepositoryUrls".
   1:7>Done building target "TranslateAzureReposGitUrlsInSourceControlInformation" in project "FreshProduce.Api.csproj".
   1:7>Target "TranslateBitbucketGitUrlsInSourceControlInformation" in file "C:\Program Files\dotnet\sdk\10.0.101\Sdks\Microsoft.SourceLink.Bitbucket.Git\build\Microsoft.SourceLink.Bitbucket.Git.targets" from project "D:\P.L\Flutter\fresh_produce_app\FreshProduce.Api\FreshProduce.Api.csproj" (target "_InitializeSourceControlInformationFromSourceControlManager" depends on it):
       Using "Microsoft.SourceLink.Bitbucket.Git.TranslateRepositoryUrls" task from assembly "C:\Program Files\dotnet\sdk\10.0.101\Sdks\Microsoft.SourceLink.Bitbucket.Git\build\..\tools\net\Microsoft.SourceLink.Bitbucket.Git.dll".
       Task "Microsoft.SourceLink.Bitbucket.Git.TranslateRepositoryUrls"
       Done executing task "Microsoft.SourceLink.Bitbucket.Git.TranslateRepositoryUrls".
   1:7>Done building target "TranslateBitbucketGitUrlsInSourceControlInformation" in project "FreshProduce.Api.csproj".
   1:7>Target "SourceControlManagerPublishTranslatedUrls" in file "C:\Program Files\dotnet\sdk\10.0.101\Sdks\Microsoft.SourceLink.Common\build\InitializeSourceControlInformation.targets" from project "D:\P.L\Flutter\fresh_produce_app\FreshProduce.Api\FreshProduce.Api.csproj" (target "_InitializeSourceControlInformationFromSourceControlManager" depends on it):
   1:7>Done building target "SourceControlManagerPublishTranslatedUrls" in project "FreshProduce.Api.csproj".
   1:7>Target "_InitializeSourceControlInformationFromSourceControlManager" in file "C:\Program Files\dotnet\sdk\10.0.101\Sdks\Microsoft.SourceLink.Common\build\InitializeSourceControlInformation.targets" from project "D:\P.L\Flutter\fresh_produce_app\FreshProduce.Api\FreshProduce.Api.csproj" (target "InitializeSourceControlInformation" depends on it):
   1:7>Done building target "_InitializeSourceControlInformationFromSourceControlManager" in project "FreshProduce.Api.csproj".
   1:7>Target "InitializeSourceControlInformation" in file "C:\Program Files\dotnet\sdk\10.0.101\Microsoft.Common.CurrentVersion.targets" from project "D:\P.L\Flutter\fresh_produce_app\FreshProduce.Api\FreshProduce.Api.csproj" (target "GetAssemblyAttributes" depends on it):
   1:7>Done building target "InitializeSourceControlInformation" in project "FreshProduce.Api.csproj".
       Target "GetAssemblyVersion" skipped. Previously built successfully.
       Target "InitializeSourceControlInformation" skipped. Previously built successfully.
   1:7>Target "AddSourceRevisionToInformationalVersion" in file "C:\Program Files\dotnet\sdk\10.0.101\Sdks\Microsoft.NET.Sdk\targets\Microsoft.NET.GenerateAssemblyInfo.targets" from project "D:\P.L\Flutter\fresh_produce_app\FreshProduce.Api\FreshProduce.Api.csproj" (target "GetAssemblyAttributes" depends on it):
   1:7>Done building target "AddSourceRevisionToInformationalVersion" in project "FreshProduce.Api.csproj".
   1:7>Target "GetAssemblyAttributes" in file "C:\Program Files\dotnet\sdk\10.0.101\Sdks\Microsoft.NET.Sdk\targets\Microsoft.NET.GenerateAssemblyInfo.targets" from project "D:\P.L\Flutter\fresh_produce_app\FreshProduce.Api\FreshProduce.Api.csproj" (target "CreateGeneratedAssemblyInfoInputsCacheFile" depends on it):
   1:7>Done building target "GetAssemblyAttributes" in project "FreshProduce.Api.csproj".
   1:7>Target "CreateGeneratedAssemblyInfoInputsCacheFile" in file "C:\Program Files\dotnet\sdk\10.0.101\Sdks\Microsoft.NET.Sdk\targets\Microsoft.NET.GenerateAssemblyInfo.targets" from project "D:\P.L\Flutter\fresh_produce_app\FreshProduce.Api\FreshProduce.Api.csproj" (target "CoreGenerateAssemblyInfo" depends on it):
       Task "Hash"
       Done executing task "Hash".
       Task "WriteLinesToFile"
         Skipping write to file "obj\Debug\net9.0\FreshProduce.Api.AssemblyInfoInputs.cache" because content would not change.
       Done executing task "WriteLinesToFile".
   1:7>Done building target "CreateGeneratedAssemblyInfoInputsCacheFile" in project "FreshProduce.Api.csproj".
   1:7>Target "CoreGenerateAssemblyInfo" in file "C:\Program Files\dotnet\sdk\10.0.101\Sdks\Microsoft.NET.Sdk\targets\Microsoft.NET.GenerateAssemblyInfo.targets" from project "D:\P.L\Flutter\fresh_produce_app\FreshProduce.Api\FreshProduce.Api.csproj" (target "GenerateAssemblyInfo" depends on it):
       Skipping target "CoreGenerateAssemblyInfo" because all output files are up-to-date with respect to the input files.
       Input files: obj\Debug\net9.0\FreshProduce.Api.AssemblyInfoInputs.cache
       Output files: obj\Debug\net9.0\FreshProduce.Api.AssemblyInfo.cs
   1:7>Done building target "CoreGenerateAssemblyInfo" in project "FreshProduce.Api.csproj".
   1:7>Target "GenerateAssemblyInfo" in file "C:\Program Files\dotnet\sdk\10.0.101\Sdks\Microsoft.NET.Sdk\targets\Microsoft.NET.GenerateAssemblyInfo.targets" from project "D:\P.L\Flutter\fresh_produce_app\FreshProduce.Api\FreshProduce.Api.csproj" (target "BeforeCompile" depends on it):
   1:7>Done building target "GenerateAssemblyInfo" in project "FreshProduce.Api.csproj".
   1:7>Target "BeforeCompile" in file "C:\Program Files\dotnet\sdk\10.0.101\Microsoft.Common.CurrentVersion.targets" from project "D:\P.L\Flutter\fresh_produce_app\FreshProduce.Api\FreshProduce.Api.csproj" (target "Compile" depends on it):
   1:7>Done building target "BeforeCompile" in project "FreshProduce.Api.csproj".
       Target "ResolveAssemblyReferences" skipped. Previously built successfully.
       Target "_GenerateCompileInputs" skipped. Previously built successfully.
   1:7>Target "_GenerateCompileDependencyCache" in file "C:\Program Files\dotnet\sdk\10.0.101\Microsoft.Common.CurrentVersion.targets" from project "D:\P.L\Flutter\fresh_produce_app\FreshProduce.Api\FreshProduce.Api.csproj" (target "Compile" depends on it):
       Task "Hash"
       Done executing task "Hash".
       Task "WriteLinesToFile"
         Skipping write to file "obj\Debug\net9.0\FreshProduce.Api.csproj.CoreCompileInputs.cache" because content would not change.
       Done executing task "WriteLinesToFile".
   1:7>Done building target "_GenerateCompileDependencyCache" in project "FreshProduce.Api.csproj".
       Target "ResolveAssemblyReferences" skipped. Previously built successfully.
   1:7>Target "_DiscoverMvcApplicationParts" in file "C:\Program Files\dotnet\sdk\10.0.101\Sdks\Microsoft.NET.Sdk.Razor\targets\Microsoft.NET.Sdk.Razor.MvcApplicationPartsDiscovery.targets" from project "D:\P.L\Flutter\fresh_produce_app\FreshProduce.Api\FreshProduce.Api.csproj" (target "CoreCompile" depends on it):
       Skipping target "_DiscoverMvcApplicationParts" because all output files are up-to-date with respect to the input files.
       Input files: 
           D:\P.L\Flutter\fresh_produce_app\FreshProduce.Api\obj\project.assets.json
           D:\P.L\Flutter\fresh_produce_app\FreshProduce.Api\obj\FreshProduce.Api.csproj.nuget.g.props
           C:\Program Files\dotnet\sdk\10.0.101\Current\Microsoft.Common.targets\ImportAfter\Microsoft.TestPlatform.ImportAfter.targets
       Output files: obj\Debug\net9.0\FreshProduce.Api.MvcApplicationPartsAssemblyInfo.cache
   1:7>Done building target "_DiscoverMvcApplicationParts" in project "FreshProduce.Api.csproj".
       Target "ResolveRazorGenerateInputs" skipped. Previously built successfully.
   1:7>Target "_ResolveMvcAssemblyAttributes" in file "C:\Program Files\dotnet\sdk\10.0.101\Sdks\Microsoft.NET.Sdk.Razor\targets\Microsoft.NET.Sdk.Razor.Configuration.targets" from project "D:\P.L\Flutter\fresh_produce_app\FreshProduce.Api\FreshProduce.Api.csproj" (target "_GenerateRazorAssemblyInfo" depends on it):
   1:7>Done building target "_ResolveMvcAssemblyAttributes" in project "FreshProduce.Api.csproj".
       Target "PrepareForBuild" skipped. Previously built successfully.
   1:7>Target "_GenerateRazorAssemblyInfo" in file "C:\Program Files\dotnet\sdk\10.0.101\Sdks\Microsoft.NET.Sdk.Razor\targets\Microsoft.NET.Sdk.Razor.GenerateAssemblyInfo.targets" from project "D:\P.L\Flutter\fresh_produce_app\FreshProduce.Api\FreshProduce.Api.csproj" (target "CoreCompile" depends on it):
   1:7>Done building target "_GenerateRazorAssemblyInfo" in project "FreshProduce.Api.csproj".
   1:7>Target "_BeforeVBCSCoreCompile" in file "C:\Program Files\dotnet\sdk\10.0.101\Roslyn\Microsoft.Managed.Core.targets" from project "D:\P.L\Flutter\fresh_produce_app\FreshProduce.Api\FreshProduce.Api.csproj" (target "CoreCompile" depends on it):
   1:7>Done building target "_BeforeVBCSCoreCompile" in project "FreshProduce.Api.csproj".
   1:7>Target "_ComputeSkipAnalyzers" in file "C:\Program Files\dotnet\sdk\10.0.101\Roslyn\Microsoft.Managed.Core.targets" from project "D:\P.L\Flutter\fresh_produce_app\FreshProduce.Api\FreshProduce.Api.csproj" (target "CoreCompile" depends on it):
   1:7>Done building target "_ComputeSkipAnalyzers" in project "FreshProduce.Api.csproj".
   1:7>Target "AddGlobalAnalyzerConfigForPackage_MicrosoftCodeAnalysisAnalyzers" in file "C:\Users\Dell\.nuget\packages\microsoft.codeanalysis.analyzers\3.3.4\buildTransitive\Microsoft.CodeAnalysis.Analyzers.targets" from project "D:\P.L\Flutter\fresh_produce_app\FreshProduce.Api\FreshProduce.Api.csproj" (target "CoreCompile" depends on it):
   1:7>Done building target "AddGlobalAnalyzerConfigForPackage_MicrosoftCodeAnalysisAnalyzers" in project "FreshProduce.Api.csproj".
       Target "BeforeCompile" skipped. Previously built successfully.
       Target "InitializeSourceControlInformationFromSourceControlManager" skipped. Previously built successfully.
   1:7>Target "SetEmbeddedFilesFromSourceControlManagerUntrackedFiles" in file "C:\Program Files\dotnet\sdk\10.0.101\Sdks\Microsoft.Build.Tasks.Git\build\Microsoft.Build.Tasks.Git.targets" from project "D:\P.L\Flutter\fresh_produce_app\FreshProduce.Api\FreshProduce.Api.csproj" (target "_SetEmbeddedFilesFromSourceControlManagerUntrackedFiles" depends on it):
   1:7>Done building target "SetEmbeddedFilesFromSourceControlManagerUntrackedFiles" in project "FreshProduce.Api.csproj".
   1:7>Target "_SetEmbeddedFilesFromSourceControlManagerUntrackedFiles" in file "C:\Program Files\dotnet\sdk\10.0.101\Sdks\Microsoft.SourceLink.Common\build\Microsoft.SourceLink.Common.targets" from project "D:\P.L\Flutter\fresh_produce_app\FreshProduce.Api\FreshProduce.Api.csproj" (target "CoreCompile" depends on it):
   1:7>Done building target "_SetEmbeddedFilesFromSourceControlManagerUntrackedFiles" in project "FreshProduce.Api.csproj".
       Target "InitializeSourceControlInformation" skipped. Previously built successfully.
   1:7>Target "_SetSourceLinkFilePath" in file "C:\Program Files\dotnet\sdk\10.0.101\Sdks\Microsoft.SourceLink.Common\build\Microsoft.SourceLink.Common.targets" from project "D:\P.L\Flutter\fresh_produce_app\FreshProduce.Api\FreshProduce.Api.csproj" (target "_GenerateSourceLinkFile" depends on it):
   1:7>Done building target "_SetSourceLinkFilePath" in project "FreshProduce.Api.csproj".
       Target "InitializeSourceControlInformation" skipped. Previously built successfully.
   1:7>Target "_InitializeSourceRootMappedPathsFromSourceControl" in file "C:\Program Files\dotnet\sdk\10.0.101\Roslyn\Microsoft.Managed.Core.targets" from project "D:\P.L\Flutter\fresh_produce_app\FreshProduce.Api\FreshProduce.Api.csproj" (target "InitializeSourceRootMappedPaths" depends on it):
   1:7>Done building target "_InitializeSourceRootMappedPathsFromSourceControl" in project "FreshProduce.Api.csproj".
   1:7>Target "InitializeSourceRootMappedPaths" in file "C:\Program Files\dotnet\sdk\10.0.101\Roslyn\Microsoft.Managed.Core.targets" from project "D:\P.L\Flutter\fresh_produce_app\FreshProduce.Api\FreshProduce.Api.csproj" (target "_InitializeSourceRootMappedPathsOpt" depends on it):
       Using "Microsoft.CodeAnalysis.BuildTasks.MapSourceRoots" task from assembly "C:\Program Files\dotnet\sdk\10.0.101\Sdks\Microsoft.NET.Sdk\targets\..\..\..\Roslyn\Microsoft.Build.Tasks.CodeAnalysis.dll".
       Task "Microsoft.CodeAnalysis.BuildTasks.MapSourceRoots"
       Done executing task "Microsoft.CodeAnalysis.BuildTasks.MapSourceRoots".
   1:7>Done building target "InitializeSourceRootMappedPaths" in project "FreshProduce.Api.csproj".
   1:7>Target "_InitializeSourceRootMappedPathsOpt" in file "C:\Program Files\dotnet\sdk\10.0.101\Sdks\Microsoft.SourceLink.Common\build\Microsoft.SourceLink.Common.targets" from project "D:\P.L\Flutter\fresh_produce_app\FreshProduce.Api\FreshProduce.Api.csproj" (target "_GenerateSourceLinkFile" depends on it):
   1:7>Done building target "_InitializeSourceRootMappedPathsOpt" in project "FreshProduce.Api.csproj".
   1:7>Target "_InitializeGitHubSourceLinkUrl" in file "C:\Program Files\dotnet\sdk\10.0.101\Sdks\Microsoft.SourceLink.GitHub\build\Microsoft.SourceLink.GitHub.targets" from project "D:\P.L\Flutter\fresh_produce_app\FreshProduce.Api\FreshProduce.Api.csproj" (target "_GenerateSourceLinkFile" depends on it):
       Building target "_InitializeGitHubSourceLinkUrl" completely.
       No input files were specified.
       Using "Microsoft.SourceLink.GitHub.GetSourceLinkUrl" task from assembly "C:\Program Files\dotnet\sdk\10.0.101\Sdks\Microsoft.SourceLink.GitHub\build\..\tools\net\Microsoft.SourceLink.GitHub.dll".
       Task "Microsoft.SourceLink.GitHub.GetSourceLinkUrl"
       Done executing task "Microsoft.SourceLink.GitHub.GetSourceLinkUrl".
   1:7>Done building target "_InitializeGitHubSourceLinkUrl" in project "FreshProduce.Api.csproj".
   1:7>Target "_InitializeGitHubSourceLinkUrl" in file "C:\Program Files\dotnet\sdk\10.0.101\Sdks\Microsoft.SourceLink.GitHub\build\Microsoft.SourceLink.GitHub.targets" from project "D:\P.L\Flutter\fresh_produce_app\FreshProduce.Api\FreshProduce.Api.csproj" (target "_GenerateSourceLinkFile" depends on it):
       Building target "_InitializeGitHubSourceLinkUrl" completely.
       No input files were specified.
       Task "Microsoft.SourceLink.GitHub.GetSourceLinkUrl"
       Done executing task "Microsoft.SourceLink.GitHub.GetSourceLinkUrl".
   1:7>Done building target "_InitializeGitHubSourceLinkUrl" in project "FreshProduce.Api.csproj".
   1:7>Target "_InitializeGitLabSourceLinkUrl" in file "C:\Program Files\dotnet\sdk\10.0.101\Sdks\Microsoft.SourceLink.GitLab\build\Microsoft.SourceLink.GitLab.targets" from project "D:\P.L\Flutter\fresh_produce_app\FreshProduce.Api\FreshProduce.Api.csproj" (target "_GenerateSourceLinkFile" depends on it):
       Building target "_InitializeGitLabSourceLinkUrl" completely.
       No input files were specified.
       Using "Microsoft.SourceLink.GitLab.GetSourceLinkUrl" task from assembly "C:\Program Files\dotnet\sdk\10.0.101\Sdks\Microsoft.SourceLink.GitLab\build\..\tools\net\Microsoft.SourceLink.GitLab.dll".
       Task "Microsoft.SourceLink.GitLab.GetSourceLinkUrl"
       Done executing task "Microsoft.SourceLink.GitLab.GetSourceLinkUrl".
   1:7>Done building target "_InitializeGitLabSourceLinkUrl" in project "FreshProduce.Api.csproj".
   1:7>Target "_InitializeGitLabSourceLinkUrl" in file "C:\Program Files\dotnet\sdk\10.0.101\Sdks\Microsoft.SourceLink.GitLab\build\Microsoft.SourceLink.GitLab.targets" from project "D:\P.L\Flutter\fresh_produce_app\FreshProduce.Api\FreshProduce.Api.csproj" (target "_GenerateSourceLinkFile" depends on it):
       Building target "_InitializeGitLabSourceLinkUrl" completely.
       No input files were specified.
       Task "Microsoft.SourceLink.GitLab.GetSourceLinkUrl"
       Done executing task "Microsoft.SourceLink.GitLab.GetSourceLinkUrl".
   1:7>Done building target "_InitializeGitLabSourceLinkUrl" in project "FreshProduce.Api.csproj".
   1:7>Target "_InitializeAzureReposGitSourceLinkUrl" in file "C:\Program Files\dotnet\sdk\10.0.101\Sdks\Microsoft.SourceLink.AzureRepos.Git\build\Microsoft.SourceLink.AzureRepos.Git.targets" from project "D:\P.L\Flutter\fresh_produce_app\FreshProduce.Api\FreshProduce.Api.csproj" (target "_GenerateSourceLinkFile" depends on it):
       Building target "_InitializeAzureReposGitSourceLinkUrl" completely.
       No input files were specified.
       Using "Microsoft.SourceLink.AzureRepos.Git.GetSourceLinkUrl" task from assembly "C:\Program Files\dotnet\sdk\10.0.101\Sdks\Microsoft.SourceLink.AzureRepos.Git\build\..\tools\net\Microsoft.SourceLink.AzureRepos.Git.dll".
       Task "Microsoft.SourceLink.AzureRepos.Git.GetSourceLinkUrl"
       Done executing task "Microsoft.SourceLink.AzureRepos.Git.GetSourceLinkUrl".
   1:7>Done building target "_InitializeAzureReposGitSourceLinkUrl" in project "FreshProduce.Api.csproj".
   1:7>Target "_InitializeAzureReposGitSourceLinkUrl" in file "C:\Program Files\dotnet\sdk\10.0.101\Sdks\Microsoft.SourceLink.AzureRepos.Git\build\Microsoft.SourceLink.AzureRepos.Git.targets" from project "D:\P.L\Flutter\fresh_produce_app\FreshProduce.Api\FreshProduce.Api.csproj" (target "_GenerateSourceLinkFile" depends on it):
       Building target "_InitializeAzureReposGitSourceLinkUrl" completely.
       No input files were specified.
       Task "Microsoft.SourceLink.AzureRepos.Git.GetSourceLinkUrl"
       Done executing task "Microsoft.SourceLink.AzureRepos.Git.GetSourceLinkUrl".
   1:7>Done building target "_InitializeAzureReposGitSourceLinkUrl" in project "FreshProduce.Api.csproj".
   1:7>Target "_InitializeBitbucketGitSourceLinkUrl" in file "C:\Program Files\dotnet\sdk\10.0.101\Sdks\Microsoft.SourceLink.Bitbucket.Git\build\Microsoft.SourceLink.Bitbucket.Git.targets" from project "D:\P.L\Flutter\fresh_produce_app\FreshProduce.Api\FreshProduce.Api.csproj" (target "_GenerateSourceLinkFile" depends on it):
       Building target "_InitializeBitbucketGitSourceLinkUrl" completely.
       No input files were specified.
       Using "Microsoft.SourceLink.Bitbucket.Git.GetSourceLinkUrl" task from assembly "C:\Program Files\dotnet\sdk\10.0.101\Sdks\Microsoft.SourceLink.Bitbucket.Git\build\..\tools\net\Microsoft.SourceLink.Bitbucket.Git.dll".
       Task "Microsoft.SourceLink.Bitbucket.Git.GetSourceLinkUrl"
       Done executing task "Microsoft.SourceLink.Bitbucket.Git.GetSourceLinkUrl".
   1:7>Done building target "_InitializeBitbucketGitSourceLinkUrl" in project "FreshProduce.Api.csproj".
   1:7>Target "_InitializeBitbucketGitSourceLinkUrl" in file "C:\Program Files\dotnet\sdk\10.0.101\Sdks\Microsoft.SourceLink.Bitbucket.Git\build\Microsoft.SourceLink.Bitbucket.Git.targets" from project "D:\P.L\Flutter\fresh_produce_app\FreshProduce.Api\FreshProduce.Api.csproj" (target "_GenerateSourceLinkFile" depends on it):
       Building target "_InitializeBitbucketGitSourceLinkUrl" completely.
       No input files were specified.
       Task "Microsoft.SourceLink.Bitbucket.Git.GetSourceLinkUrl"
       Done executing task "Microsoft.SourceLink.Bitbucket.Git.GetSourceLinkUrl".
   1:7>Done building target "_InitializeBitbucketGitSourceLinkUrl" in project "FreshProduce.Api.csproj".
   1:7>Target "_GenerateSourceLinkFile" in file "C:\Program Files\dotnet\sdk\10.0.101\Sdks\Microsoft.SourceLink.Common\build\Microsoft.SourceLink.Common.targets" from project "D:\P.L\Flutter\fresh_produce_app\FreshProduce.Api\FreshProduce.Api.csproj" (target "GenerateSourceLinkFile" depends on it):
       Building target "_GenerateSourceLinkFile" completely.
       No input files were specified.
       Using "Microsoft.SourceLink.Common.GenerateSourceLinkFile" task from assembly "C:\Program Files\dotnet\sdk\10.0.101\Sdks\Microsoft.SourceLink.Common\build\..\tools\net\Microsoft.SourceLink.Common.dll".
       Task "Microsoft.SourceLink.Common.GenerateSourceLinkFile"
         Source Link is empty, file 'obj\Debug\net9.0\FreshProduce.Api.sourcelink.json' does not exist.
       Done executing task "Microsoft.SourceLink.Common.GenerateSourceLinkFile".
   1:7>Done building target "_GenerateSourceLinkFile" in project "FreshProduce.Api.csproj".
   1:7>Target "GenerateSourceLinkFile" in file "C:\Program Files\dotnet\sdk\10.0.101\Sdks\Microsoft.SourceLink.Common\build\Microsoft.SourceLink.Common.targets" from project "D:\P.L\Flutter\fresh_produce_app\FreshProduce.Api\FreshProduce.Api.csproj" (target "CoreCompile" depends on it):
   1:7>Done building target "GenerateSourceLinkFile" in project "FreshProduce.Api.csproj".
   1:7>Target "AddGlobalAnalyzerConfigForPackage_MicrosoftCodeAnalysisNetAnalyzers" in file "C:\Program Files\dotnet\sdk\10.0.101\Sdks\Microsoft.NET.Sdk\analyzers\build\Microsoft.CodeAnalysis.NetAnalyzers.targets" from project "D:\P.L\Flutter\fresh_produce_app\FreshProduce.Api\FreshProduce.Api.csproj" (target "CoreCompile" depends on it):
   1:7>Done building target "AddGlobalAnalyzerConfigForPackage_MicrosoftCodeAnalysisNetAnalyzers" in project "FreshProduce.Api.csproj".
   1:7>Target "CoreCompile" in file "C:\Program Files\dotnet\sdk\10.0.101\Roslyn\Microsoft.CSharp.Core.targets" from project "D:\P.L\Flutter\fresh_produce_app\FreshProduce.Api\FreshProduce.Api.csproj" (target "Compile" depends on it):
       Skipping target "CoreCompile" because all output files are up-to-date with respect to the input files.
       Input files: 
           Controllers\AccountController.cs
           Controllers\NeighborhoodsController.cs
           Controllers\OrdersController.cs
           Controllers\PaymentsController.cs
           Controllers\ProductsController.cs
           Controllers\RoundsController.cs
           Program.cs
           obj\Debug\net9.0\FreshProduce.Api.GlobalUsings.g.cs
           obj\Debug\net9.0\.NETCoreApp,Version=v9.0.AssemblyAttributes.cs
           obj\Debug\net9.0\FreshProduce.Api.AssemblyInfo.cs
           obj\Debug\net9.0\FreshProduce.Api.MvcApplicationPartsAssemblyInfo.cs
           C:\Users\Dell\.nuget\packages\azure.core\1.38.0\lib\net6.0\Azure.Core.dll
           C:\Users\Dell\.nuget\packages\azure.identity\1.11.4\lib\netstandard2.0\Azure.Identity.dll
           D:\P.L\Flutter\fresh_produce_app\FreshProduce.Application\obj\Debug\net9.0\ref\FreshProduce.Application.dll
           D:\P.L\Flutter\fresh_produce_app\FreshProduce.Domain\obj\Debug\net9.0\ref\FreshProduce.Domain.dll
           D:\P.L\Flutter\fresh_produce_app\FreshProduce.Infrastructure\obj\Debug\net9.0\ref\FreshProduce.Infrastructure.dll
           C:\Program Files\dotnet\packs\Microsoft.AspNetCore.App.Ref\9.0.11\ref\net9.0\Microsoft.AspNetCore.Antiforgery.dll
           C:\Program Files\dotnet\packs\Microsoft.AspNetCore.App.Ref\9.0.11\ref\net9.0\Microsoft.AspNetCore.Authentication.Abstractions.dll
           C:\Program Files\dotnet\packs\Microsoft.AspNetCore.App.Ref\9.0.11\ref\net9.0\Microsoft.AspNetCore.Authentication.BearerToken.dll
           C:\Program Files\dotnet\packs\Microsoft.AspNetCore.App.Ref\9.0.11\ref\net9.0\Microsoft.AspNetCore.Authentication.Cookies.dll
           C:\Program Files\dotnet\packs\Microsoft.AspNetCore.App.Ref\9.0.11\ref\net9.0\Microsoft.AspNetCore.Authentication.Core.dll
           C:\Program Files\dotnet\packs\Microsoft.AspNetCore.App.Ref\9.0.11\ref\net9.0\Microsoft.AspNetCore.Authentication.dll
           C:\Users\Dell\.nuget\packages\microsoft.aspnetcore.authentication.jwtbearer\9.0.0\lib\net9.0\Microsoft.AspNetCore.Authentication.JwtBearer.dll
           C:\Program Files\dotnet\packs\Microsoft.AspNetCore.App.Ref\9.0.11\ref\net9.0\Microsoft.AspNetCore.Authentication.OAuth.dll
           C:\Program Files\dotnet\packs\Microsoft.AspNetCore.App.Ref\9.0.11\ref\net9.0\Microsoft.AspNetCore.Authorization.dll
           C:\Program Files\dotnet\packs\Microsoft.AspNetCore.App.Ref\9.0.11\ref\net9.0\Microsoft.AspNetCore.Authorization.Policy.dll
           C:\Program Files\dotnet\packs\Microsoft.AspNetCore.App.Ref\9.0.11\ref\net9.0\Microsoft.AspNetCore.Components.Authorization.dll
           C:\Program Files\dotnet\packs\Microsoft.AspNetCore.App.Ref\9.0.11\ref\net9.0\Microsoft.AspNetCore.Components.dll
           C:\Program Files\dotnet\packs\Microsoft.AspNetCore.App.Ref\9.0.11\ref\net9.0\Microsoft.AspNetCore.Components.Endpoints.dll
           C:\Program Files\dotnet\packs\Microsoft.AspNetCore.App.Ref\9.0.11\ref\net9.0\Microsoft.AspNetCore.Components.Forms.dll
           C:\Program Files\dotnet\packs\Microsoft.AspNetCore.App.Ref\9.0.11\ref\net9.0\Microsoft.AspNetCore.Components.Server.dll
           C:\Program Files\dotnet\packs\Microsoft.AspNetCore.App.Ref\9.0.11\ref\net9.0\Microsoft.AspNetCore.Components.Web.dll
           C:\Program Files\dotnet\packs\Microsoft.AspNetCore.App.Ref\9.0.11\ref\net9.0\Microsoft.AspNetCore.Connections.Abstractions.dll
           C:\Program Files\dotnet\packs\Microsoft.AspNetCore.App.Ref\9.0.11\ref\net9.0\Microsoft.AspNetCore.CookiePolicy.dll
           C:\Program Files\dotnet\packs\Microsoft.AspNetCore.App.Ref\9.0.11\ref\net9.0\Microsoft.AspNetCore.Cors.dll
           C:\Program Files\dotnet\packs\Microsoft.AspNetCore.App.Ref\9.0.11\ref\net9.0\Microsoft.AspNetCore.Cryptography.Internal.dll
           C:\Program Files\dotnet\packs\Microsoft.AspNetCore.App.Ref\9.0.11\ref\net9.0\Microsoft.AspNetCore.Cryptography.KeyDerivation.dll
           C:\Program Files\dotnet\packs\Microsoft.AspNetCore.App.Ref\9.0.11\ref\net9.0\Microsoft.AspNetCore.DataProtection.Abstractions.dll
           C:\Program Files\dotnet\packs\Microsoft.AspNetCore.App.Ref\9.0.11\ref\net9.0\Microsoft.AspNetCore.DataProtection.dll
           C:\Program Files\dotnet\packs\Microsoft.AspNetCore.App.Ref\9.0.11\ref\net9.0\Microsoft.AspNetCore.DataProtection.Extensions.dll
           C:\Program Files\dotnet\packs\Microsoft.AspNetCore.App.Ref\9.0.11\ref\net9.0\Microsoft.AspNetCore.Diagnostics.Abstractions.dll
           C:\Program Files\dotnet\packs\Microsoft.AspNetCore.App.Ref\9.0.11\ref\net9.0\Microsoft.AspNetCore.Diagnostics.dll
           C:\Program Files\dotnet\packs\Microsoft.AspNetCore.App.Ref\9.0.11\ref\net9.0\Microsoft.AspNetCore.Diagnostics.HealthChecks.dll
           C:\Program Files\dotnet\packs\Microsoft.AspNetCore.App.Ref\9.0.11\ref\net9.0\Microsoft.AspNetCore.dll
           C:\Program Files\dotnet\packs\Microsoft.AspNetCore.App.Ref\9.0.11\ref\net9.0\Microsoft.AspNetCore.HostFiltering.dll
           C:\Program Files\dotnet\packs\Microsoft.AspNetCore.App.Ref\9.0.11\ref\net9.0\Microsoft.AspNetCore.Hosting.Abstractions.dll
           C:\Program Files\dotnet\packs\Microsoft.AspNetCore.App.Ref\9.0.11\ref\net9.0\Microsoft.AspNetCore.Hosting.dll
           C:\Program Files\dotnet\packs\Microsoft.AspNetCore.App.Ref\9.0.11\ref\net9.0\Microsoft.AspNetCore.Hosting.Server.Abstractions.dll
           C:\Program Files\dotnet\packs\Microsoft.AspNetCore.App.Ref\9.0.11\ref\net9.0\Microsoft.AspNetCore.Html.Abstractions.dll
           C:\Program Files\dotnet\packs\Microsoft.AspNetCore.App.Ref\9.0.11\ref\net9.0\Microsoft.AspNetCore.Http.Abstractions.dll
           C:\Program Files\dotnet\packs\Microsoft.AspNetCore.App.Ref\9.0.11\ref\net9.0\Microsoft.AspNetCore.Http.Connections.Common.dll
           C:\Program Files\dotnet\packs\Microsoft.AspNetCore.App.Ref\9.0.11\ref\net9.0\Microsoft.AspNetCore.Http.Connections.dll
           C:\Program Files\dotnet\packs\Microsoft.AspNetCore.App.Ref\9.0.11\ref\net9.0\Microsoft.AspNetCore.Http.dll
           C:\Program Files\dotnet\packs\Microsoft.AspNetCore.App.Ref\9.0.11\ref\net9.0\Microsoft.AspNetCore.Http.Extensions.dll
           C:\Program Files\dotnet\packs\Microsoft.AspNetCore.App.Ref\9.0.11\ref\net9.0\Microsoft.AspNetCore.Http.Features.dll
           C:\Program Files\dotnet\packs\Microsoft.AspNetCore.App.Ref\9.0.11\ref\net9.0\Microsoft.AspNetCore.Http.Results.dll
           C:\Program Files\dotnet\packs\Microsoft.AspNetCore.App.Ref\9.0.11\ref\net9.0\Microsoft.AspNetCore.HttpLogging.dll
           C:\Program Files\dotnet\packs\Microsoft.AspNetCore.App.Ref\9.0.11\ref\net9.0\Microsoft.AspNetCore.HttpOverrides.dll
           C:\Program Files\dotnet\packs\Microsoft.AspNetCore.App.Ref\9.0.11\ref\net9.0\Microsoft.AspNetCore.HttpsPolicy.dll
           C:\Program Files\dotnet\packs\Microsoft.AspNetCore.App.Ref\9.0.11\ref\net9.0\Microsoft.AspNetCore.Identity.dll
           C:\Users\Dell\.nuget\packages\microsoft.aspnetcore.identity.entityframeworkcore\9.0.0\lib\net9.0\Microsoft.AspNetCore.Identity.EntityFrameworkCore.dll
           C:\Program Files\dotnet\packs\Microsoft.AspNetCore.App.Ref\9.0.11\ref\net9.0\Microsoft.AspNetCore.Localization.dll
           C:\Program Files\dotnet\packs\Microsoft.AspNetCore.App.Ref\9.0.11\ref\net9.0\Microsoft.AspNetCore.Localization.Routing.dll
           C:\Program Files\dotnet\packs\Microsoft.AspNetCore.App.Ref\9.0.11\ref\net9.0\Microsoft.AspNetCore.Metadata.dll
           C:\Program Files\dotnet\packs\Microsoft.AspNetCore.App.Ref\9.0.11\ref\net9.0\Microsoft.AspNetCore.Mvc.Abstractions.dll
           C:\Program Files\dotnet\packs\Microsoft.AspNetCore.App.Ref\9.0.11\ref\net9.0\Microsoft.AspNetCore.Mvc.ApiExplorer.dll
           C:\Program Files\dotnet\packs\Microsoft.AspNetCore.App.Ref\9.0.11\ref\net9.0\Microsoft.AspNetCore.Mvc.Core.dll
           C:\Program Files\dotnet\packs\Microsoft.AspNetCore.App.Ref\9.0.11\ref\net9.0\Microsoft.AspNetCore.Mvc.Cors.dll
           C:\Program Files\dotnet\packs\Microsoft.AspNetCore.App.Ref\9.0.11\ref\net9.0\Microsoft.AspNetCore.Mvc.DataAnnotations.dll
           C:\Program Files\dotnet\packs\Microsoft.AspNetCore.App.Ref\9.0.11\ref\net9.0\Microsoft.AspNetCore.Mvc.dll
           C:\Program Files\dotnet\packs\Microsoft.AspNetCore.App.Ref\9.0.11\ref\net9.0\Microsoft.AspNetCore.Mvc.Formatters.Json.dll
           C:\Program Files\dotnet\packs\Microsoft.AspNetCore.App.Ref\9.0.11\ref\net9.0\Microsoft.AspNetCore.Mvc.Formatters.Xml.dll
           C:\Program Files\dotnet\packs\Microsoft.AspNetCore.App.Ref\9.0.11\ref\net9.0\Microsoft.AspNetCore.Mvc.Localization.dll
           C:\Program Files\dotnet\packs\Microsoft.AspNetCore.App.Ref\9.0.11\ref\net9.0\Microsoft.AspNetCore.Mvc.Razor.dll
           C:\Program Files\dotnet\packs\Microsoft.AspNetCore.App.Ref\9.0.11\ref\net9.0\Microsoft.AspNetCore.Mvc.RazorPages.dll
           C:\Program Files\dotnet\packs\Microsoft.AspNetCore.App.Ref\9.0.11\ref\net9.0\Microsoft.AspNetCore.Mvc.TagHelpers.dll
           C:\Program Files\dotnet\packs\Microsoft.AspNetCore.App.Ref\9.0.11\ref\net9.0\Microsoft.AspNetCore.Mvc.ViewFeatures.dll
           C:\Users\Dell\.nuget\packages\microsoft.aspnetcore.openapi\9.0.0\lib\net9.0\Microsoft.AspNetCore.OpenApi.dll
           C:\Program Files\dotnet\packs\Microsoft.AspNetCore.App.Ref\9.0.11\ref\net9.0\Microsoft.AspNetCore.OutputCaching.dll
           C:\Program Files\dotnet\packs\Microsoft.AspNetCore.App.Ref\9.0.11\ref\net9.0\Microsoft.AspNetCore.RateLimiting.dll
           C:\Program Files\dotnet\packs\Microsoft.AspNetCore.App.Ref\9.0.11\ref\net9.0\Microsoft.AspNetCore.Razor.dll
           C:\Program Files\dotnet\packs\Microsoft.AspNetCore.App.Ref\9.0.11\ref\net9.0\Microsoft.AspNetCore.Razor.Runtime.dll
           C:\Program Files\dotnet\packs\Microsoft.AspNetCore.App.Ref\9.0.11\ref\net9.0\Microsoft.AspNetCore.RequestDecompression.dll
           C:\Program Files\dotnet\packs\Microsoft.AspNetCore.App.Ref\9.0.11\ref\net9.0\Microsoft.AspNetCore.ResponseCaching.Abstractions.dll
           C:\Program Files\dotnet\packs\Microsoft.AspNetCore.App.Ref\9.0.11\ref\net9.0\Microsoft.AspNetCore.ResponseCaching.dll
           C:\Program Files\dotnet\packs\Microsoft.AspNetCore.App.Ref\9.0.11\ref\net9.0\Microsoft.AspNetCore.ResponseCompression.dll
           C:\Program Files\dotnet\packs\Microsoft.AspNetCore.App.Ref\9.0.11\ref\net9.0\Microsoft.AspNetCore.Rewrite.dll
           C:\Program Files\dotnet\packs\Microsoft.AspNetCore.App.Ref\9.0.11\ref\net9.0\Microsoft.AspNetCore.Routing.Abstractions.dll
           C:\Program Files\dotnet\packs\Microsoft.AspNetCore.App.Ref\9.0.11\ref\net9.0\Microsoft.AspNetCore.Routing.dll
           C:\Program Files\dotnet\packs\Microsoft.AspNetCore.App.Ref\9.0.11\ref\net9.0\Microsoft.AspNetCore.Server.HttpSys.dll
           C:\Program Files\dotnet\packs\Microsoft.AspNetCore.App.Ref\9.0.11\ref\net9.0\Microsoft.AspNetCore.Server.IIS.dll
           C:\Program Files\dotnet\packs\Microsoft.AspNetCore.App.Ref\9.0.11\ref\net9.0\Microsoft.AspNetCore.Server.IISIntegration.dll
           C:\Program Files\dotnet\packs\Microsoft.AspNetCore.App.Ref\9.0.11\ref\net9.0\Microsoft.AspNetCore.Server.Kestrel.Core.dll
           C:\Program Files\dotnet\packs\Microsoft.AspNetCore.App.Ref\9.0.11\ref\net9.0\Microsoft.AspNetCore.Server.Kestrel.dll
           C:\Program Files\dotnet\packs\Microsoft.AspNetCore.App.Ref\9.0.11\ref\net9.0\Microsoft.AspNetCore.Server.Kestrel.Transport.NamedPipes.dll
           C:\Program Files\dotnet\packs\Microsoft.AspNetCore.App.Ref\9.0.11\ref\net9.0\Microsoft.AspNetCore.Server.Kestrel.Transport.Quic.dll
           C:\Program Files\dotnet\packs\Microsoft.AspNetCore.App.Ref\9.0.11\ref\net9.0\Microsoft.AspNetCore.Server.Kestrel.Transport.Sockets.dll
           C:\Program Files\dotnet\packs\Microsoft.AspNetCore.App.Ref\9.0.11\ref\net9.0\Microsoft.AspNetCore.Session.dll
           C:\Program Files\dotnet\packs\Microsoft.AspNetCore.App.Ref\9.0.11\ref\net9.0\Microsoft.AspNetCore.SignalR.Common.dll
           C:\Program Files\dotnet\packs\Microsoft.AspNetCore.App.Ref\9.0.11\ref\net9.0\Microsoft.AspNetCore.SignalR.Core.dll
           C:\Program Files\dotnet\packs\Microsoft.AspNetCore.App.Ref\9.0.11\ref\net9.0\Microsoft.AspNetCore.SignalR.dll
           C:\Program Files\dotnet\packs\Microsoft.AspNetCore.App.Ref\9.0.11\ref\net9.0\Microsoft.AspNetCore.SignalR.Protocols.Json.dll
           C:\Program Files\dotnet\packs\Microsoft.AspNetCore.App.Ref\9.0.11\ref\net9.0\Microsoft.AspNetCore.StaticAssets.dll
           C:\Program Files\dotnet\packs\Microsoft.AspNetCore.App.Ref\9.0.11\ref\net9.0\Microsoft.AspNetCore.StaticFiles.dll
           C:\Program Files\dotnet\packs\Microsoft.AspNetCore.App.Ref\9.0.11\ref\net9.0\Microsoft.AspNetCore.WebSockets.dll
           C:\Program Files\dotnet\packs\Microsoft.AspNetCore.App.Ref\9.0.11\ref\net9.0\Microsoft.AspNetCore.WebUtilities.dll
           C:\Users\Dell\.nuget\packages\microsoft.bcl.asyncinterfaces\7.0.0\lib\netstandard2.1\Microsoft.Bcl.AsyncInterfaces.dll
           C:\Program Files\dotnet\packs\Microsoft.NETCore.App.Ref\9.0.11\ref\net9.0\Microsoft.CSharp.dll
           C:\Users\Dell\.nuget\packages\microsoft.data.sqlclient\5.1.6\ref\net6.0\Microsoft.Data.SqlClient.dll
           C:\Users\Dell\.nuget\packages\microsoft.entityframeworkcore.abstractions\9.0.0\lib\net8.0\Microsoft.EntityFrameworkCore.Abstractions.dll
           C:\Users\Dell\.nuget\packages\microsoft.entityframeworkcore\9.0.0\lib\net8.0\Microsoft.EntityFrameworkCore.dll
           C:\Users\Dell\.nuget\packages\microsoft.entityframeworkcore.inmemory\9.0.0\lib\net8.0\Microsoft.EntityFrameworkCore.InMemory.dll
           C:\Users\Dell\.nuget\packages\microsoft.entityframeworkcore.relational\9.0.0\lib\net8.0\Microsoft.EntityFrameworkCore.Relational.dll
           C:\Users\Dell\.nuget\packages\microsoft.entityframeworkcore.sqlserver\9.0.0\lib\net8.0\Microsoft.EntityFrameworkCore.SqlServer.dll
           C:\Program Files\dotnet\packs\Microsoft.AspNetCore.App.Ref\9.0.11\ref\net9.0\Microsoft.Extensions.Caching.Abstractions.dll
           C:\Program Files\dotnet\packs\Microsoft.AspNetCore.App.Ref\9.0.11\ref\net9.0\Microsoft.Extensions.Caching.Memory.dll
           C:\Program Files\dotnet\packs\Microsoft.AspNetCore.App.Ref\9.0.11\ref\net9.0\Microsoft.Extensions.Configuration.Abstractions.dll
           C:\Program Files\dotnet\packs\Microsoft.AspNetCore.App.Ref\9.0.11\ref\net9.0\Microsoft.Extensions.Configuration.Binder.dll
           C:\Program Files\dotnet\packs\Microsoft.AspNetCore.App.Ref\9.0.11\ref\net9.0\Microsoft.Extensions.Configuration.CommandLine.dll
           C:\Program Files\dotnet\packs\Microsoft.AspNetCore.App.Ref\9.0.11\ref\net9.0\Microsoft.Extensions.Configuration.dll
           C:\Program Files\dotnet\packs\Microsoft.AspNetCore.App.Ref\9.0.11\ref\net9.0\Microsoft.Extensions.Configuration.EnvironmentVariables.dll
           C:\Program Files\dotnet\packs\Microsoft.AspNetCore.App.Ref\9.0.11\ref\net9.0\Microsoft.Extensions.Configuration.FileExtensions.dll
           C:\Program Files\dotnet\packs\Microsoft.AspNetCore.App.Ref\9.0.11\ref\net9.0\Microsoft.Extensions.Configuration.Ini.dll
           C:\Program Files\dotnet\packs\Microsoft.AspNetCore.App.Ref\9.0.11\ref\net9.0\Microsoft.Extensions.Configuration.Json.dll
           C:\Program Files\dotnet\packs\Microsoft.AspNetCore.App.Ref\9.0.11\ref\net9.0\Microsoft.Extensions.Configuration.KeyPerFile.dll
           C:\Program Files\dotnet\packs\Microsoft.AspNetCore.App.Ref\9.0.11\ref\net9.0\Microsoft.Extensions.Configuration.UserSecrets.dll
           C:\Program Files\dotnet\packs\Microsoft.AspNetCore.App.Ref\9.0.11\ref\net9.0\Microsoft.Extensions.Configuration.Xml.dll
           C:\Program Files\dotnet\packs\Microsoft.AspNetCore.App.Ref\9.0.11\ref\net9.0\Microsoft.Extensions.DependencyInjection.Abstractions.dll
           C:\Program Files\dotnet\packs\Microsoft.AspNetCore.App.Ref\9.0.11\ref\net9.0\Microsoft.Extensions.DependencyInjection.dll
           C:\Program Files\dotnet\packs\Microsoft.AspNetCore.App.Ref\9.0.11\ref\net9.0\Microsoft.Extensions.Diagnostics.Abstractions.dll
           C:\Program Files\dotnet\packs\Microsoft.AspNetCore.App.Ref\9.0.11\ref\net9.0\Microsoft.Extensions.Diagnostics.dll
           C:\Program Files\dotnet\packs\Microsoft.AspNetCore.App.Ref\9.0.11\ref\net9.0\Microsoft.Extensions.Diagnostics.HealthChecks.Abstractions.dll
           C:\Program Files\dotnet\packs\Microsoft.AspNetCore.App.Ref\9.0.11\ref\net9.0\Microsoft.Extensions.Diagnostics.HealthChecks.dll
           C:\Program Files\dotnet\packs\Microsoft.AspNetCore.App.Ref\9.0.11\ref\net9.0\Microsoft.Extensions.Features.dll
           C:\Program Files\dotnet\packs\Microsoft.AspNetCore.App.Ref\9.0.11\ref\net9.0\Microsoft.Extensions.FileProviders.Abstractions.dll
           C:\Program Files\dotnet\packs\Microsoft.AspNetCore.App.Ref\9.0.11\ref\net9.0\Microsoft.Extensions.FileProviders.Composite.dll
           C:\Program Files\dotnet\packs\Microsoft.AspNetCore.App.Ref\9.0.11\ref\net9.0\Microsoft.Extensions.FileProviders.Embedded.dll
           C:\Program Files\dotnet\packs\Microsoft.AspNetCore.App.Ref\9.0.11\ref\net9.0\Microsoft.Extensions.FileProviders.Physical.dll
           C:\Program Files\dotnet\packs\Microsoft.AspNetCore.App.Ref\9.0.11\ref\net9.0\Microsoft.Extensions.FileSystemGlobbing.dll
           C:\Program Files\dotnet\packs\Microsoft.AspNetCore.App.Ref\9.0.11\ref\net9.0\Microsoft.Extensions.Hosting.Abstractions.dll
           C:\Program Files\dotnet\packs\Microsoft.AspNetCore.App.Ref\9.0.11\ref\net9.0\Microsoft.Extensions.Hosting.dll
           C:\Program Files\dotnet\packs\Microsoft.AspNetCore.App.Ref\9.0.11\ref\net9.0\Microsoft.Extensions.Http.dll
           C:\Program Files\dotnet\packs\Microsoft.AspNetCore.App.Ref\9.0.11\ref\net9.0\Microsoft.Extensions.Identity.Core.dll
           C:\Program Files\dotnet\packs\Microsoft.AspNetCore.App.Ref\9.0.11\ref\net9.0\Microsoft.Extensions.Identity.Stores.dll
           C:\Program Files\dotnet\packs\Microsoft.AspNetCore.App.Ref\9.0.11\ref\net9.0\Microsoft.Extensions.Localization.Abstractions.dll
           C:\Program Files\dotnet\packs\Microsoft.AspNetCore.App.Ref\9.0.11\ref\net9.0\Microsoft.Extensions.Localization.dll
           C:\Program Files\dotnet\packs\Microsoft.AspNetCore.App.Ref\9.0.11\ref\net9.0\Microsoft.Extensions.Logging.Abstractions.dll
           C:\Program Files\dotnet\packs\Microsoft.AspNetCore.App.Ref\9.0.11\ref\net9.0\Microsoft.Extensions.Logging.Configuration.dll
           C:\Program Files\dotnet\packs\Microsoft.AspNetCore.App.Ref\9.0.11\ref\net9.0\Microsoft.Extensions.Logging.Console.dll
           C:\Program Files\dotnet\packs\Microsoft.AspNetCore.App.Ref\9.0.11\ref\net9.0\Microsoft.Extensions.Logging.Debug.dll
           C:\Program Files\dotnet\packs\Microsoft.AspNetCore.App.Ref\9.0.11\ref\net9.0\Microsoft.Extensions.Logging.dll
           C:\Program Files\dotnet\packs\Microsoft.AspNetCore.App.Ref\9.0.11\ref\net9.0\Microsoft.Extensions.Logging.EventLog.dll
           C:\Program Files\dotnet\packs\Microsoft.AspNetCore.App.Ref\9.0.11\ref\net9.0\Microsoft.Extensions.Logging.EventSource.dll
           C:\Program Files\dotnet\packs\Microsoft.AspNetCore.App.Ref\9.0.11\ref\net9.0\Microsoft.Extensions.Logging.TraceSource.dll
           C:\Program Files\dotnet\packs\Microsoft.AspNetCore.App.Ref\9.0.11\ref\net9.0\Microsoft.Extensions.ObjectPool.dll
           C:\Program Files\dotnet\packs\Microsoft.AspNetCore.App.Ref\9.0.11\ref\net9.0\Microsoft.Extensions.Options.ConfigurationExtensions.dll
           C:\Program Files\dotnet\packs\Microsoft.AspNetCore.App.Ref\9.0.11\ref\net9.0\Microsoft.Extensions.Options.DataAnnotations.dll
           C:\Program Files\dotnet\packs\Microsoft.AspNetCore.App.Ref\9.0.11\ref\net9.0\Microsoft.Extensions.Options.dll
           C:\Program Files\dotnet\packs\Microsoft.AspNetCore.App.Ref\9.0.11\ref\net9.0\Microsoft.Extensions.Primitives.dll
           C:\Program Files\dotnet\packs\Microsoft.AspNetCore.App.Ref\9.0.11\ref\net9.0\Microsoft.Extensions.WebEncoders.dll
           C:\Users\Dell\.nuget\packages\microsoft.identity.client\4.61.3\lib\net6.0\Microsoft.Identity.Client.dll
           C:\Users\Dell\.nuget\packages\microsoft.identity.client.extensions.msal\4.61.3\lib\net6.0\Microsoft.Identity.Client.Extensions.Msal.dll
           C:\Users\Dell\.nuget\packages\microsoft.identitymodel.abstractions\8.0.1\lib\net9.0\Microsoft.IdentityModel.Abstractions.dll
           C:\Users\Dell\.nuget\packages\microsoft.identitymodel.jsonwebtokens\8.0.1\lib\net9.0\Microsoft.IdentityModel.JsonWebTokens.dll
           C:\Users\Dell\.nuget\packages\microsoft.identitymodel.logging\8.0.1\lib\net9.0\Microsoft.IdentityModel.Logging.dll
           C:\Users\Dell\.nuget\packages\microsoft.identitymodel.protocols\8.0.1\lib\net9.0\Microsoft.IdentityModel.Protocols.dll
           C:\Users\Dell\.nuget\packages\microsoft.identitymodel.protocols.openidconnect\8.0.1\lib\net9.0\Microsoft.IdentityModel.Protocols.OpenIdConnect.dll
           C:\Users\Dell\.nuget\packages\microsoft.identitymodel.tokens\8.0.1\lib\net9.0\Microsoft.IdentityModel.Tokens.dll
           C:\Program Files\dotnet\packs\Microsoft.AspNetCore.App.Ref\9.0.11\ref\net9.0\Microsoft.JSInterop.dll
           C:\Program Files\dotnet\packs\Microsoft.AspNetCore.App.Ref\9.0.11\ref\net9.0\Microsoft.Net.Http.Headers.dll
           C:\Users\Dell\.nuget\packages\microsoft.openapi\1.6.17\lib\netstandard2.0\Microsoft.OpenApi.dll
           C:\Users\Dell\.nuget\packages\microsoft.sqlserver.server\1.0.0\lib\netstandard2.0\Microsoft.SqlServer.Server.dll
           C:\Program Files\dotnet\packs\Microsoft.NETCore.App.Ref\9.0.11\ref\net9.0\Microsoft.VisualBasic.Core.dll
           C:\Program Files\dotnet\packs\Microsoft.NETCore.App.Ref\9.0.11\ref\net9.0\Microsoft.VisualBasic.dll
           C:\Program Files\dotnet\packs\Microsoft.NETCore.App.Ref\9.0.11\ref\net9.0\Microsoft.Win32.Primitives.dll
           C:\Program Files\dotnet\packs\Microsoft.NETCore.App.Ref\9.0.11\ref\net9.0\Microsoft.Win32.Registry.dll
           C:\Program Files\dotnet\packs\Microsoft.NETCore.App.Ref\9.0.11\ref\net9.0\mscorlib.dll
           C:\Program Files\dotnet\packs\Microsoft.NETCore.App.Ref\9.0.11\ref\net9.0\netstandard.dll
           C:\Users\Dell\.nuget\packages\swashbuckle.aspnetcore.swagger\6.5.0\lib\net7.0\Swashbuckle.AspNetCore.Swagger.dll
           C:\Users\Dell\.nuget\packages\swashbuckle.aspnetcore.swaggergen\6.5.0\lib\net7.0\Swashbuckle.AspNetCore.SwaggerGen.dll
           C:\Users\Dell\.nuget\packages\swashbuckle.aspnetcore.swaggerui\6.5.0\lib\net7.0\Swashbuckle.AspNetCore.SwaggerUI.dll
           C:\Program Files\dotnet\packs\Microsoft.NETCore.App.Ref\9.0.11\ref\net9.0\System.AppContext.dll
           C:\Program Files\dotnet\packs\Microsoft.NETCore.App.Ref\9.0.11\ref\net9.0\System.Buffers.dll
           C:\Users\Dell\.nuget\packages\system.clientmodel\1.0.0\lib\net6.0\System.ClientModel.dll
           C:\Program Files\dotnet\packs\Microsoft.NETCore.App.Ref\9.0.11\ref\net9.0\System.Collections.Concurrent.dll
           C:\Program Files\dotnet\packs\Microsoft.NETCore.App.Ref\9.0.11\ref\net9.0\System.Collections.dll
           C:\Program Files\dotnet\packs\Microsoft.NETCore.App.Ref\9.0.11\ref\net9.0\System.Collections.Immutable.dll
           C:\Program Files\dotnet\packs\Microsoft.NETCore.App.Ref\9.0.11\ref\net9.0\System.Collections.NonGeneric.dll
           C:\Program Files\dotnet\packs\Microsoft.NETCore.App.Ref\9.0.11\ref\net9.0\System.Collections.Specialized.dll
           C:\Program Files\dotnet\packs\Microsoft.NETCore.App.Ref\9.0.11\ref\net9.0\System.ComponentModel.Annotations.dll
           C:\Program Files\dotnet\packs\Microsoft.NETCore.App.Ref\9.0.11\ref\net9.0\System.ComponentModel.DataAnnotations.dll
           C:\Program Files\dotnet\packs\Microsoft.NETCore.App.Ref\9.0.11\ref\net9.0\System.ComponentModel.dll
           C:\Program Files\dotnet\packs\Microsoft.NETCore.App.Ref\9.0.11\ref\net9.0\System.ComponentModel.EventBasedAsync.dll
           C:\Program Files\dotnet\packs\Microsoft.NETCore.App.Ref\9.0.11\ref\net9.0\System.ComponentModel.Primitives.dll
           C:\Program Files\dotnet\packs\Microsoft.NETCore.App.Ref\9.0.11\ref\net9.0\System.ComponentModel.TypeConverter.dll
           C:\Program Files\dotnet\packs\Microsoft.NETCore.App.Ref\9.0.11\ref\net9.0\System.Configuration.dll
           C:\Program Files\dotnet\packs\Microsoft.NETCore.App.Ref\9.0.11\ref\net9.0\System.Console.dll
           C:\Program Files\dotnet\packs\Microsoft.NETCore.App.Ref\9.0.11\ref\net9.0\System.Core.dll
           C:\Program Files\dotnet\packs\Microsoft.NETCore.App.Ref\9.0.11\ref\net9.0\System.Data.Common.dll
           C:\Program Files\dotnet\packs\Microsoft.NETCore.App.Ref\9.0.11\ref\net9.0\System.Data.DataSetExtensions.dll
           C:\Program Files\dotnet\packs\Microsoft.NETCore.App.Ref\9.0.11\ref\net9.0\System.Data.dll
           C:\Program Files\dotnet\packs\Microsoft.NETCore.App.Ref\9.0.11\ref\net9.0\System.Diagnostics.Contracts.dll
           C:\Program Files\dotnet\packs\Microsoft.NETCore.App.Ref\9.0.11\ref\net9.0\System.Diagnostics.Debug.dll
           C:\Program Files\dotnet\packs\Microsoft.NETCore.App.Ref\9.0.11\ref\net9.0\System.Diagnostics.DiagnosticSource.dll
           C:\Program Files\dotnet\packs\Microsoft.AspNetCore.App.Ref\9.0.11\ref\net9.0\System.Diagnostics.EventLog.dll
           C:\Program Files\dotnet\packs\Microsoft.NETCore.App.Ref\9.0.11\ref\net9.0\System.Diagnostics.FileVersionInfo.dll
           C:\Program Files\dotnet\packs\Microsoft.NETCore.App.Ref\9.0.11\ref\net9.0\System.Diagnostics.Process.dll
           C:\Program Files\dotnet\packs\Microsoft.NETCore.App.Ref\9.0.11\ref\net9.0\System.Diagnostics.StackTrace.dll
           C:\Program Files\dotnet\packs\Microsoft.NETCore.App.Ref\9.0.11\ref\net9.0\System.Diagnostics.TextWriterTraceListener.dll
           C:\Program Files\dotnet\packs\Microsoft.NETCore.App.Ref\9.0.11\ref\net9.0\System.Diagnostics.Tools.dll
           C:\Program Files\dotnet\packs\Microsoft.NETCore.App.Ref\9.0.11\ref\net9.0\System.Diagnostics.TraceSource.dll
           C:\Program Files\dotnet\packs\Microsoft.NETCore.App.Ref\9.0.11\ref\net9.0\System.Diagnostics.Tracing.dll
           C:\Program Files\dotnet\packs\Microsoft.NETCore.App.Ref\9.0.11\ref\net9.0\System.dll
           C:\Program Files\dotnet\packs\Microsoft.NETCore.App.Ref\9.0.11\ref\net9.0\System.Drawing.dll
           C:\Program Files\dotnet\packs\Microsoft.NETCore.App.Ref\9.0.11\ref\net9.0\System.Drawing.Primitives.dll
           C:\Program Files\dotnet\packs\Microsoft.NETCore.App.Ref\9.0.11\ref\net9.0\System.Dynamic.Runtime.dll
           C:\Program Files\dotnet\packs\Microsoft.NETCore.App.Ref\9.0.11\ref\net9.0\System.Formats.Asn1.dll
           C:\Program Files\dotnet\packs\Microsoft.NETCore.App.Ref\9.0.11\ref\net9.0\System.Formats.Tar.dll
           C:\Program Files\dotnet\packs\Microsoft.NETCore.App.Ref\9.0.11\ref\net9.0\System.Globalization.Calendars.dll
           C:\Program Files\dotnet\packs\Microsoft.NETCore.App.Ref\9.0.11\ref\net9.0\System.Globalization.dll
           C:\Program Files\dotnet\packs\Microsoft.NETCore.App.Ref\9.0.11\ref\net9.0\System.Globalization.Extensions.dll
           C:\Users\Dell\.nuget\packages\system.identitymodel.tokens.jwt\8.0.1\lib\net9.0\System.IdentityModel.Tokens.Jwt.dll
           C:\Program Files\dotnet\packs\Microsoft.NETCore.App.Ref\9.0.11\ref\net9.0\System.IO.Compression.Brotli.dll
           C:\Program Files\dotnet\packs\Microsoft.NETCore.App.Ref\9.0.11\ref\net9.0\System.IO.Compression.dll
           C:\Program Files\dotnet\packs\Microsoft.NETCore.App.Ref\9.0.11\ref\net9.0\System.IO.Compression.FileSystem.dll
           C:\Program Files\dotnet\packs\Microsoft.NETCore.App.Ref\9.0.11\ref\net9.0\System.IO.Compression.ZipFile.dll
           C:\Program Files\dotnet\packs\Microsoft.NETCore.App.Ref\9.0.11\ref\net9.0\System.IO.dll
           C:\Program Files\dotnet\packs\Microsoft.NETCore.App.Ref\9.0.11\ref\net9.0\System.IO.FileSystem.AccessControl.dll
           C:\Program Files\dotnet\packs\Microsoft.NETCore.App.Ref\9.0.11\ref\net9.0\System.IO.FileSystem.dll
           C:\Program Files\dotnet\packs\Microsoft.NETCore.App.Ref\9.0.11\ref\net9.0\System.IO.FileSystem.DriveInfo.dll
           C:\Program Files\dotnet\packs\Microsoft.NETCore.App.Ref\9.0.11\ref\net9.0\System.IO.FileSystem.Primitives.dll
           C:\Program Files\dotnet\packs\Microsoft.NETCore.App.Ref\9.0.11\ref\net9.0\System.IO.FileSystem.Watcher.dll
           C:\Program Files\dotnet\packs\Microsoft.NETCore.App.Ref\9.0.11\ref\net9.0\System.IO.IsolatedStorage.dll
           C:\Program Files\dotnet\packs\Microsoft.NETCore.App.Ref\9.0.11\ref\net9.0\System.IO.MemoryMappedFiles.dll
           C:\Program Files\dotnet\packs\Microsoft.NETCore.App.Ref\9.0.11\ref\net9.0\System.IO.Pipelines.dll
           C:\Program Files\dotnet\packs\Microsoft.NETCore.App.Ref\9.0.11\ref\net9.0\System.IO.Pipes.AccessControl.dll
           C:\Program Files\dotnet\packs\Microsoft.NETCore.App.Ref\9.0.11\ref\net9.0\System.IO.Pipes.dll
           C:\Program Files\dotnet\packs\Microsoft.NETCore.App.Ref\9.0.11\ref\net9.0\System.IO.UnmanagedMemoryStream.dll
           C:\Program Files\dotnet\packs\Microsoft.NETCore.App.Ref\9.0.11\ref\net9.0\System.Linq.dll
           C:\Program Files\dotnet\packs\Microsoft.NETCore.App.Ref\9.0.11\ref\net9.0\System.Linq.Expressions.dll
           C:\Program Files\dotnet\packs\Microsoft.NETCore.App.Ref\9.0.11\ref\net9.0\System.Linq.Parallel.dll
           C:\Program Files\dotnet\packs\Microsoft.NETCore.App.Ref\9.0.11\ref\net9.0\System.Linq.Queryable.dll
           C:\Users\Dell\.nuget\packages\system.memory.data\1.0.2\lib\netstandard2.0\System.Memory.Data.dll
           C:\Program Files\dotnet\packs\Microsoft.NETCore.App.Ref\9.0.11\ref\net9.0\System.Memory.dll
           C:\Program Files\dotnet\packs\Microsoft.NETCore.App.Ref\9.0.11\ref\net9.0\System.Net.dll
           C:\Program Files\dotnet\packs\Microsoft.NETCore.App.Ref\9.0.11\ref\net9.0\System.Net.Http.dll
           C:\Program Files\dotnet\packs\Microsoft.NETCore.App.Ref\9.0.11\ref\net9.0\System.Net.Http.Json.dll
           C:\Program Files\dotnet\packs\Microsoft.NETCore.App.Ref\9.0.11\ref\net9.0\System.Net.HttpListener.dll
           C:\Program Files\dotnet\packs\Microsoft.NETCore.App.Ref\9.0.11\ref\net9.0\System.Net.Mail.dll
           C:\Program Files\dotnet\packs\Microsoft.NETCore.App.Ref\9.0.11\ref\net9.0\System.Net.NameResolution.dll
           C:\Program Files\dotnet\packs\Microsoft.NETCore.App.Ref\9.0.11\ref\net9.0\System.Net.NetworkInformation.dll
           C:\Program Files\dotnet\packs\Microsoft.NETCore.App.Ref\9.0.11\ref\net9.0\System.Net.Ping.dll
           C:\Program Files\dotnet\packs\Microsoft.NETCore.App.Ref\9.0.11\ref\net9.0\System.Net.Primitives.dll
           C:\Program Files\dotnet\packs\Microsoft.NETCore.App.Ref\9.0.11\ref\net9.0\System.Net.Quic.dll
           C:\Program Files\dotnet\packs\Microsoft.NETCore.App.Ref\9.0.11\ref\net9.0\System.Net.Requests.dll
           C:\Program Files\dotnet\packs\Microsoft.NETCore.App.Ref\9.0.11\ref\net9.0\System.Net.Security.dll
           C:\Program Files\dotnet\packs\Microsoft.NETCore.App.Ref\9.0.11\ref\net9.0\System.Net.ServicePoint.dll
           C:\Program Files\dotnet\packs\Microsoft.NETCore.App.Ref\9.0.11\ref\net9.0\System.Net.Sockets.dll
           C:\Program Files\dotnet\packs\Microsoft.NETCore.App.Ref\9.0.11\ref\net9.0\System.Net.WebClient.dll
           C:\Program Files\dotnet\packs\Microsoft.NETCore.App.Ref\9.0.11\ref\net9.0\System.Net.WebHeaderCollection.dll
           C:\Program Files\dotnet\packs\Microsoft.NETCore.App.Ref\9.0.11\ref\net9.0\System.Net.WebProxy.dll
           C:\Program Files\dotnet\packs\Microsoft.NETCore.App.Ref\9.0.11\ref\net9.0\System.Net.WebSockets.Client.dll
           C:\Program Files\dotnet\packs\Microsoft.NETCore.App.Ref\9.0.11\ref\net9.0\System.Net.WebSockets.dll
           C:\Program Files\dotnet\packs\Microsoft.NETCore.App.Ref\9.0.11\ref\net9.0\System.Numerics.dll
           C:\Program Files\dotnet\packs\Microsoft.NETCore.App.Ref\9.0.11\ref\net9.0\System.Numerics.Vectors.dll
           C:\Program Files\dotnet\packs\Microsoft.NETCore.App.Ref\9.0.11\ref\net9.0\System.ObjectModel.dll
           C:\Program Files\dotnet\packs\Microsoft.NETCore.App.Ref\9.0.11\ref\net9.0\System.Reflection.DispatchProxy.dll
           C:\Program Files\dotnet\packs\Microsoft.NETCore.App.Ref\9.0.11\ref\net9.0\System.Reflection.dll
           C:\Program Files\dotnet\packs\Microsoft.NETCore.App.Ref\9.0.11\ref\net9.0\System.Reflection.Emit.dll
           C:\Program Files\dotnet\packs\Microsoft.NETCore.App.Ref\9.0.11\ref\net9.0\System.Reflection.Emit.ILGeneration.dll
           C:\Program Files\dotnet\packs\Microsoft.NETCore.App.Ref\9.0.11\ref\net9.0\System.Reflection.Emit.Lightweight.dll
           C:\Program Files\dotnet\packs\Microsoft.NETCore.App.Ref\9.0.11\ref\net9.0\System.Reflection.Extensions.dll
           C:\Program Files\dotnet\packs\Microsoft.NETCore.App.Ref\9.0.11\ref\net9.0\System.Reflection.Metadata.dll
           C:\Program Files\dotnet\packs\Microsoft.NETCore.App.Ref\9.0.11\ref\net9.0\System.Reflection.Primitives.dll
           C:\Program Files\dotnet\packs\Microsoft.NETCore.App.Ref\9.0.11\ref\net9.0\System.Reflection.TypeExtensions.dll
           C:\Program Files\dotnet\packs\Microsoft.NETCore.App.Ref\9.0.11\ref\net9.0\System.Resources.Reader.dll
           C:\Program Files\dotnet\packs\Microsoft.NETCore.App.Ref\9.0.11\ref\net9.0\System.Resources.ResourceManager.dll
           C:\Program Files\dotnet\packs\Microsoft.NETCore.App.Ref\9.0.11\ref\net9.0\System.Resources.Writer.dll
           C:\Program Files\dotnet\packs\Microsoft.NETCore.App.Ref\9.0.11\ref\net9.0\System.Runtime.CompilerServices.Unsafe.dll
           C:\Program Files\dotnet\packs\Microsoft.NETCore.App.Ref\9.0.11\ref\net9.0\System.Runtime.CompilerServices.VisualC.dll
           C:\Program Files\dotnet\packs\Microsoft.NETCore.App.Ref\9.0.11\ref\net9.0\System.Runtime.dll
           C:\Program Files\dotnet\packs\Microsoft.NETCore.App.Ref\9.0.11\ref\net9.0\System.Runtime.Extensions.dll
           C:\Program Files\dotnet\packs\Microsoft.NETCore.App.Ref\9.0.11\ref\net9.0\System.Runtime.Handles.dll
           C:\Program Files\dotnet\packs\Microsoft.NETCore.App.Ref\9.0.11\ref\net9.0\System.Runtime.InteropServices.dll
           C:\Program Files\dotnet\packs\Microsoft.NETCore.App.Ref\9.0.11\ref\net9.0\System.Runtime.InteropServices.JavaScript.dll
           C:\Program Files\dotnet\packs\Microsoft.NETCore.App.Ref\9.0.11\ref\net9.0\System.Runtime.InteropServices.RuntimeInformation.dll
           C:\Program Files\dotnet\packs\Microsoft.NETCore.App.Ref\9.0.11\ref\net9.0\System.Runtime.Intrinsics.dll
           C:\Program Files\dotnet\packs\Microsoft.NETCore.App.Ref\9.0.11\ref\net9.0\System.Runtime.Loader.dll
           C:\Program Files\dotnet\packs\Microsoft.NETCore.App.Ref\9.0.11\ref\net9.0\System.Runtime.Numerics.dll
           C:\Program Files\dotnet\packs\Microsoft.NETCore.App.Ref\9.0.11\ref\net9.0\System.Runtime.Serialization.dll
           C:\Program Files\dotnet\packs\Microsoft.NETCore.App.Ref\9.0.11\ref\net9.0\System.Runtime.Serialization.Formatters.dll
           C:\Program Files\dotnet\packs\Microsoft.NETCore.App.Ref\9.0.11\ref\net9.0\System.Runtime.Serialization.Json.dll
           C:\Program Files\dotnet\packs\Microsoft.NETCore.App.Ref\9.0.11\ref\net9.0\System.Runtime.Serialization.Primitives.dll
           C:\Program Files\dotnet\packs\Microsoft.NETCore.App.Ref\9.0.11\ref\net9.0\System.Runtime.Serialization.Xml.dll
           C:\Program Files\dotnet\packs\Microsoft.NETCore.App.Ref\9.0.11\ref\net9.0\System.Security.AccessControl.dll
           C:\Program Files\dotnet\packs\Microsoft.NETCore.App.Ref\9.0.11\ref\net9.0\System.Security.Claims.dll
           C:\Program Files\dotnet\packs\Microsoft.NETCore.App.Ref\9.0.11\ref\net9.0\System.Security.Cryptography.Algorithms.dll
           C:\Program Files\dotnet\packs\Microsoft.NETCore.App.Ref\9.0.11\ref\net9.0\System.Security.Cryptography.Cng.dll
           C:\Program Files\dotnet\packs\Microsoft.NETCore.App.Ref\9.0.11\ref\net9.0\System.Security.Cryptography.Csp.dll
           C:\Program Files\dotnet\packs\Microsoft.NETCore.App.Ref\9.0.11\ref\net9.0\System.Security.Cryptography.dll
           C:\Program Files\dotnet\packs\Microsoft.NETCore.App.Ref\9.0.11\ref\net9.0\System.Security.Cryptography.Encoding.dll
           C:\Program Files\dotnet\packs\Microsoft.NETCore.App.Ref\9.0.11\ref\net9.0\System.Security.Cryptography.OpenSsl.dll
           C:\Program Files\dotnet\packs\Microsoft.NETCore.App.Ref\9.0.11\ref\net9.0\System.Security.Cryptography.Primitives.dll
           C:\Users\Dell\.nuget\packages\system.security.cryptography.protecteddata\6.0.0\lib\net6.0\System.Security.Cryptography.ProtectedData.dll
           C:\Program Files\dotnet\packs\Microsoft.NETCore.App.Ref\9.0.11\ref\net9.0\System.Security.Cryptography.X509Certificates.dll
           C:\Program Files\dotnet\packs\Microsoft.AspNetCore.App.Ref\9.0.11\ref\net9.0\System.Security.Cryptography.Xml.dll
           C:\Program Files\dotnet\packs\Microsoft.NETCore.App.Ref\9.0.11\ref\net9.0\System.Security.dll
           C:\Program Files\dotnet\packs\Microsoft.NETCore.App.Ref\9.0.11\ref\net9.0\System.Security.Principal.dll
           C:\Program Files\dotnet\packs\Microsoft.NETCore.App.Ref\9.0.11\ref\net9.0\System.Security.Principal.Windows.dll
           C:\Program Files\dotnet\packs\Microsoft.NETCore.App.Ref\9.0.11\ref\net9.0\System.Security.SecureString.dll
           C:\Program Files\dotnet\packs\Microsoft.NETCore.App.Ref\9.0.11\ref\net9.0\System.ServiceModel.Web.dll
           C:\Program Files\dotnet\packs\Microsoft.NETCore.App.Ref\9.0.11\ref\net9.0\System.ServiceProcess.dll
           C:\Program Files\dotnet\packs\Microsoft.NETCore.App.Ref\9.0.11\ref\net9.0\System.Text.Encoding.CodePages.dll
           C:\Program Files\dotnet\packs\Microsoft.NETCore.App.Ref\9.0.11\ref\net9.0\System.Text.Encoding.dll
           C:\Program Files\dotnet\packs\Microsoft.NETCore.App.Ref\9.0.11\ref\net9.0\System.Text.Encoding.Extensions.dll
           C:\Program Files\dotnet\packs\Microsoft.NETCore.App.Ref\9.0.11\ref\net9.0\System.Text.Encodings.Web.dll
           C:\Program Files\dotnet\packs\Microsoft.NETCore.App.Ref\9.0.11\ref\net9.0\System.Text.Json.dll
           C:\Program Files\dotnet\packs\Microsoft.NETCore.App.Ref\9.0.11\ref\net9.0\System.Text.RegularExpressions.dll
           C:\Program Files\dotnet\packs\Microsoft.NETCore.App.Ref\9.0.11\ref\net9.0\System.Threading.Channels.dll
           C:\Program Files\dotnet\packs\Microsoft.NETCore.App.Ref\9.0.11\ref\net9.0\System.Threading.dll
           C:\Program Files\dotnet\packs\Microsoft.NETCore.App.Ref\9.0.11\ref\net9.0\System.Threading.Overlapped.dll
           C:\Program Files\dotnet\packs\Microsoft.AspNetCore.App.Ref\9.0.11\ref\net9.0\System.Threading.RateLimiting.dll
           C:\Program Files\dotnet\packs\Microsoft.NETCore.App.Ref\9.0.11\ref\net9.0\System.Threading.Tasks.Dataflow.dll
           C:\Program Files\dotnet\packs\Microsoft.NETCore.App.Ref\9.0.11\ref\net9.0\System.Threading.Tasks.dll
           C:\Program Files\dotnet\packs\Microsoft.NETCore.App.Ref\9.0.11\ref\net9.0\System.Threading.Tasks.Extensions.dll
           C:\Program Files\dotnet\packs\Microsoft.NETCore.App.Ref\9.0.11\ref\net9.0\System.Threading.Tasks.Parallel.dll
           C:\Program Files\dotnet\packs\Microsoft.NETCore.App.Ref\9.0.11\ref\net9.0\System.Threading.Thread.dll
           C:\Program Files\dotnet\packs\Microsoft.NETCore.App.Ref\9.0.11\ref\net9.0\System.Threading.ThreadPool.dll
           C:\Program Files\dotnet\packs\Microsoft.NETCore.App.Ref\9.0.11\ref\net9.0\System.Threading.Timer.dll
           C:\Program Files\dotnet\packs\Microsoft.NETCore.App.Ref\9.0.11\ref\net9.0\System.Transactions.dll
           C:\Program Files\dotnet\packs\Microsoft.NETCore.App.Ref\9.0.11\ref\net9.0\System.Transactions.Local.dll
           C:\Program Files\dotnet\packs\Microsoft.NETCore.App.Ref\9.0.11\ref\net9.0\System.ValueTuple.dll
           C:\Program Files\dotnet\packs\Microsoft.NETCore.App.Ref\9.0.11\ref\net9.0\System.Web.dll
           C:\Program Files\dotnet\packs\Microsoft.NETCore.App.Ref\9.0.11\ref\net9.0\System.Web.HttpUtility.dll
           C:\Program Files\dotnet\packs\Microsoft.NETCore.App.Ref\9.0.11\ref\net9.0\System.Windows.dll
           C:\Program Files\dotnet\packs\Microsoft.NETCore.App.Ref\9.0.11\ref\net9.0\System.Xml.dll
           C:\Program Files\dotnet\packs\Microsoft.NETCore.App.Ref\9.0.11\ref\net9.0\System.Xml.Linq.dll
           C:\Program Files\dotnet\packs\Microsoft.NETCore.App.Ref\9.0.11\ref\net9.0\System.Xml.ReaderWriter.dll
           C:\Program Files\dotnet\packs\Microsoft.NETCore.App.Ref\9.0.11\ref\net9.0\System.Xml.Serialization.dll
           C:\Program Files\dotnet\packs\Microsoft.NETCore.App.Ref\9.0.11\ref\net9.0\System.Xml.XDocument.dll
           C:\Program Files\dotnet\packs\Microsoft.NETCore.App.Ref\9.0.11\ref\net9.0\System.Xml.XmlDocument.dll
           C:\Program Files\dotnet\packs\Microsoft.NETCore.App.Ref\9.0.11\ref\net9.0\System.Xml.XmlSerializer.dll
           C:\Program Files\dotnet\packs\Microsoft.NETCore.App.Ref\9.0.11\ref\net9.0\System.Xml.XPath.dll
           C:\Program Files\dotnet\packs\Microsoft.NETCore.App.Ref\9.0.11\ref\net9.0\System.Xml.XPath.XDocument.dll
           C:\Program Files\dotnet\packs\Microsoft.NETCore.App.Ref\9.0.11\ref\net9.0\WindowsBase.dll
           obj\Debug\net9.0\FreshProduce.Api.csproj.CoreCompileInputs.cache
           obj\Debug\net9.0\FreshProduce.Api.csproj.BuildWithSkipAnalyzers
           C:\Program Files\dotnet\sdk\10.0.101\Sdks\Microsoft.NET.Sdk.Web\analyzers\cs\Microsoft.AspNetCore.Analyzers.dll
           C:\Program Files\dotnet\sdk\10.0.101\Sdks\Microsoft.NET.Sdk.Web\analyzers\cs\Microsoft.AspNetCore.Mvc.Analyzers.dll
           C:\Program Files\dotnet\sdk\10.0.101\Sdks\Microsoft.NET.Sdk\targets\..\analyzers\Microsoft.CodeAnalysis.CSharp.NetAnalyzers.dll
           C:\Program Files\dotnet\sdk\10.0.101\Sdks\Microsoft.NET.Sdk\targets\..\analyzers\Microsoft.CodeAnalysis.NetAnalyzers.dll
           C:\Users\Dell\.nuget\packages\microsoft.codeanalysis.analyzers\3.3.4\analyzers\dotnet\cs\Microsoft.CodeAnalysis.Analyzers.dll
           C:\Users\Dell\.nuget\packages\microsoft.codeanalysis.analyzers\3.3.4\analyzers\dotnet\cs\Microsoft.CodeAnalysis.CSharp.Analyzers.dll
           C:\Users\Dell\.nuget\packages\microsoft.entityframeworkcore.analyzers\9.0.0\analyzers\dotnet\cs\Microsoft.EntityFrameworkCore.Analyzers.dll
           C:\Program Files\dotnet\packs\Microsoft.NETCore.App.Ref\9.0.11\analyzers/dotnet/cs/Microsoft.Interop.ComInterfaceGenerator.dll
           C:\Program Files\dotnet\packs\Microsoft.NETCore.App.Ref\9.0.11\analyzers/dotnet/cs/Microsoft.Interop.JavaScript.JSImportGenerator.dll
           C:\Program Files\dotnet\packs\Microsoft.NETCore.App.Ref\9.0.11\analyzers/dotnet/cs/Microsoft.Interop.LibraryImportGenerator.dll
           C:\Program Files\dotnet\packs\Microsoft.NETCore.App.Ref\9.0.11\analyzers/dotnet/cs/Microsoft.Interop.SourceGeneration.dll
           C:\Program Files\dotnet\packs\Microsoft.NETCore.App.Ref\9.0.11\analyzers/dotnet/cs/System.Text.Json.SourceGeneration.dll
           C:\Program Files\dotnet\packs\Microsoft.NETCore.App.Ref\9.0.11\analyzers/dotnet/cs/System.Text.RegularExpressions.Generator.dll
           C:\Program Files\dotnet\packs\Microsoft.AspNetCore.App.Ref\9.0.11\analyzers/dotnet/cs/Microsoft.AspNetCore.App.Analyzers.dll
           C:\Program Files\dotnet\packs\Microsoft.AspNetCore.App.Ref\9.0.11\analyzers/dotnet/cs/Microsoft.AspNetCore.App.CodeFixes.dll
           C:\Program Files\dotnet\packs\Microsoft.AspNetCore.App.Ref\9.0.11\analyzers/dotnet/cs/Microsoft.AspNetCore.Components.Analyzers.dll
           C:\Program Files\dotnet\packs\Microsoft.AspNetCore.App.Ref\9.0.11\analyzers/dotnet/roslyn4.4/cs/Microsoft.Extensions.Logging.Generators.dll
           C:\Program Files\dotnet\packs\Microsoft.AspNetCore.App.Ref\9.0.11\analyzers/dotnet/roslyn4.4/cs/Microsoft.Extensions.Options.SourceGeneration.dll
           C:\Program Files\dotnet\sdk\10.0.101\Sdks\Microsoft.NET.Sdk.Razor\targets\..\source-generators\Microsoft.AspNetCore.Razor.Utilities.Shared.dll
           C:\Program Files\dotnet\sdk\10.0.101\Sdks\Microsoft.NET.Sdk.Razor\targets\..\source-generators\Microsoft.CodeAnalysis.Razor.Compiler.dll
           C:\Program Files\dotnet\sdk\10.0.101\Sdks\Microsoft.NET.Sdk.Razor\targets\..\source-generators\Microsoft.Extensions.ObjectPool.dll
           obj\Debug\net9.0\FreshProduce.Api.GeneratedMSBuildEditorConfig.editorconfig
           C:\Program Files\dotnet\sdk\10.0.101\Sdks\Microsoft.NET.Sdk\analyzers\build\config\analysislevel_9_default.globalconfig
           D:\P.L\Flutter\fresh_produce_app\FreshProduce.Api\obj\FreshProduce.Api.csproj.nuget.g.props
           C:\Program Files\dotnet\sdk\10.0.101\Current\Microsoft.Common.targets\ImportAfter\Microsoft.TestPlatform.ImportAfter.targets
       Output files: 
           obj\Debug\net9.0\FreshProduce.Api.dll
           obj\Debug\net9.0\refint\FreshProduce.Api.dll
           obj\Debug\net9.0\FreshProduce.Api.pdb
       C:\Program Files\dotnet\sdk\10.0.101\Roslyn\Microsoft.CSharp.Core.targets(66,7): message : Property reassignment: $(NoWarn)="1701;1702;1701;1702" (previous value: "1701;1702") at C:\Program Files\dotnet\sdk\10.0.101\Roslyn\Microsoft.CSharp.Core.targets (66,7) [D:\P.L\Flutter\fresh_produce_app\FreshProduce.Api\FreshProduce.Api.csproj]
   1:7>Done building target "CoreCompile" in project "FreshProduce.Api.csproj".
   1:7>Target "AfterCompile" in file "C:\Program Files\dotnet\sdk\10.0.101\Microsoft.Common.CurrentVersion.targets" from project "D:\P.L\Flutter\fresh_produce_app\FreshProduce.Api\FreshProduce.Api.csproj" (target "Compile" depends on it):
   1:7>Done building target "AfterCompile" in project "FreshProduce.Api.csproj".
       Target "_GetAppHostPaths" skipped. Previously built successfully.
       Target "_GetAppHostCreationConfiguration" skipped. Previously built successfully.
       Target "CoreCompile" skipped. Previously built successfully.
   1:7>Target "_CreateAppHost" in file "C:\Program Files\dotnet\sdk\10.0.101\Sdks\Microsoft.NET.Sdk\targets\Microsoft.NET.Sdk.targets" from project "D:\P.L\Flutter\fresh_produce_app\FreshProduce.Api\FreshProduce.Api.csproj" (target "Compile" depends on it):
       Skipping target "_CreateAppHost" because all output files are up-to-date with respect to the input files.
       Input files: 
           obj\Debug\net9.0\FreshProduce.Api.dll
           C:\Program Files\dotnet\packs\Microsoft.NETCore.App.Host.win-x64\9.0.11\runtimes\win-x64\native\apphost.exe
       Output files: D:\P.L\Flutter\fresh_produce_app\FreshProduce.Api\obj\Debug\net9.0\apphost.exe
   1:7>Done building target "_CreateAppHost" in project "FreshProduce.Api.csproj".
   1:7>Target "Compile" in file "C:\Program Files\dotnet\sdk\10.0.101\Microsoft.Common.CurrentVersion.targets" from project "D:\P.L\Flutter\fresh_produce_app\FreshProduce.Api\FreshProduce.Api.csproj" (target "CoreBuild" depends on it):
   1:7>Done building target "Compile" in project "FreshProduce.Api.csproj".
   1:7>Target "_GenerateSatelliteAssemblyInputs" in file "C:\Program Files\dotnet\sdk\10.0.101\Microsoft.Common.CurrentVersion.targets" from project "D:\P.L\Flutter\fresh_produce_app\FreshProduce.Api\FreshProduce.Api.csproj" (target "CreateSatelliteAssemblies" depends on it):
   1:7>Done building target "_GenerateSatelliteAssemblyInputs" in project "FreshProduce.Api.csproj".
   1:7>Target "CreateSatelliteAssemblies" in file "C:\Program Files\dotnet\sdk\10.0.101\Microsoft.Common.CurrentVersion.targets" from project "D:\P.L\Flutter\fresh_produce_app\FreshProduce.Api\FreshProduce.Api.csproj" (target "CoreBuild" depends on it):
   1:7>Done building target "CreateSatelliteAssemblies" in project "FreshProduce.Api.csproj".
   1:7>Target "GetTargetPathWithTargetPlatformMoniker" in file "C:\Program Files\dotnet\sdk\10.0.101\Microsoft.Common.CurrentVersion.targets" from project "D:\P.L\Flutter\fresh_produce_app\FreshProduce.Api\FreshProduce.Api.csproj" (target "GetTargetPath" depends on it):
   1:7>Done building target "GetTargetPathWithTargetPlatformMoniker" in project "FreshProduce.Api.csproj".
   1:7>Target "GetTargetPath" in file "C:\Program Files\dotnet\sdk\10.0.101\Microsoft.Common.CurrentVersion.targets" from project "D:\P.L\Flutter\fresh_produce_app\FreshProduce.Api\FreshProduce.Api.csproj" (target "CoreBuild" depends on it):
   1:7>Done building target "GetTargetPath" in project "FreshProduce.Api.csproj".
   1:7>Target "RazorCompile" in file "C:\Program Files\dotnet\sdk\10.0.101\Sdks\Microsoft.NET.Sdk.Razor\targets\Sdk.Razor.CurrentVersion.targets" from project "D:\P.L\Flutter\fresh_produce_app\FreshProduce.Api\FreshProduce.Api.csproj" (target "_RazorPrepareForRun" depends on it):
   1:7>Done building target "RazorCompile" in project "FreshProduce.Api.csproj".
   1:7>Target "_RazorPrepareForRun" in file "C:\Program Files\dotnet\sdk\10.0.101\Sdks\Microsoft.NET.Sdk.Razor\targets\Sdk.Razor.CurrentVersion.targets" from project "D:\P.L\Flutter\fresh_produce_app\FreshProduce.Api\FreshProduce.Api.csproj" (target "PrepareForRun" depends on it):
   1:7>Done building target "_RazorPrepareForRun" in project "FreshProduce.Api.csproj".
       Target "UpdateExistingPackageStaticWebAssets" skipped. Previously built successfully.
       Target "ResolveProjectStaticWebAssets" skipped. Previously built successfully.
   1:7>Target "ResolveEmbeddedProjectsStaticWebAssets" in file "C:\Program Files\dotnet\sdk\10.0.101\Sdks\Microsoft.NET.Sdk.StaticWebAssets\targets\Microsoft.NET.Sdk.StaticWebAssets.EmbeddedAssets.targets" from project "D:\P.L\Flutter\fresh_produce_app\FreshProduce.Api\FreshProduce.Api.csproj" (target "ResolveCoreStaticWebAssets" depends on it):
   1:7>Done building target "ResolveEmbeddedProjectsStaticWebAssets" in project "FreshProduce.Api.csproj".
       Target "ResolveStaticWebAssetsConfiguration" skipped. Previously built successfully.
       Target "PrepareProjectReferences" skipped. Previously built successfully.
   1:7>Target "ResolveReferencedProjectsStaticWebAssetsConfiguration" in file "C:\Program Files\dotnet\sdk\10.0.101\Sdks\Microsoft.NET.Sdk.StaticWebAssets\targets\Microsoft.NET.Sdk.StaticWebAssets.References.targets" from project "D:\P.L\Flutter\fresh_produce_app\FreshProduce.Api\FreshProduce.Api.csproj" (target "ResolveReferencedProjectsStaticWebAssets" depends on it):
       Task "MSBuild"
         Removing Properties:
           WebPublishProfileFile
         Removing Properties for project "..\FreshProduce.Application\FreshProduce.Application.csproj":
           TargetFramework
           RuntimeIdentifier
           SelfContained
         Removing Properties for project "..\FreshProduce.Infrastructure\FreshProduce.Infrastructure.csproj":
           TargetFramework
           RuntimeIdentifier
           SelfContained
         Removing Properties for project "..\FreshProduce.Domain\FreshProduce.Domain.csproj":
           TargetFramework
           RuntimeIdentifier
           SelfContained
   1:7>Project "D:\P.L\Flutter\fresh_produce_app\FreshProduce.Api\FreshProduce.Api.csproj" (1:7) is building "D:\P.L\Flutter\fresh_produce_app\FreshProduce.Infrastructure\FreshProduce.Infrastructure.csproj" (4:8) on node 1 (GetStaticWebAssetsProjectConfiguration target(s)).
   4:8>Target "GetStaticWebAssetsProjectConfiguration" skipped. The target does not exist in the project and SkipNonexistentTargets is set to true.
       Target "NETStandardCompatError_Mono_TextTemplating_net6_0" skipped. Previously built successfully.
   4:8>Done Building Project "D:\P.L\Flutter\fresh_produce_app\FreshProduce.Infrastructure\FreshProduce.Infrastructure.csproj" (GetStaticWebAssetsProjectConfiguration target(s)).
   1:7>Project "D:\P.L\Flutter\fresh_produce_app\FreshProduce.Api\FreshProduce.Api.csproj" (1:7) is building "D:\P.L\Flutter\fresh_produce_app\FreshProduce.Application\FreshProduce.Application.csproj" (2:13) on node 2 (GetStaticWebAssetsProjectConfiguration target(s)).
  2:13>Target "GetStaticWebAssetsProjectConfiguration" skipped. The target does not exist in the project and SkipNonexistentTargets is set to true.
   1:7>Project "D:\P.L\Flutter\fresh_produce_app\FreshProduce.Api\FreshProduce.Api.csproj" (1:7) is building "D:\P.L\Flutter\fresh_produce_app\FreshProduce.Domain\FreshProduce.Domain.csproj" (3:17) on node 3 (GetStaticWebAssetsProjectConfiguration target(s)).
  3:17>Target "GetStaticWebAssetsProjectConfiguration" skipped. The target does not exist in the project and SkipNonexistentTargets is set to true.
  3:17>Done Building Project "D:\P.L\Flutter\fresh_produce_app\FreshProduce.Domain\FreshProduce.Domain.csproj" (GetStaticWebAssetsProjectConfiguration target(s)).
  2:13>Done Building Project "D:\P.L\Flutter\fresh_produce_app\FreshProduce.Application\FreshProduce.Application.csproj" (GetStaticWebAssetsProjectConfiguration target(s)).
   1:7>Done executing task "MSBuild".
       Using "MergeConfigurationProperties" task from assembly "C:\Program Files\dotnet\sdk\10.0.101\Sdks\Microsoft.NET.Sdk.StaticWebAssets\targets\..\tasks\net10.0\Microsoft.NET.Sdk.StaticWebAssets.Tasks.dll".
       Task "MergeConfigurationProperties"
       Done executing task "MergeConfigurationProperties".
   1:7>Done building target "ResolveReferencedProjectsStaticWebAssetsConfiguration" in project "FreshProduce.Api.csproj".
   1:7>Target "ResolveReferencedProjectsStaticWebAssets" in file "C:\Program Files\dotnet\sdk\10.0.101\Sdks\Microsoft.NET.Sdk.StaticWebAssets\targets\Microsoft.NET.Sdk.StaticWebAssets.References.targets" from project "D:\P.L\Flutter\fresh_produce_app\FreshProduce.Api\FreshProduce.Api.csproj" (target "ResolveCoreStaticWebAssets" depends on it):
   1:7>Done building target "ResolveReferencedProjectsStaticWebAssets" in project "FreshProduce.Api.csproj".
   1:7>Target "ResolveJsInitializerModuleStaticWebAssets" in file "C:\Program Files\dotnet\sdk\10.0.101\Sdks\Microsoft.NET.Sdk.StaticWebAssets\targets\Microsoft.NET.Sdk.StaticWebAssets.JSModules.targets" from project "D:\P.L\Flutter\fresh_produce_app\FreshProduce.Api\FreshProduce.Api.csproj" (target "ResolveCoreStaticWebAssets" depends on it):
       Task "DefineStaticWebAssets"
         Cache is fully up to date.
       Done executing task "DefineStaticWebAssets".
       Task "DefineStaticWebAssetEndpoints"
         Removing endpoints for asset 'D:\P.L\Flutter\fresh_produce_app\FreshProduce.Api\wwwroot\assets\shaders\ink_sparkle.frag' because it no longer exists.
         Removing endpoints for asset 'D:\P.L\Flutter\fresh_produce_app\FreshProduce.Api\wwwroot\assets\shaders\ink_sparkle.frag' because it no longer exists.
         Removing endpoints for asset 'D:\P.L\Flutter\fresh_produce_app\FreshProduce.Api\wwwroot\admin\version.json' because it no longer exists.
         Removing endpoints for asset 'D:\P.L\Flutter\fresh_produce_app\FreshProduce.Api\wwwroot\admin\version.json' because it no longer exists.
         Removing endpoints for asset 'D:\P.L\Flutter\fresh_produce_app\FreshProduce.Api\wwwroot\version.json' because it no longer exists.
         Removing endpoints for asset 'D:\P.L\Flutter\fresh_produce_app\FreshProduce.Api\wwwroot\version.json' because it no longer exists.
         Removing endpoints for asset 'D:\P.L\Flutter\fresh_produce_app\FreshProduce.Api\wwwroot\admin\canvaskit\canvaskit.js.symbols' because it no longer exists.
         Removing endpoints for asset 'D:\P.L\Flutter\fresh_produce_app\FreshProduce.Api\wwwroot\admin\canvaskit\canvaskit.js.symbols' because it no longer exists.
         Removing endpoints for asset 'D:\P.L\Flutter\fresh_produce_app\FreshProduce.Api\wwwroot\admin\canvaskit\chromium\canvaskit.js' because it no longer exists.
         Removing endpoints for asset 'D:\P.L\Flutter\fresh_produce_app\FreshProduce.Api\wwwroot\admin\canvaskit\chromium\canvaskit.js' because it no longer exists.
         Removing endpoints for asset 'D:\P.L\Flutter\fresh_produce_app\FreshProduce.Api\wwwroot\admin\assets\shaders\stretch_effect.frag' because it no longer exists.
         Removing endpoints for asset 'D:\P.L\Flutter\fresh_produce_app\FreshProduce.Api\wwwroot\admin\assets\shaders\stretch_effect.frag' because it no longer exists.
         Removing endpoints for asset 'D:\P.L\Flutter\fresh_produce_app\FreshProduce.Api\wwwroot\admin\canvaskit\canvaskit.js' because it no longer exists.
         Removing endpoints for asset 'D:\P.L\Flutter\fresh_produce_app\FreshProduce.Api\wwwroot\admin\canvaskit\canvaskit.js' because it no longer exists.
         Removing endpoints for asset 'D:\P.L\Flutter\fresh_produce_app\FreshProduce.Api\wwwroot\admin\canvaskit\canvaskit.wasm' because it no longer exists.
         Removing endpoints for asset 'D:\P.L\Flutter\fresh_produce_app\FreshProduce.Api\wwwroot\admin\canvaskit\canvaskit.wasm' because it no longer exists.
         Removing endpoints for asset 'D:\P.L\Flutter\fresh_produce_app\FreshProduce.Api\wwwroot\assets\AssetManifest.bin.json' because it no longer exists.
         Removing endpoints for asset 'D:\P.L\Flutter\fresh_produce_app\FreshProduce.Api\wwwroot\assets\AssetManifest.bin.json' because it no longer exists.
         Removing endpoints for asset 'D:\P.L\Flutter\fresh_produce_app\FreshProduce.Api\wwwroot\admin\assets\NOTICES' because it no longer exists.
         Removing endpoints for asset 'D:\P.L\Flutter\fresh_produce_app\FreshProduce.Api\wwwroot\admin\assets\NOTICES' because it no longer exists.
         Removing endpoints for asset 'D:\P.L\Flutter\fresh_produce_app\FreshProduce.Api\wwwroot\admin\assets\shaders\ink_sparkle.frag' because it no longer exists.
         Removing endpoints for asset 'D:\P.L\Flutter\fresh_produce_app\FreshProduce.Api\wwwroot\admin\assets\shaders\ink_sparkle.frag' because it no longer exists.
         Removing endpoints for asset 'D:\P.L\Flutter\fresh_produce_app\FreshProduce.Api\wwwroot\admin\flutter_service_worker.js' because it no longer exists.
         Removing endpoints for asset 'D:\P.L\Flutter\fresh_produce_app\FreshProduce.Api\wwwroot\admin\flutter_service_worker.js' because it no longer exists.
         Removing endpoints for asset 'D:\P.L\Flutter\fresh_produce_app\FreshProduce.Api\wwwroot\admin\icons\Icon-192.png' because it no longer exists.
         Removing endpoints for asset 'D:\P.L\Flutter\fresh_produce_app\FreshProduce.Api\wwwroot\admin\icons\Icon-192.png' because it no longer exists.
         Removing endpoints for asset 'D:\P.L\Flutter\fresh_produce_app\FreshProduce.Api\wwwroot\assets\fonts\MaterialIcons-Regular.otf' because it no longer exists.
         Removing endpoints for asset 'D:\P.L\Flutter\fresh_produce_app\FreshProduce.Api\wwwroot\assets\fonts\MaterialIcons-Regular.otf' because it no longer exists.
         Removing endpoints for asset 'D:\P.L\Flutter\fresh_produce_app\FreshProduce.Api\wwwroot\.last_build_id' because it no longer exists.
         Removing endpoints for asset 'D:\P.L\Flutter\fresh_produce_app\FreshProduce.Api\wwwroot\.last_build_id' because it no longer exists.
         Removing endpoints for asset 'D:\P.L\Flutter\fresh_produce_app\FreshProduce.Api\wwwroot\admin\assets\AssetManifest.bin' because it no longer exists.
         Removing endpoints for asset 'D:\P.L\Flutter\fresh_produce_app\FreshProduce.Api\wwwroot\admin\assets\AssetManifest.bin' because it no longer exists.
         Removing endpoints for asset 'D:\P.L\Flutter\fresh_produce_app\FreshProduce.Api\wwwroot\admin\flutter.js' because it no longer exists.
         Removing endpoints for asset 'D:\P.L\Flutter\fresh_produce_app\FreshProduce.Api\wwwroot\admin\flutter.js' because it no longer exists.
         Removing endpoints for asset 'D:\P.L\Flutter\fresh_produce_app\FreshProduce.Api\wwwroot\admin\manifest.json' because it no longer exists.
         Removing endpoints for asset 'D:\P.L\Flutter\fresh_produce_app\FreshProduce.Api\wwwroot\admin\manifest.json' because it no longer exists.
         Removing endpoints for asset 'D:\P.L\Flutter\fresh_produce_app\FreshProduce.Api\wwwroot\admin\.last_build_id' because it no longer exists.
         Removing endpoints for asset 'D:\P.L\Flutter\fresh_produce_app\FreshProduce.Api\wwwroot\admin\.last_build_id' because it no longer exists.
         Removing endpoints for asset 'D:\P.L\Flutter\fresh_produce_app\FreshProduce.Api\wwwroot\admin\index.html' because it no longer exists.
         Removing endpoints for asset 'D:\P.L\Flutter\fresh_produce_app\FreshProduce.Api\wwwroot\admin\index.html' because it no longer exists.
         Removing endpoints for asset 'D:\P.L\Flutter\fresh_produce_app\FreshProduce.Api\wwwroot\admin\main.dart.js' because it no longer exists.
         Removing endpoints for asset 'D:\P.L\Flutter\fresh_produce_app\FreshProduce.Api\wwwroot\admin\main.dart.js' because it no longer exists.
         Removing endpoints for asset 'D:\P.L\Flutter\fresh_produce_app\FreshProduce.Api\wwwroot\canvaskit\chromium\canvaskit.js' because it no longer exists.
         Removing endpoints for asset 'D:\P.L\Flutter\fresh_produce_app\FreshProduce.Api\wwwroot\canvaskit\chromium\canvaskit.js' because it no longer exists.
         Removing endpoints for asset 'D:\P.L\Flutter\fresh_produce_app\FreshProduce.Api\wwwroot\admin\flutter_bootstrap.js' because it no longer exists.
         Removing endpoints for asset 'D:\P.L\Flutter\fresh_produce_app\FreshProduce.Api\wwwroot\admin\flutter_bootstrap.js' because it no longer exists.
         Removing endpoints for asset 'D:\P.L\Flutter\fresh_produce_app\FreshProduce.Api\wwwroot\admin\canvaskit\skwasm.js.symbols' because it no longer exists.
         Removing endpoints for asset 'D:\P.L\Flutter\fresh_produce_app\FreshProduce.Api\wwwroot\admin\canvaskit\skwasm.js.symbols' because it no longer exists.
         Removing endpoints for asset 'D:\P.L\Flutter\fresh_produce_app\FreshProduce.Api\wwwroot\admin\icons\Icon-maskable-192.png' because it no longer exists.
         Removing endpoints for asset 'D:\P.L\Flutter\fresh_produce_app\FreshProduce.Api\wwwroot\admin\icons\Icon-maskable-192.png' because it no longer exists.
         Removing endpoints for asset 'D:\P.L\Flutter\fresh_produce_app\FreshProduce.Api\wwwroot\admin\canvaskit\skwasm.wasm' because it no longer exists.
         Removing endpoints for asset 'D:\P.L\Flutter\fresh_produce_app\FreshProduce.Api\wwwroot\admin\canvaskit\skwasm.wasm' because it no longer exists.
         Removing endpoints for asset 'D:\P.L\Flutter\fresh_produce_app\FreshProduce.Api\wwwroot\admin\canvaskit\skwasm_heavy.js' because it no longer exists.
         Removing endpoints for asset 'D:\P.L\Flutter\fresh_produce_app\FreshProduce.Api\wwwroot\admin\canvaskit\skwasm_heavy.js' because it no longer exists.
         Removing endpoints for asset 'D:\P.L\Flutter\fresh_produce_app\FreshProduce.Api\wwwroot\assets\AssetManifest.bin' because it no longer exists.
         Removing endpoints for asset 'D:\P.L\Flutter\fresh_produce_app\FreshProduce.Api\wwwroot\assets\AssetManifest.bin' because it no longer exists.
         Removing endpoints for asset 'D:\P.L\Flutter\fresh_produce_app\FreshProduce.Api\wwwroot\canvaskit\skwasm_heavy.js' because it no longer exists.
         Removing endpoints for asset 'D:\P.L\Flutter\fresh_produce_app\FreshProduce.Api\wwwroot\canvaskit\skwasm_heavy.js' because it no longer exists.
         Removing endpoints for asset 'D:\P.L\Flutter\fresh_produce_app\FreshProduce.Api\wwwroot\manifest.json' because it no longer exists.
         Removing endpoints for asset 'D:\P.L\Flutter\fresh_produce_app\FreshProduce.Api\wwwroot\manifest.json' because it no longer exists.
         Removing endpoints for asset 'D:\P.L\Flutter\fresh_produce_app\FreshProduce.Api\wwwroot\admin\icons\Icon-maskable-512.png' because it no longer exists.
         Removing endpoints for asset 'D:\P.L\Flutter\fresh_produce_app\FreshProduce.Api\wwwroot\admin\icons\Icon-maskable-512.png' because it no longer exists.
         Removing endpoints for asset 'D:\P.L\Flutter\fresh_produce_app\FreshProduce.Api\wwwroot\admin\canvaskit\skwasm_heavy.wasm' because it no longer exists.
         Removing endpoints for asset 'D:\P.L\Flutter\fresh_produce_app\FreshProduce.Api\wwwroot\admin\canvaskit\skwasm_heavy.wasm' because it no longer exists.
         Removing endpoints for asset 'D:\P.L\Flutter\fresh_produce_app\FreshProduce.Api\wwwroot\admin\icons\Icon-512.png' because it no longer exists.
         Removing endpoints for asset 'D:\P.L\Flutter\fresh_produce_app\FreshProduce.Api\wwwroot\admin\icons\Icon-512.png' because it no longer exists.
         Removing endpoints for asset 'D:\P.L\Flutter\fresh_produce_app\FreshProduce.Api\wwwroot\assets\FontManifest.json' because it no longer exists.
         Removing endpoints for asset 'D:\P.L\Flutter\fresh_produce_app\FreshProduce.Api\wwwroot\assets\FontManifest.json' because it no longer exists.
         Removing endpoints for asset 'D:\P.L\Flutter\fresh_produce_app\FreshProduce.Api\wwwroot\canvaskit\skwasm_heavy.wasm' because it no longer exists.
         Removing endpoints for asset 'D:\P.L\Flutter\fresh_produce_app\FreshProduce.Api\wwwroot\canvaskit\skwasm_heavy.wasm' because it no longer exists.
         Removing endpoints for asset 'D:\P.L\Flutter\fresh_produce_app\FreshProduce.Api\wwwroot\favicon.png' because it no longer exists.
         Removing endpoints for asset 'D:\P.L\Flutter\fresh_produce_app\FreshProduce.Api\wwwroot\favicon.png' because it no longer exists.
         Removing endpoints for asset 'D:\P.L\Flutter\fresh_produce_app\FreshProduce.Api\wwwroot\assets\NOTICES' because it no longer exists.
         Removing endpoints for asset 'D:\P.L\Flutter\fresh_produce_app\FreshProduce.Api\wwwroot\assets\NOTICES' because it no longer exists.
         Removing endpoints for asset 'D:\P.L\Flutter\fresh_produce_app\FreshProduce.Api\wwwroot\assets\packages\cupertino_icons\assets\CupertinoIcons.ttf' because it no longer exists.
         Removing endpoints for asset 'D:\P.L\Flutter\fresh_produce_app\FreshProduce.Api\wwwroot\assets\packages\cupertino_icons\assets\CupertinoIcons.ttf' because it no longer exists.
         Removing endpoints for asset 'D:\P.L\Flutter\fresh_produce_app\FreshProduce.Api\wwwroot\admin\assets\AssetManifest.json' because it no longer exists.
         Removing endpoints for asset 'D:\P.L\Flutter\fresh_produce_app\FreshProduce.Api\wwwroot\admin\assets\AssetManifest.json' because it no longer exists.
         Removing endpoints for asset 'D:\P.L\Flutter\fresh_produce_app\FreshProduce.Api\wwwroot\canvaskit\canvaskit.js' because it no longer exists.
         Removing endpoints for asset 'D:\P.L\Flutter\fresh_produce_app\FreshProduce.Api\wwwroot\canvaskit\canvaskit.js' because it no longer exists.
         Removing endpoints for asset 'D:\P.L\Flutter\fresh_produce_app\FreshProduce.Api\wwwroot\flutter_bootstrap.js' because it no longer exists.
         Removing endpoints for asset 'D:\P.L\Flutter\fresh_produce_app\FreshProduce.Api\wwwroot\flutter_bootstrap.js' because it no longer exists.
         Removing endpoints for asset 'D:\P.L\Flutter\fresh_produce_app\FreshProduce.Api\wwwroot\flutter_service_worker.js' because it no longer exists.
         Removing endpoints for asset 'D:\P.L\Flutter\fresh_produce_app\FreshProduce.Api\wwwroot\flutter_service_worker.js' because it no longer exists.
         Removing endpoints for asset 'D:\P.L\Flutter\fresh_produce_app\FreshProduce.Api\wwwroot\admin\canvaskit\skwasm_heavy.js.symbols' because it no longer exists.
         Removing endpoints for asset 'D:\P.L\Flutter\fresh_produce_app\FreshProduce.Api\wwwroot\admin\canvaskit\skwasm_heavy.js.symbols' because it no longer exists.
         Removing endpoints for asset 'D:\P.L\Flutter\fresh_produce_app\FreshProduce.Api\wwwroot\admin\canvaskit\chromium\canvaskit.js.symbols' because it no longer exists.
         Removing endpoints for asset 'D:\P.L\Flutter\fresh_produce_app\FreshProduce.Api\wwwroot\admin\canvaskit\chromium\canvaskit.js.symbols' because it no longer exists.
         Removing endpoints for asset 'D:\P.L\Flutter\fresh_produce_app\FreshProduce.Api\wwwroot\admin\canvaskit\skwasm.js' because it no longer exists.
         Removing endpoints for asset 'D:\P.L\Flutter\fresh_produce_app\FreshProduce.Api\wwwroot\admin\canvaskit\skwasm.js' because it no longer exists.
         Removing endpoints for asset 'D:\P.L\Flutter\fresh_produce_app\FreshProduce.Api\wwwroot\admin\assets\AssetManifest.bin.json' because it no longer exists.
         Removing endpoints for asset 'D:\P.L\Flutter\fresh_produce_app\FreshProduce.Api\wwwroot\admin\assets\AssetManifest.bin.json' because it no longer exists.
         Removing endpoints for asset 'D:\P.L\Flutter\fresh_produce_app\FreshProduce.Api\wwwroot\admin\assets\FontManifest.json' because it no longer exists.
         Removing endpoints for asset 'D:\P.L\Flutter\fresh_produce_app\FreshProduce.Api\wwwroot\admin\assets\FontManifest.json' because it no longer exists.
         Removing endpoints for asset 'D:\P.L\Flutter\fresh_produce_app\FreshProduce.Api\wwwroot\admin\assets\packages\cupertino_icons\assets\CupertinoIcons.ttf' because it no longer exists.
         Removing endpoints for asset 'D:\P.L\Flutter\fresh_produce_app\FreshProduce.Api\wwwroot\admin\assets\packages\cupertino_icons\assets\CupertinoIcons.ttf' because it no longer exists.
         Removing endpoints for asset 'D:\P.L\Flutter\fresh_produce_app\FreshProduce.Api\wwwroot\index.html' because it no longer exists.
         Removing endpoints for asset 'D:\P.L\Flutter\fresh_produce_app\FreshProduce.Api\wwwroot\index.html' because it no longer exists.
         Removing endpoints for asset 'D:\P.L\Flutter\fresh_produce_app\FreshProduce.Api\wwwroot\main.dart.js' because it no longer exists.
         Removing endpoints for asset 'D:\P.L\Flutter\fresh_produce_app\FreshProduce.Api\wwwroot\main.dart.js' because it no longer exists.
         Removing endpoints for asset 'D:\P.L\Flutter\fresh_produce_app\FreshProduce.Api\wwwroot\admin\canvaskit\chromium\canvaskit.wasm' because it no longer exists.
         Removing endpoints for asset 'D:\P.L\Flutter\fresh_produce_app\FreshProduce.Api\wwwroot\admin\canvaskit\chromium\canvaskit.wasm' because it no longer exists.
         Removing endpoints for asset 'D:\P.L\Flutter\fresh_produce_app\FreshProduce.Api\wwwroot\admin\favicon.png' because it no longer exists.
         Removing endpoints for asset 'D:\P.L\Flutter\fresh_produce_app\FreshProduce.Api\wwwroot\admin\favicon.png' because it no longer exists.
         Removing endpoints for asset 'D:\P.L\Flutter\fresh_produce_app\FreshProduce.Api\wwwroot\canvaskit\chromium\canvaskit.wasm' because it no longer exists.
         Removing endpoints for asset 'D:\P.L\Flutter\fresh_produce_app\FreshProduce.Api\wwwroot\canvaskit\chromium\canvaskit.wasm' because it no longer exists.
         Removing endpoints for asset 'D:\P.L\Flutter\fresh_produce_app\FreshProduce.Api\wwwroot\canvaskit\skwasm.js' because it no longer exists.
         Removing endpoints for asset 'D:\P.L\Flutter\fresh_produce_app\FreshProduce.Api\wwwroot\canvaskit\skwasm.js' because it no longer exists.
         Removing endpoints for asset 'D:\P.L\Flutter\fresh_produce_app\FreshProduce.Api\wwwroot\canvaskit\canvaskit.wasm' because it no longer exists.
         Removing endpoints for asset 'D:\P.L\Flutter\fresh_produce_app\FreshProduce.Api\wwwroot\canvaskit\canvaskit.wasm' because it no longer exists.
         Removing endpoints for asset 'D:\P.L\Flutter\fresh_produce_app\FreshProduce.Api\wwwroot\canvaskit\canvaskit.js.symbols' because it no longer exists.
         Removing endpoints for asset 'D:\P.L\Flutter\fresh_produce_app\FreshProduce.Api\wwwroot\canvaskit\canvaskit.js.symbols' because it no longer exists.
         Removing endpoints for asset 'D:\P.L\Flutter\fresh_produce_app\FreshProduce.Api\wwwroot\canvaskit\skwasm.wasm' because it no longer exists.
         Removing endpoints for asset 'D:\P.L\Flutter\fresh_produce_app\FreshProduce.Api\wwwroot\canvaskit\skwasm.wasm' because it no longer exists.
         Removing endpoints for asset 'D:\P.L\Flutter\fresh_produce_app\FreshProduce.Api\wwwroot\admin\assets\fonts\MaterialIcons-Regular.otf' because it no longer exists.
         Removing endpoints for asset 'D:\P.L\Flutter\fresh_produce_app\FreshProduce.Api\wwwroot\admin\assets\fonts\MaterialIcons-Regular.otf' because it no longer exists.
         Removing endpoints for asset 'D:\P.L\Flutter\fresh_produce_app\FreshProduce.Api\wwwroot\canvaskit\chromium\canvaskit.js.symbols' because it no longer exists.
         Removing endpoints for asset 'D:\P.L\Flutter\fresh_produce_app\FreshProduce.Api\wwwroot\canvaskit\chromium\canvaskit.js.symbols' because it no longer exists.
         Removing endpoints for asset 'D:\P.L\Flutter\fresh_produce_app\FreshProduce.Api\wwwroot\assets\AssetManifest.json' because it no longer exists.
         Removing endpoints for asset 'D:\P.L\Flutter\fresh_produce_app\FreshProduce.Api\wwwroot\assets\AssetManifest.json' because it no longer exists.
         Removing endpoints for asset 'D:\P.L\Flutter\fresh_produce_app\FreshProduce.Api\wwwroot\flutter.js' because it no longer exists.
         Removing endpoints for asset 'D:\P.L\Flutter\fresh_produce_app\FreshProduce.Api\wwwroot\flutter.js' because it no longer exists.
         Removing endpoints for asset 'D:\P.L\Flutter\fresh_produce_app\FreshProduce.Api\wwwroot\icons\Icon-maskable-512.png' because it no longer exists.
         Removing endpoints for asset 'D:\P.L\Flutter\fresh_produce_app\FreshProduce.Api\wwwroot\icons\Icon-maskable-512.png' because it no longer exists.
         Removing endpoints for asset 'D:\P.L\Flutter\fresh_produce_app\FreshProduce.Api\wwwroot\canvaskit\skwasm.js.symbols' because it no longer exists.
         Removing endpoints for asset 'D:\P.L\Flutter\fresh_produce_app\FreshProduce.Api\wwwroot\canvaskit\skwasm.js.symbols' because it no longer exists.
         Removing endpoints for asset 'D:\P.L\Flutter\fresh_produce_app\FreshProduce.Api\wwwroot\assets\shaders\stretch_effect.frag' because it no longer exists.
         Removing endpoints for asset 'D:\P.L\Flutter\fresh_produce_app\FreshProduce.Api\wwwroot\assets\shaders\stretch_effect.frag' because it no longer exists.
         Removing endpoints for asset 'D:\P.L\Flutter\fresh_produce_app\FreshProduce.Api\wwwroot\canvaskit\skwasm_heavy.js.symbols' because it no longer exists.
         Removing endpoints for asset 'D:\P.L\Flutter\fresh_produce_app\FreshProduce.Api\wwwroot\canvaskit\skwasm_heavy.js.symbols' because it no longer exists.
         Removing endpoints for asset 'D:\P.L\Flutter\fresh_produce_app\FreshProduce.Api\wwwroot\icons\Icon-192.png' because it no longer exists.
         Removing endpoints for asset 'D:\P.L\Flutter\fresh_produce_app\FreshProduce.Api\wwwroot\icons\Icon-192.png' because it no longer exists.
         Removing endpoints for asset 'D:\P.L\Flutter\fresh_produce_app\FreshProduce.Api\wwwroot\icons\Icon-512.png' because it no longer exists.
         Removing endpoints for asset 'D:\P.L\Flutter\fresh_produce_app\FreshProduce.Api\wwwroot\icons\Icon-512.png' because it no longer exists.
         Removing endpoints for asset 'D:\P.L\Flutter\fresh_produce_app\FreshProduce.Api\wwwroot\icons\Icon-maskable-192.png' because it no longer exists.
         Removing endpoints for asset 'D:\P.L\Flutter\fresh_produce_app\FreshProduce.Api\wwwroot\icons\Icon-maskable-192.png' because it no longer exists.
       Done executing task "DefineStaticWebAssetEndpoints".
   1:7>Done building target "ResolveJsInitializerModuleStaticWebAssets" in project "FreshProduce.Api.csproj".
       Target "ResolveProjectStaticWebAssets" skipped. Previously built successfully.
       Target "ResolveRazorComponentInputs" skipped. Previously built successfully.
       Target "ResolveRazorGenerateInputs" skipped. Previously built successfully.
   1:7>Target "ResolveJSModuleStaticWebAssets" in file "C:\Program Files\dotnet\sdk\10.0.101\Sdks\Microsoft.NET.Sdk.StaticWebAssets\targets\Microsoft.NET.Sdk.StaticWebAssets.JSModules.targets" from project "D:\P.L\Flutter\fresh_produce_app\FreshProduce.Api\FreshProduce.Api.csproj" (target "ResolveCoreStaticWebAssets" depends on it):
       Task "DefineStaticWebAssets"
         Cache is fully up to date.
       Done executing task "DefineStaticWebAssets".
       Task "DefineStaticWebAssets"
         Cache is fully up to date.
       Done executing task "DefineStaticWebAssets".
       Task "DefineStaticWebAssetEndpoints"
         Removing endpoints for asset 'D:\P.L\Flutter\fresh_produce_app\FreshProduce.Api\wwwroot\assets\shaders\ink_sparkle.frag' because it no longer exists.
         Removing endpoints for asset 'D:\P.L\Flutter\fresh_produce_app\FreshProduce.Api\wwwroot\assets\shaders\ink_sparkle.frag' because it no longer exists.
         Removing endpoints for asset 'D:\P.L\Flutter\fresh_produce_app\FreshProduce.Api\wwwroot\admin\version.json' because it no longer exists.
         Removing endpoints for asset 'D:\P.L\Flutter\fresh_produce_app\FreshProduce.Api\wwwroot\admin\version.json' because it no longer exists.
         Removing endpoints for asset 'D:\P.L\Flutter\fresh_produce_app\FreshProduce.Api\wwwroot\version.json' because it no longer exists.
         Removing endpoints for asset 'D:\P.L\Flutter\fresh_produce_app\FreshProduce.Api\wwwroot\version.json' because it no longer exists.
         Removing endpoints for asset 'D:\P.L\Flutter\fresh_produce_app\FreshProduce.Api\wwwroot\admin\canvaskit\canvaskit.js.symbols' because it no longer exists.
         Removing endpoints for asset 'D:\P.L\Flutter\fresh_produce_app\FreshProduce.Api\wwwroot\admin\canvaskit\canvaskit.js.symbols' because it no longer exists.
         Removing endpoints for asset 'D:\P.L\Flutter\fresh_produce_app\FreshProduce.Api\wwwroot\admin\canvaskit\chromium\canvaskit.js' because it no longer exists.
         Removing endpoints for asset 'D:\P.L\Flutter\fresh_produce_app\FreshProduce.Api\wwwroot\admin\canvaskit\chromium\canvaskit.js' because it no longer exists.
         Removing endpoints for asset 'D:\P.L\Flutter\fresh_produce_app\FreshProduce.Api\wwwroot\admin\assets\shaders\stretch_effect.frag' because it no longer exists.
         Removing endpoints for asset 'D:\P.L\Flutter\fresh_produce_app\FreshProduce.Api\wwwroot\admin\assets\shaders\stretch_effect.frag' because it no longer exists.
         Removing endpoints for asset 'D:\P.L\Flutter\fresh_produce_app\FreshProduce.Api\wwwroot\admin\canvaskit\canvaskit.js' because it no longer exists.
         Removing endpoints for asset 'D:\P.L\Flutter\fresh_produce_app\FreshProduce.Api\wwwroot\admin\canvaskit\canvaskit.js' because it no longer exists.
         Removing endpoints for asset 'D:\P.L\Flutter\fresh_produce_app\FreshProduce.Api\wwwroot\admin\canvaskit\canvaskit.wasm' because it no longer exists.
         Removing endpoints for asset 'D:\P.L\Flutter\fresh_produce_app\FreshProduce.Api\wwwroot\admin\canvaskit\canvaskit.wasm' because it no longer exists.
         Removing endpoints for asset 'D:\P.L\Flutter\fresh_produce_app\FreshProduce.Api\wwwroot\assets\AssetManifest.bin.json' because it no longer exists.
         Removing endpoints for asset 'D:\P.L\Flutter\fresh_produce_app\FreshProduce.Api\wwwroot\assets\AssetManifest.bin.json' because it no longer exists.
         Removing endpoints for asset 'D:\P.L\Flutter\fresh_produce_app\FreshProduce.Api\wwwroot\admin\assets\NOTICES' because it no longer exists.
         Removing endpoints for asset 'D:\P.L\Flutter\fresh_produce_app\FreshProduce.Api\wwwroot\admin\assets\NOTICES' because it no longer exists.
         Removing endpoints for asset 'D:\P.L\Flutter\fresh_produce_app\FreshProduce.Api\wwwroot\admin\assets\shaders\ink_sparkle.frag' because it no longer exists.
         Removing endpoints for asset 'D:\P.L\Flutter\fresh_produce_app\FreshProduce.Api\wwwroot\admin\assets\shaders\ink_sparkle.frag' because it no longer exists.
         Removing endpoints for asset 'D:\P.L\Flutter\fresh_produce_app\FreshProduce.Api\wwwroot\admin\flutter_service_worker.js' because it no longer exists.
         Removing endpoints for asset 'D:\P.L\Flutter\fresh_produce_app\FreshProduce.Api\wwwroot\admin\flutter_service_worker.js' because it no longer exists.
         Removing endpoints for asset 'D:\P.L\Flutter\fresh_produce_app\FreshProduce.Api\wwwroot\admin\icons\Icon-192.png' because it no longer exists.
         Removing endpoints for asset 'D:\P.L\Flutter\fresh_produce_app\FreshProduce.Api\wwwroot\admin\icons\Icon-192.png' because it no longer exists.
         Removing endpoints for asset 'D:\P.L\Flutter\fresh_produce_app\FreshProduce.Api\wwwroot\assets\fonts\MaterialIcons-Regular.otf' because it no longer exists.
         Removing endpoints for asset 'D:\P.L\Flutter\fresh_produce_app\FreshProduce.Api\wwwroot\assets\fonts\MaterialIcons-Regular.otf' because it no longer exists.
         Removing endpoints for asset 'D:\P.L\Flutter\fresh_produce_app\FreshProduce.Api\wwwroot\.last_build_id' because it no longer exists.
         Removing endpoints for asset 'D:\P.L\Flutter\fresh_produce_app\FreshProduce.Api\wwwroot\.last_build_id' because it no longer exists.
         Removing endpoints for asset 'D:\P.L\Flutter\fresh_produce_app\FreshProduce.Api\wwwroot\admin\assets\AssetManifest.bin' because it no longer exists.
         Removing endpoints for asset 'D:\P.L\Flutter\fresh_produce_app\FreshProduce.Api\wwwroot\admin\assets\AssetManifest.bin' because it no longer exists.
         Removing endpoints for asset 'D:\P.L\Flutter\fresh_produce_app\FreshProduce.Api\wwwroot\admin\flutter.js' because it no longer exists.
         Removing endpoints for asset 'D:\P.L\Flutter\fresh_produce_app\FreshProduce.Api\wwwroot\admin\flutter.js' because it no longer exists.
         Removing endpoints for asset 'D:\P.L\Flutter\fresh_produce_app\FreshProduce.Api\wwwroot\admin\manifest.json' because it no longer exists.
         Removing endpoints for asset 'D:\P.L\Flutter\fresh_produce_app\FreshProduce.Api\wwwroot\admin\manifest.json' because it no longer exists.
         Removing endpoints for asset 'D:\P.L\Flutter\fresh_produce_app\FreshProduce.Api\wwwroot\admin\.last_build_id' because it no longer exists.
         Removing endpoints for asset 'D:\P.L\Flutter\fresh_produce_app\FreshProduce.Api\wwwroot\admin\.last_build_id' because it no longer exists.
         Removing endpoints for asset 'D:\P.L\Flutter\fresh_produce_app\FreshProduce.Api\wwwroot\admin\index.html' because it no longer exists.
         Removing endpoints for asset 'D:\P.L\Flutter\fresh_produce_app\FreshProduce.Api\wwwroot\admin\index.html' because it no longer exists.
         Removing endpoints for asset 'D:\P.L\Flutter\fresh_produce_app\FreshProduce.Api\wwwroot\admin\main.dart.js' because it no longer exists.
         Removing endpoints for asset 'D:\P.L\Flutter\fresh_produce_app\FreshProduce.Api\wwwroot\admin\main.dart.js' because it no longer exists.
         Removing endpoints for asset 'D:\P.L\Flutter\fresh_produce_app\FreshProduce.Api\wwwroot\canvaskit\chromium\canvaskit.js' because it no longer exists.
         Removing endpoints for asset 'D:\P.L\Flutter\fresh_produce_app\FreshProduce.Api\wwwroot\canvaskit\chromium\canvaskit.js' because it no longer exists.
         Removing endpoints for asset 'D:\P.L\Flutter\fresh_produce_app\FreshProduce.Api\wwwroot\admin\flutter_bootstrap.js' because it no longer exists.
         Removing endpoints for asset 'D:\P.L\Flutter\fresh_produce_app\FreshProduce.Api\wwwroot\admin\flutter_bootstrap.js' because it no longer exists.
         Removing endpoints for asset 'D:\P.L\Flutter\fresh_produce_app\FreshProduce.Api\wwwroot\admin\canvaskit\skwasm.js.symbols' because it no longer exists.
         Removing endpoints for asset 'D:\P.L\Flutter\fresh_produce_app\FreshProduce.Api\wwwroot\admin\canvaskit\skwasm.js.symbols' because it no longer exists.
         Removing endpoints for asset 'D:\P.L\Flutter\fresh_produce_app\FreshProduce.Api\wwwroot\admin\icons\Icon-maskable-192.png' because it no longer exists.
         Removing endpoints for asset 'D:\P.L\Flutter\fresh_produce_app\FreshProduce.Api\wwwroot\admin\icons\Icon-maskable-192.png' because it no longer exists.
         Removing endpoints for asset 'D:\P.L\Flutter\fresh_produce_app\FreshProduce.Api\wwwroot\admin\canvaskit\skwasm.wasm' because it no longer exists.
         Removing endpoints for asset 'D:\P.L\Flutter\fresh_produce_app\FreshProduce.Api\wwwroot\admin\canvaskit\skwasm.wasm' because it no longer exists.
         Removing endpoints for asset 'D:\P.L\Flutter\fresh_produce_app\FreshProduce.Api\wwwroot\admin\canvaskit\skwasm_heavy.js' because it no longer exists.
         Removing endpoints for asset 'D:\P.L\Flutter\fresh_produce_app\FreshProduce.Api\wwwroot\admin\canvaskit\skwasm_heavy.js' because it no longer exists.
         Removing endpoints for asset 'D:\P.L\Flutter\fresh_produce_app\FreshProduce.Api\wwwroot\assets\AssetManifest.bin' because it no longer exists.
         Removing endpoints for asset 'D:\P.L\Flutter\fresh_produce_app\FreshProduce.Api\wwwroot\assets\AssetManifest.bin' because it no longer exists.
         Removing endpoints for asset 'D:\P.L\Flutter\fresh_produce_app\FreshProduce.Api\wwwroot\canvaskit\skwasm_heavy.js' because it no longer exists.
         Removing endpoints for asset 'D:\P.L\Flutter\fresh_produce_app\FreshProduce.Api\wwwroot\canvaskit\skwasm_heavy.js' because it no longer exists.
         Removing endpoints for asset 'D:\P.L\Flutter\fresh_produce_app\FreshProduce.Api\wwwroot\manifest.json' because it no longer exists.
         Removing endpoints for asset 'D:\P.L\Flutter\fresh_produce_app\FreshProduce.Api\wwwroot\manifest.json' because it no longer exists.
         Removing endpoints for asset 'D:\P.L\Flutter\fresh_produce_app\FreshProduce.Api\wwwroot\admin\icons\Icon-maskable-512.png' because it no longer exists.
         Removing endpoints for asset 'D:\P.L\Flutter\fresh_produce_app\FreshProduce.Api\wwwroot\admin\icons\Icon-maskable-512.png' because it no longer exists.
         Removing endpoints for asset 'D:\P.L\Flutter\fresh_produce_app\FreshProduce.Api\wwwroot\admin\canvaskit\skwasm_heavy.wasm' because it no longer exists.
         Removing endpoints for asset 'D:\P.L\Flutter\fresh_produce_app\FreshProduce.Api\wwwroot\admin\canvaskit\skwasm_heavy.wasm' because it no longer exists.
         Removing endpoints for asset 'D:\P.L\Flutter\fresh_produce_app\FreshProduce.Api\wwwroot\admin\icons\Icon-512.png' because it no longer exists.
         Removing endpoints for asset 'D:\P.L\Flutter\fresh_produce_app\FreshProduce.Api\wwwroot\admin\icons\Icon-512.png' because it no longer exists.
         Removing endpoints for asset 'D:\P.L\Flutter\fresh_produce_app\FreshProduce.Api\wwwroot\assets\FontManifest.json' because it no longer exists.
         Removing endpoints for asset 'D:\P.L\Flutter\fresh_produce_app\FreshProduce.Api\wwwroot\assets\FontManifest.json' because it no longer exists.
         Removing endpoints for asset 'D:\P.L\Flutter\fresh_produce_app\FreshProduce.Api\wwwroot\canvaskit\skwasm_heavy.wasm' because it no longer exists.
         Removing endpoints for asset 'D:\P.L\Flutter\fresh_produce_app\FreshProduce.Api\wwwroot\canvaskit\skwasm_heavy.wasm' because it no longer exists.
         Removing endpoints for asset 'D:\P.L\Flutter\fresh_produce_app\FreshProduce.Api\wwwroot\favicon.png' because it no longer exists.
         Removing endpoints for asset 'D:\P.L\Flutter\fresh_produce_app\FreshProduce.Api\wwwroot\favicon.png' because it no longer exists.
         Removing endpoints for asset 'D:\P.L\Flutter\fresh_produce_app\FreshProduce.Api\wwwroot\assets\NOTICES' because it no longer exists.
         Removing endpoints for asset 'D:\P.L\Flutter\fresh_produce_app\FreshProduce.Api\wwwroot\assets\NOTICES' because it no longer exists.
         Removing endpoints for asset 'D:\P.L\Flutter\fresh_produce_app\FreshProduce.Api\wwwroot\assets\packages\cupertino_icons\assets\CupertinoIcons.ttf' because it no longer exists.
         Removing endpoints for asset 'D:\P.L\Flutter\fresh_produce_app\FreshProduce.Api\wwwroot\assets\packages\cupertino_icons\assets\CupertinoIcons.ttf' because it no longer exists.
         Removing endpoints for asset 'D:\P.L\Flutter\fresh_produce_app\FreshProduce.Api\wwwroot\admin\assets\AssetManifest.json' because it no longer exists.
         Removing endpoints for asset 'D:\P.L\Flutter\fresh_produce_app\FreshProduce.Api\wwwroot\admin\assets\AssetManifest.json' because it no longer exists.
         Removing endpoints for asset 'D:\P.L\Flutter\fresh_produce_app\FreshProduce.Api\wwwroot\canvaskit\canvaskit.js' because it no longer exists.
         Removing endpoints for asset 'D:\P.L\Flutter\fresh_produce_app\FreshProduce.Api\wwwroot\canvaskit\canvaskit.js' because it no longer exists.
         Removing endpoints for asset 'D:\P.L\Flutter\fresh_produce_app\FreshProduce.Api\wwwroot\flutter_bootstrap.js' because it no longer exists.
         Removing endpoints for asset 'D:\P.L\Flutter\fresh_produce_app\FreshProduce.Api\wwwroot\flutter_bootstrap.js' because it no longer exists.
         Removing endpoints for asset 'D:\P.L\Flutter\fresh_produce_app\FreshProduce.Api\wwwroot\flutter_service_worker.js' because it no longer exists.
         Removing endpoints for asset 'D:\P.L\Flutter\fresh_produce_app\FreshProduce.Api\wwwroot\flutter_service_worker.js' because it no longer exists.
         Removing endpoints for asset 'D:\P.L\Flutter\fresh_produce_app\FreshProduce.Api\wwwroot\admin\canvaskit\skwasm_heavy.js.symbols' because it no longer exists.
         Removing endpoints for asset 'D:\P.L\Flutter\fresh_produce_app\FreshProduce.Api\wwwroot\admin\canvaskit\skwasm_heavy.js.symbols' because it no longer exists.
         Removing endpoints for asset 'D:\P.L\Flutter\fresh_produce_app\FreshProduce.Api\wwwroot\admin\canvaskit\chromium\canvaskit.js.symbols' because it no longer exists.
         Removing endpoints for asset 'D:\P.L\Flutter\fresh_produce_app\FreshProduce.Api\wwwroot\admin\canvaskit\chromium\canvaskit.js.symbols' because it no longer exists.
         Removing endpoints for asset 'D:\P.L\Flutter\fresh_produce_app\FreshProduce.Api\wwwroot\admin\canvaskit\skwasm.js' because it no longer exists.
         Removing endpoints for asset 'D:\P.L\Flutter\fresh_produce_app\FreshProduce.Api\wwwroot\admin\canvaskit\skwasm.js' because it no longer exists.
         Removing endpoints for asset 'D:\P.L\Flutter\fresh_produce_app\FreshProduce.Api\wwwroot\admin\assets\AssetManifest.bin.json' because it no longer exists.
         Removing endpoints for asset 'D:\P.L\Flutter\fresh_produce_app\FreshProduce.Api\wwwroot\admin\assets\AssetManifest.bin.json' because it no longer exists.
         Removing endpoints for asset 'D:\P.L\Flutter\fresh_produce_app\FreshProduce.Api\wwwroot\admin\assets\FontManifest.json' because it no longer exists.
         Removing endpoints for asset 'D:\P.L\Flutter\fresh_produce_app\FreshProduce.Api\wwwroot\admin\assets\FontManifest.json' because it no longer exists.
         Removing endpoints for asset 'D:\P.L\Flutter\fresh_produce_app\FreshProduce.Api\wwwroot\admin\assets\packages\cupertino_icons\assets\CupertinoIcons.ttf' because it no longer exists.
         Removing endpoints for asset 'D:\P.L\Flutter\fresh_produce_app\FreshProduce.Api\wwwroot\admin\assets\packages\cupertino_icons\assets\CupertinoIcons.ttf' because it no longer exists.
         Removing endpoints for asset 'D:\P.L\Flutter\fresh_produce_app\FreshProduce.Api\wwwroot\index.html' because it no longer exists.
         Removing endpoints for asset 'D:\P.L\Flutter\fresh_produce_app\FreshProduce.Api\wwwroot\index.html' because it no longer exists.
         Removing endpoints for asset 'D:\P.L\Flutter\fresh_produce_app\FreshProduce.Api\wwwroot\main.dart.js' because it no longer exists.
         Removing endpoints for asset 'D:\P.L\Flutter\fresh_produce_app\FreshProduce.Api\wwwroot\main.dart.js' because it no longer exists.
         Removing endpoints for asset 'D:\P.L\Flutter\fresh_produce_app\FreshProduce.Api\wwwroot\admin\canvaskit\chromium\canvaskit.wasm' because it no longer exists.
         Removing endpoints for asset 'D:\P.L\Flutter\fresh_produce_app\FreshProduce.Api\wwwroot\admin\canvaskit\chromium\canvaskit.wasm' because it no longer exists.
         Removing endpoints for asset 'D:\P.L\Flutter\fresh_produce_app\FreshProduce.Api\wwwroot\admin\favicon.png' because it no longer exists.
         Removing endpoints for asset 'D:\P.L\Flutter\fresh_produce_app\FreshProduce.Api\wwwroot\admin\favicon.png' because it no longer exists.
         Removing endpoints for asset 'D:\P.L\Flutter\fresh_produce_app\FreshProduce.Api\wwwroot\canvaskit\chromium\canvaskit.wasm' because it no longer exists.
         Removing endpoints for asset 'D:\P.L\Flutter\fresh_produce_app\FreshProduce.Api\wwwroot\canvaskit\chromium\canvaskit.wasm' because it no longer exists.
         Removing endpoints for asset 'D:\P.L\Flutter\fresh_produce_app\FreshProduce.Api\wwwroot\canvaskit\skwasm.js' because it no longer exists.
         Removing endpoints for asset 'D:\P.L\Flutter\fresh_produce_app\FreshProduce.Api\wwwroot\canvaskit\skwasm.js' because it no longer exists.
         Removing endpoints for asset 'D:\P.L\Flutter\fresh_produce_app\FreshProduce.Api\wwwroot\canvaskit\canvaskit.wasm' because it no longer exists.
         Removing endpoints for asset 'D:\P.L\Flutter\fresh_produce_app\FreshProduce.Api\wwwroot\canvaskit\canvaskit.wasm' because it no longer exists.
         Removing endpoints for asset 'D:\P.L\Flutter\fresh_produce_app\FreshProduce.Api\wwwroot\canvaskit\canvaskit.js.symbols' because it no longer exists.
         Removing endpoints for asset 'D:\P.L\Flutter\fresh_produce_app\FreshProduce.Api\wwwroot\canvaskit\canvaskit.js.symbols' because it no longer exists.
         Removing endpoints for asset 'D:\P.L\Flutter\fresh_produce_app\FreshProduce.Api\wwwroot\canvaskit\skwasm.wasm' because it no longer exists.
         Removing endpoints for asset 'D:\P.L\Flutter\fresh_produce_app\FreshProduce.Api\wwwroot\canvaskit\skwasm.wasm' because it no longer exists.
         Removing endpoints for asset 'D:\P.L\Flutter\fresh_produce_app\FreshProduce.Api\wwwroot\admin\assets\fonts\MaterialIcons-Regular.otf' because it no longer exists.
         Removing endpoints for asset 'D:\P.L\Flutter\fresh_produce_app\FreshProduce.Api\wwwroot\admin\assets\fonts\MaterialIcons-Regular.otf' because it no longer exists.
         Removing endpoints for asset 'D:\P.L\Flutter\fresh_produce_app\FreshProduce.Api\wwwroot\canvaskit\chromium\canvaskit.js.symbols' because it no longer exists.
         Removing endpoints for asset 'D:\P.L\Flutter\fresh_produce_app\FreshProduce.Api\wwwroot\canvaskit\chromium\canvaskit.js.symbols' because it no longer exists.
         Removing endpoints for asset 'D:\P.L\Flutter\fresh_produce_app\FreshProduce.Api\wwwroot\assets\AssetManifest.json' because it no longer exists.
         Removing endpoints for asset 'D:\P.L\Flutter\fresh_produce_app\FreshProduce.Api\wwwroot\assets\AssetManifest.json' because it no longer exists.
         Removing endpoints for asset 'D:\P.L\Flutter\fresh_produce_app\FreshProduce.Api\wwwroot\flutter.js' because it no longer exists.
         Removing endpoints for asset 'D:\P.L\Flutter\fresh_produce_app\FreshProduce.Api\wwwroot\flutter.js' because it no longer exists.
         Removing endpoints for asset 'D:\P.L\Flutter\fresh_produce_app\FreshProduce.Api\wwwroot\icons\Icon-maskable-512.png' because it no longer exists.
         Removing endpoints for asset 'D:\P.L\Flutter\fresh_produce_app\FreshProduce.Api\wwwroot\icons\Icon-maskable-512.png' because it no longer exists.
         Removing endpoints for asset 'D:\P.L\Flutter\fresh_produce_app\FreshProduce.Api\wwwroot\canvaskit\skwasm.js.symbols' because it no longer exists.
         Removing endpoints for asset 'D:\P.L\Flutter\fresh_produce_app\FreshProduce.Api\wwwroot\canvaskit\skwasm.js.symbols' because it no longer exists.
         Removing endpoints for asset 'D:\P.L\Flutter\fresh_produce_app\FreshProduce.Api\wwwroot\assets\shaders\stretch_effect.frag' because it no longer exists.
         Removing endpoints for asset 'D:\P.L\Flutter\fresh_produce_app\FreshProduce.Api\wwwroot\assets\shaders\stretch_effect.frag' because it no longer exists.
         Removing endpoints for asset 'D:\P.L\Flutter\fresh_produce_app\FreshProduce.Api\wwwroot\canvaskit\skwasm_heavy.js.symbols' because it no longer exists.
         Removing endpoints for asset 'D:\P.L\Flutter\fresh_produce_app\FreshProduce.Api\wwwroot\canvaskit\skwasm_heavy.js.symbols' because it no longer exists.
         Removing endpoints for asset 'D:\P.L\Flutter\fresh_produce_app\FreshProduce.Api\wwwroot\icons\Icon-192.png' because it no longer exists.
         Removing endpoints for asset 'D:\P.L\Flutter\fresh_produce_app\FreshProduce.Api\wwwroot\icons\Icon-192.png' because it no longer exists.
         Removing endpoints for asset 'D:\P.L\Flutter\fresh_produce_app\FreshProduce.Api\wwwroot\icons\Icon-512.png' because it no longer exists.
         Removing endpoints for asset 'D:\P.L\Flutter\fresh_produce_app\FreshProduce.Api\wwwroot\icons\Icon-512.png' because it no longer exists.
         Removing endpoints for asset 'D:\P.L\Flutter\fresh_produce_app\FreshProduce.Api\wwwroot\icons\Icon-maskable-192.png' because it no longer exists.
         Removing endpoints for asset 'D:\P.L\Flutter\fresh_produce_app\FreshProduce.Api\wwwroot\icons\Icon-maskable-192.png' because it no longer exists.
       Done executing task "DefineStaticWebAssetEndpoints".
       Task "DefineStaticWebAssetEndpoints"
         Removing endpoints for asset 'D:\P.L\Flutter\fresh_produce_app\FreshProduce.Api\wwwroot\assets\shaders\ink_sparkle.frag' because it no longer exists.
         Removing endpoints for asset 'D:\P.L\Flutter\fresh_produce_app\FreshProduce.Api\wwwroot\assets\shaders\ink_sparkle.frag' because it no longer exists.
         Removing endpoints for asset 'D:\P.L\Flutter\fresh_produce_app\FreshProduce.Api\wwwroot\admin\version.json' because it no longer exists.
         Removing endpoints for asset 'D:\P.L\Flutter\fresh_produce_app\FreshProduce.Api\wwwroot\admin\version.json' because it no longer exists.
         Removing endpoints for asset 'D:\P.L\Flutter\fresh_produce_app\FreshProduce.Api\wwwroot\version.json' because it no longer exists.
         Removing endpoints for asset 'D:\P.L\Flutter\fresh_produce_app\FreshProduce.Api\wwwroot\version.json' because it no longer exists.
         Removing endpoints for asset 'D:\P.L\Flutter\fresh_produce_app\FreshProduce.Api\wwwroot\admin\canvaskit\canvaskit.js.symbols' because it no longer exists.
         Removing endpoints for asset 'D:\P.L\Flutter\fresh_produce_app\FreshProduce.Api\wwwroot\admin\canvaskit\canvaskit.js.symbols' because it no longer exists.
         Removing endpoints for asset 'D:\P.L\Flutter\fresh_produce_app\FreshProduce.Api\wwwroot\admin\canvaskit\chromium\canvaskit.js' because it no longer exists.
         Removing endpoints for asset 'D:\P.L\Flutter\fresh_produce_app\FreshProduce.Api\wwwroot\admin\canvaskit\chromium\canvaskit.js' because it no longer exists.
         Removing endpoints for asset 'D:\P.L\Flutter\fresh_produce_app\FreshProduce.Api\wwwroot\admin\assets\shaders\stretch_effect.frag' because it no longer exists.
         Removing endpoints for asset 'D:\P.L\Flutter\fresh_produce_app\FreshProduce.Api\wwwroot\admin\assets\shaders\stretch_effect.frag' because it no longer exists.
         Removing endpoints for asset 'D:\P.L\Flutter\fresh_produce_app\FreshProduce.Api\wwwroot\admin\canvaskit\canvaskit.js' because it no longer exists.
         Removing endpoints for asset 'D:\P.L\Flutter\fresh_produce_app\FreshProduce.Api\wwwroot\admin\canvaskit\canvaskit.js' because it no longer exists.
         Removing endpoints for asset 'D:\P.L\Flutter\fresh_produce_app\FreshProduce.Api\wwwroot\admin\canvaskit\canvaskit.wasm' because it no longer exists.
         Removing endpoints for asset 'D:\P.L\Flutter\fresh_produce_app\FreshProduce.Api\wwwroot\admin\canvaskit\canvaskit.wasm' because it no longer exists.
         Removing endpoints for asset 'D:\P.L\Flutter\fresh_produce_app\FreshProduce.Api\wwwroot\assets\AssetManifest.bin.json' because it no longer exists.
         Removing endpoints for asset 'D:\P.L\Flutter\fresh_produce_app\FreshProduce.Api\wwwroot\assets\AssetManifest.bin.json' because it no longer exists.
         Removing endpoints for asset 'D:\P.L\Flutter\fresh_produce_app\FreshProduce.Api\wwwroot\admin\assets\NOTICES' because it no longer exists.
         Removing endpoints for asset 'D:\P.L\Flutter\fresh_produce_app\FreshProduce.Api\wwwroot\admin\assets\NOTICES' because it no longer exists.
         Removing endpoints for asset 'D:\P.L\Flutter\fresh_produce_app\FreshProduce.Api\wwwroot\admin\assets\shaders\ink_sparkle.frag' because it no longer exists.
         Removing endpoints for asset 'D:\P.L\Flutter\fresh_produce_app\FreshProduce.Api\wwwroot\admin\assets\shaders\ink_sparkle.frag' because it no longer exists.
         Removing endpoints for asset 'D:\P.L\Flutter\fresh_produce_app\FreshProduce.Api\wwwroot\admin\flutter_service_worker.js' because it no longer exists.
         Removing endpoints for asset 'D:\P.L\Flutter\fresh_produce_app\FreshProduce.Api\wwwroot\admin\flutter_service_worker.js' because it no longer exists.
         Removing endpoints for asset 'D:\P.L\Flutter\fresh_produce_app\FreshProduce.Api\wwwroot\admin\icons\Icon-192.png' because it no longer exists.
         Removing endpoints for asset 'D:\P.L\Flutter\fresh_produce_app\FreshProduce.Api\wwwroot\admin\icons\Icon-192.png' because it no longer exists.
         Removing endpoints for asset 'D:\P.L\Flutter\fresh_produce_app\FreshProduce.Api\wwwroot\assets\fonts\MaterialIcons-Regular.otf' because it no longer exists.
         Removing endpoints for asset 'D:\P.L\Flutter\fresh_produce_app\FreshProduce.Api\wwwroot\assets\fonts\MaterialIcons-Regular.otf' because it no longer exists.
         Removing endpoints for asset 'D:\P.L\Flutter\fresh_produce_app\FreshProduce.Api\wwwroot\.last_build_id' because it no longer exists.
         Removing endpoints for asset 'D:\P.L\Flutter\fresh_produce_app\FreshProduce.Api\wwwroot\.last_build_id' because it no longer exists.
         Removing endpoints for asset 'D:\P.L\Flutter\fresh_produce_app\FreshProduce.Api\wwwroot\admin\assets\AssetManifest.bin' because it no longer exists.
         Removing endpoints for asset 'D:\P.L\Flutter\fresh_produce_app\FreshProduce.Api\wwwroot\admin\assets\AssetManifest.bin' because it no longer exists.
         Removing endpoints for asset 'D:\P.L\Flutter\fresh_produce_app\FreshProduce.Api\wwwroot\admin\flutter.js' because it no longer exists.
         Removing endpoints for asset 'D:\P.L\Flutter\fresh_produce_app\FreshProduce.Api\wwwroot\admin\flutter.js' because it no longer exists.
         Removing endpoints for asset 'D:\P.L\Flutter\fresh_produce_app\FreshProduce.Api\wwwroot\admin\manifest.json' because it no longer exists.
         Removing endpoints for asset 'D:\P.L\Flutter\fresh_produce_app\FreshProduce.Api\wwwroot\admin\manifest.json' because it no longer exists.
         Removing endpoints for asset 'D:\P.L\Flutter\fresh_produce_app\FreshProduce.Api\wwwroot\admin\.last_build_id' because it no longer exists.
         Removing endpoints for asset 'D:\P.L\Flutter\fresh_produce_app\FreshProduce.Api\wwwroot\admin\.last_build_id' because it no longer exists.
         Removing endpoints for asset 'D:\P.L\Flutter\fresh_produce_app\FreshProduce.Api\wwwroot\admin\index.html' because it no longer exists.
         Removing endpoints for asset 'D:\P.L\Flutter\fresh_produce_app\FreshProduce.Api\wwwroot\admin\index.html' because it no longer exists.
         Removing endpoints for asset 'D:\P.L\Flutter\fresh_produce_app\FreshProduce.Api\wwwroot\admin\main.dart.js' because it no longer exists.
         Removing endpoints for asset 'D:\P.L\Flutter\fresh_produce_app\FreshProduce.Api\wwwroot\admin\main.dart.js' because it no longer exists.
         Removing endpoints for asset 'D:\P.L\Flutter\fresh_produce_app\FreshProduce.Api\wwwroot\canvaskit\chromium\canvaskit.js' because it no longer exists.
         Removing endpoints for asset 'D:\P.L\Flutter\fresh_produce_app\FreshProduce.Api\wwwroot\canvaskit\chromium\canvaskit.js' because it no longer exists.
         Removing endpoints for asset 'D:\P.L\Flutter\fresh_produce_app\FreshProduce.Api\wwwroot\admin\flutter_bootstrap.js' because it no longer exists.
         Removing endpoints for asset 'D:\P.L\Flutter\fresh_produce_app\FreshProduce.Api\wwwroot\admin\flutter_bootstrap.js' because it no longer exists.
         Removing endpoints for asset 'D:\P.L\Flutter\fresh_produce_app\FreshProduce.Api\wwwroot\admin\canvaskit\skwasm.js.symbols' because it no longer exists.
         Removing endpoints for asset 'D:\P.L\Flutter\fresh_produce_app\FreshProduce.Api\wwwroot\admin\canvaskit\skwasm.js.symbols' because it no longer exists.
         Removing endpoints for asset 'D:\P.L\Flutter\fresh_produce_app\FreshProduce.Api\wwwroot\admin\icons\Icon-maskable-192.png' because it no longer exists.
         Removing endpoints for asset 'D:\P.L\Flutter\fresh_produce_app\FreshProduce.Api\wwwroot\admin\icons\Icon-maskable-192.png' because it no longer exists.
         Removing endpoints for asset 'D:\P.L\Flutter\fresh_produce_app\FreshProduce.Api\wwwroot\admin\canvaskit\skwasm.wasm' because it no longer exists.
         Removing endpoints for asset 'D:\P.L\Flutter\fresh_produce_app\FreshProduce.Api\wwwroot\admin\canvaskit\skwasm.wasm' because it no longer exists.
         Removing endpoints for asset 'D:\P.L\Flutter\fresh_produce_app\FreshProduce.Api\wwwroot\admin\canvaskit\skwasm_heavy.js' because it no longer exists.
         Removing endpoints for asset 'D:\P.L\Flutter\fresh_produce_app\FreshProduce.Api\wwwroot\admin\canvaskit\skwasm_heavy.js' because it no longer exists.
         Removing endpoints for asset 'D:\P.L\Flutter\fresh_produce_app\FreshProduce.Api\wwwroot\assets\AssetManifest.bin' because it no longer exists.
         Removing endpoints for asset 'D:\P.L\Flutter\fresh_produce_app\FreshProduce.Api\wwwroot\assets\AssetManifest.bin' because it no longer exists.
         Removing endpoints for asset 'D:\P.L\Flutter\fresh_produce_app\FreshProduce.Api\wwwroot\canvaskit\skwasm_heavy.js' because it no longer exists.
         Removing endpoints for asset 'D:\P.L\Flutter\fresh_produce_app\FreshProduce.Api\wwwroot\canvaskit\skwasm_heavy.js' because it no longer exists.
         Removing endpoints for asset 'D:\P.L\Flutter\fresh_produce_app\FreshProduce.Api\wwwroot\manifest.json' because it no longer exists.
         Removing endpoints for asset 'D:\P.L\Flutter\fresh_produce_app\FreshProduce.Api\wwwroot\manifest.json' because it no longer exists.
         Removing endpoints for asset 'D:\P.L\Flutter\fresh_produce_app\FreshProduce.Api\wwwroot\admin\icons\Icon-maskable-512.png' because it no longer exists.
         Removing endpoints for asset 'D:\P.L\Flutter\fresh_produce_app\FreshProduce.Api\wwwroot\admin\icons\Icon-maskable-512.png' because it no longer exists.
         Removing endpoints for asset 'D:\P.L\Flutter\fresh_produce_app\FreshProduce.Api\wwwroot\admin\canvaskit\skwasm_heavy.wasm' because it no longer exists.
         Removing endpoints for asset 'D:\P.L\Flutter\fresh_produce_app\FreshProduce.Api\wwwroot\admin\canvaskit\skwasm_heavy.wasm' because it no longer exists.
         Removing endpoints for asset 'D:\P.L\Flutter\fresh_produce_app\FreshProduce.Api\wwwroot\admin\icons\Icon-512.png' because it no longer exists.
         Removing endpoints for asset 'D:\P.L\Flutter\fresh_produce_app\FreshProduce.Api\wwwroot\admin\icons\Icon-512.png' because it no longer exists.
         Removing endpoints for asset 'D:\P.L\Flutter\fresh_produce_app\FreshProduce.Api\wwwroot\assets\FontManifest.json' because it no longer exists.
         Removing endpoints for asset 'D:\P.L\Flutter\fresh_produce_app\FreshProduce.Api\wwwroot\assets\FontManifest.json' because it no longer exists.
         Removing endpoints for asset 'D:\P.L\Flutter\fresh_produce_app\FreshProduce.Api\wwwroot\canvaskit\skwasm_heavy.wasm' because it no longer exists.
         Removing endpoints for asset 'D:\P.L\Flutter\fresh_produce_app\FreshProduce.Api\wwwroot\canvaskit\skwasm_heavy.wasm' because it no longer exists.
         Removing endpoints for asset 'D:\P.L\Flutter\fresh_produce_app\FreshProduce.Api\wwwroot\favicon.png' because it no longer exists.
         Removing endpoints for asset 'D:\P.L\Flutter\fresh_produce_app\FreshProduce.Api\wwwroot\favicon.png' because it no longer exists.
         Removing endpoints for asset 'D:\P.L\Flutter\fresh_produce_app\FreshProduce.Api\wwwroot\assets\NOTICES' because it no longer exists.
         Removing endpoints for asset 'D:\P.L\Flutter\fresh_produce_app\FreshProduce.Api\wwwroot\assets\NOTICES' because it no longer exists.
         Removing endpoints for asset 'D:\P.L\Flutter\fresh_produce_app\FreshProduce.Api\wwwroot\assets\packages\cupertino_icons\assets\CupertinoIcons.ttf' because it no longer exists.
         Removing endpoints for asset 'D:\P.L\Flutter\fresh_produce_app\FreshProduce.Api\wwwroot\assets\packages\cupertino_icons\assets\CupertinoIcons.ttf' because it no longer exists.
         Removing endpoints for asset 'D:\P.L\Flutter\fresh_produce_app\FreshProduce.Api\wwwroot\admin\assets\AssetManifest.json' because it no longer exists.
         Removing endpoints for asset 'D:\P.L\Flutter\fresh_produce_app\FreshProduce.Api\wwwroot\admin\assets\AssetManifest.json' because it no longer exists.
         Removing endpoints for asset 'D:\P.L\Flutter\fresh_produce_app\FreshProduce.Api\wwwroot\canvaskit\canvaskit.js' because it no longer exists.
         Removing endpoints for asset 'D:\P.L\Flutter\fresh_produce_app\FreshProduce.Api\wwwroot\canvaskit\canvaskit.js' because it no longer exists.
         Removing endpoints for asset 'D:\P.L\Flutter\fresh_produce_app\FreshProduce.Api\wwwroot\flutter_bootstrap.js' because it no longer exists.
         Removing endpoints for asset 'D:\P.L\Flutter\fresh_produce_app\FreshProduce.Api\wwwroot\flutter_bootstrap.js' because it no longer exists.
         Removing endpoints for asset 'D:\P.L\Flutter\fresh_produce_app\FreshProduce.Api\wwwroot\flutter_service_worker.js' because it no longer exists.
         Removing endpoints for asset 'D:\P.L\Flutter\fresh_produce_app\FreshProduce.Api\wwwroot\flutter_service_worker.js' because it no longer exists.
         Removing endpoints for asset 'D:\P.L\Flutter\fresh_produce_app\FreshProduce.Api\wwwroot\admin\canvaskit\skwasm_heavy.js.symbols' because it no longer exists.
         Removing endpoints for asset 'D:\P.L\Flutter\fresh_produce_app\FreshProduce.Api\wwwroot\admin\canvaskit\skwasm_heavy.js.symbols' because it no longer exists.
         Removing endpoints for asset 'D:\P.L\Flutter\fresh_produce_app\FreshProduce.Api\wwwroot\admin\canvaskit\chromium\canvaskit.js.symbols' because it no longer exists.
         Removing endpoints for asset 'D:\P.L\Flutter\fresh_produce_app\FreshProduce.Api\wwwroot\admin\canvaskit\chromium\canvaskit.js.symbols' because it no longer exists.
         Removing endpoints for asset 'D:\P.L\Flutter\fresh_produce_app\FreshProduce.Api\wwwroot\admin\canvaskit\skwasm.js' because it no longer exists.
         Removing endpoints for asset 'D:\P.L\Flutter\fresh_produce_app\FreshProduce.Api\wwwroot\admin\canvaskit\skwasm.js' because it no longer exists.
         Removing endpoints for asset 'D:\P.L\Flutter\fresh_produce_app\FreshProduce.Api\wwwroot\admin\assets\AssetManifest.bin.json' because it no longer exists.
         Removing endpoints for asset 'D:\P.L\Flutter\fresh_produce_app\FreshProduce.Api\wwwroot\admin\assets\AssetManifest.bin.json' because it no longer exists.
         Removing endpoints for asset 'D:\P.L\Flutter\fresh_produce_app\FreshProduce.Api\wwwroot\admin\assets\FontManifest.json' because it no longer exists.
         Removing endpoints for asset 'D:\P.L\Flutter\fresh_produce_app\FreshProduce.Api\wwwroot\admin\assets\FontManifest.json' because it no longer exists.
         Removing endpoints for asset 'D:\P.L\Flutter\fresh_produce_app\FreshProduce.Api\wwwroot\admin\assets\packages\cupertino_icons\assets\CupertinoIcons.ttf' because it no longer exists.
         Removing endpoints for asset 'D:\P.L\Flutter\fresh_produce_app\FreshProduce.Api\wwwroot\admin\assets\packages\cupertino_icons\assets\CupertinoIcons.ttf' because it no longer exists.
         Removing endpoints for asset 'D:\P.L\Flutter\fresh_produce_app\FreshProduce.Api\wwwroot\index.html' because it no longer exists.
         Removing endpoints for asset 'D:\P.L\Flutter\fresh_produce_app\FreshProduce.Api\wwwroot\index.html' because it no longer exists.
         Removing endpoints for asset 'D:\P.L\Flutter\fresh_produce_app\FreshProduce.Api\wwwroot\main.dart.js' because it no longer exists.
         Removing endpoints for asset 'D:\P.L\Flutter\fresh_produce_app\FreshProduce.Api\wwwroot\main.dart.js' because it no longer exists.
         Removing endpoints for asset 'D:\P.L\Flutter\fresh_produce_app\FreshProduce.Api\wwwroot\admin\canvaskit\chromium\canvaskit.wasm' because it no longer exists.
         Removing endpoints for asset 'D:\P.L\Flutter\fresh_produce_app\FreshProduce.Api\wwwroot\admin\canvaskit\chromium\canvaskit.wasm' because it no longer exists.
         Removing endpoints for asset 'D:\P.L\Flutter\fresh_produce_app\FreshProduce.Api\wwwroot\admin\favicon.png' because it no longer exists.
         Removing endpoints for asset 'D:\P.L\Flutter\fresh_produce_app\FreshProduce.Api\wwwroot\admin\favicon.png' because it no longer exists.
         Removing endpoints for asset 'D:\P.L\Flutter\fresh_produce_app\FreshProduce.Api\wwwroot\canvaskit\chromium\canvaskit.wasm' because it no longer exists.
         Removing endpoints for asset 'D:\P.L\Flutter\fresh_produce_app\FreshProduce.Api\wwwroot\canvaskit\chromium\canvaskit.wasm' because it no longer exists.
         Removing endpoints for asset 'D:\P.L\Flutter\fresh_produce_app\FreshProduce.Api\wwwroot\canvaskit\skwasm.js' because it no longer exists.
         Removing endpoints for asset 'D:\P.L\Flutter\fresh_produce_app\FreshProduce.Api\wwwroot\canvaskit\skwasm.js' because it no longer exists.
         Removing endpoints for asset 'D:\P.L\Flutter\fresh_produce_app\FreshProduce.Api\wwwroot\canvaskit\canvaskit.wasm' because it no longer exists.
         Removing endpoints for asset 'D:\P.L\Flutter\fresh_produce_app\FreshProduce.Api\wwwroot\canvaskit\canvaskit.wasm' because it no longer exists.
         Removing endpoints for asset 'D:\P.L\Flutter\fresh_produce_app\FreshProduce.Api\wwwroot\canvaskit\canvaskit.js.symbols' because it no longer exists.
         Removing endpoints for asset 'D:\P.L\Flutter\fresh_produce_app\FreshProduce.Api\wwwroot\canvaskit\canvaskit.js.symbols' because it no longer exists.
         Removing endpoints for asset 'D:\P.L\Flutter\fresh_produce_app\FreshProduce.Api\wwwroot\canvaskit\skwasm.wasm' because it no longer exists.
         Removing endpoints for asset 'D:\P.L\Flutter\fresh_produce_app\FreshProduce.Api\wwwroot\canvaskit\skwasm.wasm' because it no longer exists.
         Removing endpoints for asset 'D:\P.L\Flutter\fresh_produce_app\FreshProduce.Api\wwwroot\admin\assets\fonts\MaterialIcons-Regular.otf' because it no longer exists.
         Removing endpoints for asset 'D:\P.L\Flutter\fresh_produce_app\FreshProduce.Api\wwwroot\admin\assets\fonts\MaterialIcons-Regular.otf' because it no longer exists.
         Removing endpoints for asset 'D:\P.L\Flutter\fresh_produce_app\FreshProduce.Api\wwwroot\canvaskit\chromium\canvaskit.js.symbols' because it no longer exists.
         Removing endpoints for asset 'D:\P.L\Flutter\fresh_produce_app\FreshProduce.Api\wwwroot\canvaskit\chromium\canvaskit.js.symbols' because it no longer exists.
         Removing endpoints for asset 'D:\P.L\Flutter\fresh_produce_app\FreshProduce.Api\wwwroot\assets\AssetManifest.json' because it no longer exists.
         Removing endpoints for asset 'D:\P.L\Flutter\fresh_produce_app\FreshProduce.Api\wwwroot\assets\AssetManifest.json' because it no longer exists.
         Removing endpoints for asset 'D:\P.L\Flutter\fresh_produce_app\FreshProduce.Api\wwwroot\flutter.js' because it no longer exists.
         Removing endpoints for asset 'D:\P.L\Flutter\fresh_produce_app\FreshProduce.Api\wwwroot\flutter.js' because it no longer exists.
         Removing endpoints for asset 'D:\P.L\Flutter\fresh_produce_app\FreshProduce.Api\wwwroot\icons\Icon-maskable-512.png' because it no longer exists.
         Removing endpoints for asset 'D:\P.L\Flutter\fresh_produce_app\FreshProduce.Api\wwwroot\icons\Icon-maskable-512.png' because it no longer exists.
         Removing endpoints for asset 'D:\P.L\Flutter\fresh_produce_app\FreshProduce.Api\wwwroot\canvaskit\skwasm.js.symbols' because it no longer exists.
         Removing endpoints for asset 'D:\P.L\Flutter\fresh_produce_app\FreshProduce.Api\wwwroot\canvaskit\skwasm.js.symbols' because it no longer exists.
         Removing endpoints for asset 'D:\P.L\Flutter\fresh_produce_app\FreshProduce.Api\wwwroot\assets\shaders\stretch_effect.frag' because it no longer exists.
         Removing endpoints for asset 'D:\P.L\Flutter\fresh_produce_app\FreshProduce.Api\wwwroot\assets\shaders\stretch_effect.frag' because it no longer exists.
         Removing endpoints for asset 'D:\P.L\Flutter\fresh_produce_app\FreshProduce.Api\wwwroot\canvaskit\skwasm_heavy.js.symbols' because it no longer exists.
         Removing endpoints for asset 'D:\P.L\Flutter\fresh_produce_app\FreshProduce.Api\wwwroot\canvaskit\skwasm_heavy.js.symbols' because it no longer exists.
         Removing endpoints for asset 'D:\P.L\Flutter\fresh_produce_app\FreshProduce.Api\wwwroot\icons\Icon-192.png' because it no longer exists.
         Removing endpoints for asset 'D:\P.L\Flutter\fresh_produce_app\FreshProduce.Api\wwwroot\icons\Icon-192.png' because it no longer exists.
         Removing endpoints for asset 'D:\P.L\Flutter\fresh_produce_app\FreshProduce.Api\wwwroot\icons\Icon-512.png' because it no longer exists.
         Removing endpoints for asset 'D:\P.L\Flutter\fresh_produce_app\FreshProduce.Api\wwwroot\icons\Icon-512.png' because it no longer exists.
         Removing endpoints for asset 'D:\P.L\Flutter\fresh_produce_app\FreshProduce.Api\wwwroot\icons\Icon-maskable-192.png' because it no longer exists.
         Removing endpoints for asset 'D:\P.L\Flutter\fresh_produce_app\FreshProduce.Api\wwwroot\icons\Icon-maskable-192.png' because it no longer exists.
       Done executing task "DefineStaticWebAssetEndpoints".
       Using "ApplyJsModules" task from assembly "C:\Program Files\dotnet\sdk\10.0.101\Sdks\Microsoft.NET.Sdk.StaticWebAssets\targets\..\tasks\net10.0\Microsoft.NET.Sdk.StaticWebAssets.Tasks.dll".
       Task "ApplyJsModules"
       Done executing task "ApplyJsModules".
   1:7>Done building target "ResolveJSModuleStaticWebAssets" in project "FreshProduce.Api.csproj".
   1:7>Target "ResolveCoreStaticWebAssets" in file "C:\Program Files\dotnet\sdk\10.0.101\Sdks\Microsoft.NET.Sdk.StaticWebAssets\targets\Microsoft.NET.Sdk.StaticWebAssets.targets" from project "D:\P.L\Flutter\fresh_produce_app\FreshProduce.Api\FreshProduce.Api.csproj" (target "ResolveBuildStaticWebAssets" depends on it):
   1:7>Done building target "ResolveCoreStaticWebAssets" in project "FreshProduce.Api.csproj".
       Target "ResolveCoreStaticWebAssets" skipped. Previously built successfully.
       Target "ResolveJsInitializerModuleStaticWebAssets" skipped. Previously built successfully.
   1:7>Target "ResolveJSModuleManifestBuildConfiguration" in file "C:\Program Files\dotnet\sdk\10.0.101\Sdks\Microsoft.NET.Sdk.StaticWebAssets\targets\Microsoft.NET.Sdk.StaticWebAssets.JSModules.targets" from project "D:\P.L\Flutter\fresh_produce_app\FreshProduce.Api\FreshProduce.Api.csproj" (target "GenerateJSModuleManifestBuildStaticWebAssets" depends on it):
   1:7>Done building target "ResolveJSModuleManifestBuildConfiguration" in project "FreshProduce.Api.csproj".
   1:7>Target "GenerateJSModuleManifestBuildStaticWebAssets" in file "C:\Program Files\dotnet\sdk\10.0.101\Sdks\Microsoft.NET.Sdk.StaticWebAssets\targets\Microsoft.NET.Sdk.StaticWebAssets.JSModules.targets" from project "D:\P.L\Flutter\fresh_produce_app\FreshProduce.Api\FreshProduce.Api.csproj" (target "ResolveJSModuleManifestBuildStaticWebAssets" depends on it):
   1:7>Done building target "GenerateJSModuleManifestBuildStaticWebAssets" in project "FreshProduce.Api.csproj".
   1:7>Target "ResolveJSModuleManifestBuildStaticWebAssets" in file "C:\Program Files\dotnet\sdk\10.0.101\Sdks\Microsoft.NET.Sdk.StaticWebAssets\targets\Microsoft.NET.Sdk.StaticWebAssets.JSModules.targets" from project "D:\P.L\Flutter\fresh_produce_app\FreshProduce.Api\FreshProduce.Api.csproj" (target "ResolveStaticWebAssetsInputs" depends on it):
       Task "DefineStaticWebAssetEndpoints"
         Removing endpoints for asset 'D:\P.L\Flutter\fresh_produce_app\FreshProduce.Api\wwwroot\assets\shaders\ink_sparkle.frag' because it no longer exists.
         Removing endpoints for asset 'D:\P.L\Flutter\fresh_produce_app\FreshProduce.Api\wwwroot\assets\shaders\ink_sparkle.frag' because it no longer exists.
         Removing endpoints for asset 'D:\P.L\Flutter\fresh_produce_app\FreshProduce.Api\wwwroot\admin\version.json' because it no longer exists.
         Removing endpoints for asset 'D:\P.L\Flutter\fresh_produce_app\FreshProduce.Api\wwwroot\admin\version.json' because it no longer exists.
         Removing endpoints for asset 'D:\P.L\Flutter\fresh_produce_app\FreshProduce.Api\wwwroot\version.json' because it no longer exists.
         Removing endpoints for asset 'D:\P.L\Flutter\fresh_produce_app\FreshProduce.Api\wwwroot\version.json' because it no longer exists.
         Removing endpoints for asset 'D:\P.L\Flutter\fresh_produce_app\FreshProduce.Api\wwwroot\admin\canvaskit\canvaskit.js.symbols' because it no longer exists.
         Removing endpoints for asset 'D:\P.L\Flutter\fresh_produce_app\FreshProduce.Api\wwwroot\admin\canvaskit\canvaskit.js.symbols' because it no longer exists.
         Removing endpoints for asset 'D:\P.L\Flutter\fresh_produce_app\FreshProduce.Api\wwwroot\admin\canvaskit\chromium\canvaskit.js' because it no longer exists.
         Removing endpoints for asset 'D:\P.L\Flutter\fresh_produce_app\FreshProduce.Api\wwwroot\admin\canvaskit\chromium\canvaskit.js' because it no longer exists.
         Removing endpoints for asset 'D:\P.L\Flutter\fresh_produce_app\FreshProduce.Api\wwwroot\admin\assets\shaders\stretch_effect.frag' because it no longer exists.
         Removing endpoints for asset 'D:\P.L\Flutter\fresh_produce_app\FreshProduce.Api\wwwroot\admin\assets\shaders\stretch_effect.frag' because it no longer exists.
         Removing endpoints for asset 'D:\P.L\Flutter\fresh_produce_app\FreshProduce.Api\wwwroot\admin\canvaskit\canvaskit.js' because it no longer exists.
         Removing endpoints for asset 'D:\P.L\Flutter\fresh_produce_app\FreshProduce.Api\wwwroot\admin\canvaskit\canvaskit.js' because it no longer exists.
         Removing endpoints for asset 'D:\P.L\Flutter\fresh_produce_app\FreshProduce.Api\wwwroot\admin\canvaskit\canvaskit.wasm' because it no longer exists.
         Removing endpoints for asset 'D:\P.L\Flutter\fresh_produce_app\FreshProduce.Api\wwwroot\admin\canvaskit\canvaskit.wasm' because it no longer exists.
         Removing endpoints for asset 'D:\P.L\Flutter\fresh_produce_app\FreshProduce.Api\wwwroot\assets\AssetManifest.bin.json' because it no longer exists.
         Removing endpoints for asset 'D:\P.L\Flutter\fresh_produce_app\FreshProduce.Api\wwwroot\assets\AssetManifest.bin.json' because it no longer exists.
         Removing endpoints for asset 'D:\P.L\Flutter\fresh_produce_app\FreshProduce.Api\wwwroot\admin\assets\NOTICES' because it no longer exists.
         Removing endpoints for asset 'D:\P.L\Flutter\fresh_produce_app\FreshProduce.Api\wwwroot\admin\assets\NOTICES' because it no longer exists.
         Removing endpoints for asset 'D:\P.L\Flutter\fresh_produce_app\FreshProduce.Api\wwwroot\admin\assets\shaders\ink_sparkle.frag' because it no longer exists.
         Removing endpoints for asset 'D:\P.L\Flutter\fresh_produce_app\FreshProduce.Api\wwwroot\admin\assets\shaders\ink_sparkle.frag' because it no longer exists.
         Removing endpoints for asset 'D:\P.L\Flutter\fresh_produce_app\FreshProduce.Api\wwwroot\admin\flutter_service_worker.js' because it no longer exists.
         Removing endpoints for asset 'D:\P.L\Flutter\fresh_produce_app\FreshProduce.Api\wwwroot\admin\flutter_service_worker.js' because it no longer exists.
         Removing endpoints for asset 'D:\P.L\Flutter\fresh_produce_app\FreshProduce.Api\wwwroot\admin\icons\Icon-192.png' because it no longer exists.
         Removing endpoints for asset 'D:\P.L\Flutter\fresh_produce_app\FreshProduce.Api\wwwroot\admin\icons\Icon-192.png' because it no longer exists.
         Removing endpoints for asset 'D:\P.L\Flutter\fresh_produce_app\FreshProduce.Api\wwwroot\assets\fonts\MaterialIcons-Regular.otf' because it no longer exists.
         Removing endpoints for asset 'D:\P.L\Flutter\fresh_produce_app\FreshProduce.Api\wwwroot\assets\fonts\MaterialIcons-Regular.otf' because it no longer exists.
         Removing endpoints for asset 'D:\P.L\Flutter\fresh_produce_app\FreshProduce.Api\wwwroot\.last_build_id' because it no longer exists.
         Removing endpoints for asset 'D:\P.L\Flutter\fresh_produce_app\FreshProduce.Api\wwwroot\.last_build_id' because it no longer exists.
         Removing endpoints for asset 'D:\P.L\Flutter\fresh_produce_app\FreshProduce.Api\wwwroot\admin\assets\AssetManifest.bin' because it no longer exists.
         Removing endpoints for asset 'D:\P.L\Flutter\fresh_produce_app\FreshProduce.Api\wwwroot\admin\assets\AssetManifest.bin' because it no longer exists.
         Removing endpoints for asset 'D:\P.L\Flutter\fresh_produce_app\FreshProduce.Api\wwwroot\admin\flutter.js' because it no longer exists.
         Removing endpoints for asset 'D:\P.L\Flutter\fresh_produce_app\FreshProduce.Api\wwwroot\admin\flutter.js' because it no longer exists.
         Removing endpoints for asset 'D:\P.L\Flutter\fresh_produce_app\FreshProduce.Api\wwwroot\admin\manifest.json' because it no longer exists.
         Removing endpoints for asset 'D:\P.L\Flutter\fresh_produce_app\FreshProduce.Api\wwwroot\admin\manifest.json' because it no longer exists.
         Removing endpoints for asset 'D:\P.L\Flutter\fresh_produce_app\FreshProduce.Api\wwwroot\admin\.last_build_id' because it no longer exists.
         Removing endpoints for asset 'D:\P.L\Flutter\fresh_produce_app\FreshProduce.Api\wwwroot\admin\.last_build_id' because it no longer exists.
         Removing endpoints for asset 'D:\P.L\Flutter\fresh_produce_app\FreshProduce.Api\wwwroot\admin\index.html' because it no longer exists.
         Removing endpoints for asset 'D:\P.L\Flutter\fresh_produce_app\FreshProduce.Api\wwwroot\admin\index.html' because it no longer exists.
         Removing endpoints for asset 'D:\P.L\Flutter\fresh_produce_app\FreshProduce.Api\wwwroot\admin\main.dart.js' because it no longer exists.
         Removing endpoints for asset 'D:\P.L\Flutter\fresh_produce_app\FreshProduce.Api\wwwroot\admin\main.dart.js' because it no longer exists.
         Removing endpoints for asset 'D:\P.L\Flutter\fresh_produce_app\FreshProduce.Api\wwwroot\canvaskit\chromium\canvaskit.js' because it no longer exists.
         Removing endpoints for asset 'D:\P.L\Flutter\fresh_produce_app\FreshProduce.Api\wwwroot\canvaskit\chromium\canvaskit.js' because it no longer exists.
         Removing endpoints for asset 'D:\P.L\Flutter\fresh_produce_app\FreshProduce.Api\wwwroot\admin\flutter_bootstrap.js' because it no longer exists.
         Removing endpoints for asset 'D:\P.L\Flutter\fresh_produce_app\FreshProduce.Api\wwwroot\admin\flutter_bootstrap.js' because it no longer exists.
         Removing endpoints for asset 'D:\P.L\Flutter\fresh_produce_app\FreshProduce.Api\wwwroot\admin\canvaskit\skwasm.js.symbols' because it no longer exists.
         Removing endpoints for asset 'D:\P.L\Flutter\fresh_produce_app\FreshProduce.Api\wwwroot\admin\canvaskit\skwasm.js.symbols' because it no longer exists.
         Removing endpoints for asset 'D:\P.L\Flutter\fresh_produce_app\FreshProduce.Api\wwwroot\admin\icons\Icon-maskable-192.png' because it no longer exists.
         Removing endpoints for asset 'D:\P.L\Flutter\fresh_produce_app\FreshProduce.Api\wwwroot\admin\icons\Icon-maskable-192.png' because it no longer exists.
         Removing endpoints for asset 'D:\P.L\Flutter\fresh_produce_app\FreshProduce.Api\wwwroot\admin\canvaskit\skwasm.wasm' because it no longer exists.
         Removing endpoints for asset 'D:\P.L\Flutter\fresh_produce_app\FreshProduce.Api\wwwroot\admin\canvaskit\skwasm.wasm' because it no longer exists.
         Removing endpoints for asset 'D:\P.L\Flutter\fresh_produce_app\FreshProduce.Api\wwwroot\admin\canvaskit\skwasm_heavy.js' because it no longer exists.
         Removing endpoints for asset 'D:\P.L\Flutter\fresh_produce_app\FreshProduce.Api\wwwroot\admin\canvaskit\skwasm_heavy.js' because it no longer exists.
         Removing endpoints for asset 'D:\P.L\Flutter\fresh_produce_app\FreshProduce.Api\wwwroot\assets\AssetManifest.bin' because it no longer exists.
         Removing endpoints for asset 'D:\P.L\Flutter\fresh_produce_app\FreshProduce.Api\wwwroot\assets\AssetManifest.bin' because it no longer exists.
         Removing endpoints for asset 'D:\P.L\Flutter\fresh_produce_app\FreshProduce.Api\wwwroot\canvaskit\skwasm_heavy.js' because it no longer exists.
         Removing endpoints for asset 'D:\P.L\Flutter\fresh_produce_app\FreshProduce.Api\wwwroot\canvaskit\skwasm_heavy.js' because it no longer exists.
         Removing endpoints for asset 'D:\P.L\Flutter\fresh_produce_app\FreshProduce.Api\wwwroot\manifest.json' because it no longer exists.
         Removing endpoints for asset 'D:\P.L\Flutter\fresh_produce_app\FreshProduce.Api\wwwroot\manifest.json' because it no longer exists.
         Removing endpoints for asset 'D:\P.L\Flutter\fresh_produce_app\FreshProduce.Api\wwwroot\admin\icons\Icon-maskable-512.png' because it no longer exists.
         Removing endpoints for asset 'D:\P.L\Flutter\fresh_produce_app\FreshProduce.Api\wwwroot\admin\icons\Icon-maskable-512.png' because it no longer exists.
         Removing endpoints for asset 'D:\P.L\Flutter\fresh_produce_app\FreshProduce.Api\wwwroot\admin\canvaskit\skwasm_heavy.wasm' because it no longer exists.
         Removing endpoints for asset 'D:\P.L\Flutter\fresh_produce_app\FreshProduce.Api\wwwroot\admin\canvaskit\skwasm_heavy.wasm' because it no longer exists.
         Removing endpoints for asset 'D:\P.L\Flutter\fresh_produce_app\FreshProduce.Api\wwwroot\admin\icons\Icon-512.png' because it no longer exists.
         Removing endpoints for asset 'D:\P.L\Flutter\fresh_produce_app\FreshProduce.Api\wwwroot\admin\icons\Icon-512.png' because it no longer exists.
         Removing endpoints for asset 'D:\P.L\Flutter\fresh_produce_app\FreshProduce.Api\wwwroot\assets\FontManifest.json' because it no longer exists.
         Removing endpoints for asset 'D:\P.L\Flutter\fresh_produce_app\FreshProduce.Api\wwwroot\assets\FontManifest.json' because it no longer exists.
         Removing endpoints for asset 'D:\P.L\Flutter\fresh_produce_app\FreshProduce.Api\wwwroot\canvaskit\skwasm_heavy.wasm' because it no longer exists.
         Removing endpoints for asset 'D:\P.L\Flutter\fresh_produce_app\FreshProduce.Api\wwwroot\canvaskit\skwasm_heavy.wasm' because it no longer exists.
         Removing endpoints for asset 'D:\P.L\Flutter\fresh_produce_app\FreshProduce.Api\wwwroot\favicon.png' because it no longer exists.
         Removing endpoints for asset 'D:\P.L\Flutter\fresh_produce_app\FreshProduce.Api\wwwroot\favicon.png' because it no longer exists.
         Removing endpoints for asset 'D:\P.L\Flutter\fresh_produce_app\FreshProduce.Api\wwwroot\assets\NOTICES' because it no longer exists.
         Removing endpoints for asset 'D:\P.L\Flutter\fresh_produce_app\FreshProduce.Api\wwwroot\assets\NOTICES' because it no longer exists.
         Removing endpoints for asset 'D:\P.L\Flutter\fresh_produce_app\FreshProduce.Api\wwwroot\assets\packages\cupertino_icons\assets\CupertinoIcons.ttf' because it no longer exists.
         Removing endpoints for asset 'D:\P.L\Flutter\fresh_produce_app\FreshProduce.Api\wwwroot\assets\packages\cupertino_icons\assets\CupertinoIcons.ttf' because it no longer exists.
         Removing endpoints for asset 'D:\P.L\Flutter\fresh_produce_app\FreshProduce.Api\wwwroot\admin\assets\AssetManifest.json' because it no longer exists.
         Removing endpoints for asset 'D:\P.L\Flutter\fresh_produce_app\FreshProduce.Api\wwwroot\admin\assets\AssetManifest.json' because it no longer exists.
         Removing endpoints for asset 'D:\P.L\Flutter\fresh_produce_app\FreshProduce.Api\wwwroot\canvaskit\canvaskit.js' because it no longer exists.
         Removing endpoints for asset 'D:\P.L\Flutter\fresh_produce_app\FreshProduce.Api\wwwroot\canvaskit\canvaskit.js' because it no longer exists.
         Removing endpoints for asset 'D:\P.L\Flutter\fresh_produce_app\FreshProduce.Api\wwwroot\flutter_bootstrap.js' because it no longer exists.
         Removing endpoints for asset 'D:\P.L\Flutter\fresh_produce_app\FreshProduce.Api\wwwroot\flutter_bootstrap.js' because it no longer exists.
         Removing endpoints for asset 'D:\P.L\Flutter\fresh_produce_app\FreshProduce.Api\wwwroot\flutter_service_worker.js' because it no longer exists.
         Removing endpoints for asset 'D:\P.L\Flutter\fresh_produce_app\FreshProduce.Api\wwwroot\flutter_service_worker.js' because it no longer exists.
         Removing endpoints for asset 'D:\P.L\Flutter\fresh_produce_app\FreshProduce.Api\wwwroot\admin\canvaskit\skwasm_heavy.js.symbols' because it no longer exists.
         Removing endpoints for asset 'D:\P.L\Flutter\fresh_produce_app\FreshProduce.Api\wwwroot\admin\canvaskit\skwasm_heavy.js.symbols' because it no longer exists.
         Removing endpoints for asset 'D:\P.L\Flutter\fresh_produce_app\FreshProduce.Api\wwwroot\admin\canvaskit\chromium\canvaskit.js.symbols' because it no longer exists.
         Removing endpoints for asset 'D:\P.L\Flutter\fresh_produce_app\FreshProduce.Api\wwwroot\admin\canvaskit\chromium\canvaskit.js.symbols' because it no longer exists.
         Removing endpoints for asset 'D:\P.L\Flutter\fresh_produce_app\FreshProduce.Api\wwwroot\admin\canvaskit\skwasm.js' because it no longer exists.
         Removing endpoints for asset 'D:\P.L\Flutter\fresh_produce_app\FreshProduce.Api\wwwroot\admin\canvaskit\skwasm.js' because it no longer exists.
         Removing endpoints for asset 'D:\P.L\Flutter\fresh_produce_app\FreshProduce.Api\wwwroot\admin\assets\AssetManifest.bin.json' because it no longer exists.
         Removing endpoints for asset 'D:\P.L\Flutter\fresh_produce_app\FreshProduce.Api\wwwroot\admin\assets\AssetManifest.bin.json' because it no longer exists.
         Removing endpoints for asset 'D:\P.L\Flutter\fresh_produce_app\FreshProduce.Api\wwwroot\admin\assets\FontManifest.json' because it no longer exists.
         Removing endpoints for asset 'D:\P.L\Flutter\fresh_produce_app\FreshProduce.Api\wwwroot\admin\assets\FontManifest.json' because it no longer exists.
         Removing endpoints for asset 'D:\P.L\Flutter\fresh_produce_app\FreshProduce.Api\wwwroot\admin\assets\packages\cupertino_icons\assets\CupertinoIcons.ttf' because it no longer exists.
         Removing endpoints for asset 'D:\P.L\Flutter\fresh_produce_app\FreshProduce.Api\wwwroot\admin\assets\packages\cupertino_icons\assets\CupertinoIcons.ttf' because it no longer exists.
         Removing endpoints for asset 'D:\P.L\Flutter\fresh_produce_app\FreshProduce.Api\wwwroot\index.html' because it no longer exists.
         Removing endpoints for asset 'D:\P.L\Flutter\fresh_produce_app\FreshProduce.Api\wwwroot\index.html' because it no longer exists.
         Removing endpoints for asset 'D:\P.L\Flutter\fresh_produce_app\FreshProduce.Api\wwwroot\main.dart.js' because it no longer exists.
         Removing endpoints for asset 'D:\P.L\Flutter\fresh_produce_app\FreshProduce.Api\wwwroot\main.dart.js' because it no longer exists.
         Removing endpoints for asset 'D:\P.L\Flutter\fresh_produce_app\FreshProduce.Api\wwwroot\admin\canvaskit\chromium\canvaskit.wasm' because it no longer exists.
         Removing endpoints for asset 'D:\P.L\Flutter\fresh_produce_app\FreshProduce.Api\wwwroot\admin\canvaskit\chromium\canvaskit.wasm' because it no longer exists.
         Removing endpoints for asset 'D:\P.L\Flutter\fresh_produce_app\FreshProduce.Api\wwwroot\admin\favicon.png' because it no longer exists.
         Removing endpoints for asset 'D:\P.L\Flutter\fresh_produce_app\FreshProduce.Api\wwwroot\admin\favicon.png' because it no longer exists.
         Removing endpoints for asset 'D:\P.L\Flutter\fresh_produce_app\FreshProduce.Api\wwwroot\canvaskit\chromium\canvaskit.wasm' because it no longer exists.
         Removing endpoints for asset 'D:\P.L\Flutter\fresh_produce_app\FreshProduce.Api\wwwroot\canvaskit\chromium\canvaskit.wasm' because it no longer exists.
         Removing endpoints for asset 'D:\P.L\Flutter\fresh_produce_app\FreshProduce.Api\wwwroot\canvaskit\skwasm.js' because it no longer exists.
         Removing endpoints for asset 'D:\P.L\Flutter\fresh_produce_app\FreshProduce.Api\wwwroot\canvaskit\skwasm.js' because it no longer exists.
         Removing endpoints for asset 'D:\P.L\Flutter\fresh_produce_app\FreshProduce.Api\wwwroot\canvaskit\canvaskit.wasm' because it no longer exists.
         Removing endpoints for asset 'D:\P.L\Flutter\fresh_produce_app\FreshProduce.Api\wwwroot\canvaskit\canvaskit.wasm' because it no longer exists.
         Removing endpoints for asset 'D:\P.L\Flutter\fresh_produce_app\FreshProduce.Api\wwwroot\canvaskit\canvaskit.js.symbols' because it no longer exists.
         Removing endpoints for asset 'D:\P.L\Flutter\fresh_produce_app\FreshProduce.Api\wwwroot\canvaskit\canvaskit.js.symbols' because it no longer exists.
         Removing endpoints for asset 'D:\P.L\Flutter\fresh_produce_app\FreshProduce.Api\wwwroot\canvaskit\skwasm.wasm' because it no longer exists.
         Removing endpoints for asset 'D:\P.L\Flutter\fresh_produce_app\FreshProduce.Api\wwwroot\canvaskit\skwasm.wasm' because it no longer exists.
         Removing endpoints for asset 'D:\P.L\Flutter\fresh_produce_app\FreshProduce.Api\wwwroot\admin\assets\fonts\MaterialIcons-Regular.otf' because it no longer exists.
         Removing endpoints for asset 'D:\P.L\Flutter\fresh_produce_app\FreshProduce.Api\wwwroot\admin\assets\fonts\MaterialIcons-Regular.otf' because it no longer exists.
         Removing endpoints for asset 'D:\P.L\Flutter\fresh_produce_app\FreshProduce.Api\wwwroot\canvaskit\chromium\canvaskit.js.symbols' because it no longer exists.
         Removing endpoints for asset 'D:\P.L\Flutter\fresh_produce_app\FreshProduce.Api\wwwroot\canvaskit\chromium\canvaskit.js.symbols' because it no longer exists.
         Removing endpoints for asset 'D:\P.L\Flutter\fresh_produce_app\FreshProduce.Api\wwwroot\assets\AssetManifest.json' because it no longer exists.
         Removing endpoints for asset 'D:\P.L\Flutter\fresh_produce_app\FreshProduce.Api\wwwroot\assets\AssetManifest.json' because it no longer exists.
         Removing endpoints for asset 'D:\P.L\Flutter\fresh_produce_app\FreshProduce.Api\wwwroot\flutter.js' because it no longer exists.
         Removing endpoints for asset 'D:\P.L\Flutter\fresh_produce_app\FreshProduce.Api\wwwroot\flutter.js' because it no longer exists.
         Removing endpoints for asset 'D:\P.L\Flutter\fresh_produce_app\FreshProduce.Api\wwwroot\icons\Icon-maskable-512.png' because it no longer exists.
         Removing endpoints for asset 'D:\P.L\Flutter\fresh_produce_app\FreshProduce.Api\wwwroot\icons\Icon-maskable-512.png' because it no longer exists.
         Removing endpoints for asset 'D:\P.L\Flutter\fresh_produce_app\FreshProduce.Api\wwwroot\canvaskit\skwasm.js.symbols' because it no longer exists.
         Removing endpoints for asset 'D:\P.L\Flutter\fresh_produce_app\FreshProduce.Api\wwwroot\canvaskit\skwasm.js.symbols' because it no longer exists.
         Removing endpoints for asset 'D:\P.L\Flutter\fresh_produce_app\FreshProduce.Api\wwwroot\assets\shaders\stretch_effect.frag' because it no longer exists.
         Removing endpoints for asset 'D:\P.L\Flutter\fresh_produce_app\FreshProduce.Api\wwwroot\assets\shaders\stretch_effect.frag' because it no longer exists.
         Removing endpoints for asset 'D:\P.L\Flutter\fresh_produce_app\FreshProduce.Api\wwwroot\canvaskit\skwasm_heavy.js.symbols' because it no longer exists.
         Removing endpoints for asset 'D:\P.L\Flutter\fresh_produce_app\FreshProduce.Api\wwwroot\canvaskit\skwasm_heavy.js.symbols' because it no longer exists.
         Removing endpoints for asset 'D:\P.L\Flutter\fresh_produce_app\FreshProduce.Api\wwwroot\icons\Icon-192.png' because it no longer exists.
         Removing endpoints for asset 'D:\P.L\Flutter\fresh_produce_app\FreshProduce.Api\wwwroot\icons\Icon-192.png' because it no longer exists.
         Removing endpoints for asset 'D:\P.L\Flutter\fresh_produce_app\FreshProduce.Api\wwwroot\icons\Icon-512.png' because it no longer exists.
         Removing endpoints for asset 'D:\P.L\Flutter\fresh_produce_app\FreshProduce.Api\wwwroot\icons\Icon-512.png' because it no longer exists.
         Removing endpoints for asset 'D:\P.L\Flutter\fresh_produce_app\FreshProduce.Api\wwwroot\icons\Icon-maskable-192.png' because it no longer exists.
         Removing endpoints for asset 'D:\P.L\Flutter\fresh_produce_app\FreshProduce.Api\wwwroot\icons\Icon-maskable-192.png' because it no longer exists.
       Done executing task "DefineStaticWebAssetEndpoints".
   1:7>Done building target "ResolveJSModuleManifestBuildStaticWebAssets" in project "FreshProduce.Api.csproj".
       Target "ResolveCoreStaticWebAssets" skipped. Previously built successfully.
       Target "ResolveCoreStaticWebAssets" skipped. Previously built successfully.
       Target "ResolveCssScopes" skipped. Previously built successfully.
   1:7>Target "ResolveScopedCssOutputs" in file "C:\Program Files\dotnet\sdk\10.0.101\Sdks\Microsoft.NET.Sdk.StaticWebAssets\targets\Microsoft.NET.Sdk.StaticWebAssets.ScopedCss.targets" from project "D:\P.L\Flutter\fresh_produce_app\FreshProduce.Api\FreshProduce.Api.csproj" (target "_ComputeScopedCssStaticWebAssets" depends on it):
   1:7>Done building target "ResolveScopedCssOutputs" in project "FreshProduce.Api.csproj".
       Target "ResolveStaticWebAssetsConfiguration" skipped. Previously built successfully.
   1:7>Target "_ComputeScopedCssStaticWebAssets" in file "C:\Program Files\dotnet\sdk\10.0.101\Sdks\Microsoft.NET.Sdk.StaticWebAssets\targets\Microsoft.NET.Sdk.StaticWebAssets.ScopedCss.targets" from project "D:\P.L\Flutter\fresh_produce_app\FreshProduce.Api\FreshProduce.Api.csproj" (target "_CollectAllScopedCssAssets" depends on it):
   1:7>Done building target "_ComputeScopedCssStaticWebAssets" in project "FreshProduce.Api.csproj".
   1:7>Target "_CollectAllScopedCssAssets" in file "C:\Program Files\dotnet\sdk\10.0.101\Sdks\Microsoft.NET.Sdk.StaticWebAssets\targets\Microsoft.NET.Sdk.StaticWebAssets.ScopedCss.targets" from project "D:\P.L\Flutter\fresh_produce_app\FreshProduce.Api\FreshProduce.Api.csproj" (target "BundleScopedCssFiles" depends on it):
       Using "ResolveAllScopedCssAssets" task from assembly "C:\Program Files\dotnet\sdk\10.0.101\Sdks\Microsoft.NET.Sdk.StaticWebAssets\targets\..\tasks\net10.0\Microsoft.NET.Sdk.StaticWebAssets.Tasks.dll".
       Task "ResolveAllScopedCssAssets"
       Done executing task "ResolveAllScopedCssAssets".
   1:7>Done building target "_CollectAllScopedCssAssets" in project "FreshProduce.Api.csproj".
       Target "ResolveScopedCssOutputs" skipped. Previously built successfully.
   1:7>Target "_ProcessScopedCssFiles" in file "C:\Program Files\dotnet\sdk\10.0.101\Sdks\Microsoft.NET.Sdk.StaticWebAssets\targets\Microsoft.NET.Sdk.StaticWebAssets.ScopedCss.targets" from project "D:\P.L\Flutter\fresh_produce_app\FreshProduce.Api\FreshProduce.Api.csproj" (target "BundleScopedCssFiles" depends on it):
       Skipping target "_ProcessScopedCssFiles" because it has no outputs.
       Though the target has declared its outputs, the output specification only references empty properties and/or empty item lists.
   1:7>Done building target "_ProcessScopedCssFiles" in project "FreshProduce.Api.csproj".
       Target "ResolveStaticWebAssetsConfiguration" skipped. Previously built successfully.
   1:7>Target "_ResolveBundlingConfiguration" in file "C:\Program Files\dotnet\sdk\10.0.101\Sdks\Microsoft.NET.Sdk.StaticWebAssets\targets\Microsoft.NET.Sdk.StaticWebAssets.ScopedCss.targets" from project "D:\P.L\Flutter\fresh_produce_app\FreshProduce.Api\FreshProduce.Api.csproj" (target "BundleScopedCssFiles" depends on it):
   1:7>Done building target "_ResolveBundlingConfiguration" in project "FreshProduce.Api.csproj".
   1:7>Target "BundleScopedCssFiles" in file "C:\Program Files\dotnet\sdk\10.0.101\Sdks\Microsoft.NET.Sdk.StaticWebAssets\targets\Microsoft.NET.Sdk.StaticWebAssets.ScopedCss.targets" from project "D:\P.L\Flutter\fresh_produce_app\FreshProduce.Api\FreshProduce.Api.csproj" (target "GenerateComputedBuildStaticWebAssets" depends on it):
   1:7>Done building target "BundleScopedCssFiles" in project "FreshProduce.Api.csproj".
   1:7>Target "GenerateComputedBuildStaticWebAssets" in file "C:\Program Files\dotnet\sdk\10.0.101\Sdks\Microsoft.NET.Sdk.StaticWebAssets\targets\Microsoft.NET.Sdk.StaticWebAssets.targets" from project "D:\P.L\Flutter\fresh_produce_app\FreshProduce.Api\FreshProduce.Api.csproj" (target "ResolveStaticWebAssetsInputs" depends on it):
   1:7>Done building target "GenerateComputedBuildStaticWebAssets" in project "FreshProduce.Api.csproj".
       Target "UpdateExistingPackageStaticWebAssets" skipped. Previously built successfully.
   1:7>Target "UpdateLegacyPackageScopedCssBundles" in file "C:\Program Files\dotnet\sdk\10.0.101\Sdks\Microsoft.NET.Sdk.StaticWebAssets\targets\Microsoft.NET.Sdk.StaticWebAssets.ScopedCss.targets" from project "D:\P.L\Flutter\fresh_produce_app\FreshProduce.Api\FreshProduce.Api.csproj" (target "ResolveScopedCssAssets" depends on it):
       Task "DefineStaticWebAssets"
         No cache manifest path specified. Cache will not be used.
       Done executing task "DefineStaticWebAssets".
       Task "DefineStaticWebAssets"
         No cache manifest path specified. Cache will not be used.
       Done executing task "DefineStaticWebAssets".
   1:7>Done building target "UpdateLegacyPackageScopedCssBundles" in project "FreshProduce.Api.csproj".
       Target "_ResolveBundlingConfiguration" skipped. Previously built successfully.
       Target "ResolveScopedCssOutputs" skipped. Previously built successfully.
   1:7>Target "_ProcessScopedCssFiles" in file "C:\Program Files\dotnet\sdk\10.0.101\Sdks\Microsoft.NET.Sdk.StaticWebAssets\targets\Microsoft.NET.Sdk.StaticWebAssets.ScopedCss.targets" from project "D:\P.L\Flutter\fresh_produce_app\FreshProduce.Api\FreshProduce.Api.csproj" (target "GenerateScopedCssFiles" depends on it):
       Skipping target "_ProcessScopedCssFiles" because it has no outputs.
       Though the target has declared its outputs, the output specification only references empty properties and/or empty item lists.
   1:7>Done building target "_ProcessScopedCssFiles" in project "FreshProduce.Api.csproj".
       Target "BundleScopedCssFiles" skipped. Previously built successfully.
   1:7>Target "GenerateScopedCssFiles" in file "C:\Program Files\dotnet\sdk\10.0.101\Sdks\Microsoft.NET.Sdk.StaticWebAssets\targets\Microsoft.NET.Sdk.StaticWebAssets.ScopedCss.targets" from project "D:\P.L\Flutter\fresh_produce_app\FreshProduce.Api\FreshProduce.Api.csproj" (target "ResolveScopedCssAssets" depends on it):
   1:7>Done building target "GenerateScopedCssFiles" in project "FreshProduce.Api.csproj".
       Target "_ResolveBundlingConfiguration" skipped. Previously built successfully.
       Target "_CollectAllScopedCssAssets" skipped. Previously built successfully.
   1:7>Target "ResolveBundledCssAssets" in file "C:\Program Files\dotnet\sdk\10.0.101\Sdks\Microsoft.NET.Sdk.StaticWebAssets\targets\Microsoft.NET.Sdk.StaticWebAssets.ScopedCss.targets" from project "D:\P.L\Flutter\fresh_produce_app\FreshProduce.Api\FreshProduce.Api.csproj" (target "ResolveScopedCssAssets" depends on it):
   1:7>Done building target "ResolveBundledCssAssets" in project "FreshProduce.Api.csproj".
   1:7>Target "ResolveScopedCssAssets" in file "C:\Program Files\dotnet\sdk\10.0.101\Sdks\Microsoft.NET.Sdk.StaticWebAssets\targets\Microsoft.NET.Sdk.StaticWebAssets.ScopedCss.targets" from project "D:\P.L\Flutter\fresh_produce_app\FreshProduce.Api\FreshProduce.Api.csproj" (target "ResolveStaticWebAssetsInputs" depends on it):
   1:7>Done building target "ResolveScopedCssAssets" in project "FreshProduce.Api.csproj".
   1:7>Target "ResolveStaticWebAssetsInputs" in file "C:\Program Files\dotnet\sdk\10.0.101\Sdks\Microsoft.NET.Sdk.StaticWebAssets\targets\Microsoft.NET.Sdk.StaticWebAssets.targets" from project "D:\P.L\Flutter\fresh_produce_app\FreshProduce.Api\FreshProduce.Api.csproj" (target "ResolveBuildStaticWebAssets" depends on it):
   1:7>Done building target "ResolveStaticWebAssetsInputs" in project "FreshProduce.Api.csproj".
       Target "ResolveStaticWebAssetsInputs" skipped. Previously built successfully.
   1:7>Target "ResolveBuildCompressedStaticWebAssetsConfiguration" in file "C:\Program Files\dotnet\sdk\10.0.101\Sdks\Microsoft.NET.Sdk.StaticWebAssets\targets\Microsoft.NET.Sdk.StaticWebAssets.Compression.targets" from project "D:\P.L\Flutter\fresh_produce_app\FreshProduce.Api\FreshProduce.Api.csproj" (target "GenerateBuildCompressedStaticWebAssets" depends on it):
       Using "DiscoverPrecompressedAssets" task from assembly "C:\Program Files\dotnet\sdk\10.0.101\Sdks\Microsoft.NET.Sdk.StaticWebAssets\targets\..\tasks\net10.0\Microsoft.NET.Sdk.StaticWebAssets.Tasks.dll".
       Task "DiscoverPrecompressedAssets"
       Done executing task "DiscoverPrecompressedAssets".
       Using "ResolveCompressedAssets" task from assembly "C:\Program Files\dotnet\sdk\10.0.101\Sdks\Microsoft.NET.Sdk.StaticWebAssets\targets\..\tasks\net10.0\Microsoft.NET.Sdk.StaticWebAssets.Tasks.dll".
       Task "ResolveCompressedAssets"
         Asset 'D:\P.L\Flutter\fresh_produce_app\FreshProduce.Api\wwwroot\.last_build_id' is not compressed.
         Asset 'D:\P.L\Flutter\fresh_produce_app\FreshProduce.Api\wwwroot\admin\.last_build_id' is not compressed.
         Asset 'D:\P.L\Flutter\fresh_produce_app\FreshProduce.Api\wwwroot\admin\assets\AssetManifest.bin' is not compressed.
         Asset 'D:\P.L\Flutter\fresh_produce_app\FreshProduce.Api\wwwroot\admin\assets\AssetManifest.bin.json' is not compressed.
         Asset 'D:\P.L\Flutter\fresh_produce_app\FreshProduce.Api\wwwroot\admin\assets\AssetManifest.json' is not compressed.
         Asset 'D:\P.L\Flutter\fresh_produce_app\FreshProduce.Api\wwwroot\admin\assets\FontManifest.json' is not compressed.
         Asset 'D:\P.L\Flutter\fresh_produce_app\FreshProduce.Api\wwwroot\admin\assets\fonts\MaterialIcons-Regular.otf' is not compressed.
         Asset 'D:\P.L\Flutter\fresh_produce_app\FreshProduce.Api\wwwroot\admin\assets\NOTICES' is not compressed.
         Asset 'D:\P.L\Flutter\fresh_produce_app\FreshProduce.Api\wwwroot\admin\assets\packages\cupertino_icons\assets\CupertinoIcons.ttf' is not compressed.
         Asset 'D:\P.L\Flutter\fresh_produce_app\FreshProduce.Api\wwwroot\admin\assets\shaders\ink_sparkle.frag' is not compressed.
         Asset 'D:\P.L\Flutter\fresh_produce_app\FreshProduce.Api\wwwroot\admin\assets\shaders\stretch_effect.frag' is not compressed.
         Asset 'D:\P.L\Flutter\fresh_produce_app\FreshProduce.Api\wwwroot\admin\canvaskit\canvaskit.js' is not compressed.
         Asset 'D:\P.L\Flutter\fresh_produce_app\FreshProduce.Api\wwwroot\admin\canvaskit\canvaskit.js.symbols' is not compressed.
         Asset 'D:\P.L\Flutter\fresh_produce_app\FreshProduce.Api\wwwroot\admin\canvaskit\canvaskit.wasm' is not compressed.
         Asset 'D:\P.L\Flutter\fresh_produce_app\FreshProduce.Api\wwwroot\admin\canvaskit\chromium\canvaskit.js' is not compressed.
         Asset 'D:\P.L\Flutter\fresh_produce_app\FreshProduce.Api\wwwroot\admin\canvaskit\chromium\canvaskit.js.symbols' is not compressed.
         Asset 'D:\P.L\Flutter\fresh_produce_app\FreshProduce.Api\wwwroot\admin\canvaskit\chromium\canvaskit.wasm' is not compressed.
         Asset 'D:\P.L\Flutter\fresh_produce_app\FreshProduce.Api\wwwroot\admin\canvaskit\skwasm.js' is not compressed.
         Asset 'D:\P.L\Flutter\fresh_produce_app\FreshProduce.Api\wwwroot\admin\canvaskit\skwasm.js.symbols' is not compressed.
         Asset 'D:\P.L\Flutter\fresh_produce_app\FreshProduce.Api\wwwroot\admin\canvaskit\skwasm.wasm' is not compressed.
         Asset 'D:\P.L\Flutter\fresh_produce_app\FreshProduce.Api\wwwroot\admin\canvaskit\skwasm_heavy.js' is not compressed.
         Asset 'D:\P.L\Flutter\fresh_produce_app\FreshProduce.Api\wwwroot\admin\canvaskit\skwasm_heavy.js.symbols' is not compressed.
         Asset 'D:\P.L\Flutter\fresh_produce_app\FreshProduce.Api\wwwroot\admin\canvaskit\skwasm_heavy.wasm' is not compressed.
         Asset 'D:\P.L\Flutter\fresh_produce_app\FreshProduce.Api\wwwroot\admin\favicon.png' is not compressed.
         Asset 'D:\P.L\Flutter\fresh_produce_app\FreshProduce.Api\wwwroot\admin\flutter.js' is not compressed.
         Asset 'D:\P.L\Flutter\fresh_produce_app\FreshProduce.Api\wwwroot\admin\flutter_bootstrap.js' is not compressed.
         Asset 'D:\P.L\Flutter\fresh_produce_app\FreshProduce.Api\wwwroot\admin\flutter_service_worker.js' is not compressed.
         Asset 'D:\P.L\Flutter\fresh_produce_app\FreshProduce.Api\wwwroot\admin\icons\Icon-192.png' is not compressed.
         Asset 'D:\P.L\Flutter\fresh_produce_app\FreshProduce.Api\wwwroot\admin\icons\Icon-512.png' is not compressed.
         Asset 'D:\P.L\Flutter\fresh_produce_app\FreshProduce.Api\wwwroot\admin\icons\Icon-maskable-192.png' is not compressed.
         Asset 'D:\P.L\Flutter\fresh_produce_app\FreshProduce.Api\wwwroot\admin\icons\Icon-maskable-512.png' is not compressed.
         Asset 'D:\P.L\Flutter\fresh_produce_app\FreshProduce.Api\wwwroot\admin\index.html' is not compressed.
         Asset 'D:\P.L\Flutter\fresh_produce_app\FreshProduce.Api\wwwroot\admin\main.dart.js' is not compressed.
         Asset 'D:\P.L\Flutter\fresh_produce_app\FreshProduce.Api\wwwroot\admin\manifest.json' is not compressed.
         Asset 'D:\P.L\Flutter\fresh_produce_app\FreshProduce.Api\wwwroot\admin\version.json' is not compressed.
         Asset 'D:\P.L\Flutter\fresh_produce_app\FreshProduce.Api\wwwroot\assets\AssetManifest.bin' is not compressed.
         Asset 'D:\P.L\Flutter\fresh_produce_app\FreshProduce.Api\wwwroot\assets\AssetManifest.bin.json' is not compressed.
         Asset 'D:\P.L\Flutter\fresh_produce_app\FreshProduce.Api\wwwroot\assets\AssetManifest.json' is not compressed.
         Asset 'D:\P.L\Flutter\fresh_produce_app\FreshProduce.Api\wwwroot\assets\FontManifest.json' is not compressed.
         Asset 'D:\P.L\Flutter\fresh_produce_app\FreshProduce.Api\wwwroot\assets\fonts\MaterialIcons-Regular.otf' is not compressed.
         Asset 'D:\P.L\Flutter\fresh_produce_app\FreshProduce.Api\wwwroot\assets\NOTICES' is not compressed.
         Asset 'D:\P.L\Flutter\fresh_produce_app\FreshProduce.Api\wwwroot\assets\packages\cupertino_icons\assets\CupertinoIcons.ttf' is not compressed.
         Asset 'D:\P.L\Flutter\fresh_produce_app\FreshProduce.Api\wwwroot\assets\shaders\ink_sparkle.frag' is not compressed.
         Asset 'D:\P.L\Flutter\fresh_produce_app\FreshProduce.Api\wwwroot\assets\shaders\stretch_effect.frag' is not compressed.
         Asset 'D:\P.L\Flutter\fresh_produce_app\FreshProduce.Api\wwwroot\canvaskit\canvaskit.js' is not compressed.
         Asset 'D:\P.L\Flutter\fresh_produce_app\FreshProduce.Api\wwwroot\canvaskit\canvaskit.js.symbols' is not compressed.
         Asset 'D:\P.L\Flutter\fresh_produce_app\FreshProduce.Api\wwwroot\canvaskit\canvaskit.wasm' is not compressed.
         Asset 'D:\P.L\Flutter\fresh_produce_app\FreshProduce.Api\wwwroot\canvaskit\chromium\canvaskit.js' is not compressed.
         Asset 'D:\P.L\Flutter\fresh_produce_app\FreshProduce.Api\wwwroot\canvaskit\chromium\canvaskit.js.symbols' is not compressed.
         Asset 'D:\P.L\Flutter\fresh_produce_app\FreshProduce.Api\wwwroot\canvaskit\chromium\canvaskit.wasm' is not compressed.
         Asset 'D:\P.L\Flutter\fresh_produce_app\FreshProduce.Api\wwwroot\canvaskit\skwasm.js' is not compressed.
         Asset 'D:\P.L\Flutter\fresh_produce_app\FreshProduce.Api\wwwroot\canvaskit\skwasm.js.symbols' is not compressed.
         Asset 'D:\P.L\Flutter\fresh_produce_app\FreshProduce.Api\wwwroot\canvaskit\skwasm.wasm' is not compressed.
         Asset 'D:\P.L\Flutter\fresh_produce_app\FreshProduce.Api\wwwroot\canvaskit\skwasm_heavy.js' is not compressed.
         Asset 'D:\P.L\Flutter\fresh_produce_app\FreshProduce.Api\wwwroot\canvaskit\skwasm_heavy.js.symbols' is not compressed.
         Asset 'D:\P.L\Flutter\fresh_produce_app\FreshProduce.Api\wwwroot\canvaskit\skwasm_heavy.wasm' is not compressed.
         Asset 'D:\P.L\Flutter\fresh_produce_app\FreshProduce.Api\wwwroot\favicon.png' is not compressed.
         Asset 'D:\P.L\Flutter\fresh_produce_app\FreshProduce.Api\wwwroot\flutter.js' is not compressed.
         Asset 'D:\P.L\Flutter\fresh_produce_app\FreshProduce.Api\wwwroot\flutter_bootstrap.js' is not compressed.
         Asset 'D:\P.L\Flutter\fresh_produce_app\FreshProduce.Api\wwwroot\flutter_service_worker.js' is not compressed.
         Asset 'D:\P.L\Flutter\fresh_produce_app\FreshProduce.Api\wwwroot\icons\Icon-192.png' is not compressed.
         Asset 'D:\P.L\Flutter\fresh_produce_app\FreshProduce.Api\wwwroot\icons\Icon-512.png' is not compressed.
         Asset 'D:\P.L\Flutter\fresh_produce_app\FreshProduce.Api\wwwroot\icons\Icon-maskable-192.png' is not compressed.
         Asset 'D:\P.L\Flutter\fresh_produce_app\FreshProduce.Api\wwwroot\icons\Icon-maskable-512.png' is not compressed.
         Asset 'D:\P.L\Flutter\fresh_produce_app\FreshProduce.Api\wwwroot\index.html' is not compressed.
         Asset 'D:\P.L\Flutter\fresh_produce_app\FreshProduce.Api\wwwroot\main.dart.js' is not compressed.
         Asset 'D:\P.L\Flutter\fresh_produce_app\FreshProduce.Api\wwwroot\manifest.json' is not compressed.
         Asset 'D:\P.L\Flutter\fresh_produce_app\FreshProduce.Api\wwwroot\version.json' is not compressed.
         Asset 'D:\P.L\Flutter\fresh_produce_app\FreshProduce.Api\wwwroot\.last_build_id' with relative path '.last_build_id' did not match include pattern '
               ;
               **/*.js;
               **/*.css;
               **/*.html;
               **/*.json;
               **/*.mjs;
               **/*.xml;
               **/*.htm;
               **/*.wasm;
               **/*.txt;
               **/*.dll;
               **/*.pdb;
               **/*.dat;
               **/*.jsx;
               **/*.markdown;
               **/*.md;
               **/*.webmanifest;
               **/*.bmp;
               **/*.svg;
               **/*.otf;
               **/*.art;
               **/*.cmx;
               **/*.cod;
               **/*.dib;
               **/*.ico;
               **/*.ief;
               **/*.pbm;
               **/*.pgm;
               **/*.pnm;
               **/*.ppm;
               **/*.ras;
               **/*.rf;
               **/*.rgb;
               **/*.tif
               **/*.tiff;
               **/*.wbmp;
               **/*.xbm;
               **/*.xpm;
               **/*.xwd;
               **/*.aif;
               **/*.aifc;
               **/*.aif;
               **/*.au;
               **/*.m3u;
               **/*.mid;
               **/*.midi;
               **/*.ra;
               **/*.ram;
               **/*.smd;
               **/*.smx;
               **/*.smz;
               **/*.wav;
               **/*.323;
               **/*.appcache;
               **/*.asm;
               **/*.bas;
               **/*.c;
               **/*.cnf;
               **/*.cpp;
               **/*.csv;
               **/*.disco;
               **/*.dlm;
               **/*.dtd;
               **/*.etx;
               **/*.h;
               **/*.hdml;
               **/*.htc;
               **/*.htt;
               **/*.hxt;
               **/*.ical;
               **/*.icalendar;
               **/*.ics;
               **/*.ifb;
               **/*.map;
               **/*.mno;
               **/*.odc;
               **/*.rtx;
               **/*.sct;
               **/*.sgml;
               **/*.tsv;
               **/*.uls;
               **/*.vbs;
               **/*.vcf;
               **/*.vcs;
               **/*.vml;
               **/*.wml;
               **/*.wmls;
               **/*.wsdl;
               **/*.xdr;
               **/*.xsd;
               **/*.xsf;
               **/*.xsl;
               **/*.xslt;
             ' or matched exclude pattern '
               ;
               **/*.gz;
               **/*.br;
               **/*.jpeg;
               **/*.jpg;
               **/*.png;
               **/*.gif;
               **/*.webp;
               **/*.woff;
               **/*.woff2;
               **/*.m4v;
               **/*.mov;
               **/*.movie;
               **/*.mp2;
               **/*.mp4;
               **/*.mp4v;
               **/*.mpa;
               **/*.mpe;
               **/*.mpeg;
               **/*.mpg;
               **/*.mpv2;
               **/*.ogg;
               **/*.ogv;
               **/*.webm;
               **/*.jfif;
               **/*.svgz;
               **/*.jpe;
               **/*.pnz;
               **/*.aac;
               **/*.adt;
               **/*.adts;
               **/*.m4a;
               **/*.mp3;
               **/*.oga;
               **/*.wax;
               **/*.wma;
             '.
         Asset 'D:\P.L\Flutter\fresh_produce_app\FreshProduce.Api\wwwroot\admin\.last_build_id' with relative path 'admin/.last_build_id' did not match include pattern '
               ;
               **/*.js;
               **/*.css;
               **/*.html;
               **/*.json;
               **/*.mjs;
               **/*.xml;
               **/*.htm;
               **/*.wasm;
               **/*.txt;
               **/*.dll;
               **/*.pdb;
               **/*.dat;
               **/*.jsx;
               **/*.markdown;
               **/*.md;
               **/*.webmanifest;
               **/*.bmp;
               **/*.svg;
               **/*.otf;
               **/*.art;
               **/*.cmx;
               **/*.cod;
               **/*.dib;
               **/*.ico;
               **/*.ief;
               **/*.pbm;
               **/*.pgm;
               **/*.pnm;
               **/*.ppm;
               **/*.ras;
               **/*.rf;
               **/*.rgb;
               **/*.tif
               **/*.tiff;
               **/*.wbmp;
               **/*.xbm;
               **/*.xpm;
               **/*.xwd;
               **/*.aif;
               **/*.aifc;
               **/*.aif;
               **/*.au;
               **/*.m3u;
               **/*.mid;
               **/*.midi;
               **/*.ra;
               **/*.ram;
               **/*.smd;
               **/*.smx;
               **/*.smz;
               **/*.wav;
               **/*.323;
               **/*.appcache;
               **/*.asm;
               **/*.bas;
               **/*.c;
               **/*.cnf;
               **/*.cpp;
               **/*.csv;
               **/*.disco;
               **/*.dlm;
               **/*.dtd;
               **/*.etx;
               **/*.h;
               **/*.hdml;
               **/*.htc;
               **/*.htt;
               **/*.hxt;
               **/*.ical;
               **/*.icalendar;
               **/*.ics;
               **/*.ifb;
               **/*.map;
               **/*.mno;
               **/*.odc;
               **/*.rtx;
               **/*.sct;
               **/*.sgml;
               **/*.tsv;
               **/*.uls;
               **/*.vbs;
               **/*.vcf;
               **/*.vcs;
               **/*.vml;
               **/*.wml;
               **/*.wmls;
               **/*.wsdl;
               **/*.xdr;
               **/*.xsd;
               **/*.xsf;
               **/*.xsl;
               **/*.xslt;
             ' or matched exclude pattern '
               ;
               **/*.gz;
               **/*.br;
               **/*.jpeg;
               **/*.jpg;
               **/*.png;
               **/*.gif;
               **/*.webp;
               **/*.woff;
               **/*.woff2;
               **/*.m4v;
               **/*.mov;
               **/*.movie;
               **/*.mp2;
               **/*.mp4;
               **/*.mp4v;
               **/*.mpa;
               **/*.mpe;
               **/*.mpeg;
               **/*.mpg;
               **/*.mpv2;
               **/*.ogg;
               **/*.ogv;
               **/*.webm;
               **/*.jfif;
               **/*.svgz;
               **/*.jpe;
               **/*.pnz;
               **/*.aac;
               **/*.adt;
               **/*.adts;
               **/*.m4a;
               **/*.mp3;
               **/*.oga;
               **/*.wax;
               **/*.wma;
             '.
         Asset 'D:\P.L\Flutter\fresh_produce_app\FreshProduce.Api\wwwroot\admin\assets\AssetManifest.bin' with relative path 'admin/assets/AssetManifest.bin' did not match include pattern '
               ;
               **/*.js;
               **/*.css;
               **/*.html;
               **/*.json;
               **/*.mjs;
               **/*.xml;
               **/*.htm;
               **/*.wasm;
               **/*.txt;
               **/*.dll;
               **/*.pdb;
               **/*.dat;
               **/*.jsx;
               **/*.markdown;
               **/*.md;
               **/*.webmanifest;
               **/*.bmp;
               **/*.svg;
               **/*.otf;
               **/*.art;
               **/*.cmx;
               **/*.cod;
               **/*.dib;
               **/*.ico;
               **/*.ief;
               **/*.pbm;
               **/*.pgm;
               **/*.pnm;
               **/*.ppm;
               **/*.ras;
               **/*.rf;
               **/*.rgb;
               **/*.tif
               **/*.tiff;
               **/*.wbmp;
               **/*.xbm;
               **/*.xpm;
               **/*.xwd;
               **/*.aif;
               **/*.aifc;
               **/*.aif;
               **/*.au;
               **/*.m3u;
               **/*.mid;
               **/*.midi;
               **/*.ra;
               **/*.ram;
               **/*.smd;
               **/*.smx;
               **/*.smz;
               **/*.wav;
               **/*.323;
               **/*.appcache;
               **/*.asm;
               **/*.bas;
               **/*.c;
               **/*.cnf;
               **/*.cpp;
               **/*.csv;
               **/*.disco;
               **/*.dlm;
               **/*.dtd;
               **/*.etx;
               **/*.h;
               **/*.hdml;
               **/*.htc;
               **/*.htt;
               **/*.hxt;
               **/*.ical;
               **/*.icalendar;
               **/*.ics;
               **/*.ifb;
               **/*.map;
               **/*.mno;
               **/*.odc;
               **/*.rtx;
               **/*.sct;
               **/*.sgml;
               **/*.tsv;
               **/*.uls;
               **/*.vbs;
               **/*.vcf;
               **/*.vcs;
               **/*.vml;
               **/*.wml;
               **/*.wmls;
               **/*.wsdl;
               **/*.xdr;
               **/*.xsd;
               **/*.xsf;
               **/*.xsl;
               **/*.xslt;
             ' or matched exclude pattern '
               ;
               **/*.gz;
               **/*.br;
               **/*.jpeg;
               **/*.jpg;
               **/*.png;
               **/*.gif;
               **/*.webp;
               **/*.woff;
               **/*.woff2;
               **/*.m4v;
               **/*.mov;
               **/*.movie;
               **/*.mp2;
               **/*.mp4;
               **/*.mp4v;
               **/*.mpa;
               **/*.mpe;
               **/*.mpeg;
               **/*.mpg;
               **/*.mpv2;
               **/*.ogg;
               **/*.ogv;
               **/*.webm;
               **/*.jfif;
               **/*.svgz;
               **/*.jpe;
               **/*.pnz;
               **/*.aac;
               **/*.adt;
               **/*.adts;
               **/*.m4a;
               **/*.mp3;
               **/*.oga;
               **/*.wax;
               **/*.wma;
             '.
         Asset 'D:\P.L\Flutter\fresh_produce_app\FreshProduce.Api\wwwroot\admin\assets\AssetManifest.bin.json' with relative path 'admin/assets/AssetManifest.bin.json' matched include pattern '
               ;
               **/*.js;
               **/*.css;
               **/*.html;
               **/*.json;
               **/*.mjs;
               **/*.xml;
               **/*.htm;
               **/*.wasm;
               **/*.txt;
               **/*.dll;
               **/*.pdb;
               **/*.dat;
               **/*.jsx;
               **/*.markdown;
               **/*.md;
               **/*.webmanifest;
               **/*.bmp;
               **/*.svg;
               **/*.otf;
               **/*.art;
               **/*.cmx;
               **/*.cod;
               **/*.dib;
               **/*.ico;
               **/*.ief;
               **/*.pbm;
               **/*.pgm;
               **/*.pnm;
               **/*.ppm;
               **/*.ras;
               **/*.rf;
               **/*.rgb;
               **/*.tif
               **/*.tiff;
               **/*.wbmp;
               **/*.xbm;
               **/*.xpm;
               **/*.xwd;
               **/*.aif;
               **/*.aifc;
               **/*.aif;
               **/*.au;
               **/*.m3u;
               **/*.mid;
               **/*.midi;
               **/*.ra;
               **/*.ram;
               **/*.smd;
               **/*.smx;
               **/*.smz;
               **/*.wav;
               **/*.323;
               **/*.appcache;
               **/*.asm;
               **/*.bas;
               **/*.c;
               **/*.cnf;
               **/*.cpp;
               **/*.csv;
               **/*.disco;
               **/*.dlm;
               **/*.dtd;
               **/*.etx;
               **/*.h;
               **/*.hdml;
               **/*.htc;
               **/*.htt;
               **/*.hxt;
               **/*.ical;
               **/*.icalendar;
               **/*.ics;
               **/*.ifb;
               **/*.map;
               **/*.mno;
               **/*.odc;
               **/*.rtx;
               **/*.sct;
               **/*.sgml;
               **/*.tsv;
               **/*.uls;
               **/*.vbs;
               **/*.vcf;
               **/*.vcs;
               **/*.vml;
               **/*.wml;
               **/*.wmls;
               **/*.wsdl;
               **/*.xdr;
               **/*.xsd;
               **/*.xsf;
               **/*.xsl;
               **/*.xslt;
             ' and did not match exclude pattern '
               ;
               **/*.gz;
               **/*.br;
               **/*.jpeg;
               **/*.jpg;
               **/*.png;
               **/*.gif;
               **/*.webp;
               **/*.woff;
               **/*.woff2;
               **/*.m4v;
               **/*.mov;
               **/*.movie;
               **/*.mp2;
               **/*.mp4;
               **/*.mp4v;
               **/*.mpa;
               **/*.mpe;
               **/*.mpeg;
               **/*.mpg;
               **/*.mpv2;
               **/*.ogg;
               **/*.ogv;
               **/*.webm;
               **/*.jfif;
               **/*.svgz;
               **/*.jpe;
               **/*.pnz;
               **/*.aac;
               **/*.adt;
               **/*.adts;
               **/*.m4a;
               **/*.mp3;
               **/*.oga;
               **/*.wax;
               **/*.wma;
             '.
         Asset 'D:\P.L\Flutter\fresh_produce_app\FreshProduce.Api\wwwroot\admin\assets\AssetManifest.json' with relative path 'admin/assets/AssetManifest.json' matched include pattern '
               ;
               **/*.js;
               **/*.css;
               **/*.html;
               **/*.json;
               **/*.mjs;
               **/*.xml;
               **/*.htm;
               **/*.wasm;
               **/*.txt;
               **/*.dll;
               **/*.pdb;
               **/*.dat;
               **/*.jsx;
               **/*.markdown;
               **/*.md;
               **/*.webmanifest;
               **/*.bmp;
               **/*.svg;
               **/*.otf;
               **/*.art;
               **/*.cmx;
               **/*.cod;
               **/*.dib;
               **/*.ico;
               **/*.ief;
               **/*.pbm;
               **/*.pgm;
               **/*.pnm;
               **/*.ppm;
               **/*.ras;
               **/*.rf;
               **/*.rgb;
               **/*.tif
               **/*.tiff;
               **/*.wbmp;
               **/*.xbm;
               **/*.xpm;
               **/*.xwd;
               **/*.aif;
               **/*.aifc;
               **/*.aif;
               **/*.au;
               **/*.m3u;
               **/*.mid;
               **/*.midi;
               **/*.ra;
               **/*.ram;
               **/*.smd;
               **/*.smx;
               **/*.smz;
               **/*.wav;
               **/*.323;
               **/*.appcache;
               **/*.asm;
               **/*.bas;
               **/*.c;
               **/*.cnf;
               **/*.cpp;
               **/*.csv;
               **/*.disco;
               **/*.dlm;
               **/*.dtd;
               **/*.etx;
               **/*.h;
               **/*.hdml;
               **/*.htc;
               **/*.htt;
               **/*.hxt;
               **/*.ical;
               **/*.icalendar;
               **/*.ics;
               **/*.ifb;
               **/*.map;
               **/*.mno;
               **/*.odc;
               **/*.rtx;
               **/*.sct;
               **/*.sgml;
               **/*.tsv;
               **/*.uls;
               **/*.vbs;
               **/*.vcf;
               **/*.vcs;
               **/*.vml;
               **/*.wml;
               **/*.wmls;
               **/*.wsdl;
               **/*.xdr;
               **/*.xsd;
               **/*.xsf;
               **/*.xsl;
               **/*.xslt;
             ' and did not match exclude pattern '
               ;
               **/*.gz;
               **/*.br;
               **/*.jpeg;
               **/*.jpg;
               **/*.png;
               **/*.gif;
               **/*.webp;
               **/*.woff;
               **/*.woff2;
               **/*.m4v;
               **/*.mov;
               **/*.movie;
               **/*.mp2;
               **/*.mp4;
               **/*.mp4v;
               **/*.mpa;
               **/*.mpe;
               **/*.mpeg;
               **/*.mpg;
               **/*.mpv2;
               **/*.ogg;
               **/*.ogv;
               **/*.webm;
               **/*.jfif;
               **/*.svgz;
               **/*.jpe;
               **/*.pnz;
               **/*.aac;
               **/*.adt;
               **/*.adts;
               **/*.m4a;
               **/*.mp3;
               **/*.oga;
               **/*.wax;
               **/*.wma;
             '.
         Asset 'D:\P.L\Flutter\fresh_produce_app\FreshProduce.Api\wwwroot\admin\assets\FontManifest.json' with relative path 'admin/assets/FontManifest.json' matched include pattern '
               ;
               **/*.js;
               **/*.css;
               **/*.html;
               **/*.json;
               **/*.mjs;
               **/*.xml;
               **/*.htm;
               **/*.wasm;
               **/*.txt;
               **/*.dll;
               **/*.pdb;
               **/*.dat;
               **/*.jsx;
               **/*.markdown;
               **/*.md;
               **/*.webmanifest;
               **/*.bmp;
               **/*.svg;
               **/*.otf;
               **/*.art;
               **/*.cmx;
               **/*.cod;
               **/*.dib;
               **/*.ico;
               **/*.ief;
               **/*.pbm;
               **/*.pgm;
               **/*.pnm;
               **/*.ppm;
               **/*.ras;
               **/*.rf;
               **/*.rgb;
               **/*.tif
               **/*.tiff;
               **/*.wbmp;
               **/*.xbm;
               **/*.xpm;
               **/*.xwd;
               **/*.aif;
               **/*.aifc;
               **/*.aif;
               **/*.au;
               **/*.m3u;
               **/*.mid;
               **/*.midi;
               **/*.ra;
               **/*.ram;
               **/*.smd;
               **/*.smx;
               **/*.smz;
               **/*.wav;
               **/*.323;
               **/*.appcache;
               **/*.asm;
               **/*.bas;
               **/*.c;
               **/*.cnf;
               **/*.cpp;
               **/*.csv;
               **/*.disco;
               **/*.dlm;
               **/*.dtd;
               **/*.etx;
               **/*.h;
               **/*.hdml;
               **/*.htc;
               **/*.htt;
               **/*.hxt;
               **/*.ical;
               **/*.icalendar;
               **/*.ics;
               **/*.ifb;
               **/*.map;
               **/*.mno;
               **/*.odc;
               **/*.rtx;
               **/*.sct;
               **/*.sgml;
               **/*.tsv;
               **/*.uls;
               **/*.vbs;
               **/*.vcf;
               **/*.vcs;
               **/*.vml;
               **/*.wml;
               **/*.wmls;
               **/*.wsdl;
               **/*.xdr;
               **/*.xsd;
               **/*.xsf;
               **/*.xsl;
               **/*.xslt;
             ' and did not match exclude pattern '
               ;
               **/*.gz;
               **/*.br;
               **/*.jpeg;
               **/*.jpg;
               **/*.png;
               **/*.gif;
               **/*.webp;
               **/*.woff;
               **/*.woff2;
               **/*.m4v;
               **/*.mov;
               **/*.movie;
               **/*.mp2;
               **/*.mp4;
               **/*.mp4v;
               **/*.mpa;
               **/*.mpe;
               **/*.mpeg;
               **/*.mpg;
               **/*.mpv2;
               **/*.ogg;
               **/*.ogv;
               **/*.webm;
               **/*.jfif;
               **/*.svgz;
               **/*.jpe;
               **/*.pnz;
               **/*.aac;
               **/*.adt;
               **/*.adts;
               **/*.m4a;
               **/*.mp3;
               **/*.oga;
               **/*.wax;
               **/*.wma;
             '.
         Asset 'D:\P.L\Flutter\fresh_produce_app\FreshProduce.Api\wwwroot\admin\assets\fonts\MaterialIcons-Regular.otf' with relative path 'admin/assets/fonts/MaterialIcons-Regular.otf' matched include pattern '
               ;
               **/*.js;
               **/*.css;
               **/*.html;
               **/*.json;
               **/*.mjs;
               **/*.xml;
               **/*.htm;
               **/*.wasm;
               **/*.txt;
               **/*.dll;
               **/*.pdb;
               **/*.dat;
               **/*.jsx;
               **/*.markdown;
               **/*.md;
               **/*.webmanifest;
               **/*.bmp;
               **/*.svg;
               **/*.otf;
               **/*.art;
               **/*.cmx;
               **/*.cod;
               **/*.dib;
               **/*.ico;
               **/*.ief;
               **/*.pbm;
               **/*.pgm;
               **/*.pnm;
               **/*.ppm;
               **/*.ras;
               **/*.rf;
               **/*.rgb;
               **/*.tif
               **/*.tiff;
               **/*.wbmp;
               **/*.xbm;
               **/*.xpm;
               **/*.xwd;
               **/*.aif;
               **/*.aifc;
               **/*.aif;
               **/*.au;
               **/*.m3u;
               **/*.mid;
               **/*.midi;
               **/*.ra;
               **/*.ram;
               **/*.smd;
               **/*.smx;
               **/*.smz;
               **/*.wav;
               **/*.323;
               **/*.appcache;
               **/*.asm;
               **/*.bas;
               **/*.c;
               **/*.cnf;
               **/*.cpp;
               **/*.csv;
               **/*.disco;
               **/*.dlm;
               **/*.dtd;
               **/*.etx;
               **/*.h;
               **/*.hdml;
               **/*.htc;
               **/*.htt;
               **/*.hxt;
               **/*.ical;
               **/*.icalendar;
               **/*.ics;
               **/*.ifb;
               **/*.map;
               **/*.mno;
               **/*.odc;
               **/*.rtx;
               **/*.sct;
               **/*.sgml;
               **/*.tsv;
               **/*.uls;
               **/*.vbs;
               **/*.vcf;
               **/*.vcs;
               **/*.vml;
               **/*.wml;
               **/*.wmls;
               **/*.wsdl;
               **/*.xdr;
               **/*.xsd;
               **/*.xsf;
               **/*.xsl;
               **/*.xslt;
             ' and did not match exclude pattern '
               ;
               **/*.gz;
               **/*.br;
               **/*.jpeg;
               **/*.jpg;
               **/*.png;
               **/*.gif;
               **/*.webp;
               **/*.woff;
               **/*.woff2;
               **/*.m4v;
               **/*.mov;
               **/*.movie;
               **/*.mp2;
               **/*.mp4;
               **/*.mp4v;
               **/*.mpa;
               **/*.mpe;
               **/*.mpeg;
               **/*.mpg;
               **/*.mpv2;
               **/*.ogg;
               **/*.ogv;
               **/*.webm;
               **/*.jfif;
               **/*.svgz;
               **/*.jpe;
               **/*.pnz;
               **/*.aac;
               **/*.adt;
               **/*.adts;
               **/*.m4a;
               **/*.mp3;
               **/*.oga;
               **/*.wax;
               **/*.wma;
             '.
         Asset 'D:\P.L\Flutter\fresh_produce_app\FreshProduce.Api\wwwroot\admin\assets\NOTICES' with relative path 'admin/assets/NOTICES' did not match include pattern '
               ;
               **/*.js;
               **/*.css;
               **/*.html;
               **/*.json;
               **/*.mjs;
               **/*.xml;
               **/*.htm;
               **/*.wasm;
               **/*.txt;
               **/*.dll;
               **/*.pdb;
               **/*.dat;
               **/*.jsx;
               **/*.markdown;
               **/*.md;
               **/*.webmanifest;
               **/*.bmp;
               **/*.svg;
               **/*.otf;
               **/*.art;
               **/*.cmx;
               **/*.cod;
               **/*.dib;
               **/*.ico;
               **/*.ief;
               **/*.pbm;
               **/*.pgm;
               **/*.pnm;
               **/*.ppm;
               **/*.ras;
               **/*.rf;
               **/*.rgb;
               **/*.tif
               **/*.tiff;
               **/*.wbmp;
               **/*.xbm;
               **/*.xpm;
               **/*.xwd;
               **/*.aif;
               **/*.aifc;
               **/*.aif;
               **/*.au;
               **/*.m3u;
               **/*.mid;
               **/*.midi;
               **/*.ra;
               **/*.ram;
               **/*.smd;
               **/*.smx;
               **/*.smz;
               **/*.wav;
               **/*.323;
               **/*.appcache;
               **/*.asm;
               **/*.bas;
               **/*.c;
               **/*.cnf;
               **/*.cpp;
               **/*.csv;
               **/*.disco;
               **/*.dlm;
               **/*.dtd;
               **/*.etx;
               **/*.h;
               **/*.hdml;
               **/*.htc;
               **/*.htt;
               **/*.hxt;
               **/*.ical;
               **/*.icalendar;
               **/*.ics;
               **/*.ifb;
               **/*.map;
               **/*.mno;
               **/*.odc;
               **/*.rtx;
               **/*.sct;
               **/*.sgml;
               **/*.tsv;
               **/*.uls;
               **/*.vbs;
               **/*.vcf;
               **/*.vcs;
               **/*.vml;
               **/*.wml;
               **/*.wmls;
               **/*.wsdl;
               **/*.xdr;
               **/*.xsd;
               **/*.xsf;
               **/*.xsl;
               **/*.xslt;
             ' or matched exclude pattern '
               ;
               **/*.gz;
               **/*.br;
               **/*.jpeg;
               **/*.jpg;
               **/*.png;
               **/*.gif;
               **/*.webp;
               **/*.woff;
               **/*.woff2;
               **/*.m4v;
               **/*.mov;
               **/*.movie;
               **/*.mp2;
               **/*.mp4;
               **/*.mp4v;
               **/*.mpa;
               **/*.mpe;
               **/*.mpeg;
               **/*.mpg;
               **/*.mpv2;
               **/*.ogg;
               **/*.ogv;
               **/*.webm;
               **/*.jfif;
               **/*.svgz;
               **/*.jpe;
               **/*.pnz;
               **/*.aac;
               **/*.adt;
               **/*.adts;
               **/*.m4a;
               **/*.mp3;
               **/*.oga;
               **/*.wax;
               **/*.wma;
             '.
         Asset 'D:\P.L\Flutter\fresh_produce_app\FreshProduce.Api\wwwroot\admin\assets\packages\cupertino_icons\assets\CupertinoIcons.ttf' with relative path 'admin/assets/packages/cupertino_icons/assets/CupertinoIcons.ttf' did not match include pattern '
               ;
               **/*.js;
               **/*.css;
               **/*.html;
               **/*.json;
               **/*.mjs;
               **/*.xml;
               **/*.htm;
               **/*.wasm;
               **/*.txt;
               **/*.dll;
               **/*.pdb;
               **/*.dat;
               **/*.jsx;
               **/*.markdown;
               **/*.md;
               **/*.webmanifest;
               **/*.bmp;
               **/*.svg;
               **/*.otf;
               **/*.art;
               **/*.cmx;
               **/*.cod;
               **/*.dib;
               **/*.ico;
               **/*.ief;
               **/*.pbm;
               **/*.pgm;
               **/*.pnm;
               **/*.ppm;
               **/*.ras;
               **/*.rf;
               **/*.rgb;
               **/*.tif
               **/*.tiff;
               **/*.wbmp;
               **/*.xbm;
               **/*.xpm;
               **/*.xwd;
               **/*.aif;
               **/*.aifc;
               **/*.aif;
               **/*.au;
               **/*.m3u;
               **/*.mid;
               **/*.midi;
               **/*.ra;
               **/*.ram;
               **/*.smd;
               **/*.smx;
               **/*.smz;
               **/*.wav;
               **/*.323;
               **/*.appcache;
               **/*.asm;
               **/*.bas;
               **/*.c;
               **/*.cnf;
               **/*.cpp;
               **/*.csv;
               **/*.disco;
               **/*.dlm;
               **/*.dtd;
               **/*.etx;
               **/*.h;
               **/*.hdml;
               **/*.htc;
               **/*.htt;
               **/*.hxt;
               **/*.ical;
               **/*.icalendar;
               **/*.ics;
               **/*.ifb;
               **/*.map;
               **/*.mno;
               **/*.odc;
               **/*.rtx;
               **/*.sct;
               **/*.sgml;
               **/*.tsv;
               **/*.uls;
               **/*.vbs;
               **/*.vcf;
               **/*.vcs;
               **/*.vml;
               **/*.wml;
               **/*.wmls;
               **/*.wsdl;
               **/*.xdr;
               **/*.xsd;
               **/*.xsf;
               **/*.xsl;
               **/*.xslt;
             ' or matched exclude pattern '
               ;
               **/*.gz;
               **/*.br;
               **/*.jpeg;
               **/*.jpg;
               **/*.png;
               **/*.gif;
               **/*.webp;
               **/*.woff;
               **/*.woff2;
               **/*.m4v;
               **/*.mov;
               **/*.movie;
               **/*.mp2;
               **/*.mp4;
               **/*.mp4v;
               **/*.mpa;
               **/*.mpe;
               **/*.mpeg;
               **/*.mpg;
               **/*.mpv2;
               **/*.ogg;
               **/*.ogv;
               **/*.webm;
               **/*.jfif;
               **/*.svgz;
               **/*.jpe;
               **/*.pnz;
               **/*.aac;
               **/*.adt;
               **/*.adts;
               **/*.m4a;
               **/*.mp3;
               **/*.oga;
               **/*.wax;
               **/*.wma;
             '.
         Asset 'D:\P.L\Flutter\fresh_produce_app\FreshProduce.Api\wwwroot\admin\assets\shaders\ink_sparkle.frag' with relative path 'admin/assets/shaders/ink_sparkle.frag' did not match include pattern '
               ;
               **/*.js;
               **/*.css;
               **/*.html;
               **/*.json;
               **/*.mjs;
               **/*.xml;
               **/*.htm;
               **/*.wasm;
               **/*.txt;
               **/*.dll;
               **/*.pdb;
               **/*.dat;
               **/*.jsx;
               **/*.markdown;
               **/*.md;
               **/*.webmanifest;
               **/*.bmp;
               **/*.svg;
               **/*.otf;
               **/*.art;
               **/*.cmx;
               **/*.cod;
               **/*.dib;
               **/*.ico;
               **/*.ief;
               **/*.pbm;
               **/*.pgm;
               **/*.pnm;
               **/*.ppm;
               **/*.ras;
               **/*.rf;
               **/*.rgb;
               **/*.tif
               **/*.tiff;
               **/*.wbmp;
               **/*.xbm;
               **/*.xpm;
               **/*.xwd;
               **/*.aif;
               **/*.aifc;
               **/*.aif;
               **/*.au;
               **/*.m3u;
               **/*.mid;
               **/*.midi;
               **/*.ra;
               **/*.ram;
               **/*.smd;
               **/*.smx;
               **/*.smz;
               **/*.wav;
               **/*.323;
               **/*.appcache;
               **/*.asm;
               **/*.bas;
               **/*.c;
               **/*.cnf;
               **/*.cpp;
               **/*.csv;
               **/*.disco;
               **/*.dlm;
               **/*.dtd;
               **/*.etx;
               **/*.h;
               **/*.hdml;
               **/*.htc;
               **/*.htt;
               **/*.hxt;
               **/*.ical;
               **/*.icalendar;
               **/*.ics;
               **/*.ifb;
               **/*.map;
               **/*.mno;
               **/*.odc;
               **/*.rtx;
               **/*.sct;
               **/*.sgml;
               **/*.tsv;
               **/*.uls;
               **/*.vbs;
               **/*.vcf;
               **/*.vcs;
               **/*.vml;
               **/*.wml;
               **/*.wmls;
               **/*.wsdl;
               **/*.xdr;
               **/*.xsd;
               **/*.xsf;
               **/*.xsl;
               **/*.xslt;
             ' or matched exclude pattern '
               ;
               **/*.gz;
               **/*.br;
               **/*.jpeg;
               **/*.jpg;
               **/*.png;
               **/*.gif;
               **/*.webp;
               **/*.woff;
               **/*.woff2;
               **/*.m4v;
               **/*.mov;
               **/*.movie;
               **/*.mp2;
               **/*.mp4;
               **/*.mp4v;
               **/*.mpa;
               **/*.mpe;
               **/*.mpeg;
               **/*.mpg;
               **/*.mpv2;
               **/*.ogg;
               **/*.ogv;
               **/*.webm;
               **/*.jfif;
               **/*.svgz;
               **/*.jpe;
               **/*.pnz;
               **/*.aac;
               **/*.adt;
               **/*.adts;
               **/*.m4a;
               **/*.mp3;
               **/*.oga;
               **/*.wax;
               **/*.wma;
             '.
         Asset 'D:\P.L\Flutter\fresh_produce_app\FreshProduce.Api\wwwroot\admin\assets\shaders\stretch_effect.frag' with relative path 'admin/assets/shaders/stretch_effect.frag' did not match include pattern '
               ;
               **/*.js;
               **/*.css;
               **/*.html;
               **/*.json;
               **/*.mjs;
               **/*.xml;
               **/*.htm;
               **/*.wasm;
               **/*.txt;
               **/*.dll;
               **/*.pdb;
               **/*.dat;
               **/*.jsx;
               **/*.markdown;
               **/*.md;
               **/*.webmanifest;
               **/*.bmp;
               **/*.svg;
               **/*.otf;
               **/*.art;
               **/*.cmx;
               **/*.cod;
               **/*.dib;
               **/*.ico;
               **/*.ief;
               **/*.pbm;
               **/*.pgm;
               **/*.pnm;
               **/*.ppm;
               **/*.ras;
               **/*.rf;
               **/*.rgb;
               **/*.tif
               **/*.tiff;
               **/*.wbmp;
               **/*.xbm;
               **/*.xpm;
               **/*.xwd;
               **/*.aif;
               **/*.aifc;
               **/*.aif;
               **/*.au;
               **/*.m3u;
               **/*.mid;
               **/*.midi;
               **/*.ra;
               **/*.ram;
               **/*.smd;
               **/*.smx;
               **/*.smz;
               **/*.wav;
               **/*.323;
               **/*.appcache;
               **/*.asm;
               **/*.bas;
               **/*.c;
               **/*.cnf;
               **/*.cpp;
               **/*.csv;
               **/*.disco;
               **/*.dlm;
               **/*.dtd;
               **/*.etx;
               **/*.h;
               **/*.hdml;
               **/*.htc;
               **/*.htt;
               **/*.hxt;
               **/*.ical;
               **/*.icalendar;
               **/*.ics;
               **/*.ifb;
               **/*.map;
               **/*.mno;
               **/*.odc;
               **/*.rtx;
               **/*.sct;
               **/*.sgml;
               **/*.tsv;
               **/*.uls;
               **/*.vbs;
               **/*.vcf;
               **/*.vcs;
               **/*.vml;
               **/*.wml;
               **/*.wmls;
               **/*.wsdl;
               **/*.xdr;
               **/*.xsd;
               **/*.xsf;
               **/*.xsl;
               **/*.xslt;
             ' or matched exclude pattern '
               ;
               **/*.gz;
               **/*.br;
               **/*.jpeg;
               **/*.jpg;
               **/*.png;
               **/*.gif;
               **/*.webp;
               **/*.woff;
               **/*.woff2;
               **/*.m4v;
               **/*.mov;
               **/*.movie;
               **/*.mp2;
               **/*.mp4;
               **/*.mp4v;
               **/*.mpa;
               **/*.mpe;
               **/*.mpeg;
               **/*.mpg;
               **/*.mpv2;
               **/*.ogg;
               **/*.ogv;
               **/*.webm;
               **/*.jfif;
               **/*.svgz;
               **/*.jpe;
               **/*.pnz;
               **/*.aac;
               **/*.adt;
               **/*.adts;
               **/*.m4a;
               **/*.mp3;
               **/*.oga;
               **/*.wax;
               **/*.wma;
             '.
         Asset 'D:\P.L\Flutter\fresh_produce_app\FreshProduce.Api\wwwroot\admin\canvaskit\canvaskit.js' with relative path 'admin/canvaskit/canvaskit.js' matched include pattern '
               ;
               **/*.js;
               **/*.css;
               **/*.html;
               **/*.json;
               **/*.mjs;
               **/*.xml;
               **/*.htm;
               **/*.wasm;
               **/*.txt;
               **/*.dll;
               **/*.pdb;
               **/*.dat;
               **/*.jsx;
               **/*.markdown;
               **/*.md;
               **/*.webmanifest;
               **/*.bmp;
               **/*.svg;
               **/*.otf;
               **/*.art;
               **/*.cmx;
               **/*.cod;
               **/*.dib;
               **/*.ico;
               **/*.ief;
               **/*.pbm;
               **/*.pgm;
               **/*.pnm;
               **/*.ppm;
               **/*.ras;
               **/*.rf;
               **/*.rgb;
               **/*.tif
               **/*.tiff;
               **/*.wbmp;
               **/*.xbm;
               **/*.xpm;
               **/*.xwd;
               **/*.aif;
               **/*.aifc;
               **/*.aif;
               **/*.au;
               **/*.m3u;
               **/*.mid;
               **/*.midi;
               **/*.ra;
               **/*.ram;
               **/*.smd;
               **/*.smx;
               **/*.smz;
               **/*.wav;
               **/*.323;
               **/*.appcache;
               **/*.asm;
               **/*.bas;
               **/*.c;
               **/*.cnf;
               **/*.cpp;
               **/*.csv;
               **/*.disco;
               **/*.dlm;
               **/*.dtd;
               **/*.etx;
               **/*.h;
               **/*.hdml;
               **/*.htc;
               **/*.htt;
               **/*.hxt;
               **/*.ical;
               **/*.icalendar;
               **/*.ics;
               **/*.ifb;
               **/*.map;
               **/*.mno;
               **/*.odc;
               **/*.rtx;
               **/*.sct;
               **/*.sgml;
               **/*.tsv;
               **/*.uls;
               **/*.vbs;
               **/*.vcf;
               **/*.vcs;
               **/*.vml;
               **/*.wml;
               **/*.wmls;
               **/*.wsdl;
               **/*.xdr;
               **/*.xsd;
               **/*.xsf;
               **/*.xsl;
               **/*.xslt;
             ' and did not match exclude pattern '
               ;
               **/*.gz;
               **/*.br;
               **/*.jpeg;
               **/*.jpg;
               **/*.png;
               **/*.gif;
               **/*.webp;
               **/*.woff;
               **/*.woff2;
               **/*.m4v;
               **/*.mov;
               **/*.movie;
               **/*.mp2;
               **/*.mp4;
               **/*.mp4v;
               **/*.mpa;
               **/*.mpe;
               **/*.mpeg;
               **/*.mpg;
               **/*.mpv2;
               **/*.ogg;
               **/*.ogv;
               **/*.webm;
               **/*.jfif;
               **/*.svgz;
               **/*.jpe;
               **/*.pnz;
               **/*.aac;
               **/*.adt;
               **/*.adts;
               **/*.m4a;
               **/*.mp3;
               **/*.oga;
               **/*.wax;
               **/*.wma;
             '.
         Asset 'D:\P.L\Flutter\fresh_produce_app\FreshProduce.Api\wwwroot\admin\canvaskit\canvaskit.js.symbols' with relative path 'admin/canvaskit/canvaskit.js.symbols' did not match include pattern '
               ;
               **/*.js;
               **/*.css;
               **/*.html;
               **/*.json;
               **/*.mjs;
               **/*.xml;
               **/*.htm;
               **/*.wasm;
               **/*.txt;
               **/*.dll;
               **/*.pdb;
               **/*.dat;
               **/*.jsx;
               **/*.markdown;
               **/*.md;
               **/*.webmanifest;
               **/*.bmp;
               **/*.svg;
               **/*.otf;
               **/*.art;
               **/*.cmx;
               **/*.cod;
               **/*.dib;
               **/*.ico;
               **/*.ief;
               **/*.pbm;
               **/*.pgm;
               **/*.pnm;
               **/*.ppm;
               **/*.ras;
               **/*.rf;
               **/*.rgb;
               **/*.tif
               **/*.tiff;
               **/*.wbmp;
               **/*.xbm;
               **/*.xpm;
               **/*.xwd;
               **/*.aif;
               **/*.aifc;
               **/*.aif;
               **/*.au;
               **/*.m3u;
               **/*.mid;
               **/*.midi;
               **/*.ra;
               **/*.ram;
               **/*.smd;
               **/*.smx;
               **/*.smz;
               **/*.wav;
               **/*.323;
               **/*.appcache;
               **/*.asm;
               **/*.bas;
               **/*.c;
               **/*.cnf;
               **/*.cpp;
               **/*.csv;
               **/*.disco;
               **/*.dlm;
               **/*.dtd;
               **/*.etx;
               **/*.h;
               **/*.hdml;
               **/*.htc;
               **/*.htt;
               **/*.hxt;
               **/*.ical;
               **/*.icalendar;
               **/*.ics;
               **/*.ifb;
               **/*.map;
               **/*.mno;
               **/*.odc;
               **/*.rtx;
               **/*.sct;
               **/*.sgml;
               **/*.tsv;
               **/*.uls;
               **/*.vbs;
               **/*.vcf;
               **/*.vcs;
               **/*.vml;
               **/*.wml;
               **/*.wmls;
               **/*.wsdl;
               **/*.xdr;
               **/*.xsd;
               **/*.xsf;
               **/*.xsl;
               **/*.xslt;
             ' or matched exclude pattern '
               ;
               **/*.gz;
               **/*.br;
               **/*.jpeg;
               **/*.jpg;
               **/*.png;
               **/*.gif;
               **/*.webp;
               **/*.woff;
               **/*.woff2;
               **/*.m4v;
               **/*.mov;
               **/*.movie;
               **/*.mp2;
               **/*.mp4;
               **/*.mp4v;
               **/*.mpa;
               **/*.mpe;
               **/*.mpeg;
               **/*.mpg;
               **/*.mpv2;
               **/*.ogg;
               **/*.ogv;
               **/*.webm;
               **/*.jfif;
               **/*.svgz;
               **/*.jpe;
               **/*.pnz;
               **/*.aac;
               **/*.adt;
               **/*.adts;
               **/*.m4a;
               **/*.mp3;
               **/*.oga;
               **/*.wax;
               **/*.wma;
             '.
         Asset 'D:\P.L\Flutter\fresh_produce_app\FreshProduce.Api\wwwroot\admin\canvaskit\canvaskit.wasm' with relative path 'admin/canvaskit/canvaskit.wasm' matched include pattern '
               ;
               **/*.js;
               **/*.css;
               **/*.html;
               **/*.json;
               **/*.mjs;
               **/*.xml;
               **/*.htm;
               **/*.wasm;
               **/*.txt;
               **/*.dll;
               **/*.pdb;
               **/*.dat;
               **/*.jsx;
               **/*.markdown;
               **/*.md;
               **/*.webmanifest;
               **/*.bmp;
               **/*.svg;
               **/*.otf;
               **/*.art;
               **/*.cmx;
               **/*.cod;
               **/*.dib;
               **/*.ico;
               **/*.ief;
               **/*.pbm;
               **/*.pgm;
               **/*.pnm;
               **/*.ppm;
               **/*.ras;
               **/*.rf;
               **/*.rgb;
               **/*.tif
               **/*.tiff;
               **/*.wbmp;
               **/*.xbm;
               **/*.xpm;
               **/*.xwd;
               **/*.aif;
               **/*.aifc;
               **/*.aif;
               **/*.au;
               **/*.m3u;
               **/*.mid;
               **/*.midi;
               **/*.ra;
               **/*.ram;
               **/*.smd;
               **/*.smx;
               **/*.smz;
               **/*.wav;
               **/*.323;
               **/*.appcache;
               **/*.asm;
               **/*.bas;
               **/*.c;
               **/*.cnf;
               **/*.cpp;
               **/*.csv;
               **/*.disco;
               **/*.dlm;
               **/*.dtd;
               **/*.etx;
               **/*.h;
               **/*.hdml;
               **/*.htc;
               **/*.htt;
               **/*.hxt;
               **/*.ical;
               **/*.icalendar;
               **/*.ics;
               **/*.ifb;
               **/*.map;
               **/*.mno;
               **/*.odc;
               **/*.rtx;
               **/*.sct;
               **/*.sgml;
               **/*.tsv;
               **/*.uls;
               **/*.vbs;
               **/*.vcf;
               **/*.vcs;
               **/*.vml;
               **/*.wml;
               **/*.wmls;
               **/*.wsdl;
               **/*.xdr;
               **/*.xsd;
               **/*.xsf;
               **/*.xsl;
               **/*.xslt;
             ' and did not match exclude pattern '
               ;
               **/*.gz;
               **/*.br;
               **/*.jpeg;
               **/*.jpg;
               **/*.png;
               **/*.gif;
               **/*.webp;
               **/*.woff;
               **/*.woff2;
               **/*.m4v;
               **/*.mov;
               **/*.movie;
               **/*.mp2;
               **/*.mp4;
               **/*.mp4v;
               **/*.mpa;
               **/*.mpe;
               **/*.mpeg;
               **/*.mpg;
               **/*.mpv2;
               **/*.ogg;
               **/*.ogv;
               **/*.webm;
               **/*.jfif;
               **/*.svgz;
               **/*.jpe;
               **/*.pnz;
               **/*.aac;
               **/*.adt;
               **/*.adts;
               **/*.m4a;
               **/*.mp3;
               **/*.oga;
               **/*.wax;
               **/*.wma;
             '.
         Asset 'D:\P.L\Flutter\fresh_produce_app\FreshProduce.Api\wwwroot\admin\canvaskit\chromium\canvaskit.js' with relative path 'admin/canvaskit/chromium/canvaskit.js' matched include pattern '
               ;
               **/*.js;
               **/*.css;
               **/*.html;
               **/*.json;
               **/*.mjs;
               **/*.xml;
               **/*.htm;
               **/*.wasm;
               **/*.txt;
               **/*.dll;
               **/*.pdb;
               **/*.dat;
               **/*.jsx;
               **/*.markdown;
               **/*.md;
               **/*.webmanifest;
               **/*.bmp;
               **/*.svg;
               **/*.otf;
               **/*.art;
               **/*.cmx;
               **/*.cod;
               **/*.dib;
               **/*.ico;
               **/*.ief;
               **/*.pbm;
               **/*.pgm;
               **/*.pnm;
               **/*.ppm;
               **/*.ras;
               **/*.rf;
               **/*.rgb;
               **/*.tif
               **/*.tiff;
               **/*.wbmp;
               **/*.xbm;
               **/*.xpm;
               **/*.xwd;
               **/*.aif;
               **/*.aifc;
               **/*.aif;
               **/*.au;
               **/*.m3u;
               **/*.mid;
               **/*.midi;
               **/*.ra;
               **/*.ram;
               **/*.smd;
               **/*.smx;
               **/*.smz;
               **/*.wav;
               **/*.323;
               **/*.appcache;
               **/*.asm;
               **/*.bas;
               **/*.c;
               **/*.cnf;
               **/*.cpp;
               **/*.csv;
               **/*.disco;
               **/*.dlm;
               **/*.dtd;
               **/*.etx;
               **/*.h;
               **/*.hdml;
               **/*.htc;
               **/*.htt;
               **/*.hxt;
               **/*.ical;
               **/*.icalendar;
               **/*.ics;
               **/*.ifb;
               **/*.map;
               **/*.mno;
               **/*.odc;
               **/*.rtx;
               **/*.sct;
               **/*.sgml;
               **/*.tsv;
               **/*.uls;
               **/*.vbs;
               **/*.vcf;
               **/*.vcs;
               **/*.vml;
               **/*.wml;
               **/*.wmls;
               **/*.wsdl;
               **/*.xdr;
               **/*.xsd;
               **/*.xsf;
               **/*.xsl;
               **/*.xslt;
             ' and did not match exclude pattern '
               ;
               **/*.gz;
               **/*.br;
               **/*.jpeg;
               **/*.jpg;
               **/*.png;
               **/*.gif;
               **/*.webp;
               **/*.woff;
               **/*.woff2;
               **/*.m4v;
               **/*.mov;
               **/*.movie;
               **/*.mp2;
               **/*.mp4;
               **/*.mp4v;
               **/*.mpa;
               **/*.mpe;
               **/*.mpeg;
               **/*.mpg;
               **/*.mpv2;
               **/*.ogg;
               **/*.ogv;
               **/*.webm;
               **/*.jfif;
               **/*.svgz;
               **/*.jpe;
               **/*.pnz;
               **/*.aac;
               **/*.adt;
               **/*.adts;
               **/*.m4a;
               **/*.mp3;
               **/*.oga;
               **/*.wax;
               **/*.wma;
             '.
         Asset 'D:\P.L\Flutter\fresh_produce_app\FreshProduce.Api\wwwroot\admin\canvaskit\chromium\canvaskit.js.symbols' with relative path 'admin/canvaskit/chromium/canvaskit.js.symbols' did not match include pattern '
               ;
               **/*.js;
               **/*.css;
               **/*.html;
               **/*.json;
               **/*.mjs;
               **/*.xml;
               **/*.htm;
               **/*.wasm;
               **/*.txt;
               **/*.dll;
               **/*.pdb;
               **/*.dat;
               **/*.jsx;
               **/*.markdown;
               **/*.md;
               **/*.webmanifest;
               **/*.bmp;
               **/*.svg;
               **/*.otf;
               **/*.art;
               **/*.cmx;
               **/*.cod;
               **/*.dib;
               **/*.ico;
               **/*.ief;
               **/*.pbm;
               **/*.pgm;
               **/*.pnm;
               **/*.ppm;
               **/*.ras;
               **/*.rf;
               **/*.rgb;
               **/*.tif
               **/*.tiff;
               **/*.wbmp;
               **/*.xbm;
               **/*.xpm;
               **/*.xwd;
               **/*.aif;
               **/*.aifc;
               **/*.aif;
               **/*.au;
               **/*.m3u;
               **/*.mid;
               **/*.midi;
               **/*.ra;
               **/*.ram;
               **/*.smd;
               **/*.smx;
               **/*.smz;
               **/*.wav;
               **/*.323;
               **/*.appcache;
               **/*.asm;
               **/*.bas;
               **/*.c;
               **/*.cnf;
               **/*.cpp;
               **/*.csv;
               **/*.disco;
               **/*.dlm;
               **/*.dtd;
               **/*.etx;
               **/*.h;
               **/*.hdml;
               **/*.htc;
               **/*.htt;
               **/*.hxt;
               **/*.ical;
               **/*.icalendar;
               **/*.ics;
               **/*.ifb;
               **/*.map;
               **/*.mno;
               **/*.odc;
               **/*.rtx;
               **/*.sct;
               **/*.sgml;
               **/*.tsv;
               **/*.uls;
               **/*.vbs;
               **/*.vcf;
               **/*.vcs;
               **/*.vml;
               **/*.wml;
               **/*.wmls;
               **/*.wsdl;
               **/*.xdr;
               **/*.xsd;
               **/*.xsf;
               **/*.xsl;
               **/*.xslt;
             ' or matched exclude pattern '
               ;
               **/*.gz;
               **/*.br;
               **/*.jpeg;
               **/*.jpg;
               **/*.png;
               **/*.gif;
               **/*.webp;
               **/*.woff;
               **/*.woff2;
               **/*.m4v;
               **/*.mov;
               **/*.movie;
               **/*.mp2;
               **/*.mp4;
               **/*.mp4v;
               **/*.mpa;
               **/*.mpe;
               **/*.mpeg;
               **/*.mpg;
               **/*.mpv2;
               **/*.ogg;
               **/*.ogv;
               **/*.webm;
               **/*.jfif;
               **/*.svgz;
               **/*.jpe;
               **/*.pnz;
               **/*.aac;
               **/*.adt;
               **/*.adts;
               **/*.m4a;
               **/*.mp3;
               **/*.oga;
               **/*.wax;
               **/*.wma;
             '.
         Asset 'D:\P.L\Flutter\fresh_produce_app\FreshProduce.Api\wwwroot\admin\canvaskit\chromium\canvaskit.wasm' with relative path 'admin/canvaskit/chromium/canvaskit.wasm' matched include pattern '
               ;
               **/*.js;
               **/*.css;
               **/*.html;
               **/*.json;
               **/*.mjs;
               **/*.xml;
               **/*.htm;
               **/*.wasm;
               **/*.txt;
               **/*.dll;
               **/*.pdb;
               **/*.dat;
               **/*.jsx;
               **/*.markdown;
               **/*.md;
               **/*.webmanifest;
               **/*.bmp;
               **/*.svg;
               **/*.otf;
               **/*.art;
               **/*.cmx;
               **/*.cod;
               **/*.dib;
               **/*.ico;
               **/*.ief;
               **/*.pbm;
               **/*.pgm;
               **/*.pnm;
               **/*.ppm;
               **/*.ras;
               **/*.rf;
               **/*.rgb;
               **/*.tif
               **/*.tiff;
               **/*.wbmp;
               **/*.xbm;
               **/*.xpm;
               **/*.xwd;
               **/*.aif;
               **/*.aifc;
               **/*.aif;
               **/*.au;
               **/*.m3u;
               **/*.mid;
               **/*.midi;
               **/*.ra;
               **/*.ram;
               **/*.smd;
               **/*.smx;
               **/*.smz;
               **/*.wav;
               **/*.323;
               **/*.appcache;
               **/*.asm;
               **/*.bas;
               **/*.c;
               **/*.cnf;
               **/*.cpp;
               **/*.csv;
               **/*.disco;
               **/*.dlm;
               **/*.dtd;
               **/*.etx;
               **/*.h;
               **/*.hdml;
               **/*.htc;
               **/*.htt;
               **/*.hxt;
               **/*.ical;
               **/*.icalendar;
               **/*.ics;
               **/*.ifb;
               **/*.map;
               **/*.mno;
               **/*.odc;
               **/*.rtx;
               **/*.sct;
               **/*.sgml;
               **/*.tsv;
               **/*.uls;
               **/*.vbs;
               **/*.vcf;
               **/*.vcs;
               **/*.vml;
               **/*.wml;
               **/*.wmls;
               **/*.wsdl;
               **/*.xdr;
               **/*.xsd;
               **/*.xsf;
               **/*.xsl;
               **/*.xslt;
             ' and did not match exclude pattern '
               ;
               **/*.gz;
               **/*.br;
               **/*.jpeg;
               **/*.jpg;
               **/*.png;
               **/*.gif;
               **/*.webp;
               **/*.woff;
               **/*.woff2;
               **/*.m4v;
               **/*.mov;
               **/*.movie;
               **/*.mp2;
               **/*.mp4;
               **/*.mp4v;
               **/*.mpa;
               **/*.mpe;
               **/*.mpeg;
               **/*.mpg;
               **/*.mpv2;
               **/*.ogg;
               **/*.ogv;
               **/*.webm;
               **/*.jfif;
               **/*.svgz;
               **/*.jpe;
               **/*.pnz;
               **/*.aac;
               **/*.adt;
               **/*.adts;
               **/*.m4a;
               **/*.mp3;
               **/*.oga;
               **/*.wax;
               **/*.wma;
             '.
         Asset 'D:\P.L\Flutter\fresh_produce_app\FreshProduce.Api\wwwroot\admin\canvaskit\skwasm.js' with relative path 'admin/canvaskit/skwasm.js' matched include pattern '
               ;
               **/*.js;
               **/*.css;
               **/*.html;
               **/*.json;
               **/*.mjs;
               **/*.xml;
               **/*.htm;
               **/*.wasm;
               **/*.txt;
               **/*.dll;
               **/*.pdb;
               **/*.dat;
               **/*.jsx;
               **/*.markdown;
               **/*.md;
               **/*.webmanifest;
               **/*.bmp;
               **/*.svg;
               **/*.otf;
               **/*.art;
               **/*.cmx;
               **/*.cod;
               **/*.dib;
               **/*.ico;
               **/*.ief;
               **/*.pbm;
               **/*.pgm;
               **/*.pnm;
               **/*.ppm;
               **/*.ras;
               **/*.rf;
               **/*.rgb;
               **/*.tif
               **/*.tiff;
               **/*.wbmp;
               **/*.xbm;
               **/*.xpm;
               **/*.xwd;
               **/*.aif;
               **/*.aifc;
               **/*.aif;
               **/*.au;
               **/*.m3u;
               **/*.mid;
               **/*.midi;
               **/*.ra;
               **/*.ram;
               **/*.smd;
               **/*.smx;
               **/*.smz;
               **/*.wav;
               **/*.323;
               **/*.appcache;
               **/*.asm;
               **/*.bas;
               **/*.c;
               **/*.cnf;
               **/*.cpp;
               **/*.csv;
               **/*.disco;
               **/*.dlm;
               **/*.dtd;
               **/*.etx;
               **/*.h;
               **/*.hdml;
               **/*.htc;
               **/*.htt;
               **/*.hxt;
               **/*.ical;
               **/*.icalendar;
               **/*.ics;
               **/*.ifb;
               **/*.map;
               **/*.mno;
               **/*.odc;
               **/*.rtx;
               **/*.sct;
               **/*.sgml;
               **/*.tsv;
               **/*.uls;
               **/*.vbs;
               **/*.vcf;
               **/*.vcs;
               **/*.vml;
               **/*.wml;
               **/*.wmls;
               **/*.wsdl;
               **/*.xdr;
               **/*.xsd;
               **/*.xsf;
               **/*.xsl;
               **/*.xslt;
             ' and did not match exclude pattern '
               ;
               **/*.gz;
               **/*.br;
               **/*.jpeg;
               **/*.jpg;
               **/*.png;
               **/*.gif;
               **/*.webp;
               **/*.woff;
               **/*.woff2;
               **/*.m4v;
               **/*.mov;
               **/*.movie;
               **/*.mp2;
               **/*.mp4;
               **/*.mp4v;
               **/*.mpa;
               **/*.mpe;
               **/*.mpeg;
               **/*.mpg;
               **/*.mpv2;
               **/*.ogg;
               **/*.ogv;
               **/*.webm;
               **/*.jfif;
               **/*.svgz;
               **/*.jpe;
               **/*.pnz;
               **/*.aac;
               **/*.adt;
               **/*.adts;
               **/*.m4a;
               **/*.mp3;
               **/*.oga;
               **/*.wax;
               **/*.wma;
             '.
         Asset 'D:\P.L\Flutter\fresh_produce_app\FreshProduce.Api\wwwroot\admin\canvaskit\skwasm.js.symbols' with relative path 'admin/canvaskit/skwasm.js.symbols' did not match include pattern '
               ;
               **/*.js;
               **/*.css;
               **/*.html;
               **/*.json;
               **/*.mjs;
               **/*.xml;
               **/*.htm;
               **/*.wasm;
               **/*.txt;
               **/*.dll;
               **/*.pdb;
               **/*.dat;
               **/*.jsx;
               **/*.markdown;
               **/*.md;
               **/*.webmanifest;
               **/*.bmp;
               **/*.svg;
               **/*.otf;
               **/*.art;
               **/*.cmx;
               **/*.cod;
               **/*.dib;
               **/*.ico;
               **/*.ief;
               **/*.pbm;
               **/*.pgm;
               **/*.pnm;
               **/*.ppm;
               **/*.ras;
               **/*.rf;
               **/*.rgb;
               **/*.tif
               **/*.tiff;
               **/*.wbmp;
               **/*.xbm;
               **/*.xpm;
               **/*.xwd;
               **/*.aif;
               **/*.aifc;
               **/*.aif;
               **/*.au;
               **/*.m3u;
               **/*.mid;
               **/*.midi;
               **/*.ra;
               **/*.ram;
               **/*.smd;
               **/*.smx;
               **/*.smz;
               **/*.wav;
               **/*.323;
               **/*.appcache;
               **/*.asm;
               **/*.bas;
               **/*.c;
               **/*.cnf;
               **/*.cpp;
               **/*.csv;
               **/*.disco;
               **/*.dlm;
               **/*.dtd;
               **/*.etx;
               **/*.h;
               **/*.hdml;
               **/*.htc;
               **/*.htt;
               **/*.hxt;
               **/*.ical;
               **/*.icalendar;
               **/*.ics;
               **/*.ifb;
               **/*.map;
               **/*.mno;
               **/*.odc;
               **/*.rtx;
               **/*.sct;
               **/*.sgml;
               **/*.tsv;
               **/*.uls;
               **/*.vbs;
               **/*.vcf;
               **/*.vcs;
               **/*.vml;
               **/*.wml;
               **/*.wmls;
               **/*.wsdl;
               **/*.xdr;
               **/*.xsd;
               **/*.xsf;
               **/*.xsl;
               **/*.xslt;
             ' or matched exclude pattern '
               ;
               **/*.gz;
               **/*.br;
               **/*.jpeg;
               **/*.jpg;
               **/*.png;
               **/*.gif;
               **/*.webp;
               **/*.woff;
               **/*.woff2;
               **/*.m4v;
               **/*.mov;
               **/*.movie;
               **/*.mp2;
               **/*.mp4;
               **/*.mp4v;
               **/*.mpa;
               **/*.mpe;
               **/*.mpeg;
               **/*.mpg;
               **/*.mpv2;
               **/*.ogg;
               **/*.ogv;
               **/*.webm;
               **/*.jfif;
               **/*.svgz;
               **/*.jpe;
               **/*.pnz;
               **/*.aac;
               **/*.adt;
               **/*.adts;
               **/*.m4a;
               **/*.mp3;
               **/*.oga;
               **/*.wax;
               **/*.wma;
             '.
         Asset 'D:\P.L\Flutter\fresh_produce_app\FreshProduce.Api\wwwroot\admin\canvaskit\skwasm.wasm' with relative path 'admin/canvaskit/skwasm.wasm' matched include pattern '
               ;
               **/*.js;
               **/*.css;
               **/*.html;
               **/*.json;
               **/*.mjs;
               **/*.xml;
               **/*.htm;
               **/*.wasm;
               **/*.txt;
               **/*.dll;
               **/*.pdb;
               **/*.dat;
               **/*.jsx;
               **/*.markdown;
               **/*.md;
               **/*.webmanifest;
               **/*.bmp;
               **/*.svg;
               **/*.otf;
               **/*.art;
               **/*.cmx;
               **/*.cod;
               **/*.dib;
               **/*.ico;
               **/*.ief;
               **/*.pbm;
               **/*.pgm;
               **/*.pnm;
               **/*.ppm;
               **/*.ras;
               **/*.rf;
               **/*.rgb;
               **/*.tif
               **/*.tiff;
               **/*.wbmp;
               **/*.xbm;
               **/*.xpm;
               **/*.xwd;
               **/*.aif;
               **/*.aifc;
               **/*.aif;
               **/*.au;
               **/*.m3u;
               **/*.mid;
               **/*.midi;
               **/*.ra;
               **/*.ram;
               **/*.smd;
               **/*.smx;
               **/*.smz;
               **/*.wav;
               **/*.323;
               **/*.appcache;
               **/*.asm;
               **/*.bas;
               **/*.c;
               **/*.cnf;
               **/*.cpp;
               **/*.csv;
               **/*.disco;
               **/*.dlm;
               **/*.dtd;
               **/*.etx;
               **/*.h;
               **/*.hdml;
               **/*.htc;
               **/*.htt;
               **/*.hxt;
               **/*.ical;
               **/*.icalendar;
               **/*.ics;
               **/*.ifb;
               **/*.map;
               **/*.mno;
               **/*.odc;
               **/*.rtx;
               **/*.sct;
               **/*.sgml;
               **/*.tsv;
               **/*.uls;
               **/*.vbs;
               **/*.vcf;
               **/*.vcs;
               **/*.vml;
               **/*.wml;
               **/*.wmls;
               **/*.wsdl;
               **/*.xdr;
               **/*.xsd;
               **/*.xsf;
               **/*.xsl;
               **/*.xslt;
             ' and did not match exclude pattern '
               ;
               **/*.gz;
               **/*.br;
               **/*.jpeg;
               **/*.jpg;
               **/*.png;
               **/*.gif;
               **/*.webp;
               **/*.woff;
               **/*.woff2;
               **/*.m4v;
               **/*.mov;
               **/*.movie;
               **/*.mp2;
               **/*.mp4;
               **/*.mp4v;
               **/*.mpa;
               **/*.mpe;
               **/*.mpeg;
               **/*.mpg;
               **/*.mpv2;
               **/*.ogg;
               **/*.ogv;
               **/*.webm;
               **/*.jfif;
               **/*.svgz;
               **/*.jpe;
               **/*.pnz;
               **/*.aac;
               **/*.adt;
               **/*.adts;
               **/*.m4a;
               **/*.mp3;
               **/*.oga;
               **/*.wax;
               **/*.wma;
             '.
         Asset 'D:\P.L\Flutter\fresh_produce_app\FreshProduce.Api\wwwroot\admin\canvaskit\skwasm_heavy.js' with relative path 'admin/canvaskit/skwasm_heavy.js' matched include pattern '
               ;
               **/*.js;
               **/*.css;
               **/*.html;
               **/*.json;
               **/*.mjs;
               **/*.xml;
               **/*.htm;
               **/*.wasm;
               **/*.txt;
               **/*.dll;
               **/*.pdb;
               **/*.dat;
               **/*.jsx;
               **/*.markdown;
               **/*.md;
               **/*.webmanifest;
               **/*.bmp;
               **/*.svg;
               **/*.otf;
               **/*.art;
               **/*.cmx;
               **/*.cod;
               **/*.dib;
               **/*.ico;
               **/*.ief;
               **/*.pbm;
               **/*.pgm;
               **/*.pnm;
               **/*.ppm;
               **/*.ras;
               **/*.rf;
               **/*.rgb;
               **/*.tif
               **/*.tiff;
               **/*.wbmp;
               **/*.xbm;
               **/*.xpm;
               **/*.xwd;
               **/*.aif;
               **/*.aifc;
               **/*.aif;
               **/*.au;
               **/*.m3u;
               **/*.mid;
               **/*.midi;
               **/*.ra;
               **/*.ram;
               **/*.smd;
               **/*.smx;
               **/*.smz;
               **/*.wav;
               **/*.323;
               **/*.appcache;
               **/*.asm;
               **/*.bas;
               **/*.c;
               **/*.cnf;
               **/*.cpp;
               **/*.csv;
               **/*.disco;
               **/*.dlm;
               **/*.dtd;
               **/*.etx;
               **/*.h;
               **/*.hdml;
               **/*.htc;
               **/*.htt;
               **/*.hxt;
               **/*.ical;
               **/*.icalendar;
               **/*.ics;
               **/*.ifb;
               **/*.map;
               **/*.mno;
               **/*.odc;
               **/*.rtx;
               **/*.sct;
               **/*.sgml;
               **/*.tsv;
               **/*.uls;
               **/*.vbs;
               **/*.vcf;
               **/*.vcs;
               **/*.vml;
               **/*.wml;
               **/*.wmls;
               **/*.wsdl;
               **/*.xdr;
               **/*.xsd;
               **/*.xsf;
               **/*.xsl;
               **/*.xslt;
             ' and did not match exclude pattern '
               ;
               **/*.gz;
               **/*.br;
               **/*.jpeg;
               **/*.jpg;
               **/*.png;
               **/*.gif;
               **/*.webp;
               **/*.woff;
               **/*.woff2;
               **/*.m4v;
               **/*.mov;
               **/*.movie;
               **/*.mp2;
               **/*.mp4;
               **/*.mp4v;
               **/*.mpa;
               **/*.mpe;
               **/*.mpeg;
               **/*.mpg;
               **/*.mpv2;
               **/*.ogg;
               **/*.ogv;
               **/*.webm;
               **/*.jfif;
               **/*.svgz;
               **/*.jpe;
               **/*.pnz;
               **/*.aac;
               **/*.adt;
               **/*.adts;
               **/*.m4a;
               **/*.mp3;
               **/*.oga;
               **/*.wax;
               **/*.wma;
             '.
         Asset 'D:\P.L\Flutter\fresh_produce_app\FreshProduce.Api\wwwroot\admin\canvaskit\skwasm_heavy.js.symbols' with relative path 'admin/canvaskit/skwasm_heavy.js.symbols' did not match include pattern '
               ;
               **/*.js;
               **/*.css;
               **/*.html;
               **/*.json;
               **/*.mjs;
               **/*.xml;
               **/*.htm;
               **/*.wasm;
               **/*.txt;
               **/*.dll;
               **/*.pdb;
               **/*.dat;
               **/*.jsx;
               **/*.markdown;
               **/*.md;
               **/*.webmanifest;
               **/*.bmp;
               **/*.svg;
               **/*.otf;
               **/*.art;
               **/*.cmx;
               **/*.cod;
               **/*.dib;
               **/*.ico;
               **/*.ief;
               **/*.pbm;
               **/*.pgm;
               **/*.pnm;
               **/*.ppm;
               **/*.ras;
               **/*.rf;
               **/*.rgb;
               **/*.tif
               **/*.tiff;
               **/*.wbmp;
               **/*.xbm;
               **/*.xpm;
               **/*.xwd;
               **/*.aif;
               **/*.aifc;
               **/*.aif;
               **/*.au;
               **/*.m3u;
               **/*.mid;
               **/*.midi;
               **/*.ra;
               **/*.ram;
               **/*.smd;
               **/*.smx;
               **/*.smz;
               **/*.wav;
               **/*.323;
               **/*.appcache;
               **/*.asm;
               **/*.bas;
               **/*.c;
               **/*.cnf;
               **/*.cpp;
               **/*.csv;
               **/*.disco;
               **/*.dlm;
               **/*.dtd;
               **/*.etx;
               **/*.h;
               **/*.hdml;
               **/*.htc;
               **/*.htt;
               **/*.hxt;
               **/*.ical;
               **/*.icalendar;
               **/*.ics;
               **/*.ifb;
               **/*.map;
               **/*.mno;
               **/*.odc;
               **/*.rtx;
               **/*.sct;
               **/*.sgml;
               **/*.tsv;
               **/*.uls;
               **/*.vbs;
               **/*.vcf;
               **/*.vcs;
               **/*.vml;
               **/*.wml;
               **/*.wmls;
               **/*.wsdl;
               **/*.xdr;
               **/*.xsd;
               **/*.xsf;
               **/*.xsl;
               **/*.xslt;
             ' or matched exclude pattern '
               ;
               **/*.gz;
               **/*.br;
               **/*.jpeg;
               **/*.jpg;
               **/*.png;
               **/*.gif;
               **/*.webp;
               **/*.woff;
               **/*.woff2;
               **/*.m4v;
               **/*.mov;
               **/*.movie;
               **/*.mp2;
               **/*.mp4;
               **/*.mp4v;
               **/*.mpa;
               **/*.mpe;
               **/*.mpeg;
               **/*.mpg;
               **/*.mpv2;
               **/*.ogg;
               **/*.ogv;
               **/*.webm;
               **/*.jfif;
               **/*.svgz;
               **/*.jpe;
               **/*.pnz;
               **/*.aac;
               **/*.adt;
               **/*.adts;
               **/*.m4a;
               **/*.mp3;
               **/*.oga;
               **/*.wax;
               **/*.wma;
             '.
         Asset 'D:\P.L\Flutter\fresh_produce_app\FreshProduce.Api\wwwroot\admin\canvaskit\skwasm_heavy.wasm' with relative path 'admin/canvaskit/skwasm_heavy.wasm' matched include pattern '
               ;
               **/*.js;
               **/*.css;
               **/*.html;
               **/*.json;
               **/*.mjs;
               **/*.xml;
               **/*.htm;
               **/*.wasm;
               **/*.txt;
               **/*.dll;
               **/*.pdb;
               **/*.dat;
               **/*.jsx;
               **/*.markdown;
               **/*.md;
               **/*.webmanifest;
               **/*.bmp;
               **/*.svg;
               **/*.otf;
               **/*.art;
               **/*.cmx;
               **/*.cod;
               **/*.dib;
               **/*.ico;
               **/*.ief;
               **/*.pbm;
               **/*.pgm;
               **/*.pnm;
               **/*.ppm;
               **/*.ras;
               **/*.rf;
               **/*.rgb;
               **/*.tif
               **/*.tiff;
               **/*.wbmp;
               **/*.xbm;
               **/*.xpm;
               **/*.xwd;
               **/*.aif;
               **/*.aifc;
               **/*.aif;
               **/*.au;
               **/*.m3u;
               **/*.mid;
               **/*.midi;
               **/*.ra;
               **/*.ram;
               **/*.smd;
               **/*.smx;
               **/*.smz;
               **/*.wav;
               **/*.323;
               **/*.appcache;
               **/*.asm;
               **/*.bas;
               **/*.c;
               **/*.cnf;
               **/*.cpp;
               **/*.csv;
               **/*.disco;
               **/*.dlm;
               **/*.dtd;
               **/*.etx;
               **/*.h;
               **/*.hdml;
               **/*.htc;
               **/*.htt;
               **/*.hxt;
               **/*.ical;
               **/*.icalendar;
               **/*.ics;
               **/*.ifb;
               **/*.map;
               **/*.mno;
               **/*.odc;
               **/*.rtx;
               **/*.sct;
               **/*.sgml;
               **/*.tsv;
               **/*.uls;
               **/*.vbs;
               **/*.vcf;
               **/*.vcs;
               **/*.vml;
               **/*.wml;
               **/*.wmls;
               **/*.wsdl;
               **/*.xdr;
               **/*.xsd;
               **/*.xsf;
               **/*.xsl;
               **/*.xslt;
             ' and did not match exclude pattern '
               ;
               **/*.gz;
               **/*.br;
               **/*.jpeg;
               **/*.jpg;
               **/*.png;
               **/*.gif;
               **/*.webp;
               **/*.woff;
               **/*.woff2;
               **/*.m4v;
               **/*.mov;
               **/*.movie;
               **/*.mp2;
               **/*.mp4;
               **/*.mp4v;
               **/*.mpa;
               **/*.mpe;
               **/*.mpeg;
               **/*.mpg;
               **/*.mpv2;
               **/*.ogg;
               **/*.ogv;
               **/*.webm;
               **/*.jfif;
               **/*.svgz;
               **/*.jpe;
               **/*.pnz;
               **/*.aac;
               **/*.adt;
               **/*.adts;
               **/*.m4a;
               **/*.mp3;
               **/*.oga;
               **/*.wax;
               **/*.wma;
             '.
         Asset 'D:\P.L\Flutter\fresh_produce_app\FreshProduce.Api\wwwroot\admin\favicon.png' with relative path 'admin/favicon.png' did not match include pattern '
               ;
               **/*.js;
               **/*.css;
               **/*.html;
               **/*.json;
               **/*.mjs;
               **/*.xml;
               **/*.htm;
               **/*.wasm;
               **/*.txt;
               **/*.dll;
               **/*.pdb;
               **/*.dat;
               **/*.jsx;
               **/*.markdown;
               **/*.md;
               **/*.webmanifest;
               **/*.bmp;
               **/*.svg;
               **/*.otf;
               **/*.art;
               **/*.cmx;
               **/*.cod;
               **/*.dib;
               **/*.ico;
               **/*.ief;
               **/*.pbm;
               **/*.pgm;
               **/*.pnm;
               **/*.ppm;
               **/*.ras;
               **/*.rf;
               **/*.rgb;
               **/*.tif
               **/*.tiff;
               **/*.wbmp;
               **/*.xbm;
               **/*.xpm;
               **/*.xwd;
               **/*.aif;
               **/*.aifc;
               **/*.aif;
               **/*.au;
               **/*.m3u;
               **/*.mid;
               **/*.midi;
               **/*.ra;
               **/*.ram;
               **/*.smd;
               **/*.smx;
               **/*.smz;
               **/*.wav;
               **/*.323;
               **/*.appcache;
               **/*.asm;
               **/*.bas;
               **/*.c;
               **/*.cnf;
               **/*.cpp;
               **/*.csv;
               **/*.disco;
               **/*.dlm;
               **/*.dtd;
               **/*.etx;
               **/*.h;
               **/*.hdml;
               **/*.htc;
               **/*.htt;
               **/*.hxt;
               **/*.ical;
               **/*.icalendar;
               **/*.ics;
               **/*.ifb;
               **/*.map;
               **/*.mno;
               **/*.odc;
               **/*.rtx;
               **/*.sct;
               **/*.sgml;
               **/*.tsv;
               **/*.uls;
               **/*.vbs;
               **/*.vcf;
               **/*.vcs;
               **/*.vml;
               **/*.wml;
               **/*.wmls;
               **/*.wsdl;
               **/*.xdr;
               **/*.xsd;
               **/*.xsf;
               **/*.xsl;
               **/*.xslt;
             ' or matched exclude pattern '
               ;
               **/*.gz;
               **/*.br;
               **/*.jpeg;
               **/*.jpg;
               **/*.png;
               **/*.gif;
               **/*.webp;
               **/*.woff;
               **/*.woff2;
               **/*.m4v;
               **/*.mov;
               **/*.movie;
               **/*.mp2;
               **/*.mp4;
               **/*.mp4v;
               **/*.mpa;
               **/*.mpe;
               **/*.mpeg;
               **/*.mpg;
               **/*.mpv2;
               **/*.ogg;
               **/*.ogv;
               **/*.webm;
               **/*.jfif;
               **/*.svgz;
               **/*.jpe;
               **/*.pnz;
               **/*.aac;
               **/*.adt;
               **/*.adts;
               **/*.m4a;
               **/*.mp3;
               **/*.oga;
               **/*.wax;
               **/*.wma;
             '.
         Asset 'D:\P.L\Flutter\fresh_produce_app\FreshProduce.Api\wwwroot\admin\flutter.js' with relative path 'admin/flutter.js' matched include pattern '
               ;
               **/*.js;
               **/*.css;
               **/*.html;
               **/*.json;
               **/*.mjs;
               **/*.xml;
               **/*.htm;
               **/*.wasm;
               **/*.txt;
               **/*.dll;
               **/*.pdb;
               **/*.dat;
               **/*.jsx;
               **/*.markdown;
               **/*.md;
               **/*.webmanifest;
               **/*.bmp;
               **/*.svg;
               **/*.otf;
               **/*.art;
               **/*.cmx;
               **/*.cod;
               **/*.dib;
               **/*.ico;
               **/*.ief;
               **/*.pbm;
               **/*.pgm;
               **/*.pnm;
               **/*.ppm;
               **/*.ras;
               **/*.rf;
               **/*.rgb;
               **/*.tif
               **/*.tiff;
               **/*.wbmp;
               **/*.xbm;
               **/*.xpm;
               **/*.xwd;
               **/*.aif;
               **/*.aifc;
               **/*.aif;
               **/*.au;
               **/*.m3u;
               **/*.mid;
               **/*.midi;
               **/*.ra;
               **/*.ram;
               **/*.smd;
               **/*.smx;
               **/*.smz;
               **/*.wav;
               **/*.323;
               **/*.appcache;
               **/*.asm;
               **/*.bas;
               **/*.c;
               **/*.cnf;
               **/*.cpp;
               **/*.csv;
               **/*.disco;
               **/*.dlm;
               **/*.dtd;
               **/*.etx;
               **/*.h;
               **/*.hdml;
               **/*.htc;
               **/*.htt;
               **/*.hxt;
               **/*.ical;
               **/*.icalendar;
               **/*.ics;
               **/*.ifb;
               **/*.map;
               **/*.mno;
               **/*.odc;
               **/*.rtx;
               **/*.sct;
               **/*.sgml;
               **/*.tsv;
               **/*.uls;
               **/*.vbs;
               **/*.vcf;
               **/*.vcs;
               **/*.vml;
               **/*.wml;
               **/*.wmls;
               **/*.wsdl;
               **/*.xdr;
               **/*.xsd;
               **/*.xsf;
               **/*.xsl;
               **/*.xslt;
             ' and did not match exclude pattern '
               ;
               **/*.gz;
               **/*.br;
               **/*.jpeg;
               **/*.jpg;
               **/*.png;
               **/*.gif;
               **/*.webp;
               **/*.woff;
               **/*.woff2;
               **/*.m4v;
               **/*.mov;
               **/*.movie;
               **/*.mp2;
               **/*.mp4;
               **/*.mp4v;
               **/*.mpa;
               **/*.mpe;
               **/*.mpeg;
               **/*.mpg;
               **/*.mpv2;
               **/*.ogg;
               **/*.ogv;
               **/*.webm;
               **/*.jfif;
               **/*.svgz;
               **/*.jpe;
               **/*.pnz;
               **/*.aac;
               **/*.adt;
               **/*.adts;
               **/*.m4a;
               **/*.mp3;
               **/*.oga;
               **/*.wax;
               **/*.wma;
             '.
         Asset 'D:\P.L\Flutter\fresh_produce_app\FreshProduce.Api\wwwroot\admin\flutter_bootstrap.js' with relative path 'admin/flutter_bootstrap.js' matched include pattern '
               ;
               **/*.js;
               **/*.css;
               **/*.html;
               **/*.json;
               **/*.mjs;
               **/*.xml;
               **/*.htm;
               **/*.wasm;
               **/*.txt;
               **/*.dll;
               **/*.pdb;
               **/*.dat;
               **/*.jsx;
               **/*.markdown;
               **/*.md;
               **/*.webmanifest;
               **/*.bmp;
               **/*.svg;
               **/*.otf;
               **/*.art;
               **/*.cmx;
               **/*.cod;
               **/*.dib;
               **/*.ico;
               **/*.ief;
               **/*.pbm;
               **/*.pgm;
               **/*.pnm;
               **/*.ppm;
               **/*.ras;
               **/*.rf;
               **/*.rgb;
               **/*.tif
               **/*.tiff;
               **/*.wbmp;
               **/*.xbm;
               **/*.xpm;
               **/*.xwd;
               **/*.aif;
               **/*.aifc;
               **/*.aif;
               **/*.au;
               **/*.m3u;
               **/*.mid;
               **/*.midi;
               **/*.ra;
               **/*.ram;
               **/*.smd;
               **/*.smx;
               **/*.smz;
               **/*.wav;
               **/*.323;
               **/*.appcache;
               **/*.asm;
               **/*.bas;
               **/*.c;
               **/*.cnf;
               **/*.cpp;
               **/*.csv;
               **/*.disco;
               **/*.dlm;
               **/*.dtd;
               **/*.etx;
               **/*.h;
               **/*.hdml;
               **/*.htc;
               **/*.htt;
               **/*.hxt;
               **/*.ical;
               **/*.icalendar;
               **/*.ics;
               **/*.ifb;
               **/*.map;
               **/*.mno;
               **/*.odc;
               **/*.rtx;
               **/*.sct;
               **/*.sgml;
               **/*.tsv;
               **/*.uls;
               **/*.vbs;
               **/*.vcf;
               **/*.vcs;
               **/*.vml;
               **/*.wml;
               **/*.wmls;
               **/*.wsdl;
               **/*.xdr;
               **/*.xsd;
               **/*.xsf;
               **/*.xsl;
               **/*.xslt;
             ' and did not match exclude pattern '
               ;
               **/*.gz;
               **/*.br;
               **/*.jpeg;
               **/*.jpg;
               **/*.png;
               **/*.gif;
               **/*.webp;
               **/*.woff;
               **/*.woff2;
               **/*.m4v;
               **/*.mov;
               **/*.movie;
               **/*.mp2;
               **/*.mp4;
               **/*.mp4v;
               **/*.mpa;
               **/*.mpe;
               **/*.mpeg;
               **/*.mpg;
               **/*.mpv2;
               **/*.ogg;
               **/*.ogv;
               **/*.webm;
               **/*.jfif;
               **/*.svgz;
               **/*.jpe;
               **/*.pnz;
               **/*.aac;
               **/*.adt;
               **/*.adts;
               **/*.m4a;
               **/*.mp3;
               **/*.oga;
               **/*.wax;
               **/*.wma;
             '.
         Asset 'D:\P.L\Flutter\fresh_produce_app\FreshProduce.Api\wwwroot\admin\flutter_service_worker.js' with relative path 'admin/flutter_service_worker.js' matched include pattern '
               ;
               **/*.js;
               **/*.css;
               **/*.html;
               **/*.json;
               **/*.mjs;
               **/*.xml;
               **/*.htm;
               **/*.wasm;
               **/*.txt;
               **/*.dll;
               **/*.pdb;
               **/*.dat;
               **/*.jsx;
               **/*.markdown;
               **/*.md;
               **/*.webmanifest;
               **/*.bmp;
               **/*.svg;
               **/*.otf;
               **/*.art;
               **/*.cmx;
               **/*.cod;
               **/*.dib;
               **/*.ico;
               **/*.ief;
               **/*.pbm;
               **/*.pgm;
               **/*.pnm;
               **/*.ppm;
               **/*.ras;
               **/*.rf;
               **/*.rgb;
               **/*.tif
               **/*.tiff;
               **/*.wbmp;
               **/*.xbm;
               **/*.xpm;
               **/*.xwd;
               **/*.aif;
               **/*.aifc;
               **/*.aif;
               **/*.au;
               **/*.m3u;
               **/*.mid;
               **/*.midi;
               **/*.ra;
               **/*.ram;
               **/*.smd;
               **/*.smx;
               **/*.smz;
               **/*.wav;
               **/*.323;
               **/*.appcache;
               **/*.asm;
               **/*.bas;
               **/*.c;
               **/*.cnf;
               **/*.cpp;
               **/*.csv;
               **/*.disco;
               **/*.dlm;
               **/*.dtd;
               **/*.etx;
               **/*.h;
               **/*.hdml;
               **/*.htc;
               **/*.htt;
               **/*.hxt;
               **/*.ical;
               **/*.icalendar;
               **/*.ics;
               **/*.ifb;
               **/*.map;
               **/*.mno;
               **/*.odc;
               **/*.rtx;
               **/*.sct;
               **/*.sgml;
               **/*.tsv;
               **/*.uls;
               **/*.vbs;
               **/*.vcf;
               **/*.vcs;
               **/*.vml;
               **/*.wml;
               **/*.wmls;
               **/*.wsdl;
               **/*.xdr;
               **/*.xsd;
               **/*.xsf;
               **/*.xsl;
               **/*.xslt;
             ' and did not match exclude pattern '
               ;
               **/*.gz;
               **/*.br;
               **/*.jpeg;
               **/*.jpg;
               **/*.png;
               **/*.gif;
               **/*.webp;
               **/*.woff;
               **/*.woff2;
               **/*.m4v;
               **/*.mov;
               **/*.movie;
               **/*.mp2;
               **/*.mp4;
               **/*.mp4v;
               **/*.mpa;
               **/*.mpe;
               **/*.mpeg;
               **/*.mpg;
               **/*.mpv2;
               **/*.ogg;
               **/*.ogv;
               **/*.webm;
               **/*.jfif;
               **/*.svgz;
               **/*.jpe;
               **/*.pnz;
               **/*.aac;
               **/*.adt;
               **/*.adts;
               **/*.m4a;
               **/*.mp3;
               **/*.oga;
               **/*.wax;
               **/*.wma;
             '.
         Asset 'D:\P.L\Flutter\fresh_produce_app\FreshProduce.Api\wwwroot\admin\icons\Icon-192.png' with relative path 'admin/icons/Icon-192.png' did not match include pattern '
               ;
               **/*.js;
               **/*.css;
               **/*.html;
               **/*.json;
               **/*.mjs;
               **/*.xml;
               **/*.htm;
               **/*.wasm;
               **/*.txt;
               **/*.dll;
               **/*.pdb;
               **/*.dat;
               **/*.jsx;
               **/*.markdown;
               **/*.md;
               **/*.webmanifest;
               **/*.bmp;
               **/*.svg;
               **/*.otf;
               **/*.art;
               **/*.cmx;
               **/*.cod;
               **/*.dib;
               **/*.ico;
               **/*.ief;
               **/*.pbm;
               **/*.pgm;
               **/*.pnm;
               **/*.ppm;
               **/*.ras;
               **/*.rf;
               **/*.rgb;
               **/*.tif
               **/*.tiff;
               **/*.wbmp;
               **/*.xbm;
               **/*.xpm;
               **/*.xwd;
               **/*.aif;
               **/*.aifc;
               **/*.aif;
               **/*.au;
               **/*.m3u;
               **/*.mid;
               **/*.midi;
               **/*.ra;
               **/*.ram;
               **/*.smd;
               **/*.smx;
               **/*.smz;
               **/*.wav;
               **/*.323;
               **/*.appcache;
               **/*.asm;
               **/*.bas;
               **/*.c;
               **/*.cnf;
               **/*.cpp;
               **/*.csv;
               **/*.disco;
               **/*.dlm;
               **/*.dtd;
               **/*.etx;
               **/*.h;
               **/*.hdml;
               **/*.htc;
               **/*.htt;
               **/*.hxt;
               **/*.ical;
               **/*.icalendar;
               **/*.ics;
               **/*.ifb;
               **/*.map;
               **/*.mno;
               **/*.odc;
               **/*.rtx;
               **/*.sct;
               **/*.sgml;
               **/*.tsv;
               **/*.uls;
               **/*.vbs;
               **/*.vcf;
               **/*.vcs;
               **/*.vml;
               **/*.wml;
               **/*.wmls;
               **/*.wsdl;
               **/*.xdr;
               **/*.xsd;
               **/*.xsf;
               **/*.xsl;
               **/*.xslt;
             ' or matched exclude pattern '
               ;
               **/*.gz;
               **/*.br;
               **/*.jpeg;
               **/*.jpg;
               **/*.png;
               **/*.gif;
               **/*.webp;
               **/*.woff;
               **/*.woff2;
               **/*.m4v;
               **/*.mov;
               **/*.movie;
               **/*.mp2;
               **/*.mp4;
               **/*.mp4v;
               **/*.mpa;
               **/*.mpe;
               **/*.mpeg;
               **/*.mpg;
               **/*.mpv2;
               **/*.ogg;
               **/*.ogv;
               **/*.webm;
               **/*.jfif;
               **/*.svgz;
               **/*.jpe;
               **/*.pnz;
               **/*.aac;
               **/*.adt;
               **/*.adts;
               **/*.m4a;
               **/*.mp3;
               **/*.oga;
               **/*.wax;
               **/*.wma;
             '.
         Asset 'D:\P.L\Flutter\fresh_produce_app\FreshProduce.Api\wwwroot\admin\icons\Icon-512.png' with relative path 'admin/icons/Icon-512.png' did not match include pattern '
               ;
               **/*.js;
               **/*.css;
               **/*.html;
               **/*.json;
               **/*.mjs;
               **/*.xml;
               **/*.htm;
               **/*.wasm;
               **/*.txt;
               **/*.dll;
               **/*.pdb;
               **/*.dat;
               **/*.jsx;
               **/*.markdown;
               **/*.md;
               **/*.webmanifest;
               **/*.bmp;
               **/*.svg;
               **/*.otf;
               **/*.art;
               **/*.cmx;
               **/*.cod;
               **/*.dib;
               **/*.ico;
               **/*.ief;
               **/*.pbm;
               **/*.pgm;
               **/*.pnm;
               **/*.ppm;
               **/*.ras;
               **/*.rf;
               **/*.rgb;
               **/*.tif
               **/*.tiff;
               **/*.wbmp;
               **/*.xbm;
               **/*.xpm;
               **/*.xwd;
               **/*.aif;
               **/*.aifc;
               **/*.aif;
               **/*.au;
               **/*.m3u;
               **/*.mid;
               **/*.midi;
               **/*.ra;
               **/*.ram;
               **/*.smd;
               **/*.smx;
               **/*.smz;
               **/*.wav;
               **/*.323;
               **/*.appcache;
               **/*.asm;
               **/*.bas;
               **/*.c;
               **/*.cnf;
               **/*.cpp;
               **/*.csv;
               **/*.disco;
               **/*.dlm;
               **/*.dtd;
               **/*.etx;
               **/*.h;
               **/*.hdml;
               **/*.htc;
               **/*.htt;
               **/*.hxt;
               **/*.ical;
               **/*.icalendar;
               **/*.ics;
               **/*.ifb;
               **/*.map;
               **/*.mno;
               **/*.odc;
               **/*.rtx;
               **/*.sct;
               **/*.sgml;
               **/*.tsv;
               **/*.uls;
               **/*.vbs;
               **/*.vcf;
               **/*.vcs;
               **/*.vml;
               **/*.wml;
               **/*.wmls;
               **/*.wsdl;
               **/*.xdr;
               **/*.xsd;
               **/*.xsf;
               **/*.xsl;
               **/*.xslt;
             ' or matched exclude pattern '
               ;
               **/*.gz;
               **/*.br;
               **/*.jpeg;
               **/*.jpg;
               **/*.png;
               **/*.gif;
               **/*.webp;
               **/*.woff;
               **/*.woff2;
               **/*.m4v;
               **/*.mov;
               **/*.movie;
               **/*.mp2;
               **/*.mp4;
               **/*.mp4v;
               **/*.mpa;
               **/*.mpe;
               **/*.mpeg;
               **/*.mpg;
               **/*.mpv2;
               **/*.ogg;
               **/*.ogv;
               **/*.webm;
               **/*.jfif;
               **/*.svgz;
               **/*.jpe;
               **/*.pnz;
               **/*.aac;
               **/*.adt;
               **/*.adts;
               **/*.m4a;
               **/*.mp3;
               **/*.oga;
               **/*.wax;
               **/*.wma;
             '.
         Asset 'D:\P.L\Flutter\fresh_produce_app\FreshProduce.Api\wwwroot\admin\icons\Icon-maskable-192.png' with relative path 'admin/icons/Icon-maskable-192.png' did not match include pattern '
               ;
               **/*.js;
               **/*.css;
               **/*.html;
               **/*.json;
               **/*.mjs;
               **/*.xml;
               **/*.htm;
               **/*.wasm;
               **/*.txt;
               **/*.dll;
               **/*.pdb;
               **/*.dat;
               **/*.jsx;
               **/*.markdown;
               **/*.md;
               **/*.webmanifest;
               **/*.bmp;
               **/*.svg;
               **/*.otf;
               **/*.art;
               **/*.cmx;
               **/*.cod;
               **/*.dib;
               **/*.ico;
               **/*.ief;
               **/*.pbm;
               **/*.pgm;
               **/*.pnm;
               **/*.ppm;
               **/*.ras;
               **/*.rf;
               **/*.rgb;
               **/*.tif
               **/*.tiff;
               **/*.wbmp;
               **/*.xbm;
               **/*.xpm;
               **/*.xwd;
               **/*.aif;
               **/*.aifc;
               **/*.aif;
               **/*.au;
               **/*.m3u;
               **/*.mid;
               **/*.midi;
               **/*.ra;
               **/*.ram;
               **/*.smd;
               **/*.smx;
               **/*.smz;
               **/*.wav;
               **/*.323;
               **/*.appcache;
               **/*.asm;
               **/*.bas;
               **/*.c;
               **/*.cnf;
               **/*.cpp;
               **/*.csv;
               **/*.disco;
               **/*.dlm;
               **/*.dtd;
               **/*.etx;
               **/*.h;
               **/*.hdml;
               **/*.htc;
               **/*.htt;
               **/*.hxt;
               **/*.ical;
               **/*.icalendar;
               **/*.ics;
               **/*.ifb;
               **/*.map;
               **/*.mno;
               **/*.odc;
               **/*.rtx;
               **/*.sct;
               **/*.sgml;
               **/*.tsv;
               **/*.uls;
               **/*.vbs;
               **/*.vcf;
               **/*.vcs;
               **/*.vml;
               **/*.wml;
               **/*.wmls;
               **/*.wsdl;
               **/*.xdr;
               **/*.xsd;
               **/*.xsf;
               **/*.xsl;
               **/*.xslt;
             ' or matched exclude pattern '
               ;
               **/*.gz;
               **/*.br;
               **/*.jpeg;
               **/*.jpg;
               **/*.png;
               **/*.gif;
               **/*.webp;
               **/*.woff;
               **/*.woff2;
               **/*.m4v;
               **/*.mov;
               **/*.movie;
               **/*.mp2;
               **/*.mp4;
               **/*.mp4v;
               **/*.mpa;
               **/*.mpe;
               **/*.mpeg;
               **/*.mpg;
               **/*.mpv2;
               **/*.ogg;
               **/*.ogv;
               **/*.webm;
               **/*.jfif;
               **/*.svgz;
               **/*.jpe;
               **/*.pnz;
               **/*.aac;
               **/*.adt;
               **/*.adts;
               **/*.m4a;
               **/*.mp3;
               **/*.oga;
               **/*.wax;
               **/*.wma;
             '.
         Asset 'D:\P.L\Flutter\fresh_produce_app\FreshProduce.Api\wwwroot\admin\icons\Icon-maskable-512.png' with relative path 'admin/icons/Icon-maskable-512.png' did not match include pattern '
               ;
               **/*.js;
               **/*.css;
               **/*.html;
               **/*.json;
               **/*.mjs;
               **/*.xml;
               **/*.htm;
               **/*.wasm;
               **/*.txt;
               **/*.dll;
               **/*.pdb;
               **/*.dat;
               **/*.jsx;
               **/*.markdown;
               **/*.md;
               **/*.webmanifest;
               **/*.bmp;
               **/*.svg;
               **/*.otf;
               **/*.art;
               **/*.cmx;
               **/*.cod;
               **/*.dib;
               **/*.ico;
               **/*.ief;
               **/*.pbm;
               **/*.pgm;
               **/*.pnm;
               **/*.ppm;
               **/*.ras;
               **/*.rf;
               **/*.rgb;
               **/*.tif
               **/*.tiff;
               **/*.wbmp;
               **/*.xbm;
               **/*.xpm;
               **/*.xwd;
               **/*.aif;
               **/*.aifc;
               **/*.aif;
               **/*.au;
               **/*.m3u;
               **/*.mid;
               **/*.midi;
               **/*.ra;
               **/*.ram;
               **/*.smd;
               **/*.smx;
               **/*.smz;
               **/*.wav;
               **/*.323;
               **/*.appcache;
               **/*.asm;
               **/*.bas;
               **/*.c;
               **/*.cnf;
               **/*.cpp;
               **/*.csv;
               **/*.disco;
               **/*.dlm;
               **/*.dtd;
               **/*.etx;
               **/*.h;
               **/*.hdml;
               **/*.htc;
               **/*.htt;
               **/*.hxt;
               **/*.ical;
               **/*.icalendar;
               **/*.ics;
               **/*.ifb;
               **/*.map;
               **/*.mno;
               **/*.odc;
               **/*.rtx;
               **/*.sct;
               **/*.sgml;
               **/*.tsv;
               **/*.uls;
               **/*.vbs;
               **/*.vcf;
               **/*.vcs;
               **/*.vml;
               **/*.wml;
               **/*.wmls;
               **/*.wsdl;
               **/*.xdr;
               **/*.xsd;
               **/*.xsf;
               **/*.xsl;
               **/*.xslt;
             ' or matched exclude pattern '
               ;
               **/*.gz;
               **/*.br;
               **/*.jpeg;
               **/*.jpg;
               **/*.png;
               **/*.gif;
               **/*.webp;
               **/*.woff;
               **/*.woff2;
               **/*.m4v;
               **/*.mov;
               **/*.movie;
               **/*.mp2;
               **/*.mp4;
               **/*.mp4v;
               **/*.mpa;
               **/*.mpe;
               **/*.mpeg;
               **/*.mpg;
               **/*.mpv2;
               **/*.ogg;
               **/*.ogv;
               **/*.webm;
               **/*.jfif;
               **/*.svgz;
               **/*.jpe;
               **/*.pnz;
               **/*.aac;
               **/*.adt;
               **/*.adts;
               **/*.m4a;
               **/*.mp3;
               **/*.oga;
               **/*.wax;
               **/*.wma;
             '.
         Asset 'D:\P.L\Flutter\fresh_produce_app\FreshProduce.Api\wwwroot\admin\index.html' with relative path 'admin/index.html' matched include pattern '
               ;
               **/*.js;
               **/*.css;
               **/*.html;
               **/*.json;
               **/*.mjs;
               **/*.xml;
               **/*.htm;
               **/*.wasm;
               **/*.txt;
               **/*.dll;
               **/*.pdb;
               **/*.dat;
               **/*.jsx;
               **/*.markdown;
               **/*.md;
               **/*.webmanifest;
               **/*.bmp;
               **/*.svg;
               **/*.otf;
               **/*.art;
               **/*.cmx;
               **/*.cod;
               **/*.dib;
               **/*.ico;
               **/*.ief;
               **/*.pbm;
               **/*.pgm;
               **/*.pnm;
               **/*.ppm;
               **/*.ras;
               **/*.rf;
               **/*.rgb;
               **/*.tif
               **/*.tiff;
               **/*.wbmp;
               **/*.xbm;
               **/*.xpm;
               **/*.xwd;
               **/*.aif;
               **/*.aifc;
               **/*.aif;
               **/*.au;
               **/*.m3u;
               **/*.mid;
               **/*.midi;
               **/*.ra;
               **/*.ram;
               **/*.smd;
               **/*.smx;
               **/*.smz;
               **/*.wav;
               **/*.323;
               **/*.appcache;
               **/*.asm;
               **/*.bas;
               **/*.c;
               **/*.cnf;
               **/*.cpp;
               **/*.csv;
               **/*.disco;
               **/*.dlm;
               **/*.dtd;
               **/*.etx;
               **/*.h;
               **/*.hdml;
               **/*.htc;
               **/*.htt;
               **/*.hxt;
               **/*.ical;
               **/*.icalendar;
               **/*.ics;
               **/*.ifb;
               **/*.map;
               **/*.mno;
               **/*.odc;
               **/*.rtx;
               **/*.sct;
               **/*.sgml;
               **/*.tsv;
               **/*.uls;
               **/*.vbs;
               **/*.vcf;
               **/*.vcs;
               **/*.vml;
               **/*.wml;
               **/*.wmls;
               **/*.wsdl;
               **/*.xdr;
               **/*.xsd;
               **/*.xsf;
               **/*.xsl;
               **/*.xslt;
             ' and did not match exclude pattern '
               ;
               **/*.gz;
               **/*.br;
               **/*.jpeg;
               **/*.jpg;
               **/*.png;
               **/*.gif;
               **/*.webp;
               **/*.woff;
               **/*.woff2;
               **/*.m4v;
               **/*.mov;
               **/*.movie;
               **/*.mp2;
               **/*.mp4;
               **/*.mp4v;
               **/*.mpa;
               **/*.mpe;
               **/*.mpeg;
               **/*.mpg;
               **/*.mpv2;
               **/*.ogg;
               **/*.ogv;
               **/*.webm;
               **/*.jfif;
               **/*.svgz;
               **/*.jpe;
               **/*.pnz;
               **/*.aac;
               **/*.adt;
               **/*.adts;
               **/*.m4a;
               **/*.mp3;
               **/*.oga;
               **/*.wax;
               **/*.wma;
             '.
         Asset 'D:\P.L\Flutter\fresh_produce_app\FreshProduce.Api\wwwroot\admin\main.dart.js' with relative path 'admin/main.dart.js' matched include pattern '
               ;
               **/*.js;
               **/*.css;
               **/*.html;
               **/*.json;
               **/*.mjs;
               **/*.xml;
               **/*.htm;
               **/*.wasm;
               **/*.txt;
               **/*.dll;
               **/*.pdb;
               **/*.dat;
               **/*.jsx;
               **/*.markdown;
               **/*.md;
               **/*.webmanifest;
               **/*.bmp;
               **/*.svg;
               **/*.otf;
               **/*.art;
               **/*.cmx;
               **/*.cod;
               **/*.dib;
               **/*.ico;
               **/*.ief;
               **/*.pbm;
               **/*.pgm;
               **/*.pnm;
               **/*.ppm;
               **/*.ras;
               **/*.rf;
               **/*.rgb;
               **/*.tif
               **/*.tiff;
               **/*.wbmp;
               **/*.xbm;
               **/*.xpm;
               **/*.xwd;
               **/*.aif;
               **/*.aifc;
               **/*.aif;
               **/*.au;
               **/*.m3u;
               **/*.mid;
               **/*.midi;
               **/*.ra;
               **/*.ram;
               **/*.smd;
               **/*.smx;
               **/*.smz;
               **/*.wav;
               **/*.323;
               **/*.appcache;
               **/*.asm;
               **/*.bas;
               **/*.c;
               **/*.cnf;
               **/*.cpp;
               **/*.csv;
               **/*.disco;
               **/*.dlm;
               **/*.dtd;
               **/*.etx;
               **/*.h;
               **/*.hdml;
               **/*.htc;
               **/*.htt;
               **/*.hxt;
               **/*.ical;
               **/*.icalendar;
               **/*.ics;
               **/*.ifb;
               **/*.map;
               **/*.mno;
               **/*.odc;
               **/*.rtx;
               **/*.sct;
               **/*.sgml;
               **/*.tsv;
               **/*.uls;
               **/*.vbs;
               **/*.vcf;
               **/*.vcs;
               **/*.vml;
               **/*.wml;
               **/*.wmls;
               **/*.wsdl;
               **/*.xdr;
               **/*.xsd;
               **/*.xsf;
               **/*.xsl;
               **/*.xslt;
             ' and did not match exclude pattern '
               ;
               **/*.gz;
               **/*.br;
               **/*.jpeg;
               **/*.jpg;
               **/*.png;
               **/*.gif;
               **/*.webp;
               **/*.woff;
               **/*.woff2;
               **/*.m4v;
               **/*.mov;
               **/*.movie;
               **/*.mp2;
               **/*.mp4;
               **/*.mp4v;
               **/*.mpa;
               **/*.mpe;
               **/*.mpeg;
               **/*.mpg;
               **/*.mpv2;
               **/*.ogg;
               **/*.ogv;
               **/*.webm;
               **/*.jfif;
               **/*.svgz;
               **/*.jpe;
               **/*.pnz;
               **/*.aac;
               **/*.adt;
               **/*.adts;
               **/*.m4a;
               **/*.mp3;
               **/*.oga;
               **/*.wax;
               **/*.wma;
             '.
         Asset 'D:\P.L\Flutter\fresh_produce_app\FreshProduce.Api\wwwroot\admin\manifest.json' with relative path 'admin/manifest.json' matched include pattern '
               ;
               **/*.js;
               **/*.css;
               **/*.html;
               **/*.json;
               **/*.mjs;
               **/*.xml;
               **/*.htm;
               **/*.wasm;
               **/*.txt;
               **/*.dll;
               **/*.pdb;
               **/*.dat;
               **/*.jsx;
               **/*.markdown;
               **/*.md;
               **/*.webmanifest;
               **/*.bmp;
               **/*.svg;
               **/*.otf;
               **/*.art;
               **/*.cmx;
               **/*.cod;
               **/*.dib;
               **/*.ico;
               **/*.ief;
               **/*.pbm;
               **/*.pgm;
               **/*.pnm;
               **/*.ppm;
               **/*.ras;
               **/*.rf;
               **/*.rgb;
               **/*.tif
               **/*.tiff;
               **/*.wbmp;
               **/*.xbm;
               **/*.xpm;
               **/*.xwd;
               **/*.aif;
               **/*.aifc;
               **/*.aif;
               **/*.au;
               **/*.m3u;
               **/*.mid;
               **/*.midi;
               **/*.ra;
               **/*.ram;
               **/*.smd;
               **/*.smx;
               **/*.smz;
               **/*.wav;
               **/*.323;
               **/*.appcache;
               **/*.asm;
               **/*.bas;
               **/*.c;
               **/*.cnf;
               **/*.cpp;
               **/*.csv;
               **/*.disco;
               **/*.dlm;
               **/*.dtd;
               **/*.etx;
               **/*.h;
               **/*.hdml;
               **/*.htc;
               **/*.htt;
               **/*.hxt;
               **/*.ical;
               **/*.icalendar;
               **/*.ics;
               **/*.ifb;
               **/*.map;
               **/*.mno;
               **/*.odc;
               **/*.rtx;
               **/*.sct;
               **/*.sgml;
               **/*.tsv;
               **/*.uls;
               **/*.vbs;
               **/*.vcf;
               **/*.vcs;
               **/*.vml;
               **/*.wml;
               **/*.wmls;
               **/*.wsdl;
               **/*.xdr;
               **/*.xsd;
               **/*.xsf;
               **/*.xsl;
               **/*.xslt;
             ' and did not match exclude pattern '
               ;
               **/*.gz;
               **/*.br;
               **/*.jpeg;
               **/*.jpg;
               **/*.png;
               **/*.gif;
               **/*.webp;
               **/*.woff;
               **/*.woff2;
               **/*.m4v;
               **/*.mov;
               **/*.movie;
               **/*.mp2;
               **/*.mp4;
               **/*.mp4v;
               **/*.mpa;
               **/*.mpe;
               **/*.mpeg;
               **/*.mpg;
               **/*.mpv2;
               **/*.ogg;
               **/*.ogv;
               **/*.webm;
               **/*.jfif;
               **/*.svgz;
               **/*.jpe;
               **/*.pnz;
               **/*.aac;
               **/*.adt;
               **/*.adts;
               **/*.m4a;
               **/*.mp3;
               **/*.oga;
               **/*.wax;
               **/*.wma;
             '.
         Asset 'D:\P.L\Flutter\fresh_produce_app\FreshProduce.Api\wwwroot\admin\version.json' with relative path 'admin/version.json' matched include pattern '
               ;
               **/*.js;
               **/*.css;
               **/*.html;
               **/*.json;
               **/*.mjs;
               **/*.xml;
               **/*.htm;
               **/*.wasm;
               **/*.txt;
               **/*.dll;
               **/*.pdb;
               **/*.dat;
               **/*.jsx;
               **/*.markdown;
               **/*.md;
               **/*.webmanifest;
               **/*.bmp;
               **/*.svg;
               **/*.otf;
               **/*.art;
               **/*.cmx;
               **/*.cod;
               **/*.dib;
               **/*.ico;
               **/*.ief;
               **/*.pbm;
               **/*.pgm;
               **/*.pnm;
               **/*.ppm;
               **/*.ras;
               **/*.rf;
               **/*.rgb;
               **/*.tif
               **/*.tiff;
               **/*.wbmp;
               **/*.xbm;
               **/*.xpm;
               **/*.xwd;
               **/*.aif;
               **/*.aifc;
               **/*.aif;
               **/*.au;
               **/*.m3u;
               **/*.mid;
               **/*.midi;
               **/*.ra;
               **/*.ram;
               **/*.smd;
               **/*.smx;
               **/*.smz;
               **/*.wav;
               **/*.323;
               **/*.appcache;
               **/*.asm;
               **/*.bas;
               **/*.c;
               **/*.cnf;
               **/*.cpp;
               **/*.csv;
               **/*.disco;
               **/*.dlm;
               **/*.dtd;
               **/*.etx;
               **/*.h;
               **/*.hdml;
               **/*.htc;
               **/*.htt;
               **/*.hxt;
               **/*.ical;
               **/*.icalendar;
               **/*.ics;
               **/*.ifb;
               **/*.map;
               **/*.mno;
               **/*.odc;
               **/*.rtx;
               **/*.sct;
               **/*.sgml;
               **/*.tsv;
               **/*.uls;
               **/*.vbs;
               **/*.vcf;
               **/*.vcs;
               **/*.vml;
               **/*.wml;
               **/*.wmls;
               **/*.wsdl;
               **/*.xdr;
               **/*.xsd;
               **/*.xsf;
               **/*.xsl;
               **/*.xslt;
             ' and did not match exclude pattern '
               ;
               **/*.gz;
               **/*.br;
               **/*.jpeg;
               **/*.jpg;
               **/*.png;
               **/*.gif;
               **/*.webp;
               **/*.woff;
               **/*.woff2;
               **/*.m4v;
               **/*.mov;
               **/*.movie;
               **/*.mp2;
               **/*.mp4;
               **/*.mp4v;
               **/*.mpa;
               **/*.mpe;
               **/*.mpeg;
               **/*.mpg;
               **/*.mpv2;
               **/*.ogg;
               **/*.ogv;
               **/*.webm;
               **/*.jfif;
               **/*.svgz;
               **/*.jpe;
               **/*.pnz;
               **/*.aac;
               **/*.adt;
               **/*.adts;
               **/*.m4a;
               **/*.mp3;
               **/*.oga;
               **/*.wax;
               **/*.wma;
             '.
         Asset 'D:\P.L\Flutter\fresh_produce_app\FreshProduce.Api\wwwroot\assets\AssetManifest.bin' with relative path 'assets/AssetManifest.bin' did not match include pattern '
               ;
               **/*.js;
               **/*.css;
               **/*.html;
               **/*.json;
               **/*.mjs;
               **/*.xml;
               **/*.htm;
               **/*.wasm;
               **/*.txt;
               **/*.dll;
               **/*.pdb;
               **/*.dat;
               **/*.jsx;
               **/*.markdown;
               **/*.md;
               **/*.webmanifest;
               **/*.bmp;
               **/*.svg;
               **/*.otf;
               **/*.art;
               **/*.cmx;
               **/*.cod;
               **/*.dib;
               **/*.ico;
               **/*.ief;
               **/*.pbm;
               **/*.pgm;
               **/*.pnm;
               **/*.ppm;
               **/*.ras;
               **/*.rf;
               **/*.rgb;
               **/*.tif
               **/*.tiff;
               **/*.wbmp;
               **/*.xbm;
               **/*.xpm;
               **/*.xwd;
               **/*.aif;
               **/*.aifc;
               **/*.aif;
               **/*.au;
               **/*.m3u;
               **/*.mid;
               **/*.midi;
               **/*.ra;
               **/*.ram;
               **/*.smd;
               **/*.smx;
               **/*.smz;
               **/*.wav;
               **/*.323;
               **/*.appcache;
               **/*.asm;
               **/*.bas;
               **/*.c;
               **/*.cnf;
               **/*.cpp;
               **/*.csv;
               **/*.disco;
               **/*.dlm;
               **/*.dtd;
               **/*.etx;
               **/*.h;
               **/*.hdml;
               **/*.htc;
               **/*.htt;
               **/*.hxt;
               **/*.ical;
               **/*.icalendar;
               **/*.ics;
               **/*.ifb;
               **/*.map;
               **/*.mno;
               **/*.odc;
               **/*.rtx;
               **/*.sct;
               **/*.sgml;
               **/*.tsv;
               **/*.uls;
               **/*.vbs;
               **/*.vcf;
               **/*.vcs;
               **/*.vml;
               **/*.wml;
               **/*.wmls;
               **/*.wsdl;
               **/*.xdr;
               **/*.xsd;
               **/*.xsf;
               **/*.xsl;
               **/*.xslt;
             ' or matched exclude pattern '
               ;
               **/*.gz;
               **/*.br;
               **/*.jpeg;
               **/*.jpg;
               **/*.png;
               **/*.gif;
               **/*.webp;
               **/*.woff;
               **/*.woff2;
               **/*.m4v;
               **/*.mov;
               **/*.movie;
               **/*.mp2;
               **/*.mp4;
               **/*.mp4v;
               **/*.mpa;
               **/*.mpe;
               **/*.mpeg;
               **/*.mpg;
               **/*.mpv2;
               **/*.ogg;
               **/*.ogv;
               **/*.webm;
               **/*.jfif;
               **/*.svgz;
               **/*.jpe;
               **/*.pnz;
               **/*.aac;
               **/*.adt;
               **/*.adts;
               **/*.m4a;
               **/*.mp3;
               **/*.oga;
               **/*.wax;
               **/*.wma;
             '.
         Asset 'D:\P.L\Flutter\fresh_produce_app\FreshProduce.Api\wwwroot\assets\AssetManifest.bin.json' with relative path 'assets/AssetManifest.bin.json' matched include pattern '
               ;
               **/*.js;
               **/*.css;
               **/*.html;
               **/*.json;
               **/*.mjs;
               **/*.xml;
               **/*.htm;
               **/*.wasm;
               **/*.txt;
               **/*.dll;
               **/*.pdb;
               **/*.dat;
               **/*.jsx;
               **/*.markdown;
               **/*.md;
               **/*.webmanifest;
               **/*.bmp;
               **/*.svg;
               **/*.otf;
               **/*.art;
               **/*.cmx;
               **/*.cod;
               **/*.dib;
               **/*.ico;
               **/*.ief;
               **/*.pbm;
               **/*.pgm;
               **/*.pnm;
               **/*.ppm;
               **/*.ras;
               **/*.rf;
               **/*.rgb;
               **/*.tif
               **/*.tiff;
               **/*.wbmp;
               **/*.xbm;
               **/*.xpm;
               **/*.xwd;
               **/*.aif;
               **/*.aifc;
               **/*.aif;
               **/*.au;
               **/*.m3u;
               **/*.mid;
               **/*.midi;
               **/*.ra;
               **/*.ram;
               **/*.smd;
               **/*.smx;
               **/*.smz;
               **/*.wav;
               **/*.323;
               **/*.appcache;
               **/*.asm;
               **/*.bas;
               **/*.c;
               **/*.cnf;
               **/*.cpp;
               **/*.csv;
               **/*.disco;
               **/*.dlm;
               **/*.dtd;
               **/*.etx;
               **/*.h;
               **/*.hdml;
               **/*.htc;
               **/*.htt;
               **/*.hxt;
               **/*.ical;
               **/*.icalendar;
               **/*.ics;
               **/*.ifb;
               **/*.map;
               **/*.mno;
               **/*.odc;
               **/*.rtx;
               **/*.sct;
               **/*.sgml;
               **/*.tsv;
               **/*.uls;
               **/*.vbs;
               **/*.vcf;
               **/*.vcs;
               **/*.vml;
               **/*.wml;
               **/*.wmls;
               **/*.wsdl;
               **/*.xdr;
               **/*.xsd;
               **/*.xsf;
               **/*.xsl;
               **/*.xslt;
             ' and did not match exclude pattern '
               ;
               **/*.gz;
               **/*.br;
               **/*.jpeg;
               **/*.jpg;
               **/*.png;
               **/*.gif;
               **/*.webp;
               **/*.woff;
               **/*.woff2;
               **/*.m4v;
               **/*.mov;
               **/*.movie;
               **/*.mp2;
               **/*.mp4;
               **/*.mp4v;
               **/*.mpa;
               **/*.mpe;
               **/*.mpeg;
               **/*.mpg;
               **/*.mpv2;
               **/*.ogg;
               **/*.ogv;
               **/*.webm;
               **/*.jfif;
               **/*.svgz;
               **/*.jpe;
               **/*.pnz;
               **/*.aac;
               **/*.adt;
               **/*.adts;
               **/*.m4a;
               **/*.mp3;
               **/*.oga;
               **/*.wax;
               **/*.wma;
             '.
         Asset 'D:\P.L\Flutter\fresh_produce_app\FreshProduce.Api\wwwroot\assets\AssetManifest.json' with relative path 'assets/AssetManifest.json' matched include pattern '
               ;
               **/*.js;
               **/*.css;
               **/*.html;
               **/*.json;
               **/*.mjs;
               **/*.xml;
               **/*.htm;
               **/*.wasm;
               **/*.txt;
               **/*.dll;
               **/*.pdb;
               **/*.dat;
               **/*.jsx;
               **/*.markdown;
               **/*.md;
               **/*.webmanifest;
               **/*.bmp;
               **/*.svg;
               **/*.otf;
               **/*.art;
               **/*.cmx;
               **/*.cod;
               **/*.dib;
               **/*.ico;
               **/*.ief;
               **/*.pbm;
               **/*.pgm;
               **/*.pnm;
               **/*.ppm;
               **/*.ras;
               **/*.rf;
               **/*.rgb;
               **/*.tif
               **/*.tiff;
               **/*.wbmp;
               **/*.xbm;
               **/*.xpm;
               **/*.xwd;
               **/*.aif;
               **/*.aifc;
               **/*.aif;
               **/*.au;
               **/*.m3u;
               **/*.mid;
               **/*.midi;
               **/*.ra;
               **/*.ram;
               **/*.smd;
               **/*.smx;
               **/*.smz;
               **/*.wav;
               **/*.323;
               **/*.appcache;
               **/*.asm;
               **/*.bas;
               **/*.c;
               **/*.cnf;
               **/*.cpp;
               **/*.csv;
               **/*.disco;
               **/*.dlm;
               **/*.dtd;
               **/*.etx;
               **/*.h;
               **/*.hdml;
               **/*.htc;
               **/*.htt;
               **/*.hxt;
               **/*.ical;
               **/*.icalendar;
               **/*.ics;
               **/*.ifb;
               **/*.map;
               **/*.mno;
               **/*.odc;
               **/*.rtx;
               **/*.sct;
               **/*.sgml;
               **/*.tsv;
               **/*.uls;
               **/*.vbs;
               **/*.vcf;
               **/*.vcs;
               **/*.vml;
               **/*.wml;
               **/*.wmls;
               **/*.wsdl;
               **/*.xdr;
               **/*.xsd;
               **/*.xsf;
               **/*.xsl;
               **/*.xslt;
             ' and did not match exclude pattern '
               ;
               **/*.gz;
               **/*.br;
               **/*.jpeg;
               **/*.jpg;
               **/*.png;
               **/*.gif;
               **/*.webp;
               **/*.woff;
               **/*.woff2;
               **/*.m4v;
               **/*.mov;
               **/*.movie;
               **/*.mp2;
               **/*.mp4;
               **/*.mp4v;
               **/*.mpa;
               **/*.mpe;
               **/*.mpeg;
               **/*.mpg;
               **/*.mpv2;
               **/*.ogg;
               **/*.ogv;
               **/*.webm;
               **/*.jfif;
               **/*.svgz;
               **/*.jpe;
               **/*.pnz;
               **/*.aac;
               **/*.adt;
               **/*.adts;
               **/*.m4a;
               **/*.mp3;
               **/*.oga;
               **/*.wax;
               **/*.wma;
             '.
         Asset 'D:\P.L\Flutter\fresh_produce_app\FreshProduce.Api\wwwroot\assets\FontManifest.json' with relative path 'assets/FontManifest.json' matched include pattern '
               ;
               **/*.js;
               **/*.css;
               **/*.html;
               **/*.json;
               **/*.mjs;
               **/*.xml;
               **/*.htm;
               **/*.wasm;
               **/*.txt;
               **/*.dll;
               **/*.pdb;
               **/*.dat;
               **/*.jsx;
               **/*.markdown;
               **/*.md;
               **/*.webmanifest;
               **/*.bmp;
               **/*.svg;
               **/*.otf;
               **/*.art;
               **/*.cmx;
               **/*.cod;
               **/*.dib;
               **/*.ico;
               **/*.ief;
               **/*.pbm;
               **/*.pgm;
               **/*.pnm;
               **/*.ppm;
               **/*.ras;
               **/*.rf;
               **/*.rgb;
               **/*.tif
               **/*.tiff;
               **/*.wbmp;
               **/*.xbm;
               **/*.xpm;
               **/*.xwd;
               **/*.aif;
               **/*.aifc;
               **/*.aif;
               **/*.au;
               **/*.m3u;
               **/*.mid;
               **/*.midi;
               **/*.ra;
               **/*.ram;
               **/*.smd;
               **/*.smx;
               **/*.smz;
               **/*.wav;
               **/*.323;
               **/*.appcache;
               **/*.asm;
               **/*.bas;
               **/*.c;
               **/*.cnf;
               **/*.cpp;
               **/*.csv;
               **/*.disco;
               **/*.dlm;
               **/*.dtd;
               **/*.etx;
               **/*.h;
               **/*.hdml;
               **/*.htc;
               **/*.htt;
               **/*.hxt;
               **/*.ical;
               **/*.icalendar;
               **/*.ics;
               **/*.ifb;
               **/*.map;
               **/*.mno;
               **/*.odc;
               **/*.rtx;
               **/*.sct;
               **/*.sgml;
               **/*.tsv;
               **/*.uls;
               **/*.vbs;
               **/*.vcf;
               **/*.vcs;
               **/*.vml;
               **/*.wml;
               **/*.wmls;
               **/*.wsdl;
               **/*.xdr;
               **/*.xsd;
               **/*.xsf;
               **/*.xsl;
               **/*.xslt;
             ' and did not match exclude pattern '
               ;
               **/*.gz;
               **/*.br;
               **/*.jpeg;
               **/*.jpg;
               **/*.png;
               **/*.gif;
               **/*.webp;
               **/*.woff;
               **/*.woff2;
               **/*.m4v;
               **/*.mov;
               **/*.movie;
               **/*.mp2;
               **/*.mp4;
               **/*.mp4v;
               **/*.mpa;
               **/*.mpe;
               **/*.mpeg;
               **/*.mpg;
               **/*.mpv2;
               **/*.ogg;
               **/*.ogv;
               **/*.webm;
               **/*.jfif;
               **/*.svgz;
               **/*.jpe;
               **/*.pnz;
               **/*.aac;
               **/*.adt;
               **/*.adts;
               **/*.m4a;
               **/*.mp3;
               **/*.oga;
               **/*.wax;
               **/*.wma;
             '.
         Asset 'D:\P.L\Flutter\fresh_produce_app\FreshProduce.Api\wwwroot\assets\fonts\MaterialIcons-Regular.otf' with relative path 'assets/fonts/MaterialIcons-Regular.otf' matched include pattern '
               ;
               **/*.js;
               **/*.css;
               **/*.html;
               **/*.json;
               **/*.mjs;
               **/*.xml;
               **/*.htm;
               **/*.wasm;
               **/*.txt;
               **/*.dll;
               **/*.pdb;
               **/*.dat;
               **/*.jsx;
               **/*.markdown;
               **/*.md;
               **/*.webmanifest;
               **/*.bmp;
               **/*.svg;
               **/*.otf;
               **/*.art;
               **/*.cmx;
               **/*.cod;
               **/*.dib;
               **/*.ico;
               **/*.ief;
               **/*.pbm;
               **/*.pgm;
               **/*.pnm;
               **/*.ppm;
               **/*.ras;
               **/*.rf;
               **/*.rgb;
               **/*.tif
               **/*.tiff;
               **/*.wbmp;
               **/*.xbm;
               **/*.xpm;
               **/*.xwd;
               **/*.aif;
               **/*.aifc;
               **/*.aif;
               **/*.au;
               **/*.m3u;
               **/*.mid;
               **/*.midi;
               **/*.ra;
               **/*.ram;
               **/*.smd;
               **/*.smx;
               **/*.smz;
               **/*.wav;
               **/*.323;
               **/*.appcache;
               **/*.asm;
               **/*.bas;
               **/*.c;
               **/*.cnf;
               **/*.cpp;
               **/*.csv;
               **/*.disco;
               **/*.dlm;
               **/*.dtd;
               **/*.etx;
               **/*.h;
               **/*.hdml;
               **/*.htc;
               **/*.htt;
               **/*.hxt;
               **/*.ical;
               **/*.icalendar;
               **/*.ics;
               **/*.ifb;
               **/*.map;
               **/*.mno;
               **/*.odc;
               **/*.rtx;
               **/*.sct;
               **/*.sgml;
               **/*.tsv;
               **/*.uls;
               **/*.vbs;
               **/*.vcf;
               **/*.vcs;
               **/*.vml;
               **/*.wml;
               **/*.wmls;
               **/*.wsdl;
               **/*.xdr;
               **/*.xsd;
               **/*.xsf;
               **/*.xsl;
               **/*.xslt;
             ' and did not match exclude pattern '
               ;
               **/*.gz;
               **/*.br;
               **/*.jpeg;
               **/*.jpg;
               **/*.png;
               **/*.gif;
               **/*.webp;
               **/*.woff;
               **/*.woff2;
               **/*.m4v;
               **/*.mov;
               **/*.movie;
               **/*.mp2;
               **/*.mp4;
               **/*.mp4v;
               **/*.mpa;
               **/*.mpe;
               **/*.mpeg;
               **/*.mpg;
               **/*.mpv2;
               **/*.ogg;
               **/*.ogv;
               **/*.webm;
               **/*.jfif;
               **/*.svgz;
               **/*.jpe;
               **/*.pnz;
               **/*.aac;
               **/*.adt;
               **/*.adts;
               **/*.m4a;
               **/*.mp3;
               **/*.oga;
               **/*.wax;
               **/*.wma;
             '.
         Asset 'D:\P.L\Flutter\fresh_produce_app\FreshProduce.Api\wwwroot\assets\NOTICES' with relative path 'assets/NOTICES' did not match include pattern '
               ;
               **/*.js;
               **/*.css;
               **/*.html;
               **/*.json;
               **/*.mjs;
               **/*.xml;
               **/*.htm;
               **/*.wasm;
               **/*.txt;
               **/*.dll;
               **/*.pdb;
               **/*.dat;
               **/*.jsx;
               **/*.markdown;
               **/*.md;
               **/*.webmanifest;
               **/*.bmp;
               **/*.svg;
               **/*.otf;
               **/*.art;
               **/*.cmx;
               **/*.cod;
               **/*.dib;
               **/*.ico;
               **/*.ief;
               **/*.pbm;
               **/*.pgm;
               **/*.pnm;
               **/*.ppm;
               **/*.ras;
               **/*.rf;
               **/*.rgb;
               **/*.tif
               **/*.tiff;
               **/*.wbmp;
               **/*.xbm;
               **/*.xpm;
               **/*.xwd;
               **/*.aif;
               **/*.aifc;
               **/*.aif;
               **/*.au;
               **/*.m3u;
               **/*.mid;
               **/*.midi;
               **/*.ra;
               **/*.ram;
               **/*.smd;
               **/*.smx;
               **/*.smz;
               **/*.wav;
               **/*.323;
               **/*.appcache;
               **/*.asm;
               **/*.bas;
               **/*.c;
               **/*.cnf;
               **/*.cpp;
               **/*.csv;
               **/*.disco;
               **/*.dlm;
               **/*.dtd;
               **/*.etx;
               **/*.h;
               **/*.hdml;
               **/*.htc;
               **/*.htt;
               **/*.hxt;
               **/*.ical;
               **/*.icalendar;
               **/*.ics;
               **/*.ifb;
               **/*.map;
               **/*.mno;
               **/*.odc;
               **/*.rtx;
               **/*.sct;
               **/*.sgml;
               **/*.tsv;
               **/*.uls;
               **/*.vbs;
               **/*.vcf;
               **/*.vcs;
               **/*.vml;
               **/*.wml;
               **/*.wmls;
               **/*.wsdl;
               **/*.xdr;
               **/*.xsd;
               **/*.xsf;
               **/*.xsl;
               **/*.xslt;
             ' or matched exclude pattern '
               ;
               **/*.gz;
               **/*.br;
               **/*.jpeg;
               **/*.jpg;
               **/*.png;
               **/*.gif;
               **/*.webp;
               **/*.woff;
               **/*.woff2;
               **/*.m4v;
               **/*.mov;
               **/*.movie;
               **/*.mp2;
               **/*.mp4;
               **/*.mp4v;
               **/*.mpa;
               **/*.mpe;
               **/*.mpeg;
               **/*.mpg;
               **/*.mpv2;
               **/*.ogg;
               **/*.ogv;
               **/*.webm;
               **/*.jfif;
               **/*.svgz;
               **/*.jpe;
               **/*.pnz;
               **/*.aac;
               **/*.adt;
               **/*.adts;
               **/*.m4a;
               **/*.mp3;
               **/*.oga;
               **/*.wax;
               **/*.wma;
             '.
         Asset 'D:\P.L\Flutter\fresh_produce_app\FreshProduce.Api\wwwroot\assets\packages\cupertino_icons\assets\CupertinoIcons.ttf' with relative path 'assets/packages/cupertino_icons/assets/CupertinoIcons.ttf' did not match include pattern '
               ;
               **/*.js;
               **/*.css;
               **/*.html;
               **/*.json;
               **/*.mjs;
               **/*.xml;
               **/*.htm;
               **/*.wasm;
               **/*.txt;
               **/*.dll;
               **/*.pdb;
               **/*.dat;
               **/*.jsx;
               **/*.markdown;
               **/*.md;
               **/*.webmanifest;
               **/*.bmp;
               **/*.svg;
               **/*.otf;
               **/*.art;
               **/*.cmx;
               **/*.cod;
               **/*.dib;
               **/*.ico;
               **/*.ief;
               **/*.pbm;
               **/*.pgm;
               **/*.pnm;
               **/*.ppm;
               **/*.ras;
               **/*.rf;
               **/*.rgb;
               **/*.tif
               **/*.tiff;
               **/*.wbmp;
               **/*.xbm;
               **/*.xpm;
               **/*.xwd;
               **/*.aif;
               **/*.aifc;
               **/*.aif;
               **/*.au;
               **/*.m3u;
               **/*.mid;
               **/*.midi;
               **/*.ra;
               **/*.ram;
               **/*.smd;
               **/*.smx;
               **/*.smz;
               **/*.wav;
               **/*.323;
               **/*.appcache;
               **/*.asm;
               **/*.bas;
               **/*.c;
               **/*.cnf;
               **/*.cpp;
               **/*.csv;
               **/*.disco;
               **/*.dlm;
               **/*.dtd;
               **/*.etx;
               **/*.h;
               **/*.hdml;
               **/*.htc;
               **/*.htt;
               **/*.hxt;
               **/*.ical;
               **/*.icalendar;
               **/*.ics;
               **/*.ifb;
               **/*.map;
               **/*.mno;
               **/*.odc;
               **/*.rtx;
               **/*.sct;
               **/*.sgml;
               **/*.tsv;
               **/*.uls;
               **/*.vbs;
               **/*.vcf;
               **/*.vcs;
               **/*.vml;
               **/*.wml;
               **/*.wmls;
               **/*.wsdl;
               **/*.xdr;
               **/*.xsd;
               **/*.xsf;
               **/*.xsl;
               **/*.xslt;
             ' or matched exclude pattern '
               ;
               **/*.gz;
               **/*.br;
               **/*.jpeg;
               **/*.jpg;
               **/*.png;
               **/*.gif;
               **/*.webp;
               **/*.woff;
               **/*.woff2;
               **/*.m4v;
               **/*.mov;
               **/*.movie;
               **/*.mp2;
               **/*.mp4;
               **/*.mp4v;
               **/*.mpa;
               **/*.mpe;
               **/*.mpeg;
               **/*.mpg;
               **/*.mpv2;
               **/*.ogg;
               **/*.ogv;
               **/*.webm;
               **/*.jfif;
               **/*.svgz;
               **/*.jpe;
               **/*.pnz;
               **/*.aac;
               **/*.adt;
               **/*.adts;
               **/*.m4a;
               **/*.mp3;
               **/*.oga;
               **/*.wax;
               **/*.wma;
             '.
         Asset 'D:\P.L\Flutter\fresh_produce_app\FreshProduce.Api\wwwroot\assets\shaders\ink_sparkle.frag' with relative path 'assets/shaders/ink_sparkle.frag' did not match include pattern '
               ;
               **/*.js;
               **/*.css;
               **/*.html;
               **/*.json;
               **/*.mjs;
               **/*.xml;
               **/*.htm;
               **/*.wasm;
               **/*.txt;
               **/*.dll;
               **/*.pdb;
               **/*.dat;
               **/*.jsx;
               **/*.markdown;
               **/*.md;
               **/*.webmanifest;
               **/*.bmp;
               **/*.svg;
               **/*.otf;
               **/*.art;
               **/*.cmx;
               **/*.cod;
               **/*.dib;
               **/*.ico;
               **/*.ief;
               **/*.pbm;
               **/*.pgm;
               **/*.pnm;
               **/*.ppm;
               **/*.ras;
               **/*.rf;
               **/*.rgb;
               **/*.tif
               **/*.tiff;
               **/*.wbmp;
               **/*.xbm;
               **/*.xpm;
               **/*.xwd;
               **/*.aif;
               **/*.aifc;
               **/*.aif;
               **/*.au;
               **/*.m3u;
               **/*.mid;
               **/*.midi;
               **/*.ra;
               **/*.ram;
               **/*.smd;
               **/*.smx;
               **/*.smz;
               **/*.wav;
               **/*.323;
               **/*.appcache;
               **/*.asm;
               **/*.bas;
               **/*.c;
               **/*.cnf;
               **/*.cpp;
               **/*.csv;
               **/*.disco;
               **/*.dlm;
               **/*.dtd;
               **/*.etx;
               **/*.h;
               **/*.hdml;
               **/*.htc;
               **/*.htt;
               **/*.hxt;
               **/*.ical;
               **/*.icalendar;
               **/*.ics;
               **/*.ifb;
               **/*.map;
               **/*.mno;
               **/*.odc;
               **/*.rtx;
               **/*.sct;
               **/*.sgml;
               **/*.tsv;
               **/*.uls;
               **/*.vbs;
               **/*.vcf;
               **/*.vcs;
               **/*.vml;
               **/*.wml;
               **/*.wmls;
               **/*.wsdl;
               **/*.xdr;
               **/*.xsd;
               **/*.xsf;
               **/*.xsl;
               **/*.xslt;
             ' or matched exclude pattern '
               ;
               **/*.gz;
               **/*.br;
               **/*.jpeg;
               **/*.jpg;
               **/*.png;
               **/*.gif;
               **/*.webp;
               **/*.woff;
               **/*.woff2;
               **/*.m4v;
               **/*.mov;
               **/*.movie;
               **/*.mp2;
               **/*.mp4;
               **/*.mp4v;
               **/*.mpa;
               **/*.mpe;
               **/*.mpeg;
               **/*.mpg;
               **/*.mpv2;
               **/*.ogg;
               **/*.ogv;
               **/*.webm;
               **/*.jfif;
               **/*.svgz;
               **/*.jpe;
               **/*.pnz;
               **/*.aac;
               **/*.adt;
               **/*.adts;
               **/*.m4a;
               **/*.mp3;
               **/*.oga;
               **/*.wax;
               **/*.wma;
             '.
         Asset 'D:\P.L\Flutter\fresh_produce_app\FreshProduce.Api\wwwroot\assets\shaders\stretch_effect.frag' with relative path 'assets/shaders/stretch_effect.frag' did not match include pattern '
               ;
               **/*.js;
               **/*.css;
               **/*.html;
               **/*.json;
               **/*.mjs;
               **/*.xml;
               **/*.htm;
               **/*.wasm;
               **/*.txt;
               **/*.dll;
               **/*.pdb;
               **/*.dat;
               **/*.jsx;
               **/*.markdown;
               **/*.md;
               **/*.webmanifest;
               **/*.bmp;
               **/*.svg;
               **/*.otf;
               **/*.art;
               **/*.cmx;
               **/*.cod;
               **/*.dib;
               **/*.ico;
               **/*.ief;
               **/*.pbm;
               **/*.pgm;
               **/*.pnm;
               **/*.ppm;
               **/*.ras;
               **/*.rf;
               **/*.rgb;
               **/*.tif
               **/*.tiff;
               **/*.wbmp;
               **/*.xbm;
               **/*.xpm;
               **/*.xwd;
               **/*.aif;
               **/*.aifc;
               **/*.aif;
               **/*.au;
               **/*.m3u;
               **/*.mid;
               **/*.midi;
               **/*.ra;
               **/*.ram;
               **/*.smd;
               **/*.smx;
               **/*.smz;
               **/*.wav;
               **/*.323;
               **/*.appcache;
               **/*.asm;
               **/*.bas;
               **/*.c;
               **/*.cnf;
               **/*.cpp;
               **/*.csv;
               **/*.disco;
               **/*.dlm;
               **/*.dtd;
               **/*.etx;
               **/*.h;
               **/*.hdml;
               **/*.htc;
               **/*.htt;
               **/*.hxt;
               **/*.ical;
               **/*.icalendar;
               **/*.ics;
               **/*.ifb;
               **/*.map;
               **/*.mno;
               **/*.odc;
               **/*.rtx;
               **/*.sct;
               **/*.sgml;
               **/*.tsv;
               **/*.uls;
               **/*.vbs;
               **/*.vcf;
               **/*.vcs;
               **/*.vml;
               **/*.wml;
               **/*.wmls;
               **/*.wsdl;
               **/*.xdr;
               **/*.xsd;
               **/*.xsf;
               **/*.xsl;
               **/*.xslt;
             ' or matched exclude pattern '
               ;
               **/*.gz;
               **/*.br;
               **/*.jpeg;
               **/*.jpg;
               **/*.png;
               **/*.gif;
               **/*.webp;
               **/*.woff;
               **/*.woff2;
               **/*.m4v;
               **/*.mov;
               **/*.movie;
               **/*.mp2;
               **/*.mp4;
               **/*.mp4v;
               **/*.mpa;
               **/*.mpe;
               **/*.mpeg;
               **/*.mpg;
               **/*.mpv2;
               **/*.ogg;
               **/*.ogv;
               **/*.webm;
               **/*.jfif;
               **/*.svgz;
               **/*.jpe;
               **/*.pnz;
               **/*.aac;
               **/*.adt;
               **/*.adts;
               **/*.m4a;
               **/*.mp3;
               **/*.oga;
               **/*.wax;
               **/*.wma;
             '.
         Asset 'D:\P.L\Flutter\fresh_produce_app\FreshProduce.Api\wwwroot\canvaskit\canvaskit.js' with relative path 'canvaskit/canvaskit.js' matched include pattern '
               ;
               **/*.js;
               **/*.css;
               **/*.html;
               **/*.json;
               **/*.mjs;
               **/*.xml;
               **/*.htm;
               **/*.wasm;
               **/*.txt;
               **/*.dll;
               **/*.pdb;
               **/*.dat;
               **/*.jsx;
               **/*.markdown;
               **/*.md;
               **/*.webmanifest;
               **/*.bmp;
               **/*.svg;
               **/*.otf;
               **/*.art;
               **/*.cmx;
               **/*.cod;
               **/*.dib;
               **/*.ico;
               **/*.ief;
               **/*.pbm;
               **/*.pgm;
               **/*.pnm;
               **/*.ppm;
               **/*.ras;
               **/*.rf;
               **/*.rgb;
               **/*.tif
               **/*.tiff;
               **/*.wbmp;
               **/*.xbm;
               **/*.xpm;
               **/*.xwd;
               **/*.aif;
               **/*.aifc;
               **/*.aif;
               **/*.au;
               **/*.m3u;
               **/*.mid;
               **/*.midi;
               **/*.ra;
               **/*.ram;
               **/*.smd;
               **/*.smx;
               **/*.smz;
               **/*.wav;
               **/*.323;
               **/*.appcache;
               **/*.asm;
               **/*.bas;
               **/*.c;
               **/*.cnf;
               **/*.cpp;
               **/*.csv;
               **/*.disco;
               **/*.dlm;
               **/*.dtd;
               **/*.etx;
               **/*.h;
               **/*.hdml;
               **/*.htc;
               **/*.htt;
               **/*.hxt;
               **/*.ical;
               **/*.icalendar;
               **/*.ics;
               **/*.ifb;
               **/*.map;
               **/*.mno;
               **/*.odc;
               **/*.rtx;
               **/*.sct;
               **/*.sgml;
               **/*.tsv;
               **/*.uls;
               **/*.vbs;
               **/*.vcf;
               **/*.vcs;
               **/*.vml;
               **/*.wml;
               **/*.wmls;
               **/*.wsdl;
               **/*.xdr;
               **/*.xsd;
               **/*.xsf;
               **/*.xsl;
               **/*.xslt;
             ' and did not match exclude pattern '
               ;
               **/*.gz;
               **/*.br;
               **/*.jpeg;
               **/*.jpg;
               **/*.png;
               **/*.gif;
               **/*.webp;
               **/*.woff;
               **/*.woff2;
               **/*.m4v;
               **/*.mov;
               **/*.movie;
               **/*.mp2;
               **/*.mp4;
               **/*.mp4v;
               **/*.mpa;
               **/*.mpe;
               **/*.mpeg;
               **/*.mpg;
               **/*.mpv2;
               **/*.ogg;
               **/*.ogv;
               **/*.webm;
               **/*.jfif;
               **/*.svgz;
               **/*.jpe;
               **/*.pnz;
               **/*.aac;
               **/*.adt;
               **/*.adts;
               **/*.m4a;
               **/*.mp3;
               **/*.oga;
               **/*.wax;
               **/*.wma;
             '.
         Asset 'D:\P.L\Flutter\fresh_produce_app\FreshProduce.Api\wwwroot\canvaskit\canvaskit.js.symbols' with relative path 'canvaskit/canvaskit.js.symbols' did not match include pattern '
               ;
               **/*.js;
               **/*.css;
               **/*.html;
               **/*.json;
               **/*.mjs;
               **/*.xml;
               **/*.htm;
               **/*.wasm;
               **/*.txt;
               **/*.dll;
               **/*.pdb;
               **/*.dat;
               **/*.jsx;
               **/*.markdown;
               **/*.md;
               **/*.webmanifest;
               **/*.bmp;
               **/*.svg;
               **/*.otf;
               **/*.art;
               **/*.cmx;
               **/*.cod;
               **/*.dib;
               **/*.ico;
               **/*.ief;
               **/*.pbm;
               **/*.pgm;
               **/*.pnm;
               **/*.ppm;
               **/*.ras;
               **/*.rf;
               **/*.rgb;
               **/*.tif
               **/*.tiff;
               **/*.wbmp;
               **/*.xbm;
               **/*.xpm;
               **/*.xwd;
               **/*.aif;
               **/*.aifc;
               **/*.aif;
               **/*.au;
               **/*.m3u;
               **/*.mid;
               **/*.midi;
               **/*.ra;
               **/*.ram;
               **/*.smd;
               **/*.smx;
               **/*.smz;
               **/*.wav;
               **/*.323;
               **/*.appcache;
               **/*.asm;
               **/*.bas;
               **/*.c;
               **/*.cnf;
               **/*.cpp;
               **/*.csv;
               **/*.disco;
               **/*.dlm;
               **/*.dtd;
               **/*.etx;
               **/*.h;
               **/*.hdml;
               **/*.htc;
               **/*.htt;
               **/*.hxt;
               **/*.ical;
               **/*.icalendar;
               **/*.ics;
               **/*.ifb;
               **/*.map;
               **/*.mno;
               **/*.odc;
               **/*.rtx;
               **/*.sct;
               **/*.sgml;
               **/*.tsv;
               **/*.uls;
               **/*.vbs;
               **/*.vcf;
               **/*.vcs;
               **/*.vml;
               **/*.wml;
               **/*.wmls;
               **/*.wsdl;
               **/*.xdr;
               **/*.xsd;
               **/*.xsf;
               **/*.xsl;
               **/*.xslt;
             ' or matched exclude pattern '
               ;
               **/*.gz;
               **/*.br;
               **/*.jpeg;
               **/*.jpg;
               **/*.png;
               **/*.gif;
               **/*.webp;
               **/*.woff;
               **/*.woff2;
               **/*.m4v;
               **/*.mov;
               **/*.movie;
               **/*.mp2;
               **/*.mp4;
               **/*.mp4v;
               **/*.mpa;
               **/*.mpe;
               **/*.mpeg;
               **/*.mpg;
               **/*.mpv2;
               **/*.ogg;
               **/*.ogv;
               **/*.webm;
               **/*.jfif;
               **/*.svgz;
               **/*.jpe;
               **/*.pnz;
               **/*.aac;
               **/*.adt;
               **/*.adts;
               **/*.m4a;
               **/*.mp3;
               **/*.oga;
               **/*.wax;
               **/*.wma;
             '.
         Asset 'D:\P.L\Flutter\fresh_produce_app\FreshProduce.Api\wwwroot\canvaskit\canvaskit.wasm' with relative path 'canvaskit/canvaskit.wasm' matched include pattern '
               ;
               **/*.js;
               **/*.css;
               **/*.html;
               **/*.json;
               **/*.mjs;
               **/*.xml;
               **/*.htm;
               **/*.wasm;
               **/*.txt;
               **/*.dll;
               **/*.pdb;
               **/*.dat;
               **/*.jsx;
               **/*.markdown;
               **/*.md;
               **/*.webmanifest;
               **/*.bmp;
               **/*.svg;
               **/*.otf;
               **/*.art;
               **/*.cmx;
               **/*.cod;
               **/*.dib;
               **/*.ico;
               **/*.ief;
               **/*.pbm;
               **/*.pgm;
               **/*.pnm;
               **/*.ppm;
               **/*.ras;
               **/*.rf;
               **/*.rgb;
               **/*.tif
               **/*.tiff;
               **/*.wbmp;
               **/*.xbm;
               **/*.xpm;
               **/*.xwd;
               **/*.aif;
               **/*.aifc;
               **/*.aif;
               **/*.au;
               **/*.m3u;
               **/*.mid;
               **/*.midi;
               **/*.ra;
               **/*.ram;
               **/*.smd;
               **/*.smx;
               **/*.smz;
               **/*.wav;
               **/*.323;
               **/*.appcache;
               **/*.asm;
               **/*.bas;
               **/*.c;
               **/*.cnf;
               **/*.cpp;
               **/*.csv;
               **/*.disco;
               **/*.dlm;
               **/*.dtd;
               **/*.etx;
               **/*.h;
               **/*.hdml;
               **/*.htc;
               **/*.htt;
               **/*.hxt;
               **/*.ical;
               **/*.icalendar;
               **/*.ics;
               **/*.ifb;
               **/*.map;
               **/*.mno;
               **/*.odc;
               **/*.rtx;
               **/*.sct;
               **/*.sgml;
               **/*.tsv;
               **/*.uls;
               **/*.vbs;
               **/*.vcf;
               **/*.vcs;
               **/*.vml;
               **/*.wml;
               **/*.wmls;
               **/*.wsdl;
               **/*.xdr;
               **/*.xsd;
               **/*.xsf;
               **/*.xsl;
               **/*.xslt;
             ' and did not match exclude pattern '
               ;
               **/*.gz;
               **/*.br;
               **/*.jpeg;
               **/*.jpg;
               **/*.png;
               **/*.gif;
               **/*.webp;
               **/*.woff;
               **/*.woff2;
               **/*.m4v;
               **/*.mov;
               **/*.movie;
               **/*.mp2;
               **/*.mp4;
               **/*.mp4v;
               **/*.mpa;
               **/*.mpe;
               **/*.mpeg;
               **/*.mpg;
               **/*.mpv2;
               **/*.ogg;
               **/*.ogv;
               **/*.webm;
               **/*.jfif;
               **/*.svgz;
               **/*.jpe;
               **/*.pnz;
               **/*.aac;
               **/*.adt;
               **/*.adts;
               **/*.m4a;
               **/*.mp3;
               **/*.oga;
               **/*.wax;
               **/*.wma;
             '.
         Asset 'D:\P.L\Flutter\fresh_produce_app\FreshProduce.Api\wwwroot\canvaskit\chromium\canvaskit.js' with relative path 'canvaskit/chromium/canvaskit.js' matched include pattern '
               ;
               **/*.js;
               **/*.css;
               **/*.html;
               **/*.json;
               **/*.mjs;
               **/*.xml;
               **/*.htm;
               **/*.wasm;
               **/*.txt;
               **/*.dll;
               **/*.pdb;
               **/*.dat;
               **/*.jsx;
               **/*.markdown;
               **/*.md;
               **/*.webmanifest;
               **/*.bmp;
               **/*.svg;
               **/*.otf;
               **/*.art;
               **/*.cmx;
               **/*.cod;
               **/*.dib;
               **/*.ico;
               **/*.ief;
               **/*.pbm;
               **/*.pgm;
               **/*.pnm;
               **/*.ppm;
               **/*.ras;
               **/*.rf;
               **/*.rgb;
               **/*.tif
               **/*.tiff;
               **/*.wbmp;
               **/*.xbm;
               **/*.xpm;
               **/*.xwd;
               **/*.aif;
               **/*.aifc;
               **/*.aif;
               **/*.au;
               **/*.m3u;
               **/*.mid;
               **/*.midi;
               **/*.ra;
               **/*.ram;
               **/*.smd;
               **/*.smx;
               **/*.smz;
               **/*.wav;
               **/*.323;
               **/*.appcache;
               **/*.asm;
               **/*.bas;
               **/*.c;
               **/*.cnf;
               **/*.cpp;
               **/*.csv;
               **/*.disco;
               **/*.dlm;
               **/*.dtd;
               **/*.etx;
               **/*.h;
               **/*.hdml;
               **/*.htc;
               **/*.htt;
               **/*.hxt;
               **/*.ical;
               **/*.icalendar;
               **/*.ics;
               **/*.ifb;
               **/*.map;
               **/*.mno;
               **/*.odc;
               **/*.rtx;
               **/*.sct;
               **/*.sgml;
               **/*.tsv;
               **/*.uls;
               **/*.vbs;
               **/*.vcf;
               **/*.vcs;
               **/*.vml;
               **/*.wml;
               **/*.wmls;
               **/*.wsdl;
               **/*.xdr;
               **/*.xsd;
               **/*.xsf;
               **/*.xsl;
               **/*.xslt;
             ' and did not match exclude pattern '
               ;
               **/*.gz;
               **/*.br;
               **/*.jpeg;
               **/*.jpg;
               **/*.png;
               **/*.gif;
               **/*.webp;
               **/*.woff;
               **/*.woff2;
               **/*.m4v;
               **/*.mov;
               **/*.movie;
               **/*.mp2;
               **/*.mp4;
               **/*.mp4v;
               **/*.mpa;
               **/*.mpe;
               **/*.mpeg;
               **/*.mpg;
               **/*.mpv2;
               **/*.ogg;
               **/*.ogv;
               **/*.webm;
               **/*.jfif;
               **/*.svgz;
               **/*.jpe;
               **/*.pnz;
               **/*.aac;
               **/*.adt;
               **/*.adts;
               **/*.m4a;
               **/*.mp3;
               **/*.oga;
               **/*.wax;
               **/*.wma;
             '.
         Asset 'D:\P.L\Flutter\fresh_produce_app\FreshProduce.Api\wwwroot\canvaskit\chromium\canvaskit.js.symbols' with relative path 'canvaskit/chromium/canvaskit.js.symbols' did not match include pattern '
               ;
               **/*.js;
               **/*.css;
               **/*.html;
               **/*.json;
               **/*.mjs;
               **/*.xml;
               **/*.htm;
               **/*.wasm;
               **/*.txt;
               **/*.dll;
               **/*.pdb;
               **/*.dat;
               **/*.jsx;
               **/*.markdown;
               **/*.md;
               **/*.webmanifest;
               **/*.bmp;
               **/*.svg;
               **/*.otf;
               **/*.art;
               **/*.cmx;
               **/*.cod;
               **/*.dib;
               **/*.ico;
               **/*.ief;
               **/*.pbm;
               **/*.pgm;
               **/*.pnm;
               **/*.ppm;
               **/*.ras;
               **/*.rf;
               **/*.rgb;
               **/*.tif
               **/*.tiff;
               **/*.wbmp;
               **/*.xbm;
               **/*.xpm;
               **/*.xwd;
               **/*.aif;
               **/*.aifc;
               **/*.aif;
               **/*.au;
               **/*.m3u;
               **/*.mid;
               **/*.midi;
               **/*.ra;
               **/*.ram;
               **/*.smd;
               **/*.smx;
               **/*.smz;
               **/*.wav;
               **/*.323;
               **/*.appcache;
               **/*.asm;
               **/*.bas;
               **/*.c;
               **/*.cnf;
               **/*.cpp;
               **/*.csv;
               **/*.disco;
               **/*.dlm;
               **/*.dtd;
               **/*.etx;
               **/*.h;
               **/*.hdml;
               **/*.htc;
               **/*.htt;
               **/*.hxt;
               **/*.ical;
               **/*.icalendar;
               **/*.ics;
               **/*.ifb;
               **/*.map;
               **/*.mno;
               **/*.odc;
               **/*.rtx;
               **/*.sct;
               **/*.sgml;
               **/*.tsv;
               **/*.uls;
               **/*.vbs;
               **/*.vcf;
               **/*.vcs;
               **/*.vml;
               **/*.wml;
               **/*.wmls;
               **/*.wsdl;
               **/*.xdr;
               **/*.xsd;
               **/*.xsf;
               **/*.xsl;
               **/*.xslt;
             ' or matched exclude pattern '
               ;
               **/*.gz;
               **/*.br;
               **/*.jpeg;
               **/*.jpg;
               **/*.png;
               **/*.gif;
               **/*.webp;
               **/*.woff;
               **/*.woff2;
               **/*.m4v;
               **/*.mov;
               **/*.movie;
               **/*.mp2;
               **/*.mp4;
               **/*.mp4v;
               **/*.mpa;
               **/*.mpe;
               **/*.mpeg;
               **/*.mpg;
               **/*.mpv2;
               **/*.ogg;
               **/*.ogv;
               **/*.webm;
               **/*.jfif;
               **/*.svgz;
               **/*.jpe;
               **/*.pnz;
               **/*.aac;
               **/*.adt;
               **/*.adts;
               **/*.m4a;
               **/*.mp3;
               **/*.oga;
               **/*.wax;
               **/*.wma;
             '.
         Asset 'D:\P.L\Flutter\fresh_produce_app\FreshProduce.Api\wwwroot\canvaskit\chromium\canvaskit.wasm' with relative path 'canvaskit/chromium/canvaskit.wasm' matched include pattern '
               ;
               **/*.js;
               **/*.css;
               **/*.html;
               **/*.json;
               **/*.mjs;
               **/*.xml;
               **/*.htm;
               **/*.wasm;
               **/*.txt;
               **/*.dll;
               **/*.pdb;
               **/*.dat;
               **/*.jsx;
               **/*.markdown;
               **/*.md;
               **/*.webmanifest;
               **/*.bmp;
               **/*.svg;
               **/*.otf;
               **/*.art;
               **/*.cmx;
               **/*.cod;
               **/*.dib;
               **/*.ico;
               **/*.ief;
               **/*.pbm;
               **/*.pgm;
               **/*.pnm;
               **/*.ppm;
               **/*.ras;
               **/*.rf;
               **/*.rgb;
               **/*.tif
               **/*.tiff;
               **/*.wbmp;
               **/*.xbm;
               **/*.xpm;
               **/*.xwd;
               **/*.aif;
               **/*.aifc;
               **/*.aif;
               **/*.au;
               **/*.m3u;
               **/*.mid;
               **/*.midi;
               **/*.ra;
               **/*.ram;
               **/*.smd;
               **/*.smx;
               **/*.smz;
               **/*.wav;
               **/*.323;
               **/*.appcache;
               **/*.asm;
               **/*.bas;
               **/*.c;
               **/*.cnf;
               **/*.cpp;
               **/*.csv;
               **/*.disco;
               **/*.dlm;
               **/*.dtd;
               **/*.etx;
               **/*.h;
               **/*.hdml;
               **/*.htc;
               **/*.htt;
               **/*.hxt;
               **/*.ical;
               **/*.icalendar;
               **/*.ics;
               **/*.ifb;
               **/*.map;
               **/*.mno;
               **/*.odc;
               **/*.rtx;
               **/*.sct;
               **/*.sgml;
               **/*.tsv;
               **/*.uls;
               **/*.vbs;
               **/*.vcf;
               **/*.vcs;
               **/*.vml;
               **/*.wml;
               **/*.wmls;
               **/*.wsdl;
               **/*.xdr;
               **/*.xsd;
               **/*.xsf;
               **/*.xsl;
               **/*.xslt;
             ' and did not match exclude pattern '
               ;
               **/*.gz;
               **/*.br;
               **/*.jpeg;
               **/*.jpg;
               **/*.png;
               **/*.gif;
               **/*.webp;
               **/*.woff;
               **/*.woff2;
               **/*.m4v;
               **/*.mov;
               **/*.movie;
               **/*.mp2;
               **/*.mp4;
               **/*.mp4v;
               **/*.mpa;
               **/*.mpe;
               **/*.mpeg;
               **/*.mpg;
               **/*.mpv2;
               **/*.ogg;
               **/*.ogv;
               **/*.webm;
               **/*.jfif;
               **/*.svgz;
               **/*.jpe;
               **/*.pnz;
               **/*.aac;
               **/*.adt;
               **/*.adts;
               **/*.m4a;
               **/*.mp3;
               **/*.oga;
               **/*.wax;
               **/*.wma;
             '.
         Asset 'D:\P.L\Flutter\fresh_produce_app\FreshProduce.Api\wwwroot\canvaskit\skwasm.js' with relative path 'canvaskit/skwasm.js' matched include pattern '
               ;
               **/*.js;
               **/*.css;
               **/*.html;
               **/*.json;
               **/*.mjs;
               **/*.xml;
               **/*.htm;
               **/*.wasm;
               **/*.txt;
               **/*.dll;
               **/*.pdb;
               **/*.dat;
               **/*.jsx;
               **/*.markdown;
               **/*.md;
               **/*.webmanifest;
               **/*.bmp;
               **/*.svg;
               **/*.otf;
               **/*.art;
               **/*.cmx;
               **/*.cod;
               **/*.dib;
               **/*.ico;
               **/*.ief;
               **/*.pbm;
               **/*.pgm;
               **/*.pnm;
               **/*.ppm;
               **/*.ras;
               **/*.rf;
               **/*.rgb;
               **/*.tif
               **/*.tiff;
               **/*.wbmp;
               **/*.xbm;
               **/*.xpm;
               **/*.xwd;
               **/*.aif;
               **/*.aifc;
               **/*.aif;
               **/*.au;
               **/*.m3u;
               **/*.mid;
               **/*.midi;
               **/*.ra;
               **/*.ram;
               **/*.smd;
               **/*.smx;
               **/*.smz;
               **/*.wav;
               **/*.323;
               **/*.appcache;
               **/*.asm;
               **/*.bas;
               **/*.c;
               **/*.cnf;
               **/*.cpp;
               **/*.csv;
               **/*.disco;
               **/*.dlm;
               **/*.dtd;
               **/*.etx;
               **/*.h;
               **/*.hdml;
               **/*.htc;
               **/*.htt;
               **/*.hxt;
               **/*.ical;
               **/*.icalendar;
               **/*.ics;
               **/*.ifb;
               **/*.map;
               **/*.mno;
               **/*.odc;
               **/*.rtx;
               **/*.sct;
               **/*.sgml;
               **/*.tsv;
               **/*.uls;
               **/*.vbs;
               **/*.vcf;
               **/*.vcs;
               **/*.vml;
               **/*.wml;
               **/*.wmls;
               **/*.wsdl;
               **/*.xdr;
               **/*.xsd;
               **/*.xsf;
               **/*.xsl;
               **/*.xslt;
             ' and did not match exclude pattern '
               ;
               **/*.gz;
               **/*.br;
               **/*.jpeg;
               **/*.jpg;
               **/*.png;
               **/*.gif;
               **/*.webp;
               **/*.woff;
               **/*.woff2;
               **/*.m4v;
               **/*.mov;
               **/*.movie;
               **/*.mp2;
               **/*.mp4;
               **/*.mp4v;
               **/*.mpa;
               **/*.mpe;
               **/*.mpeg;
               **/*.mpg;
               **/*.mpv2;
               **/*.ogg;
               **/*.ogv;
               **/*.webm;
               **/*.jfif;
               **/*.svgz;
               **/*.jpe;
               **/*.pnz;
               **/*.aac;
               **/*.adt;
               **/*.adts;
               **/*.m4a;
               **/*.mp3;
               **/*.oga;
               **/*.wax;
               **/*.wma;
             '.
         Asset 'D:\P.L\Flutter\fresh_produce_app\FreshProduce.Api\wwwroot\canvaskit\skwasm.js.symbols' with relative path 'canvaskit/skwasm.js.symbols' did not match include pattern '
               ;
               **/*.js;
               **/*.css;
               **/*.html;
               **/*.json;
               **/*.mjs;
               **/*.xml;
               **/*.htm;
               **/*.wasm;
               **/*.txt;
               **/*.dll;
               **/*.pdb;
               **/*.dat;
               **/*.jsx;
               **/*.markdown;
               **/*.md;
               **/*.webmanifest;
               **/*.bmp;
               **/*.svg;
               **/*.otf;
               **/*.art;
               **/*.cmx;
               **/*.cod;
               **/*.dib;
               **/*.ico;
               **/*.ief;
               **/*.pbm;
               **/*.pgm;
               **/*.pnm;
               **/*.ppm;
               **/*.ras;
               **/*.rf;
               **/*.rgb;
               **/*.tif
               **/*.tiff;
               **/*.wbmp;
               **/*.xbm;
               **/*.xpm;
               **/*.xwd;
               **/*.aif;
               **/*.aifc;
               **/*.aif;
               **/*.au;
               **/*.m3u;
               **/*.mid;
               **/*.midi;
               **/*.ra;
               **/*.ram;
               **/*.smd;
               **/*.smx;
               **/*.smz;
               **/*.wav;
               **/*.323;
               **/*.appcache;
               **/*.asm;
               **/*.bas;
               **/*.c;
               **/*.cnf;
               **/*.cpp;
               **/*.csv;
               **/*.disco;
               **/*.dlm;
               **/*.dtd;
               **/*.etx;
               **/*.h;
               **/*.hdml;
               **/*.htc;
               **/*.htt;
               **/*.hxt;
               **/*.ical;
               **/*.icalendar;
               **/*.ics;
               **/*.ifb;
               **/*.map;
               **/*.mno;
               **/*.odc;
               **/*.rtx;
               **/*.sct;
               **/*.sgml;
               **/*.tsv;
               **/*.uls;
               **/*.vbs;
               **/*.vcf;
               **/*.vcs;
               **/*.vml;
               **/*.wml;
               **/*.wmls;
               **/*.wsdl;
               **/*.xdr;
               **/*.xsd;
               **/*.xsf;
               **/*.xsl;
               **/*.xslt;
             ' or matched exclude pattern '
               ;
               **/*.gz;
               **/*.br;
               **/*.jpeg;
               **/*.jpg;
               **/*.png;
               **/*.gif;
               **/*.webp;
               **/*.woff;
               **/*.woff2;
               **/*.m4v;
               **/*.mov;
               **/*.movie;
               **/*.mp2;
               **/*.mp4;
               **/*.mp4v;
               **/*.mpa;
               **/*.mpe;
               **/*.mpeg;
               **/*.mpg;
               **/*.mpv2;
               **/*.ogg;
               **/*.ogv;
               **/*.webm;
               **/*.jfif;
               **/*.svgz;
               **/*.jpe;
               **/*.pnz;
               **/*.aac;
               **/*.adt;
               **/*.adts;
               **/*.m4a;
               **/*.mp3;
               **/*.oga;
               **/*.wax;
               **/*.wma;
             '.
         Asset 'D:\P.L\Flutter\fresh_produce_app\FreshProduce.Api\wwwroot\canvaskit\skwasm.wasm' with relative path 'canvaskit/skwasm.wasm' matched include pattern '
               ;
               **/*.js;
               **/*.css;
               **/*.html;
               **/*.json;
               **/*.mjs;
               **/*.xml;
               **/*.htm;
               **/*.wasm;
               **/*.txt;
               **/*.dll;
               **/*.pdb;
               **/*.dat;
               **/*.jsx;
               **/*.markdown;
               **/*.md;
               **/*.webmanifest;
               **/*.bmp;
               **/*.svg;
               **/*.otf;
               **/*.art;
               **/*.cmx;
               **/*.cod;
               **/*.dib;
               **/*.ico;
               **/*.ief;
               **/*.pbm;
               **/*.pgm;
               **/*.pnm;
               **/*.ppm;
               **/*.ras;
               **/*.rf;
               **/*.rgb;
               **/*.tif
               **/*.tiff;
               **/*.wbmp;
               **/*.xbm;
               **/*.xpm;
               **/*.xwd;
               **/*.aif;
               **/*.aifc;
               **/*.aif;
               **/*.au;
               **/*.m3u;
               **/*.mid;
               **/*.midi;
               **/*.ra;
               **/*.ram;
               **/*.smd;
               **/*.smx;
               **/*.smz;
               **/*.wav;
               **/*.323;
               **/*.appcache;
               **/*.asm;
               **/*.bas;
               **/*.c;
               **/*.cnf;
               **/*.cpp;
               **/*.csv;
               **/*.disco;
               **/*.dlm;
               **/*.dtd;
               **/*.etx;
               **/*.h;
               **/*.hdml;
               **/*.htc;
               **/*.htt;
               **/*.hxt;
               **/*.ical;
               **/*.icalendar;
               **/*.ics;
               **/*.ifb;
               **/*.map;
               **/*.mno;
               **/*.odc;
               **/*.rtx;
               **/*.sct;
               **/*.sgml;
               **/*.tsv;
               **/*.uls;
               **/*.vbs;
               **/*.vcf;
               **/*.vcs;
               **/*.vml;
               **/*.wml;
               **/*.wmls;
               **/*.wsdl;
               **/*.xdr;
               **/*.xsd;
               **/*.xsf;
               **/*.xsl;
               **/*.xslt;
             ' and did not match exclude pattern '
               ;
               **/*.gz;
               **/*.br;
               **/*.jpeg;
               **/*.jpg;
               **/*.png;
               **/*.gif;
               **/*.webp;
               **/*.woff;
               **/*.woff2;
               **/*.m4v;
               **/*.mov;
               **/*.movie;
               **/*.mp2;
               **/*.mp4;
               **/*.mp4v;
               **/*.mpa;
               **/*.mpe;
               **/*.mpeg;
               **/*.mpg;
               **/*.mpv2;
               **/*.ogg;
               **/*.ogv;
               **/*.webm;
               **/*.jfif;
               **/*.svgz;
               **/*.jpe;
               **/*.pnz;
               **/*.aac;
               **/*.adt;
               **/*.adts;
               **/*.m4a;
               **/*.mp3;
               **/*.oga;
               **/*.wax;
               **/*.wma;
             '.
         Asset 'D:\P.L\Flutter\fresh_produce_app\FreshProduce.Api\wwwroot\canvaskit\skwasm_heavy.js' with relative path 'canvaskit/skwasm_heavy.js' matched include pattern '
               ;
               **/*.js;
               **/*.css;
               **/*.html;
               **/*.json;
               **/*.mjs;
               **/*.xml;
               **/*.htm;
               **/*.wasm;
               **/*.txt;
               **/*.dll;
               **/*.pdb;
               **/*.dat;
               **/*.jsx;
               **/*.markdown;
               **/*.md;
               **/*.webmanifest;
               **/*.bmp;
               **/*.svg;
               **/*.otf;
               **/*.art;
               **/*.cmx;
               **/*.cod;
               **/*.dib;
               **/*.ico;
               **/*.ief;
               **/*.pbm;
               **/*.pgm;
               **/*.pnm;
               **/*.ppm;
               **/*.ras;
               **/*.rf;
               **/*.rgb;
               **/*.tif
               **/*.tiff;
               **/*.wbmp;
               **/*.xbm;
               **/*.xpm;
               **/*.xwd;
               **/*.aif;
               **/*.aifc;
               **/*.aif;
               **/*.au;
               **/*.m3u;
               **/*.mid;
               **/*.midi;
               **/*.ra;
               **/*.ram;
               **/*.smd;
               **/*.smx;
               **/*.smz;
               **/*.wav;
               **/*.323;
               **/*.appcache;
               **/*.asm;
               **/*.bas;
               **/*.c;
               **/*.cnf;
               **/*.cpp;
               **/*.csv;
               **/*.disco;
               **/*.dlm;
               **/*.dtd;
               **/*.etx;
               **/*.h;
               **/*.hdml;
               **/*.htc;
               **/*.htt;
               **/*.hxt;
               **/*.ical;
               **/*.icalendar;
               **/*.ics;
               **/*.ifb;
               **/*.map;
               **/*.mno;
               **/*.odc;
               **/*.rtx;
               **/*.sct;
               **/*.sgml;
               **/*.tsv;
               **/*.uls;
               **/*.vbs;
               **/*.vcf;
               **/*.vcs;
               **/*.vml;
               **/*.wml;
               **/*.wmls;
               **/*.wsdl;
               **/*.xdr;
               **/*.xsd;
               **/*.xsf;
               **/*.xsl;
               **/*.xslt;
             ' and did not match exclude pattern '
               ;
               **/*.gz;
               **/*.br;
               **/*.jpeg;
               **/*.jpg;
               **/*.png;
               **/*.gif;
               **/*.webp;
               **/*.woff;
               **/*.woff2;
               **/*.m4v;
               **/*.mov;
               **/*.movie;
               **/*.mp2;
               **/*.mp4;
               **/*.mp4v;
               **/*.mpa;
               **/*.mpe;
               **/*.mpeg;
               **/*.mpg;
               **/*.mpv2;
               **/*.ogg;
               **/*.ogv;
               **/*.webm;
               **/*.jfif;
               **/*.svgz;
               **/*.jpe;
               **/*.pnz;
               **/*.aac;
               **/*.adt;
               **/*.adts;
               **/*.m4a;
               **/*.mp3;
               **/*.oga;
               **/*.wax;
               **/*.wma;
             '.
         Asset 'D:\P.L\Flutter\fresh_produce_app\FreshProduce.Api\wwwroot\canvaskit\skwasm_heavy.js.symbols' with relative path 'canvaskit/skwasm_heavy.js.symbols' did not match include pattern '
               ;
               **/*.js;
               **/*.css;
               **/*.html;
               **/*.json;
               **/*.mjs;
               **/*.xml;
               **/*.htm;
               **/*.wasm;
               **/*.txt;
               **/*.dll;
               **/*.pdb;
               **/*.dat;
               **/*.jsx;
               **/*.markdown;
               **/*.md;
               **/*.webmanifest;
               **/*.bmp;
               **/*.svg;
               **/*.otf;
               **/*.art;
               **/*.cmx;
               **/*.cod;
               **/*.dib;
               **/*.ico;
               **/*.ief;
               **/*.pbm;
               **/*.pgm;
               **/*.pnm;
               **/*.ppm;
               **/*.ras;
               **/*.rf;
               **/*.rgb;
               **/*.tif
               **/*.tiff;
               **/*.wbmp;
               **/*.xbm;
               **/*.xpm;
               **/*.xwd;
               **/*.aif;
               **/*.aifc;
               **/*.aif;
               **/*.au;
               **/*.m3u;
               **/*.mid;
               **/*.midi;
               **/*.ra;
               **/*.ram;
               **/*.smd;
               **/*.smx;
               **/*.smz;
               **/*.wav;
               **/*.323;
               **/*.appcache;
               **/*.asm;
               **/*.bas;
               **/*.c;
               **/*.cnf;
               **/*.cpp;
               **/*.csv;
               **/*.disco;
               **/*.dlm;
               **/*.dtd;
               **/*.etx;
               **/*.h;
               **/*.hdml;
               **/*.htc;
               **/*.htt;
               **/*.hxt;
               **/*.ical;
               **/*.icalendar;
               **/*.ics;
               **/*.ifb;
               **/*.map;
               **/*.mno;
               **/*.odc;
               **/*.rtx;
               **/*.sct;
               **/*.sgml;
               **/*.tsv;
               **/*.uls;
               **/*.vbs;
               **/*.vcf;
               **/*.vcs;
               **/*.vml;
               **/*.wml;
               **/*.wmls;
               **/*.wsdl;
               **/*.xdr;
               **/*.xsd;
               **/*.xsf;
               **/*.xsl;
               **/*.xslt;
             ' or matched exclude pattern '
               ;
               **/*.gz;
               **/*.br;
               **/*.jpeg;
               **/*.jpg;
               **/*.png;
               **/*.gif;
               **/*.webp;
               **/*.woff;
               **/*.woff2;
               **/*.m4v;
               **/*.mov;
               **/*.movie;
               **/*.mp2;
               **/*.mp4;
               **/*.mp4v;
               **/*.mpa;
               **/*.mpe;
               **/*.mpeg;
               **/*.mpg;
               **/*.mpv2;
               **/*.ogg;
               **/*.ogv;
               **/*.webm;
               **/*.jfif;
               **/*.svgz;
               **/*.jpe;
               **/*.pnz;
               **/*.aac;
               **/*.adt;
               **/*.adts;
               **/*.m4a;
               **/*.mp3;
               **/*.oga;
               **/*.wax;
               **/*.wma;
             '.
         Asset 'D:\P.L\Flutter\fresh_produce_app\FreshProduce.Api\wwwroot\canvaskit\skwasm_heavy.wasm' with relative path 'canvaskit/skwasm_heavy.wasm' matched include pattern '
               ;
               **/*.js;
               **/*.css;
               **/*.html;
               **/*.json;
               **/*.mjs;
               **/*.xml;
               **/*.htm;
               **/*.wasm;
               **/*.txt;
               **/*.dll;
               **/*.pdb;
               **/*.dat;
               **/*.jsx;
               **/*.markdown;
               **/*.md;
               **/*.webmanifest;
               **/*.bmp;
               **/*.svg;
               **/*.otf;
               **/*.art;
               **/*.cmx;
               **/*.cod;
               **/*.dib;
               **/*.ico;
               **/*.ief;
               **/*.pbm;
               **/*.pgm;
               **/*.pnm;
               **/*.ppm;
               **/*.ras;
               **/*.rf;
               **/*.rgb;
               **/*.tif
               **/*.tiff;
               **/*.wbmp;
               **/*.xbm;
               **/*.xpm;
               **/*.xwd;
               **/*.aif;
               **/*.aifc;
               **/*.aif;
               **/*.au;
               **/*.m3u;
               **/*.mid;
               **/*.midi;
               **/*.ra;
               **/*.ram;
               **/*.smd;
               **/*.smx;
               **/*.smz;
               **/*.wav;
               **/*.323;
               **/*.appcache;
               **/*.asm;
               **/*.bas;
               **/*.c;
               **/*.cnf;
               **/*.cpp;
               **/*.csv;
               **/*.disco;
               **/*.dlm;
               **/*.dtd;
               **/*.etx;
               **/*.h;
               **/*.hdml;
               **/*.htc;
               **/*.htt;
               **/*.hxt;
               **/*.ical;
               **/*.icalendar;
               **/*.ics;
               **/*.ifb;
               **/*.map;
               **/*.mno;
               **/*.odc;
               **/*.rtx;
               **/*.sct;
               **/*.sgml;
               **/*.tsv;
               **/*.uls;
               **/*.vbs;
               **/*.vcf;
               **/*.vcs;
               **/*.vml;
               **/*.wml;
               **/*.wmls;
               **/*.wsdl;
               **/*.xdr;
               **/*.xsd;
               **/*.xsf;
               **/*.xsl;
               **/*.xslt;
             ' and did not match exclude pattern '
               ;
               **/*.gz;
               **/*.br;
               **/*.jpeg;
               **/*.jpg;
               **/*.png;
               **/*.gif;
               **/*.webp;
               **/*.woff;
               **/*.woff2;
               **/*.m4v;
               **/*.mov;
               **/*.movie;
               **/*.mp2;
               **/*.mp4;
               **/*.mp4v;
               **/*.mpa;
               **/*.mpe;
               **/*.mpeg;
               **/*.mpg;
               **/*.mpv2;
               **/*.ogg;
               **/*.ogv;
               **/*.webm;
               **/*.jfif;
               **/*.svgz;
               **/*.jpe;
               **/*.pnz;
               **/*.aac;
               **/*.adt;
               **/*.adts;
               **/*.m4a;
               **/*.mp3;
               **/*.oga;
               **/*.wax;
               **/*.wma;
             '.
         Asset 'D:\P.L\Flutter\fresh_produce_app\FreshProduce.Api\wwwroot\favicon.png' with relative path 'favicon.png' did not match include pattern '
               ;
               **/*.js;
               **/*.css;
               **/*.html;
               **/*.json;
               **/*.mjs;
               **/*.xml;
               **/*.htm;
               **/*.wasm;
               **/*.txt;
               **/*.dll;
               **/*.pdb;
               **/*.dat;
               **/*.jsx;
               **/*.markdown;
               **/*.md;
               **/*.webmanifest;
               **/*.bmp;
               **/*.svg;
               **/*.otf;
               **/*.art;
               **/*.cmx;
               **/*.cod;
               **/*.dib;
               **/*.ico;
               **/*.ief;
               **/*.pbm;
               **/*.pgm;
               **/*.pnm;
               **/*.ppm;
               **/*.ras;
               **/*.rf;
               **/*.rgb;
               **/*.tif
               **/*.tiff;
               **/*.wbmp;
               **/*.xbm;
               **/*.xpm;
               **/*.xwd;
               **/*.aif;
               **/*.aifc;
               **/*.aif;
               **/*.au;
               **/*.m3u;
               **/*.mid;
               **/*.midi;
               **/*.ra;
               **/*.ram;
               **/*.smd;
               **/*.smx;
               **/*.smz;
               **/*.wav;
               **/*.323;
               **/*.appcache;
               **/*.asm;
               **/*.bas;
               **/*.c;
               **/*.cnf;
               **/*.cpp;
               **/*.csv;
               **/*.disco;
               **/*.dlm;
               **/*.dtd;
               **/*.etx;
               **/*.h;
               **/*.hdml;
               **/*.htc;
               **/*.htt;
               **/*.hxt;
               **/*.ical;
               **/*.icalendar;
               **/*.ics;
               **/*.ifb;
               **/*.map;
               **/*.mno;
               **/*.odc;
               **/*.rtx;
               **/*.sct;
               **/*.sgml;
               **/*.tsv;
               **/*.uls;
               **/*.vbs;
               **/*.vcf;
               **/*.vcs;
               **/*.vml;
               **/*.wml;
               **/*.wmls;
               **/*.wsdl;
               **/*.xdr;
               **/*.xsd;
               **/*.xsf;
               **/*.xsl;
               **/*.xslt;
             ' or matched exclude pattern '
               ;
               **/*.gz;
               **/*.br;
               **/*.jpeg;
               **/*.jpg;
               **/*.png;
               **/*.gif;
               **/*.webp;
               **/*.woff;
               **/*.woff2;
               **/*.m4v;
               **/*.mov;
               **/*.movie;
               **/*.mp2;
               **/*.mp4;
               **/*.mp4v;
               **/*.mpa;
               **/*.mpe;
               **/*.mpeg;
               **/*.mpg;
               **/*.mpv2;
               **/*.ogg;
               **/*.ogv;
               **/*.webm;
               **/*.jfif;
               **/*.svgz;
               **/*.jpe;
               **/*.pnz;
               **/*.aac;
               **/*.adt;
               **/*.adts;
               **/*.m4a;
               **/*.mp3;
               **/*.oga;
               **/*.wax;
               **/*.wma;
             '.
         Asset 'D:\P.L\Flutter\fresh_produce_app\FreshProduce.Api\wwwroot\flutter.js' with relative path 'flutter.js' matched include pattern '
               ;
               **/*.js;
               **/*.css;
               **/*.html;
               **/*.json;
               **/*.mjs;
               **/*.xml;
               **/*.htm;
               **/*.wasm;
               **/*.txt;
               **/*.dll;
               **/*.pdb;
               **/*.dat;
               **/*.jsx;
               **/*.markdown;
               **/*.md;
               **/*.webmanifest;
               **/*.bmp;
               **/*.svg;
               **/*.otf;
               **/*.art;
               **/*.cmx;
               **/*.cod;
               **/*.dib;
               **/*.ico;
               **/*.ief;
               **/*.pbm;
               **/*.pgm;
               **/*.pnm;
               **/*.ppm;
               **/*.ras;
               **/*.rf;
               **/*.rgb;
               **/*.tif
               **/*.tiff;
               **/*.wbmp;
               **/*.xbm;
               **/*.xpm;
               **/*.xwd;
               **/*.aif;
               **/*.aifc;
               **/*.aif;
               **/*.au;
               **/*.m3u;
               **/*.mid;
               **/*.midi;
               **/*.ra;
               **/*.ram;
               **/*.smd;
               **/*.smx;
               **/*.smz;
               **/*.wav;
               **/*.323;
               **/*.appcache;
               **/*.asm;
               **/*.bas;
               **/*.c;
               **/*.cnf;
               **/*.cpp;
               **/*.csv;
               **/*.disco;
               **/*.dlm;
               **/*.dtd;
               **/*.etx;
               **/*.h;
               **/*.hdml;
               **/*.htc;
               **/*.htt;
               **/*.hxt;
               **/*.ical;
               **/*.icalendar;
               **/*.ics;
               **/*.ifb;
               **/*.map;
               **/*.mno;
               **/*.odc;
               **/*.rtx;
               **/*.sct;
               **/*.sgml;
               **/*.tsv;
               **/*.uls;
               **/*.vbs;
               **/*.vcf;
               **/*.vcs;
               **/*.vml;
               **/*.wml;
               **/*.wmls;
               **/*.wsdl;
               **/*.xdr;
               **/*.xsd;
               **/*.xsf;
               **/*.xsl;
               **/*.xslt;
             ' and did not match exclude pattern '
               ;
               **/*.gz;
               **/*.br;
               **/*.jpeg;
               **/*.jpg;
               **/*.png;
               **/*.gif;
               **/*.webp;
               **/*.woff;
               **/*.woff2;
               **/*.m4v;
               **/*.mov;
               **/*.movie;
               **/*.mp2;
               **/*.mp4;
               **/*.mp4v;
               **/*.mpa;
               **/*.mpe;
               **/*.mpeg;
               **/*.mpg;
               **/*.mpv2;
               **/*.ogg;
               **/*.ogv;
               **/*.webm;
               **/*.jfif;
               **/*.svgz;
               **/*.jpe;
               **/*.pnz;
               **/*.aac;
               **/*.adt;
               **/*.adts;
               **/*.m4a;
               **/*.mp3;
               **/*.oga;
               **/*.wax;
               **/*.wma;
             '.
         Asset 'D:\P.L\Flutter\fresh_produce_app\FreshProduce.Api\wwwroot\flutter_bootstrap.js' with relative path 'flutter_bootstrap.js' matched include pattern '
               ;
               **/*.js;
               **/*.css;
               **/*.html;
               **/*.json;
               **/*.mjs;
               **/*.xml;
               **/*.htm;
               **/*.wasm;
               **/*.txt;
               **/*.dll;
               **/*.pdb;
               **/*.dat;
               **/*.jsx;
               **/*.markdown;
               **/*.md;
               **/*.webmanifest;
               **/*.bmp;
               **/*.svg;
               **/*.otf;
               **/*.art;
               **/*.cmx;
               **/*.cod;
               **/*.dib;
               **/*.ico;
               **/*.ief;
               **/*.pbm;
               **/*.pgm;
               **/*.pnm;
               **/*.ppm;
               **/*.ras;
               **/*.rf;
               **/*.rgb;
               **/*.tif
               **/*.tiff;
               **/*.wbmp;
               **/*.xbm;
               **/*.xpm;
               **/*.xwd;
               **/*.aif;
               **/*.aifc;
               **/*.aif;
               **/*.au;
               **/*.m3u;
               **/*.mid;
               **/*.midi;
               **/*.ra;
               **/*.ram;
               **/*.smd;
               **/*.smx;
               **/*.smz;
               **/*.wav;
               **/*.323;
               **/*.appcache;
               **/*.asm;
               **/*.bas;
               **/*.c;
               **/*.cnf;
               **/*.cpp;
               **/*.csv;
               **/*.disco;
               **/*.dlm;
               **/*.dtd;
               **/*.etx;
               **/*.h;
               **/*.hdml;
               **/*.htc;
               **/*.htt;
               **/*.hxt;
               **/*.ical;
               **/*.icalendar;
               **/*.ics;
               **/*.ifb;
               **/*.map;
               **/*.mno;
               **/*.odc;
               **/*.rtx;
               **/*.sct;
               **/*.sgml;
               **/*.tsv;
               **/*.uls;
               **/*.vbs;
               **/*.vcf;
               **/*.vcs;
               **/*.vml;
               **/*.wml;
               **/*.wmls;
               **/*.wsdl;
               **/*.xdr;
               **/*.xsd;
               **/*.xsf;
               **/*.xsl;
               **/*.xslt;
             ' and did not match exclude pattern '
               ;
               **/*.gz;
               **/*.br;
               **/*.jpeg;
               **/*.jpg;
               **/*.png;
               **/*.gif;
               **/*.webp;
               **/*.woff;
               **/*.woff2;
               **/*.m4v;
               **/*.mov;
               **/*.movie;
               **/*.mp2;
               **/*.mp4;
               **/*.mp4v;
               **/*.mpa;
               **/*.mpe;
               **/*.mpeg;
               **/*.mpg;
               **/*.mpv2;
               **/*.ogg;
               **/*.ogv;
               **/*.webm;
               **/*.jfif;
               **/*.svgz;
               **/*.jpe;
               **/*.pnz;
               **/*.aac;
               **/*.adt;
               **/*.adts;
               **/*.m4a;
               **/*.mp3;
               **/*.oga;
               **/*.wax;
               **/*.wma;
             '.
         Asset 'D:\P.L\Flutter\fresh_produce_app\FreshProduce.Api\wwwroot\flutter_service_worker.js' with relative path 'flutter_service_worker.js' matched include pattern '
               ;
               **/*.js;
               **/*.css;
               **/*.html;
               **/*.json;
               **/*.mjs;
               **/*.xml;
               **/*.htm;
               **/*.wasm;
               **/*.txt;
               **/*.dll;
               **/*.pdb;
               **/*.dat;
               **/*.jsx;
               **/*.markdown;
               **/*.md;
               **/*.webmanifest;
               **/*.bmp;
               **/*.svg;
               **/*.otf;
               **/*.art;
               **/*.cmx;
               **/*.cod;
               **/*.dib;
               **/*.ico;
               **/*.ief;
               **/*.pbm;
               **/*.pgm;
               **/*.pnm;
               **/*.ppm;
               **/*.ras;
               **/*.rf;
               **/*.rgb;
               **/*.tif
               **/*.tiff;
               **/*.wbmp;
               **/*.xbm;
               **/*.xpm;
               **/*.xwd;
               **/*.aif;
               **/*.aifc;
               **/*.aif;
               **/*.au;
               **/*.m3u;
               **/*.mid;
               **/*.midi;
               **/*.ra;
               **/*.ram;
               **/*.smd;
               **/*.smx;
               **/*.smz;
               **/*.wav;
               **/*.323;
               **/*.appcache;
               **/*.asm;
               **/*.bas;
               **/*.c;
               **/*.cnf;
               **/*.cpp;
               **/*.csv;
               **/*.disco;
               **/*.dlm;
               **/*.dtd;
               **/*.etx;
               **/*.h;
               **/*.hdml;
               **/*.htc;
               **/*.htt;
               **/*.hxt;
               **/*.ical;
               **/*.icalendar;
               **/*.ics;
               **/*.ifb;
               **/*.map;
               **/*.mno;
               **/*.odc;
               **/*.rtx;
               **/*.sct;
               **/*.sgml;
               **/*.tsv;
               **/*.uls;
               **/*.vbs;
               **/*.vcf;
               **/*.vcs;
               **/*.vml;
               **/*.wml;
               **/*.wmls;
               **/*.wsdl;
               **/*.xdr;
               **/*.xsd;
               **/*.xsf;
               **/*.xsl;
               **/*.xslt;
             ' and did not match exclude pattern '
               ;
               **/*.gz;
               **/*.br;
               **/*.jpeg;
               **/*.jpg;
               **/*.png;
               **/*.gif;
               **/*.webp;
               **/*.woff;
               **/*.woff2;
               **/*.m4v;
               **/*.mov;
               **/*.movie;
               **/*.mp2;
               **/*.mp4;
               **/*.mp4v;
               **/*.mpa;
               **/*.mpe;
               **/*.mpeg;
               **/*.mpg;
               **/*.mpv2;
               **/*.ogg;
               **/*.ogv;
               **/*.webm;
               **/*.jfif;
               **/*.svgz;
               **/*.jpe;
               **/*.pnz;
               **/*.aac;
               **/*.adt;
               **/*.adts;
               **/*.m4a;
               **/*.mp3;
               **/*.oga;
               **/*.wax;
               **/*.wma;
             '.
         Asset 'D:\P.L\Flutter\fresh_produce_app\FreshProduce.Api\wwwroot\icons\Icon-192.png' with relative path 'icons/Icon-192.png' did not match include pattern '
               ;
               **/*.js;
               **/*.css;
               **/*.html;
               **/*.json;
               **/*.mjs;
               **/*.xml;
               **/*.htm;
               **/*.wasm;
               **/*.txt;
               **/*.dll;
               **/*.pdb;
               **/*.dat;
               **/*.jsx;
               **/*.markdown;
               **/*.md;
               **/*.webmanifest;
               **/*.bmp;
               **/*.svg;
               **/*.otf;
               **/*.art;
               **/*.cmx;
               **/*.cod;
               **/*.dib;
               **/*.ico;
               **/*.ief;
               **/*.pbm;
               **/*.pgm;
               **/*.pnm;
               **/*.ppm;
               **/*.ras;
               **/*.rf;
               **/*.rgb;
               **/*.tif
               **/*.tiff;
               **/*.wbmp;
               **/*.xbm;
               **/*.xpm;
               **/*.xwd;
               **/*.aif;
               **/*.aifc;
               **/*.aif;
               **/*.au;
               **/*.m3u;
               **/*.mid;
               **/*.midi;
               **/*.ra;
               **/*.ram;
               **/*.smd;
               **/*.smx;
               **/*.smz;
               **/*.wav;
               **/*.323;
               **/*.appcache;
               **/*.asm;
               **/*.bas;
               **/*.c;
               **/*.cnf;
               **/*.cpp;
               **/*.csv;
               **/*.disco;
               **/*.dlm;
               **/*.dtd;
               **/*.etx;
               **/*.h;
               **/*.hdml;
               **/*.htc;
               **/*.htt;
               **/*.hxt;
               **/*.ical;
               **/*.icalendar;
               **/*.ics;
               **/*.ifb;
               **/*.map;
               **/*.mno;
               **/*.odc;
               **/*.rtx;
               **/*.sct;
               **/*.sgml;
               **/*.tsv;
               **/*.uls;
               **/*.vbs;
               **/*.vcf;
               **/*.vcs;
               **/*.vml;
               **/*.wml;
               **/*.wmls;
               **/*.wsdl;
               **/*.xdr;
               **/*.xsd;
               **/*.xsf;
               **/*.xsl;
               **/*.xslt;
             ' or matched exclude pattern '
               ;
               **/*.gz;
               **/*.br;
               **/*.jpeg;
               **/*.jpg;
               **/*.png;
               **/*.gif;
               **/*.webp;
               **/*.woff;
               **/*.woff2;
               **/*.m4v;
               **/*.mov;
               **/*.movie;
               **/*.mp2;
               **/*.mp4;
               **/*.mp4v;
               **/*.mpa;
               **/*.mpe;
               **/*.mpeg;
               **/*.mpg;
               **/*.mpv2;
               **/*.ogg;
               **/*.ogv;
               **/*.webm;
               **/*.jfif;
               **/*.svgz;
               **/*.jpe;
               **/*.pnz;
               **/*.aac;
               **/*.adt;
               **/*.adts;
               **/*.m4a;
               **/*.mp3;
               **/*.oga;
               **/*.wax;
               **/*.wma;
             '.
         Asset 'D:\P.L\Flutter\fresh_produce_app\FreshProduce.Api\wwwroot\icons\Icon-512.png' with relative path 'icons/Icon-512.png' did not match include pattern '
               ;
               **/*.js;
               **/*.css;
               **/*.html;
               **/*.json;
               **/*.mjs;
               **/*.xml;
               **/*.htm;
               **/*.wasm;
               **/*.txt;
               **/*.dll;
               **/*.pdb;
               **/*.dat;
               **/*.jsx;
               **/*.markdown;
               **/*.md;
               **/*.webmanifest;
               **/*.bmp;
               **/*.svg;
               **/*.otf;
               **/*.art;
               **/*.cmx;
               **/*.cod;
               **/*.dib;
               **/*.ico;
               **/*.ief;
               **/*.pbm;
               **/*.pgm;
               **/*.pnm;
               **/*.ppm;
               **/*.ras;
               **/*.rf;
               **/*.rgb;
               **/*.tif
               **/*.tiff;
               **/*.wbmp;
               **/*.xbm;
               **/*.xpm;
               **/*.xwd;
               **/*.aif;
               **/*.aifc;
               **/*.aif;
               **/*.au;
               **/*.m3u;
               **/*.mid;
               **/*.midi;
               **/*.ra;
               **/*.ram;
               **/*.smd;
               **/*.smx;
               **/*.smz;
               **/*.wav;
               **/*.323;
               **/*.appcache;
               **/*.asm;
               **/*.bas;
               **/*.c;
               **/*.cnf;
               **/*.cpp;
               **/*.csv;
               **/*.disco;
               **/*.dlm;
               **/*.dtd;
               **/*.etx;
               **/*.h;
               **/*.hdml;
               **/*.htc;
               **/*.htt;
               **/*.hxt;
               **/*.ical;
               **/*.icalendar;
               **/*.ics;
               **/*.ifb;
               **/*.map;
               **/*.mno;
               **/*.odc;
               **/*.rtx;
               **/*.sct;
               **/*.sgml;
               **/*.tsv;
               **/*.uls;
               **/*.vbs;
               **/*.vcf;
               **/*.vcs;
               **/*.vml;
               **/*.wml;
               **/*.wmls;
               **/*.wsdl;
               **/*.xdr;
               **/*.xsd;
               **/*.xsf;
               **/*.xsl;
               **/*.xslt;
             ' or matched exclude pattern '
               ;
               **/*.gz;
               **/*.br;
               **/*.jpeg;
               **/*.jpg;
               **/*.png;
               **/*.gif;
               **/*.webp;
               **/*.woff;
               **/*.woff2;
               **/*.m4v;
               **/*.mov;
               **/*.movie;
               **/*.mp2;
               **/*.mp4;
               **/*.mp4v;
               **/*.mpa;
               **/*.mpe;
               **/*.mpeg;
               **/*.mpg;
               **/*.mpv2;
               **/*.ogg;
               **/*.ogv;
               **/*.webm;
               **/*.jfif;
               **/*.svgz;
               **/*.jpe;
               **/*.pnz;
               **/*.aac;
               **/*.adt;
               **/*.adts;
               **/*.m4a;
               **/*.mp3;
               **/*.oga;
               **/*.wax;
               **/*.wma;
             '.
         Asset 'D:\P.L\Flutter\fresh_produce_app\FreshProduce.Api\wwwroot\icons\Icon-maskable-192.png' with relative path 'icons/Icon-maskable-192.png' did not match include pattern '
               ;
               **/*.js;
               **/*.css;
               **/*.html;
               **/*.json;
               **/*.mjs;
               **/*.xml;
               **/*.htm;
               **/*.wasm;
               **/*.txt;
               **/*.dll;
               **/*.pdb;
               **/*.dat;
               **/*.jsx;
               **/*.markdown;
               **/*.md;
               **/*.webmanifest;
               **/*.bmp;
               **/*.svg;
               **/*.otf;
               **/*.art;
               **/*.cmx;
               **/*.cod;
               **/*.dib;
               **/*.ico;
               **/*.ief;
               **/*.pbm;
               **/*.pgm;
               **/*.pnm;
               **/*.ppm;
               **/*.ras;
               **/*.rf;
               **/*.rgb;
               **/*.tif
               **/*.tiff;
               **/*.wbmp;
               **/*.xbm;
               **/*.xpm;
               **/*.xwd;
               **/*.aif;
               **/*.aifc;
               **/*.aif;
               **/*.au;
               **/*.m3u;
               **/*.mid;
               **/*.midi;
               **/*.ra;
               **/*.ram;
               **/*.smd;
               **/*.smx;
               **/*.smz;
               **/*.wav;
               **/*.323;
               **/*.appcache;
               **/*.asm;
               **/*.bas;
               **/*.c;
               **/*.cnf;
               **/*.cpp;
               **/*.csv;
               **/*.disco;
               **/*.dlm;
               **/*.dtd;
               **/*.etx;
               **/*.h;
               **/*.hdml;
               **/*.htc;
               **/*.htt;
               **/*.hxt;
               **/*.ical;
               **/*.icalendar;
               **/*.ics;
               **/*.ifb;
               **/*.map;
               **/*.mno;
               **/*.odc;
               **/*.rtx;
               **/*.sct;
               **/*.sgml;
               **/*.tsv;
               **/*.uls;
               **/*.vbs;
               **/*.vcf;
               **/*.vcs;
               **/*.vml;
               **/*.wml;
               **/*.wmls;
               **/*.wsdl;
               **/*.xdr;
               **/*.xsd;
               **/*.xsf;
               **/*.xsl;
               **/*.xslt;
             ' or matched exclude pattern '
               ;
               **/*.gz;
               **/*.br;
               **/*.jpeg;
               **/*.jpg;
               **/*.png;
               **/*.gif;
               **/*.webp;
               **/*.woff;
               **/*.woff2;
               **/*.m4v;
               **/*.mov;
               **/*.movie;
               **/*.mp2;
               **/*.mp4;
               **/*.mp4v;
               **/*.mpa;
               **/*.mpe;
               **/*.mpeg;
               **/*.mpg;
               **/*.mpv2;
               **/*.ogg;
               **/*.ogv;
               **/*.webm;
               **/*.jfif;
               **/*.svgz;
               **/*.jpe;
               **/*.pnz;
               **/*.aac;
               **/*.adt;
               **/*.adts;
               **/*.m4a;
               **/*.mp3;
               **/*.oga;
               **/*.wax;
               **/*.wma;
             '.
         Asset 'D:\P.L\Flutter\fresh_produce_app\FreshProduce.Api\wwwroot\icons\Icon-maskable-512.png' with relative path 'icons/Icon-maskable-512.png' did not match include pattern '
               ;
               **/*.js;
               **/*.css;
               **/*.html;
               **/*.json;
               **/*.mjs;
               **/*.xml;
               **/*.htm;
               **/*.wasm;
               **/*.txt;
               **/*.dll;
               **/*.pdb;
               **/*.dat;
               **/*.jsx;
               **/*.markdown;
               **/*.md;
               **/*.webmanifest;
               **/*.bmp;
               **/*.svg;
               **/*.otf;
               **/*.art;
               **/*.cmx;
               **/*.cod;
               **/*.dib;
               **/*.ico;
               **/*.ief;
               **/*.pbm;
               **/*.pgm;
               **/*.pnm;
               **/*.ppm;
               **/*.ras;
               **/*.rf;
               **/*.rgb;
               **/*.tif
               **/*.tiff;
               **/*.wbmp;
               **/*.xbm;
               **/*.xpm;
               **/*.xwd;
               **/*.aif;
               **/*.aifc;
               **/*.aif;
               **/*.au;
               **/*.m3u;
               **/*.mid;
               **/*.midi;
               **/*.ra;
               **/*.ram;
               **/*.smd;
               **/*.smx;
               **/*.smz;
               **/*.wav;
               **/*.323;
               **/*.appcache;
               **/*.asm;
               **/*.bas;
               **/*.c;
               **/*.cnf;
               **/*.cpp;
               **/*.csv;
               **/*.disco;
               **/*.dlm;
               **/*.dtd;
               **/*.etx;
               **/*.h;
               **/*.hdml;
               **/*.htc;
               **/*.htt;
               **/*.hxt;
               **/*.ical;
               **/*.icalendar;
               **/*.ics;
               **/*.ifb;
               **/*.map;
               **/*.mno;
               **/*.odc;
               **/*.rtx;
               **/*.sct;
               **/*.sgml;
               **/*.tsv;
               **/*.uls;
               **/*.vbs;
               **/*.vcf;
               **/*.vcs;
               **/*.vml;
               **/*.wml;
               **/*.wmls;
               **/*.wsdl;
               **/*.xdr;
               **/*.xsd;
               **/*.xsf;
               **/*.xsl;
               **/*.xslt;
             ' or matched exclude pattern '
               ;
               **/*.gz;
               **/*.br;
               **/*.jpeg;
               **/*.jpg;
               **/*.png;
               **/*.gif;
               **/*.webp;
               **/*.woff;
               **/*.woff2;
               **/*.m4v;
               **/*.mov;
               **/*.movie;
               **/*.mp2;
               **/*.mp4;
               **/*.mp4v;
               **/*.mpa;
               **/*.mpe;
               **/*.mpeg;
               **/*.mpg;
               **/*.mpv2;
               **/*.ogg;
               **/*.ogv;
               **/*.webm;
               **/*.jfif;
               **/*.svgz;
               **/*.jpe;
               **/*.pnz;
               **/*.aac;
               **/*.adt;
               **/*.adts;
               **/*.m4a;
               **/*.mp3;
               **/*.oga;
               **/*.wax;
               **/*.wma;
             '.
         Asset 'D:\P.L\Flutter\fresh_produce_app\FreshProduce.Api\wwwroot\index.html' with relative path 'index.html' matched include pattern '
               ;
               **/*.js;
               **/*.css;
               **/*.html;
               **/*.json;
               **/*.mjs;
               **/*.xml;
               **/*.htm;
               **/*.wasm;
               **/*.txt;
               **/*.dll;
               **/*.pdb;
               **/*.dat;
               **/*.jsx;
               **/*.markdown;
               **/*.md;
               **/*.webmanifest;
               **/*.bmp;
               **/*.svg;
               **/*.otf;
               **/*.art;
               **/*.cmx;
               **/*.cod;
               **/*.dib;
               **/*.ico;
               **/*.ief;
               **/*.pbm;
               **/*.pgm;
               **/*.pnm;
               **/*.ppm;
               **/*.ras;
               **/*.rf;
               **/*.rgb;
               **/*.tif
               **/*.tiff;
               **/*.wbmp;
               **/*.xbm;
               **/*.xpm;
               **/*.xwd;
               **/*.aif;
               **/*.aifc;
               **/*.aif;
               **/*.au;
               **/*.m3u;
               **/*.mid;
               **/*.midi;
               **/*.ra;
               **/*.ram;
               **/*.smd;
               **/*.smx;
               **/*.smz;
               **/*.wav;
               **/*.323;
               **/*.appcache;
               **/*.asm;
               **/*.bas;
               **/*.c;
               **/*.cnf;
               **/*.cpp;
               **/*.csv;
               **/*.disco;
               **/*.dlm;
               **/*.dtd;
               **/*.etx;
               **/*.h;
               **/*.hdml;
               **/*.htc;
               **/*.htt;
               **/*.hxt;
               **/*.ical;
               **/*.icalendar;
               **/*.ics;
               **/*.ifb;
               **/*.map;
               **/*.mno;
               **/*.odc;
               **/*.rtx;
               **/*.sct;
               **/*.sgml;
               **/*.tsv;
               **/*.uls;
               **/*.vbs;
               **/*.vcf;
               **/*.vcs;
               **/*.vml;
               **/*.wml;
               **/*.wmls;
               **/*.wsdl;
               **/*.xdr;
               **/*.xsd;
               **/*.xsf;
               **/*.xsl;
               **/*.xslt;
             ' and did not match exclude pattern '
               ;
               **/*.gz;
               **/*.br;
               **/*.jpeg;
               **/*.jpg;
               **/*.png;
               **/*.gif;
               **/*.webp;
               **/*.woff;
               **/*.woff2;
               **/*.m4v;
               **/*.mov;
               **/*.movie;
               **/*.mp2;
               **/*.mp4;
               **/*.mp4v;
               **/*.mpa;
               **/*.mpe;
               **/*.mpeg;
               **/*.mpg;
               **/*.mpv2;
               **/*.ogg;
               **/*.ogv;
               **/*.webm;
               **/*.jfif;
               **/*.svgz;
               **/*.jpe;
               **/*.pnz;
               **/*.aac;
               **/*.adt;
               **/*.adts;
               **/*.m4a;
               **/*.mp3;
               **/*.oga;
               **/*.wax;
               **/*.wma;
             '.
         Asset 'D:\P.L\Flutter\fresh_produce_app\FreshProduce.Api\wwwroot\main.dart.js' with relative path 'main.dart.js' matched include pattern '
               ;
               **/*.js;
               **/*.css;
               **/*.html;
               **/*.json;
               **/*.mjs;
               **/*.xml;
               **/*.htm;
               **/*.wasm;
               **/*.txt;
               **/*.dll;
               **/*.pdb;
               **/*.dat;
               **/*.jsx;
               **/*.markdown;
               **/*.md;
               **/*.webmanifest;
               **/*.bmp;
               **/*.svg;
               **/*.otf;
               **/*.art;
               **/*.cmx;
               **/*.cod;
               **/*.dib;
               **/*.ico;
               **/*.ief;
               **/*.pbm;
               **/*.pgm;
               **/*.pnm;
               **/*.ppm;
               **/*.ras;
               **/*.rf;
               **/*.rgb;
               **/*.tif
               **/*.tiff;
               **/*.wbmp;
               **/*.xbm;
               **/*.xpm;
               **/*.xwd;
               **/*.aif;
               **/*.aifc;
               **/*.aif;
               **/*.au;
               **/*.m3u;
               **/*.mid;
               **/*.midi;
               **/*.ra;
               **/*.ram;
               **/*.smd;
               **/*.smx;
               **/*.smz;
               **/*.wav;
               **/*.323;
               **/*.appcache;
               **/*.asm;
               **/*.bas;
               **/*.c;
               **/*.cnf;
               **/*.cpp;
               **/*.csv;
               **/*.disco;
               **/*.dlm;
               **/*.dtd;
               **/*.etx;
               **/*.h;
               **/*.hdml;
               **/*.htc;
               **/*.htt;
               **/*.hxt;
               **/*.ical;
               **/*.icalendar;
               **/*.ics;
               **/*.ifb;
               **/*.map;
               **/*.mno;
               **/*.odc;
               **/*.rtx;
               **/*.sct;
               **/*.sgml;
               **/*.tsv;
               **/*.uls;
               **/*.vbs;
               **/*.vcf;
               **/*.vcs;
               **/*.vml;
               **/*.wml;
               **/*.wmls;
               **/*.wsdl;
               **/*.xdr;
               **/*.xsd;
               **/*.xsf;
               **/*.xsl;
               **/*.xslt;
             ' and did not match exclude pattern '
               ;
               **/*.gz;
               **/*.br;
               **/*.jpeg;
               **/*.jpg;
               **/*.png;
               **/*.gif;
               **/*.webp;
               **/*.woff;
               **/*.woff2;
               **/*.m4v;
               **/*.mov;
               **/*.movie;
               **/*.mp2;
               **/*.mp4;
               **/*.mp4v;
               **/*.mpa;
               **/*.mpe;
               **/*.mpeg;
               **/*.mpg;
               **/*.mpv2;
               **/*.ogg;
               **/*.ogv;
               **/*.webm;
               **/*.jfif;
               **/*.svgz;
               **/*.jpe;
               **/*.pnz;
               **/*.aac;
               **/*.adt;
               **/*.adts;
               **/*.m4a;
               **/*.mp3;
               **/*.oga;
               **/*.wax;
               **/*.wma;
             '.
         Asset 'D:\P.L\Flutter\fresh_produce_app\FreshProduce.Api\wwwroot\manifest.json' with relative path 'manifest.json' matched include pattern '
               ;
               **/*.js;
               **/*.css;
               **/*.html;
               **/*.json;
               **/*.mjs;
               **/*.xml;
               **/*.htm;
               **/*.wasm;
               **/*.txt;
               **/*.dll;
               **/*.pdb;
               **/*.dat;
               **/*.jsx;
               **/*.markdown;
               **/*.md;
               **/*.webmanifest;
               **/*.bmp;
               **/*.svg;
               **/*.otf;
               **/*.art;
               **/*.cmx;
               **/*.cod;
               **/*.dib;
               **/*.ico;
               **/*.ief;
               **/*.pbm;
               **/*.pgm;
               **/*.pnm;
               **/*.ppm;
               **/*.ras;
               **/*.rf;
               **/*.rgb;
               **/*.tif
               **/*.tiff;
               **/*.wbmp;
               **/*.xbm;
               **/*.xpm;
               **/*.xwd;
               **/*.aif;
               **/*.aifc;
               **/*.aif;
               **/*.au;
               **/*.m3u;
               **/*.mid;
               **/*.midi;
               **/*.ra;
               **/*.ram;
               **/*.smd;
               **/*.smx;
               **/*.smz;
               **/*.wav;
               **/*.323;
               **/*.appcache;
               **/*.asm;
               **/*.bas;
               **/*.c;
               **/*.cnf;
               **/*.cpp;
               **/*.csv;
               **/*.disco;
               **/*.dlm;
               **/*.dtd;
               **/*.etx;
               **/*.h;
               **/*.hdml;
               **/*.htc;
               **/*.htt;
               **/*.hxt;
               **/*.ical;
               **/*.icalendar;
               **/*.ics;
               **/*.ifb;
               **/*.map;
               **/*.mno;
               **/*.odc;
               **/*.rtx;
               **/*.sct;
               **/*.sgml;
               **/*.tsv;
               **/*.uls;
               **/*.vbs;
               **/*.vcf;
               **/*.vcs;
               **/*.vml;
               **/*.wml;
               **/*.wmls;
               **/*.wsdl;
               **/*.xdr;
               **/*.xsd;
               **/*.xsf;
               **/*.xsl;
               **/*.xslt;
             ' and did not match exclude pattern '
               ;
               **/*.gz;
               **/*.br;
               **/*.jpeg;
               **/*.jpg;
               **/*.png;
               **/*.gif;
               **/*.webp;
               **/*.woff;
               **/*.woff2;
               **/*.m4v;
               **/*.mov;
               **/*.movie;
               **/*.mp2;
               **/*.mp4;
               **/*.mp4v;
               **/*.mpa;
               **/*.mpe;
               **/*.mpeg;
               **/*.mpg;
               **/*.mpv2;
               **/*.ogg;
               **/*.ogv;
               **/*.webm;
               **/*.jfif;
               **/*.svgz;
               **/*.jpe;
               **/*.pnz;
               **/*.aac;
               **/*.adt;
               **/*.adts;
               **/*.m4a;
               **/*.mp3;
               **/*.oga;
               **/*.wax;
               **/*.wma;
             '.
         Asset 'D:\P.L\Flutter\fresh_produce_app\FreshProduce.Api\wwwroot\version.json' with relative path 'version.json' matched include pattern '
               ;
               **/*.js;
               **/*.css;
               **/*.html;
               **/*.json;
               **/*.mjs;
               **/*.xml;
               **/*.htm;
               **/*.wasm;
               **/*.txt;
               **/*.dll;
               **/*.pdb;
               **/*.dat;
               **/*.jsx;
               **/*.markdown;
               **/*.md;
               **/*.webmanifest;
               **/*.bmp;
               **/*.svg;
               **/*.otf;
               **/*.art;
               **/*.cmx;
               **/*.cod;
               **/*.dib;
               **/*.ico;
               **/*.ief;
               **/*.pbm;
               **/*.pgm;
               **/*.pnm;
               **/*.ppm;
               **/*.ras;
               **/*.rf;
               **/*.rgb;
               **/*.tif
               **/*.tiff;
               **/*.wbmp;
               **/*.xbm;
               **/*.xpm;
               **/*.xwd;
               **/*.aif;
               **/*.aifc;
               **/*.aif;
               **/*.au;
               **/*.m3u;
               **/*.mid;
               **/*.midi;
               **/*.ra;
               **/*.ram;
               **/*.smd;
               **/*.smx;
               **/*.smz;
               **/*.wav;
               **/*.323;
               **/*.appcache;
               **/*.asm;
               **/*.bas;
               **/*.c;
               **/*.cnf;
               **/*.cpp;
               **/*.csv;
               **/*.disco;
               **/*.dlm;
               **/*.dtd;
               **/*.etx;
               **/*.h;
               **/*.hdml;
               **/*.htc;
               **/*.htt;
               **/*.hxt;
               **/*.ical;
               **/*.icalendar;
               **/*.ics;
               **/*.ifb;
               **/*.map;
               **/*.mno;
               **/*.odc;
               **/*.rtx;
               **/*.sct;
               **/*.sgml;
               **/*.tsv;
               **/*.uls;
               **/*.vbs;
               **/*.vcf;
               **/*.vcs;
               **/*.vml;
               **/*.wml;
               **/*.wmls;
               **/*.wsdl;
               **/*.xdr;
               **/*.xsd;
               **/*.xsf;
               **/*.xsl;
               **/*.xslt;
             ' and did not match exclude pattern '
               ;
               **/*.gz;
               **/*.br;
               **/*.jpeg;
               **/*.jpg;
               **/*.png;
               **/*.gif;
               **/*.webp;
               **/*.woff;
               **/*.woff2;
               **/*.m4v;
               **/*.mov;
               **/*.movie;
               **/*.mp2;
               **/*.mp4;
               **/*.mp4v;
               **/*.mpa;
               **/*.mpe;
               **/*.mpeg;
               **/*.mpg;
               **/*.mpv2;
               **/*.ogg;
               **/*.ogv;
               **/*.webm;
               **/*.jfif;
               **/*.svgz;
               **/*.jpe;
               **/*.pnz;
               **/*.aac;
               **/*.adt;
               **/*.adts;
               **/*.m4a;
               **/*.mp3;
               **/*.oga;
               **/*.wax;
               **/*.wma;
             '.
         Assembly loaded during TaskRun (Microsoft.AspNetCore.StaticWebAssets.Tasks.ResolveCompressedAssets): System.Runtime.Numerics, Version=10.0.0.0, Culture=neutral, PublicKeyToken=b03f5f7f11d50a3a (location: C:\Program Files\dotnet\shared\Microsoft.NETCore.App\10.0.1\System.Runtime.Numerics.dll, MVID: 2efebce6-89c0-4a73-8fdb-4ca4d03b91e8, AssemblyLoadContext: Default)
         Assembly loaded during TaskRun (Microsoft.AspNetCore.StaticWebAssets.Tasks.ResolveCompressedAssets): System.Runtime.Intrinsics, Version=10.0.0.0, Culture=neutral, PublicKeyToken=cc7b13ffcd2ddd51 (location: C:\Program Files\dotnet\shared\Microsoft.NETCore.App\10.0.1\System.Runtime.Intrinsics.dll, MVID: cc8ef175-59bc-4485-b5f7-cae99b73fce1, AssemblyLoadContext: Default)
         Accepted compressed asset 'D:\P.L\Flutter\fresh_produce_app\FreshProduce.Api\obj\Debug\net9.0\compressed\wuf42j7l8q-{0}-s6lxjtj78i-s6lxjtj78i.gz' for 'D:\P.L\Flutter\fresh_produce_app\FreshProduce.Api\wwwroot\admin\assets\AssetManifest.bin.json'.
         Accepted compressed asset 'D:\P.L\Flutter\fresh_produce_app\FreshProduce.Api\obj\Debug\net9.0\compressed\56d46h6jo9-{0}-eq001w4kze-eq001w4kze.gz' for 'D:\P.L\Flutter\fresh_produce_app\FreshProduce.Api\wwwroot\admin\assets\AssetManifest.json'.
         Accepted compressed asset 'D:\P.L\Flutter\fresh_produce_app\FreshProduce.Api\obj\Debug\net9.0\compressed\gxp288gd64-{0}-7zwdxe6uef-7zwdxe6uef.gz' for 'D:\P.L\Flutter\fresh_produce_app\FreshProduce.Api\wwwroot\admin\assets\FontManifest.json'.
         Accepted compressed asset 'D:\P.L\Flutter\fresh_produce_app\FreshProduce.Api\obj\Debug\net9.0\compressed\9ro0dwphjn-{0}-i38f925a2v-i38f925a2v.gz' for 'D:\P.L\Flutter\fresh_produce_app\FreshProduce.Api\wwwroot\admin\assets\fonts\MaterialIcons-Regular.otf'.
         Accepted compressed asset 'D:\P.L\Flutter\fresh_produce_app\FreshProduce.Api\obj\Debug\net9.0\compressed\sz756ngz92-{0}-ji893wmxdy-ji893wmxdy.gz' for 'D:\P.L\Flutter\fresh_produce_app\FreshProduce.Api\wwwroot\admin\canvaskit\canvaskit.js'.
         Accepted compressed asset 'D:\P.L\Flutter\fresh_produce_app\FreshProduce.Api\obj\Debug\net9.0\compressed\5ojhvvqab3-{0}-o0khchddlv-o0khchddlv.gz' for 'D:\P.L\Flutter\fresh_produce_app\FreshProduce.Api\wwwroot\admin\canvaskit\canvaskit.wasm'.
         Accepted compressed asset 'D:\P.L\Flutter\fresh_produce_app\FreshProduce.Api\obj\Debug\net9.0\compressed\18cyy1q9tw-{0}-z548inb4f8-z548inb4f8.gz' for 'D:\P.L\Flutter\fresh_produce_app\FreshProduce.Api\wwwroot\admin\canvaskit\chromium\canvaskit.js'.
         Accepted compressed asset 'D:\P.L\Flutter\fresh_produce_app\FreshProduce.Api\obj\Debug\net9.0\compressed\xl0old8vl2-{0}-udn3qxhb0n-udn3qxhb0n.gz' for 'D:\P.L\Flutter\fresh_produce_app\FreshProduce.Api\wwwroot\admin\canvaskit\chromium\canvaskit.wasm'.
         Accepted compressed asset 'D:\P.L\Flutter\fresh_produce_app\FreshProduce.Api\obj\Debug\net9.0\compressed\5elv3ncwka-{0}-65lfexcvp7-65lfexcvp7.gz' for 'D:\P.L\Flutter\fresh_produce_app\FreshProduce.Api\wwwroot\admin\canvaskit\skwasm.js'.
         Accepted compressed asset 'D:\P.L\Flutter\fresh_produce_app\FreshProduce.Api\obj\Debug\net9.0\compressed\8nankosncg-{0}-kqd8e0b56y-kqd8e0b56y.gz' for 'D:\P.L\Flutter\fresh_produce_app\FreshProduce.Api\wwwroot\admin\canvaskit\skwasm.wasm'.
         Accepted compressed asset 'D:\P.L\Flutter\fresh_produce_app\FreshProduce.Api\obj\Debug\net9.0\compressed\wyyinfzdc6-{0}-pt7u1aviqz-pt7u1aviqz.gz' for 'D:\P.L\Flutter\fresh_produce_app\FreshProduce.Api\wwwroot\admin\canvaskit\skwasm_heavy.js'.
         Accepted compressed asset 'D:\P.L\Flutter\fresh_produce_app\FreshProduce.Api\obj\Debug\net9.0\compressed\eo5jw1lduk-{0}-som1pkmtep-som1pkmtep.gz' for 'D:\P.L\Flutter\fresh_produce_app\FreshProduce.Api\wwwroot\admin\canvaskit\skwasm_heavy.wasm'.
         Accepted compressed asset 'D:\P.L\Flutter\fresh_produce_app\FreshProduce.Api\obj\Debug\net9.0\compressed\q9koy12tbm-{0}-z4ueicp6lb-z4ueicp6lb.gz' for 'D:\P.L\Flutter\fresh_produce_app\FreshProduce.Api\wwwroot\admin\flutter.js'.
         Accepted compressed asset 'D:\P.L\Flutter\fresh_produce_app\FreshProduce.Api\obj\Debug\net9.0\compressed\gciltpcxws-{0}-398akf0vg5-398akf0vg5.gz' for 'D:\P.L\Flutter\fresh_produce_app\FreshProduce.Api\wwwroot\admin\flutter_bootstrap.js'.
         Accepted compressed asset 'D:\P.L\Flutter\fresh_produce_app\FreshProduce.Api\obj\Debug\net9.0\compressed\sqgiw7d6eh-{0}-9phf0g8y9f-9phf0g8y9f.gz' for 'D:\P.L\Flutter\fresh_produce_app\FreshProduce.Api\wwwroot\admin\flutter_service_worker.js'.
         Accepted compressed asset 'D:\P.L\Flutter\fresh_produce_app\FreshProduce.Api\obj\Debug\net9.0\compressed\2y75nvhlz1-{0}-4iau0ph7rf-4iau0ph7rf.gz' for 'D:\P.L\Flutter\fresh_produce_app\FreshProduce.Api\wwwroot\admin\index.html'.
         Accepted compressed asset 'D:\P.L\Flutter\fresh_produce_app\FreshProduce.Api\obj\Debug\net9.0\compressed\t1a31uidzz-{0}-zev5p1fizo-zev5p1fizo.gz' for 'D:\P.L\Flutter\fresh_produce_app\FreshProduce.Api\wwwroot\admin\main.dart.js'.
         Accepted compressed asset 'D:\P.L\Flutter\fresh_produce_app\FreshProduce.Api\obj\Debug\net9.0\compressed\f08bwvcrei-{0}-18v5h0bqdt-18v5h0bqdt.gz' for 'D:\P.L\Flutter\fresh_produce_app\FreshProduce.Api\wwwroot\admin\manifest.json'.
         Accepted compressed asset 'D:\P.L\Flutter\fresh_produce_app\FreshProduce.Api\obj\Debug\net9.0\compressed\3e7bt9cb81-{0}-fugllc50rj-fugllc50rj.gz' for 'D:\P.L\Flutter\fresh_produce_app\FreshProduce.Api\wwwroot\admin\version.json'.
         Accepted compressed asset 'D:\P.L\Flutter\fresh_produce_app\FreshProduce.Api\obj\Debug\net9.0\compressed\6ddir35s31-{0}-s6lxjtj78i-s6lxjtj78i.gz' for 'D:\P.L\Flutter\fresh_produce_app\FreshProduce.Api\wwwroot\assets\AssetManifest.bin.json'.
         Accepted compressed asset 'D:\P.L\Flutter\fresh_produce_app\FreshProduce.Api\obj\Debug\net9.0\compressed\mxyuer40a9-{0}-eq001w4kze-eq001w4kze.gz' for 'D:\P.L\Flutter\fresh_produce_app\FreshProduce.Api\wwwroot\assets\AssetManifest.json'.
         Accepted compressed asset 'D:\P.L\Flutter\fresh_produce_app\FreshProduce.Api\obj\Debug\net9.0\compressed\4wleu9x74p-{0}-7zwdxe6uef-7zwdxe6uef.gz' for 'D:\P.L\Flutter\fresh_produce_app\FreshProduce.Api\wwwroot\assets\FontManifest.json'.
         Accepted compressed asset 'D:\P.L\Flutter\fresh_produce_app\FreshProduce.Api\obj\Debug\net9.0\compressed\hq0t982h3j-{0}-xcq4gn48vx-xcq4gn48vx.gz' for 'D:\P.L\Flutter\fresh_produce_app\FreshProduce.Api\wwwroot\assets\fonts\MaterialIcons-Regular.otf'.
         Accepted compressed asset 'D:\P.L\Flutter\fresh_produce_app\FreshProduce.Api\obj\Debug\net9.0\compressed\s83hrt7jpl-{0}-ji893wmxdy-ji893wmxdy.gz' for 'D:\P.L\Flutter\fresh_produce_app\FreshProduce.Api\wwwroot\canvaskit\canvaskit.js'.
         Accepted compressed asset 'D:\P.L\Flutter\fresh_produce_app\FreshProduce.Api\obj\Debug\net9.0\compressed\r49rgyubkk-{0}-o0khchddlv-o0khchddlv.gz' for 'D:\P.L\Flutter\fresh_produce_app\FreshProduce.Api\wwwroot\canvaskit\canvaskit.wasm'.
         Accepted compressed asset 'D:\P.L\Flutter\fresh_produce_app\FreshProduce.Api\obj\Debug\net9.0\compressed\06zcqgr24q-{0}-z548inb4f8-z548inb4f8.gz' for 'D:\P.L\Flutter\fresh_produce_app\FreshProduce.Api\wwwroot\canvaskit\chromium\canvaskit.js'.
         Accepted compressed asset 'D:\P.L\Flutter\fresh_produce_app\FreshProduce.Api\obj\Debug\net9.0\compressed\r22261hu9v-{0}-udn3qxhb0n-udn3qxhb0n.gz' for 'D:\P.L\Flutter\fresh_produce_app\FreshProduce.Api\wwwroot\canvaskit\chromium\canvaskit.wasm'.
         Accepted compressed asset 'D:\P.L\Flutter\fresh_produce_app\FreshProduce.Api\obj\Debug\net9.0\compressed\9e4w4ho1oa-{0}-65lfexcvp7-65lfexcvp7.gz' for 'D:\P.L\Flutter\fresh_produce_app\FreshProduce.Api\wwwroot\canvaskit\skwasm.js'.
         Accepted compressed asset 'D:\P.L\Flutter\fresh_produce_app\FreshProduce.Api\obj\Debug\net9.0\compressed\s1gc22zpk3-{0}-kqd8e0b56y-kqd8e0b56y.gz' for 'D:\P.L\Flutter\fresh_produce_app\FreshProduce.Api\wwwroot\canvaskit\skwasm.wasm'.
         Accepted compressed asset 'D:\P.L\Flutter\fresh_produce_app\FreshProduce.Api\obj\Debug\net9.0\compressed\qmh1e5aiya-{0}-pt7u1aviqz-pt7u1aviqz.gz' for 'D:\P.L\Flutter\fresh_produce_app\FreshProduce.Api\wwwroot\canvaskit\skwasm_heavy.js'.
         Accepted compressed asset 'D:\P.L\Flutter\fresh_produce_app\FreshProduce.Api\obj\Debug\net9.0\compressed\2entdy4apt-{0}-som1pkmtep-som1pkmtep.gz' for 'D:\P.L\Flutter\fresh_produce_app\FreshProduce.Api\wwwroot\canvaskit\skwasm_heavy.wasm'.
         Accepted compressed asset 'D:\P.L\Flutter\fresh_produce_app\FreshProduce.Api\obj\Debug\net9.0\compressed\h83saqn2yc-{0}-z4ueicp6lb-z4ueicp6lb.gz' for 'D:\P.L\Flutter\fresh_produce_app\FreshProduce.Api\wwwroot\flutter.js'.
         Accepted compressed asset 'D:\P.L\Flutter\fresh_produce_app\FreshProduce.Api\obj\Debug\net9.0\compressed\1j4sayd7l6-{0}-fgu7z2inz0-fgu7z2inz0.gz' for 'D:\P.L\Flutter\fresh_produce_app\FreshProduce.Api\wwwroot\flutter_bootstrap.js'.
         Accepted compressed asset 'D:\P.L\Flutter\fresh_produce_app\FreshProduce.Api\obj\Debug\net9.0\compressed\polzclawn0-{0}-vdsimdjcro-vdsimdjcro.gz' for 'D:\P.L\Flutter\fresh_produce_app\FreshProduce.Api\wwwroot\flutter_service_worker.js'.
         Accepted compressed asset 'D:\P.L\Flutter\fresh_produce_app\FreshProduce.Api\obj\Debug\net9.0\compressed\m644wfwk2i-{0}-ayvu4txshl-ayvu4txshl.gz' for 'D:\P.L\Flutter\fresh_produce_app\FreshProduce.Api\wwwroot\index.html'.
         Accepted compressed asset 'D:\P.L\Flutter\fresh_produce_app\FreshProduce.Api\obj\Debug\net9.0\compressed\f8y5iggqiq-{0}-9jhojib2f9-9jhojib2f9.gz' for 'D:\P.L\Flutter\fresh_produce_app\FreshProduce.Api\wwwroot\main.dart.js'.
         Accepted compressed asset 'D:\P.L\Flutter\fresh_produce_app\FreshProduce.Api\obj\Debug\net9.0\compressed\3kvsz82kk1-{0}-xliufgw85g-xliufgw85g.gz' for 'D:\P.L\Flutter\fresh_produce_app\FreshProduce.Api\wwwroot\manifest.json'.
         Accepted compressed asset 'D:\P.L\Flutter\fresh_produce_app\FreshProduce.Api\obj\Debug\net9.0\compressed\yzlxesspt4-{0}-ytdqykxoj9-ytdqykxoj9.gz' for 'D:\P.L\Flutter\fresh_produce_app\FreshProduce.Api\wwwroot\version.json'.
         Resolved 38 compressed assets for 38 candidate assets.
       Done executing task "ResolveCompressedAssets".
   1:7>Done building target "ResolveBuildCompressedStaticWebAssetsConfiguration" in project "FreshProduce.Api.csproj".
   1:7>Target "GenerateBuildCompressedStaticWebAssets" in file "C:\Program Files\dotnet\sdk\10.0.101\Sdks\Microsoft.NET.Sdk.StaticWebAssets\targets\Microsoft.NET.Sdk.StaticWebAssets.Compression.targets" from project "D:\P.L\Flutter\fresh_produce_app\FreshProduce.Api\FreshProduce.Api.csproj" (target "ResolveBuildCompressedStaticWebAssets" depends on it):
       Using "GZipCompress" task from assembly "C:\Program Files\dotnet\sdk\10.0.101\Sdks\Microsoft.NET.Sdk.StaticWebAssets\targets\..\tasks\net10.0\Microsoft.NET.Sdk.StaticWebAssets.Tasks.dll".
       Task "GZipCompress"
         Created directory 'D:\P.L\Flutter\fresh_produce_app\FreshProduce.Api\obj\Debug\net9.0\compressed'.
         Assembly loaded during TaskRun (Microsoft.AspNetCore.StaticWebAssets.Tasks.GZipCompress): System.IO.Compression, Version=10.0.0.0, Culture=neutral, PublicKeyToken=b77a5c561934e089 (location: C:\Program Files\dotnet\shared\Microsoft.NETCore.App\10.0.1\System.IO.Compression.dll, MVID: 814480b9-0668-408a-910d-fd2ed9b29c02, AssemblyLoadContext: Default)
         Asset 'D:\P.L\Flutter\fresh_produce_app\FreshProduce.Api\obj\Debug\net9.0\compressed\5elv3ncwka-{0}-65lfexcvp7-65lfexcvp7.gz' found at original item spec 'wwwroot\admin\canvaskit\skwasm.js'.
         Asset 'D:\P.L\Flutter\fresh_produce_app\FreshProduce.Api\obj\Debug\net9.0\compressed\8nankosncg-{0}-kqd8e0b56y-kqd8e0b56y.gz' found at original item spec 'wwwroot\admin\canvaskit\skwasm.wasm'.
         Asset 'D:\P.L\Flutter\fresh_produce_app\FreshProduce.Api\obj\Debug\net9.0\compressed\wuf42j7l8q-{0}-s6lxjtj78i-s6lxjtj78i.gz' found at original item spec 'wwwroot\admin\assets\AssetManifest.bin.json'.
         Asset 'D:\P.L\Flutter\fresh_produce_app\FreshProduce.Api\obj\Debug\net9.0\compressed\wyyinfzdc6-{0}-pt7u1aviqz-pt7u1aviqz.gz' found at original item spec 'wwwroot\admin\canvaskit\skwasm_heavy.js'.
         Asset 'D:\P.L\Flutter\fresh_produce_app\FreshProduce.Api\obj\Debug\net9.0\compressed\gxp288gd64-{0}-7zwdxe6uef-7zwdxe6uef.gz' found at original item spec 'wwwroot\admin\assets\FontManifest.json'.
         Skipping 'wwwroot\admin\canvaskit\skwasm.js' because 'D:\P.L\Flutter\fresh_produce_app\FreshProduce.Api\obj\Debug\net9.0\compressed\5elv3ncwka-{0}-65lfexcvp7-65lfexcvp7.gz' is newer than 'wwwroot\admin\canvaskit\skwasm.js'.
         Asset 'D:\P.L\Flutter\fresh_produce_app\FreshProduce.Api\obj\Debug\net9.0\compressed\xl0old8vl2-{0}-udn3qxhb0n-udn3qxhb0n.gz' found at original item spec 'wwwroot\admin\canvaskit\chromium\canvaskit.wasm'.
         Skipping 'wwwroot\admin\assets\AssetManifest.bin.json' because 'D:\P.L\Flutter\fresh_produce_app\FreshProduce.Api\obj\Debug\net9.0\compressed\wuf42j7l8q-{0}-s6lxjtj78i-s6lxjtj78i.gz' is newer than 'wwwroot\admin\assets\AssetManifest.bin.json'.
         Skipping 'wwwroot\admin\canvaskit\skwasm_heavy.js' because 'D:\P.L\Flutter\fresh_produce_app\FreshProduce.Api\obj\Debug\net9.0\compressed\wyyinfzdc6-{0}-pt7u1aviqz-pt7u1aviqz.gz' is newer than 'wwwroot\admin\canvaskit\skwasm_heavy.js'.
         Skipping 'wwwroot\admin\canvaskit\skwasm.wasm' because 'D:\P.L\Flutter\fresh_produce_app\FreshProduce.Api\obj\Debug\net9.0\compressed\8nankosncg-{0}-kqd8e0b56y-kqd8e0b56y.gz' is newer than 'wwwroot\admin\canvaskit\skwasm.wasm'.
         Skipping 'wwwroot\admin\assets\FontManifest.json' because 'D:\P.L\Flutter\fresh_produce_app\FreshProduce.Api\obj\Debug\net9.0\compressed\gxp288gd64-{0}-7zwdxe6uef-7zwdxe6uef.gz' is newer than 'wwwroot\admin\assets\FontManifest.json'.
         Asset 'D:\P.L\Flutter\fresh_produce_app\FreshProduce.Api\obj\Debug\net9.0\compressed\5ojhvvqab3-{0}-o0khchddlv-o0khchddlv.gz' found at original item spec 'wwwroot\admin\canvaskit\canvaskit.wasm'.
         Asset 'D:\P.L\Flutter\fresh_produce_app\FreshProduce.Api\obj\Debug\net9.0\compressed\eo5jw1lduk-{0}-som1pkmtep-som1pkmtep.gz' found at original item spec 'wwwroot\admin\canvaskit\skwasm_heavy.wasm'.
         Asset 'D:\P.L\Flutter\fresh_produce_app\FreshProduce.Api\obj\Debug\net9.0\compressed\sz756ngz92-{0}-ji893wmxdy-ji893wmxdy.gz' found at original item spec 'wwwroot\admin\canvaskit\canvaskit.js'.
         Asset 'D:\P.L\Flutter\fresh_produce_app\FreshProduce.Api\obj\Debug\net9.0\compressed\56d46h6jo9-{0}-eq001w4kze-eq001w4kze.gz' found at original item spec 'wwwroot\admin\assets\AssetManifest.json'.
         Asset 'D:\P.L\Flutter\fresh_produce_app\FreshProduce.Api\obj\Debug\net9.0\compressed\9ro0dwphjn-{0}-i38f925a2v-i38f925a2v.gz' found at original item spec 'wwwroot\admin\assets\fonts\MaterialIcons-Regular.otf'.
         Skipping 'wwwroot\admin\canvaskit\canvaskit.wasm' because 'D:\P.L\Flutter\fresh_produce_app\FreshProduce.Api\obj\Debug\net9.0\compressed\5ojhvvqab3-{0}-o0khchddlv-o0khchddlv.gz' is newer than 'wwwroot\admin\canvaskit\canvaskit.wasm'.
         Asset 'D:\P.L\Flutter\fresh_produce_app\FreshProduce.Api\obj\Debug\net9.0\compressed\18cyy1q9tw-{0}-z548inb4f8-z548inb4f8.gz' found at original item spec 'wwwroot\admin\canvaskit\chromium\canvaskit.js'.
         Skipping 'wwwroot\admin\canvaskit\canvaskit.js' because 'D:\P.L\Flutter\fresh_produce_app\FreshProduce.Api\obj\Debug\net9.0\compressed\sz756ngz92-{0}-ji893wmxdy-ji893wmxdy.gz' is newer than 'wwwroot\admin\canvaskit\canvaskit.js'.
         Asset 'D:\P.L\Flutter\fresh_produce_app\FreshProduce.Api\obj\Debug\net9.0\compressed\q9koy12tbm-{0}-z4ueicp6lb-z4ueicp6lb.gz' found at original item spec 'wwwroot\admin\flutter.js'.
         Skipping 'wwwroot\admin\assets\fonts\MaterialIcons-Regular.otf' because 'D:\P.L\Flutter\fresh_produce_app\FreshProduce.Api\obj\Debug\net9.0\compressed\9ro0dwphjn-{0}-i38f925a2v-i38f925a2v.gz' is newer than 'wwwroot\admin\assets\fonts\MaterialIcons-Regular.otf'.
         Asset 'D:\P.L\Flutter\fresh_produce_app\FreshProduce.Api\obj\Debug\net9.0\compressed\gciltpcxws-{0}-398akf0vg5-398akf0vg5.gz' found at original item spec 'wwwroot\admin\flutter_bootstrap.js'.
         Skipping 'wwwroot\admin\canvaskit\chromium\canvaskit.wasm' because 'D:\P.L\Flutter\fresh_produce_app\FreshProduce.Api\obj\Debug\net9.0\compressed\xl0old8vl2-{0}-udn3qxhb0n-udn3qxhb0n.gz' is newer than 'wwwroot\admin\canvaskit\chromium\canvaskit.wasm'.
         Asset 'D:\P.L\Flutter\fresh_produce_app\FreshProduce.Api\obj\Debug\net9.0\compressed\sqgiw7d6eh-{0}-9phf0g8y9f-9phf0g8y9f.gz' found at original item spec 'wwwroot\admin\flutter_service_worker.js'.
         Asset 'D:\P.L\Flutter\fresh_produce_app\FreshProduce.Api\obj\Debug\net9.0\compressed\2y75nvhlz1-{0}-4iau0ph7rf-4iau0ph7rf.gz' found at original item spec 'wwwroot\admin\index.html'.
         Skipping 'wwwroot\admin\flutter_bootstrap.js' because 'D:\P.L\Flutter\fresh_produce_app\FreshProduce.Api\obj\Debug\net9.0\compressed\gciltpcxws-{0}-398akf0vg5-398akf0vg5.gz' is newer than 'wwwroot\admin\flutter_bootstrap.js'.
         Asset 'D:\P.L\Flutter\fresh_produce_app\FreshProduce.Api\obj\Debug\net9.0\compressed\f08bwvcrei-{0}-18v5h0bqdt-18v5h0bqdt.gz' found at original item spec 'wwwroot\admin\manifest.json'.
         Asset 'D:\P.L\Flutter\fresh_produce_app\FreshProduce.Api\obj\Debug\net9.0\compressed\3e7bt9cb81-{0}-fugllc50rj-fugllc50rj.gz' found at original item spec 'wwwroot\admin\version.json'.
         Skipping 'wwwroot\admin\canvaskit\skwasm_heavy.wasm' because 'D:\P.L\Flutter\fresh_produce_app\FreshProduce.Api\obj\Debug\net9.0\compressed\eo5jw1lduk-{0}-som1pkmtep-som1pkmtep.gz' is newer than 'wwwroot\admin\canvaskit\skwasm_heavy.wasm'.
         Skipping 'wwwroot\admin\flutter_service_worker.js' because 'D:\P.L\Flutter\fresh_produce_app\FreshProduce.Api\obj\Debug\net9.0\compressed\sqgiw7d6eh-{0}-9phf0g8y9f-9phf0g8y9f.gz' is newer than 'wwwroot\admin\flutter_service_worker.js'.
         Skipping 'wwwroot\admin\index.html' because 'D:\P.L\Flutter\fresh_produce_app\FreshProduce.Api\obj\Debug\net9.0\compressed\2y75nvhlz1-{0}-4iau0ph7rf-4iau0ph7rf.gz' is newer than 'wwwroot\admin\index.html'.
         Skipping 'wwwroot\admin\assets\AssetManifest.json' because 'D:\P.L\Flutter\fresh_produce_app\FreshProduce.Api\obj\Debug\net9.0\compressed\56d46h6jo9-{0}-eq001w4kze-eq001w4kze.gz' is newer than 'wwwroot\admin\assets\AssetManifest.json'.
         Skipping 'wwwroot\admin\manifest.json' because 'D:\P.L\Flutter\fresh_produce_app\FreshProduce.Api\obj\Debug\net9.0\compressed\f08bwvcrei-{0}-18v5h0bqdt-18v5h0bqdt.gz' is newer than 'wwwroot\admin\manifest.json'.
         Asset 'D:\P.L\Flutter\fresh_produce_app\FreshProduce.Api\obj\Debug\net9.0\compressed\6ddir35s31-{0}-s6lxjtj78i-s6lxjtj78i.gz' found at original item spec 'wwwroot\assets\AssetManifest.bin.json'.
         Asset 'D:\P.L\Flutter\fresh_produce_app\FreshProduce.Api\obj\Debug\net9.0\compressed\t1a31uidzz-{0}-zev5p1fizo-zev5p1fizo.gz' found at original item spec 'wwwroot\admin\main.dart.js'.
         Skipping 'wwwroot\admin\version.json' because 'D:\P.L\Flutter\fresh_produce_app\FreshProduce.Api\obj\Debug\net9.0\compressed\3e7bt9cb81-{0}-fugllc50rj-fugllc50rj.gz' is newer than 'wwwroot\admin\version.json'.
         Skipping 'wwwroot\admin\flutter.js' because 'D:\P.L\Flutter\fresh_produce_app\FreshProduce.Api\obj\Debug\net9.0\compressed\q9koy12tbm-{0}-z4ueicp6lb-z4ueicp6lb.gz' is newer than 'wwwroot\admin\flutter.js'.
         Asset 'D:\P.L\Flutter\fresh_produce_app\FreshProduce.Api\obj\Debug\net9.0\compressed\mxyuer40a9-{0}-eq001w4kze-eq001w4kze.gz' found at original item spec 'wwwroot\assets\AssetManifest.json'.
         Skipping 'wwwroot\admin\canvaskit\chromium\canvaskit.js' because 'D:\P.L\Flutter\fresh_produce_app\FreshProduce.Api\obj\Debug\net9.0\compressed\18cyy1q9tw-{0}-z548inb4f8-z548inb4f8.gz' is newer than 'wwwroot\admin\canvaskit\chromium\canvaskit.js'.
         Skipping 'wwwroot\admin\main.dart.js' because 'D:\P.L\Flutter\fresh_produce_app\FreshProduce.Api\obj\Debug\net9.0\compressed\t1a31uidzz-{0}-zev5p1fizo-zev5p1fizo.gz' is newer than 'wwwroot\admin\main.dart.js'.
         Skipping 'wwwroot\assets\AssetManifest.bin.json' because 'D:\P.L\Flutter\fresh_produce_app\FreshProduce.Api\obj\Debug\net9.0\compressed\6ddir35s31-{0}-s6lxjtj78i-s6lxjtj78i.gz' is newer than 'wwwroot\assets\AssetManifest.bin.json'.
         Asset 'D:\P.L\Flutter\fresh_produce_app\FreshProduce.Api\obj\Debug\net9.0\compressed\hq0t982h3j-{0}-xcq4gn48vx-xcq4gn48vx.gz' found at original item spec 'wwwroot\assets\fonts\MaterialIcons-Regular.otf'.
         Asset 'D:\P.L\Flutter\fresh_produce_app\FreshProduce.Api\obj\Debug\net9.0\compressed\4wleu9x74p-{0}-7zwdxe6uef-7zwdxe6uef.gz' found at original item spec 'wwwroot\assets\FontManifest.json'.
         Skipping 'wwwroot\assets\AssetManifest.json' because 'D:\P.L\Flutter\fresh_produce_app\FreshProduce.Api\obj\Debug\net9.0\compressed\mxyuer40a9-{0}-eq001w4kze-eq001w4kze.gz' is newer than 'wwwroot\assets\AssetManifest.json'.
         Skipping 'wwwroot\assets\fonts\MaterialIcons-Regular.otf' because 'D:\P.L\Flutter\fresh_produce_app\FreshProduce.Api\obj\Debug\net9.0\compressed\hq0t982h3j-{0}-xcq4gn48vx-xcq4gn48vx.gz' is newer than 'wwwroot\assets\fonts\MaterialIcons-Regular.otf'.
         Skipping 'wwwroot\assets\FontManifest.json' because 'D:\P.L\Flutter\fresh_produce_app\FreshProduce.Api\obj\Debug\net9.0\compressed\4wleu9x74p-{0}-7zwdxe6uef-7zwdxe6uef.gz' is newer than 'wwwroot\assets\FontManifest.json'.
         Asset 'D:\P.L\Flutter\fresh_produce_app\FreshProduce.Api\obj\Debug\net9.0\compressed\s83hrt7jpl-{0}-ji893wmxdy-ji893wmxdy.gz' found at original item spec 'wwwroot\canvaskit\canvaskit.js'.
         Asset 'D:\P.L\Flutter\fresh_produce_app\FreshProduce.Api\obj\Debug\net9.0\compressed\r49rgyubkk-{0}-o0khchddlv-o0khchddlv.gz' found at original item spec 'wwwroot\canvaskit\canvaskit.wasm'.
         Skipping 'wwwroot\canvaskit\canvaskit.js' because 'D:\P.L\Flutter\fresh_produce_app\FreshProduce.Api\obj\Debug\net9.0\compressed\s83hrt7jpl-{0}-ji893wmxdy-ji893wmxdy.gz' is newer than 'wwwroot\canvaskit\canvaskit.js'.
         Skipping 'wwwroot\canvaskit\canvaskit.wasm' because 'D:\P.L\Flutter\fresh_produce_app\FreshProduce.Api\obj\Debug\net9.0\compressed\r49rgyubkk-{0}-o0khchddlv-o0khchddlv.gz' is newer than 'wwwroot\canvaskit\canvaskit.wasm'.
         Asset 'D:\P.L\Flutter\fresh_produce_app\FreshProduce.Api\obj\Debug\net9.0\compressed\r22261hu9v-{0}-udn3qxhb0n-udn3qxhb0n.gz' found at original item spec 'wwwroot\canvaskit\chromium\canvaskit.wasm'.
         Asset 'D:\P.L\Flutter\fresh_produce_app\FreshProduce.Api\obj\Debug\net9.0\compressed\9e4w4ho1oa-{0}-65lfexcvp7-65lfexcvp7.gz' found at original item spec 'wwwroot\canvaskit\skwasm.js'.
         Skipping 'wwwroot\canvaskit\chromium\canvaskit.wasm' because 'D:\P.L\Flutter\fresh_produce_app\FreshProduce.Api\obj\Debug\net9.0\compressed\r22261hu9v-{0}-udn3qxhb0n-udn3qxhb0n.gz' is newer than 'wwwroot\canvaskit\chromium\canvaskit.wasm'.
         Asset 'D:\P.L\Flutter\fresh_produce_app\FreshProduce.Api\obj\Debug\net9.0\compressed\06zcqgr24q-{0}-z548inb4f8-z548inb4f8.gz' found at original item spec 'wwwroot\canvaskit\chromium\canvaskit.js'.
         Skipping 'wwwroot\canvaskit\skwasm.js' because 'D:\P.L\Flutter\fresh_produce_app\FreshProduce.Api\obj\Debug\net9.0\compressed\9e4w4ho1oa-{0}-65lfexcvp7-65lfexcvp7.gz' is newer than 'wwwroot\canvaskit\skwasm.js'.
         Asset 'D:\P.L\Flutter\fresh_produce_app\FreshProduce.Api\obj\Debug\net9.0\compressed\qmh1e5aiya-{0}-pt7u1aviqz-pt7u1aviqz.gz' found at original item spec 'wwwroot\canvaskit\skwasm_heavy.js'.
         Skipping 'wwwroot\canvaskit\skwasm_heavy.js' because 'D:\P.L\Flutter\fresh_produce_app\FreshProduce.Api\obj\Debug\net9.0\compressed\qmh1e5aiya-{0}-pt7u1aviqz-pt7u1aviqz.gz' is newer than 'wwwroot\canvaskit\skwasm_heavy.js'.
         Asset 'D:\P.L\Flutter\fresh_produce_app\FreshProduce.Api\obj\Debug\net9.0\compressed\1j4sayd7l6-{0}-fgu7z2inz0-fgu7z2inz0.gz' found at original item spec 'wwwroot\flutter_bootstrap.js'.
         Asset 'D:\P.L\Flutter\fresh_produce_app\FreshProduce.Api\obj\Debug\net9.0\compressed\2entdy4apt-{0}-som1pkmtep-som1pkmtep.gz' found at original item spec 'wwwroot\canvaskit\skwasm_heavy.wasm'.
         Asset 'D:\P.L\Flutter\fresh_produce_app\FreshProduce.Api\obj\Debug\net9.0\compressed\h83saqn2yc-{0}-z4ueicp6lb-z4ueicp6lb.gz' found at original item spec 'wwwroot\flutter.js'.
         Asset 'D:\P.L\Flutter\fresh_produce_app\FreshProduce.Api\obj\Debug\net9.0\compressed\s1gc22zpk3-{0}-kqd8e0b56y-kqd8e0b56y.gz' found at original item spec 'wwwroot\canvaskit\skwasm.wasm'.
         Skipping 'wwwroot\flutter_bootstrap.js' because 'D:\P.L\Flutter\fresh_produce_app\FreshProduce.Api\obj\Debug\net9.0\compressed\1j4sayd7l6-{0}-fgu7z2inz0-fgu7z2inz0.gz' is newer than 'wwwroot\flutter_bootstrap.js'.
         Asset 'D:\P.L\Flutter\fresh_produce_app\FreshProduce.Api\obj\Debug\net9.0\compressed\m644wfwk2i-{0}-ayvu4txshl-ayvu4txshl.gz' found at original item spec 'wwwroot\index.html'.
         Asset 'D:\P.L\Flutter\fresh_produce_app\FreshProduce.Api\obj\Debug\net9.0\compressed\f8y5iggqiq-{0}-9jhojib2f9-9jhojib2f9.gz' found at original item spec 'wwwroot\main.dart.js'.
         Skipping 'wwwroot\canvaskit\skwasm_heavy.wasm' because 'D:\P.L\Flutter\fresh_produce_app\FreshProduce.Api\obj\Debug\net9.0\compressed\2entdy4apt-{0}-som1pkmtep-som1pkmtep.gz' is newer than 'wwwroot\canvaskit\skwasm_heavy.wasm'.
         Skipping 'wwwroot\canvaskit\chromium\canvaskit.js' because 'D:\P.L\Flutter\fresh_produce_app\FreshProduce.Api\obj\Debug\net9.0\compressed\06zcqgr24q-{0}-z548inb4f8-z548inb4f8.gz' is newer than 'wwwroot\canvaskit\chromium\canvaskit.js'.
         Skipping 'wwwroot\flutter.js' because 'D:\P.L\Flutter\fresh_produce_app\FreshProduce.Api\obj\Debug\net9.0\compressed\h83saqn2yc-{0}-z4ueicp6lb-z4ueicp6lb.gz' is newer than 'wwwroot\flutter.js'.
         Skipping 'wwwroot\index.html' because 'D:\P.L\Flutter\fresh_produce_app\FreshProduce.Api\obj\Debug\net9.0\compressed\m644wfwk2i-{0}-ayvu4txshl-ayvu4txshl.gz' is newer than 'wwwroot\index.html'.
         Skipping 'wwwroot\main.dart.js' because 'D:\P.L\Flutter\fresh_produce_app\FreshProduce.Api\obj\Debug\net9.0\compressed\f8y5iggqiq-{0}-9jhojib2f9-9jhojib2f9.gz' is newer than 'wwwroot\main.dart.js'.
         Asset 'D:\P.L\Flutter\fresh_produce_app\FreshProduce.Api\obj\Debug\net9.0\compressed\yzlxesspt4-{0}-ytdqykxoj9-ytdqykxoj9.gz' found at original item spec 'wwwroot\version.json'.
         Asset 'D:\P.L\Flutter\fresh_produce_app\FreshProduce.Api\obj\Debug\net9.0\compressed\3kvsz82kk1-{0}-xliufgw85g-xliufgw85g.gz' found at original item spec 'wwwroot\manifest.json'.
         Skipping 'wwwroot\version.json' because 'D:\P.L\Flutter\fresh_produce_app\FreshProduce.Api\obj\Debug\net9.0\compressed\yzlxesspt4-{0}-ytdqykxoj9-ytdqykxoj9.gz' is newer than 'wwwroot\version.json'.
         Asset 'D:\P.L\Flutter\fresh_produce_app\FreshProduce.Api\obj\Debug\net9.0\compressed\polzclawn0-{0}-vdsimdjcro-vdsimdjcro.gz' found at original item spec 'wwwroot\flutter_service_worker.js'.
         Skipping 'wwwroot\canvaskit\skwasm.wasm' because 'D:\P.L\Flutter\fresh_produce_app\FreshProduce.Api\obj\Debug\net9.0\compressed\s1gc22zpk3-{0}-kqd8e0b56y-kqd8e0b56y.gz' is newer than 'wwwroot\canvaskit\skwasm.wasm'.
         Skipping 'wwwroot\manifest.json' because 'D:\P.L\Flutter\fresh_produce_app\FreshProduce.Api\obj\Debug\net9.0\compressed\3kvsz82kk1-{0}-xliufgw85g-xliufgw85g.gz' is newer than 'wwwroot\manifest.json'.
         Skipping 'wwwroot\flutter_service_worker.js' because 'D:\P.L\Flutter\fresh_produce_app\FreshProduce.Api\obj\Debug\net9.0\compressed\polzclawn0-{0}-vdsimdjcro-vdsimdjcro.gz' is newer than 'wwwroot\flutter_service_worker.js'.
       Done executing task "GZipCompress".
   1:7>Done building target "GenerateBuildCompressedStaticWebAssets" in project "FreshProduce.Api.csproj".
   1:7>Target "ResolveBuildCompressedStaticWebAssets" in file "C:\Program Files\dotnet\sdk\10.0.101\Sdks\Microsoft.NET.Sdk.StaticWebAssets\targets\Microsoft.NET.Sdk.StaticWebAssets.Compression.targets" from project "D:\P.L\Flutter\fresh_produce_app\FreshProduce.Api\FreshProduce.Api.csproj" (target "ResolveBuildRelatedStaticWebAssets" depends on it):
       Task "DefineStaticWebAssets"
         Cache is fully up to date.
       Done executing task "DefineStaticWebAssets".
       Task "DefineStaticWebAssetEndpoints"
         Matched main.dart.js.gz to text/javascript using pattern *.js
         Adding endpoint main.dart.js.gz for asset D:\P.L\Flutter\fresh_produce_app\FreshProduce.Api\obj\Debug\net9.0\compressed\f8y5iggqiq-{0}-9jhojib2f9-9jhojib2f9.gz.
         Matched main.dart.js.gz to text/javascript using pattern *.js
         Adding endpoint main.dart.9jhojib2f9.js.gz for asset D:\P.L\Flutter\fresh_produce_app\FreshProduce.Api\obj\Debug\net9.0\compressed\f8y5iggqiq-{0}-9jhojib2f9-9jhojib2f9.gz.
         Matched admin/flutter.js.gz to text/javascript using pattern *.js
         Matched assets/FontManifest.json.gz to application/json using pattern *.json
         Adding endpoint admin/flutter.js.gz for asset D:\P.L\Flutter\fresh_produce_app\FreshProduce.Api\obj\Debug\net9.0\compressed\q9koy12tbm-{0}-z4ueicp6lb-z4ueicp6lb.gz.
         Adding endpoint assets/FontManifest.json.gz for asset D:\P.L\Flutter\fresh_produce_app\FreshProduce.Api\obj\Debug\net9.0\compressed\4wleu9x74p-{0}-7zwdxe6uef-7zwdxe6uef.gz.
         Matched canvaskit/skwasm.js.gz to text/javascript using pattern *.js
         Adding endpoint canvaskit/skwasm.js.gz for asset D:\P.L\Flutter\fresh_produce_app\FreshProduce.Api\obj\Debug\net9.0\compressed\9e4w4ho1oa-{0}-65lfexcvp7-65lfexcvp7.gz.
         Matched assets/FontManifest.json.gz to application/json using pattern *.json
         Matched admin/flutter.js.gz to text/javascript using pattern *.js
         Matched canvaskit/skwasm.js.gz to text/javascript using pattern *.js
         Adding endpoint assets/FontManifest.7zwdxe6uef.json.gz for asset D:\P.L\Flutter\fresh_produce_app\FreshProduce.Api\obj\Debug\net9.0\compressed\4wleu9x74p-{0}-7zwdxe6uef-7zwdxe6uef.gz.
         Adding endpoint admin/flutter.z4ueicp6lb.js.gz for asset D:\P.L\Flutter\fresh_produce_app\FreshProduce.Api\obj\Debug\net9.0\compressed\q9koy12tbm-{0}-z4ueicp6lb-z4ueicp6lb.gz.
         Adding endpoint canvaskit/skwasm.65lfexcvp7.js.gz for asset D:\P.L\Flutter\fresh_produce_app\FreshProduce.Api\obj\Debug\net9.0\compressed\9e4w4ho1oa-{0}-65lfexcvp7-65lfexcvp7.gz.
         Matched canvaskit/skwasm.wasm.gz to application/wasm using pattern *.wasm
         Adding endpoint canvaskit/skwasm.wasm.gz for asset D:\P.L\Flutter\fresh_produce_app\FreshProduce.Api\obj\Debug\net9.0\compressed\s1gc22zpk3-{0}-kqd8e0b56y-kqd8e0b56y.gz.
         Matched admin/canvaskit/skwasm_heavy.wasm.gz to application/wasm using pattern *.wasm
         Matched canvaskit/skwasm.wasm.gz to application/wasm using pattern *.wasm
         Adding endpoint admin/canvaskit/skwasm_heavy.wasm.gz for asset D:\P.L\Flutter\fresh_produce_app\FreshProduce.Api\obj\Debug\net9.0\compressed\eo5jw1lduk-{0}-som1pkmtep-som1pkmtep.gz.
         Adding endpoint canvaskit/skwasm.kqd8e0b56y.wasm.gz for asset D:\P.L\Flutter\fresh_produce_app\FreshProduce.Api\obj\Debug\net9.0\compressed\s1gc22zpk3-{0}-kqd8e0b56y-kqd8e0b56y.gz.
         Matched canvaskit/canvaskit.wasm.gz to application/wasm using pattern *.wasm
         Matched admin/assets/fonts/MaterialIcons-Regular.otf.gz to font/otf using pattern *.otf
         Adding endpoint canvaskit/canvaskit.wasm.gz for asset D:\P.L\Flutter\fresh_produce_app\FreshProduce.Api\obj\Debug\net9.0\compressed\r49rgyubkk-{0}-o0khchddlv-o0khchddlv.gz.
         Matched canvaskit/chromium/canvaskit.wasm.gz to application/wasm using pattern *.wasm
         Matched admin/canvaskit/skwasm_heavy.wasm.gz to application/wasm using pattern *.wasm
         Adding endpoint admin/assets/fonts/MaterialIcons-Regular.otf.gz for asset D:\P.L\Flutter\fresh_produce_app\FreshProduce.Api\obj\Debug\net9.0\compressed\9ro0dwphjn-{0}-i38f925a2v-i38f925a2v.gz.
         Matched canvaskit/canvaskit.wasm.gz to application/wasm using pattern *.wasm
         Adding endpoint admin/canvaskit/skwasm_heavy.som1pkmtep.wasm.gz for asset D:\P.L\Flutter\fresh_produce_app\FreshProduce.Api\obj\Debug\net9.0\compressed\eo5jw1lduk-{0}-som1pkmtep-som1pkmtep.gz.
         Matched admin/assets/AssetManifest.json.gz to application/json using pattern *.json
         Matched admin/assets/fonts/MaterialIcons-Regular.otf.gz to font/otf using pattern *.otf
         Adding endpoint canvaskit/chromium/canvaskit.wasm.gz for asset D:\P.L\Flutter\fresh_produce_app\FreshProduce.Api\obj\Debug\net9.0\compressed\r22261hu9v-{0}-udn3qxhb0n-udn3qxhb0n.gz.
         Adding endpoint admin/assets/fonts/MaterialIcons-Regular.i38f925a2v.otf.gz for asset D:\P.L\Flutter\fresh_produce_app\FreshProduce.Api\obj\Debug\net9.0\compressed\9ro0dwphjn-{0}-i38f925a2v-i38f925a2v.gz.
         Matched flutter.js.gz to text/javascript using pattern *.js
         Adding endpoint flutter.js.gz for asset D:\P.L\Flutter\fresh_produce_app\FreshProduce.Api\obj\Debug\net9.0\compressed\h83saqn2yc-{0}-z4ueicp6lb-z4ueicp6lb.gz.
         Adding endpoint admin/assets/AssetManifest.json.gz for asset D:\P.L\Flutter\fresh_produce_app\FreshProduce.Api\obj\Debug\net9.0\compressed\56d46h6jo9-{0}-eq001w4kze-eq001w4kze.gz.
         Matched flutter.js.gz to text/javascript using pattern *.js
         Matched canvaskit/chromium/canvaskit.wasm.gz to application/wasm using pattern *.wasm
         Adding endpoint flutter.z4ueicp6lb.js.gz for asset D:\P.L\Flutter\fresh_produce_app\FreshProduce.Api\obj\Debug\net9.0\compressed\h83saqn2yc-{0}-z4ueicp6lb-z4ueicp6lb.gz.
         Adding endpoint canvaskit/canvaskit.o0khchddlv.wasm.gz for asset D:\P.L\Flutter\fresh_produce_app\FreshProduce.Api\obj\Debug\net9.0\compressed\r49rgyubkk-{0}-o0khchddlv-o0khchddlv.gz.
         Adding endpoint canvaskit/chromium/canvaskit.udn3qxhb0n.wasm.gz for asset D:\P.L\Flutter\fresh_produce_app\FreshProduce.Api\obj\Debug\net9.0\compressed\r22261hu9v-{0}-udn3qxhb0n-udn3qxhb0n.gz.
         Matched index.html.gz to text/html using pattern *.html
         Adding endpoint index.html.gz for asset D:\P.L\Flutter\fresh_produce_app\FreshProduce.Api\obj\Debug\net9.0\compressed\m644wfwk2i-{0}-ayvu4txshl-ayvu4txshl.gz.
         Matched index.html.gz to text/html using pattern *.html
         Adding endpoint index.ayvu4txshl.html.gz for asset D:\P.L\Flutter\fresh_produce_app\FreshProduce.Api\obj\Debug\net9.0\compressed\m644wfwk2i-{0}-ayvu4txshl-ayvu4txshl.gz.
         Matched canvaskit/skwasm_heavy.wasm.gz to application/wasm using pattern *.wasm
         Matched admin/assets/AssetManifest.json.gz to application/json using pattern *.json
         Matched flutter_service_worker.js.gz to text/javascript using pattern *.js
         Matched flutter_bootstrap.js.gz to text/javascript using pattern *.js
         Matched admin/canvaskit/chromium/canvaskit.wasm.gz to application/wasm using pattern *.wasm
         Adding endpoint flutter_service_worker.js.gz for asset D:\P.L\Flutter\fresh_produce_app\FreshProduce.Api\obj\Debug\net9.0\compressed\polzclawn0-{0}-vdsimdjcro-vdsimdjcro.gz.
         Adding endpoint admin/canvaskit/chromium/canvaskit.wasm.gz for asset D:\P.L\Flutter\fresh_produce_app\FreshProduce.Api\obj\Debug\net9.0\compressed\xl0old8vl2-{0}-udn3qxhb0n-udn3qxhb0n.gz.
         Matched version.json.gz to application/json using pattern *.json
         Matched admin/canvaskit/chromium/canvaskit.wasm.gz to application/wasm using pattern *.wasm
         Adding endpoint admin/assets/AssetManifest.eq001w4kze.json.gz for asset D:\P.L\Flutter\fresh_produce_app\FreshProduce.Api\obj\Debug\net9.0\compressed\56d46h6jo9-{0}-eq001w4kze-eq001w4kze.gz.
         Adding endpoint version.json.gz for asset D:\P.L\Flutter\fresh_produce_app\FreshProduce.Api\obj\Debug\net9.0\compressed\yzlxesspt4-{0}-ytdqykxoj9-ytdqykxoj9.gz.
         Adding endpoint admin/canvaskit/chromium/canvaskit.udn3qxhb0n.wasm.gz for asset D:\P.L\Flutter\fresh_produce_app\FreshProduce.Api\obj\Debug\net9.0\compressed\xl0old8vl2-{0}-udn3qxhb0n-udn3qxhb0n.gz.
         Matched flutter_service_worker.js.gz to text/javascript using pattern *.js
         Matched admin/canvaskit/skwasm.wasm.gz to application/wasm using pattern *.wasm
         Adding endpoint flutter_service_worker.vdsimdjcro.js.gz for asset D:\P.L\Flutter\fresh_produce_app\FreshProduce.Api\obj\Debug\net9.0\compressed\polzclawn0-{0}-vdsimdjcro-vdsimdjcro.gz.
         Matched version.json.gz to application/json using pattern *.json
         Matched canvaskit/canvaskit.js.gz to text/javascript using pattern *.js
         Adding endpoint canvaskit/canvaskit.js.gz for asset D:\P.L\Flutter\fresh_produce_app\FreshProduce.Api\obj\Debug\net9.0\compressed\s83hrt7jpl-{0}-ji893wmxdy-ji893wmxdy.gz.
         Adding endpoint version.ytdqykxoj9.json.gz for asset D:\P.L\Flutter\fresh_produce_app\FreshProduce.Api\obj\Debug\net9.0\compressed\yzlxesspt4-{0}-ytdqykxoj9-ytdqykxoj9.gz.
         Matched canvaskit/canvaskit.js.gz to text/javascript using pattern *.js
         Adding endpoint flutter_bootstrap.js.gz for asset D:\P.L\Flutter\fresh_produce_app\FreshProduce.Api\obj\Debug\net9.0\compressed\1j4sayd7l6-{0}-fgu7z2inz0-fgu7z2inz0.gz.
         Adding endpoint canvaskit/canvaskit.ji893wmxdy.js.gz for asset D:\P.L\Flutter\fresh_produce_app\FreshProduce.Api\obj\Debug\net9.0\compressed\s83hrt7jpl-{0}-ji893wmxdy-ji893wmxdy.gz.
         Adding endpoint admin/canvaskit/skwasm.wasm.gz for asset D:\P.L\Flutter\fresh_produce_app\FreshProduce.Api\obj\Debug\net9.0\compressed\8nankosncg-{0}-kqd8e0b56y-kqd8e0b56y.gz.
         Matched manifest.json.gz to application/json using pattern *.json
         Adding endpoint manifest.json.gz for asset D:\P.L\Flutter\fresh_produce_app\FreshProduce.Api\obj\Debug\net9.0\compressed\3kvsz82kk1-{0}-xliufgw85g-xliufgw85g.gz.
         Matched flutter_bootstrap.js.gz to text/javascript using pattern *.js
         Matched manifest.json.gz to application/json using pattern *.json
         Adding endpoint manifest.xliufgw85g.json.gz for asset D:\P.L\Flutter\fresh_produce_app\FreshProduce.Api\obj\Debug\net9.0\compressed\3kvsz82kk1-{0}-xliufgw85g-xliufgw85g.gz.
         Adding endpoint canvaskit/skwasm_heavy.wasm.gz for asset D:\P.L\Flutter\fresh_produce_app\FreshProduce.Api\obj\Debug\net9.0\compressed\2entdy4apt-{0}-som1pkmtep-som1pkmtep.gz.
         Matched admin/flutter_bootstrap.js.gz to text/javascript using pattern *.js
         Matched admin/canvaskit/canvaskit.js.gz to text/javascript using pattern *.js
         Matched admin/canvaskit/skwasm_heavy.js.gz to text/javascript using pattern *.js
         Adding endpoint admin/canvaskit/canvaskit.js.gz for asset D:\P.L\Flutter\fresh_produce_app\FreshProduce.Api\obj\Debug\net9.0\compressed\sz756ngz92-{0}-ji893wmxdy-ji893wmxdy.gz.
         Adding endpoint admin/flutter_bootstrap.js.gz for asset D:\P.L\Flutter\fresh_produce_app\FreshProduce.Api\obj\Debug\net9.0\compressed\gciltpcxws-{0}-398akf0vg5-398akf0vg5.gz.
         Matched admin/flutter_service_worker.js.gz to text/javascript using pattern *.js
         Adding endpoint admin/canvaskit/skwasm_heavy.js.gz for asset D:\P.L\Flutter\fresh_produce_app\FreshProduce.Api\obj\Debug\net9.0\compressed\wyyinfzdc6-{0}-pt7u1aviqz-pt7u1aviqz.gz.
         Matched admin/canvaskit/canvaskit.js.gz to text/javascript using pattern *.js
         Adding endpoint admin/flutter_service_worker.js.gz for asset D:\P.L\Flutter\fresh_produce_app\FreshProduce.Api\obj\Debug\net9.0\compressed\sqgiw7d6eh-{0}-9phf0g8y9f-9phf0g8y9f.gz.
         Matched admin/flutter_bootstrap.js.gz to text/javascript using pattern *.js
         Adding endpoint admin/canvaskit/canvaskit.ji893wmxdy.js.gz for asset D:\P.L\Flutter\fresh_produce_app\FreshProduce.Api\obj\Debug\net9.0\compressed\sz756ngz92-{0}-ji893wmxdy-ji893wmxdy.gz.
         Matched admin/canvaskit/skwasm.wasm.gz to application/wasm using pattern *.wasm
         Matched admin/canvaskit/skwasm_heavy.js.gz to text/javascript using pattern *.js
         Adding endpoint admin/flutter_bootstrap.398akf0vg5.js.gz for asset D:\P.L\Flutter\fresh_produce_app\FreshProduce.Api\obj\Debug\net9.0\compressed\gciltpcxws-{0}-398akf0vg5-398akf0vg5.gz.
         Matched admin/flutter_service_worker.js.gz to text/javascript using pattern *.js
         Adding endpoint flutter_bootstrap.fgu7z2inz0.js.gz for asset D:\P.L\Flutter\fresh_produce_app\FreshProduce.Api\obj\Debug\net9.0\compressed\1j4sayd7l6-{0}-fgu7z2inz0-fgu7z2inz0.gz.
         Matched admin/index.html.gz to text/html using pattern *.html
         Adding endpoint admin/canvaskit/skwasm.kqd8e0b56y.wasm.gz for asset D:\P.L\Flutter\fresh_produce_app\FreshProduce.Api\obj\Debug\net9.0\compressed\8nankosncg-{0}-kqd8e0b56y-kqd8e0b56y.gz.
         Adding endpoint admin/index.html.gz for asset D:\P.L\Flutter\fresh_produce_app\FreshProduce.Api\obj\Debug\net9.0\compressed\2y75nvhlz1-{0}-4iau0ph7rf-4iau0ph7rf.gz.
         Matched canvaskit/skwasm_heavy.wasm.gz to application/wasm using pattern *.wasm
         Matched admin/main.dart.js.gz to text/javascript using pattern *.js
         Matched admin/index.html.gz to text/html using pattern *.html
         Matched admin/canvaskit/canvaskit.wasm.gz to application/wasm using pattern *.wasm
         Adding endpoint admin/index.4iau0ph7rf.html.gz for asset D:\P.L\Flutter\fresh_produce_app\FreshProduce.Api\obj\Debug\net9.0\compressed\2y75nvhlz1-{0}-4iau0ph7rf-4iau0ph7rf.gz.
         Adding endpoint admin/main.dart.js.gz for asset D:\P.L\Flutter\fresh_produce_app\FreshProduce.Api\obj\Debug\net9.0\compressed\t1a31uidzz-{0}-zev5p1fizo-zev5p1fizo.gz.
         Adding endpoint admin/canvaskit/canvaskit.wasm.gz for asset D:\P.L\Flutter\fresh_produce_app\FreshProduce.Api\obj\Debug\net9.0\compressed\5ojhvvqab3-{0}-o0khchddlv-o0khchddlv.gz.
         Matched admin/main.dart.js.gz to text/javascript using pattern *.js
         Adding endpoint canvaskit/skwasm_heavy.som1pkmtep.wasm.gz for asset D:\P.L\Flutter\fresh_produce_app\FreshProduce.Api\obj\Debug\net9.0\compressed\2entdy4apt-{0}-som1pkmtep-som1pkmtep.gz.
         Matched assets/AssetManifest.json.gz to application/json using pattern *.json
         Matched admin/canvaskit/canvaskit.wasm.gz to application/wasm using pattern *.wasm
         Adding endpoint assets/AssetManifest.json.gz for asset D:\P.L\Flutter\fresh_produce_app\FreshProduce.Api\obj\Debug\net9.0\compressed\mxyuer40a9-{0}-eq001w4kze-eq001w4kze.gz.
         Adding endpoint admin/main.dart.zev5p1fizo.js.gz for asset D:\P.L\Flutter\fresh_produce_app\FreshProduce.Api\obj\Debug\net9.0\compressed\t1a31uidzz-{0}-zev5p1fizo-zev5p1fizo.gz.
         Adding endpoint admin/canvaskit/canvaskit.o0khchddlv.wasm.gz for asset D:\P.L\Flutter\fresh_produce_app\FreshProduce.Api\obj\Debug\net9.0\compressed\5ojhvvqab3-{0}-o0khchddlv-o0khchddlv.gz.
         Matched canvaskit/chromium/canvaskit.js.gz to text/javascript using pattern *.js
         Matched assets/AssetManifest.json.gz to application/json using pattern *.json
         Adding endpoint canvaskit/chromium/canvaskit.js.gz for asset D:\P.L\Flutter\fresh_produce_app\FreshProduce.Api\obj\Debug\net9.0\compressed\06zcqgr24q-{0}-z548inb4f8-z548inb4f8.gz.
         Adding endpoint assets/AssetManifest.eq001w4kze.json.gz for asset D:\P.L\Flutter\fresh_produce_app\FreshProduce.Api\obj\Debug\net9.0\compressed\mxyuer40a9-{0}-eq001w4kze-eq001w4kze.gz.
         Matched canvaskit/chromium/canvaskit.js.gz to text/javascript using pattern *.js
         Matched admin/version.json.gz to application/json using pattern *.json
         Adding endpoint canvaskit/chromium/canvaskit.z548inb4f8.js.gz for asset D:\P.L\Flutter\fresh_produce_app\FreshProduce.Api\obj\Debug\net9.0\compressed\06zcqgr24q-{0}-z548inb4f8-z548inb4f8.gz.
         Adding endpoint admin/version.json.gz for asset D:\P.L\Flutter\fresh_produce_app\FreshProduce.Api\obj\Debug\net9.0\compressed\3e7bt9cb81-{0}-fugllc50rj-fugllc50rj.gz.
         Adding endpoint admin/flutter_service_worker.9phf0g8y9f.js.gz for asset D:\P.L\Flutter\fresh_produce_app\FreshProduce.Api\obj\Debug\net9.0\compressed\sqgiw7d6eh-{0}-9phf0g8y9f-9phf0g8y9f.gz.
         Matched admin/version.json.gz to application/json using pattern *.json
         Matched assets/fonts/MaterialIcons-Regular.otf.gz to font/otf using pattern *.otf
         Matched admin/canvaskit/chromium/canvaskit.js.gz to text/javascript using pattern *.js
         Adding endpoint admin/version.fugllc50rj.json.gz for asset D:\P.L\Flutter\fresh_produce_app\FreshProduce.Api\obj\Debug\net9.0\compressed\3e7bt9cb81-{0}-fugllc50rj-fugllc50rj.gz.
         Adding endpoint assets/fonts/MaterialIcons-Regular.otf.gz for asset D:\P.L\Flutter\fresh_produce_app\FreshProduce.Api\obj\Debug\net9.0\compressed\hq0t982h3j-{0}-xcq4gn48vx-xcq4gn48vx.gz.
         Adding endpoint admin/canvaskit/chromium/canvaskit.js.gz for asset D:\P.L\Flutter\fresh_produce_app\FreshProduce.Api\obj\Debug\net9.0\compressed\18cyy1q9tw-{0}-z548inb4f8-z548inb4f8.gz.
         Matched admin/assets/AssetManifest.bin.json.gz to application/json using pattern *.json
         Matched admin/assets/FontManifest.json.gz to application/json using pattern *.json
         Matched assets/fonts/MaterialIcons-Regular.otf.gz to font/otf using pattern *.otf
         Adding endpoint assets/fonts/MaterialIcons-Regular.xcq4gn48vx.otf.gz for asset D:\P.L\Flutter\fresh_produce_app\FreshProduce.Api\obj\Debug\net9.0\compressed\hq0t982h3j-{0}-xcq4gn48vx-xcq4gn48vx.gz.
         Adding endpoint admin/assets/FontManifest.json.gz for asset D:\P.L\Flutter\fresh_produce_app\FreshProduce.Api\obj\Debug\net9.0\compressed\gxp288gd64-{0}-7zwdxe6uef-7zwdxe6uef.gz.
         Matched admin/canvaskit/chromium/canvaskit.js.gz to text/javascript using pattern *.js
         Adding endpoint admin/assets/AssetManifest.bin.json.gz for asset D:\P.L\Flutter\fresh_produce_app\FreshProduce.Api\obj\Debug\net9.0\compressed\wuf42j7l8q-{0}-s6lxjtj78i-s6lxjtj78i.gz.
         Adding endpoint admin/canvaskit/chromium/canvaskit.z548inb4f8.js.gz for asset D:\P.L\Flutter\fresh_produce_app\FreshProduce.Api\obj\Debug\net9.0\compressed\18cyy1q9tw-{0}-z548inb4f8-z548inb4f8.gz.
         Adding endpoint admin/canvaskit/skwasm_heavy.pt7u1aviqz.js.gz for asset D:\P.L\Flutter\fresh_produce_app\FreshProduce.Api\obj\Debug\net9.0\compressed\wyyinfzdc6-{0}-pt7u1aviqz-pt7u1aviqz.gz.
         Matched admin/assets/FontManifest.json.gz to application/json using pattern *.json
         Adding endpoint admin/assets/FontManifest.7zwdxe6uef.json.gz for asset D:\P.L\Flutter\fresh_produce_app\FreshProduce.Api\obj\Debug\net9.0\compressed\gxp288gd64-{0}-7zwdxe6uef-7zwdxe6uef.gz.
         Matched admin/assets/AssetManifest.bin.json.gz to application/json using pattern *.json
         Adding endpoint admin/assets/AssetManifest.bin.s6lxjtj78i.json.gz for asset D:\P.L\Flutter\fresh_produce_app\FreshProduce.Api\obj\Debug\net9.0\compressed\wuf42j7l8q-{0}-s6lxjtj78i-s6lxjtj78i.gz.
         Matched admin/manifest.json.gz to application/json using pattern *.json
         Matched canvaskit/skwasm_heavy.js.gz to text/javascript using pattern *.js
         Matched assets/AssetManifest.bin.json.gz to application/json using pattern *.json
         Adding endpoint admin/manifest.json.gz for asset D:\P.L\Flutter\fresh_produce_app\FreshProduce.Api\obj\Debug\net9.0\compressed\f08bwvcrei-{0}-18v5h0bqdt-18v5h0bqdt.gz.
         Adding endpoint canvaskit/skwasm_heavy.js.gz for asset D:\P.L\Flutter\fresh_produce_app\FreshProduce.Api\obj\Debug\net9.0\compressed\qmh1e5aiya-{0}-pt7u1aviqz-pt7u1aviqz.gz.
         Adding endpoint assets/AssetManifest.bin.json.gz for asset D:\P.L\Flutter\fresh_produce_app\FreshProduce.Api\obj\Debug\net9.0\compressed\6ddir35s31-{0}-s6lxjtj78i-s6lxjtj78i.gz.
         Matched admin/canvaskit/skwasm.js.gz to text/javascript using pattern *.js
         Matched assets/AssetManifest.bin.json.gz to application/json using pattern *.json
         Matched canvaskit/skwasm_heavy.js.gz to text/javascript using pattern *.js
         Matched admin/manifest.json.gz to application/json using pattern *.json
         Adding endpoint canvaskit/skwasm_heavy.pt7u1aviqz.js.gz for asset D:\P.L\Flutter\fresh_produce_app\FreshProduce.Api\obj\Debug\net9.0\compressed\qmh1e5aiya-{0}-pt7u1aviqz-pt7u1aviqz.gz.
         Adding endpoint assets/AssetManifest.bin.s6lxjtj78i.json.gz for asset D:\P.L\Flutter\fresh_produce_app\FreshProduce.Api\obj\Debug\net9.0\compressed\6ddir35s31-{0}-s6lxjtj78i-s6lxjtj78i.gz.
         Adding endpoint admin/canvaskit/skwasm.js.gz for asset D:\P.L\Flutter\fresh_produce_app\FreshProduce.Api\obj\Debug\net9.0\compressed\5elv3ncwka-{0}-65lfexcvp7-65lfexcvp7.gz.
         Adding endpoint admin/manifest.18v5h0bqdt.json.gz for asset D:\P.L\Flutter\fresh_produce_app\FreshProduce.Api\obj\Debug\net9.0\compressed\f08bwvcrei-{0}-18v5h0bqdt-18v5h0bqdt.gz.
         Matched admin/canvaskit/skwasm.js.gz to text/javascript using pattern *.js
         Adding endpoint admin/canvaskit/skwasm.65lfexcvp7.js.gz for asset D:\P.L\Flutter\fresh_produce_app\FreshProduce.Api\obj\Debug\net9.0\compressed\5elv3ncwka-{0}-65lfexcvp7-65lfexcvp7.gz.
       Done executing task "DefineStaticWebAssetEndpoints".
       Using "ApplyCompressionNegotiation" task from assembly "C:\Program Files\dotnet\sdk\10.0.101\Sdks\Microsoft.NET.Sdk.StaticWebAssets\targets\..\tasks\net10.0\Microsoft.NET.Sdk.StaticWebAssets.Tasks.dll".
       Task "ApplyCompressionNegotiation"
         Processing compressed asset: D:\P.L\Flutter\fresh_produce_app\FreshProduce.Api\obj\Debug\net9.0\compressed\f8y5iggqiq-{0}-9jhojib2f9-9jhojib2f9.gz
           Updated endpoint 'main.dart.js.gz' with Content-Encoding and Vary headers
         Processing related endpoint 'main.dart.js'
           Created Content-Encoding selector for compressed asset 'gzip' with size '0.000001071881' is 'main.dart.js'
           Adding header 'Cache-Control' to related endpoint 'main.dart.js'
           Adding header 'Content-Encoding' to related endpoint 'main.dart.js'
           Adding header 'Content-Length' to related endpoint 'main.dart.js'
           Skipping Content-Type header for related endpoint 'main.dart.js'
           Adding header 'ETag' to related endpoint 'main.dart.js'
           Adding header 'Last-Modified' to related endpoint 'main.dart.js'
           Adding header 'Vary' to related endpoint 'main.dart.js'
           Skipping header 'Cache-Control' for related endpoint 'main.dart.js'
           Skipping header 'Content-Length' for related endpoint 'main.dart.js'
         Adding Content-Type 'text/javascript' header to related endpoint 'main.dart.js'
           Updating ETag header for related endpoint 'main.dart.js'
           Skipping header 'Last-Modified' for related endpoint 'main.dart.js'
           Updated related endpoint 'main.dart.js' with Content-Encoding selector 'gzip=0.000001071881'
           Adding Vary response header to related endpoint 'main.dart.js'
           Updated endpoint 'main.dart.9jhojib2f9.js.gz' with Content-Encoding and Vary headers
         Processing related endpoint 'main.dart.9jhojib2f9.js'
           Created Content-Encoding selector for compressed asset 'gzip' with size '0.000001071881' is 'main.dart.9jhojib2f9.js'
           Adding header 'Cache-Control' to related endpoint 'main.dart.9jhojib2f9.js'
           Adding header 'Content-Encoding' to related endpoint 'main.dart.9jhojib2f9.js'
           Adding header 'Content-Length' to related endpoint 'main.dart.9jhojib2f9.js'
           Skipping Content-Type header for related endpoint 'main.dart.9jhojib2f9.js'
           Adding header 'ETag' to related endpoint 'main.dart.9jhojib2f9.js'
           Adding header 'Last-Modified' to related endpoint 'main.dart.9jhojib2f9.js'
           Adding header 'Vary' to related endpoint 'main.dart.9jhojib2f9.js'
           Skipping header 'Cache-Control' for related endpoint 'main.dart.9jhojib2f9.js'
           Skipping header 'Content-Length' for related endpoint 'main.dart.9jhojib2f9.js'
         Adding Content-Type 'text/javascript' header to related endpoint 'main.dart.9jhojib2f9.js'
           Updating ETag header for related endpoint 'main.dart.9jhojib2f9.js'
           Skipping header 'Last-Modified' for related endpoint 'main.dart.9jhojib2f9.js'
           Updated related endpoint 'main.dart.9jhojib2f9.js' with Content-Encoding selector 'gzip=0.000001071881'
           Adding Vary response header to related endpoint 'main.dart.9jhojib2f9.js'
         Processing compressed asset: D:\P.L\Flutter\fresh_produce_app\FreshProduce.Api\obj\Debug\net9.0\compressed\56d46h6jo9-{0}-eq001w4kze-eq001w4kze.gz
           Updated endpoint 'admin/assets/AssetManifest.json.gz' with Content-Encoding and Vary headers
         Processing related endpoint 'admin/assets/AssetManifest.json'
           Created Content-Encoding selector for compressed asset 'gzip' with size '0.013888888889' is 'admin/assets/AssetManifest.json'
           Adding header 'Cache-Control' to related endpoint 'admin/assets/AssetManifest.json'
           Adding header 'Content-Encoding' to related endpoint 'admin/assets/AssetManifest.json'
           Adding header 'Content-Length' to related endpoint 'admin/assets/AssetManifest.json'
           Skipping Content-Type header for related endpoint 'admin/assets/AssetManifest.json'
           Adding header 'ETag' to related endpoint 'admin/assets/AssetManifest.json'
           Adding header 'Last-Modified' to related endpoint 'admin/assets/AssetManifest.json'
           Adding header 'Vary' to related endpoint 'admin/assets/AssetManifest.json'
           Skipping header 'Cache-Control' for related endpoint 'admin/assets/AssetManifest.json'
           Skipping header 'Content-Length' for related endpoint 'admin/assets/AssetManifest.json'
         Adding Content-Type 'application/json' header to related endpoint 'admin/assets/AssetManifest.json'
           Updating ETag header for related endpoint 'admin/assets/AssetManifest.json'
           Skipping header 'Last-Modified' for related endpoint 'admin/assets/AssetManifest.json'
           Updated related endpoint 'admin/assets/AssetManifest.json' with Content-Encoding selector 'gzip=0.013888888889'
           Adding Vary response header to related endpoint 'admin/assets/AssetManifest.json'
           Updated endpoint 'admin/assets/AssetManifest.eq001w4kze.json.gz' with Content-Encoding and Vary headers
         Processing related endpoint 'admin/assets/AssetManifest.eq001w4kze.json'
           Created Content-Encoding selector for compressed asset 'gzip' with size '0.013888888889' is 'admin/assets/AssetManifest.eq001w4kze.json'
           Adding header 'Cache-Control' to related endpoint 'admin/assets/AssetManifest.eq001w4kze.json'
           Adding header 'Content-Encoding' to related endpoint 'admin/assets/AssetManifest.eq001w4kze.json'
           Adding header 'Content-Length' to related endpoint 'admin/assets/AssetManifest.eq001w4kze.json'
           Skipping Content-Type header for related endpoint 'admin/assets/AssetManifest.eq001w4kze.json'
           Adding header 'ETag' to related endpoint 'admin/assets/AssetManifest.eq001w4kze.json'
           Adding header 'Last-Modified' to related endpoint 'admin/assets/AssetManifest.eq001w4kze.json'
           Adding header 'Vary' to related endpoint 'admin/assets/AssetManifest.eq001w4kze.json'
           Skipping header 'Cache-Control' for related endpoint 'admin/assets/AssetManifest.eq001w4kze.json'
           Skipping header 'Content-Length' for related endpoint 'admin/assets/AssetManifest.eq001w4kze.json'
         Adding Content-Type 'application/json' header to related endpoint 'admin/assets/AssetManifest.eq001w4kze.json'
           Updating ETag header for related endpoint 'admin/assets/AssetManifest.eq001w4kze.json'
           Skipping header 'Last-Modified' for related endpoint 'admin/assets/AssetManifest.eq001w4kze.json'
           Updated related endpoint 'admin/assets/AssetManifest.eq001w4kze.json' with Content-Encoding selector 'gzip=0.013888888889'
           Adding Vary response header to related endpoint 'admin/assets/AssetManifest.eq001w4kze.json'
         Processing compressed asset: D:\P.L\Flutter\fresh_produce_app\FreshProduce.Api\obj\Debug\net9.0\compressed\q9koy12tbm-{0}-z4ueicp6lb-z4ueicp6lb.gz
           Updated endpoint 'admin/flutter.js.gz' with Content-Encoding and Vary headers
         Processing related endpoint 'admin/flutter.js'
           Created Content-Encoding selector for compressed asset 'gzip' with size '0.000274273176' is 'admin/flutter.js'
           Adding header 'Cache-Control' to related endpoint 'admin/flutter.js'
           Adding header 'Content-Encoding' to related endpoint 'admin/flutter.js'
           Adding header 'Content-Length' to related endpoint 'admin/flutter.js'
           Skipping Content-Type header for related endpoint 'admin/flutter.js'
           Adding header 'ETag' to related endpoint 'admin/flutter.js'
           Adding header 'Last-Modified' to related endpoint 'admin/flutter.js'
           Adding header 'Vary' to related endpoint 'admin/flutter.js'
           Skipping header 'Cache-Control' for related endpoint 'admin/flutter.js'
           Skipping header 'Content-Length' for related endpoint 'admin/flutter.js'
         Adding Content-Type 'text/javascript' header to related endpoint 'admin/flutter.js'
           Updating ETag header for related endpoint 'admin/flutter.js'
           Skipping header 'Last-Modified' for related endpoint 'admin/flutter.js'
           Updated related endpoint 'admin/flutter.js' with Content-Encoding selector 'gzip=0.000274273176'
           Adding Vary response header to related endpoint 'admin/flutter.js'
           Updated endpoint 'admin/flutter.z4ueicp6lb.js.gz' with Content-Encoding and Vary headers
         Processing related endpoint 'admin/flutter.z4ueicp6lb.js'
           Created Content-Encoding selector for compressed asset 'gzip' with size '0.000274273176' is 'admin/flutter.z4ueicp6lb.js'
           Adding header 'Cache-Control' to related endpoint 'admin/flutter.z4ueicp6lb.js'
           Adding header 'Content-Encoding' to related endpoint 'admin/flutter.z4ueicp6lb.js'
           Adding header 'Content-Length' to related endpoint 'admin/flutter.z4ueicp6lb.js'
           Skipping Content-Type header for related endpoint 'admin/flutter.z4ueicp6lb.js'
           Adding header 'ETag' to related endpoint 'admin/flutter.z4ueicp6lb.js'
           Adding header 'Last-Modified' to related endpoint 'admin/flutter.z4ueicp6lb.js'
           Adding header 'Vary' to related endpoint 'admin/flutter.z4ueicp6lb.js'
           Skipping header 'Cache-Control' for related endpoint 'admin/flutter.z4ueicp6lb.js'
           Skipping header 'Content-Length' for related endpoint 'admin/flutter.z4ueicp6lb.js'
         Adding Content-Type 'text/javascript' header to related endpoint 'admin/flutter.z4ueicp6lb.js'
           Updating ETag header for related endpoint 'admin/flutter.z4ueicp6lb.js'
           Skipping header 'Last-Modified' for related endpoint 'admin/flutter.z4ueicp6lb.js'
           Updated related endpoint 'admin/flutter.z4ueicp6lb.js' with Content-Encoding selector 'gzip=0.000274273176'
           Adding Vary response header to related endpoint 'admin/flutter.z4ueicp6lb.js'
         Processing compressed asset: D:\P.L\Flutter\fresh_produce_app\FreshProduce.Api\obj\Debug\net9.0\compressed\4wleu9x74p-{0}-7zwdxe6uef-7zwdxe6uef.gz
           Updated endpoint 'assets/FontManifest.json.gz' with Content-Encoding and Vary headers
         Processing related endpoint 'assets/FontManifest.json'
           Created Content-Encoding selector for compressed asset 'gzip' with size '0.007692307692' is 'assets/FontManifest.json'
           Adding header 'Cache-Control' to related endpoint 'assets/FontManifest.json'
           Adding header 'Content-Encoding' to related endpoint 'assets/FontManifest.json'
           Adding header 'Content-Length' to related endpoint 'assets/FontManifest.json'
           Skipping Content-Type header for related endpoint 'assets/FontManifest.json'
           Adding header 'ETag' to related endpoint 'assets/FontManifest.json'
           Adding header 'Last-Modified' to related endpoint 'assets/FontManifest.json'
           Adding header 'Vary' to related endpoint 'assets/FontManifest.json'
           Skipping header 'Cache-Control' for related endpoint 'assets/FontManifest.json'
           Skipping header 'Content-Length' for related endpoint 'assets/FontManifest.json'
         Adding Content-Type 'application/json' header to related endpoint 'assets/FontManifest.json'
           Updating ETag header for related endpoint 'assets/FontManifest.json'
           Skipping header 'Last-Modified' for related endpoint 'assets/FontManifest.json'
           Updated related endpoint 'assets/FontManifest.json' with Content-Encoding selector 'gzip=0.007692307692'
           Adding Vary response header to related endpoint 'assets/FontManifest.json'
           Updated endpoint 'assets/FontManifest.7zwdxe6uef.json.gz' with Content-Encoding and Vary headers
         Processing related endpoint 'assets/FontManifest.7zwdxe6uef.json'
           Created Content-Encoding selector for compressed asset 'gzip' with size '0.007692307692' is 'assets/FontManifest.7zwdxe6uef.json'
           Adding header 'Cache-Control' to related endpoint 'assets/FontManifest.7zwdxe6uef.json'
           Adding header 'Content-Encoding' to related endpoint 'assets/FontManifest.7zwdxe6uef.json'
           Adding header 'Content-Length' to related endpoint 'assets/FontManifest.7zwdxe6uef.json'
           Skipping Content-Type header for related endpoint 'assets/FontManifest.7zwdxe6uef.json'
           Adding header 'ETag' to related endpoint 'assets/FontManifest.7zwdxe6uef.json'
           Adding header 'Last-Modified' to related endpoint 'assets/FontManifest.7zwdxe6uef.json'
           Adding header 'Vary' to related endpoint 'assets/FontManifest.7zwdxe6uef.json'
           Skipping header 'Cache-Control' for related endpoint 'assets/FontManifest.7zwdxe6uef.json'
           Skipping header 'Content-Length' for related endpoint 'assets/FontManifest.7zwdxe6uef.json'
         Adding Content-Type 'application/json' header to related endpoint 'assets/FontManifest.7zwdxe6uef.json'
           Updating ETag header for related endpoint 'assets/FontManifest.7zwdxe6uef.json'
           Skipping header 'Last-Modified' for related endpoint 'assets/FontManifest.7zwdxe6uef.json'
           Updated related endpoint 'assets/FontManifest.7zwdxe6uef.json' with Content-Encoding selector 'gzip=0.007692307692'
           Adding Vary response header to related endpoint 'assets/FontManifest.7zwdxe6uef.json'
         Processing compressed asset: D:\P.L\Flutter\fresh_produce_app\FreshProduce.Api\obj\Debug\net9.0\compressed\9e4w4ho1oa-{0}-65lfexcvp7-65lfexcvp7.gz
           Updated endpoint 'canvaskit/skwasm.js.gz' with Content-Encoding and Vary headers
         Processing related endpoint 'canvaskit/skwasm.js'
           Created Content-Encoding selector for compressed asset 'gzip' with size '0.000060132291' is 'canvaskit/skwasm.js'
           Adding header 'Cache-Control' to related endpoint 'canvaskit/skwasm.js'
           Adding header 'Content-Encoding' to related endpoint 'canvaskit/skwasm.js'
           Adding header 'Content-Length' to related endpoint 'canvaskit/skwasm.js'
           Skipping Content-Type header for related endpoint 'canvaskit/skwasm.js'
           Adding header 'ETag' to related endpoint 'canvaskit/skwasm.js'
           Adding header 'Last-Modified' to related endpoint 'canvaskit/skwasm.js'
           Adding header 'Vary' to related endpoint 'canvaskit/skwasm.js'
           Skipping header 'Cache-Control' for related endpoint 'canvaskit/skwasm.js'
           Skipping header 'Content-Length' for related endpoint 'canvaskit/skwasm.js'
         Adding Content-Type 'text/javascript' header to related endpoint 'canvaskit/skwasm.js'
           Updating ETag header for related endpoint 'canvaskit/skwasm.js'
           Skipping header 'Last-Modified' for related endpoint 'canvaskit/skwasm.js'
           Updated related endpoint 'canvaskit/skwasm.js' with Content-Encoding selector 'gzip=0.000060132291'
           Adding Vary response header to related endpoint 'canvaskit/skwasm.js'
           Updated endpoint 'canvaskit/skwasm.65lfexcvp7.js.gz' with Content-Encoding and Vary headers
         Processing related endpoint 'canvaskit/skwasm.65lfexcvp7.js'
           Created Content-Encoding selector for compressed asset 'gzip' with size '0.000060132291' is 'canvaskit/skwasm.65lfexcvp7.js'
           Adding header 'Cache-Control' to related endpoint 'canvaskit/skwasm.65lfexcvp7.js'
           Adding header 'Content-Encoding' to related endpoint 'canvaskit/skwasm.65lfexcvp7.js'
           Adding header 'Content-Length' to related endpoint 'canvaskit/skwasm.65lfexcvp7.js'
           Skipping Content-Type header for related endpoint 'canvaskit/skwasm.65lfexcvp7.js'
           Adding header 'ETag' to related endpoint 'canvaskit/skwasm.65lfexcvp7.js'
           Adding header 'Last-Modified' to related endpoint 'canvaskit/skwasm.65lfexcvp7.js'
           Adding header 'Vary' to related endpoint 'canvaskit/skwasm.65lfexcvp7.js'
           Skipping header 'Cache-Control' for related endpoint 'canvaskit/skwasm.65lfexcvp7.js'
           Skipping header 'Content-Length' for related endpoint 'canvaskit/skwasm.65lfexcvp7.js'
         Adding Content-Type 'text/javascript' header to related endpoint 'canvaskit/skwasm.65lfexcvp7.js'
           Updating ETag header for related endpoint 'canvaskit/skwasm.65lfexcvp7.js'
           Skipping header 'Last-Modified' for related endpoint 'canvaskit/skwasm.65lfexcvp7.js'
           Updated related endpoint 'canvaskit/skwasm.65lfexcvp7.js' with Content-Encoding selector 'gzip=0.000060132291'
           Adding Vary response header to related endpoint 'canvaskit/skwasm.65lfexcvp7.js'
         Processing compressed asset: D:\P.L\Flutter\fresh_produce_app\FreshProduce.Api\obj\Debug\net9.0\compressed\9ro0dwphjn-{0}-i38f925a2v-i38f925a2v.gz
           Updated endpoint 'admin/assets/fonts/MaterialIcons-Regular.otf.gz' with Content-Encoding and Vary headers
         Processing related endpoint 'admin/assets/fonts/MaterialIcons-Regular.otf'
           Created Content-Encoding selector for compressed asset 'gzip' with size '0.000235626767' is 'admin/assets/fonts/MaterialIcons-Regular.otf'
           Adding header 'Cache-Control' to related endpoint 'admin/assets/fonts/MaterialIcons-Regular.otf'
           Adding header 'Content-Encoding' to related endpoint 'admin/assets/fonts/MaterialIcons-Regular.otf'
           Adding header 'Content-Length' to related endpoint 'admin/assets/fonts/MaterialIcons-Regular.otf'
           Skipping Content-Type header for related endpoint 'admin/assets/fonts/MaterialIcons-Regular.otf'
           Adding header 'ETag' to related endpoint 'admin/assets/fonts/MaterialIcons-Regular.otf'
           Adding header 'Last-Modified' to related endpoint 'admin/assets/fonts/MaterialIcons-Regular.otf'
           Adding header 'Vary' to related endpoint 'admin/assets/fonts/MaterialIcons-Regular.otf'
           Skipping header 'Cache-Control' for related endpoint 'admin/assets/fonts/MaterialIcons-Regular.otf'
           Skipping header 'Content-Length' for related endpoint 'admin/assets/fonts/MaterialIcons-Regular.otf'
         Adding Content-Type 'font/otf' header to related endpoint 'admin/assets/fonts/MaterialIcons-Regular.otf'
           Updating ETag header for related endpoint 'admin/assets/fonts/MaterialIcons-Regular.otf'
           Skipping header 'Last-Modified' for related endpoint 'admin/assets/fonts/MaterialIcons-Regular.otf'
           Updated related endpoint 'admin/assets/fonts/MaterialIcons-Regular.otf' with Content-Encoding selector 'gzip=0.000235626767'
           Adding Vary response header to related endpoint 'admin/assets/fonts/MaterialIcons-Regular.otf'
           Updated endpoint 'admin/assets/fonts/MaterialIcons-Regular.i38f925a2v.otf.gz' with Content-Encoding and Vary headers
         Processing related endpoint 'admin/assets/fonts/MaterialIcons-Regular.i38f925a2v.otf'
           Created Content-Encoding selector for compressed asset 'gzip' with size '0.000235626767' is 'admin/assets/fonts/MaterialIcons-Regular.i38f925a2v.otf'
           Adding header 'Cache-Control' to related endpoint 'admin/assets/fonts/MaterialIcons-Regular.i38f925a2v.otf'
           Adding header 'Content-Encoding' to related endpoint 'admin/assets/fonts/MaterialIcons-Regular.i38f925a2v.otf'
           Adding header 'Content-Length' to related endpoint 'admin/assets/fonts/MaterialIcons-Regular.i38f925a2v.otf'
           Skipping Content-Type header for related endpoint 'admin/assets/fonts/MaterialIcons-Regular.i38f925a2v.otf'
           Adding header 'ETag' to related endpoint 'admin/assets/fonts/MaterialIcons-Regular.i38f925a2v.otf'
           Adding header 'Last-Modified' to related endpoint 'admin/assets/fonts/MaterialIcons-Regular.i38f925a2v.otf'
           Adding header 'Vary' to related endpoint 'admin/assets/fonts/MaterialIcons-Regular.i38f925a2v.otf'
           Skipping header 'Cache-Control' for related endpoint 'admin/assets/fonts/MaterialIcons-Regular.i38f925a2v.otf'
           Skipping header 'Content-Length' for related endpoint 'admin/assets/fonts/MaterialIcons-Regular.i38f925a2v.otf'
         Adding Content-Type 'font/otf' header to related endpoint 'admin/assets/fonts/MaterialIcons-Regular.i38f925a2v.otf'
           Updating ETag header for related endpoint 'admin/assets/fonts/MaterialIcons-Regular.i38f925a2v.otf'
           Skipping header 'Last-Modified' for related endpoint 'admin/assets/fonts/MaterialIcons-Regular.i38f925a2v.otf'
           Updated related endpoint 'admin/assets/fonts/MaterialIcons-Regular.i38f925a2v.otf' with Content-Encoding selector 'gzip=0.000235626767'
           Adding Vary response header to related endpoint 'admin/assets/fonts/MaterialIcons-Regular.i38f925a2v.otf'
         Processing compressed asset: D:\P.L\Flutter\fresh_produce_app\FreshProduce.Api\obj\Debug\net9.0\compressed\r49rgyubkk-{0}-o0khchddlv-o0khchddlv.gz
           Updated endpoint 'canvaskit/canvaskit.wasm.gz' with Content-Encoding and Vary headers
         Processing related endpoint 'canvaskit/canvaskit.wasm'
           Created Content-Encoding selector for compressed asset 'gzip' with size '0.000000344219' is 'canvaskit/canvaskit.wasm'
           Adding header 'Cache-Control' to related endpoint 'canvaskit/canvaskit.wasm'
           Adding header 'Content-Encoding' to related endpoint 'canvaskit/canvaskit.wasm'
           Adding header 'Content-Length' to related endpoint 'canvaskit/canvaskit.wasm'
           Skipping Content-Type header for related endpoint 'canvaskit/canvaskit.wasm'
           Adding header 'ETag' to related endpoint 'canvaskit/canvaskit.wasm'
           Adding header 'Last-Modified' to related endpoint 'canvaskit/canvaskit.wasm'
           Adding header 'Vary' to related endpoint 'canvaskit/canvaskit.wasm'
           Skipping header 'Cache-Control' for related endpoint 'canvaskit/canvaskit.wasm'
           Skipping header 'Content-Length' for related endpoint 'canvaskit/canvaskit.wasm'
         Adding Content-Type 'application/wasm' header to related endpoint 'canvaskit/canvaskit.wasm'
           Updating ETag header for related endpoint 'canvaskit/canvaskit.wasm'
           Skipping header 'Last-Modified' for related endpoint 'canvaskit/canvaskit.wasm'
           Updated related endpoint 'canvaskit/canvaskit.wasm' with Content-Encoding selector 'gzip=0.000000344219'
           Adding Vary response header to related endpoint 'canvaskit/canvaskit.wasm'
           Updated endpoint 'canvaskit/canvaskit.o0khchddlv.wasm.gz' with Content-Encoding and Vary headers
         Processing related endpoint 'canvaskit/canvaskit.o0khchddlv.wasm'
           Created Content-Encoding selector for compressed asset 'gzip' with size '0.000000344219' is 'canvaskit/canvaskit.o0khchddlv.wasm'
           Adding header 'Cache-Control' to related endpoint 'canvaskit/canvaskit.o0khchddlv.wasm'
           Adding header 'Content-Encoding' to related endpoint 'canvaskit/canvaskit.o0khchddlv.wasm'
           Adding header 'Content-Length' to related endpoint 'canvaskit/canvaskit.o0khchddlv.wasm'
           Skipping Content-Type header for related endpoint 'canvaskit/canvaskit.o0khchddlv.wasm'
           Adding header 'ETag' to related endpoint 'canvaskit/canvaskit.o0khchddlv.wasm'
           Adding header 'Last-Modified' to related endpoint 'canvaskit/canvaskit.o0khchddlv.wasm'
           Adding header 'Vary' to related endpoint 'canvaskit/canvaskit.o0khchddlv.wasm'
           Skipping header 'Cache-Control' for related endpoint 'canvaskit/canvaskit.o0khchddlv.wasm'
           Skipping header 'Content-Length' for related endpoint 'canvaskit/canvaskit.o0khchddlv.wasm'
         Adding Content-Type 'application/wasm' header to related endpoint 'canvaskit/canvaskit.o0khchddlv.wasm'
           Updating ETag header for related endpoint 'canvaskit/canvaskit.o0khchddlv.wasm'
           Skipping header 'Last-Modified' for related endpoint 'canvaskit/canvaskit.o0khchddlv.wasm'
           Updated related endpoint 'canvaskit/canvaskit.o0khchddlv.wasm' with Content-Encoding selector 'gzip=0.000000344219'
           Adding Vary response header to related endpoint 'canvaskit/canvaskit.o0khchddlv.wasm'
         Processing compressed asset: D:\P.L\Flutter\fresh_produce_app\FreshProduce.Api\obj\Debug\net9.0\compressed\r22261hu9v-{0}-udn3qxhb0n-udn3qxhb0n.gz
           Updated endpoint 'canvaskit/chromium/canvaskit.wasm.gz' with Content-Encoding and Vary headers
         Processing related endpoint 'canvaskit/chromium/canvaskit.wasm'
           Created Content-Encoding selector for compressed asset 'gzip' with size '0.000000453616' is 'canvaskit/chromium/canvaskit.wasm'
           Adding header 'Cache-Control' to related endpoint 'canvaskit/chromium/canvaskit.wasm'
           Adding header 'Content-Encoding' to related endpoint 'canvaskit/chromium/canvaskit.wasm'
           Adding header 'Content-Length' to related endpoint 'canvaskit/chromium/canvaskit.wasm'
           Skipping Content-Type header for related endpoint 'canvaskit/chromium/canvaskit.wasm'
           Adding header 'ETag' to related endpoint 'canvaskit/chromium/canvaskit.wasm'
           Adding header 'Last-Modified' to related endpoint 'canvaskit/chromium/canvaskit.wasm'
           Adding header 'Vary' to related endpoint 'canvaskit/chromium/canvaskit.wasm'
           Skipping header 'Cache-Control' for related endpoint 'canvaskit/chromium/canvaskit.wasm'
           Skipping header 'Content-Length' for related endpoint 'canvaskit/chromium/canvaskit.wasm'
         Adding Content-Type 'application/wasm' header to related endpoint 'canvaskit/chromium/canvaskit.wasm'
           Updating ETag header for related endpoint 'canvaskit/chromium/canvaskit.wasm'
           Skipping header 'Last-Modified' for related endpoint 'canvaskit/chromium/canvaskit.wasm'
           Updated related endpoint 'canvaskit/chromium/canvaskit.wasm' with Content-Encoding selector 'gzip=0.000000453616'
           Adding Vary response header to related endpoint 'canvaskit/chromium/canvaskit.wasm'
           Updated endpoint 'canvaskit/chromium/canvaskit.udn3qxhb0n.wasm.gz' with Content-Encoding and Vary headers
         Processing related endpoint 'canvaskit/chromium/canvaskit.udn3qxhb0n.wasm'
           Created Content-Encoding selector for compressed asset 'gzip' with size '0.000000453616' is 'canvaskit/chromium/canvaskit.udn3qxhb0n.wasm'
           Adding header 'Cache-Control' to related endpoint 'canvaskit/chromium/canvaskit.udn3qxhb0n.wasm'
           Adding header 'Content-Encoding' to related endpoint 'canvaskit/chromium/canvaskit.udn3qxhb0n.wasm'
           Adding header 'Content-Length' to related endpoint 'canvaskit/chromium/canvaskit.udn3qxhb0n.wasm'
           Skipping Content-Type header for related endpoint 'canvaskit/chromium/canvaskit.udn3qxhb0n.wasm'
           Adding header 'ETag' to related endpoint 'canvaskit/chromium/canvaskit.udn3qxhb0n.wasm'
           Adding header 'Last-Modified' to related endpoint 'canvaskit/chromium/canvaskit.udn3qxhb0n.wasm'
           Adding header 'Vary' to related endpoint 'canvaskit/chromium/canvaskit.udn3qxhb0n.wasm'
           Skipping header 'Cache-Control' for related endpoint 'canvaskit/chromium/canvaskit.udn3qxhb0n.wasm'
           Skipping header 'Content-Length' for related endpoint 'canvaskit/chromium/canvaskit.udn3qxhb0n.wasm'
         Adding Content-Type 'application/wasm' header to related endpoint 'canvaskit/chromium/canvaskit.udn3qxhb0n.wasm'
           Updating ETag header for related endpoint 'canvaskit/chromium/canvaskit.udn3qxhb0n.wasm'
           Skipping header 'Last-Modified' for related endpoint 'canvaskit/chromium/canvaskit.udn3qxhb0n.wasm'
           Updated related endpoint 'canvaskit/chromium/canvaskit.udn3qxhb0n.wasm' with Content-Encoding selector 'gzip=0.000000453616'
           Adding Vary response header to related endpoint 'canvaskit/chromium/canvaskit.udn3qxhb0n.wasm'
         Processing compressed asset: D:\P.L\Flutter\fresh_produce_app\FreshProduce.Api\obj\Debug\net9.0\compressed\eo5jw1lduk-{0}-som1pkmtep-som1pkmtep.gz
           Updated endpoint 'admin/canvaskit/skwasm_heavy.wasm.gz' with Content-Encoding and Vary headers
         Processing related endpoint 'admin/canvaskit/skwasm_heavy.wasm'
           Created Content-Encoding selector for compressed asset 'gzip' with size '0.000000438557' is 'admin/canvaskit/skwasm_heavy.wasm'
           Adding header 'Cache-Control' to related endpoint 'admin/canvaskit/skwasm_heavy.wasm'
           Adding header 'Content-Encoding' to related endpoint 'admin/canvaskit/skwasm_heavy.wasm'
           Adding header 'Content-Length' to related endpoint 'admin/canvaskit/skwasm_heavy.wasm'
           Skipping Content-Type header for related endpoint 'admin/canvaskit/skwasm_heavy.wasm'
           Adding header 'ETag' to related endpoint 'admin/canvaskit/skwasm_heavy.wasm'
           Adding header 'Last-Modified' to related endpoint 'admin/canvaskit/skwasm_heavy.wasm'
           Adding header 'Vary' to related endpoint 'admin/canvaskit/skwasm_heavy.wasm'
           Skipping header 'Cache-Control' for related endpoint 'admin/canvaskit/skwasm_heavy.wasm'
           Skipping header 'Content-Length' for related endpoint 'admin/canvaskit/skwasm_heavy.wasm'
         Adding Content-Type 'application/wasm' header to related endpoint 'admin/canvaskit/skwasm_heavy.wasm'
           Updating ETag header for related endpoint 'admin/canvaskit/skwasm_heavy.wasm'
           Skipping header 'Last-Modified' for related endpoint 'admin/canvaskit/skwasm_heavy.wasm'
           Updated related endpoint 'admin/canvaskit/skwasm_heavy.wasm' with Content-Encoding selector 'gzip=0.000000438557'
           Adding Vary response header to related endpoint 'admin/canvaskit/skwasm_heavy.wasm'
           Updated endpoint 'admin/canvaskit/skwasm_heavy.som1pkmtep.wasm.gz' with Content-Encoding and Vary headers
         Processing related endpoint 'admin/canvaskit/skwasm_heavy.som1pkmtep.wasm'
           Created Content-Encoding selector for compressed asset 'gzip' with size '0.000000438557' is 'admin/canvaskit/skwasm_heavy.som1pkmtep.wasm'
           Adding header 'Cache-Control' to related endpoint 'admin/canvaskit/skwasm_heavy.som1pkmtep.wasm'
           Adding header 'Content-Encoding' to related endpoint 'admin/canvaskit/skwasm_heavy.som1pkmtep.wasm'
           Adding header 'Content-Length' to related endpoint 'admin/canvaskit/skwasm_heavy.som1pkmtep.wasm'
           Skipping Content-Type header for related endpoint 'admin/canvaskit/skwasm_heavy.som1pkmtep.wasm'
           Adding header 'ETag' to related endpoint 'admin/canvaskit/skwasm_heavy.som1pkmtep.wasm'
           Adding header 'Last-Modified' to related endpoint 'admin/canvaskit/skwasm_heavy.som1pkmtep.wasm'
           Adding header 'Vary' to related endpoint 'admin/canvaskit/skwasm_heavy.som1pkmtep.wasm'
           Skipping header 'Cache-Control' for related endpoint 'admin/canvaskit/skwasm_heavy.som1pkmtep.wasm'
           Skipping header 'Content-Length' for related endpoint 'admin/canvaskit/skwasm_heavy.som1pkmtep.wasm'
         Adding Content-Type 'application/wasm' header to related endpoint 'admin/canvaskit/skwasm_heavy.som1pkmtep.wasm'
           Updating ETag header for related endpoint 'admin/canvaskit/skwasm_heavy.som1pkmtep.wasm'
           Skipping header 'Last-Modified' for related endpoint 'admin/canvaskit/skwasm_heavy.som1pkmtep.wasm'
           Updated related endpoint 'admin/canvaskit/skwasm_heavy.som1pkmtep.wasm' with Content-Encoding selector 'gzip=0.000000438557'
           Adding Vary response header to related endpoint 'admin/canvaskit/skwasm_heavy.som1pkmtep.wasm'
         Processing compressed asset: D:\P.L\Flutter\fresh_produce_app\FreshProduce.Api\obj\Debug\net9.0\compressed\s1gc22zpk3-{0}-kqd8e0b56y-kqd8e0b56y.gz
           Updated endpoint 'canvaskit/skwasm.wasm.gz' with Content-Encoding and Vary headers
         Processing related endpoint 'canvaskit/skwasm.wasm'
           Created Content-Encoding selector for compressed asset 'gzip' with size '0.000000647259' is 'canvaskit/skwasm.wasm'
           Adding header 'Cache-Control' to related endpoint 'canvaskit/skwasm.wasm'
           Adding header 'Content-Encoding' to related endpoint 'canvaskit/skwasm.wasm'
           Adding header 'Content-Length' to related endpoint 'canvaskit/skwasm.wasm'
           Skipping Content-Type header for related endpoint 'canvaskit/skwasm.wasm'
           Adding header 'ETag' to related endpoint 'canvaskit/skwasm.wasm'
           Adding header 'Last-Modified' to related endpoint 'canvaskit/skwasm.wasm'
           Adding header 'Vary' to related endpoint 'canvaskit/skwasm.wasm'
           Skipping header 'Cache-Control' for related endpoint 'canvaskit/skwasm.wasm'
           Skipping header 'Content-Length' for related endpoint 'canvaskit/skwasm.wasm'
         Adding Content-Type 'application/wasm' header to related endpoint 'canvaskit/skwasm.wasm'
           Updating ETag header for related endpoint 'canvaskit/skwasm.wasm'
           Skipping header 'Last-Modified' for related endpoint 'canvaskit/skwasm.wasm'
           Updated related endpoint 'canvaskit/skwasm.wasm' with Content-Encoding selector 'gzip=0.000000647259'
           Adding Vary response header to related endpoint 'canvaskit/skwasm.wasm'
           Updated endpoint 'canvaskit/skwasm.kqd8e0b56y.wasm.gz' with Content-Encoding and Vary headers
         Processing related endpoint 'canvaskit/skwasm.kqd8e0b56y.wasm'
           Created Content-Encoding selector for compressed asset 'gzip' with size '0.000000647259' is 'canvaskit/skwasm.kqd8e0b56y.wasm'
           Adding header 'Cache-Control' to related endpoint 'canvaskit/skwasm.kqd8e0b56y.wasm'
           Adding header 'Content-Encoding' to related endpoint 'canvaskit/skwasm.kqd8e0b56y.wasm'
           Adding header 'Content-Length' to related endpoint 'canvaskit/skwasm.kqd8e0b56y.wasm'
           Skipping Content-Type header for related endpoint 'canvaskit/skwasm.kqd8e0b56y.wasm'
           Adding header 'ETag' to related endpoint 'canvaskit/skwasm.kqd8e0b56y.wasm'
           Adding header 'Last-Modified' to related endpoint 'canvaskit/skwasm.kqd8e0b56y.wasm'
           Adding header 'Vary' to related endpoint 'canvaskit/skwasm.kqd8e0b56y.wasm'
           Skipping header 'Cache-Control' for related endpoint 'canvaskit/skwasm.kqd8e0b56y.wasm'
           Skipping header 'Content-Length' for related endpoint 'canvaskit/skwasm.kqd8e0b56y.wasm'
         Adding Content-Type 'application/wasm' header to related endpoint 'canvaskit/skwasm.kqd8e0b56y.wasm'
           Updating ETag header for related endpoint 'canvaskit/skwasm.kqd8e0b56y.wasm'
           Skipping header 'Last-Modified' for related endpoint 'canvaskit/skwasm.kqd8e0b56y.wasm'
           Updated related endpoint 'canvaskit/skwasm.kqd8e0b56y.wasm' with Content-Encoding selector 'gzip=0.000000647259'
           Adding Vary response header to related endpoint 'canvaskit/skwasm.kqd8e0b56y.wasm'
         Processing compressed asset: D:\P.L\Flutter\fresh_produce_app\FreshProduce.Api\obj\Debug\net9.0\compressed\qmh1e5aiya-{0}-pt7u1aviqz-pt7u1aviqz.gz
           Updated endpoint 'canvaskit/skwasm_heavy.js.gz' with Content-Encoding and Vary headers
         Processing related endpoint 'canvaskit/skwasm_heavy.js'
           Created Content-Encoding selector for compressed asset 'gzip' with size '0.000060092543' is 'canvaskit/skwasm_heavy.js'
           Adding header 'Cache-Control' to related endpoint 'canvaskit/skwasm_heavy.js'
           Adding header 'Content-Encoding' to related endpoint 'canvaskit/skwasm_heavy.js'
           Adding header 'Content-Length' to related endpoint 'canvaskit/skwasm_heavy.js'
           Skipping Content-Type header for related endpoint 'canvaskit/skwasm_heavy.js'
           Adding header 'ETag' to related endpoint 'canvaskit/skwasm_heavy.js'
           Adding header 'Last-Modified' to related endpoint 'canvaskit/skwasm_heavy.js'
           Adding header 'Vary' to related endpoint 'canvaskit/skwasm_heavy.js'
           Skipping header 'Cache-Control' for related endpoint 'canvaskit/skwasm_heavy.js'
           Skipping header 'Content-Length' for related endpoint 'canvaskit/skwasm_heavy.js'
         Adding Content-Type 'text/javascript' header to related endpoint 'canvaskit/skwasm_heavy.js'
           Updating ETag header for related endpoint 'canvaskit/skwasm_heavy.js'
           Skipping header 'Last-Modified' for related endpoint 'canvaskit/skwasm_heavy.js'
           Updated related endpoint 'canvaskit/skwasm_heavy.js' with Content-Encoding selector 'gzip=0.000060092543'
           Adding Vary response header to related endpoint 'canvaskit/skwasm_heavy.js'
           Updated endpoint 'canvaskit/skwasm_heavy.pt7u1aviqz.js.gz' with Content-Encoding and Vary headers
         Processing related endpoint 'canvaskit/skwasm_heavy.pt7u1aviqz.js'
           Created Content-Encoding selector for compressed asset 'gzip' with size '0.000060092543' is 'canvaskit/skwasm_heavy.pt7u1aviqz.js'
           Adding header 'Cache-Control' to related endpoint 'canvaskit/skwasm_heavy.pt7u1aviqz.js'
           Adding header 'Content-Encoding' to related endpoint 'canvaskit/skwasm_heavy.pt7u1aviqz.js'
           Adding header 'Content-Length' to related endpoint 'canvaskit/skwasm_heavy.pt7u1aviqz.js'
           Skipping Content-Type header for related endpoint 'canvaskit/skwasm_heavy.pt7u1aviqz.js'
           Adding header 'ETag' to related endpoint 'canvaskit/skwasm_heavy.pt7u1aviqz.js'
           Adding header 'Last-Modified' to related endpoint 'canvaskit/skwasm_heavy.pt7u1aviqz.js'
           Adding header 'Vary' to related endpoint 'canvaskit/skwasm_heavy.pt7u1aviqz.js'
           Skipping header 'Cache-Control' for related endpoint 'canvaskit/skwasm_heavy.pt7u1aviqz.js'
           Skipping header 'Content-Length' for related endpoint 'canvaskit/skwasm_heavy.pt7u1aviqz.js'
         Adding Content-Type 'text/javascript' header to related endpoint 'canvaskit/skwasm_heavy.pt7u1aviqz.js'
           Updating ETag header for related endpoint 'canvaskit/skwasm_heavy.pt7u1aviqz.js'
           Skipping header 'Last-Modified' for related endpoint 'canvaskit/skwasm_heavy.pt7u1aviqz.js'
           Updated related endpoint 'canvaskit/skwasm_heavy.pt7u1aviqz.js' with Content-Encoding selector 'gzip=0.000060092543'
           Adding Vary response header to related endpoint 'canvaskit/skwasm_heavy.pt7u1aviqz.js'
         Processing compressed asset: D:\P.L\Flutter\fresh_produce_app\FreshProduce.Api\obj\Debug\net9.0\compressed\2entdy4apt-{0}-som1pkmtep-som1pkmtep.gz
           Updated endpoint 'canvaskit/skwasm_heavy.wasm.gz' with Content-Encoding and Vary headers
         Processing related endpoint 'canvaskit/skwasm_heavy.wasm'
           Created Content-Encoding selector for compressed asset 'gzip' with size '0.000000438557' is 'canvaskit/skwasm_heavy.wasm'
           Adding header 'Cache-Control' to related endpoint 'canvaskit/skwasm_heavy.wasm'
           Adding header 'Content-Encoding' to related endpoint 'canvaskit/skwasm_heavy.wasm'
           Adding header 'Content-Length' to related endpoint 'canvaskit/skwasm_heavy.wasm'
           Skipping Content-Type header for related endpoint 'canvaskit/skwasm_heavy.wasm'
           Adding header 'ETag' to related endpoint 'canvaskit/skwasm_heavy.wasm'
           Adding header 'Last-Modified' to related endpoint 'canvaskit/skwasm_heavy.wasm'
           Adding header 'Vary' to related endpoint 'canvaskit/skwasm_heavy.wasm'
           Skipping header 'Cache-Control' for related endpoint 'canvaskit/skwasm_heavy.wasm'
           Skipping header 'Content-Length' for related endpoint 'canvaskit/skwasm_heavy.wasm'
         Adding Content-Type 'application/wasm' header to related endpoint 'canvaskit/skwasm_heavy.wasm'
           Updating ETag header for related endpoint 'canvaskit/skwasm_heavy.wasm'
           Skipping header 'Last-Modified' for related endpoint 'canvaskit/skwasm_heavy.wasm'
           Updated related endpoint 'canvaskit/skwasm_heavy.wasm' with Content-Encoding selector 'gzip=0.000000438557'
           Adding Vary response header to related endpoint 'canvaskit/skwasm_heavy.wasm'
           Updated endpoint 'canvaskit/skwasm_heavy.som1pkmtep.wasm.gz' with Content-Encoding and Vary headers
         Processing related endpoint 'canvaskit/skwasm_heavy.som1pkmtep.wasm'
           Created Content-Encoding selector for compressed asset 'gzip' with size '0.000000438557' is 'canvaskit/skwasm_heavy.som1pkmtep.wasm'
           Adding header 'Cache-Control' to related endpoint 'canvaskit/skwasm_heavy.som1pkmtep.wasm'
           Adding header 'Content-Encoding' to related endpoint 'canvaskit/skwasm_heavy.som1pkmtep.wasm'
           Adding header 'Content-Length' to related endpoint 'canvaskit/skwasm_heavy.som1pkmtep.wasm'
           Skipping Content-Type header for related endpoint 'canvaskit/skwasm_heavy.som1pkmtep.wasm'
           Adding header 'ETag' to related endpoint 'canvaskit/skwasm_heavy.som1pkmtep.wasm'
           Adding header 'Last-Modified' to related endpoint 'canvaskit/skwasm_heavy.som1pkmtep.wasm'
           Adding header 'Vary' to related endpoint 'canvaskit/skwasm_heavy.som1pkmtep.wasm'
           Skipping header 'Cache-Control' for related endpoint 'canvaskit/skwasm_heavy.som1pkmtep.wasm'
           Skipping header 'Content-Length' for related endpoint 'canvaskit/skwasm_heavy.som1pkmtep.wasm'
         Adding Content-Type 'application/wasm' header to related endpoint 'canvaskit/skwasm_heavy.som1pkmtep.wasm'
           Updating ETag header for related endpoint 'canvaskit/skwasm_heavy.som1pkmtep.wasm'
           Skipping header 'Last-Modified' for related endpoint 'canvaskit/skwasm_heavy.som1pkmtep.wasm'
           Updated related endpoint 'canvaskit/skwasm_heavy.som1pkmtep.wasm' with Content-Encoding selector 'gzip=0.000000438557'
           Adding Vary response header to related endpoint 'canvaskit/skwasm_heavy.som1pkmtep.wasm'
         Processing compressed asset: D:\P.L\Flutter\fresh_produce_app\FreshProduce.Api\obj\Debug\net9.0\compressed\h83saqn2yc-{0}-z4ueicp6lb-z4ueicp6lb.gz
           Updated endpoint 'flutter.js.gz' with Content-Encoding and Vary headers
         Processing related endpoint 'flutter.js'
           Created Content-Encoding selector for compressed asset 'gzip' with size '0.000274273176' is 'flutter.js'
           Adding header 'Cache-Control' to related endpoint 'flutter.js'
           Adding header 'Content-Encoding' to related endpoint 'flutter.js'
           Adding header 'Content-Length' to related endpoint 'flutter.js'
           Skipping Content-Type header for related endpoint 'flutter.js'
           Adding header 'ETag' to related endpoint 'flutter.js'
           Adding header 'Last-Modified' to related endpoint 'flutter.js'
           Adding header 'Vary' to related endpoint 'flutter.js'
           Skipping header 'Cache-Control' for related endpoint 'flutter.js'
           Skipping header 'Content-Length' for related endpoint 'flutter.js'
         Adding Content-Type 'text/javascript' header to related endpoint 'flutter.js'
           Updating ETag header for related endpoint 'flutter.js'
           Skipping header 'Last-Modified' for related endpoint 'flutter.js'
           Updated related endpoint 'flutter.js' with Content-Encoding selector 'gzip=0.000274273176'
           Adding Vary response header to related endpoint 'flutter.js'
           Updated endpoint 'flutter.z4ueicp6lb.js.gz' with Content-Encoding and Vary headers
         Processing related endpoint 'flutter.z4ueicp6lb.js'
           Created Content-Encoding selector for compressed asset 'gzip' with size '0.000274273176' is 'flutter.z4ueicp6lb.js'
           Adding header 'Cache-Control' to related endpoint 'flutter.z4ueicp6lb.js'
           Adding header 'Content-Encoding' to related endpoint 'flutter.z4ueicp6lb.js'
           Adding header 'Content-Length' to related endpoint 'flutter.z4ueicp6lb.js'
           Skipping Content-Type header for related endpoint 'flutter.z4ueicp6lb.js'
           Adding header 'ETag' to related endpoint 'flutter.z4ueicp6lb.js'
           Adding header 'Last-Modified' to related endpoint 'flutter.z4ueicp6lb.js'
           Adding header 'Vary' to related endpoint 'flutter.z4ueicp6lb.js'
           Skipping header 'Cache-Control' for related endpoint 'flutter.z4ueicp6lb.js'
           Skipping header 'Content-Length' for related endpoint 'flutter.z4ueicp6lb.js'
         Adding Content-Type 'text/javascript' header to related endpoint 'flutter.z4ueicp6lb.js'
           Updating ETag header for related endpoint 'flutter.z4ueicp6lb.js'
           Skipping header 'Last-Modified' for related endpoint 'flutter.z4ueicp6lb.js'
           Updated related endpoint 'flutter.z4ueicp6lb.js' with Content-Encoding selector 'gzip=0.000274273176'
           Adding Vary response header to related endpoint 'flutter.z4ueicp6lb.js'
         Processing compressed asset: D:\P.L\Flutter\fresh_produce_app\FreshProduce.Api\obj\Debug\net9.0\compressed\m644wfwk2i-{0}-ayvu4txshl-ayvu4txshl.gz
           Updated endpoint 'index.html.gz' with Content-Encoding and Vary headers
         Processing related endpoint 'index.html'
           Created Content-Encoding selector for compressed asset 'gzip' with size '0.001538461538' is 'index.html'
           Adding header 'Cache-Control' to related endpoint 'index.html'
           Adding header 'Content-Encoding' to related endpoint 'index.html'
           Adding header 'Content-Length' to related endpoint 'index.html'
           Skipping Content-Type header for related endpoint 'index.html'
           Adding header 'ETag' to related endpoint 'index.html'
           Adding header 'Last-Modified' to related endpoint 'index.html'
           Adding header 'Vary' to related endpoint 'index.html'
           Skipping header 'Cache-Control' for related endpoint 'index.html'
           Skipping header 'Content-Length' for related endpoint 'index.html'
         Adding Content-Type 'text/html' header to related endpoint 'index.html'
           Updating ETag header for related endpoint 'index.html'
           Skipping header 'Last-Modified' for related endpoint 'index.html'
           Updated related endpoint 'index.html' with Content-Encoding selector 'gzip=0.001538461538'
           Adding Vary response header to related endpoint 'index.html'
           Updated endpoint 'index.ayvu4txshl.html.gz' with Content-Encoding and Vary headers
         Processing related endpoint 'index.ayvu4txshl.html'
           Created Content-Encoding selector for compressed asset 'gzip' with size '0.001538461538' is 'index.ayvu4txshl.html'
           Adding header 'Cache-Control' to related endpoint 'index.ayvu4txshl.html'
           Adding header 'Content-Encoding' to related endpoint 'index.ayvu4txshl.html'
           Adding header 'Content-Length' to related endpoint 'index.ayvu4txshl.html'
           Skipping Content-Type header for related endpoint 'index.ayvu4txshl.html'
           Adding header 'ETag' to related endpoint 'index.ayvu4txshl.html'
           Adding header 'Last-Modified' to related endpoint 'index.ayvu4txshl.html'
           Adding header 'Vary' to related endpoint 'index.ayvu4txshl.html'
           Skipping header 'Cache-Control' for related endpoint 'index.ayvu4txshl.html'
           Skipping header 'Content-Length' for related endpoint 'index.ayvu4txshl.html'
         Adding Content-Type 'text/html' header to related endpoint 'index.ayvu4txshl.html'
           Updating ETag header for related endpoint 'index.ayvu4txshl.html'
           Skipping header 'Last-Modified' for related endpoint 'index.ayvu4txshl.html'
           Updated related endpoint 'index.ayvu4txshl.html' with Content-Encoding selector 'gzip=0.001538461538'
           Adding Vary response header to related endpoint 'index.ayvu4txshl.html'
         Processing compressed asset: D:\P.L\Flutter\fresh_produce_app\FreshProduce.Api\obj\Debug\net9.0\compressed\1j4sayd7l6-{0}-fgu7z2inz0-fgu7z2inz0.gz
           Updated endpoint 'flutter_bootstrap.js.gz' with Content-Encoding and Vary headers
         Processing related endpoint 'flutter_bootstrap.js'
           Created Content-Encoding selector for compressed asset 'gzip' with size '0.000263782643' is 'flutter_bootstrap.js'
           Adding header 'Cache-Control' to related endpoint 'flutter_bootstrap.js'
           Adding header 'Content-Encoding' to related endpoint 'flutter_bootstrap.js'
           Adding header 'Content-Length' to related endpoint 'flutter_bootstrap.js'
           Skipping Content-Type header for related endpoint 'flutter_bootstrap.js'
           Adding header 'ETag' to related endpoint 'flutter_bootstrap.js'
           Adding header 'Last-Modified' to related endpoint 'flutter_bootstrap.js'
           Adding header 'Vary' to related endpoint 'flutter_bootstrap.js'
           Skipping header 'Cache-Control' for related endpoint 'flutter_bootstrap.js'
           Skipping header 'Content-Length' for related endpoint 'flutter_bootstrap.js'
         Adding Content-Type 'text/javascript' header to related endpoint 'flutter_bootstrap.js'
           Updating ETag header for related endpoint 'flutter_bootstrap.js'
           Skipping header 'Last-Modified' for related endpoint 'flutter_bootstrap.js'
           Updated related endpoint 'flutter_bootstrap.js' with Content-Encoding selector 'gzip=0.000263782643'
           Adding Vary response header to related endpoint 'flutter_bootstrap.js'
           Updated endpoint 'flutter_bootstrap.fgu7z2inz0.js.gz' with Content-Encoding and Vary headers
         Processing related endpoint 'flutter_bootstrap.fgu7z2inz0.js'
           Created Content-Encoding selector for compressed asset 'gzip' with size '0.000263782643' is 'flutter_bootstrap.fgu7z2inz0.js'
           Adding header 'Cache-Control' to related endpoint 'flutter_bootstrap.fgu7z2inz0.js'
           Adding header 'Content-Encoding' to related endpoint 'flutter_bootstrap.fgu7z2inz0.js'
           Adding header 'Content-Length' to related endpoint 'flutter_bootstrap.fgu7z2inz0.js'
           Skipping Content-Type header for related endpoint 'flutter_bootstrap.fgu7z2inz0.js'
           Adding header 'ETag' to related endpoint 'flutter_bootstrap.fgu7z2inz0.js'
           Adding header 'Last-Modified' to related endpoint 'flutter_bootstrap.fgu7z2inz0.js'
           Adding header 'Vary' to related endpoint 'flutter_bootstrap.fgu7z2inz0.js'
           Skipping header 'Cache-Control' for related endpoint 'flutter_bootstrap.fgu7z2inz0.js'
           Skipping header 'Content-Length' for related endpoint 'flutter_bootstrap.fgu7z2inz0.js'
         Adding Content-Type 'text/javascript' header to related endpoint 'flutter_bootstrap.fgu7z2inz0.js'
           Updating ETag header for related endpoint 'flutter_bootstrap.fgu7z2inz0.js'
           Skipping header 'Last-Modified' for related endpoint 'flutter_bootstrap.fgu7z2inz0.js'
           Updated related endpoint 'flutter_bootstrap.fgu7z2inz0.js' with Content-Encoding selector 'gzip=0.000263782643'
           Adding Vary response header to related endpoint 'flutter_bootstrap.fgu7z2inz0.js'
         Processing compressed asset: D:\P.L\Flutter\fresh_produce_app\FreshProduce.Api\obj\Debug\net9.0\compressed\8nankosncg-{0}-kqd8e0b56y-kqd8e0b56y.gz
           Updated endpoint 'admin/canvaskit/skwasm.wasm.gz' with Content-Encoding and Vary headers
         Processing related endpoint 'admin/canvaskit/skwasm.wasm'
           Created Content-Encoding selector for compressed asset 'gzip' with size '0.000000647259' is 'admin/canvaskit/skwasm.wasm'
           Adding header 'Cache-Control' to related endpoint 'admin/canvaskit/skwasm.wasm'
           Adding header 'Content-Encoding' to related endpoint 'admin/canvaskit/skwasm.wasm'
           Adding header 'Content-Length' to related endpoint 'admin/canvaskit/skwasm.wasm'
           Skipping Content-Type header for related endpoint 'admin/canvaskit/skwasm.wasm'
           Adding header 'ETag' to related endpoint 'admin/canvaskit/skwasm.wasm'
           Adding header 'Last-Modified' to related endpoint 'admin/canvaskit/skwasm.wasm'
           Adding header 'Vary' to related endpoint 'admin/canvaskit/skwasm.wasm'
           Skipping header 'Cache-Control' for related endpoint 'admin/canvaskit/skwasm.wasm'
           Skipping header 'Content-Length' for related endpoint 'admin/canvaskit/skwasm.wasm'
         Adding Content-Type 'application/wasm' header to related endpoint 'admin/canvaskit/skwasm.wasm'
           Updating ETag header for related endpoint 'admin/canvaskit/skwasm.wasm'
           Skipping header 'Last-Modified' for related endpoint 'admin/canvaskit/skwasm.wasm'
           Updated related endpoint 'admin/canvaskit/skwasm.wasm' with Content-Encoding selector 'gzip=0.000000647259'
           Adding Vary response header to related endpoint 'admin/canvaskit/skwasm.wasm'
           Updated endpoint 'admin/canvaskit/skwasm.kqd8e0b56y.wasm.gz' with Content-Encoding and Vary headers
         Processing related endpoint 'admin/canvaskit/skwasm.kqd8e0b56y.wasm'
           Created Content-Encoding selector for compressed asset 'gzip' with size '0.000000647259' is 'admin/canvaskit/skwasm.kqd8e0b56y.wasm'
           Adding header 'Cache-Control' to related endpoint 'admin/canvaskit/skwasm.kqd8e0b56y.wasm'
           Adding header 'Content-Encoding' to related endpoint 'admin/canvaskit/skwasm.kqd8e0b56y.wasm'
           Adding header 'Content-Length' to related endpoint 'admin/canvaskit/skwasm.kqd8e0b56y.wasm'
           Skipping Content-Type header for related endpoint 'admin/canvaskit/skwasm.kqd8e0b56y.wasm'
           Adding header 'ETag' to related endpoint 'admin/canvaskit/skwasm.kqd8e0b56y.wasm'
           Adding header 'Last-Modified' to related endpoint 'admin/canvaskit/skwasm.kqd8e0b56y.wasm'
           Adding header 'Vary' to related endpoint 'admin/canvaskit/skwasm.kqd8e0b56y.wasm'
           Skipping header 'Cache-Control' for related endpoint 'admin/canvaskit/skwasm.kqd8e0b56y.wasm'
           Skipping header 'Content-Length' for related endpoint 'admin/canvaskit/skwasm.kqd8e0b56y.wasm'
         Adding Content-Type 'application/wasm' header to related endpoint 'admin/canvaskit/skwasm.kqd8e0b56y.wasm'
           Updating ETag header for related endpoint 'admin/canvaskit/skwasm.kqd8e0b56y.wasm'
           Skipping header 'Last-Modified' for related endpoint 'admin/canvaskit/skwasm.kqd8e0b56y.wasm'
           Updated related endpoint 'admin/canvaskit/skwasm.kqd8e0b56y.wasm' with Content-Encoding selector 'gzip=0.000000647259'
           Adding Vary response header to related endpoint 'admin/canvaskit/skwasm.kqd8e0b56y.wasm'
         Processing compressed asset: D:\P.L\Flutter\fresh_produce_app\FreshProduce.Api\obj\Debug\net9.0\compressed\yzlxesspt4-{0}-ytdqykxoj9-ytdqykxoj9.gz
           Updated endpoint 'version.json.gz' with Content-Encoding and Vary headers
         Processing related endpoint 'version.json'
           Created Content-Encoding selector for compressed asset 'gzip' with size '0.010416666667' is 'version.json'
           Adding header 'Cache-Control' to related endpoint 'version.json'
           Adding header 'Content-Encoding' to related endpoint 'version.json'
           Adding header 'Content-Length' to related endpoint 'version.json'
           Skipping Content-Type header for related endpoint 'version.json'
           Adding header 'ETag' to related endpoint 'version.json'
           Adding header 'Last-Modified' to related endpoint 'version.json'
           Adding header 'Vary' to related endpoint 'version.json'
           Skipping header 'Cache-Control' for related endpoint 'version.json'
           Skipping header 'Content-Length' for related endpoint 'version.json'
         Adding Content-Type 'application/json' header to related endpoint 'version.json'
           Updating ETag header for related endpoint 'version.json'
           Skipping header 'Last-Modified' for related endpoint 'version.json'
           Updated related endpoint 'version.json' with Content-Encoding selector 'gzip=0.010416666667'
           Adding Vary response header to related endpoint 'version.json'
           Updated endpoint 'version.ytdqykxoj9.json.gz' with Content-Encoding and Vary headers
         Processing related endpoint 'version.ytdqykxoj9.json'
           Created Content-Encoding selector for compressed asset 'gzip' with size '0.010416666667' is 'version.ytdqykxoj9.json'
           Adding header 'Cache-Control' to related endpoint 'version.ytdqykxoj9.json'
           Adding header 'Content-Encoding' to related endpoint 'version.ytdqykxoj9.json'
           Adding header 'Content-Length' to related endpoint 'version.ytdqykxoj9.json'
           Skipping Content-Type header for related endpoint 'version.ytdqykxoj9.json'
           Adding header 'ETag' to related endpoint 'version.ytdqykxoj9.json'
           Adding header 'Last-Modified' to related endpoint 'version.ytdqykxoj9.json'
           Adding header 'Vary' to related endpoint 'version.ytdqykxoj9.json'
           Skipping header 'Cache-Control' for related endpoint 'version.ytdqykxoj9.json'
           Skipping header 'Content-Length' for related endpoint 'version.ytdqykxoj9.json'
         Adding Content-Type 'application/json' header to related endpoint 'version.ytdqykxoj9.json'
           Updating ETag header for related endpoint 'version.ytdqykxoj9.json'
           Skipping header 'Last-Modified' for related endpoint 'version.ytdqykxoj9.json'
           Updated related endpoint 'version.ytdqykxoj9.json' with Content-Encoding selector 'gzip=0.010416666667'
           Adding Vary response header to related endpoint 'version.ytdqykxoj9.json'
         Processing compressed asset: D:\P.L\Flutter\fresh_produce_app\FreshProduce.Api\obj\Debug\net9.0\compressed\polzclawn0-{0}-vdsimdjcro-vdsimdjcro.gz
           Updated endpoint 'flutter_service_worker.js.gz' with Content-Encoding and Vary headers
         Processing related endpoint 'flutter_service_worker.js'
           Created Content-Encoding selector for compressed asset 'gzip' with size '0.000332667997' is 'flutter_service_worker.js'
           Adding header 'Cache-Control' to related endpoint 'flutter_service_worker.js'
           Adding header 'Content-Encoding' to related endpoint 'flutter_service_worker.js'
           Adding header 'Content-Length' to related endpoint 'flutter_service_worker.js'
           Skipping Content-Type header for related endpoint 'flutter_service_worker.js'
           Adding header 'ETag' to related endpoint 'flutter_service_worker.js'
           Adding header 'Last-Modified' to related endpoint 'flutter_service_worker.js'
           Adding header 'Vary' to related endpoint 'flutter_service_worker.js'
           Skipping header 'Cache-Control' for related endpoint 'flutter_service_worker.js'
           Skipping header 'Content-Length' for related endpoint 'flutter_service_worker.js'
         Adding Content-Type 'text/javascript' header to related endpoint 'flutter_service_worker.js'
           Updating ETag header for related endpoint 'flutter_service_worker.js'
           Skipping header 'Last-Modified' for related endpoint 'flutter_service_worker.js'
           Updated related endpoint 'flutter_service_worker.js' with Content-Encoding selector 'gzip=0.000332667997'
           Adding Vary response header to related endpoint 'flutter_service_worker.js'
           Updated endpoint 'flutter_service_worker.vdsimdjcro.js.gz' with Content-Encoding and Vary headers
         Processing related endpoint 'flutter_service_worker.vdsimdjcro.js'
           Created Content-Encoding selector for compressed asset 'gzip' with size '0.000332667997' is 'flutter_service_worker.vdsimdjcro.js'
           Adding header 'Cache-Control' to related endpoint 'flutter_service_worker.vdsimdjcro.js'
           Adding header 'Content-Encoding' to related endpoint 'flutter_service_worker.vdsimdjcro.js'
           Adding header 'Content-Length' to related endpoint 'flutter_service_worker.vdsimdjcro.js'
           Skipping Content-Type header for related endpoint 'flutter_service_worker.vdsimdjcro.js'
           Adding header 'ETag' to related endpoint 'flutter_service_worker.vdsimdjcro.js'
           Adding header 'Last-Modified' to related endpoint 'flutter_service_worker.vdsimdjcro.js'
           Adding header 'Vary' to related endpoint 'flutter_service_worker.vdsimdjcro.js'
           Skipping header 'Cache-Control' for related endpoint 'flutter_service_worker.vdsimdjcro.js'
           Skipping header 'Content-Length' for related endpoint 'flutter_service_worker.vdsimdjcro.js'
         Adding Content-Type 'text/javascript' header to related endpoint 'flutter_service_worker.vdsimdjcro.js'
           Updating ETag header for related endpoint 'flutter_service_worker.vdsimdjcro.js'
           Skipping header 'Last-Modified' for related endpoint 'flutter_service_worker.vdsimdjcro.js'
           Updated related endpoint 'flutter_service_worker.vdsimdjcro.js' with Content-Encoding selector 'gzip=0.000332667997'
           Adding Vary response header to related endpoint 'flutter_service_worker.vdsimdjcro.js'
         Processing compressed asset: D:\P.L\Flutter\fresh_produce_app\FreshProduce.Api\obj\Debug\net9.0\compressed\xl0old8vl2-{0}-udn3qxhb0n-udn3qxhb0n.gz
           Updated endpoint 'admin/canvaskit/chromium/canvaskit.wasm.gz' with Content-Encoding and Vary headers
         Processing related endpoint 'admin/canvaskit/chromium/canvaskit.wasm'
           Created Content-Encoding selector for compressed asset 'gzip' with size '0.000000453616' is 'admin/canvaskit/chromium/canvaskit.wasm'
           Adding header 'Cache-Control' to related endpoint 'admin/canvaskit/chromium/canvaskit.wasm'
           Adding header 'Content-Encoding' to related endpoint 'admin/canvaskit/chromium/canvaskit.wasm'
           Adding header 'Content-Length' to related endpoint 'admin/canvaskit/chromium/canvaskit.wasm'
           Skipping Content-Type header for related endpoint 'admin/canvaskit/chromium/canvaskit.wasm'
           Adding header 'ETag' to related endpoint 'admin/canvaskit/chromium/canvaskit.wasm'
           Adding header 'Last-Modified' to related endpoint 'admin/canvaskit/chromium/canvaskit.wasm'
           Adding header 'Vary' to related endpoint 'admin/canvaskit/chromium/canvaskit.wasm'
           Skipping header 'Cache-Control' for related endpoint 'admin/canvaskit/chromium/canvaskit.wasm'
           Skipping header 'Content-Length' for related endpoint 'admin/canvaskit/chromium/canvaskit.wasm'
         Adding Content-Type 'application/wasm' header to related endpoint 'admin/canvaskit/chromium/canvaskit.wasm'
           Updating ETag header for related endpoint 'admin/canvaskit/chromium/canvaskit.wasm'
           Skipping header 'Last-Modified' for related endpoint 'admin/canvaskit/chromium/canvaskit.wasm'
           Updated related endpoint 'admin/canvaskit/chromium/canvaskit.wasm' with Content-Encoding selector 'gzip=0.000000453616'
           Adding Vary response header to related endpoint 'admin/canvaskit/chromium/canvaskit.wasm'
           Updated endpoint 'admin/canvaskit/chromium/canvaskit.udn3qxhb0n.wasm.gz' with Content-Encoding and Vary headers
         Processing related endpoint 'admin/canvaskit/chromium/canvaskit.udn3qxhb0n.wasm'
           Created Content-Encoding selector for compressed asset 'gzip' with size '0.000000453616' is 'admin/canvaskit/chromium/canvaskit.udn3qxhb0n.wasm'
           Adding header 'Cache-Control' to related endpoint 'admin/canvaskit/chromium/canvaskit.udn3qxhb0n.wasm'
           Adding header 'Content-Encoding' to related endpoint 'admin/canvaskit/chromium/canvaskit.udn3qxhb0n.wasm'
           Adding header 'Content-Length' to related endpoint 'admin/canvaskit/chromium/canvaskit.udn3qxhb0n.wasm'
           Skipping Content-Type header for related endpoint 'admin/canvaskit/chromium/canvaskit.udn3qxhb0n.wasm'
           Adding header 'ETag' to related endpoint 'admin/canvaskit/chromium/canvaskit.udn3qxhb0n.wasm'
           Adding header 'Last-Modified' to related endpoint 'admin/canvaskit/chromium/canvaskit.udn3qxhb0n.wasm'
           Adding header 'Vary' to related endpoint 'admin/canvaskit/chromium/canvaskit.udn3qxhb0n.wasm'
           Skipping header 'Cache-Control' for related endpoint 'admin/canvaskit/chromium/canvaskit.udn3qxhb0n.wasm'
           Skipping header 'Content-Length' for related endpoint 'admin/canvaskit/chromium/canvaskit.udn3qxhb0n.wasm'
         Adding Content-Type 'application/wasm' header to related endpoint 'admin/canvaskit/chromium/canvaskit.udn3qxhb0n.wasm'
           Updating ETag header for related endpoint 'admin/canvaskit/chromium/canvaskit.udn3qxhb0n.wasm'
           Skipping header 'Last-Modified' for related endpoint 'admin/canvaskit/chromium/canvaskit.udn3qxhb0n.wasm'
           Updated related endpoint 'admin/canvaskit/chromium/canvaskit.udn3qxhb0n.wasm' with Content-Encoding selector 'gzip=0.000000453616'
           Adding Vary response header to related endpoint 'admin/canvaskit/chromium/canvaskit.udn3qxhb0n.wasm'
         Processing compressed asset: D:\P.L\Flutter\fresh_produce_app\FreshProduce.Api\obj\Debug\net9.0\compressed\5ojhvvqab3-{0}-o0khchddlv-o0khchddlv.gz
           Updated endpoint 'admin/canvaskit/canvaskit.wasm.gz' with Content-Encoding and Vary headers
         Processing related endpoint 'admin/canvaskit/canvaskit.wasm'
           Created Content-Encoding selector for compressed asset 'gzip' with size '0.000000344219' is 'admin/canvaskit/canvaskit.wasm'
           Adding header 'Cache-Control' to related endpoint 'admin/canvaskit/canvaskit.wasm'
           Adding header 'Content-Encoding' to related endpoint 'admin/canvaskit/canvaskit.wasm'
           Adding header 'Content-Length' to related endpoint 'admin/canvaskit/canvaskit.wasm'
           Skipping Content-Type header for related endpoint 'admin/canvaskit/canvaskit.wasm'
           Adding header 'ETag' to related endpoint 'admin/canvaskit/canvaskit.wasm'
           Adding header 'Last-Modified' to related endpoint 'admin/canvaskit/canvaskit.wasm'
           Adding header 'Vary' to related endpoint 'admin/canvaskit/canvaskit.wasm'
           Skipping header 'Cache-Control' for related endpoint 'admin/canvaskit/canvaskit.wasm'
           Skipping header 'Content-Length' for related endpoint 'admin/canvaskit/canvaskit.wasm'
         Adding Content-Type 'application/wasm' header to related endpoint 'admin/canvaskit/canvaskit.wasm'
           Updating ETag header for related endpoint 'admin/canvaskit/canvaskit.wasm'
           Skipping header 'Last-Modified' for related endpoint 'admin/canvaskit/canvaskit.wasm'
           Updated related endpoint 'admin/canvaskit/canvaskit.wasm' with Content-Encoding selector 'gzip=0.000000344219'
           Adding Vary response header to related endpoint 'admin/canvaskit/canvaskit.wasm'
           Updated endpoint 'admin/canvaskit/canvaskit.o0khchddlv.wasm.gz' with Content-Encoding and Vary headers
         Processing related endpoint 'admin/canvaskit/canvaskit.o0khchddlv.wasm'
           Created Content-Encoding selector for compressed asset 'gzip' with size '0.000000344219' is 'admin/canvaskit/canvaskit.o0khchddlv.wasm'
           Adding header 'Cache-Control' to related endpoint 'admin/canvaskit/canvaskit.o0khchddlv.wasm'
           Adding header 'Content-Encoding' to related endpoint 'admin/canvaskit/canvaskit.o0khchddlv.wasm'
           Adding header 'Content-Length' to related endpoint 'admin/canvaskit/canvaskit.o0khchddlv.wasm'
           Skipping Content-Type header for related endpoint 'admin/canvaskit/canvaskit.o0khchddlv.wasm'
           Adding header 'ETag' to related endpoint 'admin/canvaskit/canvaskit.o0khchddlv.wasm'
           Adding header 'Last-Modified' to related endpoint 'admin/canvaskit/canvaskit.o0khchddlv.wasm'
           Adding header 'Vary' to related endpoint 'admin/canvaskit/canvaskit.o0khchddlv.wasm'
           Skipping header 'Cache-Control' for related endpoint 'admin/canvaskit/canvaskit.o0khchddlv.wasm'
           Skipping header 'Content-Length' for related endpoint 'admin/canvaskit/canvaskit.o0khchddlv.wasm'
         Adding Content-Type 'application/wasm' header to related endpoint 'admin/canvaskit/canvaskit.o0khchddlv.wasm'
           Updating ETag header for related endpoint 'admin/canvaskit/canvaskit.o0khchddlv.wasm'
           Skipping header 'Last-Modified' for related endpoint 'admin/canvaskit/canvaskit.o0khchddlv.wasm'
           Updated related endpoint 'admin/canvaskit/canvaskit.o0khchddlv.wasm' with Content-Encoding selector 'gzip=0.000000344219'
           Adding Vary response header to related endpoint 'admin/canvaskit/canvaskit.o0khchddlv.wasm'
         Processing compressed asset: D:\P.L\Flutter\fresh_produce_app\FreshProduce.Api\obj\Debug\net9.0\compressed\s83hrt7jpl-{0}-ji893wmxdy-ji893wmxdy.gz
           Updated endpoint 'canvaskit/canvaskit.js.gz' with Content-Encoding and Vary headers
         Processing related endpoint 'canvaskit/canvaskit.js'
           Created Content-Encoding selector for compressed asset 'gzip' with size '0.000035906643' is 'canvaskit/canvaskit.js'
           Adding header 'Cache-Control' to related endpoint 'canvaskit/canvaskit.js'
           Adding header 'Content-Encoding' to related endpoint 'canvaskit/canvaskit.js'
           Adding header 'Content-Length' to related endpoint 'canvaskit/canvaskit.js'
           Skipping Content-Type header for related endpoint 'canvaskit/canvaskit.js'
           Adding header 'ETag' to related endpoint 'canvaskit/canvaskit.js'
           Adding header 'Last-Modified' to related endpoint 'canvaskit/canvaskit.js'
           Adding header 'Vary' to related endpoint 'canvaskit/canvaskit.js'
           Skipping header 'Cache-Control' for related endpoint 'canvaskit/canvaskit.js'
           Skipping header 'Content-Length' for related endpoint 'canvaskit/canvaskit.js'
         Adding Content-Type 'text/javascript' header to related endpoint 'canvaskit/canvaskit.js'
           Updating ETag header for related endpoint 'canvaskit/canvaskit.js'
           Skipping header 'Last-Modified' for related endpoint 'canvaskit/canvaskit.js'
           Updated related endpoint 'canvaskit/canvaskit.js' with Content-Encoding selector 'gzip=0.000035906643'
           Adding Vary response header to related endpoint 'canvaskit/canvaskit.js'
           Updated endpoint 'canvaskit/canvaskit.ji893wmxdy.js.gz' with Content-Encoding and Vary headers
         Processing related endpoint 'canvaskit/canvaskit.ji893wmxdy.js'
           Created Content-Encoding selector for compressed asset 'gzip' with size '0.000035906643' is 'canvaskit/canvaskit.ji893wmxdy.js'
           Adding header 'Cache-Control' to related endpoint 'canvaskit/canvaskit.ji893wmxdy.js'
           Adding header 'Content-Encoding' to related endpoint 'canvaskit/canvaskit.ji893wmxdy.js'
           Adding header 'Content-Length' to related endpoint 'canvaskit/canvaskit.ji893wmxdy.js'
           Skipping Content-Type header for related endpoint 'canvaskit/canvaskit.ji893wmxdy.js'
           Adding header 'ETag' to related endpoint 'canvaskit/canvaskit.ji893wmxdy.js'
           Adding header 'Last-Modified' to related endpoint 'canvaskit/canvaskit.ji893wmxdy.js'
           Adding header 'Vary' to related endpoint 'canvaskit/canvaskit.ji893wmxdy.js'
           Skipping header 'Cache-Control' for related endpoint 'canvaskit/canvaskit.ji893wmxdy.js'
           Skipping header 'Content-Length' for related endpoint 'canvaskit/canvaskit.ji893wmxdy.js'
         Adding Content-Type 'text/javascript' header to related endpoint 'canvaskit/canvaskit.ji893wmxdy.js'
           Updating ETag header for related endpoint 'canvaskit/canvaskit.ji893wmxdy.js'
           Skipping header 'Last-Modified' for related endpoint 'canvaskit/canvaskit.ji893wmxdy.js'
           Updated related endpoint 'canvaskit/canvaskit.ji893wmxdy.js' with Content-Encoding selector 'gzip=0.000035906643'
           Adding Vary response header to related endpoint 'canvaskit/canvaskit.ji893wmxdy.js'
         Processing compressed asset: D:\P.L\Flutter\fresh_produce_app\FreshProduce.Api\obj\Debug\net9.0\compressed\3kvsz82kk1-{0}-xliufgw85g-xliufgw85g.gz
           Updated endpoint 'manifest.json.gz' with Content-Encoding and Vary headers
         Processing related endpoint 'manifest.json'
           Created Content-Encoding selector for compressed asset 'gzip' with size '0.003215434084' is 'manifest.json'
           Adding header 'Cache-Control' to related endpoint 'manifest.json'
           Adding header 'Content-Encoding' to related endpoint 'manifest.json'
           Adding header 'Content-Length' to related endpoint 'manifest.json'
           Skipping Content-Type header for related endpoint 'manifest.json'
           Adding header 'ETag' to related endpoint 'manifest.json'
           Adding header 'Last-Modified' to related endpoint 'manifest.json'
           Adding header 'Vary' to related endpoint 'manifest.json'
           Skipping header 'Cache-Control' for related endpoint 'manifest.json'
           Skipping header 'Content-Length' for related endpoint 'manifest.json'
         Adding Content-Type 'application/json' header to related endpoint 'manifest.json'
           Updating ETag header for related endpoint 'manifest.json'
           Skipping header 'Last-Modified' for related endpoint 'manifest.json'
           Updated related endpoint 'manifest.json' with Content-Encoding selector 'gzip=0.003215434084'
           Adding Vary response header to related endpoint 'manifest.json'
           Updated endpoint 'manifest.xliufgw85g.json.gz' with Content-Encoding and Vary headers
         Processing related endpoint 'manifest.xliufgw85g.json'
           Created Content-Encoding selector for compressed asset 'gzip' with size '0.003215434084' is 'manifest.xliufgw85g.json'
           Adding header 'Cache-Control' to related endpoint 'manifest.xliufgw85g.json'
           Adding header 'Content-Encoding' to related endpoint 'manifest.xliufgw85g.json'
           Adding header 'Content-Length' to related endpoint 'manifest.xliufgw85g.json'
           Skipping Content-Type header for related endpoint 'manifest.xliufgw85g.json'
           Adding header 'ETag' to related endpoint 'manifest.xliufgw85g.json'
           Adding header 'Last-Modified' to related endpoint 'manifest.xliufgw85g.json'
           Adding header 'Vary' to related endpoint 'manifest.xliufgw85g.json'
           Skipping header 'Cache-Control' for related endpoint 'manifest.xliufgw85g.json'
           Skipping header 'Content-Length' for related endpoint 'manifest.xliufgw85g.json'
         Adding Content-Type 'application/json' header to related endpoint 'manifest.xliufgw85g.json'
           Updating ETag header for related endpoint 'manifest.xliufgw85g.json'
           Skipping header 'Last-Modified' for related endpoint 'manifest.xliufgw85g.json'
           Updated related endpoint 'manifest.xliufgw85g.json' with Content-Encoding selector 'gzip=0.003215434084'
           Adding Vary response header to related endpoint 'manifest.xliufgw85g.json'
         Processing compressed asset: D:\P.L\Flutter\fresh_produce_app\FreshProduce.Api\obj\Debug\net9.0\compressed\wyyinfzdc6-{0}-pt7u1aviqz-pt7u1aviqz.gz
           Updated endpoint 'admin/canvaskit/skwasm_heavy.js.gz' with Content-Encoding and Vary headers
         Processing related endpoint 'admin/canvaskit/skwasm_heavy.js'
           Created Content-Encoding selector for compressed asset 'gzip' with size '0.000060092543' is 'admin/canvaskit/skwasm_heavy.js'
           Adding header 'Cache-Control' to related endpoint 'admin/canvaskit/skwasm_heavy.js'
           Adding header 'Content-Encoding' to related endpoint 'admin/canvaskit/skwasm_heavy.js'
           Adding header 'Content-Length' to related endpoint 'admin/canvaskit/skwasm_heavy.js'
           Skipping Content-Type header for related endpoint 'admin/canvaskit/skwasm_heavy.js'
           Adding header 'ETag' to related endpoint 'admin/canvaskit/skwasm_heavy.js'
           Adding header 'Last-Modified' to related endpoint 'admin/canvaskit/skwasm_heavy.js'
           Adding header 'Vary' to related endpoint 'admin/canvaskit/skwasm_heavy.js'
           Skipping header 'Cache-Control' for related endpoint 'admin/canvaskit/skwasm_heavy.js'
           Skipping header 'Content-Length' for related endpoint 'admin/canvaskit/skwasm_heavy.js'
         Adding Content-Type 'text/javascript' header to related endpoint 'admin/canvaskit/skwasm_heavy.js'
           Updating ETag header for related endpoint 'admin/canvaskit/skwasm_heavy.js'
           Skipping header 'Last-Modified' for related endpoint 'admin/canvaskit/skwasm_heavy.js'
           Updated related endpoint 'admin/canvaskit/skwasm_heavy.js' with Content-Encoding selector 'gzip=0.000060092543'
           Adding Vary response header to related endpoint 'admin/canvaskit/skwasm_heavy.js'
           Updated endpoint 'admin/canvaskit/skwasm_heavy.pt7u1aviqz.js.gz' with Content-Encoding and Vary headers
         Processing related endpoint 'admin/canvaskit/skwasm_heavy.pt7u1aviqz.js'
           Created Content-Encoding selector for compressed asset 'gzip' with size '0.000060092543' is 'admin/canvaskit/skwasm_heavy.pt7u1aviqz.js'
           Adding header 'Cache-Control' to related endpoint 'admin/canvaskit/skwasm_heavy.pt7u1aviqz.js'
           Adding header 'Content-Encoding' to related endpoint 'admin/canvaskit/skwasm_heavy.pt7u1aviqz.js'
           Adding header 'Content-Length' to related endpoint 'admin/canvaskit/skwasm_heavy.pt7u1aviqz.js'
           Skipping Content-Type header for related endpoint 'admin/canvaskit/skwasm_heavy.pt7u1aviqz.js'
           Adding header 'ETag' to related endpoint 'admin/canvaskit/skwasm_heavy.pt7u1aviqz.js'
           Adding header 'Last-Modified' to related endpoint 'admin/canvaskit/skwasm_heavy.pt7u1aviqz.js'
           Adding header 'Vary' to related endpoint 'admin/canvaskit/skwasm_heavy.pt7u1aviqz.js'
           Skipping header 'Cache-Control' for related endpoint 'admin/canvaskit/skwasm_heavy.pt7u1aviqz.js'
           Skipping header 'Content-Length' for related endpoint 'admin/canvaskit/skwasm_heavy.pt7u1aviqz.js'
         Adding Content-Type 'text/javascript' header to related endpoint 'admin/canvaskit/skwasm_heavy.pt7u1aviqz.js'
           Updating ETag header for related endpoint 'admin/canvaskit/skwasm_heavy.pt7u1aviqz.js'
           Skipping header 'Last-Modified' for related endpoint 'admin/canvaskit/skwasm_heavy.pt7u1aviqz.js'
           Updated related endpoint 'admin/canvaskit/skwasm_heavy.pt7u1aviqz.js' with Content-Encoding selector 'gzip=0.000060092543'
           Adding Vary response header to related endpoint 'admin/canvaskit/skwasm_heavy.pt7u1aviqz.js'
         Processing compressed asset: D:\P.L\Flutter\fresh_produce_app\FreshProduce.Api\obj\Debug\net9.0\compressed\gciltpcxws-{0}-398akf0vg5-398akf0vg5.gz
           Updated endpoint 'admin/flutter_bootstrap.js.gz' with Content-Encoding and Vary headers
         Processing related endpoint 'admin/flutter_bootstrap.js'
           Created Content-Encoding selector for compressed asset 'gzip' with size '0.000263713080' is 'admin/flutter_bootstrap.js'
           Adding header 'Cache-Control' to related endpoint 'admin/flutter_bootstrap.js'
           Adding header 'Content-Encoding' to related endpoint 'admin/flutter_bootstrap.js'
           Adding header 'Content-Length' to related endpoint 'admin/flutter_bootstrap.js'
           Skipping Content-Type header for related endpoint 'admin/flutter_bootstrap.js'
           Adding header 'ETag' to related endpoint 'admin/flutter_bootstrap.js'
           Adding header 'Last-Modified' to related endpoint 'admin/flutter_bootstrap.js'
           Adding header 'Vary' to related endpoint 'admin/flutter_bootstrap.js'
           Skipping header 'Cache-Control' for related endpoint 'admin/flutter_bootstrap.js'
           Skipping header 'Content-Length' for related endpoint 'admin/flutter_bootstrap.js'
         Adding Content-Type 'text/javascript' header to related endpoint 'admin/flutter_bootstrap.js'
           Updating ETag header for related endpoint 'admin/flutter_bootstrap.js'
           Skipping header 'Last-Modified' for related endpoint 'admin/flutter_bootstrap.js'
           Updated related endpoint 'admin/flutter_bootstrap.js' with Content-Encoding selector 'gzip=0.000263713080'
           Adding Vary response header to related endpoint 'admin/flutter_bootstrap.js'
           Updated endpoint 'admin/flutter_bootstrap.398akf0vg5.js.gz' with Content-Encoding and Vary headers
         Processing related endpoint 'admin/flutter_bootstrap.398akf0vg5.js'
           Created Content-Encoding selector for compressed asset 'gzip' with size '0.000263713080' is 'admin/flutter_bootstrap.398akf0vg5.js'
           Adding header 'Cache-Control' to related endpoint 'admin/flutter_bootstrap.398akf0vg5.js'
           Adding header 'Content-Encoding' to related endpoint 'admin/flutter_bootstrap.398akf0vg5.js'
           Adding header 'Content-Length' to related endpoint 'admin/flutter_bootstrap.398akf0vg5.js'
           Skipping Content-Type header for related endpoint 'admin/flutter_bootstrap.398akf0vg5.js'
           Adding header 'ETag' to related endpoint 'admin/flutter_bootstrap.398akf0vg5.js'
           Adding header 'Last-Modified' to related endpoint 'admin/flutter_bootstrap.398akf0vg5.js'
           Adding header 'Vary' to related endpoint 'admin/flutter_bootstrap.398akf0vg5.js'
           Skipping header 'Cache-Control' for related endpoint 'admin/flutter_bootstrap.398akf0vg5.js'
           Skipping header 'Content-Length' for related endpoint 'admin/flutter_bootstrap.398akf0vg5.js'
         Adding Content-Type 'text/javascript' header to related endpoint 'admin/flutter_bootstrap.398akf0vg5.js'
           Updating ETag header for related endpoint 'admin/flutter_bootstrap.398akf0vg5.js'
           Skipping header 'Last-Modified' for related endpoint 'admin/flutter_bootstrap.398akf0vg5.js'
           Updated related endpoint 'admin/flutter_bootstrap.398akf0vg5.js' with Content-Encoding selector 'gzip=0.000263713080'
           Adding Vary response header to related endpoint 'admin/flutter_bootstrap.398akf0vg5.js'
         Processing compressed asset: D:\P.L\Flutter\fresh_produce_app\FreshProduce.Api\obj\Debug\net9.0\compressed\sz756ngz92-{0}-ji893wmxdy-ji893wmxdy.gz
           Updated endpoint 'admin/canvaskit/canvaskit.js.gz' with Content-Encoding and Vary headers
         Processing related endpoint 'admin/canvaskit/canvaskit.js'
           Created Content-Encoding selector for compressed asset 'gzip' with size '0.000035906643' is 'admin/canvaskit/canvaskit.js'
           Adding header 'Cache-Control' to related endpoint 'admin/canvaskit/canvaskit.js'
           Adding header 'Content-Encoding' to related endpoint 'admin/canvaskit/canvaskit.js'
           Adding header 'Content-Length' to related endpoint 'admin/canvaskit/canvaskit.js'
           Skipping Content-Type header for related endpoint 'admin/canvaskit/canvaskit.js'
           Adding header 'ETag' to related endpoint 'admin/canvaskit/canvaskit.js'
           Adding header 'Last-Modified' to related endpoint 'admin/canvaskit/canvaskit.js'
           Adding header 'Vary' to related endpoint 'admin/canvaskit/canvaskit.js'
           Skipping header 'Cache-Control' for related endpoint 'admin/canvaskit/canvaskit.js'
           Skipping header 'Content-Length' for related endpoint 'admin/canvaskit/canvaskit.js'
         Adding Content-Type 'text/javascript' header to related endpoint 'admin/canvaskit/canvaskit.js'
           Updating ETag header for related endpoint 'admin/canvaskit/canvaskit.js'
           Skipping header 'Last-Modified' for related endpoint 'admin/canvaskit/canvaskit.js'
           Updated related endpoint 'admin/canvaskit/canvaskit.js' with Content-Encoding selector 'gzip=0.000035906643'
           Adding Vary response header to related endpoint 'admin/canvaskit/canvaskit.js'
           Updated endpoint 'admin/canvaskit/canvaskit.ji893wmxdy.js.gz' with Content-Encoding and Vary headers
         Processing related endpoint 'admin/canvaskit/canvaskit.ji893wmxdy.js'
           Created Content-Encoding selector for compressed asset 'gzip' with size '0.000035906643' is 'admin/canvaskit/canvaskit.ji893wmxdy.js'
           Adding header 'Cache-Control' to related endpoint 'admin/canvaskit/canvaskit.ji893wmxdy.js'
           Adding header 'Content-Encoding' to related endpoint 'admin/canvaskit/canvaskit.ji893wmxdy.js'
           Adding header 'Content-Length' to related endpoint 'admin/canvaskit/canvaskit.ji893wmxdy.js'
           Skipping Content-Type header for related endpoint 'admin/canvaskit/canvaskit.ji893wmxdy.js'
           Adding header 'ETag' to related endpoint 'admin/canvaskit/canvaskit.ji893wmxdy.js'
           Adding header 'Last-Modified' to related endpoint 'admin/canvaskit/canvaskit.ji893wmxdy.js'
           Adding header 'Vary' to related endpoint 'admin/canvaskit/canvaskit.ji893wmxdy.js'
           Skipping header 'Cache-Control' for related endpoint 'admin/canvaskit/canvaskit.ji893wmxdy.js'
           Skipping header 'Content-Length' for related endpoint 'admin/canvaskit/canvaskit.ji893wmxdy.js'
         Adding Content-Type 'text/javascript' header to related endpoint 'admin/canvaskit/canvaskit.ji893wmxdy.js'
           Updating ETag header for related endpoint 'admin/canvaskit/canvaskit.ji893wmxdy.js'
           Skipping header 'Last-Modified' for related endpoint 'admin/canvaskit/canvaskit.ji893wmxdy.js'
           Updated related endpoint 'admin/canvaskit/canvaskit.ji893wmxdy.js' with Content-Encoding selector 'gzip=0.000035906643'
           Adding Vary response header to related endpoint 'admin/canvaskit/canvaskit.ji893wmxdy.js'
         Processing compressed asset: D:\P.L\Flutter\fresh_produce_app\FreshProduce.Api\obj\Debug\net9.0\compressed\sqgiw7d6eh-{0}-9phf0g8y9f-9phf0g8y9f.gz
           Updated endpoint 'admin/flutter_service_worker.js.gz' with Content-Encoding and Vary headers
         Processing related endpoint 'admin/flutter_service_worker.js'
           Created Content-Encoding selector for compressed asset 'gzip' with size '0.000332336324' is 'admin/flutter_service_worker.js'
           Adding header 'Cache-Control' to related endpoint 'admin/flutter_service_worker.js'
           Adding header 'Content-Encoding' to related endpoint 'admin/flutter_service_worker.js'
           Adding header 'Content-Length' to related endpoint 'admin/flutter_service_worker.js'
           Skipping Content-Type header for related endpoint 'admin/flutter_service_worker.js'
           Adding header 'ETag' to related endpoint 'admin/flutter_service_worker.js'
           Adding header 'Last-Modified' to related endpoint 'admin/flutter_service_worker.js'
           Adding header 'Vary' to related endpoint 'admin/flutter_service_worker.js'
           Skipping header 'Cache-Control' for related endpoint 'admin/flutter_service_worker.js'
           Skipping header 'Content-Length' for related endpoint 'admin/flutter_service_worker.js'
         Adding Content-Type 'text/javascript' header to related endpoint 'admin/flutter_service_worker.js'
           Updating ETag header for related endpoint 'admin/flutter_service_worker.js'
           Skipping header 'Last-Modified' for related endpoint 'admin/flutter_service_worker.js'
           Updated related endpoint 'admin/flutter_service_worker.js' with Content-Encoding selector 'gzip=0.000332336324'
           Adding Vary response header to related endpoint 'admin/flutter_service_worker.js'
           Updated endpoint 'admin/flutter_service_worker.9phf0g8y9f.js.gz' with Content-Encoding and Vary headers
         Processing related endpoint 'admin/flutter_service_worker.9phf0g8y9f.js'
           Created Content-Encoding selector for compressed asset 'gzip' with size '0.000332336324' is 'admin/flutter_service_worker.9phf0g8y9f.js'
           Adding header 'Cache-Control' to related endpoint 'admin/flutter_service_worker.9phf0g8y9f.js'
           Adding header 'Content-Encoding' to related endpoint 'admin/flutter_service_worker.9phf0g8y9f.js'
           Adding header 'Content-Length' to related endpoint 'admin/flutter_service_worker.9phf0g8y9f.js'
           Skipping Content-Type header for related endpoint 'admin/flutter_service_worker.9phf0g8y9f.js'
           Adding header 'ETag' to related endpoint 'admin/flutter_service_worker.9phf0g8y9f.js'
           Adding header 'Last-Modified' to related endpoint 'admin/flutter_service_worker.9phf0g8y9f.js'
           Adding header 'Vary' to related endpoint 'admin/flutter_service_worker.9phf0g8y9f.js'
           Skipping header 'Cache-Control' for related endpoint 'admin/flutter_service_worker.9phf0g8y9f.js'
           Skipping header 'Content-Length' for related endpoint 'admin/flutter_service_worker.9phf0g8y9f.js'
         Adding Content-Type 'text/javascript' header to related endpoint 'admin/flutter_service_worker.9phf0g8y9f.js'
           Updating ETag header for related endpoint 'admin/flutter_service_worker.9phf0g8y9f.js'
           Skipping header 'Last-Modified' for related endpoint 'admin/flutter_service_worker.9phf0g8y9f.js'
           Updated related endpoint 'admin/flutter_service_worker.9phf0g8y9f.js' with Content-Encoding selector 'gzip=0.000332336324'
           Adding Vary response header to related endpoint 'admin/flutter_service_worker.9phf0g8y9f.js'
         Processing compressed asset: D:\P.L\Flutter\fresh_produce_app\FreshProduce.Api\obj\Debug\net9.0\compressed\2y75nvhlz1-{0}-4iau0ph7rf-4iau0ph7rf.gz
           Updated endpoint 'admin/index.html.gz' with Content-Encoding and Vary headers
         Processing related endpoint 'admin/index.html'
           Created Content-Encoding selector for compressed asset 'gzip' with size '0.001526717557' is 'admin/index.html'
           Adding header 'Cache-Control' to related endpoint 'admin/index.html'
           Adding header 'Content-Encoding' to related endpoint 'admin/index.html'
           Adding header 'Content-Length' to related endpoint 'admin/index.html'
           Skipping Content-Type header for related endpoint 'admin/index.html'
           Adding header 'ETag' to related endpoint 'admin/index.html'
           Adding header 'Last-Modified' to related endpoint 'admin/index.html'
           Adding header 'Vary' to related endpoint 'admin/index.html'
           Skipping header 'Cache-Control' for related endpoint 'admin/index.html'
           Skipping header 'Content-Length' for related endpoint 'admin/index.html'
         Adding Content-Type 'text/html' header to related endpoint 'admin/index.html'
           Updating ETag header for related endpoint 'admin/index.html'
           Skipping header 'Last-Modified' for related endpoint 'admin/index.html'
           Updated related endpoint 'admin/index.html' with Content-Encoding selector 'gzip=0.001526717557'
           Adding Vary response header to related endpoint 'admin/index.html'
           Updated endpoint 'admin/index.4iau0ph7rf.html.gz' with Content-Encoding and Vary headers
         Processing related endpoint 'admin/index.4iau0ph7rf.html'
           Created Content-Encoding selector for compressed asset 'gzip' with size '0.001526717557' is 'admin/index.4iau0ph7rf.html'
           Adding header 'Cache-Control' to related endpoint 'admin/index.4iau0ph7rf.html'
           Adding header 'Content-Encoding' to related endpoint 'admin/index.4iau0ph7rf.html'
           Adding header 'Content-Length' to related endpoint 'admin/index.4iau0ph7rf.html'
           Skipping Content-Type header for related endpoint 'admin/index.4iau0ph7rf.html'
           Adding header 'ETag' to related endpoint 'admin/index.4iau0ph7rf.html'
           Adding header 'Last-Modified' to related endpoint 'admin/index.4iau0ph7rf.html'
           Adding header 'Vary' to related endpoint 'admin/index.4iau0ph7rf.html'
           Skipping header 'Cache-Control' for related endpoint 'admin/index.4iau0ph7rf.html'
           Skipping header 'Content-Length' for related endpoint 'admin/index.4iau0ph7rf.html'
         Adding Content-Type 'text/html' header to related endpoint 'admin/index.4iau0ph7rf.html'
           Updating ETag header for related endpoint 'admin/index.4iau0ph7rf.html'
           Skipping header 'Last-Modified' for related endpoint 'admin/index.4iau0ph7rf.html'
           Updated related endpoint 'admin/index.4iau0ph7rf.html' with Content-Encoding selector 'gzip=0.001526717557'
           Adding Vary response header to related endpoint 'admin/index.4iau0ph7rf.html'
         Processing compressed asset: D:\P.L\Flutter\fresh_produce_app\FreshProduce.Api\obj\Debug\net9.0\compressed\t1a31uidzz-{0}-zev5p1fizo-zev5p1fizo.gz
           Updated endpoint 'admin/main.dart.js.gz' with Content-Encoding and Vary headers
         Processing related endpoint 'admin/main.dart.js'
           Created Content-Encoding selector for compressed asset 'gzip' with size '0.000001035351' is 'admin/main.dart.js'
           Adding header 'Cache-Control' to related endpoint 'admin/main.dart.js'
           Adding header 'Content-Encoding' to related endpoint 'admin/main.dart.js'
           Adding header 'Content-Length' to related endpoint 'admin/main.dart.js'
           Skipping Content-Type header for related endpoint 'admin/main.dart.js'
           Adding header 'ETag' to related endpoint 'admin/main.dart.js'
           Adding header 'Last-Modified' to related endpoint 'admin/main.dart.js'
           Adding header 'Vary' to related endpoint 'admin/main.dart.js'
           Skipping header 'Cache-Control' for related endpoint 'admin/main.dart.js'
           Skipping header 'Content-Length' for related endpoint 'admin/main.dart.js'
         Adding Content-Type 'text/javascript' header to related endpoint 'admin/main.dart.js'
           Updating ETag header for related endpoint 'admin/main.dart.js'
           Skipping header 'Last-Modified' for related endpoint 'admin/main.dart.js'
           Updated related endpoint 'admin/main.dart.js' with Content-Encoding selector 'gzip=0.000001035351'
           Adding Vary response header to related endpoint 'admin/main.dart.js'
           Updated endpoint 'admin/main.dart.zev5p1fizo.js.gz' with Content-Encoding and Vary headers
         Processing related endpoint 'admin/main.dart.zev5p1fizo.js'
           Created Content-Encoding selector for compressed asset 'gzip' with size '0.000001035351' is 'admin/main.dart.zev5p1fizo.js'
           Adding header 'Cache-Control' to related endpoint 'admin/main.dart.zev5p1fizo.js'
           Adding header 'Content-Encoding' to related endpoint 'admin/main.dart.zev5p1fizo.js'
           Adding header 'Content-Length' to related endpoint 'admin/main.dart.zev5p1fizo.js'
           Skipping Content-Type header for related endpoint 'admin/main.dart.zev5p1fizo.js'
           Adding header 'ETag' to related endpoint 'admin/main.dart.zev5p1fizo.js'
           Adding header 'Last-Modified' to related endpoint 'admin/main.dart.zev5p1fizo.js'
           Adding header 'Vary' to related endpoint 'admin/main.dart.zev5p1fizo.js'
           Skipping header 'Cache-Control' for related endpoint 'admin/main.dart.zev5p1fizo.js'
           Skipping header 'Content-Length' for related endpoint 'admin/main.dart.zev5p1fizo.js'
         Adding Content-Type 'text/javascript' header to related endpoint 'admin/main.dart.zev5p1fizo.js'
           Updating ETag header for related endpoint 'admin/main.dart.zev5p1fizo.js'
           Skipping header 'Last-Modified' for related endpoint 'admin/main.dart.zev5p1fizo.js'
           Updated related endpoint 'admin/main.dart.zev5p1fizo.js' with Content-Encoding selector 'gzip=0.000001035351'
           Adding Vary response header to related endpoint 'admin/main.dart.zev5p1fizo.js'
         Processing compressed asset: D:\P.L\Flutter\fresh_produce_app\FreshProduce.Api\obj\Debug\net9.0\compressed\f08bwvcrei-{0}-18v5h0bqdt-18v5h0bqdt.gz
           Updated endpoint 'admin/manifest.json.gz' with Content-Encoding and Vary headers
         Processing related endpoint 'admin/manifest.json'
           Created Content-Encoding selector for compressed asset 'gzip' with size '0.003184713376' is 'admin/manifest.json'
           Adding header 'Cache-Control' to related endpoint 'admin/manifest.json'
           Adding header 'Content-Encoding' to related endpoint 'admin/manifest.json'
           Adding header 'Content-Length' to related endpoint 'admin/manifest.json'
           Skipping Content-Type header for related endpoint 'admin/manifest.json'
           Adding header 'ETag' to related endpoint 'admin/manifest.json'
           Adding header 'Last-Modified' to related endpoint 'admin/manifest.json'
           Adding header 'Vary' to related endpoint 'admin/manifest.json'
           Skipping header 'Cache-Control' for related endpoint 'admin/manifest.json'
           Skipping header 'Content-Length' for related endpoint 'admin/manifest.json'
         Adding Content-Type 'application/json' header to related endpoint 'admin/manifest.json'
           Updating ETag header for related endpoint 'admin/manifest.json'
           Skipping header 'Last-Modified' for related endpoint 'admin/manifest.json'
           Updated related endpoint 'admin/manifest.json' with Content-Encoding selector 'gzip=0.003184713376'
           Adding Vary response header to related endpoint 'admin/manifest.json'
           Updated endpoint 'admin/manifest.18v5h0bqdt.json.gz' with Content-Encoding and Vary headers
         Processing related endpoint 'admin/manifest.18v5h0bqdt.json'
           Created Content-Encoding selector for compressed asset 'gzip' with size '0.003184713376' is 'admin/manifest.18v5h0bqdt.json'
           Adding header 'Cache-Control' to related endpoint 'admin/manifest.18v5h0bqdt.json'
           Adding header 'Content-Encoding' to related endpoint 'admin/manifest.18v5h0bqdt.json'
           Adding header 'Content-Length' to related endpoint 'admin/manifest.18v5h0bqdt.json'
           Skipping Content-Type header for related endpoint 'admin/manifest.18v5h0bqdt.json'
           Adding header 'ETag' to related endpoint 'admin/manifest.18v5h0bqdt.json'
           Adding header 'Last-Modified' to related endpoint 'admin/manifest.18v5h0bqdt.json'
           Adding header 'Vary' to related endpoint 'admin/manifest.18v5h0bqdt.json'
           Skipping header 'Cache-Control' for related endpoint 'admin/manifest.18v5h0bqdt.json'
           Skipping header 'Content-Length' for related endpoint 'admin/manifest.18v5h0bqdt.json'
         Adding Content-Type 'application/json' header to related endpoint 'admin/manifest.18v5h0bqdt.json'
           Updating ETag header for related endpoint 'admin/manifest.18v5h0bqdt.json'
           Skipping header 'Last-Modified' for related endpoint 'admin/manifest.18v5h0bqdt.json'
           Updated related endpoint 'admin/manifest.18v5h0bqdt.json' with Content-Encoding selector 'gzip=0.003184713376'
           Adding Vary response header to related endpoint 'admin/manifest.18v5h0bqdt.json'
         Processing compressed asset: D:\P.L\Flutter\fresh_produce_app\FreshProduce.Api\obj\Debug\net9.0\compressed\3e7bt9cb81-{0}-fugllc50rj-fugllc50rj.gz
           Updated endpoint 'admin/version.json.gz' with Content-Encoding and Vary headers
         Processing related endpoint 'admin/version.json'
           Created Content-Encoding selector for compressed asset 'gzip' with size '0.010204081633' is 'admin/version.json'
           Adding header 'Cache-Control' to related endpoint 'admin/version.json'
           Adding header 'Content-Encoding' to related endpoint 'admin/version.json'
           Adding header 'Content-Length' to related endpoint 'admin/version.json'
           Skipping Content-Type header for related endpoint 'admin/version.json'
           Adding header 'ETag' to related endpoint 'admin/version.json'
           Adding header 'Last-Modified' to related endpoint 'admin/version.json'
           Adding header 'Vary' to related endpoint 'admin/version.json'
           Skipping header 'Cache-Control' for related endpoint 'admin/version.json'
           Skipping header 'Content-Length' for related endpoint 'admin/version.json'
         Adding Content-Type 'application/json' header to related endpoint 'admin/version.json'
           Updating ETag header for related endpoint 'admin/version.json'
           Skipping header 'Last-Modified' for related endpoint 'admin/version.json'
           Updated related endpoint 'admin/version.json' with Content-Encoding selector 'gzip=0.010204081633'
           Adding Vary response header to related endpoint 'admin/version.json'
           Updated endpoint 'admin/version.fugllc50rj.json.gz' with Content-Encoding and Vary headers
         Processing related endpoint 'admin/version.fugllc50rj.json'
           Created Content-Encoding selector for compressed asset 'gzip' with size '0.010204081633' is 'admin/version.fugllc50rj.json'
           Adding header 'Cache-Control' to related endpoint 'admin/version.fugllc50rj.json'
           Adding header 'Content-Encoding' to related endpoint 'admin/version.fugllc50rj.json'
           Adding header 'Content-Length' to related endpoint 'admin/version.fugllc50rj.json'
           Skipping Content-Type header for related endpoint 'admin/version.fugllc50rj.json'
           Adding header 'ETag' to related endpoint 'admin/version.fugllc50rj.json'
           Adding header 'Last-Modified' to related endpoint 'admin/version.fugllc50rj.json'
           Adding header 'Vary' to related endpoint 'admin/version.fugllc50rj.json'
           Skipping header 'Cache-Control' for related endpoint 'admin/version.fugllc50rj.json'
           Skipping header 'Content-Length' for related endpoint 'admin/version.fugllc50rj.json'
         Adding Content-Type 'application/json' header to related endpoint 'admin/version.fugllc50rj.json'
           Updating ETag header for related endpoint 'admin/version.fugllc50rj.json'
           Skipping header 'Last-Modified' for related endpoint 'admin/version.fugllc50rj.json'
           Updated related endpoint 'admin/version.fugllc50rj.json' with Content-Encoding selector 'gzip=0.010204081633'
           Adding Vary response header to related endpoint 'admin/version.fugllc50rj.json'
         Processing compressed asset: D:\P.L\Flutter\fresh_produce_app\FreshProduce.Api\obj\Debug\net9.0\compressed\6ddir35s31-{0}-s6lxjtj78i-s6lxjtj78i.gz
           Updated endpoint 'assets/AssetManifest.bin.json.gz' with Content-Encoding and Vary headers
         Processing related endpoint 'assets/AssetManifest.bin.json'
           Created Content-Encoding selector for compressed asset 'gzip' with size '0.008928571429' is 'assets/AssetManifest.bin.json'
           Adding header 'Cache-Control' to related endpoint 'assets/AssetManifest.bin.json'
           Adding header 'Content-Encoding' to related endpoint 'assets/AssetManifest.bin.json'
           Adding header 'Content-Length' to related endpoint 'assets/AssetManifest.bin.json'
           Skipping Content-Type header for related endpoint 'assets/AssetManifest.bin.json'
           Adding header 'ETag' to related endpoint 'assets/AssetManifest.bin.json'
           Adding header 'Last-Modified' to related endpoint 'assets/AssetManifest.bin.json'
           Adding header 'Vary' to related endpoint 'assets/AssetManifest.bin.json'
           Skipping header 'Cache-Control' for related endpoint 'assets/AssetManifest.bin.json'
           Skipping header 'Content-Length' for related endpoint 'assets/AssetManifest.bin.json'
         Adding Content-Type 'application/json' header to related endpoint 'assets/AssetManifest.bin.json'
           Updating ETag header for related endpoint 'assets/AssetManifest.bin.json'
           Skipping header 'Last-Modified' for related endpoint 'assets/AssetManifest.bin.json'
           Updated related endpoint 'assets/AssetManifest.bin.json' with Content-Encoding selector 'gzip=0.008928571429'
           Adding Vary response header to related endpoint 'assets/AssetManifest.bin.json'
           Updated endpoint 'assets/AssetManifest.bin.s6lxjtj78i.json.gz' with Content-Encoding and Vary headers
         Processing related endpoint 'assets/AssetManifest.bin.s6lxjtj78i.json'
           Created Content-Encoding selector for compressed asset 'gzip' with size '0.008928571429' is 'assets/AssetManifest.bin.s6lxjtj78i.json'
           Adding header 'Cache-Control' to related endpoint 'assets/AssetManifest.bin.s6lxjtj78i.json'
           Adding header 'Content-Encoding' to related endpoint 'assets/AssetManifest.bin.s6lxjtj78i.json'
           Adding header 'Content-Length' to related endpoint 'assets/AssetManifest.bin.s6lxjtj78i.json'
           Skipping Content-Type header for related endpoint 'assets/AssetManifest.bin.s6lxjtj78i.json'
           Adding header 'ETag' to related endpoint 'assets/AssetManifest.bin.s6lxjtj78i.json'
           Adding header 'Last-Modified' to related endpoint 'assets/AssetManifest.bin.s6lxjtj78i.json'
           Adding header 'Vary' to related endpoint 'assets/AssetManifest.bin.s6lxjtj78i.json'
           Skipping header 'Cache-Control' for related endpoint 'assets/AssetManifest.bin.s6lxjtj78i.json'
           Skipping header 'Content-Length' for related endpoint 'assets/AssetManifest.bin.s6lxjtj78i.json'
         Adding Content-Type 'application/json' header to related endpoint 'assets/AssetManifest.bin.s6lxjtj78i.json'
           Updating ETag header for related endpoint 'assets/AssetManifest.bin.s6lxjtj78i.json'
           Skipping header 'Last-Modified' for related endpoint 'assets/AssetManifest.bin.s6lxjtj78i.json'
           Updated related endpoint 'assets/AssetManifest.bin.s6lxjtj78i.json' with Content-Encoding selector 'gzip=0.008928571429'
           Adding Vary response header to related endpoint 'assets/AssetManifest.bin.s6lxjtj78i.json'
         Processing compressed asset: D:\P.L\Flutter\fresh_produce_app\FreshProduce.Api\obj\Debug\net9.0\compressed\mxyuer40a9-{0}-eq001w4kze-eq001w4kze.gz
           Updated endpoint 'assets/AssetManifest.json.gz' with Content-Encoding and Vary headers
         Processing related endpoint 'assets/AssetManifest.json'
           Created Content-Encoding selector for compressed asset 'gzip' with size '0.013888888889' is 'assets/AssetManifest.json'
           Adding header 'Cache-Control' to related endpoint 'assets/AssetManifest.json'
           Adding header 'Content-Encoding' to related endpoint 'assets/AssetManifest.json'
           Adding header 'Content-Length' to related endpoint 'assets/AssetManifest.json'
           Skipping Content-Type header for related endpoint 'assets/AssetManifest.json'
           Adding header 'ETag' to related endpoint 'assets/AssetManifest.json'
           Adding header 'Last-Modified' to related endpoint 'assets/AssetManifest.json'
           Adding header 'Vary' to related endpoint 'assets/AssetManifest.json'
           Skipping header 'Cache-Control' for related endpoint 'assets/AssetManifest.json'
           Skipping header 'Content-Length' for related endpoint 'assets/AssetManifest.json'
         Adding Content-Type 'application/json' header to related endpoint 'assets/AssetManifest.json'
           Updating ETag header for related endpoint 'assets/AssetManifest.json'
           Skipping header 'Last-Modified' for related endpoint 'assets/AssetManifest.json'
           Updated related endpoint 'assets/AssetManifest.json' with Content-Encoding selector 'gzip=0.013888888889'
           Adding Vary response header to related endpoint 'assets/AssetManifest.json'
           Updated endpoint 'assets/AssetManifest.eq001w4kze.json.gz' with Content-Encoding and Vary headers
         Processing related endpoint 'assets/AssetManifest.eq001w4kze.json'
           Created Content-Encoding selector for compressed asset 'gzip' with size '0.013888888889' is 'assets/AssetManifest.eq001w4kze.json'
           Adding header 'Cache-Control' to related endpoint 'assets/AssetManifest.eq001w4kze.json'
           Adding header 'Content-Encoding' to related endpoint 'assets/AssetManifest.eq001w4kze.json'
           Adding header 'Content-Length' to related endpoint 'assets/AssetManifest.eq001w4kze.json'
           Skipping Content-Type header for related endpoint 'assets/AssetManifest.eq001w4kze.json'
           Adding header 'ETag' to related endpoint 'assets/AssetManifest.eq001w4kze.json'
           Adding header 'Last-Modified' to related endpoint 'assets/AssetManifest.eq001w4kze.json'
           Adding header 'Vary' to related endpoint 'assets/AssetManifest.eq001w4kze.json'
           Skipping header 'Cache-Control' for related endpoint 'assets/AssetManifest.eq001w4kze.json'
           Skipping header 'Content-Length' for related endpoint 'assets/AssetManifest.eq001w4kze.json'
         Adding Content-Type 'application/json' header to related endpoint 'assets/AssetManifest.eq001w4kze.json'
           Updating ETag header for related endpoint 'assets/AssetManifest.eq001w4kze.json'
           Skipping header 'Last-Modified' for related endpoint 'assets/AssetManifest.eq001w4kze.json'
           Updated related endpoint 'assets/AssetManifest.eq001w4kze.json' with Content-Encoding selector 'gzip=0.013888888889'
           Adding Vary response header to related endpoint 'assets/AssetManifest.eq001w4kze.json'
         Processing compressed asset: D:\P.L\Flutter\fresh_produce_app\FreshProduce.Api\obj\Debug\net9.0\compressed\06zcqgr24q-{0}-z548inb4f8-z548inb4f8.gz
           Updated endpoint 'canvaskit/chromium/canvaskit.js.gz' with Content-Encoding and Vary headers
         Processing related endpoint 'canvaskit/chromium/canvaskit.js'
           Created Content-Encoding selector for compressed asset 'gzip' with size '0.000035963461' is 'canvaskit/chromium/canvaskit.js'
           Adding header 'Cache-Control' to related endpoint 'canvaskit/chromium/canvaskit.js'
           Adding header 'Content-Encoding' to related endpoint 'canvaskit/chromium/canvaskit.js'
           Adding header 'Content-Length' to related endpoint 'canvaskit/chromium/canvaskit.js'
           Skipping Content-Type header for related endpoint 'canvaskit/chromium/canvaskit.js'
           Adding header 'ETag' to related endpoint 'canvaskit/chromium/canvaskit.js'
           Adding header 'Last-Modified' to related endpoint 'canvaskit/chromium/canvaskit.js'
           Adding header 'Vary' to related endpoint 'canvaskit/chromium/canvaskit.js'
           Skipping header 'Cache-Control' for related endpoint 'canvaskit/chromium/canvaskit.js'
           Skipping header 'Content-Length' for related endpoint 'canvaskit/chromium/canvaskit.js'
         Adding Content-Type 'text/javascript' header to related endpoint 'canvaskit/chromium/canvaskit.js'
           Updating ETag header for related endpoint 'canvaskit/chromium/canvaskit.js'
           Skipping header 'Last-Modified' for related endpoint 'canvaskit/chromium/canvaskit.js'
           Updated related endpoint 'canvaskit/chromium/canvaskit.js' with Content-Encoding selector 'gzip=0.000035963461'
           Adding Vary response header to related endpoint 'canvaskit/chromium/canvaskit.js'
           Updated endpoint 'canvaskit/chromium/canvaskit.z548inb4f8.js.gz' with Content-Encoding and Vary headers
         Processing related endpoint 'canvaskit/chromium/canvaskit.z548inb4f8.js'
           Created Content-Encoding selector for compressed asset 'gzip' with size '0.000035963461' is 'canvaskit/chromium/canvaskit.z548inb4f8.js'
           Adding header 'Cache-Control' to related endpoint 'canvaskit/chromium/canvaskit.z548inb4f8.js'
           Adding header 'Content-Encoding' to related endpoint 'canvaskit/chromium/canvaskit.z548inb4f8.js'
           Adding header 'Content-Length' to related endpoint 'canvaskit/chromium/canvaskit.z548inb4f8.js'
           Skipping Content-Type header for related endpoint 'canvaskit/chromium/canvaskit.z548inb4f8.js'
           Adding header 'ETag' to related endpoint 'canvaskit/chromium/canvaskit.z548inb4f8.js'
           Adding header 'Last-Modified' to related endpoint 'canvaskit/chromium/canvaskit.z548inb4f8.js'
           Adding header 'Vary' to related endpoint 'canvaskit/chromium/canvaskit.z548inb4f8.js'
           Skipping header 'Cache-Control' for related endpoint 'canvaskit/chromium/canvaskit.z548inb4f8.js'
           Skipping header 'Content-Length' for related endpoint 'canvaskit/chromium/canvaskit.z548inb4f8.js'
         Adding Content-Type 'text/javascript' header to related endpoint 'canvaskit/chromium/canvaskit.z548inb4f8.js'
           Updating ETag header for related endpoint 'canvaskit/chromium/canvaskit.z548inb4f8.js'
           Skipping header 'Last-Modified' for related endpoint 'canvaskit/chromium/canvaskit.z548inb4f8.js'
           Updated related endpoint 'canvaskit/chromium/canvaskit.z548inb4f8.js' with Content-Encoding selector 'gzip=0.000035963461'
           Adding Vary response header to related endpoint 'canvaskit/chromium/canvaskit.z548inb4f8.js'
         Processing compressed asset: D:\P.L\Flutter\fresh_produce_app\FreshProduce.Api\obj\Debug\net9.0\compressed\5elv3ncwka-{0}-65lfexcvp7-65lfexcvp7.gz
           Updated endpoint 'admin/canvaskit/skwasm.js.gz' with Content-Encoding and Vary headers
         Processing related endpoint 'admin/canvaskit/skwasm.js'
           Created Content-Encoding selector for compressed asset 'gzip' with size '0.000060132291' is 'admin/canvaskit/skwasm.js'
           Adding header 'Cache-Control' to related endpoint 'admin/canvaskit/skwasm.js'
           Adding header 'Content-Encoding' to related endpoint 'admin/canvaskit/skwasm.js'
           Adding header 'Content-Length' to related endpoint 'admin/canvaskit/skwasm.js'
           Skipping Content-Type header for related endpoint 'admin/canvaskit/skwasm.js'
           Adding header 'ETag' to related endpoint 'admin/canvaskit/skwasm.js'
           Adding header 'Last-Modified' to related endpoint 'admin/canvaskit/skwasm.js'
           Adding header 'Vary' to related endpoint 'admin/canvaskit/skwasm.js'
           Skipping header 'Cache-Control' for related endpoint 'admin/canvaskit/skwasm.js'
           Skipping header 'Content-Length' for related endpoint 'admin/canvaskit/skwasm.js'
         Adding Content-Type 'text/javascript' header to related endpoint 'admin/canvaskit/skwasm.js'
           Updating ETag header for related endpoint 'admin/canvaskit/skwasm.js'
           Skipping header 'Last-Modified' for related endpoint 'admin/canvaskit/skwasm.js'
           Updated related endpoint 'admin/canvaskit/skwasm.js' with Content-Encoding selector 'gzip=0.000060132291'
           Adding Vary response header to related endpoint 'admin/canvaskit/skwasm.js'
           Updated endpoint 'admin/canvaskit/skwasm.65lfexcvp7.js.gz' with Content-Encoding and Vary headers
         Processing related endpoint 'admin/canvaskit/skwasm.65lfexcvp7.js'
           Created Content-Encoding selector for compressed asset 'gzip' with size '0.000060132291' is 'admin/canvaskit/skwasm.65lfexcvp7.js'
           Adding header 'Cache-Control' to related endpoint 'admin/canvaskit/skwasm.65lfexcvp7.js'
           Adding header 'Content-Encoding' to related endpoint 'admin/canvaskit/skwasm.65lfexcvp7.js'
           Adding header 'Content-Length' to related endpoint 'admin/canvaskit/skwasm.65lfexcvp7.js'
           Skipping Content-Type header for related endpoint 'admin/canvaskit/skwasm.65lfexcvp7.js'
           Adding header 'ETag' to related endpoint 'admin/canvaskit/skwasm.65lfexcvp7.js'
           Adding header 'Last-Modified' to related endpoint 'admin/canvaskit/skwasm.65lfexcvp7.js'
           Adding header 'Vary' to related endpoint 'admin/canvaskit/skwasm.65lfexcvp7.js'
           Skipping header 'Cache-Control' for related endpoint 'admin/canvaskit/skwasm.65lfexcvp7.js'
           Skipping header 'Content-Length' for related endpoint 'admin/canvaskit/skwasm.65lfexcvp7.js'
         Adding Content-Type 'text/javascript' header to related endpoint 'admin/canvaskit/skwasm.65lfexcvp7.js'
           Updating ETag header for related endpoint 'admin/canvaskit/skwasm.65lfexcvp7.js'
           Skipping header 'Last-Modified' for related endpoint 'admin/canvaskit/skwasm.65lfexcvp7.js'
           Updated related endpoint 'admin/canvaskit/skwasm.65lfexcvp7.js' with Content-Encoding selector 'gzip=0.000060132291'
           Adding Vary response header to related endpoint 'admin/canvaskit/skwasm.65lfexcvp7.js'
         Processing compressed asset: D:\P.L\Flutter\fresh_produce_app\FreshProduce.Api\obj\Debug\net9.0\compressed\18cyy1q9tw-{0}-z548inb4f8-z548inb4f8.gz
           Updated endpoint 'admin/canvaskit/chromium/canvaskit.js.gz' with Content-Encoding and Vary headers
         Processing related endpoint 'admin/canvaskit/chromium/canvaskit.js'
           Created Content-Encoding selector for compressed asset 'gzip' with size '0.000035963461' is 'admin/canvaskit/chromium/canvaskit.js'
           Adding header 'Cache-Control' to related endpoint 'admin/canvaskit/chromium/canvaskit.js'
           Adding header 'Content-Encoding' to related endpoint 'admin/canvaskit/chromium/canvaskit.js'
           Adding header 'Content-Length' to related endpoint 'admin/canvaskit/chromium/canvaskit.js'
           Skipping Content-Type header for related endpoint 'admin/canvaskit/chromium/canvaskit.js'
           Adding header 'ETag' to related endpoint 'admin/canvaskit/chromium/canvaskit.js'
           Adding header 'Last-Modified' to related endpoint 'admin/canvaskit/chromium/canvaskit.js'
           Adding header 'Vary' to related endpoint 'admin/canvaskit/chromium/canvaskit.js'
           Skipping header 'Cache-Control' for related endpoint 'admin/canvaskit/chromium/canvaskit.js'
           Skipping header 'Content-Length' for related endpoint 'admin/canvaskit/chromium/canvaskit.js'
         Adding Content-Type 'text/javascript' header to related endpoint 'admin/canvaskit/chromium/canvaskit.js'
           Updating ETag header for related endpoint 'admin/canvaskit/chromium/canvaskit.js'
           Skipping header 'Last-Modified' for related endpoint 'admin/canvaskit/chromium/canvaskit.js'
           Updated related endpoint 'admin/canvaskit/chromium/canvaskit.js' with Content-Encoding selector 'gzip=0.000035963461'
           Adding Vary response header to related endpoint 'admin/canvaskit/chromium/canvaskit.js'
           Updated endpoint 'admin/canvaskit/chromium/canvaskit.z548inb4f8.js.gz' with Content-Encoding and Vary headers
         Processing related endpoint 'admin/canvaskit/chromium/canvaskit.z548inb4f8.js'
           Created Content-Encoding selector for compressed asset 'gzip' with size '0.000035963461' is 'admin/canvaskit/chromium/canvaskit.z548inb4f8.js'
           Adding header 'Cache-Control' to related endpoint 'admin/canvaskit/chromium/canvaskit.z548inb4f8.js'
           Adding header 'Content-Encoding' to related endpoint 'admin/canvaskit/chromium/canvaskit.z548inb4f8.js'
           Adding header 'Content-Length' to related endpoint 'admin/canvaskit/chromium/canvaskit.z548inb4f8.js'
           Skipping Content-Type header for related endpoint 'admin/canvaskit/chromium/canvaskit.z548inb4f8.js'
           Adding header 'ETag' to related endpoint 'admin/canvaskit/chromium/canvaskit.z548inb4f8.js'
           Adding header 'Last-Modified' to related endpoint 'admin/canvaskit/chromium/canvaskit.z548inb4f8.js'
           Adding header 'Vary' to related endpoint 'admin/canvaskit/chromium/canvaskit.z548inb4f8.js'
           Skipping header 'Cache-Control' for related endpoint 'admin/canvaskit/chromium/canvaskit.z548inb4f8.js'
           Skipping header 'Content-Length' for related endpoint 'admin/canvaskit/chromium/canvaskit.z548inb4f8.js'
         Adding Content-Type 'text/javascript' header to related endpoint 'admin/canvaskit/chromium/canvaskit.z548inb4f8.js'
           Updating ETag header for related endpoint 'admin/canvaskit/chromium/canvaskit.z548inb4f8.js'
           Skipping header 'Last-Modified' for related endpoint 'admin/canvaskit/chromium/canvaskit.z548inb4f8.js'
           Updated related endpoint 'admin/canvaskit/chromium/canvaskit.z548inb4f8.js' with Content-Encoding selector 'gzip=0.000035963461'
           Adding Vary response header to related endpoint 'admin/canvaskit/chromium/canvaskit.z548inb4f8.js'
         Processing compressed asset: D:\P.L\Flutter\fresh_produce_app\FreshProduce.Api\obj\Debug\net9.0\compressed\gxp288gd64-{0}-7zwdxe6uef-7zwdxe6uef.gz
           Updated endpoint 'admin/assets/FontManifest.json.gz' with Content-Encoding and Vary headers
         Processing related endpoint 'admin/assets/FontManifest.json'
           Created Content-Encoding selector for compressed asset 'gzip' with size '0.007692307692' is 'admin/assets/FontManifest.json'
           Adding header 'Cache-Control' to related endpoint 'admin/assets/FontManifest.json'
           Adding header 'Content-Encoding' to related endpoint 'admin/assets/FontManifest.json'
           Adding header 'Content-Length' to related endpoint 'admin/assets/FontManifest.json'
           Skipping Content-Type header for related endpoint 'admin/assets/FontManifest.json'
           Adding header 'ETag' to related endpoint 'admin/assets/FontManifest.json'
           Adding header 'Last-Modified' to related endpoint 'admin/assets/FontManifest.json'
           Adding header 'Vary' to related endpoint 'admin/assets/FontManifest.json'
           Skipping header 'Cache-Control' for related endpoint 'admin/assets/FontManifest.json'
           Skipping header 'Content-Length' for related endpoint 'admin/assets/FontManifest.json'
         Adding Content-Type 'application/json' header to related endpoint 'admin/assets/FontManifest.json'
           Updating ETag header for related endpoint 'admin/assets/FontManifest.json'
           Skipping header 'Last-Modified' for related endpoint 'admin/assets/FontManifest.json'
           Updated related endpoint 'admin/assets/FontManifest.json' with Content-Encoding selector 'gzip=0.007692307692'
           Adding Vary response header to related endpoint 'admin/assets/FontManifest.json'
           Updated endpoint 'admin/assets/FontManifest.7zwdxe6uef.json.gz' with Content-Encoding and Vary headers
         Processing related endpoint 'admin/assets/FontManifest.7zwdxe6uef.json'
           Created Content-Encoding selector for compressed asset 'gzip' with size '0.007692307692' is 'admin/assets/FontManifest.7zwdxe6uef.json'
           Adding header 'Cache-Control' to related endpoint 'admin/assets/FontManifest.7zwdxe6uef.json'
           Adding header 'Content-Encoding' to related endpoint 'admin/assets/FontManifest.7zwdxe6uef.json'
           Adding header 'Content-Length' to related endpoint 'admin/assets/FontManifest.7zwdxe6uef.json'
           Skipping Content-Type header for related endpoint 'admin/assets/FontManifest.7zwdxe6uef.json'
           Adding header 'ETag' to related endpoint 'admin/assets/FontManifest.7zwdxe6uef.json'
           Adding header 'Last-Modified' to related endpoint 'admin/assets/FontManifest.7zwdxe6uef.json'
           Adding header 'Vary' to related endpoint 'admin/assets/FontManifest.7zwdxe6uef.json'
           Skipping header 'Cache-Control' for related endpoint 'admin/assets/FontManifest.7zwdxe6uef.json'
           Skipping header 'Content-Length' for related endpoint 'admin/assets/FontManifest.7zwdxe6uef.json'
         Adding Content-Type 'application/json' header to related endpoint 'admin/assets/FontManifest.7zwdxe6uef.json'
           Updating ETag header for related endpoint 'admin/assets/FontManifest.7zwdxe6uef.json'
           Skipping header 'Last-Modified' for related endpoint 'admin/assets/FontManifest.7zwdxe6uef.json'
           Updated related endpoint 'admin/assets/FontManifest.7zwdxe6uef.json' with Content-Encoding selector 'gzip=0.007692307692'
           Adding Vary response header to related endpoint 'admin/assets/FontManifest.7zwdxe6uef.json'
         Processing compressed asset: D:\P.L\Flutter\fresh_produce_app\FreshProduce.Api\obj\Debug\net9.0\compressed\hq0t982h3j-{0}-xcq4gn48vx-xcq4gn48vx.gz
           Updated endpoint 'assets/fonts/MaterialIcons-Regular.otf.gz' with Content-Encoding and Vary headers
         Processing related endpoint 'assets/fonts/MaterialIcons-Regular.otf'
           Created Content-Encoding selector for compressed asset 'gzip' with size '0.000216216216' is 'assets/fonts/MaterialIcons-Regular.otf'
           Adding header 'Cache-Control' to related endpoint 'assets/fonts/MaterialIcons-Regular.otf'
           Adding header 'Content-Encoding' to related endpoint 'assets/fonts/MaterialIcons-Regular.otf'
           Adding header 'Content-Length' to related endpoint 'assets/fonts/MaterialIcons-Regular.otf'
           Skipping Content-Type header for related endpoint 'assets/fonts/MaterialIcons-Regular.otf'
           Adding header 'ETag' to related endpoint 'assets/fonts/MaterialIcons-Regular.otf'
           Adding header 'Last-Modified' to related endpoint 'assets/fonts/MaterialIcons-Regular.otf'
           Adding header 'Vary' to related endpoint 'assets/fonts/MaterialIcons-Regular.otf'
           Skipping header 'Cache-Control' for related endpoint 'assets/fonts/MaterialIcons-Regular.otf'
           Skipping header 'Content-Length' for related endpoint 'assets/fonts/MaterialIcons-Regular.otf'
         Adding Content-Type 'font/otf' header to related endpoint 'assets/fonts/MaterialIcons-Regular.otf'
           Updating ETag header for related endpoint 'assets/fonts/MaterialIcons-Regular.otf'
           Skipping header 'Last-Modified' for related endpoint 'assets/fonts/MaterialIcons-Regular.otf'
           Updated related endpoint 'assets/fonts/MaterialIcons-Regular.otf' with Content-Encoding selector 'gzip=0.000216216216'
           Adding Vary response header to related endpoint 'assets/fonts/MaterialIcons-Regular.otf'
           Updated endpoint 'assets/fonts/MaterialIcons-Regular.xcq4gn48vx.otf.gz' with Content-Encoding and Vary headers
         Processing related endpoint 'assets/fonts/MaterialIcons-Regular.xcq4gn48vx.otf'
           Created Content-Encoding selector for compressed asset 'gzip' with size '0.000216216216' is 'assets/fonts/MaterialIcons-Regular.xcq4gn48vx.otf'
           Adding header 'Cache-Control' to related endpoint 'assets/fonts/MaterialIcons-Regular.xcq4gn48vx.otf'
           Adding header 'Content-Encoding' to related endpoint 'assets/fonts/MaterialIcons-Regular.xcq4gn48vx.otf'
           Adding header 'Content-Length' to related endpoint 'assets/fonts/MaterialIcons-Regular.xcq4gn48vx.otf'
           Skipping Content-Type header for related endpoint 'assets/fonts/MaterialIcons-Regular.xcq4gn48vx.otf'
           Adding header 'ETag' to related endpoint 'assets/fonts/MaterialIcons-Regular.xcq4gn48vx.otf'
           Adding header 'Last-Modified' to related endpoint 'assets/fonts/MaterialIcons-Regular.xcq4gn48vx.otf'
           Adding header 'Vary' to related endpoint 'assets/fonts/MaterialIcons-Regular.xcq4gn48vx.otf'
           Skipping header 'Cache-Control' for related endpoint 'assets/fonts/MaterialIcons-Regular.xcq4gn48vx.otf'
           Skipping header 'Content-Length' for related endpoint 'assets/fonts/MaterialIcons-Regular.xcq4gn48vx.otf'
         Adding Content-Type 'font/otf' header to related endpoint 'assets/fonts/MaterialIcons-Regular.xcq4gn48vx.otf'
           Updating ETag header for related endpoint 'assets/fonts/MaterialIcons-Regular.xcq4gn48vx.otf'
           Skipping header 'Last-Modified' for related endpoint 'assets/fonts/MaterialIcons-Regular.xcq4gn48vx.otf'
           Updated related endpoint 'assets/fonts/MaterialIcons-Regular.xcq4gn48vx.otf' with Content-Encoding selector 'gzip=0.000216216216'
           Adding Vary response header to related endpoint 'assets/fonts/MaterialIcons-Regular.xcq4gn48vx.otf'
         Processing compressed asset: D:\P.L\Flutter\fresh_produce_app\FreshProduce.Api\obj\Debug\net9.0\compressed\wuf42j7l8q-{0}-s6lxjtj78i-s6lxjtj78i.gz
           Updated endpoint 'admin/assets/AssetManifest.bin.json.gz' with Content-Encoding and Vary headers
         Processing related endpoint 'admin/assets/AssetManifest.bin.json'
           Created Content-Encoding selector for compressed asset 'gzip' with size '0.008928571429' is 'admin/assets/AssetManifest.bin.json'
           Adding header 'Cache-Control' to related endpoint 'admin/assets/AssetManifest.bin.json'
           Adding header 'Content-Encoding' to related endpoint 'admin/assets/AssetManifest.bin.json'
           Adding header 'Content-Length' to related endpoint 'admin/assets/AssetManifest.bin.json'
           Skipping Content-Type header for related endpoint 'admin/assets/AssetManifest.bin.json'
           Adding header 'ETag' to related endpoint 'admin/assets/AssetManifest.bin.json'
           Adding header 'Last-Modified' to related endpoint 'admin/assets/AssetManifest.bin.json'
           Adding header 'Vary' to related endpoint 'admin/assets/AssetManifest.bin.json'
           Skipping header 'Cache-Control' for related endpoint 'admin/assets/AssetManifest.bin.json'
           Skipping header 'Content-Length' for related endpoint 'admin/assets/AssetManifest.bin.json'
         Adding Content-Type 'application/json' header to related endpoint 'admin/assets/AssetManifest.bin.json'
           Updating ETag header for related endpoint 'admin/assets/AssetManifest.bin.json'
           Skipping header 'Last-Modified' for related endpoint 'admin/assets/AssetManifest.bin.json'
           Updated related endpoint 'admin/assets/AssetManifest.bin.json' with Content-Encoding selector 'gzip=0.008928571429'
           Adding Vary response header to related endpoint 'admin/assets/AssetManifest.bin.json'
           Updated endpoint 'admin/assets/AssetManifest.bin.s6lxjtj78i.json.gz' with Content-Encoding and Vary headers
         Processing related endpoint 'admin/assets/AssetManifest.bin.s6lxjtj78i.json'
           Created Content-Encoding selector for compressed asset 'gzip' with size '0.008928571429' is 'admin/assets/AssetManifest.bin.s6lxjtj78i.json'
           Adding header 'Cache-Control' to related endpoint 'admin/assets/AssetManifest.bin.s6lxjtj78i.json'
           Adding header 'Content-Encoding' to related endpoint 'admin/assets/AssetManifest.bin.s6lxjtj78i.json'
           Adding header 'Content-Length' to related endpoint 'admin/assets/AssetManifest.bin.s6lxjtj78i.json'
           Skipping Content-Type header for related endpoint 'admin/assets/AssetManifest.bin.s6lxjtj78i.json'
           Adding header 'ETag' to related endpoint 'admin/assets/AssetManifest.bin.s6lxjtj78i.json'
           Adding header 'Last-Modified' to related endpoint 'admin/assets/AssetManifest.bin.s6lxjtj78i.json'
           Adding header 'Vary' to related endpoint 'admin/assets/AssetManifest.bin.s6lxjtj78i.json'
           Skipping header 'Cache-Control' for related endpoint 'admin/assets/AssetManifest.bin.s6lxjtj78i.json'
           Skipping header 'Content-Length' for related endpoint 'admin/assets/AssetManifest.bin.s6lxjtj78i.json'
         Adding Content-Type 'application/json' header to related endpoint 'admin/assets/AssetManifest.bin.s6lxjtj78i.json'
           Updating ETag header for related endpoint 'admin/assets/AssetManifest.bin.s6lxjtj78i.json'
           Skipping header 'Last-Modified' for related endpoint 'admin/assets/AssetManifest.bin.s6lxjtj78i.json'
           Updated related endpoint 'admin/assets/AssetManifest.bin.s6lxjtj78i.json' with Content-Encoding selector 'gzip=0.008928571429'
           Adding Vary response header to related endpoint 'admin/assets/AssetManifest.bin.s6lxjtj78i.json'
             Skipping endpoint 'main.dart.js.gz' since and endpoint for the same asset was updated.
             Skipping endpoint 'main.dart.9jhojib2f9.js.gz' since and endpoint for the same asset was updated.
             Skipping endpoint 'main.dart.js' since and endpoint for the same asset was updated.
             Skipping endpoint 'main.dart.9jhojib2f9.js' since and endpoint for the same asset was updated.
             Skipping endpoint 'admin/assets/AssetManifest.json.gz' since and endpoint for the same asset was updated.
             Skipping endpoint 'admin/assets/AssetManifest.eq001w4kze.json.gz' since and endpoint for the same asset was updated.
             Skipping endpoint 'admin/assets/AssetManifest.json' since and endpoint for the same asset was updated.
             Skipping endpoint 'admin/assets/AssetManifest.eq001w4kze.json' since and endpoint for the same asset was updated.
             Skipping endpoint 'admin/flutter.js.gz' since and endpoint for the same asset was updated.
             Skipping endpoint 'admin/flutter.z4ueicp6lb.js.gz' since and endpoint for the same asset was updated.
             Skipping endpoint 'admin/flutter.js' since and endpoint for the same asset was updated.
             Skipping endpoint 'admin/flutter.z4ueicp6lb.js' since and endpoint for the same asset was updated.
             Skipping endpoint 'assets/FontManifest.json.gz' since and endpoint for the same asset was updated.
             Skipping endpoint 'assets/FontManifest.7zwdxe6uef.json.gz' since and endpoint for the same asset was updated.
             Skipping endpoint 'assets/FontManifest.json' since and endpoint for the same asset was updated.
             Skipping endpoint 'assets/FontManifest.7zwdxe6uef.json' since and endpoint for the same asset was updated.
             Skipping endpoint 'canvaskit/skwasm.js.gz' since and endpoint for the same asset was updated.
             Skipping endpoint 'canvaskit/skwasm.65lfexcvp7.js.gz' since and endpoint for the same asset was updated.
             Skipping endpoint 'canvaskit/skwasm.js' since and endpoint for the same asset was updated.
             Skipping endpoint 'canvaskit/skwasm.65lfexcvp7.js' since and endpoint for the same asset was updated.
             Skipping endpoint 'admin/assets/fonts/MaterialIcons-Regular.otf.gz' since and endpoint for the same asset was updated.
             Skipping endpoint 'admin/assets/fonts/MaterialIcons-Regular.i38f925a2v.otf.gz' since and endpoint for the same asset was updated.
             Skipping endpoint 'admin/assets/fonts/MaterialIcons-Regular.otf' since and endpoint for the same asset was updated.
             Skipping endpoint 'admin/assets/fonts/MaterialIcons-Regular.i38f925a2v.otf' since and endpoint for the same asset was updated.
             Skipping endpoint 'canvaskit/canvaskit.wasm.gz' since and endpoint for the same asset was updated.
             Skipping endpoint 'canvaskit/canvaskit.o0khchddlv.wasm.gz' since and endpoint for the same asset was updated.
             Skipping endpoint 'canvaskit/canvaskit.wasm' since and endpoint for the same asset was updated.
             Skipping endpoint 'canvaskit/canvaskit.o0khchddlv.wasm' since and endpoint for the same asset was updated.
             Skipping endpoint 'canvaskit/chromium/canvaskit.wasm.gz' since and endpoint for the same asset was updated.
             Skipping endpoint 'canvaskit/chromium/canvaskit.udn3qxhb0n.wasm.gz' since and endpoint for the same asset was updated.
             Skipping endpoint 'canvaskit/chromium/canvaskit.wasm' since and endpoint for the same asset was updated.
             Skipping endpoint 'canvaskit/chromium/canvaskit.udn3qxhb0n.wasm' since and endpoint for the same asset was updated.
             Skipping endpoint 'admin/canvaskit/skwasm_heavy.wasm.gz' since and endpoint for the same asset was updated.
             Skipping endpoint 'admin/canvaskit/skwasm_heavy.som1pkmtep.wasm.gz' since and endpoint for the same asset was updated.
             Skipping endpoint 'admin/canvaskit/skwasm_heavy.wasm' since and endpoint for the same asset was updated.
             Skipping endpoint 'admin/canvaskit/skwasm_heavy.som1pkmtep.wasm' since and endpoint for the same asset was updated.
             Skipping endpoint 'canvaskit/skwasm.wasm.gz' since and endpoint for the same asset was updated.
             Skipping endpoint 'canvaskit/skwasm.kqd8e0b56y.wasm.gz' since and endpoint for the same asset was updated.
             Skipping endpoint 'canvaskit/skwasm.wasm' since and endpoint for the same asset was updated.
             Skipping endpoint 'canvaskit/skwasm.kqd8e0b56y.wasm' since and endpoint for the same asset was updated.
             Skipping endpoint 'canvaskit/skwasm_heavy.js.gz' since and endpoint for the same asset was updated.
             Skipping endpoint 'canvaskit/skwasm_heavy.pt7u1aviqz.js.gz' since and endpoint for the same asset was updated.
             Skipping endpoint 'canvaskit/skwasm_heavy.js' since and endpoint for the same asset was updated.
             Skipping endpoint 'canvaskit/skwasm_heavy.pt7u1aviqz.js' since and endpoint for the same asset was updated.
             Skipping endpoint 'canvaskit/skwasm_heavy.wasm.gz' since and endpoint for the same asset was updated.
             Skipping endpoint 'canvaskit/skwasm_heavy.som1pkmtep.wasm.gz' since and endpoint for the same asset was updated.
             Skipping endpoint 'canvaskit/skwasm_heavy.wasm' since and endpoint for the same asset was updated.
             Skipping endpoint 'canvaskit/skwasm_heavy.som1pkmtep.wasm' since and endpoint for the same asset was updated.
             Skipping endpoint 'flutter.js.gz' since and endpoint for the same asset was updated.
             Skipping endpoint 'flutter.z4ueicp6lb.js.gz' since and endpoint for the same asset was updated.
             Skipping endpoint 'flutter.js' since and endpoint for the same asset was updated.
             Skipping endpoint 'flutter.z4ueicp6lb.js' since and endpoint for the same asset was updated.
             Skipping endpoint 'index.html.gz' since and endpoint for the same asset was updated.
             Skipping endpoint 'index.ayvu4txshl.html.gz' since and endpoint for the same asset was updated.
             Skipping endpoint 'index.html' since and endpoint for the same asset was updated.
             Skipping endpoint 'index.ayvu4txshl.html' since and endpoint for the same asset was updated.
             Skipping endpoint 'flutter_bootstrap.js.gz' since and endpoint for the same asset was updated.
             Skipping endpoint 'flutter_bootstrap.fgu7z2inz0.js.gz' since and endpoint for the same asset was updated.
             Skipping endpoint 'flutter_bootstrap.js' since and endpoint for the same asset was updated.
             Skipping endpoint 'flutter_bootstrap.fgu7z2inz0.js' since and endpoint for the same asset was updated.
             Skipping endpoint 'admin/canvaskit/skwasm.wasm.gz' since and endpoint for the same asset was updated.
             Skipping endpoint 'admin/canvaskit/skwasm.kqd8e0b56y.wasm.gz' since and endpoint for the same asset was updated.
             Skipping endpoint 'admin/canvaskit/skwasm.wasm' since and endpoint for the same asset was updated.
             Skipping endpoint 'admin/canvaskit/skwasm.kqd8e0b56y.wasm' since and endpoint for the same asset was updated.
             Skipping endpoint 'version.json.gz' since and endpoint for the same asset was updated.
             Skipping endpoint 'version.ytdqykxoj9.json.gz' since and endpoint for the same asset was updated.
             Skipping endpoint 'version.json' since and endpoint for the same asset was updated.
             Skipping endpoint 'version.ytdqykxoj9.json' since and endpoint for the same asset was updated.
             Skipping endpoint 'flutter_service_worker.js.gz' since and endpoint for the same asset was updated.
             Skipping endpoint 'flutter_service_worker.vdsimdjcro.js.gz' since and endpoint for the same asset was updated.
             Skipping endpoint 'flutter_service_worker.js' since and endpoint for the same asset was updated.
             Skipping endpoint 'flutter_service_worker.vdsimdjcro.js' since and endpoint for the same asset was updated.
             Skipping endpoint 'admin/canvaskit/chromium/canvaskit.wasm.gz' since and endpoint for the same asset was updated.
             Skipping endpoint 'admin/canvaskit/chromium/canvaskit.udn3qxhb0n.wasm.gz' since and endpoint for the same asset was updated.
             Skipping endpoint 'admin/canvaskit/chromium/canvaskit.wasm' since and endpoint for the same asset was updated.
             Skipping endpoint 'admin/canvaskit/chromium/canvaskit.udn3qxhb0n.wasm' since and endpoint for the same asset was updated.
             Skipping endpoint 'admin/canvaskit/canvaskit.wasm.gz' since and endpoint for the same asset was updated.
             Skipping endpoint 'admin/canvaskit/canvaskit.o0khchddlv.wasm.gz' since and endpoint for the same asset was updated.
             Skipping endpoint 'admin/canvaskit/canvaskit.wasm' since and endpoint for the same asset was updated.
             Skipping endpoint 'admin/canvaskit/canvaskit.o0khchddlv.wasm' since and endpoint for the same asset was updated.
             Skipping endpoint 'canvaskit/canvaskit.js.gz' since and endpoint for the same asset was updated.
             Skipping endpoint 'canvaskit/canvaskit.ji893wmxdy.js.gz' since and endpoint for the same asset was updated.
             Skipping endpoint 'canvaskit/canvaskit.js' since and endpoint for the same asset was updated.
             Skipping endpoint 'canvaskit/canvaskit.ji893wmxdy.js' since and endpoint for the same asset was updated.
             Skipping endpoint 'manifest.json.gz' since and endpoint for the same asset was updated.
             Skipping endpoint 'manifest.xliufgw85g.json.gz' since and endpoint for the same asset was updated.
             Skipping endpoint 'manifest.json' since and endpoint for the same asset was updated.
             Skipping endpoint 'manifest.xliufgw85g.json' since and endpoint for the same asset was updated.
             Skipping endpoint 'admin/canvaskit/skwasm_heavy.js.gz' since and endpoint for the same asset was updated.
             Skipping endpoint 'admin/canvaskit/skwasm_heavy.pt7u1aviqz.js.gz' since and endpoint for the same asset was updated.
             Skipping endpoint 'admin/canvaskit/skwasm_heavy.js' since and endpoint for the same asset was updated.
             Skipping endpoint 'admin/canvaskit/skwasm_heavy.pt7u1aviqz.js' since and endpoint for the same asset was updated.
             Skipping endpoint 'admin/flutter_bootstrap.js.gz' since and endpoint for the same asset was updated.
             Skipping endpoint 'admin/flutter_bootstrap.398akf0vg5.js.gz' since and endpoint for the same asset was updated.
             Skipping endpoint 'admin/flutter_bootstrap.js' since and endpoint for the same asset was updated.
             Skipping endpoint 'admin/flutter_bootstrap.398akf0vg5.js' since and endpoint for the same asset was updated.
             Skipping endpoint 'admin/canvaskit/canvaskit.js.gz' since and endpoint for the same asset was updated.
             Skipping endpoint 'admin/canvaskit/canvaskit.ji893wmxdy.js.gz' since and endpoint for the same asset was updated.
             Skipping endpoint 'admin/canvaskit/canvaskit.js' since and endpoint for the same asset was updated.
             Skipping endpoint 'admin/canvaskit/canvaskit.ji893wmxdy.js' since and endpoint for the same asset was updated.
             Skipping endpoint 'admin/flutter_service_worker.js.gz' since and endpoint for the same asset was updated.
             Skipping endpoint 'admin/flutter_service_worker.9phf0g8y9f.js.gz' since and endpoint for the same asset was updated.
             Skipping endpoint 'admin/flutter_service_worker.js' since and endpoint for the same asset was updated.
             Skipping endpoint 'admin/flutter_service_worker.9phf0g8y9f.js' since and endpoint for the same asset was updated.
             Skipping endpoint 'admin/index.html.gz' since and endpoint for the same asset was updated.
             Skipping endpoint 'admin/index.4iau0ph7rf.html.gz' since and endpoint for the same asset was updated.
             Skipping endpoint 'admin/index.html' since and endpoint for the same asset was updated.
             Skipping endpoint 'admin/index.4iau0ph7rf.html' since and endpoint for the same asset was updated.
             Skipping endpoint 'admin/main.dart.js.gz' since and endpoint for the same asset was updated.
             Skipping endpoint 'admin/main.dart.zev5p1fizo.js.gz' since and endpoint for the same asset was updated.
             Skipping endpoint 'admin/main.dart.js' since and endpoint for the same asset was updated.
             Skipping endpoint 'admin/main.dart.zev5p1fizo.js' since and endpoint for the same asset was updated.
             Skipping endpoint 'admin/manifest.json.gz' since and endpoint for the same asset was updated.
             Skipping endpoint 'admin/manifest.18v5h0bqdt.json.gz' since and endpoint for the same asset was updated.
             Skipping endpoint 'admin/manifest.json' since and endpoint for the same asset was updated.
             Skipping endpoint 'admin/manifest.18v5h0bqdt.json' since and endpoint for the same asset was updated.
             Skipping endpoint 'admin/version.json.gz' since and endpoint for the same asset was updated.
             Skipping endpoint 'admin/version.fugllc50rj.json.gz' since and endpoint for the same asset was updated.
             Skipping endpoint 'admin/version.json' since and endpoint for the same asset was updated.
             Skipping endpoint 'admin/version.fugllc50rj.json' since and endpoint for the same asset was updated.
             Skipping endpoint 'assets/AssetManifest.bin.json.gz' since and endpoint for the same asset was updated.
             Skipping endpoint 'assets/AssetManifest.bin.s6lxjtj78i.json.gz' since and endpoint for the same asset was updated.
             Skipping endpoint 'assets/AssetManifest.bin.json' since and endpoint for the same asset was updated.
             Skipping endpoint 'assets/AssetManifest.bin.s6lxjtj78i.json' since and endpoint for the same asset was updated.
             Skipping endpoint 'assets/AssetManifest.json.gz' since and endpoint for the same asset was updated.
             Skipping endpoint 'assets/AssetManifest.eq001w4kze.json.gz' since and endpoint for the same asset was updated.
             Skipping endpoint 'assets/AssetManifest.json' since and endpoint for the same asset was updated.
             Skipping endpoint 'assets/AssetManifest.eq001w4kze.json' since and endpoint for the same asset was updated.
             Skipping endpoint 'canvaskit/chromium/canvaskit.js.gz' since and endpoint for the same asset was updated.
             Skipping endpoint 'canvaskit/chromium/canvaskit.z548inb4f8.js.gz' since and endpoint for the same asset was updated.
             Skipping endpoint 'canvaskit/chromium/canvaskit.js' since and endpoint for the same asset was updated.
             Skipping endpoint 'canvaskit/chromium/canvaskit.z548inb4f8.js' since and endpoint for the same asset was updated.
             Skipping endpoint 'admin/canvaskit/skwasm.js.gz' since and endpoint for the same asset was updated.
             Skipping endpoint 'admin/canvaskit/skwasm.65lfexcvp7.js.gz' since and endpoint for the same asset was updated.
             Skipping endpoint 'admin/canvaskit/skwasm.js' since and endpoint for the same asset was updated.
             Skipping endpoint 'admin/canvaskit/skwasm.65lfexcvp7.js' since and endpoint for the same asset was updated.
             Skipping endpoint 'admin/canvaskit/chromium/canvaskit.js.gz' since and endpoint for the same asset was updated.
             Skipping endpoint 'admin/canvaskit/chromium/canvaskit.z548inb4f8.js.gz' since and endpoint for the same asset was updated.
             Skipping endpoint 'admin/canvaskit/chromium/canvaskit.js' since and endpoint for the same asset was updated.
             Skipping endpoint 'admin/canvaskit/chromium/canvaskit.z548inb4f8.js' since and endpoint for the same asset was updated.
             Skipping endpoint 'admin/assets/FontManifest.json.gz' since and endpoint for the same asset was updated.
             Skipping endpoint 'admin/assets/FontManifest.7zwdxe6uef.json.gz' since and endpoint for the same asset was updated.
             Skipping endpoint 'admin/assets/FontManifest.json' since and endpoint for the same asset was updated.
             Skipping endpoint 'admin/assets/FontManifest.7zwdxe6uef.json' since and endpoint for the same asset was updated.
             Skipping endpoint 'assets/fonts/MaterialIcons-Regular.otf.gz' since and endpoint for the same asset was updated.
             Skipping endpoint 'assets/fonts/MaterialIcons-Regular.xcq4gn48vx.otf.gz' since and endpoint for the same asset was updated.
             Skipping endpoint 'assets/fonts/MaterialIcons-Regular.otf' since and endpoint for the same asset was updated.
             Skipping endpoint 'assets/fonts/MaterialIcons-Regular.xcq4gn48vx.otf' since and endpoint for the same asset was updated.
             Skipping endpoint 'admin/assets/AssetManifest.bin.json.gz' since and endpoint for the same asset was updated.
             Skipping endpoint 'admin/assets/AssetManifest.bin.s6lxjtj78i.json.gz' since and endpoint for the same asset was updated.
             Skipping endpoint 'admin/assets/AssetManifest.bin.json' since and endpoint for the same asset was updated.
             Skipping endpoint 'admin/assets/AssetManifest.bin.s6lxjtj78i.json' since and endpoint for the same asset was updated.
         Processing route 'main.dart.js.gz'
         Processing route 'main.dart.js'
         Processing route 'main.dart.js'
         Processing route 'main.dart.9jhojib2f9.js.gz'
         Processing route 'main.dart.9jhojib2f9.js'
         Processing route 'main.dart.9jhojib2f9.js'
         Processing route 'admin/assets/AssetManifest.json.gz'
         Processing route 'admin/assets/AssetManifest.json'
         Processing route 'admin/assets/AssetManifest.json'
         Processing route 'admin/assets/AssetManifest.eq001w4kze.json.gz'
         Processing route 'admin/assets/AssetManifest.eq001w4kze.json'
         Processing route 'admin/assets/AssetManifest.eq001w4kze.json'
         Processing route 'admin/flutter.js.gz'
         Processing route 'admin/flutter.js'
         Processing route 'admin/flutter.js'
         Processing route 'admin/flutter.z4ueicp6lb.js.gz'
         Processing route 'admin/flutter.z4ueicp6lb.js'
         Processing route 'admin/flutter.z4ueicp6lb.js'
         Processing route 'assets/FontManifest.json.gz'
         Processing route 'assets/FontManifest.json'
         Processing route 'assets/FontManifest.json'
         Processing route 'assets/FontManifest.7zwdxe6uef.json.gz'
         Processing route 'assets/FontManifest.7zwdxe6uef.json'
         Processing route 'assets/FontManifest.7zwdxe6uef.json'
         Processing route 'canvaskit/skwasm.js.gz'
         Processing route 'canvaskit/skwasm.js'
         Processing route 'canvaskit/skwasm.js'
         Processing route 'canvaskit/skwasm.65lfexcvp7.js.gz'
         Processing route 'canvaskit/skwasm.65lfexcvp7.js'
         Processing route 'canvaskit/skwasm.65lfexcvp7.js'
         Processing route 'admin/assets/fonts/MaterialIcons-Regular.otf.gz'
         Processing route 'admin/assets/fonts/MaterialIcons-Regular.otf'
         Processing route 'admin/assets/fonts/MaterialIcons-Regular.otf'
         Processing route 'admin/assets/fonts/MaterialIcons-Regular.i38f925a2v.otf.gz'
         Processing route 'admin/assets/fonts/MaterialIcons-Regular.i38f925a2v.otf'
         Processing route 'admin/assets/fonts/MaterialIcons-Regular.i38f925a2v.otf'
         Processing route 'canvaskit/canvaskit.wasm.gz'
         Processing route 'canvaskit/canvaskit.wasm'
         Processing route 'canvaskit/canvaskit.wasm'
         Processing route 'canvaskit/canvaskit.o0khchddlv.wasm.gz'
         Processing route 'canvaskit/canvaskit.o0khchddlv.wasm'
         Processing route 'canvaskit/canvaskit.o0khchddlv.wasm'
         Processing route 'canvaskit/chromium/canvaskit.wasm.gz'
         Processing route 'canvaskit/chromium/canvaskit.wasm'
         Processing route 'canvaskit/chromium/canvaskit.wasm'
         Processing route 'canvaskit/chromium/canvaskit.udn3qxhb0n.wasm.gz'
         Processing route 'canvaskit/chromium/canvaskit.udn3qxhb0n.wasm'
         Processing route 'canvaskit/chromium/canvaskit.udn3qxhb0n.wasm'
         Processing route 'admin/canvaskit/skwasm_heavy.wasm.gz'
         Processing route 'admin/canvaskit/skwasm_heavy.wasm'
         Processing route 'admin/canvaskit/skwasm_heavy.wasm'
         Processing route 'admin/canvaskit/skwasm_heavy.som1pkmtep.wasm.gz'
         Processing route 'admin/canvaskit/skwasm_heavy.som1pkmtep.wasm'
         Processing route 'admin/canvaskit/skwasm_heavy.som1pkmtep.wasm'
         Processing route 'canvaskit/skwasm.wasm.gz'
         Processing route 'canvaskit/skwasm.wasm'
         Processing route 'canvaskit/skwasm.wasm'
         Processing route 'canvaskit/skwasm.kqd8e0b56y.wasm.gz'
         Processing route 'canvaskit/skwasm.kqd8e0b56y.wasm'
         Processing route 'canvaskit/skwasm.kqd8e0b56y.wasm'
         Processing route 'canvaskit/skwasm_heavy.js.gz'
         Processing route 'canvaskit/skwasm_heavy.js'
         Processing route 'canvaskit/skwasm_heavy.js'
         Processing route 'canvaskit/skwasm_heavy.pt7u1aviqz.js.gz'
         Processing route 'canvaskit/skwasm_heavy.pt7u1aviqz.js'
         Processing route 'canvaskit/skwasm_heavy.pt7u1aviqz.js'
         Processing route 'canvaskit/skwasm_heavy.wasm.gz'
         Processing route 'canvaskit/skwasm_heavy.wasm'
         Processing route 'canvaskit/skwasm_heavy.wasm'
         Processing route 'canvaskit/skwasm_heavy.som1pkmtep.wasm.gz'
         Processing route 'canvaskit/skwasm_heavy.som1pkmtep.wasm'
         Processing route 'canvaskit/skwasm_heavy.som1pkmtep.wasm'
         Processing route 'flutter.js.gz'
         Processing route 'flutter.js'
         Processing route 'flutter.js'
         Processing route 'flutter.z4ueicp6lb.js.gz'
         Processing route 'flutter.z4ueicp6lb.js'
         Processing route 'flutter.z4ueicp6lb.js'
         Processing route 'index.html.gz'
         Processing route 'index.html'
         Processing route 'index.html'
         Processing route 'index.ayvu4txshl.html.gz'
         Processing route 'index.ayvu4txshl.html'
         Processing route 'index.ayvu4txshl.html'
         Processing route 'flutter_bootstrap.js.gz'
         Processing route 'flutter_bootstrap.js'
         Processing route 'flutter_bootstrap.js'
         Processing route 'flutter_bootstrap.fgu7z2inz0.js.gz'
         Processing route 'flutter_bootstrap.fgu7z2inz0.js'
         Processing route 'flutter_bootstrap.fgu7z2inz0.js'
         Processing route 'admin/canvaskit/skwasm.wasm.gz'
         Processing route 'admin/canvaskit/skwasm.wasm'
         Processing route 'admin/canvaskit/skwasm.wasm'
         Processing route 'admin/canvaskit/skwasm.kqd8e0b56y.wasm.gz'
         Processing route 'admin/canvaskit/skwasm.kqd8e0b56y.wasm'
         Processing route 'admin/canvaskit/skwasm.kqd8e0b56y.wasm'
         Processing route 'version.json.gz'
         Processing route 'version.json'
         Processing route 'version.json'
         Processing route 'version.ytdqykxoj9.json.gz'
         Processing route 'version.ytdqykxoj9.json'
         Processing route 'version.ytdqykxoj9.json'
         Processing route 'flutter_service_worker.js.gz'
         Processing route 'flutter_service_worker.js'
         Processing route 'flutter_service_worker.js'
         Processing route 'flutter_service_worker.vdsimdjcro.js.gz'
         Processing route 'flutter_service_worker.vdsimdjcro.js'
         Processing route 'flutter_service_worker.vdsimdjcro.js'
         Processing route 'admin/canvaskit/chromium/canvaskit.wasm.gz'
         Processing route 'admin/canvaskit/chromium/canvaskit.wasm'
         Processing route 'admin/canvaskit/chromium/canvaskit.wasm'
         Processing route 'admin/canvaskit/chromium/canvaskit.udn3qxhb0n.wasm.gz'
         Processing route 'admin/canvaskit/chromium/canvaskit.udn3qxhb0n.wasm'
         Processing route 'admin/canvaskit/chromium/canvaskit.udn3qxhb0n.wasm'
         Processing route 'admin/canvaskit/canvaskit.wasm.gz'
         Processing route 'admin/canvaskit/canvaskit.wasm'
         Processing route 'admin/canvaskit/canvaskit.wasm'
         Processing route 'admin/canvaskit/canvaskit.o0khchddlv.wasm.gz'
         Processing route 'admin/canvaskit/canvaskit.o0khchddlv.wasm'
         Processing route 'admin/canvaskit/canvaskit.o0khchddlv.wasm'
         Processing route 'canvaskit/canvaskit.js.gz'
         Processing route 'canvaskit/canvaskit.js'
         Processing route 'canvaskit/canvaskit.js'
         Processing route 'canvaskit/canvaskit.ji893wmxdy.js.gz'
         Processing route 'canvaskit/canvaskit.ji893wmxdy.js'
         Processing route 'canvaskit/canvaskit.ji893wmxdy.js'
         Processing route 'manifest.json.gz'
         Processing route 'manifest.json'
         Processing route 'manifest.json'
         Processing route 'manifest.xliufgw85g.json.gz'
         Processing route 'manifest.xliufgw85g.json'
         Processing route 'manifest.xliufgw85g.json'
         Processing route 'admin/canvaskit/skwasm_heavy.js.gz'
         Processing route 'admin/canvaskit/skwasm_heavy.js'
         Processing route 'admin/canvaskit/skwasm_heavy.js'
         Processing route 'admin/canvaskit/skwasm_heavy.pt7u1aviqz.js.gz'
         Processing route 'admin/canvaskit/skwasm_heavy.pt7u1aviqz.js'
         Processing route 'admin/canvaskit/skwasm_heavy.pt7u1aviqz.js'
         Processing route 'admin/flutter_bootstrap.js.gz'
         Processing route 'admin/flutter_bootstrap.js'
         Processing route 'admin/flutter_bootstrap.js'
         Processing route 'admin/flutter_bootstrap.398akf0vg5.js.gz'
         Processing route 'admin/flutter_bootstrap.398akf0vg5.js'
         Processing route 'admin/flutter_bootstrap.398akf0vg5.js'
         Processing route 'admin/canvaskit/canvaskit.js.gz'
         Processing route 'admin/canvaskit/canvaskit.js'
         Processing route 'admin/canvaskit/canvaskit.js'
         Processing route 'admin/canvaskit/canvaskit.ji893wmxdy.js.gz'
         Processing route 'admin/canvaskit/canvaskit.ji893wmxdy.js'
         Processing route 'admin/canvaskit/canvaskit.ji893wmxdy.js'
         Processing route 'admin/flutter_service_worker.js.gz'
         Processing route 'admin/flutter_service_worker.js'
         Processing route 'admin/flutter_service_worker.js'
         Processing route 'admin/flutter_service_worker.9phf0g8y9f.js.gz'
         Processing route 'admin/flutter_service_worker.9phf0g8y9f.js'
         Processing route 'admin/flutter_service_worker.9phf0g8y9f.js'
         Processing route 'admin/index.html.gz'
         Processing route 'admin/index.html'
         Processing route 'admin/index.html'
         Processing route 'admin/index.4iau0ph7rf.html.gz'
         Processing route 'admin/index.4iau0ph7rf.html'
         Processing route 'admin/index.4iau0ph7rf.html'
         Processing route 'admin/main.dart.js.gz'
         Processing route 'admin/main.dart.js'
         Processing route 'admin/main.dart.js'
         Processing route 'admin/main.dart.zev5p1fizo.js.gz'
         Processing route 'admin/main.dart.zev5p1fizo.js'
         Processing route 'admin/main.dart.zev5p1fizo.js'
         Processing route 'admin/manifest.json.gz'
         Processing route 'admin/manifest.json'
         Processing route 'admin/manifest.json'
         Processing route 'admin/manifest.18v5h0bqdt.json.gz'
         Processing route 'admin/manifest.18v5h0bqdt.json'
         Processing route 'admin/manifest.18v5h0bqdt.json'
         Processing route 'admin/version.json.gz'
         Processing route 'admin/version.json'
         Processing route 'admin/version.json'
         Processing route 'admin/version.fugllc50rj.json.gz'
         Processing route 'admin/version.fugllc50rj.json'
         Processing route 'admin/version.fugllc50rj.json'
         Processing route 'assets/AssetManifest.bin.json.gz'
         Processing route 'assets/AssetManifest.bin.json'
         Processing route 'assets/AssetManifest.bin.json'
         Processing route 'assets/AssetManifest.bin.s6lxjtj78i.json.gz'
         Processing route 'assets/AssetManifest.bin.s6lxjtj78i.json'
         Processing route 'assets/AssetManifest.bin.s6lxjtj78i.json'
         Processing route 'assets/AssetManifest.json.gz'
         Processing route 'assets/AssetManifest.json'
         Processing route 'assets/AssetManifest.json'
         Processing route 'assets/AssetManifest.eq001w4kze.json.gz'
         Processing route 'assets/AssetManifest.eq001w4kze.json'
         Processing route 'assets/AssetManifest.eq001w4kze.json'
         Processing route 'canvaskit/chromium/canvaskit.js.gz'
         Processing route 'canvaskit/chromium/canvaskit.js'
         Processing route 'canvaskit/chromium/canvaskit.js'
         Processing route 'canvaskit/chromium/canvaskit.z548inb4f8.js.gz'
         Processing route 'canvaskit/chromium/canvaskit.z548inb4f8.js'
         Processing route 'canvaskit/chromium/canvaskit.z548inb4f8.js'
         Processing route 'admin/canvaskit/skwasm.js.gz'
         Processing route 'admin/canvaskit/skwasm.js'
         Processing route 'admin/canvaskit/skwasm.js'
         Processing route 'admin/canvaskit/skwasm.65lfexcvp7.js.gz'
         Processing route 'admin/canvaskit/skwasm.65lfexcvp7.js'
         Processing route 'admin/canvaskit/skwasm.65lfexcvp7.js'
         Processing route 'admin/canvaskit/chromium/canvaskit.js.gz'
         Processing route 'admin/canvaskit/chromium/canvaskit.js'
         Processing route 'admin/canvaskit/chromium/canvaskit.js'
         Processing route 'admin/canvaskit/chromium/canvaskit.z548inb4f8.js.gz'
         Processing route 'admin/canvaskit/chromium/canvaskit.z548inb4f8.js'
         Processing route 'admin/canvaskit/chromium/canvaskit.z548inb4f8.js'
         Processing route 'admin/assets/FontManifest.json.gz'
         Processing route 'admin/assets/FontManifest.json'
         Processing route 'admin/assets/FontManifest.json'
         Processing route 'admin/assets/FontManifest.7zwdxe6uef.json.gz'
         Processing route 'admin/assets/FontManifest.7zwdxe6uef.json'
         Processing route 'admin/assets/FontManifest.7zwdxe6uef.json'
         Processing route 'assets/fonts/MaterialIcons-Regular.otf.gz'
         Processing route 'assets/fonts/MaterialIcons-Regular.otf'
         Processing route 'assets/fonts/MaterialIcons-Regular.otf'
         Processing route 'assets/fonts/MaterialIcons-Regular.xcq4gn48vx.otf.gz'
         Processing route 'assets/fonts/MaterialIcons-Regular.xcq4gn48vx.otf'
         Processing route 'assets/fonts/MaterialIcons-Regular.xcq4gn48vx.otf'
         Processing route 'admin/assets/AssetManifest.bin.json.gz'
         Processing route 'admin/assets/AssetManifest.bin.json'
         Processing route 'admin/assets/AssetManifest.bin.json'
         Processing route 'admin/assets/AssetManifest.bin.s6lxjtj78i.json.gz'
         Processing route 'admin/assets/AssetManifest.bin.s6lxjtj78i.json'
         Processing route 'admin/assets/AssetManifest.bin.s6lxjtj78i.json'
       Done executing task "ApplyCompressionNegotiation".
   1:7>Done building target "ResolveBuildCompressedStaticWebAssets" in project "FreshProduce.Api.csproj".
       Target "ResolveStaticWebAssetsInputs" skipped. Previously built successfully.
   1:7>Target "ResolveBuildRelatedStaticWebAssets" in file "C:\Program Files\dotnet\sdk\10.0.101\Sdks\Microsoft.NET.Sdk.StaticWebAssets\targets\Microsoft.NET.Sdk.StaticWebAssets.targets" from project "D:\P.L\Flutter\fresh_produce_app\FreshProduce.Api\FreshProduce.Api.csproj" (target "ResolveBuildStaticWebAssets" depends on it):
   1:7>Done building target "ResolveBuildRelatedStaticWebAssets" in project "FreshProduce.Api.csproj".
   1:7>Target "ResolveBuildStaticWebAssets" in file "C:\Program Files\dotnet\sdk\10.0.101\Sdks\Microsoft.NET.Sdk.StaticWebAssets\targets\Microsoft.NET.Sdk.StaticWebAssets.targets" from project "D:\P.L\Flutter\fresh_produce_app\FreshProduce.Api\FreshProduce.Api.csproj" (target "StaticWebAssetsPrepareForRun" depends on it):
   1:7>Done building target "ResolveBuildStaticWebAssets" in project "FreshProduce.Api.csproj".
       Target "ResolveBuildStaticWebAssets" skipped. Previously built successfully.
   1:7>Target "GenerateStaticWebAssetsManifest" in file "C:\Program Files\dotnet\sdk\10.0.101\Sdks\Microsoft.NET.Sdk.StaticWebAssets\targets\Microsoft.NET.Sdk.StaticWebAssets.targets" from project "D:\P.L\Flutter\fresh_produce_app\FreshProduce.Api\FreshProduce.Api.csproj" (target "StaticWebAssetsPrepareForRun" depends on it):
       Using "GenerateStaticWebAssetsManifest" task from assembly "C:\Program Files\dotnet\sdk\10.0.101\Sdks\Microsoft.NET.Sdk.StaticWebAssets\targets\..\tasks\net10.0\Microsoft.NET.Sdk.StaticWebAssets.Tasks.dll".
       Task "GenerateStaticWebAssetsManifest"
         Generating manifest for '106' assets and '288' endpoints
         Assembly loaded during TaskRun (Microsoft.AspNetCore.StaticWebAssets.Tasks.GenerateStaticWebAssetsManifest): System.Reflection.Emit.Lightweight, Version=10.0.0.0, Culture=neutral, PublicKeyToken=b03f5f7f11d50a3a (location: C:\Program Files\dotnet\shared\Microsoft.NETCore.App\10.0.1\System.Reflection.Emit.Lightweight.dll, MVID: 54ccc9db-0db2-483c-9249-13f28812d0da, AssemblyLoadContext: Default)
         Assembly loaded during TaskRun (Microsoft.AspNetCore.StaticWebAssets.Tasks.GenerateStaticWebAssetsManifest): System.Reflection.Primitives, Version=10.0.0.0, Culture=neutral, PublicKeyToken=b03f5f7f11d50a3a (location: C:\Program Files\dotnet\shared\Microsoft.NETCore.App\10.0.1\System.Reflection.Primitives.dll, MVID: eabd85f7-9632-491e-a34a-adfb84d9810e, AssemblyLoadContext: Default)
         Assembly loaded during TaskRun (Microsoft.AspNetCore.StaticWebAssets.Tasks.GenerateStaticWebAssetsManifest): System.Reflection.Emit.ILGeneration, Version=10.0.0.0, Culture=neutral, PublicKeyToken=b03f5f7f11d50a3a (location: C:\Program Files\dotnet\shared\Microsoft.NETCore.App\10.0.1\System.Reflection.Emit.ILGeneration.dll, MVID: 89cc0fb1-7534-4cbe-bb6f-05a7e2856a66, AssemblyLoadContext: Default)
         Skipping manifest updated because manifest version 'diN5XvRzX3ztyee0OfznHIyQR7gBgjhxX2mjSF6bY7Q=' has not changed.
       Done executing task "GenerateStaticWebAssetsManifest".
       Using "GenerateStaticWebAssetEndpointsManifest" task from assembly "C:\Program Files\dotnet\sdk\10.0.101\Sdks\Microsoft.NET.Sdk.StaticWebAssets\targets\..\tasks\net10.0\Microsoft.NET.Sdk.StaticWebAssets.Tasks.dll".
       Task "GenerateStaticWebAssetEndpointsManifest"
         Skipping manifest generation because manifest file 'obj\Debug\net9.0\staticwebassets.build.endpoints.json' is up to date.
       Done executing task "GenerateStaticWebAssetEndpointsManifest".
       Using "GenerateStaticWebAssetsDevelopmentManifest" task from assembly "C:\Program Files\dotnet\sdk\10.0.101\Sdks\Microsoft.NET.Sdk.StaticWebAssets\targets\..\tasks\net10.0\Microsoft.NET.Sdk.StaticWebAssets.Tasks.dll".
       Task "GenerateStaticWebAssetsDevelopmentManifest"
         Skipping manifest generation because manifest file 'obj\Debug\net9.0\staticwebassets.development.json' is up to date.
       Done executing task "GenerateStaticWebAssetsDevelopmentManifest".
   1:7>Done building target "GenerateStaticWebAssetsManifest" in project "FreshProduce.Api.csproj".
   1:7>Target "LoadStaticWebAssetsBuildManifest" in file "C:\Program Files\dotnet\sdk\10.0.101\Sdks\Microsoft.NET.Sdk.StaticWebAssets\targets\Microsoft.NET.Sdk.StaticWebAssets.Publish.targets" from project "D:\P.L\Flutter\fresh_produce_app\FreshProduce.Api\FreshProduce.Api.csproj" (target "CopyStaticWebAssetsToOutputDirectory" depends on it):
       Using "ReadStaticWebAssetsManifestFile" task from assembly "C:\Program Files\dotnet\sdk\10.0.101\Sdks\Microsoft.NET.Sdk.StaticWebAssets\targets\..\tasks\net10.0\Microsoft.NET.Sdk.StaticWebAssets.Tasks.dll".
       Task "ReadStaticWebAssetsManifestFile"
       Done executing task "ReadStaticWebAssetsManifestFile".
   1:7>Done building target "LoadStaticWebAssetsBuildManifest" in project "FreshProduce.Api.csproj".
   1:7>Target "_EnsureContentRootFolders" in file "C:\Program Files\dotnet\sdk\10.0.101\Sdks\Microsoft.NET.Sdk.StaticWebAssets\targets\Microsoft.NET.Sdk.StaticWebAssets.targets" from project "D:\P.L\Flutter\fresh_produce_app\FreshProduce.Api\FreshProduce.Api.csproj" (target "CopyStaticWebAssetsToOutputDirectory" depends on it):
       Task "MakeDir"
       Done executing task "MakeDir".
   1:7>Done building target "_EnsureContentRootFolders" in project "FreshProduce.Api.csproj".
   1:7>Target "CopyStaticWebAssetsToOutputDirectory" in file "C:\Program Files\dotnet\sdk\10.0.101\Sdks\Microsoft.NET.Sdk.StaticWebAssets\targets\Microsoft.NET.Sdk.StaticWebAssets.targets" from project "D:\P.L\Flutter\fresh_produce_app\FreshProduce.Api\FreshProduce.Api.csproj" (target "StaticWebAssetsPrepareForRun" depends on it):
   1:7>Done building target "CopyStaticWebAssetsToOutputDirectory" in project "FreshProduce.Api.csproj".
   1:7>Target "_SplitStaticWebAssetsByCopyOptions" in file "C:\Program Files\dotnet\sdk\10.0.101\Sdks\Microsoft.NET.Sdk.StaticWebAssets\targets\Microsoft.NET.Sdk.StaticWebAssets.targets" from project "D:\P.L\Flutter\fresh_produce_app\FreshProduce.Api\FreshProduce.Api.csproj" (target "StaticWebAssetsPrepareForRun" depends on it):
       Using "CollectStaticWebAssetsToCopy" task from assembly "C:\Program Files\dotnet\sdk\10.0.101\Sdks\Microsoft.NET.Sdk.StaticWebAssets\targets\..\tasks\net10.0\Microsoft.NET.Sdk.StaticWebAssets.Tasks.dll".
       Task "CollectStaticWebAssetsToCopy"
         Skipping asset 'D:\P.L\Flutter\fresh_produce_app\FreshProduce.Api\obj\Debug\net9.0\compressed\06zcqgr24q-{0}-z548inb4f8-z548inb4f8.gz' since copy to output directory option is 'Never'
         Skipping asset 'D:\P.L\Flutter\fresh_produce_app\FreshProduce.Api\obj\Debug\net9.0\compressed\18cyy1q9tw-{0}-z548inb4f8-z548inb4f8.gz' since copy to output directory option is 'Never'
         Skipping asset 'D:\P.L\Flutter\fresh_produce_app\FreshProduce.Api\obj\Debug\net9.0\compressed\1j4sayd7l6-{0}-fgu7z2inz0-fgu7z2inz0.gz' since copy to output directory option is 'Never'
         Skipping asset 'D:\P.L\Flutter\fresh_produce_app\FreshProduce.Api\obj\Debug\net9.0\compressed\2entdy4apt-{0}-som1pkmtep-som1pkmtep.gz' since copy to output directory option is 'Never'
         Skipping asset 'D:\P.L\Flutter\fresh_produce_app\FreshProduce.Api\obj\Debug\net9.0\compressed\2y75nvhlz1-{0}-4iau0ph7rf-4iau0ph7rf.gz' since copy to output directory option is 'Never'
         Skipping asset 'D:\P.L\Flutter\fresh_produce_app\FreshProduce.Api\obj\Debug\net9.0\compressed\3e7bt9cb81-{0}-fugllc50rj-fugllc50rj.gz' since copy to output directory option is 'Never'
         Skipping asset 'D:\P.L\Flutter\fresh_produce_app\FreshProduce.Api\obj\Debug\net9.0\compressed\3kvsz82kk1-{0}-xliufgw85g-xliufgw85g.gz' since copy to output directory option is 'Never'
         Skipping asset 'D:\P.L\Flutter\fresh_produce_app\FreshProduce.Api\obj\Debug\net9.0\compressed\4wleu9x74p-{0}-7zwdxe6uef-7zwdxe6uef.gz' since copy to output directory option is 'Never'
         Skipping asset 'D:\P.L\Flutter\fresh_produce_app\FreshProduce.Api\obj\Debug\net9.0\compressed\56d46h6jo9-{0}-eq001w4kze-eq001w4kze.gz' since copy to output directory option is 'Never'
         Skipping asset 'D:\P.L\Flutter\fresh_produce_app\FreshProduce.Api\obj\Debug\net9.0\compressed\5elv3ncwka-{0}-65lfexcvp7-65lfexcvp7.gz' since copy to output directory option is 'Never'
         Skipping asset 'D:\P.L\Flutter\fresh_produce_app\FreshProduce.Api\obj\Debug\net9.0\compressed\5ojhvvqab3-{0}-o0khchddlv-o0khchddlv.gz' since copy to output directory option is 'Never'
         Skipping asset 'D:\P.L\Flutter\fresh_produce_app\FreshProduce.Api\obj\Debug\net9.0\compressed\6ddir35s31-{0}-s6lxjtj78i-s6lxjtj78i.gz' since copy to output directory option is 'Never'
         Skipping asset 'D:\P.L\Flutter\fresh_produce_app\FreshProduce.Api\obj\Debug\net9.0\compressed\8nankosncg-{0}-kqd8e0b56y-kqd8e0b56y.gz' since copy to output directory option is 'Never'
         Skipping asset 'D:\P.L\Flutter\fresh_produce_app\FreshProduce.Api\obj\Debug\net9.0\compressed\9e4w4ho1oa-{0}-65lfexcvp7-65lfexcvp7.gz' since copy to output directory option is 'Never'
         Skipping asset 'D:\P.L\Flutter\fresh_produce_app\FreshProduce.Api\obj\Debug\net9.0\compressed\9ro0dwphjn-{0}-i38f925a2v-i38f925a2v.gz' since copy to output directory option is 'Never'
         Skipping asset 'D:\P.L\Flutter\fresh_produce_app\FreshProduce.Api\obj\Debug\net9.0\compressed\eo5jw1lduk-{0}-som1pkmtep-som1pkmtep.gz' since copy to output directory option is 'Never'
         Skipping asset 'D:\P.L\Flutter\fresh_produce_app\FreshProduce.Api\obj\Debug\net9.0\compressed\f08bwvcrei-{0}-18v5h0bqdt-18v5h0bqdt.gz' since copy to output directory option is 'Never'
         Skipping asset 'D:\P.L\Flutter\fresh_produce_app\FreshProduce.Api\obj\Debug\net9.0\compressed\f8y5iggqiq-{0}-9jhojib2f9-9jhojib2f9.gz' since copy to output directory option is 'Never'
         Skipping asset 'D:\P.L\Flutter\fresh_produce_app\FreshProduce.Api\obj\Debug\net9.0\compressed\gciltpcxws-{0}-398akf0vg5-398akf0vg5.gz' since copy to output directory option is 'Never'
         Skipping asset 'D:\P.L\Flutter\fresh_produce_app\FreshProduce.Api\obj\Debug\net9.0\compressed\gxp288gd64-{0}-7zwdxe6uef-7zwdxe6uef.gz' since copy to output directory option is 'Never'
         Skipping asset 'D:\P.L\Flutter\fresh_produce_app\FreshProduce.Api\obj\Debug\net9.0\compressed\h83saqn2yc-{0}-z4ueicp6lb-z4ueicp6lb.gz' since copy to output directory option is 'Never'
         Skipping asset 'D:\P.L\Flutter\fresh_produce_app\FreshProduce.Api\obj\Debug\net9.0\compressed\hq0t982h3j-{0}-xcq4gn48vx-xcq4gn48vx.gz' since copy to output directory option is 'Never'
         Skipping asset 'D:\P.L\Flutter\fresh_produce_app\FreshProduce.Api\obj\Debug\net9.0\compressed\m644wfwk2i-{0}-ayvu4txshl-ayvu4txshl.gz' since copy to output directory option is 'Never'
         Skipping asset 'D:\P.L\Flutter\fresh_produce_app\FreshProduce.Api\obj\Debug\net9.0\compressed\mxyuer40a9-{0}-eq001w4kze-eq001w4kze.gz' since copy to output directory option is 'Never'
         Skipping asset 'D:\P.L\Flutter\fresh_produce_app\FreshProduce.Api\obj\Debug\net9.0\compressed\polzclawn0-{0}-vdsimdjcro-vdsimdjcro.gz' since copy to output directory option is 'Never'
         Skipping asset 'D:\P.L\Flutter\fresh_produce_app\FreshProduce.Api\obj\Debug\net9.0\compressed\q9koy12tbm-{0}-z4ueicp6lb-z4ueicp6lb.gz' since copy to output directory option is 'Never'
         Skipping asset 'D:\P.L\Flutter\fresh_produce_app\FreshProduce.Api\obj\Debug\net9.0\compressed\qmh1e5aiya-{0}-pt7u1aviqz-pt7u1aviqz.gz' since copy to output directory option is 'Never'
         Skipping asset 'D:\P.L\Flutter\fresh_produce_app\FreshProduce.Api\obj\Debug\net9.0\compressed\r22261hu9v-{0}-udn3qxhb0n-udn3qxhb0n.gz' since copy to output directory option is 'Never'
         Skipping asset 'D:\P.L\Flutter\fresh_produce_app\FreshProduce.Api\obj\Debug\net9.0\compressed\r49rgyubkk-{0}-o0khchddlv-o0khchddlv.gz' since copy to output directory option is 'Never'
         Skipping asset 'D:\P.L\Flutter\fresh_produce_app\FreshProduce.Api\obj\Debug\net9.0\compressed\s1gc22zpk3-{0}-kqd8e0b56y-kqd8e0b56y.gz' since copy to output directory option is 'Never'
         Skipping asset 'D:\P.L\Flutter\fresh_produce_app\FreshProduce.Api\obj\Debug\net9.0\compressed\s83hrt7jpl-{0}-ji893wmxdy-ji893wmxdy.gz' since copy to output directory option is 'Never'
         Skipping asset 'D:\P.L\Flutter\fresh_produce_app\FreshProduce.Api\obj\Debug\net9.0\compressed\sqgiw7d6eh-{0}-9phf0g8y9f-9phf0g8y9f.gz' since copy to output directory option is 'Never'
         Skipping asset 'D:\P.L\Flutter\fresh_produce_app\FreshProduce.Api\obj\Debug\net9.0\compressed\sz756ngz92-{0}-ji893wmxdy-ji893wmxdy.gz' since copy to output directory option is 'Never'
         Skipping asset 'D:\P.L\Flutter\fresh_produce_app\FreshProduce.Api\obj\Debug\net9.0\compressed\t1a31uidzz-{0}-zev5p1fizo-zev5p1fizo.gz' since copy to output directory option is 'Never'
         Skipping asset 'D:\P.L\Flutter\fresh_produce_app\FreshProduce.Api\obj\Debug\net9.0\compressed\wuf42j7l8q-{0}-s6lxjtj78i-s6lxjtj78i.gz' since copy to output directory option is 'Never'
         Skipping asset 'D:\P.L\Flutter\fresh_produce_app\FreshProduce.Api\obj\Debug\net9.0\compressed\wyyinfzdc6-{0}-pt7u1aviqz-pt7u1aviqz.gz' since copy to output directory option is 'Never'
         Skipping asset 'D:\P.L\Flutter\fresh_produce_app\FreshProduce.Api\obj\Debug\net9.0\compressed\xl0old8vl2-{0}-udn3qxhb0n-udn3qxhb0n.gz' since copy to output directory option is 'Never'
         Skipping asset 'D:\P.L\Flutter\fresh_produce_app\FreshProduce.Api\obj\Debug\net9.0\compressed\yzlxesspt4-{0}-ytdqykxoj9-ytdqykxoj9.gz' since copy to output directory option is 'Never'
         Skipping asset 'D:\P.L\Flutter\fresh_produce_app\FreshProduce.Api\wwwroot\.last_build_id' since copy to output directory option is 'Never'
         Skipping asset 'D:\P.L\Flutter\fresh_produce_app\FreshProduce.Api\wwwroot\admin\.last_build_id' since copy to output directory option is 'Never'
         Skipping asset 'D:\P.L\Flutter\fresh_produce_app\FreshProduce.Api\wwwroot\admin\assets\AssetManifest.bin' since copy to output directory option is 'Never'
         Skipping asset 'D:\P.L\Flutter\fresh_produce_app\FreshProduce.Api\wwwroot\admin\assets\AssetManifest.bin.json' since copy to output directory option is 'Never'
         Skipping asset 'D:\P.L\Flutter\fresh_produce_app\FreshProduce.Api\wwwroot\admin\assets\AssetManifest.json' since copy to output directory option is 'Never'
         Skipping asset 'D:\P.L\Flutter\fresh_produce_app\FreshProduce.Api\wwwroot\admin\assets\FontManifest.json' since copy to output directory option is 'Never'
         Skipping asset 'D:\P.L\Flutter\fresh_produce_app\FreshProduce.Api\wwwroot\admin\assets\NOTICES' since copy to output directory option is 'Never'
         Skipping asset 'D:\P.L\Flutter\fresh_produce_app\FreshProduce.Api\wwwroot\admin\assets\fonts\MaterialIcons-Regular.otf' since copy to output directory option is 'Never'
         Skipping asset 'D:\P.L\Flutter\fresh_produce_app\FreshProduce.Api\wwwroot\admin\assets\packages\cupertino_icons\assets\CupertinoIcons.ttf' since copy to output directory option is 'Never'
         Skipping asset 'D:\P.L\Flutter\fresh_produce_app\FreshProduce.Api\wwwroot\admin\assets\shaders\ink_sparkle.frag' since copy to output directory option is 'Never'
         Skipping asset 'D:\P.L\Flutter\fresh_produce_app\FreshProduce.Api\wwwroot\admin\assets\shaders\stretch_effect.frag' since copy to output directory option is 'Never'
         Skipping asset 'D:\P.L\Flutter\fresh_produce_app\FreshProduce.Api\wwwroot\admin\canvaskit\canvaskit.js' since copy to output directory option is 'Never'
         Skipping asset 'D:\P.L\Flutter\fresh_produce_app\FreshProduce.Api\wwwroot\admin\canvaskit\canvaskit.js.symbols' since copy to output directory option is 'Never'
         Skipping asset 'D:\P.L\Flutter\fresh_produce_app\FreshProduce.Api\wwwroot\admin\canvaskit\canvaskit.wasm' since copy to output directory option is 'Never'
         Skipping asset 'D:\P.L\Flutter\fresh_produce_app\FreshProduce.Api\wwwroot\admin\canvaskit\chromium\canvaskit.js' since copy to output directory option is 'Never'
         Skipping asset 'D:\P.L\Flutter\fresh_produce_app\FreshProduce.Api\wwwroot\admin\canvaskit\chromium\canvaskit.js.symbols' since copy to output directory option is 'Never'
         Skipping asset 'D:\P.L\Flutter\fresh_produce_app\FreshProduce.Api\wwwroot\admin\canvaskit\chromium\canvaskit.wasm' since copy to output directory option is 'Never'
         Skipping asset 'D:\P.L\Flutter\fresh_produce_app\FreshProduce.Api\wwwroot\admin\canvaskit\skwasm.js' since copy to output directory option is 'Never'
         Skipping asset 'D:\P.L\Flutter\fresh_produce_app\FreshProduce.Api\wwwroot\admin\canvaskit\skwasm.js.symbols' since copy to output directory option is 'Never'
         Skipping asset 'D:\P.L\Flutter\fresh_produce_app\FreshProduce.Api\wwwroot\admin\canvaskit\skwasm.wasm' since copy to output directory option is 'Never'
         Skipping asset 'D:\P.L\Flutter\fresh_produce_app\FreshProduce.Api\wwwroot\admin\canvaskit\skwasm_heavy.js' since copy to output directory option is 'Never'
         Skipping asset 'D:\P.L\Flutter\fresh_produce_app\FreshProduce.Api\wwwroot\admin\canvaskit\skwasm_heavy.js.symbols' since copy to output directory option is 'Never'
         Skipping asset 'D:\P.L\Flutter\fresh_produce_app\FreshProduce.Api\wwwroot\admin\canvaskit\skwasm_heavy.wasm' since copy to output directory option is 'Never'
         Skipping asset 'D:\P.L\Flutter\fresh_produce_app\FreshProduce.Api\wwwroot\admin\favicon.png' since copy to output directory option is 'Never'
         Skipping asset 'D:\P.L\Flutter\fresh_produce_app\FreshProduce.Api\wwwroot\admin\flutter.js' since copy to output directory option is 'Never'
         Skipping asset 'D:\P.L\Flutter\fresh_produce_app\FreshProduce.Api\wwwroot\admin\flutter_bootstrap.js' since copy to output directory option is 'Never'
         Skipping asset 'D:\P.L\Flutter\fresh_produce_app\FreshProduce.Api\wwwroot\admin\flutter_service_worker.js' since copy to output directory option is 'Never'
         Skipping asset 'D:\P.L\Flutter\fresh_produce_app\FreshProduce.Api\wwwroot\admin\icons\Icon-192.png' since copy to output directory option is 'Never'
         Skipping asset 'D:\P.L\Flutter\fresh_produce_app\FreshProduce.Api\wwwroot\admin\icons\Icon-512.png' since copy to output directory option is 'Never'
         Skipping asset 'D:\P.L\Flutter\fresh_produce_app\FreshProduce.Api\wwwroot\admin\icons\Icon-maskable-192.png' since copy to output directory option is 'Never'
         Skipping asset 'D:\P.L\Flutter\fresh_produce_app\FreshProduce.Api\wwwroot\admin\icons\Icon-maskable-512.png' since copy to output directory option is 'Never'
         Skipping asset 'D:\P.L\Flutter\fresh_produce_app\FreshProduce.Api\wwwroot\admin\index.html' since copy to output directory option is 'Never'
         Skipping asset 'D:\P.L\Flutter\fresh_produce_app\FreshProduce.Api\wwwroot\admin\main.dart.js' since copy to output directory option is 'Never'
         Skipping asset 'D:\P.L\Flutter\fresh_produce_app\FreshProduce.Api\wwwroot\admin\manifest.json' since copy to output directory option is 'Never'
         Skipping asset 'D:\P.L\Flutter\fresh_produce_app\FreshProduce.Api\wwwroot\admin\version.json' since copy to output directory option is 'Never'
         Skipping asset 'D:\P.L\Flutter\fresh_produce_app\FreshProduce.Api\wwwroot\assets\AssetManifest.bin' since copy to output directory option is 'Never'
         Skipping asset 'D:\P.L\Flutter\fresh_produce_app\FreshProduce.Api\wwwroot\assets\AssetManifest.bin.json' since copy to output directory option is 'Never'
         Skipping asset 'D:\P.L\Flutter\fresh_produce_app\FreshProduce.Api\wwwroot\assets\AssetManifest.json' since copy to output directory option is 'Never'
         Skipping asset 'D:\P.L\Flutter\fresh_produce_app\FreshProduce.Api\wwwroot\assets\FontManifest.json' since copy to output directory option is 'Never'
         Skipping asset 'D:\P.L\Flutter\fresh_produce_app\FreshProduce.Api\wwwroot\assets\NOTICES' since copy to output directory option is 'Never'
         Skipping asset 'D:\P.L\Flutter\fresh_produce_app\FreshProduce.Api\wwwroot\assets\fonts\MaterialIcons-Regular.otf' since copy to output directory option is 'Never'
         Skipping asset 'D:\P.L\Flutter\fresh_produce_app\FreshProduce.Api\wwwroot\assets\packages\cupertino_icons\assets\CupertinoIcons.ttf' since copy to output directory option is 'Never'
         Skipping asset 'D:\P.L\Flutter\fresh_produce_app\FreshProduce.Api\wwwroot\assets\shaders\ink_sparkle.frag' since copy to output directory option is 'Never'
         Skipping asset 'D:\P.L\Flutter\fresh_produce_app\FreshProduce.Api\wwwroot\assets\shaders\stretch_effect.frag' since copy to output directory option is 'Never'
         Skipping asset 'D:\P.L\Flutter\fresh_produce_app\FreshProduce.Api\wwwroot\canvaskit\canvaskit.js' since copy to output directory option is 'Never'
         Skipping asset 'D:\P.L\Flutter\fresh_produce_app\FreshProduce.Api\wwwroot\canvaskit\canvaskit.js.symbols' since copy to output directory option is 'Never'
         Skipping asset 'D:\P.L\Flutter\fresh_produce_app\FreshProduce.Api\wwwroot\canvaskit\canvaskit.wasm' since copy to output directory option is 'Never'
         Skipping asset 'D:\P.L\Flutter\fresh_produce_app\FreshProduce.Api\wwwroot\canvaskit\chromium\canvaskit.js' since copy to output directory option is 'Never'
         Skipping asset 'D:\P.L\Flutter\fresh_produce_app\FreshProduce.Api\wwwroot\canvaskit\chromium\canvaskit.js.symbols' since copy to output directory option is 'Never'
         Skipping asset 'D:\P.L\Flutter\fresh_produce_app\FreshProduce.Api\wwwroot\canvaskit\chromium\canvaskit.wasm' since copy to output directory option is 'Never'
         Skipping asset 'D:\P.L\Flutter\fresh_produce_app\FreshProduce.Api\wwwroot\canvaskit\skwasm.js' since copy to output directory option is 'Never'
         Skipping asset 'D:\P.L\Flutter\fresh_produce_app\FreshProduce.Api\wwwroot\canvaskit\skwasm.js.symbols' since copy to output directory option is 'Never'
         Skipping asset 'D:\P.L\Flutter\fresh_produce_app\FreshProduce.Api\wwwroot\canvaskit\skwasm.wasm' since copy to output directory option is 'Never'
         Skipping asset 'D:\P.L\Flutter\fresh_produce_app\FreshProduce.Api\wwwroot\canvaskit\skwasm_heavy.js' since copy to output directory option is 'Never'
         Skipping asset 'D:\P.L\Flutter\fresh_produce_app\FreshProduce.Api\wwwroot\canvaskit\skwasm_heavy.js.symbols' since copy to output directory option is 'Never'
         Skipping asset 'D:\P.L\Flutter\fresh_produce_app\FreshProduce.Api\wwwroot\canvaskit\skwasm_heavy.wasm' since copy to output directory option is 'Never'
         Skipping asset 'D:\P.L\Flutter\fresh_produce_app\FreshProduce.Api\wwwroot\favicon.png' since copy to output directory option is 'Never'
         Skipping asset 'D:\P.L\Flutter\fresh_produce_app\FreshProduce.Api\wwwroot\flutter.js' since copy to output directory option is 'Never'
         Skipping asset 'D:\P.L\Flutter\fresh_produce_app\FreshProduce.Api\wwwroot\flutter_bootstrap.js' since copy to output directory option is 'Never'
         Skipping asset 'D:\P.L\Flutter\fresh_produce_app\FreshProduce.Api\wwwroot\flutter_service_worker.js' since copy to output directory option is 'Never'
         Skipping asset 'D:\P.L\Flutter\fresh_produce_app\FreshProduce.Api\wwwroot\icons\Icon-192.png' since copy to output directory option is 'Never'
         Skipping asset 'D:\P.L\Flutter\fresh_produce_app\FreshProduce.Api\wwwroot\icons\Icon-512.png' since copy to output directory option is 'Never'
         Skipping asset 'D:\P.L\Flutter\fresh_produce_app\FreshProduce.Api\wwwroot\icons\Icon-maskable-192.png' since copy to output directory option is 'Never'
         Skipping asset 'D:\P.L\Flutter\fresh_produce_app\FreshProduce.Api\wwwroot\icons\Icon-maskable-512.png' since copy to output directory option is 'Never'
         Skipping asset 'D:\P.L\Flutter\fresh_produce_app\FreshProduce.Api\wwwroot\index.html' since copy to output directory option is 'Never'
         Skipping asset 'D:\P.L\Flutter\fresh_produce_app\FreshProduce.Api\wwwroot\main.dart.js' since copy to output directory option is 'Never'
         Skipping asset 'D:\P.L\Flutter\fresh_produce_app\FreshProduce.Api\wwwroot\manifest.json' since copy to output directory option is 'Never'
         Skipping asset 'D:\P.L\Flutter\fresh_produce_app\FreshProduce.Api\wwwroot\version.json' since copy to output directory option is 'Never'
       Done executing task "CollectStaticWebAssetsToCopy".
   1:7>Done building target "_SplitStaticWebAssetsByCopyOptions" in project "FreshProduce.Api.csproj".
   1:7>Target "_BuildCopyStaticWebAssetsPreserveNewest" in file "C:\Program Files\dotnet\sdk\10.0.101\Sdks\Microsoft.NET.Sdk.StaticWebAssets\targets\Microsoft.NET.Sdk.StaticWebAssets.targets" from project "D:\P.L\Flutter\fresh_produce_app\FreshProduce.Api\FreshProduce.Api.csproj" (target "StaticWebAssetsPrepareForRun" depends on it):
       Skipping target "_BuildCopyStaticWebAssetsPreserveNewest" because it has no outputs.
       Though the target has declared its outputs, the output specification only references empty properties and/or empty item lists.
   1:7>Done building target "_BuildCopyStaticWebAssetsPreserveNewest" in project "FreshProduce.Api.csproj".
   1:7>Target "_BuildCopyStaticWebAssetsAlways" in file "C:\Program Files\dotnet\sdk\10.0.101\Sdks\Microsoft.NET.Sdk.StaticWebAssets\targets\Microsoft.NET.Sdk.StaticWebAssets.targets" from project "D:\P.L\Flutter\fresh_produce_app\FreshProduce.Api\FreshProduce.Api.csproj" (target "StaticWebAssetsPrepareForRun" depends on it):
       Task "Copy"
       Done executing task "Copy".
   1:7>Done building target "_BuildCopyStaticWebAssetsAlways" in project "FreshProduce.Api.csproj".
   1:7>Target "StaticWebAssetsPrepareForRun" in file "C:\Program Files\dotnet\sdk\10.0.101\Sdks\Microsoft.NET.Sdk.StaticWebAssets\targets\Microsoft.NET.Sdk.StaticWebAssets.targets" from project "D:\P.L\Flutter\fresh_produce_app\FreshProduce.Api\FreshProduce.Api.csproj" (target "PrepareForRun" depends on it):
   1:7>Done building target "StaticWebAssetsPrepareForRun" in project "FreshProduce.Api.csproj".
   1:7>Target "_CopyFilesMarkedCopyLocal" in file "C:\Program Files\dotnet\sdk\10.0.101\Microsoft.Common.CurrentVersion.targets" from project "D:\P.L\Flutter\fresh_produce_app\FreshProduce.Api\FreshProduce.Api.csproj" (target "CopyFilesToOutputDirectory" depends on it):
       Task "Copy"
         Did not copy from file "C:\Users\Dell\.nuget\packages\azure.core\1.38.0\lib\net6.0\Azure.Core.dll" to file "bin\Debug\net9.0\Azure.Core.dll" because the "SkipUnchangedFiles" parameter was set to "true" in the project and the files' sizes and timestamps match.
         Did not copy from file "C:\Users\Dell\.nuget\packages\microsoft.aspnetcore.identity.entityframeworkcore\9.0.0\lib\net9.0\Microsoft.AspNetCore.Identity.EntityFrameworkCore.dll" to file "bin\Debug\net9.0\Microsoft.AspNetCore.Identity.EntityFrameworkCore.dll" because the "SkipUnchangedFiles" parameter was set to "true" in the project and the files' sizes and timestamps match.
         Did not copy from file "C:\Users\Dell\.nuget\packages\microsoft.aspnetcore.authentication.jwtbearer\9.0.0\lib\net9.0\Microsoft.AspNetCore.Authentication.JwtBearer.dll" to file "bin\Debug\net9.0\Microsoft.AspNetCore.Authentication.JwtBearer.dll" because the "SkipUnchangedFiles" parameter was set to "true" in the project and the files' sizes and timestamps match.
         Did not copy from file "C:\Users\Dell\.nuget\packages\humanizer.core\2.14.1\lib\net6.0\Humanizer.dll" to file "bin\Debug\net9.0\Humanizer.dll" because the "SkipUnchangedFiles" parameter was set to "true" in the project and the files' sizes and timestamps match.
         Did not copy from file "C:\Users\Dell\.nuget\packages\microsoft.bcl.asyncinterfaces\7.0.0\lib\netstandard2.1\Microsoft.Bcl.AsyncInterfaces.dll" to file "bin\Debug\net9.0\Microsoft.Bcl.AsyncInterfaces.dll" because the "SkipUnchangedFiles" parameter was set to "true" in the project and the files' sizes and timestamps match.
         Did not copy from file "C:\Users\Dell\.nuget\packages\microsoft.codeanalysis.csharp\4.8.0\lib\net7.0\Microsoft.CodeAnalysis.CSharp.dll" to file "bin\Debug\net9.0\Microsoft.CodeAnalysis.CSharp.dll" because the "SkipUnchangedFiles" parameter was set to "true" in the project and the files' sizes and timestamps match.
         Did not copy from file "C:\Users\Dell\.nuget\packages\microsoft.build.locator\1.7.8\lib\net6.0\Microsoft.Build.Locator.dll" to file "bin\Debug\net9.0\Microsoft.Build.Locator.dll" because the "SkipUnchangedFiles" parameter was set to "true" in the project and the files' sizes and timestamps match.
         Did not copy from file "C:\Users\Dell\.nuget\packages\microsoft.codeanalysis.common\4.8.0\lib\net7.0\Microsoft.CodeAnalysis.dll" to file "bin\Debug\net9.0\Microsoft.CodeAnalysis.dll" because the "SkipUnchangedFiles" parameter was set to "true" in the project and the files' sizes and timestamps match.
         Did not copy from file "C:\Users\Dell\.nuget\packages\microsoft.aspnetcore.openapi\9.0.0\lib\net9.0\Microsoft.AspNetCore.OpenApi.dll" to file "bin\Debug\net9.0\Microsoft.AspNetCore.OpenApi.dll" because the "SkipUnchangedFiles" parameter was set to "true" in the project and the files' sizes and timestamps match.
         Did not copy from file "C:\Users\Dell\.nuget\packages\microsoft.codeanalysis.csharp.workspaces\4.8.0\lib\net7.0\Microsoft.CodeAnalysis.CSharp.Workspaces.dll" to file "bin\Debug\net9.0\Microsoft.CodeAnalysis.CSharp.Workspaces.dll" because the "SkipUnchangedFiles" parameter was set to "true" in the project and the files' sizes and timestamps match.
         Did not copy from file "C:\Users\Dell\.nuget\packages\azure.identity\1.11.4\lib\netstandard2.0\Azure.Identity.dll" to file "bin\Debug\net9.0\Azure.Identity.dll" because the "SkipUnchangedFiles" parameter was set to "true" in the project and the files' sizes and timestamps match.
         Did not copy from file "C:\Users\Dell\.nuget\packages\microsoft.codeanalysis.workspaces.common\4.8.0\lib\net7.0\Microsoft.CodeAnalysis.Workspaces.dll" to file "bin\Debug\net9.0\Microsoft.CodeAnalysis.Workspaces.dll" because the "SkipUnchangedFiles" parameter was set to "true" in the project and the files' sizes and timestamps match.
         Did not copy from file "C:\Users\Dell\.nuget\packages\microsoft.codeanalysis.workspaces.msbuild\4.8.0\lib\net7.0\Microsoft.CodeAnalysis.Workspaces.MSBuild.dll" to file "bin\Debug\net9.0\Microsoft.CodeAnalysis.Workspaces.MSBuild.dll" because the "SkipUnchangedFiles" parameter was set to "true" in the project and the files' sizes and timestamps match.
         Did not copy from file "C:\Users\Dell\.nuget\packages\microsoft.codeanalysis.workspaces.msbuild\4.8.0\lib\net7.0\Microsoft.CodeAnalysis.Workspaces.MSBuild.BuildHost.dll" to file "bin\Debug\net9.0\Microsoft.CodeAnalysis.Workspaces.MSBuild.BuildHost.dll" because the "SkipUnchangedFiles" parameter was set to "true" in the project and the files' sizes and timestamps match.
         Did not copy from file "C:\Users\Dell\.nuget\packages\microsoft.data.sqlclient\5.1.6\lib\net6.0\Microsoft.Data.SqlClient.dll" to file "bin\Debug\net9.0\Microsoft.Data.SqlClient.dll" because the "SkipUnchangedFiles" parameter was set to "true" in the project and the files' sizes and timestamps match.
         Did not copy from file "C:\Users\Dell\.nuget\packages\microsoft.entityframeworkcore.inmemory\9.0.0\lib\net8.0\Microsoft.EntityFrameworkCore.InMemory.dll" to file "bin\Debug\net9.0\Microsoft.EntityFrameworkCore.InMemory.dll" because the "SkipUnchangedFiles" parameter was set to "true" in the project and the files' sizes and timestamps match.
         Did not copy from file "C:\Users\Dell\.nuget\packages\microsoft.entityframeworkcore.design\9.0.0\lib\net8.0\Microsoft.EntityFrameworkCore.Design.dll" to file "bin\Debug\net9.0\Microsoft.EntityFrameworkCore.Design.dll" because the "SkipUnchangedFiles" parameter was set to "true" in the project and the files' sizes and timestamps match.
         Did not copy from file "C:\Users\Dell\.nuget\packages\microsoft.entityframeworkcore.sqlserver\9.0.0\lib\net8.0\Microsoft.EntityFrameworkCore.SqlServer.dll" to file "bin\Debug\net9.0\Microsoft.EntityFrameworkCore.SqlServer.dll" because the "SkipUnchangedFiles" parameter was set to "true" in the project and the files' sizes and timestamps match.
         Did not copy from file "C:\Users\Dell\.nuget\packages\microsoft.entityframeworkcore.relational\9.0.0\lib\net8.0\Microsoft.EntityFrameworkCore.Relational.dll" to file "bin\Debug\net9.0\Microsoft.EntityFrameworkCore.Relational.dll" because the "SkipUnchangedFiles" parameter was set to "true" in the project and the files' sizes and timestamps match.
         Did not copy from file "C:\Users\Dell\.nuget\packages\microsoft.extensions.dependencymodel\9.0.0\lib\net9.0\Microsoft.Extensions.DependencyModel.dll" to file "bin\Debug\net9.0\Microsoft.Extensions.DependencyModel.dll" because the "SkipUnchangedFiles" parameter was set to "true" in the project and the files' sizes and timestamps match.
         Did not copy from file "C:\Users\Dell\.nuget\packages\microsoft.identity.client\4.61.3\lib\net6.0\Microsoft.Identity.Client.dll" to file "bin\Debug\net9.0\Microsoft.Identity.Client.dll" because the "SkipUnchangedFiles" parameter was set to "true" in the project and the files' sizes and timestamps match.
         Did not copy from file "C:\Users\Dell\.nuget\packages\microsoft.entityframeworkcore\9.0.0\lib\net8.0\Microsoft.EntityFrameworkCore.dll" to file "bin\Debug\net9.0\Microsoft.EntityFrameworkCore.dll" because the "SkipUnchangedFiles" parameter was set to "true" in the project and the files' sizes and timestamps match.
         Did not copy from file "C:\Users\Dell\.nuget\packages\microsoft.identity.client.extensions.msal\4.61.3\lib\net6.0\Microsoft.Identity.Client.Extensions.Msal.dll" to file "bin\Debug\net9.0\Microsoft.Identity.Client.Extensions.Msal.dll" because the "SkipUnchangedFiles" parameter was set to "true" in the project and the files' sizes and timestamps match.
         Did not copy from file "C:\Users\Dell\.nuget\packages\microsoft.identitymodel.abstractions\8.0.1\lib\net9.0\Microsoft.IdentityModel.Abstractions.dll" to file "bin\Debug\net9.0\Microsoft.IdentityModel.Abstractions.dll" because the "SkipUnchangedFiles" parameter was set to "true" in the project and the files' sizes and timestamps match.
         Did not copy from file "C:\Users\Dell\.nuget\packages\microsoft.identitymodel.jsonwebtokens\8.0.1\lib\net9.0\Microsoft.IdentityModel.JsonWebTokens.dll" to file "bin\Debug\net9.0\Microsoft.IdentityModel.JsonWebTokens.dll" because the "SkipUnchangedFiles" parameter was set to "true" in the project and the files' sizes and timestamps match.
         Did not copy from file "C:\Users\Dell\.nuget\packages\microsoft.identitymodel.logging\8.0.1\lib\net9.0\Microsoft.IdentityModel.Logging.dll" to file "bin\Debug\net9.0\Microsoft.IdentityModel.Logging.dll" because the "SkipUnchangedFiles" parameter was set to "true" in the project and the files' sizes and timestamps match.
         Did not copy from file "C:\Users\Dell\.nuget\packages\microsoft.identitymodel.tokens\8.0.1\lib\net9.0\Microsoft.IdentityModel.Tokens.dll" to file "bin\Debug\net9.0\Microsoft.IdentityModel.Tokens.dll" because the "SkipUnchangedFiles" parameter was set to "true" in the project and the files' sizes and timestamps match.
         Did not copy from file "C:\Users\Dell\.nuget\packages\microsoft.identitymodel.protocols.openidconnect\8.0.1\lib\net9.0\Microsoft.IdentityModel.Protocols.OpenIdConnect.dll" to file "bin\Debug\net9.0\Microsoft.IdentityModel.Protocols.OpenIdConnect.dll" because the "SkipUnchangedFiles" parameter was set to "true" in the project and the files' sizes and timestamps match.
         Did not copy from file "C:\Users\Dell\.nuget\packages\microsoft.openapi\1.6.17\lib\netstandard2.0\Microsoft.OpenApi.dll" to file "bin\Debug\net9.0\Microsoft.OpenApi.dll" because the "SkipUnchangedFiles" parameter was set to "true" in the project and the files' sizes and timestamps match.
         Did not copy from file "C:\Users\Dell\.nuget\packages\microsoft.sqlserver.server\1.0.0\lib\netstandard2.0\Microsoft.SqlServer.Server.dll" to file "bin\Debug\net9.0\Microsoft.SqlServer.Server.dll" because the "SkipUnchangedFiles" parameter was set to "true" in the project and the files' sizes and timestamps match.
         Did not copy from file "C:\Users\Dell\.nuget\packages\microsoft.entityframeworkcore.abstractions\9.0.0\lib\net8.0\Microsoft.EntityFrameworkCore.Abstractions.dll" to file "bin\Debug\net9.0\Microsoft.EntityFrameworkCore.Abstractions.dll" because the "SkipUnchangedFiles" parameter was set to "true" in the project and the files' sizes and timestamps match.
         Did not copy from file "C:\Users\Dell\.nuget\packages\microsoft.identitymodel.protocols\8.0.1\lib\net9.0\Microsoft.IdentityModel.Protocols.dll" to file "bin\Debug\net9.0\Microsoft.IdentityModel.Protocols.dll" because the "SkipUnchangedFiles" parameter was set to "true" in the project and the files' sizes and timestamps match.
         Did not copy from file "C:\Users\Dell\.nuget\packages\swashbuckle.aspnetcore.swaggergen\6.5.0\lib\net7.0\Swashbuckle.AspNetCore.SwaggerGen.dll" to file "bin\Debug\net9.0\Swashbuckle.AspNetCore.SwaggerGen.dll" because the "SkipUnchangedFiles" parameter was set to "true" in the project and the files' sizes and timestamps match.
         Did not copy from file "C:\Users\Dell\.nuget\packages\swashbuckle.aspnetcore.swagger\6.5.0\lib\net7.0\Swashbuckle.AspNetCore.Swagger.dll" to file "bin\Debug\net9.0\Swashbuckle.AspNetCore.Swagger.dll" because the "SkipUnchangedFiles" parameter was set to "true" in the project and the files' sizes and timestamps match.
         Did not copy from file "C:\Users\Dell\.nuget\packages\microsoft.win32.systemevents\6.0.0\lib\net6.0\Microsoft.Win32.SystemEvents.dll" to file "bin\Debug\net9.0\Microsoft.Win32.SystemEvents.dll" because the "SkipUnchangedFiles" parameter was set to "true" in the project and the files' sizes and timestamps match.
         Did not copy from file "C:\Users\Dell\.nuget\packages\mono.texttemplating\3.0.0\lib\net6.0\Mono.TextTemplating.dll" to file "bin\Debug\net9.0\Mono.TextTemplating.dll" because the "SkipUnchangedFiles" parameter was set to "true" in the project and the files' sizes and timestamps match.
         Did not copy from file "C:\Users\Dell\.nuget\packages\system.codedom\6.0.0\lib\net6.0\System.CodeDom.dll" to file "bin\Debug\net9.0\System.CodeDom.dll" because the "SkipUnchangedFiles" parameter was set to "true" in the project and the files' sizes and timestamps match.
         Did not copy from file "C:\Users\Dell\.nuget\packages\system.composition.convention\7.0.0\lib\net7.0\System.Composition.Convention.dll" to file "bin\Debug\net9.0\System.Composition.Convention.dll" because the "SkipUnchangedFiles" parameter was set to "true" in the project and the files' sizes and timestamps match.
         Did not copy from file "C:\Users\Dell\.nuget\packages\swashbuckle.aspnetcore.swaggerui\6.5.0\lib\net7.0\Swashbuckle.AspNetCore.SwaggerUI.dll" to file "bin\Debug\net9.0\Swashbuckle.AspNetCore.SwaggerUI.dll" because the "SkipUnchangedFiles" parameter was set to "true" in the project and the files' sizes and timestamps match.
         Did not copy from file "C:\Users\Dell\.nuget\packages\system.composition.attributedmodel\7.0.0\lib\net7.0\System.Composition.AttributedModel.dll" to file "bin\Debug\net9.0\System.Composition.AttributedModel.dll" because the "SkipUnchangedFiles" parameter was set to "true" in the project and the files' sizes and timestamps match.
         Did not copy from file "C:\Users\Dell\.nuget\packages\system.composition.hosting\7.0.0\lib\net7.0\System.Composition.Hosting.dll" to file "bin\Debug\net9.0\System.Composition.Hosting.dll" because the "SkipUnchangedFiles" parameter was set to "true" in the project and the files' sizes and timestamps match.
         Did not copy from file "C:\Users\Dell\.nuget\packages\system.composition.runtime\7.0.0\lib\net7.0\System.Composition.Runtime.dll" to file "bin\Debug\net9.0\System.Composition.Runtime.dll" because the "SkipUnchangedFiles" parameter was set to "true" in the project and the files' sizes and timestamps match.
         Did not copy from file "C:\Users\Dell\.nuget\packages\system.composition.typedparts\7.0.0\lib\net7.0\System.Composition.TypedParts.dll" to file "bin\Debug\net9.0\System.Composition.TypedParts.dll" because the "SkipUnchangedFiles" parameter was set to "true" in the project and the files' sizes and timestamps match.
         Did not copy from file "C:\Users\Dell\.nuget\packages\system.drawing.common\6.0.0\lib\net6.0\System.Drawing.Common.dll" to file "bin\Debug\net9.0\System.Drawing.Common.dll" because the "SkipUnchangedFiles" parameter was set to "true" in the project and the files' sizes and timestamps match.
         Did not copy from file "C:\Users\Dell\.nuget\packages\system.identitymodel.tokens.jwt\8.0.1\lib\net9.0\System.IdentityModel.Tokens.Jwt.dll" to file "bin\Debug\net9.0\System.IdentityModel.Tokens.Jwt.dll" because the "SkipUnchangedFiles" parameter was set to "true" in the project and the files' sizes and timestamps match.
         Did not copy from file "C:\Users\Dell\.nuget\packages\system.configuration.configurationmanager\6.0.1\lib\net6.0\System.Configuration.ConfigurationManager.dll" to file "bin\Debug\net9.0\System.Configuration.ConfigurationManager.dll" because the "SkipUnchangedFiles" parameter was set to "true" in the project and the files' sizes and timestamps match.
         Did not copy from file "C:\Users\Dell\.nuget\packages\system.memory.data\1.0.2\lib\netstandard2.0\System.Memory.Data.dll" to file "bin\Debug\net9.0\System.Memory.Data.dll" because the "SkipUnchangedFiles" parameter was set to "true" in the project and the files' sizes and timestamps match.
         Did not copy from file "C:\Users\Dell\.nuget\packages\system.security.permissions\6.0.0\lib\net6.0\System.Security.Permissions.dll" to file "bin\Debug\net9.0\System.Security.Permissions.dll" because the "SkipUnchangedFiles" parameter was set to "true" in the project and the files' sizes and timestamps match.
         Did not copy from file "C:\Users\Dell\.nuget\packages\system.clientmodel\1.0.0\lib\net6.0\System.ClientModel.dll" to file "bin\Debug\net9.0\System.ClientModel.dll" because the "SkipUnchangedFiles" parameter was set to "true" in the project and the files' sizes and timestamps match.
         Did not copy from file "C:\Users\Dell\.nuget\packages\system.security.cryptography.protecteddata\6.0.0\lib\net6.0\System.Security.Cryptography.ProtectedData.dll" to file "bin\Debug\net9.0\System.Security.Cryptography.ProtectedData.dll" because the "SkipUnchangedFiles" parameter was set to "true" in the project and the files' sizes and timestamps match.
         Did not copy from file "C:\Users\Dell\.nuget\packages\system.runtime.caching\6.0.0\lib\net6.0\System.Runtime.Caching.dll" to file "bin\Debug\net9.0\System.Runtime.Caching.dll" because the "SkipUnchangedFiles" parameter was set to "true" in the project and the files' sizes and timestamps match.
         Did not copy from file "C:\Users\Dell\.nuget\packages\system.windows.extensions\6.0.0\lib\net6.0\System.Windows.Extensions.dll" to file "bin\Debug\net9.0\System.Windows.Extensions.dll" because the "SkipUnchangedFiles" parameter was set to "true" in the project and the files' sizes and timestamps match.
         Did not copy from file "C:\Users\Dell\.nuget\packages\microsoft.codeanalysis.common\4.8.0\lib\net7.0\cs\Microsoft.CodeAnalysis.resources.dll" to file "bin\Debug\net9.0\cs\Microsoft.CodeAnalysis.resources.dll" because the "SkipUnchangedFiles" parameter was set to "true" in the project and the files' sizes and timestamps match.
         Did not copy from file "C:\Users\Dell\.nuget\packages\microsoft.codeanalysis.common\4.8.0\lib\net7.0\de\Microsoft.CodeAnalysis.resources.dll" to file "bin\Debug\net9.0\de\Microsoft.CodeAnalysis.resources.dll" because the "SkipUnchangedFiles" parameter was set to "true" in the project and the files' sizes and timestamps match.
         Did not copy from file "C:\Users\Dell\.nuget\packages\microsoft.codeanalysis.common\4.8.0\lib\net7.0\es\Microsoft.CodeAnalysis.resources.dll" to file "bin\Debug\net9.0\es\Microsoft.CodeAnalysis.resources.dll" because the "SkipUnchangedFiles" parameter was set to "true" in the project and the files' sizes and timestamps match.
         Did not copy from file "C:\Users\Dell\.nuget\packages\microsoft.codeanalysis.common\4.8.0\lib\net7.0\fr\Microsoft.CodeAnalysis.resources.dll" to file "bin\Debug\net9.0\fr\Microsoft.CodeAnalysis.resources.dll" because the "SkipUnchangedFiles" parameter was set to "true" in the project and the files' sizes and timestamps match.
         Did not copy from file "C:\Users\Dell\.nuget\packages\microsoft.codeanalysis.common\4.8.0\lib\net7.0\pl\Microsoft.CodeAnalysis.resources.dll" to file "bin\Debug\net9.0\pl\Microsoft.CodeAnalysis.resources.dll" because the "SkipUnchangedFiles" parameter was set to "true" in the project and the files' sizes and timestamps match.
         Did not copy from file "C:\Users\Dell\.nuget\packages\microsoft.codeanalysis.common\4.8.0\lib\net7.0\ko\Microsoft.CodeAnalysis.resources.dll" to file "bin\Debug\net9.0\ko\Microsoft.CodeAnalysis.resources.dll" because the "SkipUnchangedFiles" parameter was set to "true" in the project and the files' sizes and timestamps match.
         Did not copy from file "C:\Users\Dell\.nuget\packages\microsoft.codeanalysis.common\4.8.0\lib\net7.0\ja\Microsoft.CodeAnalysis.resources.dll" to file "bin\Debug\net9.0\ja\Microsoft.CodeAnalysis.resources.dll" because the "SkipUnchangedFiles" parameter was set to "true" in the project and the files' sizes and timestamps match.
         Did not copy from file "C:\Users\Dell\.nuget\packages\microsoft.codeanalysis.common\4.8.0\lib\net7.0\ru\Microsoft.CodeAnalysis.resources.dll" to file "bin\Debug\net9.0\ru\Microsoft.CodeAnalysis.resources.dll" because the "SkipUnchangedFiles" parameter was set to "true" in the project and the files' sizes and timestamps match.
         Did not copy from file "C:\Users\Dell\.nuget\packages\microsoft.codeanalysis.common\4.8.0\lib\net7.0\pt-BR\Microsoft.CodeAnalysis.resources.dll" to file "bin\Debug\net9.0\pt-BR\Microsoft.CodeAnalysis.resources.dll" because the "SkipUnchangedFiles" parameter was set to "true" in the project and the files' sizes and timestamps match.
         Did not copy from file "C:\Users\Dell\.nuget\packages\microsoft.codeanalysis.common\4.8.0\lib\net7.0\tr\Microsoft.CodeAnalysis.resources.dll" to file "bin\Debug\net9.0\tr\Microsoft.CodeAnalysis.resources.dll" because the "SkipUnchangedFiles" parameter was set to "true" in the project and the files' sizes and timestamps match.
         Did not copy from file "C:\Users\Dell\.nuget\packages\microsoft.codeanalysis.common\4.8.0\lib\net7.0\zh-Hans\Microsoft.CodeAnalysis.resources.dll" to file "bin\Debug\net9.0\zh-Hans\Microsoft.CodeAnalysis.resources.dll" because the "SkipUnchangedFiles" parameter was set to "true" in the project and the files' sizes and timestamps match.
         Did not copy from file "C:\Users\Dell\.nuget\packages\microsoft.codeanalysis.common\4.8.0\lib\net7.0\zh-Hant\Microsoft.CodeAnalysis.resources.dll" to file "bin\Debug\net9.0\zh-Hant\Microsoft.CodeAnalysis.resources.dll" because the "SkipUnchangedFiles" parameter was set to "true" in the project and the files' sizes and timestamps match.
         Did not copy from file "C:\Users\Dell\.nuget\packages\microsoft.codeanalysis.csharp\4.8.0\lib\net7.0\cs\Microsoft.CodeAnalysis.CSharp.resources.dll" to file "bin\Debug\net9.0\cs\Microsoft.CodeAnalysis.CSharp.resources.dll" because the "SkipUnchangedFiles" parameter was set to "true" in the project and the files' sizes and timestamps match.
         Did not copy from file "C:\Users\Dell\.nuget\packages\microsoft.codeanalysis.csharp\4.8.0\lib\net7.0\es\Microsoft.CodeAnalysis.CSharp.resources.dll" to file "bin\Debug\net9.0\es\Microsoft.CodeAnalysis.CSharp.resources.dll" because the "SkipUnchangedFiles" parameter was set to "true" in the project and the files' sizes and timestamps match.
         Did not copy from file "C:\Users\Dell\.nuget\packages\microsoft.codeanalysis.csharp\4.8.0\lib\net7.0\de\Microsoft.CodeAnalysis.CSharp.resources.dll" to file "bin\Debug\net9.0\de\Microsoft.CodeAnalysis.CSharp.resources.dll" because the "SkipUnchangedFiles" parameter was set to "true" in the project and the files' sizes and timestamps match.
         Did not copy from file "C:\Users\Dell\.nuget\packages\microsoft.codeanalysis.csharp\4.8.0\lib\net7.0\ja\Microsoft.CodeAnalysis.CSharp.resources.dll" to file "bin\Debug\net9.0\ja\Microsoft.CodeAnalysis.CSharp.resources.dll" because the "SkipUnchangedFiles" parameter was set to "true" in the project and the files' sizes and timestamps match.
         Did not copy from file "C:\Users\Dell\.nuget\packages\microsoft.codeanalysis.csharp\4.8.0\lib\net7.0\fr\Microsoft.CodeAnalysis.CSharp.resources.dll" to file "bin\Debug\net9.0\fr\Microsoft.CodeAnalysis.CSharp.resources.dll" because the "SkipUnchangedFiles" parameter was set to "true" in the project and the files' sizes and timestamps match.
         Did not copy from file "C:\Users\Dell\.nuget\packages\microsoft.codeanalysis.csharp\4.8.0\lib\net7.0\it\Microsoft.CodeAnalysis.CSharp.resources.dll" to file "bin\Debug\net9.0\it\Microsoft.CodeAnalysis.CSharp.resources.dll" because the "SkipUnchangedFiles" parameter was set to "true" in the project and the files' sizes and timestamps match.
         Did not copy from file "C:\Users\Dell\.nuget\packages\microsoft.codeanalysis.csharp\4.8.0\lib\net7.0\ko\Microsoft.CodeAnalysis.CSharp.resources.dll" to file "bin\Debug\net9.0\ko\Microsoft.CodeAnalysis.CSharp.resources.dll" because the "SkipUnchangedFiles" parameter was set to "true" in the project and the files' sizes and timestamps match.
         Did not copy from file "C:\Users\Dell\.nuget\packages\microsoft.codeanalysis.csharp\4.8.0\lib\net7.0\pl\Microsoft.CodeAnalysis.CSharp.resources.dll" to file "bin\Debug\net9.0\pl\Microsoft.CodeAnalysis.CSharp.resources.dll" because the "SkipUnchangedFiles" parameter was set to "true" in the project and the files' sizes and timestamps match.
         Did not copy from file "C:\Users\Dell\.nuget\packages\microsoft.codeanalysis.csharp\4.8.0\lib\net7.0\pt-BR\Microsoft.CodeAnalysis.CSharp.resources.dll" to file "bin\Debug\net9.0\pt-BR\Microsoft.CodeAnalysis.CSharp.resources.dll" because the "SkipUnchangedFiles" parameter was set to "true" in the project and the files' sizes and timestamps match.
         Did not copy from file "C:\Users\Dell\.nuget\packages\microsoft.codeanalysis.common\4.8.0\lib\net7.0\it\Microsoft.CodeAnalysis.resources.dll" to file "bin\Debug\net9.0\it\Microsoft.CodeAnalysis.resources.dll" because the "SkipUnchangedFiles" parameter was set to "true" in the project and the files' sizes and timestamps match.
         Did not copy from file "C:\Users\Dell\.nuget\packages\microsoft.codeanalysis.csharp\4.8.0\lib\net7.0\ru\Microsoft.CodeAnalysis.CSharp.resources.dll" to file "bin\Debug\net9.0\ru\Microsoft.CodeAnalysis.CSharp.resources.dll" because the "SkipUnchangedFiles" parameter was set to "true" in the project and the files' sizes and timestamps match.
         Did not copy from file "C:\Users\Dell\.nuget\packages\microsoft.codeanalysis.csharp\4.8.0\lib\net7.0\tr\Microsoft.CodeAnalysis.CSharp.resources.dll" to file "bin\Debug\net9.0\tr\Microsoft.CodeAnalysis.CSharp.resources.dll" because the "SkipUnchangedFiles" parameter was set to "true" in the project and the files' sizes and timestamps match.
         Did not copy from file "C:\Users\Dell\.nuget\packages\microsoft.codeanalysis.csharp\4.8.0\lib\net7.0\zh-Hant\Microsoft.CodeAnalysis.CSharp.resources.dll" to file "bin\Debug\net9.0\zh-Hant\Microsoft.CodeAnalysis.CSharp.resources.dll" because the "SkipUnchangedFiles" parameter was set to "true" in the project and the files' sizes and timestamps match.
         Did not copy from file "C:\Users\Dell\.nuget\packages\microsoft.codeanalysis.csharp\4.8.0\lib\net7.0\zh-Hans\Microsoft.CodeAnalysis.CSharp.resources.dll" to file "bin\Debug\net9.0\zh-Hans\Microsoft.CodeAnalysis.CSharp.resources.dll" because the "SkipUnchangedFiles" parameter was set to "true" in the project and the files' sizes and timestamps match.
         Did not copy from file "C:\Users\Dell\.nuget\packages\microsoft.codeanalysis.csharp.workspaces\4.8.0\lib\net7.0\cs\Microsoft.CodeAnalysis.CSharp.Workspaces.resources.dll" to file "bin\Debug\net9.0\cs\Microsoft.CodeAnalysis.CSharp.Workspaces.resources.dll" because the "SkipUnchangedFiles" parameter was set to "true" in the project and the files' sizes and timestamps match.
         Did not copy from file "C:\Users\Dell\.nuget\packages\microsoft.codeanalysis.csharp.workspaces\4.8.0\lib\net7.0\de\Microsoft.CodeAnalysis.CSharp.Workspaces.resources.dll" to file "bin\Debug\net9.0\de\Microsoft.CodeAnalysis.CSharp.Workspaces.resources.dll" because the "SkipUnchangedFiles" parameter was set to "true" in the project and the files' sizes and timestamps match.
         Did not copy from file "C:\Users\Dell\.nuget\packages\microsoft.codeanalysis.csharp.workspaces\4.8.0\lib\net7.0\es\Microsoft.CodeAnalysis.CSharp.Workspaces.resources.dll" to file "bin\Debug\net9.0\es\Microsoft.CodeAnalysis.CSharp.Workspaces.resources.dll" because the "SkipUnchangedFiles" parameter was set to "true" in the project and the files' sizes and timestamps match.
         Did not copy from file "C:\Users\Dell\.nuget\packages\microsoft.codeanalysis.csharp.workspaces\4.8.0\lib\net7.0\it\Microsoft.CodeAnalysis.CSharp.Workspaces.resources.dll" to file "bin\Debug\net9.0\it\Microsoft.CodeAnalysis.CSharp.Workspaces.resources.dll" because the "SkipUnchangedFiles" parameter was set to "true" in the project and the files' sizes and timestamps match.
         Did not copy from file "C:\Users\Dell\.nuget\packages\microsoft.codeanalysis.csharp.workspaces\4.8.0\lib\net7.0\ja\Microsoft.CodeAnalysis.CSharp.Workspaces.resources.dll" to file "bin\Debug\net9.0\ja\Microsoft.CodeAnalysis.CSharp.Workspaces.resources.dll" because the "SkipUnchangedFiles" parameter was set to "true" in the project and the files' sizes and timestamps match.
         Did not copy from file "C:\Users\Dell\.nuget\packages\microsoft.codeanalysis.csharp.workspaces\4.8.0\lib\net7.0\ko\Microsoft.CodeAnalysis.CSharp.Workspaces.resources.dll" to file "bin\Debug\net9.0\ko\Microsoft.CodeAnalysis.CSharp.Workspaces.resources.dll" because the "SkipUnchangedFiles" parameter was set to "true" in the project and the files' sizes and timestamps match.
         Did not copy from file "C:\Users\Dell\.nuget\packages\microsoft.codeanalysis.csharp.workspaces\4.8.0\lib\net7.0\pl\Microsoft.CodeAnalysis.CSharp.Workspaces.resources.dll" to file "bin\Debug\net9.0\pl\Microsoft.CodeAnalysis.CSharp.Workspaces.resources.dll" because the "SkipUnchangedFiles" parameter was set to "true" in the project and the files' sizes and timestamps match.
         Did not copy from file "C:\Users\Dell\.nuget\packages\microsoft.codeanalysis.csharp.workspaces\4.8.0\lib\net7.0\ru\Microsoft.CodeAnalysis.CSharp.Workspaces.resources.dll" to file "bin\Debug\net9.0\ru\Microsoft.CodeAnalysis.CSharp.Workspaces.resources.dll" because the "SkipUnchangedFiles" parameter was set to "true" in the project and the files' sizes and timestamps match.
         Did not copy from file "C:\Users\Dell\.nuget\packages\microsoft.codeanalysis.csharp.workspaces\4.8.0\lib\net7.0\zh-Hans\Microsoft.CodeAnalysis.CSharp.Workspaces.resources.dll" to file "bin\Debug\net9.0\zh-Hans\Microsoft.CodeAnalysis.CSharp.Workspaces.resources.dll" because the "SkipUnchangedFiles" parameter was set to "true" in the project and the files' sizes and timestamps match.
         Did not copy from file "C:\Users\Dell\.nuget\packages\microsoft.codeanalysis.csharp.workspaces\4.8.0\lib\net7.0\pt-BR\Microsoft.CodeAnalysis.CSharp.Workspaces.resources.dll" to file "bin\Debug\net9.0\pt-BR\Microsoft.CodeAnalysis.CSharp.Workspaces.resources.dll" because the "SkipUnchangedFiles" parameter was set to "true" in the project and the files' sizes and timestamps match.
         Did not copy from file "C:\Users\Dell\.nuget\packages\microsoft.codeanalysis.csharp.workspaces\4.8.0\lib\net7.0\zh-Hant\Microsoft.CodeAnalysis.CSharp.Workspaces.resources.dll" to file "bin\Debug\net9.0\zh-Hant\Microsoft.CodeAnalysis.CSharp.Workspaces.resources.dll" because the "SkipUnchangedFiles" parameter was set to "true" in the project and the files' sizes and timestamps match.
         Did not copy from file "C:\Users\Dell\.nuget\packages\microsoft.codeanalysis.csharp.workspaces\4.8.0\lib\net7.0\tr\Microsoft.CodeAnalysis.CSharp.Workspaces.resources.dll" to file "bin\Debug\net9.0\tr\Microsoft.CodeAnalysis.CSharp.Workspaces.resources.dll" because the "SkipUnchangedFiles" parameter was set to "true" in the project and the files' sizes and timestamps match.
         Did not copy from file "C:\Users\Dell\.nuget\packages\microsoft.codeanalysis.workspaces.common\4.8.0\lib\net7.0\de\Microsoft.CodeAnalysis.Workspaces.resources.dll" to file "bin\Debug\net9.0\de\Microsoft.CodeAnalysis.Workspaces.resources.dll" because the "SkipUnchangedFiles" parameter was set to "true" in the project and the files' sizes and timestamps match.
         Did not copy from file "C:\Users\Dell\.nuget\packages\microsoft.codeanalysis.workspaces.common\4.8.0\lib\net7.0\cs\Microsoft.CodeAnalysis.Workspaces.resources.dll" to file "bin\Debug\net9.0\cs\Microsoft.CodeAnalysis.Workspaces.resources.dll" because the "SkipUnchangedFiles" parameter was set to "true" in the project and the files' sizes and timestamps match.
         Did not copy from file "C:\Users\Dell\.nuget\packages\microsoft.codeanalysis.workspaces.common\4.8.0\lib\net7.0\es\Microsoft.CodeAnalysis.Workspaces.resources.dll" to file "bin\Debug\net9.0\es\Microsoft.CodeAnalysis.Workspaces.resources.dll" because the "SkipUnchangedFiles" parameter was set to "true" in the project and the files' sizes and timestamps match.
         Did not copy from file "C:\Users\Dell\.nuget\packages\microsoft.codeanalysis.workspaces.common\4.8.0\lib\net7.0\fr\Microsoft.CodeAnalysis.Workspaces.resources.dll" to file "bin\Debug\net9.0\fr\Microsoft.CodeAnalysis.Workspaces.resources.dll" because the "SkipUnchangedFiles" parameter was set to "true" in the project and the files' sizes and timestamps match.
         Did not copy from file "C:\Users\Dell\.nuget\packages\microsoft.codeanalysis.workspaces.common\4.8.0\lib\net7.0\it\Microsoft.CodeAnalysis.Workspaces.resources.dll" to file "bin\Debug\net9.0\it\Microsoft.CodeAnalysis.Workspaces.resources.dll" because the "SkipUnchangedFiles" parameter was set to "true" in the project and the files' sizes and timestamps match.
         Did not copy from file "C:\Users\Dell\.nuget\packages\microsoft.codeanalysis.csharp.workspaces\4.8.0\lib\net7.0\fr\Microsoft.CodeAnalysis.CSharp.Workspaces.resources.dll" to file "bin\Debug\net9.0\fr\Microsoft.CodeAnalysis.CSharp.Workspaces.resources.dll" because the "SkipUnchangedFiles" parameter was set to "true" in the project and the files' sizes and timestamps match.
         Did not copy from file "C:\Users\Dell\.nuget\packages\microsoft.codeanalysis.workspaces.common\4.8.0\lib\net7.0\ja\Microsoft.CodeAnalysis.Workspaces.resources.dll" to file "bin\Debug\net9.0\ja\Microsoft.CodeAnalysis.Workspaces.resources.dll" because the "SkipUnchangedFiles" parameter was set to "true" in the project and the files' sizes and timestamps match.
         Did not copy from file "C:\Users\Dell\.nuget\packages\microsoft.codeanalysis.workspaces.common\4.8.0\lib\net7.0\pl\Microsoft.CodeAnalysis.Workspaces.resources.dll" to file "bin\Debug\net9.0\pl\Microsoft.CodeAnalysis.Workspaces.resources.dll" because the "SkipUnchangedFiles" parameter was set to "true" in the project and the files' sizes and timestamps match.
         Did not copy from file "C:\Users\Dell\.nuget\packages\microsoft.codeanalysis.workspaces.common\4.8.0\lib\net7.0\ko\Microsoft.CodeAnalysis.Workspaces.resources.dll" to file "bin\Debug\net9.0\ko\Microsoft.CodeAnalysis.Workspaces.resources.dll" because the "SkipUnchangedFiles" parameter was set to "true" in the project and the files' sizes and timestamps match.
         Did not copy from file "C:\Users\Dell\.nuget\packages\microsoft.codeanalysis.workspaces.common\4.8.0\lib\net7.0\pt-BR\Microsoft.CodeAnalysis.Workspaces.resources.dll" to file "bin\Debug\net9.0\pt-BR\Microsoft.CodeAnalysis.Workspaces.resources.dll" because the "SkipUnchangedFiles" parameter was set to "true" in the project and the files' sizes and timestamps match.
         Did not copy from file "C:\Users\Dell\.nuget\packages\microsoft.codeanalysis.workspaces.common\4.8.0\lib\net7.0\ru\Microsoft.CodeAnalysis.Workspaces.resources.dll" to file "bin\Debug\net9.0\ru\Microsoft.CodeAnalysis.Workspaces.resources.dll" because the "SkipUnchangedFiles" parameter was set to "true" in the project and the files' sizes and timestamps match.
         Did not copy from file "C:\Users\Dell\.nuget\packages\microsoft.codeanalysis.workspaces.common\4.8.0\lib\net7.0\tr\Microsoft.CodeAnalysis.Workspaces.resources.dll" to file "bin\Debug\net9.0\tr\Microsoft.CodeAnalysis.Workspaces.resources.dll" because the "SkipUnchangedFiles" parameter was set to "true" in the project and the files' sizes and timestamps match.
         Did not copy from file "C:\Users\Dell\.nuget\packages\microsoft.codeanalysis.workspaces.common\4.8.0\lib\net7.0\zh-Hant\Microsoft.CodeAnalysis.Workspaces.resources.dll" to file "bin\Debug\net9.0\zh-Hant\Microsoft.CodeAnalysis.Workspaces.resources.dll" because the "SkipUnchangedFiles" parameter was set to "true" in the project and the files' sizes and timestamps match.
         Did not copy from file "C:\Users\Dell\.nuget\packages\microsoft.codeanalysis.workspaces.common\4.8.0\lib\net7.0\zh-Hans\Microsoft.CodeAnalysis.Workspaces.resources.dll" to file "bin\Debug\net9.0\zh-Hans\Microsoft.CodeAnalysis.Workspaces.resources.dll" because the "SkipUnchangedFiles" parameter was set to "true" in the project and the files' sizes and timestamps match.
         Did not copy from file "C:\Users\Dell\.nuget\packages\microsoft.codeanalysis.workspaces.msbuild\4.8.0\lib\net7.0\es\Microsoft.CodeAnalysis.Workspaces.MSBuild.BuildHost.resources.dll" to file "bin\Debug\net9.0\es\Microsoft.CodeAnalysis.Workspaces.MSBuild.BuildHost.resources.dll" because the "SkipUnchangedFiles" parameter was set to "true" in the project and the files' sizes and timestamps match.
         Did not copy from file "C:\Users\Dell\.nuget\packages\microsoft.codeanalysis.workspaces.msbuild\4.8.0\lib\net7.0\de\Microsoft.CodeAnalysis.Workspaces.MSBuild.BuildHost.resources.dll" to file "bin\Debug\net9.0\de\Microsoft.CodeAnalysis.Workspaces.MSBuild.BuildHost.resources.dll" because the "SkipUnchangedFiles" parameter was set to "true" in the project and the files' sizes and timestamps match.
         Did not copy from file "C:\Users\Dell\.nuget\packages\microsoft.codeanalysis.workspaces.msbuild\4.8.0\lib\net7.0\fr\Microsoft.CodeAnalysis.Workspaces.MSBuild.BuildHost.resources.dll" to file "bin\Debug\net9.0\fr\Microsoft.CodeAnalysis.Workspaces.MSBuild.BuildHost.resources.dll" because the "SkipUnchangedFiles" parameter was set to "true" in the project and the files' sizes and timestamps match.
         Did not copy from file "C:\Users\Dell\.nuget\packages\microsoft.codeanalysis.workspaces.msbuild\4.8.0\lib\net7.0\ko\Microsoft.CodeAnalysis.Workspaces.MSBuild.BuildHost.resources.dll" to file "bin\Debug\net9.0\ko\Microsoft.CodeAnalysis.Workspaces.MSBuild.BuildHost.resources.dll" because the "SkipUnchangedFiles" parameter was set to "true" in the project and the files' sizes and timestamps match.
         Did not copy from file "C:\Users\Dell\.nuget\packages\microsoft.codeanalysis.workspaces.msbuild\4.8.0\lib\net7.0\ja\Microsoft.CodeAnalysis.Workspaces.MSBuild.BuildHost.resources.dll" to file "bin\Debug\net9.0\ja\Microsoft.CodeAnalysis.Workspaces.MSBuild.BuildHost.resources.dll" because the "SkipUnchangedFiles" parameter was set to "true" in the project and the files' sizes and timestamps match.
         Did not copy from file "C:\Users\Dell\.nuget\packages\microsoft.codeanalysis.workspaces.msbuild\4.8.0\lib\net7.0\pl\Microsoft.CodeAnalysis.Workspaces.MSBuild.BuildHost.resources.dll" to file "bin\Debug\net9.0\pl\Microsoft.CodeAnalysis.Workspaces.MSBuild.BuildHost.resources.dll" because the "SkipUnchangedFiles" parameter was set to "true" in the project and the files' sizes and timestamps match.
         Did not copy from file "C:\Users\Dell\.nuget\packages\microsoft.codeanalysis.workspaces.msbuild\4.8.0\lib\net7.0\it\Microsoft.CodeAnalysis.Workspaces.MSBuild.BuildHost.resources.dll" to file "bin\Debug\net9.0\it\Microsoft.CodeAnalysis.Workspaces.MSBuild.BuildHost.resources.dll" because the "SkipUnchangedFiles" parameter was set to "true" in the project and the files' sizes and timestamps match.
         Did not copy from file "C:\Users\Dell\.nuget\packages\microsoft.codeanalysis.workspaces.msbuild\4.8.0\lib\net7.0\pt-BR\Microsoft.CodeAnalysis.Workspaces.MSBuild.BuildHost.resources.dll" to file "bin\Debug\net9.0\pt-BR\Microsoft.CodeAnalysis.Workspaces.MSBuild.BuildHost.resources.dll" because the "SkipUnchangedFiles" parameter was set to "true" in the project and the files' sizes and timestamps match.
         Did not copy from file "C:\Users\Dell\.nuget\packages\microsoft.codeanalysis.workspaces.msbuild\4.8.0\lib\net7.0\tr\Microsoft.CodeAnalysis.Workspaces.MSBuild.BuildHost.resources.dll" to file "bin\Debug\net9.0\tr\Microsoft.CodeAnalysis.Workspaces.MSBuild.BuildHost.resources.dll" because the "SkipUnchangedFiles" parameter was set to "true" in the project and the files' sizes and timestamps match.
         Did not copy from file "C:\Users\Dell\.nuget\packages\microsoft.codeanalysis.workspaces.msbuild\4.8.0\lib\net7.0\ru\Microsoft.CodeAnalysis.Workspaces.MSBuild.BuildHost.resources.dll" to file "bin\Debug\net9.0\ru\Microsoft.CodeAnalysis.Workspaces.MSBuild.BuildHost.resources.dll" because the "SkipUnchangedFiles" parameter was set to "true" in the project and the files' sizes and timestamps match.
         Did not copy from file "C:\Users\Dell\.nuget\packages\microsoft.codeanalysis.workspaces.msbuild\4.8.0\lib\net7.0\zh-Hans\Microsoft.CodeAnalysis.Workspaces.MSBuild.BuildHost.resources.dll" to file "bin\Debug\net9.0\zh-Hans\Microsoft.CodeAnalysis.Workspaces.MSBuild.BuildHost.resources.dll" because the "SkipUnchangedFiles" parameter was set to "true" in the project and the files' sizes and timestamps match.
         Did not copy from file "C:\Users\Dell\.nuget\packages\microsoft.codeanalysis.workspaces.msbuild\4.8.0\lib\net7.0\zh-Hant\Microsoft.CodeAnalysis.Workspaces.MSBuild.BuildHost.resources.dll" to file "bin\Debug\net9.0\zh-Hant\Microsoft.CodeAnalysis.Workspaces.MSBuild.BuildHost.resources.dll" because the "SkipUnchangedFiles" parameter was set to "true" in the project and the files' sizes and timestamps match.
         Did not copy from file "C:\Users\Dell\.nuget\packages\microsoft.data.sqlclient\5.1.6\runtimes\unix\lib\net6.0\Microsoft.Data.SqlClient.dll" to file "bin\Debug\net9.0\runtimes\unix\lib\net6.0\Microsoft.Data.SqlClient.dll" because the "SkipUnchangedFiles" parameter was set to "true" in the project and the files' sizes and timestamps match.
         Did not copy from file "C:\Users\Dell\.nuget\packages\microsoft.data.sqlclient\5.1.6\runtimes\win\lib\net6.0\Microsoft.Data.SqlClient.dll" to file "bin\Debug\net9.0\runtimes\win\lib\net6.0\Microsoft.Data.SqlClient.dll" because the "SkipUnchangedFiles" parameter was set to "true" in the project and the files' sizes and timestamps match.
         Did not copy from file "C:\Users\Dell\.nuget\packages\microsoft.data.sqlclient.sni.runtime\5.1.1\runtimes\win-arm\native\Microsoft.Data.SqlClient.SNI.dll" to file "bin\Debug\net9.0\runtimes\win-arm\native\Microsoft.Data.SqlClient.SNI.dll" because the "SkipUnchangedFiles" parameter was set to "true" in the project and the files' sizes and timestamps match.
         Did not copy from file "C:\Users\Dell\.nuget\packages\microsoft.codeanalysis.workspaces.msbuild\4.8.0\lib\net7.0\cs\Microsoft.CodeAnalysis.Workspaces.MSBuild.BuildHost.resources.dll" to file "bin\Debug\net9.0\cs\Microsoft.CodeAnalysis.Workspaces.MSBuild.BuildHost.resources.dll" because the "SkipUnchangedFiles" parameter was set to "true" in the project and the files' sizes and timestamps match.
         Did not copy from file "C:\Users\Dell\.nuget\packages\microsoft.data.sqlclient.sni.runtime\5.1.1\runtimes\win-arm64\native\Microsoft.Data.SqlClient.SNI.dll" to file "bin\Debug\net9.0\runtimes\win-arm64\native\Microsoft.Data.SqlClient.SNI.dll" because the "SkipUnchangedFiles" parameter was set to "true" in the project and the files' sizes and timestamps match.
         Did not copy from file "C:\Users\Dell\.nuget\packages\microsoft.data.sqlclient.sni.runtime\5.1.1\runtimes\win-x64\native\Microsoft.Data.SqlClient.SNI.dll" to file "bin\Debug\net9.0\runtimes\win-x64\native\Microsoft.Data.SqlClient.SNI.dll" because the "SkipUnchangedFiles" parameter was set to "true" in the project and the files' sizes and timestamps match.
         Did not copy from file "C:\Users\Dell\.nuget\packages\microsoft.win32.systemevents\6.0.0\runtimes\win\lib\net6.0\Microsoft.Win32.SystemEvents.dll" to file "bin\Debug\net9.0\runtimes\win\lib\net6.0\Microsoft.Win32.SystemEvents.dll" because the "SkipUnchangedFiles" parameter was set to "true" in the project and the files' sizes and timestamps match.
         Did not copy from file "C:\Users\Dell\.nuget\packages\microsoft.data.sqlclient.sni.runtime\5.1.1\runtimes\win-x86\native\Microsoft.Data.SqlClient.SNI.dll" to file "bin\Debug\net9.0\runtimes\win-x86\native\Microsoft.Data.SqlClient.SNI.dll" because the "SkipUnchangedFiles" parameter was set to "true" in the project and the files' sizes and timestamps match.
         Did not copy from file "C:\Users\Dell\.nuget\packages\system.drawing.common\6.0.0\runtimes\unix\lib\net6.0\System.Drawing.Common.dll" to file "bin\Debug\net9.0\runtimes\unix\lib\net6.0\System.Drawing.Common.dll" because the "SkipUnchangedFiles" parameter was set to "true" in the project and the files' sizes and timestamps match.
         Did not copy from file "C:\Users\Dell\.nuget\packages\system.runtime.caching\6.0.0\runtimes\win\lib\net6.0\System.Runtime.Caching.dll" to file "bin\Debug\net9.0\runtimes\win\lib\net6.0\System.Runtime.Caching.dll" because the "SkipUnchangedFiles" parameter was set to "true" in the project and the files' sizes and timestamps match.
         Did not copy from file "C:\Users\Dell\.nuget\packages\system.drawing.common\6.0.0\runtimes\win\lib\net6.0\System.Drawing.Common.dll" to file "bin\Debug\net9.0\runtimes\win\lib\net6.0\System.Drawing.Common.dll" because the "SkipUnchangedFiles" parameter was set to "true" in the project and the files' sizes and timestamps match.
         Did not copy from file "D:\P.L\Flutter\fresh_produce_app\FreshProduce.Application\bin\Debug\net9.0\FreshProduce.Application.pdb" to file "bin\Debug\net9.0\FreshProduce.Application.pdb" because the "SkipUnchangedFiles" parameter was set to "true" in the project and the files' sizes and timestamps match.
         Did not copy from file "C:\Users\Dell\.nuget\packages\system.windows.extensions\6.0.0\runtimes\win\lib\net6.0\System.Windows.Extensions.dll" to file "bin\Debug\net9.0\runtimes\win\lib\net6.0\System.Windows.Extensions.dll" because the "SkipUnchangedFiles" parameter was set to "true" in the project and the files' sizes and timestamps match.
         Did not copy from file "D:\P.L\Flutter\fresh_produce_app\FreshProduce.Infrastructure\bin\Debug\net9.0\FreshProduce.Infrastructure.pdb" to file "bin\Debug\net9.0\FreshProduce.Infrastructure.pdb" because the "SkipUnchangedFiles" parameter was set to "true" in the project and the files' sizes and timestamps match.
         Did not copy from file "D:\P.L\Flutter\fresh_produce_app\FreshProduce.Domain\bin\Debug\net9.0\FreshProduce.Domain.pdb" to file "bin\Debug\net9.0\FreshProduce.Domain.pdb" because the "SkipUnchangedFiles" parameter was set to "true" in the project and the files' sizes and timestamps match.
         Did not copy from file "C:\Users\Dell\.nuget\packages\system.security.cryptography.protecteddata\6.0.0\runtimes\win\lib\net6.0\System.Security.Cryptography.ProtectedData.dll" to file "bin\Debug\net9.0\runtimes\win\lib\net6.0\System.Security.Cryptography.ProtectedData.dll" because the "SkipUnchangedFiles" parameter was set to "true" in the project and the files' sizes and timestamps match.
         Copying file from "D:\P.L\Flutter\fresh_produce_app\FreshProduce.Application\bin\Debug\net9.0\FreshProduce.Application.dll" to "D:\P.L\Flutter\fresh_produce_app\FreshProduce.Api\bin\Debug\net9.0\FreshProduce.Application.dll".
         Copying file from "D:\P.L\Flutter\fresh_produce_app\FreshProduce.Domain\bin\Debug\net9.0\FreshProduce.Domain.dll" to "D:\P.L\Flutter\fresh_produce_app\FreshProduce.Api\bin\Debug\net9.0\FreshProduce.Domain.dll".
         Copying file from "D:\P.L\Flutter\fresh_produce_app\FreshProduce.Infrastructure\bin\Debug\net9.0\FreshProduce.Infrastructure.dll" to "D:\P.L\Flutter\fresh_produce_app\FreshProduce.Api\bin\Debug\net9.0\FreshProduce.Infrastructure.dll".
   1:7>C:\Program Files\dotnet\sdk\10.0.101\Microsoft.Common.CurrentVersion.targets(5080,5): warning MSB3026: Could not copy "D:\P.L\Flutter\fresh_produce_app\FreshProduce.Infrastructure\bin\Debug\net9.0\FreshProduce.Infrastructure.dll" to "bin\Debug\net9.0\FreshProduce.Infrastructure.dll". Beginning retry 1 in 1000ms. The process cannot access the file 'D:\P.L\Flutter\fresh_produce_app\FreshProduce.Api\bin\Debug\net9.0\FreshProduce.Infrastructure.dll' because it is being used by another process. The file is locked by: "FreshProduce.Api (12840)" [D:\P.L\Flutter\fresh_produce_app\FreshProduce.Api\FreshProduce.Api.csproj]
   1:7>C:\Program Files\dotnet\sdk\10.0.101\Microsoft.Common.CurrentVersion.targets(5080,5): warning MSB3026: Could not copy "D:\P.L\Flutter\fresh_produce_app\FreshProduce.Application\bin\Debug\net9.0\FreshProduce.Application.dll" to "bin\Debug\net9.0\FreshProduce.Application.dll". Beginning retry 1 in 1000ms. The process cannot access the file 'D:\P.L\Flutter\fresh_produce_app\FreshProduce.Api\bin\Debug\net9.0\FreshProduce.Application.dll' because it is being used by another process. The file is locked by: "FreshProduce.Api (12840)" [D:\P.L\Flutter\fresh_produce_app\FreshProduce.Api\FreshProduce.Api.csproj]
   1:7>C:\Program Files\dotnet\sdk\10.0.101\Microsoft.Common.CurrentVersion.targets(5080,5): warning MSB3026: Could not copy "D:\P.L\Flutter\fresh_produce_app\FreshProduce.Domain\bin\Debug\net9.0\FreshProduce.Domain.dll" to "bin\Debug\net9.0\FreshProduce.Domain.dll". Beginning retry 1 in 1000ms. The process cannot access the file 'D:\P.L\Flutter\fresh_produce_app\FreshProduce.Api\bin\Debug\net9.0\FreshProduce.Domain.dll' because it is being used by another process. The file is locked by: "FreshProduce.Api (12840)" [D:\P.L\Flutter\fresh_produce_app\FreshProduce.Api\FreshProduce.Api.csproj]
         Copying file from "D:\P.L\Flutter\fresh_produce_app\FreshProduce.Infrastructure\bin\Debug\net9.0\FreshProduce.Infrastructure.dll" to "D:\P.L\Flutter\fresh_produce_app\FreshProduce.Api\bin\Debug\net9.0\FreshProduce.Infrastructure.dll".
         Copying file from "D:\P.L\Flutter\fresh_produce_app\FreshProduce.Domain\bin\Debug\net9.0\FreshProduce.Domain.dll" to "D:\P.L\Flutter\fresh_produce_app\FreshProduce.Api\bin\Debug\net9.0\FreshProduce.Domain.dll".
         Copying file from "D:\P.L\Flutter\fresh_produce_app\FreshProduce.Application\bin\Debug\net9.0\FreshProduce.Application.dll" to "D:\P.L\Flutter\fresh_produce_app\FreshProduce.Api\bin\Debug\net9.0\FreshProduce.Application.dll".
   1:7>C:\Program Files\dotnet\sdk\10.0.101\Microsoft.Common.CurrentVersion.targets(5080,5): warning MSB3026: Could not copy "D:\P.L\Flutter\fresh_produce_app\FreshProduce.Infrastructure\bin\Debug\net9.0\FreshProduce.Infrastructure.dll" to "bin\Debug\net9.0\FreshProduce.Infrastructure.dll". Beginning retry 2 in 1000ms. The process cannot access the file 'D:\P.L\Flutter\fresh_produce_app\FreshProduce.Api\bin\Debug\net9.0\FreshProduce.Infrastructure.dll' because it is being used by another process. The file is locked by: "FreshProduce.Api (12840)" [D:\P.L\Flutter\fresh_produce_app\FreshProduce.Api\FreshProduce.Api.csproj]
   1:7>C:\Program Files\dotnet\sdk\10.0.101\Microsoft.Common.CurrentVersion.targets(5080,5): warning MSB3026: Could not copy "D:\P.L\Flutter\fresh_produce_app\FreshProduce.Application\bin\Debug\net9.0\FreshProduce.Application.dll" to "bin\Debug\net9.0\FreshProduce.Application.dll". Beginning retry 2 in 1000ms. The process cannot access the file 'D:\P.L\Flutter\fresh_produce_app\FreshProduce.Api\bin\Debug\net9.0\FreshProduce.Application.dll' because it is being used by another process. The file is locked by: "FreshProduce.Api (12840)" [D:\P.L\Flutter\fresh_produce_app\FreshProduce.Api\FreshProduce.Api.csproj]
   1:7>C:\Program Files\dotnet\sdk\10.0.101\Microsoft.Common.CurrentVersion.targets(5080,5): warning MSB3026: Could not copy "D:\P.L\Flutter\fresh_produce_app\FreshProduce.Domain\bin\Debug\net9.0\FreshProduce.Domain.dll" to "bin\Debug\net9.0\FreshProduce.Domain.dll". Beginning retry 2 in 1000ms. The process cannot access the file 'D:\P.L\Flutter\fresh_produce_app\FreshProduce.Api\bin\Debug\net9.0\FreshProduce.Domain.dll' because it is being used by another process. The file is locked by: "FreshProduce.Api (12840)" [D:\P.L\Flutter\fresh_produce_app\FreshProduce.Api\FreshProduce.Api.csproj]
         Copying file from "D:\P.L\Flutter\fresh_produce_app\FreshProduce.Infrastructure\bin\Debug\net9.0\FreshProduce.Infrastructure.dll" to "D:\P.L\Flutter\fresh_produce_app\FreshProduce.Api\bin\Debug\net9.0\FreshProduce.Infrastructure.dll".
         Copying file from "D:\P.L\Flutter\fresh_produce_app\FreshProduce.Application\bin\Debug\net9.0\FreshProduce.Application.dll" to "D:\P.L\Flutter\fresh_produce_app\FreshProduce.Api\bin\Debug\net9.0\FreshProduce.Application.dll".
         Copying file from "D:\P.L\Flutter\fresh_produce_app\FreshProduce.Domain\bin\Debug\net9.0\FreshProduce.Domain.dll" to "D:\P.L\Flutter\fresh_produce_app\FreshProduce.Api\bin\Debug\net9.0\FreshProduce.Domain.dll".
   1:7>C:\Program Files\dotnet\sdk\10.0.101\Microsoft.Common.CurrentVersion.targets(5080,5): warning MSB3026: Could not copy "D:\P.L\Flutter\fresh_produce_app\FreshProduce.Infrastructure\bin\Debug\net9.0\FreshProduce.Infrastructure.dll" to "bin\Debug\net9.0\FreshProduce.Infrastructure.dll". Beginning retry 3 in 1000ms. The process cannot access the file 'D:\P.L\Flutter\fresh_produce_app\FreshProduce.Api\bin\Debug\net9.0\FreshProduce.Infrastructure.dll' because it is being used by another process. The file is locked by: "FreshProduce.Api (12840)" [D:\P.L\Flutter\fresh_produce_app\FreshProduce.Api\FreshProduce.Api.csproj]
   1:7>C:\Program Files\dotnet\sdk\10.0.101\Microsoft.Common.CurrentVersion.targets(5080,5): warning MSB3026: Could not copy "D:\P.L\Flutter\fresh_produce_app\FreshProduce.Application\bin\Debug\net9.0\FreshProduce.Application.dll" to "bin\Debug\net9.0\FreshProduce.Application.dll". Beginning retry 3 in 1000ms. The process cannot access the file 'D:\P.L\Flutter\fresh_produce_app\FreshProduce.Api\bin\Debug\net9.0\FreshProduce.Application.dll' because it is being used by another process. The file is locked by: "FreshProduce.Api (12840)" [D:\P.L\Flutter\fresh_produce_app\FreshProduce.Api\FreshProduce.Api.csproj]
   1:7>C:\Program Files\dotnet\sdk\10.0.101\Microsoft.Common.CurrentVersion.targets(5080,5): warning MSB3026: Could not copy "D:\P.L\Flutter\fresh_produce_app\FreshProduce.Domain\bin\Debug\net9.0\FreshProduce.Domain.dll" to "bin\Debug\net9.0\FreshProduce.Domain.dll". Beginning retry 3 in 1000ms. The process cannot access the file 'D:\P.L\Flutter\fresh_produce_app\FreshProduce.Api\bin\Debug\net9.0\FreshProduce.Domain.dll' because it is being used by another process. The file is locked by: "FreshProduce.Api (12840)" [D:\P.L\Flutter\fresh_produce_app\FreshProduce.Api\FreshProduce.Api.csproj]
         Copying file from "D:\P.L\Flutter\fresh_produce_app\FreshProduce.Infrastructure\bin\Debug\net9.0\FreshProduce.Infrastructure.dll" to "D:\P.L\Flutter\fresh_produce_app\FreshProduce.Api\bin\Debug\net9.0\FreshProduce.Infrastructure.dll".
         Copying file from "D:\P.L\Flutter\fresh_produce_app\FreshProduce.Application\bin\Debug\net9.0\FreshProduce.Application.dll" to "D:\P.L\Flutter\fresh_produce_app\FreshProduce.Api\bin\Debug\net9.0\FreshProduce.Application.dll".
         Copying file from "D:\P.L\Flutter\fresh_produce_app\FreshProduce.Domain\bin\Debug\net9.0\FreshProduce.Domain.dll" to "D:\P.L\Flutter\fresh_produce_app\FreshProduce.Api\bin\Debug\net9.0\FreshProduce.Domain.dll".
   1:7>C:\Program Files\dotnet\sdk\10.0.101\Microsoft.Common.CurrentVersion.targets(5080,5): warning MSB3026: Could not copy "D:\P.L\Flutter\fresh_produce_app\FreshProduce.Infrastructure\bin\Debug\net9.0\FreshProduce.Infrastructure.dll" to "bin\Debug\net9.0\FreshProduce.Infrastructure.dll". Beginning retry 4 in 1000ms. The process cannot access the file 'D:\P.L\Flutter\fresh_produce_app\FreshProduce.Api\bin\Debug\net9.0\FreshProduce.Infrastructure.dll' because it is being used by another process. The file is locked by: "FreshProduce.Api (12840)" [D:\P.L\Flutter\fresh_produce_app\FreshProduce.Api\FreshProduce.Api.csproj]
   1:7>C:\Program Files\dotnet\sdk\10.0.101\Microsoft.Common.CurrentVersion.targets(5080,5): warning MSB3026: Could not copy "D:\P.L\Flutter\fresh_produce_app\FreshProduce.Application\bin\Debug\net9.0\FreshProduce.Application.dll" to "bin\Debug\net9.0\FreshProduce.Application.dll". Beginning retry 4 in 1000ms. The process cannot access the file 'D:\P.L\Flutter\fresh_produce_app\FreshProduce.Api\bin\Debug\net9.0\FreshProduce.Application.dll' because it is being used by another process. The file is locked by: "FreshProduce.Api (12840)" [D:\P.L\Flutter\fresh_produce_app\FreshProduce.Api\FreshProduce.Api.csproj]
   1:7>C:\Program Files\dotnet\sdk\10.0.101\Microsoft.Common.CurrentVersion.targets(5080,5): warning MSB3026: Could not copy "D:\P.L\Flutter\fresh_produce_app\FreshProduce.Domain\bin\Debug\net9.0\FreshProduce.Domain.dll" to "bin\Debug\net9.0\FreshProduce.Domain.dll". Beginning retry 4 in 1000ms. The process cannot access the file 'D:\P.L\Flutter\fresh_produce_app\FreshProduce.Api\bin\Debug\net9.0\FreshProduce.Domain.dll' because it is being used by another process. The file is locked by: "FreshProduce.Api (12840)" [D:\P.L\Flutter\fresh_produce_app\FreshProduce.Api\FreshProduce.Api.csproj]
         Copying file from "D:\P.L\Flutter\fresh_produce_app\FreshProduce.Infrastructure\bin\Debug\net9.0\FreshProduce.Infrastructure.dll" to "D:\P.L\Flutter\fresh_produce_app\FreshProduce.Api\bin\Debug\net9.0\FreshProduce.Infrastructure.dll".
         Copying file from "D:\P.L\Flutter\fresh_produce_app\FreshProduce.Application\bin\Debug\net9.0\FreshProduce.Application.dll" to "D:\P.L\Flutter\fresh_produce_app\FreshProduce.Api\bin\Debug\net9.0\FreshProduce.Application.dll".
         Copying file from "D:\P.L\Flutter\fresh_produce_app\FreshProduce.Domain\bin\Debug\net9.0\FreshProduce.Domain.dll" to "D:\P.L\Flutter\fresh_produce_app\FreshProduce.Api\bin\Debug\net9.0\FreshProduce.Domain.dll".
   1:7>C:\Program Files\dotnet\sdk\10.0.101\Microsoft.Common.CurrentVersion.targets(5080,5): warning MSB3026: Could not copy "D:\P.L\Flutter\fresh_produce_app\FreshProduce.Application\bin\Debug\net9.0\FreshProduce.Application.dll" to "bin\Debug\net9.0\FreshProduce.Application.dll". Beginning retry 5 in 1000ms. The process cannot access the file 'D:\P.L\Flutter\fresh_produce_app\FreshProduce.Api\bin\Debug\net9.0\FreshProduce.Application.dll' because it is being used by another process. The file is locked by: "FreshProduce.Api (12840)" [D:\P.L\Flutter\fresh_produce_app\FreshProduce.Api\FreshProduce.Api.csproj]
   1:7>C:\Program Files\dotnet\sdk\10.0.101\Microsoft.Common.CurrentVersion.targets(5080,5): warning MSB3026: Could not copy "D:\P.L\Flutter\fresh_produce_app\FreshProduce.Infrastructure\bin\Debug\net9.0\FreshProduce.Infrastructure.dll" to "bin\Debug\net9.0\FreshProduce.Infrastructure.dll". Beginning retry 5 in 1000ms. The process cannot access the file 'D:\P.L\Flutter\fresh_produce_app\FreshProduce.Api\bin\Debug\net9.0\FreshProduce.Infrastructure.dll' because it is being used by another process. The file is locked by: "FreshProduce.Api (12840)" [D:\P.L\Flutter\fresh_produce_app\FreshProduce.Api\FreshProduce.Api.csproj]
   1:7>C:\Program Files\dotnet\sdk\10.0.101\Microsoft.Common.CurrentVersion.targets(5080,5): warning MSB3026: Could not copy "D:\P.L\Flutter\fresh_produce_app\FreshProduce.Domain\bin\Debug\net9.0\FreshProduce.Domain.dll" to "bin\Debug\net9.0\FreshProduce.Domain.dll". Beginning retry 5 in 1000ms. The process cannot access the file 'D:\P.L\Flutter\fresh_produce_app\FreshProduce.Api\bin\Debug\net9.0\FreshProduce.Domain.dll' because it is being used by another process. The file is locked by: "FreshProduce.Api (12840)" [D:\P.L\Flutter\fresh_produce_app\FreshProduce.Api\FreshProduce.Api.csproj]
         Copying file from "D:\P.L\Flutter\fresh_produce_app\FreshProduce.Application\bin\Debug\net9.0\FreshProduce.Application.dll" to "D:\P.L\Flutter\fresh_produce_app\FreshProduce.Api\bin\Debug\net9.0\FreshProduce.Application.dll".
         Copying file from "D:\P.L\Flutter\fresh_produce_app\FreshProduce.Infrastructure\bin\Debug\net9.0\FreshProduce.Infrastructure.dll" to "D:\P.L\Flutter\fresh_produce_app\FreshProduce.Api\bin\Debug\net9.0\FreshProduce.Infrastructure.dll".
         Copying file from "D:\P.L\Flutter\fresh_produce_app\FreshProduce.Domain\bin\Debug\net9.0\FreshProduce.Domain.dll" to "D:\P.L\Flutter\fresh_produce_app\FreshProduce.Api\bin\Debug\net9.0\FreshProduce.Domain.dll".
   1:7>C:\Program Files\dotnet\sdk\10.0.101\Microsoft.Common.CurrentVersion.targets(5080,5): warning MSB3026: Could not copy "D:\P.L\Flutter\fresh_produce_app\FreshProduce.Infrastructure\bin\Debug\net9.0\FreshProduce.Infrastructure.dll" to "bin\Debug\net9.0\FreshProduce.Infrastructure.dll". Beginning retry 6 in 1000ms. The process cannot access the file 'D:\P.L\Flutter\fresh_produce_app\FreshProduce.Api\bin\Debug\net9.0\FreshProduce.Infrastructure.dll' because it is being used by another process. The file is locked by: "FreshProduce.Api (12840)" [D:\P.L\Flutter\fresh_produce_app\FreshProduce.Api\FreshProduce.Api.csproj]
   1:7>C:\Program Files\dotnet\sdk\10.0.101\Microsoft.Common.CurrentVersion.targets(5080,5): warning MSB3026: Could not copy "D:\P.L\Flutter\fresh_produce_app\FreshProduce.Application\bin\Debug\net9.0\FreshProduce.Application.dll" to "bin\Debug\net9.0\FreshProduce.Application.dll". Beginning retry 6 in 1000ms. The process cannot access the file 'D:\P.L\Flutter\fresh_produce_app\FreshProduce.Api\bin\Debug\net9.0\FreshProduce.Application.dll' because it is being used by another process. The file is locked by: "FreshProduce.Api (12840)" [D:\P.L\Flutter\fresh_produce_app\FreshProduce.Api\FreshProduce.Api.csproj]
   1:7>C:\Program Files\dotnet\sdk\10.0.101\Microsoft.Common.CurrentVersion.targets(5080,5): warning MSB3026: Could not copy "D:\P.L\Flutter\fresh_produce_app\FreshProduce.Domain\bin\Debug\net9.0\FreshProduce.Domain.dll" to "bin\Debug\net9.0\FreshProduce.Domain.dll". Beginning retry 6 in 1000ms. The process cannot access the file 'D:\P.L\Flutter\fresh_produce_app\FreshProduce.Api\bin\Debug\net9.0\FreshProduce.Domain.dll' because it is being used by another process. The file is locked by: "FreshProduce.Api (12840)" [D:\P.L\Flutter\fresh_produce_app\FreshProduce.Api\FreshProduce.Api.csproj]
         Copying file from "D:\P.L\Flutter\fresh_produce_app\FreshProduce.Infrastructure\bin\Debug\net9.0\FreshProduce.Infrastructure.dll" to "D:\P.L\Flutter\fresh_produce_app\FreshProduce.Api\bin\Debug\net9.0\FreshProduce.Infrastructure.dll".
         Copying file from "D:\P.L\Flutter\fresh_produce_app\FreshProduce.Application\bin\Debug\net9.0\FreshProduce.Application.dll" to "D:\P.L\Flutter\fresh_produce_app\FreshProduce.Api\bin\Debug\net9.0\FreshProduce.Application.dll".
         Copying file from "D:\P.L\Flutter\fresh_produce_app\FreshProduce.Domain\bin\Debug\net9.0\FreshProduce.Domain.dll" to "D:\P.L\Flutter\fresh_produce_app\FreshProduce.Api\bin\Debug\net9.0\FreshProduce.Domain.dll".
   1:7>C:\Program Files\dotnet\sdk\10.0.101\Microsoft.Common.CurrentVersion.targets(5080,5): warning MSB3026: Could not copy "D:\P.L\Flutter\fresh_produce_app\FreshProduce.Infrastructure\bin\Debug\net9.0\FreshProduce.Infrastructure.dll" to "bin\Debug\net9.0\FreshProduce.Infrastructure.dll". Beginning retry 7 in 1000ms. The process cannot access the file 'D:\P.L\Flutter\fresh_produce_app\FreshProduce.Api\bin\Debug\net9.0\FreshProduce.Infrastructure.dll' because it is being used by another process. The file is locked by: "FreshProduce.Api (12840)" [D:\P.L\Flutter\fresh_produce_app\FreshProduce.Api\FreshProduce.Api.csproj]
   1:7>C:\Program Files\dotnet\sdk\10.0.101\Microsoft.Common.CurrentVersion.targets(5080,5): warning MSB3026: Could not copy "D:\P.L\Flutter\fresh_produce_app\FreshProduce.Application\bin\Debug\net9.0\FreshProduce.Application.dll" to "bin\Debug\net9.0\FreshProduce.Application.dll". Beginning retry 7 in 1000ms. The process cannot access the file 'D:\P.L\Flutter\fresh_produce_app\FreshProduce.Api\bin\Debug\net9.0\FreshProduce.Application.dll' because it is being used by another process. The file is locked by: "FreshProduce.Api (12840)" [D:\P.L\Flutter\fresh_produce_app\FreshProduce.Api\FreshProduce.Api.csproj]
   1:7>C:\Program Files\dotnet\sdk\10.0.101\Microsoft.Common.CurrentVersion.targets(5080,5): warning MSB3026: Could not copy "D:\P.L\Flutter\fresh_produce_app\FreshProduce.Domain\bin\Debug\net9.0\FreshProduce.Domain.dll" to "bin\Debug\net9.0\FreshProduce.Domain.dll". Beginning retry 7 in 1000ms. The process cannot access the file 'D:\P.L\Flutter\fresh_produce_app\FreshProduce.Api\bin\Debug\net9.0\FreshProduce.Domain.dll' because it is being used by another process. The file is locked by: "FreshProduce.Api (12840)" [D:\P.L\Flutter\fresh_produce_app\FreshProduce.Api\FreshProduce.Api.csproj]
         Copying file from "D:\P.L\Flutter\fresh_produce_app\FreshProduce.Infrastructure\bin\Debug\net9.0\FreshProduce.Infrastructure.dll" to "D:\P.L\Flutter\fresh_produce_app\FreshProduce.Api\bin\Debug\net9.0\FreshProduce.Infrastructure.dll".
         Copying file from "D:\P.L\Flutter\fresh_produce_app\FreshProduce.Application\bin\Debug\net9.0\FreshProduce.Application.dll" to "D:\P.L\Flutter\fresh_produce_app\FreshProduce.Api\bin\Debug\net9.0\FreshProduce.Application.dll".
         Copying file from "D:\P.L\Flutter\fresh_produce_app\FreshProduce.Domain\bin\Debug\net9.0\FreshProduce.Domain.dll" to "D:\P.L\Flutter\fresh_produce_app\FreshProduce.Api\bin\Debug\net9.0\FreshProduce.Domain.dll".
   1:7>C:\Program Files\dotnet\sdk\10.0.101\Microsoft.Common.CurrentVersion.targets(5080,5): warning MSB3026: Could not copy "D:\P.L\Flutter\fresh_produce_app\FreshProduce.Infrastructure\bin\Debug\net9.0\FreshProduce.Infrastructure.dll" to "bin\Debug\net9.0\FreshProduce.Infrastructure.dll". Beginning retry 8 in 1000ms. The process cannot access the file 'D:\P.L\Flutter\fresh_produce_app\FreshProduce.Api\bin\Debug\net9.0\FreshProduce.Infrastructure.dll' because it is being used by another process. The file is locked by: "FreshProduce.Api (12840)" [D:\P.L\Flutter\fresh_produce_app\FreshProduce.Api\FreshProduce.Api.csproj]
   1:7>C:\Program Files\dotnet\sdk\10.0.101\Microsoft.Common.CurrentVersion.targets(5080,5): warning MSB3026: Could not copy "D:\P.L\Flutter\fresh_produce_app\FreshProduce.Application\bin\Debug\net9.0\FreshProduce.Application.dll" to "bin\Debug\net9.0\FreshProduce.Application.dll". Beginning retry 8 in 1000ms. The process cannot access the file 'D:\P.L\Flutter\fresh_produce_app\FreshProduce.Api\bin\Debug\net9.0\FreshProduce.Application.dll' because it is being used by another process. The file is locked by: "FreshProduce.Api (12840)" [D:\P.L\Flutter\fresh_produce_app\FreshProduce.Api\FreshProduce.Api.csproj]
   1:7>C:\Program Files\dotnet\sdk\10.0.101\Microsoft.Common.CurrentVersion.targets(5080,5): warning MSB3026: Could not copy "D:\P.L\Flutter\fresh_produce_app\FreshProduce.Domain\bin\Debug\net9.0\FreshProduce.Domain.dll" to "bin\Debug\net9.0\FreshProduce.Domain.dll". Beginning retry 8 in 1000ms. The process cannot access the file 'D:\P.L\Flutter\fresh_produce_app\FreshProduce.Api\bin\Debug\net9.0\FreshProduce.Domain.dll' because it is being used by another process. The file is locked by: "FreshProduce.Api (12840)" [D:\P.L\Flutter\fresh_produce_app\FreshProduce.Api\FreshProduce.Api.csproj]
         Copying file from "D:\P.L\Flutter\fresh_produce_app\FreshProduce.Infrastructure\bin\Debug\net9.0\FreshProduce.Infrastructure.dll" to "D:\P.L\Flutter\fresh_produce_app\FreshProduce.Api\bin\Debug\net9.0\FreshProduce.Infrastructure.dll".
         Copying file from "D:\P.L\Flutter\fresh_produce_app\FreshProduce.Application\bin\Debug\net9.0\FreshProduce.Application.dll" to "D:\P.L\Flutter\fresh_produce_app\FreshProduce.Api\bin\Debug\net9.0\FreshProduce.Application.dll".
         Copying file from "D:\P.L\Flutter\fresh_produce_app\FreshProduce.Domain\bin\Debug\net9.0\FreshProduce.Domain.dll" to "D:\P.L\Flutter\fresh_produce_app\FreshProduce.Api\bin\Debug\net9.0\FreshProduce.Domain.dll".
   1:7>C:\Program Files\dotnet\sdk\10.0.101\Microsoft.Common.CurrentVersion.targets(5080,5): warning MSB3026: Could not copy "D:\P.L\Flutter\fresh_produce_app\FreshProduce.Infrastructure\bin\Debug\net9.0\FreshProduce.Infrastructure.dll" to "bin\Debug\net9.0\FreshProduce.Infrastructure.dll". Beginning retry 9 in 1000ms. The process cannot access the file 'D:\P.L\Flutter\fresh_produce_app\FreshProduce.Api\bin\Debug\net9.0\FreshProduce.Infrastructure.dll' because it is being used by another process. The file is locked by: "FreshProduce.Api (12840)" [D:\P.L\Flutter\fresh_produce_app\FreshProduce.Api\FreshProduce.Api.csproj]
   1:7>C:\Program Files\dotnet\sdk\10.0.101\Microsoft.Common.CurrentVersion.targets(5080,5): warning MSB3026: Could not copy "D:\P.L\Flutter\fresh_produce_app\FreshProduce.Application\bin\Debug\net9.0\FreshProduce.Application.dll" to "bin\Debug\net9.0\FreshProduce.Application.dll". Beginning retry 9 in 1000ms. The process cannot access the file 'D:\P.L\Flutter\fresh_produce_app\FreshProduce.Api\bin\Debug\net9.0\FreshProduce.Application.dll' because it is being used by another process. The file is locked by: "FreshProduce.Api (12840)" [D:\P.L\Flutter\fresh_produce_app\FreshProduce.Api\FreshProduce.Api.csproj]
   1:7>C:\Program Files\dotnet\sdk\10.0.101\Microsoft.Common.CurrentVersion.targets(5080,5): warning MSB3026: Could not copy "D:\P.L\Flutter\fresh_produce_app\FreshProduce.Domain\bin\Debug\net9.0\FreshProduce.Domain.dll" to "bin\Debug\net9.0\FreshProduce.Domain.dll". Beginning retry 9 in 1000ms. The process cannot access the file 'D:\P.L\Flutter\fresh_produce_app\FreshProduce.Api\bin\Debug\net9.0\FreshProduce.Domain.dll' because it is being used by another process. The file is locked by: "FreshProduce.Api (12840)" [D:\P.L\Flutter\fresh_produce_app\FreshProduce.Api\FreshProduce.Api.csproj]
         Copying file from "D:\P.L\Flutter\fresh_produce_app\FreshProduce.Infrastructure\bin\Debug\net9.0\FreshProduce.Infrastructure.dll" to "D:\P.L\Flutter\fresh_produce_app\FreshProduce.Api\bin\Debug\net9.0\FreshProduce.Infrastructure.dll".
         Copying file from "D:\P.L\Flutter\fresh_produce_app\FreshProduce.Application\bin\Debug\net9.0\FreshProduce.Application.dll" to "D:\P.L\Flutter\fresh_produce_app\FreshProduce.Api\bin\Debug\net9.0\FreshProduce.Application.dll".
         Copying file from "D:\P.L\Flutter\fresh_produce_app\FreshProduce.Domain\bin\Debug\net9.0\FreshProduce.Domain.dll" to "D:\P.L\Flutter\fresh_produce_app\FreshProduce.Api\bin\Debug\net9.0\FreshProduce.Domain.dll".
   1:7>C:\Program Files\dotnet\sdk\10.0.101\Microsoft.Common.CurrentVersion.targets(5080,5): warning MSB3026: Could not copy "D:\P.L\Flutter\fresh_produce_app\FreshProduce.Infrastructure\bin\Debug\net9.0\FreshProduce.Infrastructure.dll" to "bin\Debug\net9.0\FreshProduce.Infrastructure.dll". Beginning retry 10 in 1000ms. The process cannot access the file 'D:\P.L\Flutter\fresh_produce_app\FreshProduce.Api\bin\Debug\net9.0\FreshProduce.Infrastructure.dll' because it is being used by another process. The file is locked by: "FreshProduce.Api (12840)" [D:\P.L\Flutter\fresh_produce_app\FreshProduce.Api\FreshProduce.Api.csproj]
   1:7>C:\Program Files\dotnet\sdk\10.0.101\Microsoft.Common.CurrentVersion.targets(5080,5): warning MSB3026: Could not copy "D:\P.L\Flutter\fresh_produce_app\FreshProduce.Application\bin\Debug\net9.0\FreshProduce.Application.dll" to "bin\Debug\net9.0\FreshProduce.Application.dll". Beginning retry 10 in 1000ms. The process cannot access the file 'D:\P.L\Flutter\fresh_produce_app\FreshProduce.Api\bin\Debug\net9.0\FreshProduce.Application.dll' because it is being used by another process. The file is locked by: "FreshProduce.Api (12840)" [D:\P.L\Flutter\fresh_produce_app\FreshProduce.Api\FreshProduce.Api.csproj]
   1:7>C:\Program Files\dotnet\sdk\10.0.101\Microsoft.Common.CurrentVersion.targets(5080,5): warning MSB3026: Could not copy "D:\P.L\Flutter\fresh_produce_app\FreshProduce.Domain\bin\Debug\net9.0\FreshProduce.Domain.dll" to "bin\Debug\net9.0\FreshProduce.Domain.dll". Beginning retry 10 in 1000ms. The process cannot access the file 'D:\P.L\Flutter\fresh_produce_app\FreshProduce.Api\bin\Debug\net9.0\FreshProduce.Domain.dll' because it is being used by another process. The file is locked by: "FreshProduce.Api (12840)" [D:\P.L\Flutter\fresh_produce_app\FreshProduce.Api\FreshProduce.Api.csproj]
         Copying file from "D:\P.L\Flutter\fresh_produce_app\FreshProduce.Infrastructure\bin\Debug\net9.0\FreshProduce.Infrastructure.dll" to "D:\P.L\Flutter\fresh_produce_app\FreshProduce.Api\bin\Debug\net9.0\FreshProduce.Infrastructure.dll".
         Copying file from "D:\P.L\Flutter\fresh_produce_app\FreshProduce.Application\bin\Debug\net9.0\FreshProduce.Application.dll" to "D:\P.L\Flutter\fresh_produce_app\FreshProduce.Api\bin\Debug\net9.0\FreshProduce.Application.dll".
         Copying file from "D:\P.L\Flutter\fresh_produce_app\FreshProduce.Domain\bin\Debug\net9.0\FreshProduce.Domain.dll" to "D:\P.L\Flutter\fresh_produce_app\FreshProduce.Api\bin\Debug\net9.0\FreshProduce.Domain.dll".
   1:7>C:\Program Files\dotnet\sdk\10.0.101\Microsoft.Common.CurrentVersion.targets(5080,5): error MSB3027: Could not copy "D:\P.L\Flutter\fresh_produce_app\FreshProduce.Infrastructure\bin\Debug\net9.0\FreshProduce.Infrastructure.dll" to "bin\Debug\net9.0\FreshProduce.Infrastructure.dll". Exceeded retry count of 10. Failed. The file is locked by: "FreshProduce.Api (12840)" [D:\P.L\Flutter\fresh_produce_app\FreshProduce.Api\FreshProduce.Api.csproj]
   1:7>C:\Program Files\dotnet\sdk\10.0.101\Microsoft.Common.CurrentVersion.targets(5080,5): error MSB3021: Unable to copy file "D:\P.L\Flutter\fresh_produce_app\FreshProduce.Infrastructure\bin\Debug\net9.0\FreshProduce.Infrastructure.dll" to "bin\Debug\net9.0\FreshProduce.Infrastructure.dll". The process cannot access the file 'D:\P.L\Flutter\fresh_produce_app\FreshProduce.Api\bin\Debug\net9.0\FreshProduce.Infrastructure.dll' because it is being used by another process. [D:\P.L\Flutter\fresh_produce_app\FreshProduce.Api\FreshProduce.Api.csproj]
   1:7>C:\Program Files\dotnet\sdk\10.0.101\Microsoft.Common.CurrentVersion.targets(5080,5): error MSB3027: Could not copy "D:\P.L\Flutter\fresh_produce_app\FreshProduce.Application\bin\Debug\net9.0\FreshProduce.Application.dll" to "bin\Debug\net9.0\FreshProduce.Application.dll". Exceeded retry count of 10. Failed. The file is locked by: "FreshProduce.Api (12840)" [D:\P.L\Flutter\fresh_produce_app\FreshProduce.Api\FreshProduce.Api.csproj]
   1:7>C:\Program Files\dotnet\sdk\10.0.101\Microsoft.Common.CurrentVersion.targets(5080,5): error MSB3021: Unable to copy file "D:\P.L\Flutter\fresh_produce_app\FreshProduce.Application\bin\Debug\net9.0\FreshProduce.Application.dll" to "bin\Debug\net9.0\FreshProduce.Application.dll". The process cannot access the file 'D:\P.L\Flutter\fresh_produce_app\FreshProduce.Api\bin\Debug\net9.0\FreshProduce.Application.dll' because it is being used by another process. [D:\P.L\Flutter\fresh_produce_app\FreshProduce.Api\FreshProduce.Api.csproj]
   1:7>C:\Program Files\dotnet\sdk\10.0.101\Microsoft.Common.CurrentVersion.targets(5080,5): error MSB3027: Could not copy "D:\P.L\Flutter\fresh_produce_app\FreshProduce.Domain\bin\Debug\net9.0\FreshProduce.Domain.dll" to "bin\Debug\net9.0\FreshProduce.Domain.dll". Exceeded retry count of 10. Failed. The file is locked by: "FreshProduce.Api (12840)" [D:\P.L\Flutter\fresh_produce_app\FreshProduce.Api\FreshProduce.Api.csproj]
   1:7>C:\Program Files\dotnet\sdk\10.0.101\Microsoft.Common.CurrentVersion.targets(5080,5): error MSB3021: Unable to copy file "D:\P.L\Flutter\fresh_produce_app\FreshProduce.Domain\bin\Debug\net9.0\FreshProduce.Domain.dll" to "bin\Debug\net9.0\FreshProduce.Domain.dll". The process cannot access the file 'D:\P.L\Flutter\fresh_produce_app\FreshProduce.Api\bin\Debug\net9.0\FreshProduce.Domain.dll' because it is being used by another process. [D:\P.L\Flutter\fresh_produce_app\FreshProduce.Api\FreshProduce.Api.csproj]
       Done executing task "Copy" -- FAILED.
   1:7>Done building target "_CopyFilesMarkedCopyLocal" in project "FreshProduce.Api.csproj" -- FAILED.
   1:7>Target "_CheckForCompileOutputs" in file "C:\Program Files\dotnet\sdk\10.0.101\Microsoft.Common.CurrentVersion.targets" from project "D:\P.L\Flutter\fresh_produce_app\FreshProduce.Api\FreshProduce.Api.csproj" (target "_CleanGetCurrentAndPriorFileWrites" depends on it):
   1:7>Done building target "_CheckForCompileOutputs" in project "FreshProduce.Api.csproj".
   1:7>Target "_CleanGetCurrentAndPriorFileWrites" in file "C:\Program Files\dotnet\sdk\10.0.101\Microsoft.Common.CurrentVersion.targets" from project "D:\P.L\Flutter\fresh_produce_app\FreshProduce.Api\FreshProduce.Api.csproj" (target "_CleanRecordFileWrites" depends on it):
       Task "ReadLinesFromFile"
       Done executing task "ReadLinesFromFile".
       Task "ConvertToAbsolutePath"
       Done executing task "ConvertToAbsolutePath".
       Task "FindUnderPath"
         Comparison path is "D:\P.L\Flutter\fresh_produce_app\FreshProduce.Api".
       Done executing task "FindUnderPath".
       Task "FindUnderPath"
         Comparison path is "bin\Debug\net9.0\".
       Done executing task "FindUnderPath".
       Task "FindUnderPath"
         Comparison path is "obj\Debug\net9.0\".
       Done executing task "FindUnderPath".
       Task "RemoveDuplicates"
       Done executing task "RemoveDuplicates".
   1:7>Done building target "_CleanGetCurrentAndPriorFileWrites" in project "FreshProduce.Api.csproj".
   1:7>Target "_CleanRecordFileWrites" in file "C:\Program Files\dotnet\sdk\10.0.101\Microsoft.Common.CurrentVersion.targets" from project "D:\P.L\Flutter\fresh_produce_app\FreshProduce.Api\FreshProduce.Api.csproj" (target "CoreBuild" depends on it):
       Task "RemoveDuplicates"
       Done executing task "RemoveDuplicates".
       Task "MakeDir"
       Done executing task "MakeDir".
       Task "WriteLinesToFile"
         Skipping write to file "obj\Debug\net9.0\FreshProduce.Api.csproj.FileListAbsolute.txt" because content would not change.
       Done executing task "WriteLinesToFile".
   1:7>Done building target "_CleanRecordFileWrites" in project "FreshProduce.Api.csproj".
   1:7>Done Building Project "D:\P.L\Flutter\fresh_produce_app\FreshProduce.Api\FreshProduce.Api.csproj" (default targets) -- FAILED.

Build FAILED.

       "D:\P.L\Flutter\fresh_produce_app\FreshProduce.Api\FreshProduce.Api.csproj" (default target) (1:7) ->
       (_CopyFilesMarkedCopyLocal target) -> 
         C:\Program Files\dotnet\sdk\10.0.101\Microsoft.Common.CurrentVersion.targets(5080,5): warning MSB3026: Could not copy "D:\P.L\Flutter\fresh_produce_app\FreshProduce.Infrastructure\bin\Debug\net9.0\FreshProduce.Infrastructure.dll" to "bin\Debug\net9.0\FreshProduce.Infrastructure.dll". Beginning retry 1 in 1000ms. The process cannot access the file 'D:\P.L\Flutter\fresh_produce_app\FreshProduce.Api\bin\Debug\net9.0\FreshProduce.Infrastructure.dll' because it is being used by another process. The file is locked by: "FreshProduce.Api (12840)" [D:\P.L\Flutter\fresh_produce_app\FreshProduce.Api\FreshProduce.Api.csproj]
         C:\Program Files\dotnet\sdk\10.0.101\Microsoft.Common.CurrentVersion.targets(5080,5): warning MSB3026: Could not copy "D:\P.L\Flutter\fresh_produce_app\FreshProduce.Application\bin\Debug\net9.0\FreshProduce.Application.dll" to "bin\Debug\net9.0\FreshProduce.Application.dll". Beginning retry 1 in 1000ms. The process cannot access the file 'D:\P.L\Flutter\fresh_produce_app\FreshProduce.Api\bin\Debug\net9.0\FreshProduce.Application.dll' because it is being used by another process. The file is locked by: "FreshProduce.Api (12840)" [D:\P.L\Flutter\fresh_produce_app\FreshProduce.Api\FreshProduce.Api.csproj]
         C:\Program Files\dotnet\sdk\10.0.101\Microsoft.Common.CurrentVersion.targets(5080,5): warning MSB3026: Could not copy "D:\P.L\Flutter\fresh_produce_app\FreshProduce.Domain\bin\Debug\net9.0\FreshProduce.Domain.dll" to "bin\Debug\net9.0\FreshProduce.Domain.dll". Beginning retry 1 in 1000ms. The process cannot access the file 'D:\P.L\Flutter\fresh_produce_app\FreshProduce.Api\bin\Debug\net9.0\FreshProduce.Domain.dll' because it is being used by another process. The file is locked by: "FreshProduce.Api (12840)" [D:\P.L\Flutter\fresh_produce_app\FreshProduce.Api\FreshProduce.Api.csproj]
         C:\Program Files\dotnet\sdk\10.0.101\Microsoft.Common.CurrentVersion.targets(5080,5): warning MSB3026: Could not copy "D:\P.L\Flutter\fresh_produce_app\FreshProduce.Infrastructure\bin\Debug\net9.0\FreshProduce.Infrastructure.dll" to "bin\Debug\net9.0\FreshProduce.Infrastructure.dll". Beginning retry 2 in 1000ms. The process cannot access the file 'D:\P.L\Flutter\fresh_produce_app\FreshProduce.Api\bin\Debug\net9.0\FreshProduce.Infrastructure.dll' because it is being used by another process. The file is locked by: "FreshProduce.Api (12840)" [D:\P.L\Flutter\fresh_produce_app\FreshProduce.Api\FreshProduce.Api.csproj]
         C:\Program Files\dotnet\sdk\10.0.101\Microsoft.Common.CurrentVersion.targets(5080,5): warning MSB3026: Could not copy "D:\P.L\Flutter\fresh_produce_app\FreshProduce.Application\bin\Debug\net9.0\FreshProduce.Application.dll" to "bin\Debug\net9.0\FreshProduce.Application.dll". Beginning retry 2 in 1000ms. The process cannot access the file 'D:\P.L\Flutter\fresh_produce_app\FreshProduce.Api\bin\Debug\net9.0\FreshProduce.Application.dll' because it is being used by another process. The file is locked by: "FreshProduce.Api (12840)" [D:\P.L\Flutter\fresh_produce_app\FreshProduce.Api\FreshProduce.Api.csproj]
         C:\Program Files\dotnet\sdk\10.0.101\Microsoft.Common.CurrentVersion.targets(5080,5): warning MSB3026: Could not copy "D:\P.L\Flutter\fresh_produce_app\FreshProduce.Domain\bin\Debug\net9.0\FreshProduce.Domain.dll" to "bin\Debug\net9.0\FreshProduce.Domain.dll". Beginning retry 2 in 1000ms. The process cannot access the file 'D:\P.L\Flutter\fresh_produce_app\FreshProduce.Api\bin\Debug\net9.0\FreshProduce.Domain.dll' because it is being used by another process. The file is locked by: "FreshProduce.Api (12840)" [D:\P.L\Flutter\fresh_produce_app\FreshProduce.Api\FreshProduce.Api.csproj]
         C:\Program Files\dotnet\sdk\10.0.101\Microsoft.Common.CurrentVersion.targets(5080,5): warning MSB3026: Could not copy "D:\P.L\Flutter\fresh_produce_app\FreshProduce.Infrastructure\bin\Debug\net9.0\FreshProduce.Infrastructure.dll" to "bin\Debug\net9.0\FreshProduce.Infrastructure.dll". Beginning retry 3 in 1000ms. The process cannot access the file 'D:\P.L\Flutter\fresh_produce_app\FreshProduce.Api\bin\Debug\net9.0\FreshProduce.Infrastructure.dll' because it is being used by another process. The file is locked by: "FreshProduce.Api (12840)" [D:\P.L\Flutter\fresh_produce_app\FreshProduce.Api\FreshProduce.Api.csproj]
         C:\Program Files\dotnet\sdk\10.0.101\Microsoft.Common.CurrentVersion.targets(5080,5): warning MSB3026: Could not copy "D:\P.L\Flutter\fresh_produce_app\FreshProduce.Application\bin\Debug\net9.0\FreshProduce.Application.dll" to "bin\Debug\net9.0\FreshProduce.Application.dll". Beginning retry 3 in 1000ms. The process cannot access the file 'D:\P.L\Flutter\fresh_produce_app\FreshProduce.Api\bin\Debug\net9.0\FreshProduce.Application.dll' because it is being used by another process. The file is locked by: "FreshProduce.Api (12840)" [D:\P.L\Flutter\fresh_produce_app\FreshProduce.Api\FreshProduce.Api.csproj]
         C:\Program Files\dotnet\sdk\10.0.101\Microsoft.Common.CurrentVersion.targets(5080,5): warning MSB3026: Could not copy "D:\P.L\Flutter\fresh_produce_app\FreshProduce.Domain\bin\Debug\net9.0\FreshProduce.Domain.dll" to "bin\Debug\net9.0\FreshProduce.Domain.dll". Beginning retry 3 in 1000ms. The process cannot access the file 'D:\P.L\Flutter\fresh_produce_app\FreshProduce.Api\bin\Debug\net9.0\FreshProduce.Domain.dll' because it is being used by another process. The file is locked by: "FreshProduce.Api (12840)" [D:\P.L\Flutter\fresh_produce_app\FreshProduce.Api\FreshProduce.Api.csproj]
         C:\Program Files\dotnet\sdk\10.0.101\Microsoft.Common.CurrentVersion.targets(5080,5): warning MSB3026: Could not copy "D:\P.L\Flutter\fresh_produce_app\FreshProduce.Infrastructure\bin\Debug\net9.0\FreshProduce.Infrastructure.dll" to "bin\Debug\net9.0\FreshProduce.Infrastructure.dll". Beginning retry 4 in 1000ms. The process cannot access the file 'D:\P.L\Flutter\fresh_produce_app\FreshProduce.Api\bin\Debug\net9.0\FreshProduce.Infrastructure.dll' because it is being used by another process. The file is locked by: "FreshProduce.Api (12840)" [D:\P.L\Flutter\fresh_produce_app\FreshProduce.Api\FreshProduce.Api.csproj]
         C:\Program Files\dotnet\sdk\10.0.101\Microsoft.Common.CurrentVersion.targets(5080,5): warning MSB3026: Could not copy "D:\P.L\Flutter\fresh_produce_app\FreshProduce.Application\bin\Debug\net9.0\FreshProduce.Application.dll" to "bin\Debug\net9.0\FreshProduce.Application.dll". Beginning retry 4 in 1000ms. The process cannot access the file 'D:\P.L\Flutter\fresh_produce_app\FreshProduce.Api\bin\Debug\net9.0\FreshProduce.Application.dll' because it is being used by another process. The file is locked by: "FreshProduce.Api (12840)" [D:\P.L\Flutter\fresh_produce_app\FreshProduce.Api\FreshProduce.Api.csproj]
         C:\Program Files\dotnet\sdk\10.0.101\Microsoft.Common.CurrentVersion.targets(5080,5): warning MSB3026: Could not copy "D:\P.L\Flutter\fresh_produce_app\FreshProduce.Domain\bin\Debug\net9.0\FreshProduce.Domain.dll" to "bin\Debug\net9.0\FreshProduce.Domain.dll". Beginning retry 4 in 1000ms. The process cannot access the file 'D:\P.L\Flutter\fresh_produce_app\FreshProduce.Api\bin\Debug\net9.0\FreshProduce.Domain.dll' because it is being used by another process. The file is locked by: "FreshProduce.Api (12840)" [D:\P.L\Flutter\fresh_produce_app\FreshProduce.Api\FreshProduce.Api.csproj]
         C:\Program Files\dotnet\sdk\10.0.101\Microsoft.Common.CurrentVersion.targets(5080,5): warning MSB3026: Could not copy "D:\P.L\Flutter\fresh_produce_app\FreshProduce.Application\bin\Debug\net9.0\FreshProduce.Application.dll" to "bin\Debug\net9.0\FreshProduce.Application.dll". Beginning retry 5 in 1000ms. The process cannot access the file 'D:\P.L\Flutter\fresh_produce_app\FreshProduce.Api\bin\Debug\net9.0\FreshProduce.Application.dll' because it is being used by another process. The file is locked by: "FreshProduce.Api (12840)" [D:\P.L\Flutter\fresh_produce_app\FreshProduce.Api\FreshProduce.Api.csproj]
         C:\Program Files\dotnet\sdk\10.0.101\Microsoft.Common.CurrentVersion.targets(5080,5): warning MSB3026: Could not copy "D:\P.L\Flutter\fresh_produce_app\FreshProduce.Infrastructure\bin\Debug\net9.0\FreshProduce.Infrastructure.dll" to "bin\Debug\net9.0\FreshProduce.Infrastructure.dll". Beginning retry 5 in 1000ms. The process cannot access the file 'D:\P.L\Flutter\fresh_produce_app\FreshProduce.Api\bin\Debug\net9.0\FreshProduce.Infrastructure.dll' because it is being used by another process. The file is locked by: "FreshProduce.Api (12840)" [D:\P.L\Flutter\fresh_produce_app\FreshProduce.Api\FreshProduce.Api.csproj]
         C:\Program Files\dotnet\sdk\10.0.101\Microsoft.Common.CurrentVersion.targets(5080,5): warning MSB3026: Could not copy "D:\P.L\Flutter\fresh_produce_app\FreshProduce.Domain\bin\Debug\net9.0\FreshProduce.Domain.dll" to "bin\Debug\net9.0\FreshProduce.Domain.dll". Beginning retry 5 in 1000ms. The process cannot access the file 'D:\P.L\Flutter\fresh_produce_app\FreshProduce.Api\bin\Debug\net9.0\FreshProduce.Domain.dll' because it is being used by another process. The file is locked by: "FreshProduce.Api (12840)" [D:\P.L\Flutter\fresh_produce_app\FreshProduce.Api\FreshProduce.Api.csproj]
         C:\Program Files\dotnet\sdk\10.0.101\Microsoft.Common.CurrentVersion.targets(5080,5): warning MSB3026: Could not copy "D:\P.L\Flutter\fresh_produce_app\FreshProduce.Infrastructure\bin\Debug\net9.0\FreshProduce.Infrastructure.dll" to "bin\Debug\net9.0\FreshProduce.Infrastructure.dll". Beginning retry 6 in 1000ms. The process cannot access the file 'D:\P.L\Flutter\fresh_produce_app\FreshProduce.Api\bin\Debug\net9.0\FreshProduce.Infrastructure.dll' because it is being used by another process. The file is locked by: "FreshProduce.Api (12840)" [D:\P.L\Flutter\fresh_produce_app\FreshProduce.Api\FreshProduce.Api.csproj]
         C:\Program Files\dotnet\sdk\10.0.101\Microsoft.Common.CurrentVersion.targets(5080,5): warning MSB3026: Could not copy "D:\P.L\Flutter\fresh_produce_app\FreshProduce.Application\bin\Debug\net9.0\FreshProduce.Application.dll" to "bin\Debug\net9.0\FreshProduce.Application.dll". Beginning retry 6 in 1000ms. The process cannot access the file 'D:\P.L\Flutter\fresh_produce_app\FreshProduce.Api\bin\Debug\net9.0\FreshProduce.Application.dll' because it is being used by another process. The file is locked by: "FreshProduce.Api (12840)" [D:\P.L\Flutter\fresh_produce_app\FreshProduce.Api\FreshProduce.Api.csproj]
         C:\Program Files\dotnet\sdk\10.0.101\Microsoft.Common.CurrentVersion.targets(5080,5): warning MSB3026: Could not copy "D:\P.L\Flutter\fresh_produce_app\FreshProduce.Domain\bin\Debug\net9.0\FreshProduce.Domain.dll" to "bin\Debug\net9.0\FreshProduce.Domain.dll". Beginning retry 6 in 1000ms. The process cannot access the file 'D:\P.L\Flutter\fresh_produce_app\FreshProduce.Api\bin\Debug\net9.0\FreshProduce.Domain.dll' because it is being used by another process. The file is locked by: "FreshProduce.Api (12840)" [D:\P.L\Flutter\fresh_produce_app\FreshProduce.Api\FreshProduce.Api.csproj]
         C:\Program Files\dotnet\sdk\10.0.101\Microsoft.Common.CurrentVersion.targets(5080,5): warning MSB3026: Could not copy "D:\P.L\Flutter\fresh_produce_app\FreshProduce.Infrastructure\bin\Debug\net9.0\FreshProduce.Infrastructure.dll" to "bin\Debug\net9.0\FreshProduce.Infrastructure.dll". Beginning retry 7 in 1000ms. The process cannot access the file 'D:\P.L\Flutter\fresh_produce_app\FreshProduce.Api\bin\Debug\net9.0\FreshProduce.Infrastructure.dll' because it is being used by another process. The file is locked by: "FreshProduce.Api (12840)" [D:\P.L\Flutter\fresh_produce_app\FreshProduce.Api\FreshProduce.Api.csproj]
         C:\Program Files\dotnet\sdk\10.0.101\Microsoft.Common.CurrentVersion.targets(5080,5): warning MSB3026: Could not copy "D:\P.L\Flutter\fresh_produce_app\FreshProduce.Application\bin\Debug\net9.0\FreshProduce.Application.dll" to "bin\Debug\net9.0\FreshProduce.Application.dll". Beginning retry 7 in 1000ms. The process cannot access the file 'D:\P.L\Flutter\fresh_produce_app\FreshProduce.Api\bin\Debug\net9.0\FreshProduce.Application.dll' because it is being used by another process. The file is locked by: "FreshProduce.Api (12840)" [D:\P.L\Flutter\fresh_produce_app\FreshProduce.Api\FreshProduce.Api.csproj]
         C:\Program Files\dotnet\sdk\10.0.101\Microsoft.Common.CurrentVersion.targets(5080,5): warning MSB3026: Could not copy "D:\P.L\Flutter\fresh_produce_app\FreshProduce.Domain\bin\Debug\net9.0\FreshProduce.Domain.dll" to "bin\Debug\net9.0\FreshProduce.Domain.dll". Beginning retry 7 in 1000ms. The process cannot access the file 'D:\P.L\Flutter\fresh_produce_app\FreshProduce.Api\bin\Debug\net9.0\FreshProduce.Domain.dll' because it is being used by another process. The file is locked by: "FreshProduce.Api (12840)" [D:\P.L\Flutter\fresh_produce_app\FreshProduce.Api\FreshProduce.Api.csproj]
         C:\Program Files\dotnet\sdk\10.0.101\Microsoft.Common.CurrentVersion.targets(5080,5): warning MSB3026: Could not copy "D:\P.L\Flutter\fresh_produce_app\FreshProduce.Infrastructure\bin\Debug\net9.0\FreshProduce.Infrastructure.dll" to "bin\Debug\net9.0\FreshProduce.Infrastructure.dll". Beginning retry 8 in 1000ms. The process cannot access the file 'D:\P.L\Flutter\fresh_produce_app\FreshProduce.Api\bin\Debug\net9.0\FreshProduce.Infrastructure.dll' because it is being used by another process. The file is locked by: "FreshProduce.Api (12840)" [D:\P.L\Flutter\fresh_produce_app\FreshProduce.Api\FreshProduce.Api.csproj]
         C:\Program Files\dotnet\sdk\10.0.101\Microsoft.Common.CurrentVersion.targets(5080,5): warning MSB3026: Could not copy "D:\P.L\Flutter\fresh_produce_app\FreshProduce.Application\bin\Debug\net9.0\FreshProduce.Application.dll" to "bin\Debug\net9.0\FreshProduce.Application.dll". Beginning retry 8 in 1000ms. The process cannot access the file 'D:\P.L\Flutter\fresh_produce_app\FreshProduce.Api\bin\Debug\net9.0\FreshProduce.Application.dll' because it is being used by another process. The file is locked by: "FreshProduce.Api (12840)" [D:\P.L\Flutter\fresh_produce_app\FreshProduce.Api\FreshProduce.Api.csproj]
         C:\Program Files\dotnet\sdk\10.0.101\Microsoft.Common.CurrentVersion.targets(5080,5): warning MSB3026: Could not copy "D:\P.L\Flutter\fresh_produce_app\FreshProduce.Domain\bin\Debug\net9.0\FreshProduce.Domain.dll" to "bin\Debug\net9.0\FreshProduce.Domain.dll". Beginning retry 8 in 1000ms. The process cannot access the file 'D:\P.L\Flutter\fresh_produce_app\FreshProduce.Api\bin\Debug\net9.0\FreshProduce.Domain.dll' because it is being used by another process. The file is locked by: "FreshProduce.Api (12840)" [D:\P.L\Flutter\fresh_produce_app\FreshProduce.Api\FreshProduce.Api.csproj]
         C:\Program Files\dotnet\sdk\10.0.101\Microsoft.Common.CurrentVersion.targets(5080,5): warning MSB3026: Could not copy "D:\P.L\Flutter\fresh_produce_app\FreshProduce.Infrastructure\bin\Debug\net9.0\FreshProduce.Infrastructure.dll" to "bin\Debug\net9.0\FreshProduce.Infrastructure.dll". Beginning retry 9 in 1000ms. The process cannot access the file 'D:\P.L\Flutter\fresh_produce_app\FreshProduce.Api\bin\Debug\net9.0\FreshProduce.Infrastructure.dll' because it is being used by another process. The file is locked by: "FreshProduce.Api (12840)" [D:\P.L\Flutter\fresh_produce_app\FreshProduce.Api\FreshProduce.Api.csproj]
         C:\Program Files\dotnet\sdk\10.0.101\Microsoft.Common.CurrentVersion.targets(5080,5): warning MSB3026: Could not copy "D:\P.L\Flutter\fresh_produce_app\FreshProduce.Application\bin\Debug\net9.0\FreshProduce.Application.dll" to "bin\Debug\net9.0\FreshProduce.Application.dll". Beginning retry 9 in 1000ms. The process cannot access the file 'D:\P.L\Flutter\fresh_produce_app\FreshProduce.Api\bin\Debug\net9.0\FreshProduce.Application.dll' because it is being used by another process. The file is locked by: "FreshProduce.Api (12840)" [D:\P.L\Flutter\fresh_produce_app\FreshProduce.Api\FreshProduce.Api.csproj]
         C:\Program Files\dotnet\sdk\10.0.101\Microsoft.Common.CurrentVersion.targets(5080,5): warning MSB3026: Could not copy "D:\P.L\Flutter\fresh_produce_app\FreshProduce.Domain\bin\Debug\net9.0\FreshProduce.Domain.dll" to "bin\Debug\net9.0\FreshProduce.Domain.dll". Beginning retry 9 in 1000ms. The process cannot access the file 'D:\P.L\Flutter\fresh_produce_app\FreshProduce.Api\bin\Debug\net9.0\FreshProduce.Domain.dll' because it is being used by another process. The file is locked by: "FreshProduce.Api (12840)" [D:\P.L\Flutter\fresh_produce_app\FreshProduce.Api\FreshProduce.Api.csproj]
         C:\Program Files\dotnet\sdk\10.0.101\Microsoft.Common.CurrentVersion.targets(5080,5): warning MSB3026: Could not copy "D:\P.L\Flutter\fresh_produce_app\FreshProduce.Infrastructure\bin\Debug\net9.0\FreshProduce.Infrastructure.dll" to "bin\Debug\net9.0\FreshProduce.Infrastructure.dll". Beginning retry 10 in 1000ms. The process cannot access the file 'D:\P.L\Flutter\fresh_produce_app\FreshProduce.Api\bin\Debug\net9.0\FreshProduce.Infrastructure.dll' because it is being used by another process. The file is locked by: "FreshProduce.Api (12840)" [D:\P.L\Flutter\fresh_produce_app\FreshProduce.Api\FreshProduce.Api.csproj]
         C:\Program Files\dotnet\sdk\10.0.101\Microsoft.Common.CurrentVersion.targets(5080,5): warning MSB3026: Could not copy "D:\P.L\Flutter\fresh_produce_app\FreshProduce.Application\bin\Debug\net9.0\FreshProduce.Application.dll" to "bin\Debug\net9.0\FreshProduce.Application.dll". Beginning retry 10 in 1000ms. The process cannot access the file 'D:\P.L\Flutter\fresh_produce_app\FreshProduce.Api\bin\Debug\net9.0\FreshProduce.Application.dll' because it is being used by another process. The file is locked by: "FreshProduce.Api (12840)" [D:\P.L\Flutter\fresh_produce_app\FreshProduce.Api\FreshProduce.Api.csproj]
         C:\Program Files\dotnet\sdk\10.0.101\Microsoft.Common.CurrentVersion.targets(5080,5): warning MSB3026: Could not copy "D:\P.L\Flutter\fresh_produce_app\FreshProduce.Domain\bin\Debug\net9.0\FreshProduce.Domain.dll" to "bin\Debug\net9.0\FreshProduce.Domain.dll". Beginning retry 10 in 1000ms. The process cannot access the file 'D:\P.L\Flutter\fresh_produce_app\FreshProduce.Api\bin\Debug\net9.0\FreshProduce.Domain.dll' because it is being used by another process. The file is locked by: "FreshProduce.Api (12840)" [D:\P.L\Flutter\fresh_produce_app\FreshProduce.Api\FreshProduce.Api.csproj]


       "D:\P.L\Flutter\fresh_produce_app\FreshProduce.Api\FreshProduce.Api.csproj" (default target) (1:7) ->
       (_CopyFilesMarkedCopyLocal target) -> 
         C:\Program Files\dotnet\sdk\10.0.101\Microsoft.Common.CurrentVersion.targets(5080,5): error MSB3027: Could not copy "D:\P.L\Flutter\fresh_produce_app\FreshProduce.Infrastructure\bin\Debug\net9.0\FreshProduce.Infrastructure.dll" to "bin\Debug\net9.0\FreshProduce.Infrastructure.dll". Exceeded retry count of 10. Failed. The file is locked by: "FreshProduce.Api (12840)" [D:\P.L\Flutter\fresh_produce_app\FreshProduce.Api\FreshProduce.Api.csproj]
         C:\Program Files\dotnet\sdk\10.0.101\Microsoft.Common.CurrentVersion.targets(5080,5): error MSB3021: Unable to copy file "D:\P.L\Flutter\fresh_produce_app\FreshProduce.Infrastructure\bin\Debug\net9.0\FreshProduce.Infrastructure.dll" to "bin\Debug\net9.0\FreshProduce.Infrastructure.dll". The process cannot access the file 'D:\P.L\Flutter\fresh_produce_app\FreshProduce.Api\bin\Debug\net9.0\FreshProduce.Infrastructure.dll' because it is being used by another process. [D:\P.L\Flutter\fresh_produce_app\FreshProduce.Api\FreshProduce.Api.csproj]
         C:\Program Files\dotnet\sdk\10.0.101\Microsoft.Common.CurrentVersion.targets(5080,5): error MSB3027: Could not copy "D:\P.L\Flutter\fresh_produce_app\FreshProduce.Application\bin\Debug\net9.0\FreshProduce.Application.dll" to "bin\Debug\net9.0\FreshProduce.Application.dll". Exceeded retry count of 10. Failed. The file is locked by: "FreshProduce.Api (12840)" [D:\P.L\Flutter\fresh_produce_app\FreshProduce.Api\FreshProduce.Api.csproj]
         C:\Program Files\dotnet\sdk\10.0.101\Microsoft.Common.CurrentVersion.targets(5080,5): error MSB3021: Unable to copy file "D:\P.L\Flutter\fresh_produce_app\FreshProduce.Application\bin\Debug\net9.0\FreshProduce.Application.dll" to "bin\Debug\net9.0\FreshProduce.Application.dll". The process cannot access the file 'D:\P.L\Flutter\fresh_produce_app\FreshProduce.Api\bin\Debug\net9.0\FreshProduce.Application.dll' because it is being used by another process. [D:\P.L\Flutter\fresh_produce_app\FreshProduce.Api\FreshProduce.Api.csproj]
         C:\Program Files\dotnet\sdk\10.0.101\Microsoft.Common.CurrentVersion.targets(5080,5): error MSB3027: Could not copy "D:\P.L\Flutter\fresh_produce_app\FreshProduce.Domain\bin\Debug\net9.0\FreshProduce.Domain.dll" to "bin\Debug\net9.0\FreshProduce.Domain.dll". Exceeded retry count of 10. Failed. The file is locked by: "FreshProduce.Api (12840)" [D:\P.L\Flutter\fresh_produce_app\FreshProduce.Api\FreshProduce.Api.csproj]
         C:\Program Files\dotnet\sdk\10.0.101\Microsoft.Common.CurrentVersion.targets(5080,5): error MSB3021: Unable to copy file "D:\P.L\Flutter\fresh_produce_app\FreshProduce.Domain\bin\Debug\net9.0\FreshProduce.Domain.dll" to "bin\Debug\net9.0\FreshProduce.Domain.dll". The process cannot access the file 'D:\P.L\Flutter\fresh_produce_app\FreshProduce.Api\bin\Debug\net9.0\FreshProduce.Domain.dll' because it is being used by another process. [D:\P.L\Flutter\fresh_produce_app\FreshProduce.Api\FreshProduce.Api.csproj]

    30 Warning(s)
    6 Error(s)

Time Elapsed 00:00:13.38
